
[1m[46m RUN [49m[22m [36mv4.1.0 [39m[90m/Users/colinbarrett-fox/Projects/new-components/amplify-homework-supply[39m

[90mstdout[2m | test/storybook/smoke-test-all-stories.test.ts
[22m[39m✓ Loaded .env.test

[90mstdout[2m | test/integration/grade-tracking.test.ts
[22m[39m✓ Loaded .env.test

[90mstdout[2m | test/performance/concurrent-users.test.ts
[22m[39m✓ Loaded .env.test

[90mstdout[2m | test/performance/datastore-sync.test.ts
[22m[39m✓ Loaded .env.test

[90mstdout[2m | test/integration/file-manager.test.ts
[22m[39m✓ Loaded .env.test

[90mstdout[2m | .github/skills/docblock-backfill/test/docblock-backfill.test.ts
[22m[39m✓ Loaded .env.test

[90mstdout[2m | test/integration/question-editor.test.ts
[22m[39m✓ Loaded .env.test

[90mstdout[2m | src/components/PeerReview/__tests__/PeerReview.test.tsx
[22m[39m✓ Loaded .env.test

[90mstdout[2m | amplify/functions/__tests__/section.integration.test.ts
[22m[39m✓ Loaded .env.test

[90mstdout[2m | test/integration/dictionary-editor.test.ts
[22m[39m✓ Loaded .env.test

[90mstdout[2m | test/integration/api.test.ts
[22m[39m✓ Loaded .env.test

[90mstdout[2m | src/components/DebugPanel/__tests__/DebugPanel.test.tsx
[22m[39m✓ Loaded .env.test

[90mstdout[2m | test/agent-permissions.test.ts
[22m[39m✓ Loaded .env.test

[90mstdout[2m | test/integration/section-management.test.ts
[22m[39m✓ Loaded .env.test

[90mstdout[2m | test/integration/lambda.test.ts
[22m[39m✓ Loaded .env.test

 [31m❯[39m [30m[42m unit [49m[39m test/integration/grade-tracking.test.ts [2m([22m[2m0 test[22m[2m)[22m
 [31m❯[39m [30m[42m unit [49m[39m test/integration/dictionary-editor.test.ts [2m([22m[2m0 test[22m[2m)[22m
 [31m❯[39m [30m[42m unit [49m[39m test/integration/question-editor.test.ts [2m([22m[2m0 test[22m[2m)[22m
 [31m❯[39m [30m[42m unit [49m[39m test/storybook/smoke-test-all-stories.test.ts [2m([22m[2m0 test[22m[2m)[22m
 [31m❯[39m [30m[42m unit [49m[39m test/integration/file-manager.test.ts [2m([22m[2m0 test[22m[2m)[22m
 [31m❯[39m [30m[42m unit [49m[39m test/integration/section-management.test.ts [2m([22m[2m0 test[22m[2m)[22m
 [31m❯[39m [30m[42m unit [49m[39m test/agent-permissions.test.ts [2m([22m[2m0 test[22m[2m)[22m
[90mstdout[2m | src/hooks/useYjsUnit.test.ts
[22m[39m✓ Loaded .env.test

[90mstdout[2m | src/components/PeerReview/__tests__/PeerReviewJoinFlow.test.tsx
[22m[39m✓ Loaded .env.test

[90mstdout[2m | src/components/DebugPanel/__tests__/StateInspector.test.tsx
[22m[39m✓ Loaded .env.test

[90mstdout[2m | src/components/DebugPanel/__tests__/LogViewer.test.tsx
[22m[39m✓ Loaded .env.test

[90mstdout[2m | src/components/Gamification/__tests__/Gamification.test.tsx
[22m[39m✓ Loaded .env.test

[90mstdout[2m | src/components/Leaderboard/__tests__/Leaderboard.test.tsx
[22m[39m✓ Loaded .env.test

[90mstdout[2m | src/components/DebugPanel/__tests__/ComponentTreeView.test.tsx
[22m[39m✓ Loaded .env.test

[90mstderr[2m | src/hooks/useYjsUnit.test.ts[2m > [22m[2museYjsUnit Hook[2m > [22m[2mInitial Load[2m > [22m[2mshould start in loading state
[22m[39mWarning: An update to TestComponent inside a test was not wrapped in act(...).

When testing, code that causes React state updates should be wrapped into act(...):

act(() => {
  /* fire events that update state */
});
/* assert on the output */

This ensures that you're testing the behavior the user would see in the browser. Learn more at https://reactjs.org/link/wrap-tests-with-act
    at TestComponent (/Users/colinbarrett-fox/Projects/new-components/amplify-homework-supply/node_modules/@testing-library/react/dist/@testing-library/react.esm.js:447:5)
Warning: An update to TestComponent inside a test was not wrapped in act(...).

When testing, code that causes React state updates should be wrapped into act(...):

act(() => {
  /* fire events that update state */
});
/* assert on the output */

This ensures that you're testing the behavior the user would see in the browser. Learn more at https://reactjs.org/link/wrap-tests-with-act
    at TestComponent (/Users/colinbarrett-fox/Projects/new-components/amplify-homework-supply/node_modules/@testing-library/react/dist/@testing-library/react.esm.js:447:5)

[90mstderr[2m | src/hooks/useYjsUnit.test.ts[2m > [22m[2museYjsUnit Hook[2m > [22m[2mInitial Load[2m > [22m[2mshould handle unit not found
[22m[39m[useYjsUnit] Failed to load unit: Error: Unit unit-1 not found
    at loadUnit [90m(/Users/colinbarrett-fox/Projects/new-components/amplify-homework-supply/[39msrc/hooks/useYjsUnit.ts:87:17[90m)[39m

[90mstderr[2m | src/hooks/useYjsUnit.test.ts[2m > [22m[2museYjsUnit Hook[2m > [22m[2mInitial Load[2m > [22m[2mshould handle load errors
[22m[39m[useYjsUnit] Failed to load unit: Error: Network error
    at [90m/Users/colinbarrett-fox/Projects/new-components/amplify-homework-supply/[39msrc/hooks/useYjsUnit.test.ts:161:25
    at [90mfile:///Users/colinbarrett-fox/Projects/new-components/amplify-homework-supply/[39mnode_modules/[4m@vitest/runner[24m/dist/index.js:296:11
    at [90mfile:///Users/colinbarrett-fox/Projects/new-components/amplify-homework-supply/[39mnode_modules/[4m@vitest/runner[24m/dist/index.js:1258:26
    at [90mfile:///Users/colinbarrett-fox/Projects/new-components/amplify-homework-supply/[39mnode_modules/[4m@vitest/runner[24m/dist/index.js:1681:20
    at new Promise (<anonymous>)
    at runWithCancel [90m(file:///Users/colinbarrett-fox/Projects/new-components/amplify-homework-supply/[39mnode_modules/[4m@vitest/runner[24m/dist/index.js:1678:10[90m)[39m
    at [90mfile:///Users/colinbarrett-fox/Projects/new-components/amplify-homework-supply/[39mnode_modules/[4m@vitest/runner[24m/dist/index.js:1660:20
    at new Promise (<anonymous>)
    at runWithTimeout [90m(file:///Users/colinbarrett-fox/Projects/new-components/amplify-homework-supply/[39mnode_modules/[4m@vitest/runner[24m/dist/index.js:1627:10[90m)[39m
    at [90mfile:///Users/colinbarrett-fox/Projects/new-components/amplify-homework-supply/[39mnode_modules/[4m@vitest/runner[24m/dist/index.js:2309:64

[90mstderr[2m | src/hooks/useYjsUnit.test.ts[2m > [22m[2museYjsUnit Hook[2m > [22m[2mProvider Initialization[2m > [22m[2mshould initialize provider with correct docName
[22m[39mWarning: An update to TestComponent inside a test was not wrapped in act(...).

When testing, code that causes React state updates should be wrapped into act(...):

act(() => {
  /* fire events that update state */
});
/* assert on the output */

This ensures that you're testing the behavior the user would see in the browser. Learn more at https://reactjs.org/link/wrap-tests-with-act
    at TestComponent (/Users/colinbarrett-fox/Projects/new-components/amplify-homework-supply/node_modules/@testing-library/react/dist/@testing-library/react.esm.js:447:5)
Warning: An update to TestComponent inside a test was not wrapped in act(...).

When testing, code that causes React state updates should be wrapped into act(...):

act(() => {
  /* fire events that update state */
});
/* assert on the output */

This ensures that you're testing the behavior the user would see in the browser. Learn more at https://reactjs.org/link/wrap-tests-with-act
    at TestComponent (/Users/colinbarrett-fox/Projects/new-components/amplify-homework-supply/node_modules/@testing-library/react/dist/@testing-library/react.esm.js:447:5)

[90mstderr[2m | src/hooks/useYjsUnit.test.ts[2m > [22m[2museYjsUnit Hook[2m > [22m[2mProvider Initialization[2m > [22m[2mshould respect enableWebSocket option
[22m[39mWarning: An update to TestComponent inside a test was not wrapped in act(...).

When testing, code that causes React state updates should be wrapped into act(...):

act(() => {
  /* fire events that update state */
});
/* assert on the output */

This ensures that you're testing the behavior the user would see in the browser. Learn more at https://reactjs.org/link/wrap-tests-with-act
    at TestComponent (/Users/colinbarrett-fox/Projects/new-components/amplify-homework-supply/node_modules/@testing-library/react/dist/@testing-library/react.esm.js:447:5)
Warning: An update to TestComponent inside a test was not wrapped in act(...).

When testing, code that causes React state updates should be wrapped into act(...):

act(() => {
  /* fire events that update state */
});
/* assert on the output */

This ensures that you're testing the behavior the user would see in the browser. Learn more at https://reactjs.org/link/wrap-tests-with-act
    at TestComponent (/Users/colinbarrett-fox/Projects/new-components/amplify-homework-supply/node_modules/@testing-library/react/dist/@testing-library/react.esm.js:447:5)

[90mstderr[2m | src/hooks/useYjsUnit.test.ts[2m > [22m[2museYjsUnit Hook[2m > [22m[2mProvider Initialization[2m > [22m[2mshould respect enablePersistence option
[22m[39mWarning: An update to TestComponent inside a test was not wrapped in act(...).

When testing, code that causes React state updates should be wrapped into act(...):

act(() => {
  /* fire events that update state */
});
/* assert on the output */

This ensures that you're testing the behavior the user would see in the browser. Learn more at https://reactjs.org/link/wrap-tests-with-act
    at TestComponent (/Users/colinbarrett-fox/Projects/new-components/amplify-homework-supply/node_modules/@testing-library/react/dist/@testing-library/react.esm.js:447:5)
Warning: An update to TestComponent inside a test was not wrapped in act(...).

When testing, code that causes React state updates should be wrapped into act(...):

act(() => {
  /* fire events that update state */
});
/* assert on the output */

This ensures that you're testing the behavior the user would see in the browser. Learn more at https://reactjs.org/link/wrap-tests-with-act
    at TestComponent (/Users/colinbarrett-fox/Projects/new-components/amplify-homework-supply/node_modules/@testing-library/react/dist/@testing-library/react.esm.js:447:5)

 [31m❯[39m [30m[42m unit [49m[39m .github/skills/docblock-backfill/test/docblock-backfill.test.ts [2m([22m[2m0 test[22m[2m)[22m
 [32m✓[39m [30m[42m unit [49m[39m src/hooks/useYjsUnit.test.ts [2m([22m[2m24 tests[22m[2m)[22m[33m 1031[2mms[22m[39m
 [32m✓[39m [30m[42m unit [49m[39m src/components/PeerReview/__tests__/PeerReview.test.tsx [2m([22m[2m16 tests[22m[2m)[22m[33m 492[2mms[22m[39m
[90mstdout[2m | amplify/functions/__tests__/chatStream.integration.test.ts
[22m[39m✓ Loaded .env.test

[90mstderr[2m | src/components/DebugPanel/__tests__/StateInspector.test.tsx[2m > [22m[2mStateInspector[2m > [22m[2mrenders all sections
[22m[39mWarning: validateDOMNesting(...): <button> cannot appear as a descendant of <button>.
    at button
    at /Users/colinbarrett-fox/Projects/new-components/amplify-homework-supply/node_modules/@emotion/react/dist/emotion-element-e8f4cc37.development.cjs.js:60:23
    at ButtonBase (file:///Users/colinbarrett-fox/Projects/new-components/amplify-homework-supply/node_modules/@mui/material/esm/ButtonBase/ButtonBase.js:83:17)
    at /Users/colinbarrett-fox/Projects/new-components/amplify-homework-supply/node_modules/@emotion/react/dist/emotion-element-e8f4cc37.development.cjs.js:60:23
    at IconButton (file:///Users/colinbarrett-fox/Projects/new-components/amplify-homework-supply/node_modules/@mui/material/esm/IconButton/IconButton.js:177:17)
    at div
    at /Users/colinbarrett-fox/Projects/new-components/amplify-homework-supply/node_modules/@emotion/react/dist/emotion-element-e8f4cc37.development.cjs.js:60:23
    at Grid (file:///Users/colinbarrett-fox/Projects/new-components/amplify-homework-supply/node_modules/@mui/system/esm/Stack/createStack.js:137:24)
    at span
    at /Users/colinbarrett-fox/Projects/new-components/amplify-homework-supply/node_modules/@emotion/react/dist/emotion-element-e8f4cc37.development.cjs.js:60:23
    at button
    at /Users/colinbarrett-fox/Projects/new-components/amplify-homework-supply/node_modules/@emotion/react/dist/emotion-element-e8f4cc37.development.cjs.js:60:23
    at ButtonBase (file:///Users/colinbarrett-fox/Projects/new-components/amplify-homework-supply/node_modules/@mui/material/esm/ButtonBase/ButtonBase.js:83:17)
    at /Users/colinbarrett-fox/Projects/new-components/amplify-homework-supply/node_modules/@emotion/react/dist/emotion-element-e8f4cc37.development.cjs.js:60:23
    at AccordionSummary (file:///Users/colinbarrett-fox/Projects/new-components/amplify-homework-supply/node_modules/@mui/material/esm/AccordionSummary/AccordionSummary.js:103:17)
    at h3
    at /Users/colinbarrett-fox/Projects/new-components/amplify-homework-supply/node_modules/@emotion/react/dist/emotion-element-e8f4cc37.development.cjs.js:60:23
    at div
    at /Users/colinbarrett-fox/Projects/new-components/amplify-homework-supply/node_modules/@emotion/react/dist/emotion-element-e8f4cc37.development.cjs.js:60:23
    at Paper (file:///Users/colinbarrett-fox/Projects/new-components/amplify-homework-supply/node_modules/@mui/material/esm/Paper/Paper.js:68:17)
    at /Users/colinbarrett-fox/Projects/new-components/amplify-homework-supply/node_modules/@emotion/react/dist/emotion-element-e8f4cc37.development.cjs.js:60:23
    at Accordion (file:///Users/colinbarrett-fox/Projects/new-components/amplify-homework-supply/node_modules/@mui/material/esm/Accordion/Accordion.js:133:17)
    at div
    at /Users/colinbarrett-fox/Projects/new-components/amplify-homework-supply/node_modules/@emotion/react/dist/emotion-element-e8f4cc37.development.cjs.js:60:23
    at Box (file:///Users/colinbarrett-fox/Projects/new-components/amplify-homework-supply/node_modules/@mui/system/esm/createBox/createBox.js:20:19)
    at StateInspector (/Users/colinbarrett-fox/Projects/new-components/amplify-homework-supply/src/components/DebugPanel/StateInspector.tsx:28:27)

 [32m✓[39m [30m[42m unit [49m[39m amplify/functions/__tests__/chatStream.integration.test.ts [2m([22m[2m3 tests[22m[2m)[22m[33m 327[2mms[22m[39m
     [33m[2m✓[22m[39m should handle missing authorization header [33m 314[2mms[22m[39m
[90mstdout[2m | .github/skills/storybook-validation/test/validate-mocks.test.ts
[22m[39m✓ Loaded .env.test

[90mstdout[2m | src/yjs/__tests__/WorkbookCollaboration.test.ts
[22m[39m✓ Loaded .env.test

 [32m✓[39m [30m[42m unit [49m[39m src/components/DebugPanel/__tests__/StateInspector.test.tsx [2m([22m[2m9 tests[22m[2m)[22m[33m 856[2mms[22m[39m
[90mstdout[2m | unknown test
[22m[39m[MOCK authContext.js] Module loaded - Re-exporting production AuthContext
[90mstdout[2m | unknown test
[22m[39m[Mock Data] Initialized stores: {
  "Document": 3,
  "File": 6,
  "ParsedContent": 3,
}
[90mstdout[2m | unknown test
[22m[39m[MOCK vectorStoreDB.js] Module loaded - mock IndexedDB operations
 [32m✓[39m [30m[42m unit [49m[39m src/components/PeerReview/__tests__/PeerReviewJoinFlow.test.tsx [2m([22m[2m12 tests[22m[2m)[22m[33m 690[2mms[22m[39m
 [32m✓[39m [30m[42m unit [49m[39m src/components/Leaderboard/__tests__/Leaderboard.test.tsx [2m([22m[2m9 tests[22m[2m)[22m[33m 462[2mms[22m[39m
[90mstderr[2m | src/yjs/__tests__/WorkbookCollaboration.test.ts[2m > [22m[2museWorkbookCollaboration hook[2m > [22m[2mupdates block data
[22m[39m[YjsProvider] Failed to setup WebSocket for workbook-test-grade: TypeError: Cannot read properties of undefined (reading 'length')
    at new WebsocketProvider [90m(file:///Users/colinbarrett-fox/Projects/new-components/amplify-homework-supply/[39mnode_modules/[4my-websocket[24m/src/y-websocket.js:282:32[90m)[39m
    at WorkbookCollaborationProvider.setupWebSocket [90m(/Users/colinbarrett-fox/Projects/new-components/amplify-homework-supply/[39msrc/yjs/YjsProvider.ts:61:25[90m)[39m
    at new YjsDocProvider [90m(/Users/colinbarrett-fox/Projects/new-components/amplify-homework-supply/[39msrc/yjs/YjsProvider.ts:55:12[90m)[39m
    at new WorkbookCollaborationProvider [90m(/Users/colinbarrett-fox/Projects/new-components/amplify-homework-supply/[39msrc/yjs/WorkbookCollaborationProvider.ts:131:5[90m)[39m
    at [90m/Users/colinbarrett-fox/Projects/new-components/amplify-homework-supply/[39msrc/yjs/workbookHooks.ts:121:22
    at commitHookEffectListMount [90m(/Users/colinbarrett-fox/Projects/new-components/amplify-homework-supply/[39mnode_modules/[4mreact-dom[24m/cjs/react-dom.development.js:23189:26[90m)[39m
    at commitPassiveMountOnFiber [90m(/Users/colinbarrett-fox/Projects/new-components/amplify-homework-supply/[39mnode_modules/[4mreact-dom[24m/cjs/react-dom.development.js:24970:11[90m)[39m
    at commitPassiveMountEffects_complete [90m(/Users/colinbarrett-fox/Projects/new-components/amplify-homework-supply/[39mnode_modules/[4mreact-dom[24m/cjs/react-dom.development.js:24930:9[90m)[39m
    at commitPassiveMountEffects_begin [90m(/Users/colinbarrett-fox/Projects/new-components/amplify-homework-supply/[39mnode_modules/[4mreact-dom[24m/cjs/react-dom.development.js:24917:7[90m)[39m
    at commitPassiveMountEffects [90m(/Users/colinbarrett-fox/Projects/new-components/amplify-homework-supply/[39mnode_modules/[4mreact-dom[24m/cjs/react-dom.development.js:24905:3[90m)[39m

[90mstderr[2m | src/yjs/__tests__/WorkbookCollaboration.test.ts[2m > [22m[2museWorkbookCollaboration hook[2m > [22m[2mtracks tutor presence
[22m[39m[YjsProvider] Failed to setup WebSocket for workbook-test-grade: TypeError: Cannot read properties of undefined (reading 'length')
    at new WebsocketProvider [90m(file:///Users/colinbarrett-fox/Projects/new-components/amplify-homework-supply/[39mnode_modules/[4my-websocket[24m/src/y-websocket.js:282:32[90m)[39m
    at WorkbookCollaborationProvider.setupWebSocket [90m(/Users/colinbarrett-fox/Projects/new-components/amplify-homework-supply/[39msrc/yjs/YjsProvider.ts:61:25[90m)[39m
    at new YjsDocProvider [90m(/Users/colinbarrett-fox/Projects/new-components/amplify-homework-supply/[39msrc/yjs/YjsProvider.ts:55:12[90m)[39m
    at new WorkbookCollaborationProvider [90m(/Users/colinbarrett-fox/Projects/new-components/amplify-homework-supply/[39msrc/yjs/WorkbookCollaborationProvider.ts:131:5[90m)[39m
    at [90m/Users/colinbarrett-fox/Projects/new-components/amplify-homework-supply/[39msrc/yjs/workbookHooks.ts:121:22
    at commitHookEffectListMount [90m(/Users/colinbarrett-fox/Projects/new-components/amplify-homework-supply/[39mnode_modules/[4mreact-dom[24m/cjs/react-dom.development.js:23189:26[90m)[39m
    at commitPassiveMountOnFiber [90m(/Users/colinbarrett-fox/Projects/new-components/amplify-homework-supply/[39mnode_modules/[4mreact-dom[24m/cjs/react-dom.development.js:24970:11[90m)[39m
    at commitPassiveMountEffects_complete [90m(/Users/colinbarrett-fox/Projects/new-components/amplify-homework-supply/[39mnode_modules/[4mreact-dom[24m/cjs/react-dom.development.js:24930:9[90m)[39m
    at commitPassiveMountEffects_begin [90m(/Users/colinbarrett-fox/Projects/new-components/amplify-homework-supply/[39mnode_modules/[4mreact-dom[24m/cjs/react-dom.development.js:24917:7[90m)[39m
    at commitPassiveMountEffects [90m(/Users/colinbarrett-fox/Projects/new-components/amplify-homework-supply/[39mnode_modules/[4mreact-dom[24m/cjs/react-dom.development.js:24905:3[90m)[39m

 [32m✓[39m [30m[42m unit [49m[39m src/components/Gamification/__tests__/Gamification.test.tsx [2m([22m[2m16 tests[22m[2m)[22m[33m 485[2mms[22m[39m
 [32m✓[39m [30m[42m unit [49m[39m src/yjs/__tests__/WorkbookCollaboration.test.ts [2m([22m[2m27 tests[22m[2m)[22m[32m 220[2mms[22m[39m
 [32m✓[39m [30m[42m unit [49m[39m src/components/DebugPanel/__tests__/ComponentTreeView.test.tsx [2m([22m[2m9 tests[22m[2m)[22m[33m 754[2mms[22m[39m
 [32m✓[39m [30m[42m unit [49m[39m .github/skills/storybook-validation/test/validate-mocks.test.ts [2m([22m[2m26 tests[22m[2m)[22m[33m 339[2mms[22m[39m
[90mstdout[2m | unknown test
[22m[39m🌐 i18next is made possible by our own product, Locize — consider powering your project with managed localization (AI, CDN, integrations): https://locize.com 💙
[90mstdout[2m | unknown test
[22m[39m[i18next] Language changed to: en
 [32m✓[39m [30m[42m unit [49m[39m src/components/DebugPanel/__tests__/LogViewer.test.tsx [2m([22m[2m14 tests[22m[2m)[22m[33m 1561[2mms[22m[39m
 [32m✓[39m [30m[42m unit [49m[39m src/components/DebugPanel/__tests__/DebugPanel.test.tsx [2m([22m[2m11 tests[22m[2m)[22m[33m 1122[2mms[22m[39m
 [31m❯[39m [30m[42m unit [49m[39m test/performance/concurrent-users.test.ts [2m([22m[2m6 tests[22m[2m | [22m[33m6 skipped[39m[2m)[22m[33m 6279[2mms[22m[39m
       [2m[90m↓[39m[22m handles 5 concurrent grade submissions within performance threshold
       [2m[90m↓[39m[22m handles 10 concurrent grade submissions with graceful degradation
       [2m[90m↓[39m[22m handles concurrent section queries efficiently
       [2m[90m↓[39m[22m handles concurrent unit fetches with relationships
       [2m[90m↓[39m[22m handles mixed read/write operations concurrently
       [2m[90m↓[39m[22m measures and reports average query latency
[90mstdout[2m | unknown test
[22m[39m[Task Completion] DOM action listeners initialized
[90mstdout[2m | unknown test
[22m[39m[Task Completion] Auto-completion detector initialized
[90mstdout[2m | unknown test
[22m[39m[Preview] Task completion detector initialized
[90mstdout[2m | amplify/functions/__tests__/contentCompletionStream.integration.test.ts
[22m[39m✓ Loaded .env.test

[90mstdout[2m | src/yjs/__tests__/BlockHistory.test.ts
[22m[39m✓ Loaded .env.test

[90mstdout[2m | test/storybook/validate-mocks.test.ts
[22m[39m✓ Loaded .env.test

[90mstdout[2m | src/yjs/__tests__/WorkbookPresenceBar.test.ts
[22m[39m✓ Loaded .env.test

[90mstdout[2m | test/performance/yjs-collaboration.test.ts
[22m[39m✓ Loaded .env.test

[90mstdout[2m | test/integration/multi-user-collaboration.test.ts
[22m[39m✓ Loaded .env.test

[90mstdout[2m | src/yjs/__tests__/WorkbookComments.test.ts
[22m[39m✓ Loaded .env.test

[90mstdout[2m | src/utils/debug/__tests__/DebugLogger.test.ts
[22m[39m✓ Loaded .env.test

 [32m✓[39m [30m[42m unit [49m[39m amplify/functions/__tests__/contentCompletionStream.integration.test.ts [2m([22m[2m5 tests[22m[2m)[22m[32m 182[2mms[22m[39m
[90mstderr[2m | src/utils/debug/__tests__/DebugLogger.test.ts[2m > [22m[2mDebugLogger[2m > [22m[2mconsole interception[2m > [22m[2mshould capture console.error messages
[22m[39mError message

[90mstderr[2m | src/utils/debug/__tests__/DebugLogger.test.ts[2m > [22m[2mDebugLogger[2m > [22m[2mconsole interception[2m > [22m[2mshould capture stack trace for error messages
[22m[39mError message with stack

[90mstderr[2m | src/utils/debug/__tests__/DebugLogger.test.ts[2m > [22m[2mDebugLogger[2m > [22m[2mgetLogs filtering[2m > [22m[2mshould return all logs when no filter provided
[22m[39mError message

[90mstderr[2m | src/utils/debug/__tests__/DebugLogger.test.ts[2m > [22m[2mDebugLogger[2m > [22m[2mgetLogs filtering[2m > [22m[2mshould filter by log level
[22m[39mError message

[90mstderr[2m | src/utils/debug/__tests__/DebugLogger.test.ts[2m > [22m[2mDebugLogger[2m > [22m[2mgetLogs filtering[2m > [22m[2mshould filter by search term
[22m[39mError message

[90mstderr[2m | src/utils/debug/__tests__/DebugLogger.test.ts[2m > [22m[2mDebugLogger[2m > [22m[2mgetLogs filtering[2m > [22m[2mshould filter by timestamp (since)
[22m[39mError message

[90mstderr[2m | src/utils/debug/__tests__/DebugLogger.test.ts[2m > [22m[2mDebugLogger[2m > [22m[2mgetLogs filtering[2m > [22m[2mshould combine multiple filters
[22m[39mError message

[90mstderr[2m | src/utils/debug/__tests__/DebugLogger.test.ts[2m > [22m[2mDebugLogger[2m > [22m[2mgetLogs filtering[2m > [22m[2mshould return empty array when no logs match filter
[22m[39mError message

[90mstderr[2m | src/utils/debug/__tests__/DebugLogger.test.ts[2m > [22m[2mDebugLogger[2m > [22m[2mexportJSON[2m > [22m[2mshould include all log entries in export
[22m[39mError

 [32m✓[39m [30m[42m unit [49m[39m src/yjs/__tests__/BlockHistory.test.ts [2m([22m[2m9 tests[22m[2m)[22m[32m 99[2mms[22m[39m
[90mstderr[2m | src/yjs/__tests__/WorkbookPresenceBar.test.ts[2m > [22m[2mWorkbook Presence[2m > [22m[2museBlockEditors[2m > [22m[2mreturns empty array when no other users
[22m[39mWarning: An update to TestComponent inside a test was not wrapped in act(...).

When testing, code that causes React state updates should be wrapped into act(...):

act(() => {
  /* fire events that update state */
});
/* assert on the output */

This ensures that you're testing the behavior the user would see in the browser. Learn more at https://reactjs.org/link/wrap-tests-with-act
    at TestComponent (/Users/colinbarrett-fox/Projects/new-components/amplify-homework-supply/node_modules/@testing-library/react/dist/@testing-library/react.esm.js:447:5)

 [32m✓[39m [30m[42m unit [49m[39m test/performance/yjs-collaboration.test.ts [2m([22m[2m12 tests[22m[2m)[22m[32m 95[2mms[22m[39m
[90mstderr[2m | src/utils/debug/__tests__/DebugLogger.test.ts[2m > [22m[2mDebugLogger[2m > [22m[2medge cases[2m > [22m[2mshould handle logging errors
[22m[39mError: Test error
    at [90m/Users/colinbarrett-fox/Projects/new-components/amplify-homework-supply/[39msrc/utils/debug/__tests__/DebugLogger.test.ts:309:21
    at [90mfile:///Users/colinbarrett-fox/Projects/new-components/amplify-homework-supply/[39mnode_modules/[4m@vitest/runner[24m/dist/index.js:296:11
    at [90mfile:///Users/colinbarrett-fox/Projects/new-components/amplify-homework-supply/[39mnode_modules/[4m@vitest/runner[24m/dist/index.js:1258:26
    at [90mfile:///Users/colinbarrett-fox/Projects/new-components/amplify-homework-supply/[39mnode_modules/[4m@vitest/runner[24m/dist/index.js:1681:20
    at new Promise (<anonymous>)
    at runWithCancel [90m(file:///Users/colinbarrett-fox/Projects/new-components/amplify-homework-supply/[39mnode_modules/[4m@vitest/runner[24m/dist/index.js:1678:10[90m)[39m
    at [90mfile:///Users/colinbarrett-fox/Projects/new-components/amplify-homework-supply/[39mnode_modules/[4m@vitest/runner[24m/dist/index.js:1660:20
    at new Promise (<anonymous>)
    at runWithTimeout [90m(file:///Users/colinbarrett-fox/Projects/new-components/amplify-homework-supply/[39mnode_modules/[4m@vitest/runner[24m/dist/index.js:1627:10[90m)[39m
    at [90mfile:///Users/colinbarrett-fox/Projects/new-components/amplify-homework-supply/[39mnode_modules/[4m@vitest/runner[24m/dist/index.js:2309:64

[90mstderr[2m | src/yjs/__tests__/WorkbookPresenceBar.test.ts[2m > [22m[2mWorkbook Presence[2m > [22m[2museBlockEditors[2m > [22m[2mexcludes the local client
[22m[39mWarning: An update to TestComponent inside a test was not wrapped in act(...).

When testing, code that causes React state updates should be wrapped into act(...):

act(() => {
  /* fire events that update state */
});
/* assert on the output */

This ensures that you're testing the behavior the user would see in the browser. Learn more at https://reactjs.org/link/wrap-tests-with-act
    at TestComponent (/Users/colinbarrett-fox/Projects/new-components/amplify-homework-supply/node_modules/@testing-library/react/dist/@testing-library/react.esm.js:447:5)

 [32m✓[39m [30m[42m unit [49m[39m src/utils/debug/__tests__/DebugLogger.test.ts [2m([22m[2m29 tests[22m[2m)[22m[32m 94[2mms[22m[39m
 [32m✓[39m [30m[42m unit [49m[39m src/yjs/__tests__/WorkbookPresenceBar.test.ts [2m([22m[2m11 tests[22m[2m)[22m[32m 123[2mms[22m[39m
 [32m✓[39m [30m[42m unit [49m[39m test/storybook/validate-mocks.test.ts [2m([22m[2m26 tests[22m[2m)[22m[32m 154[2mms[22m[39m
 [32m✓[39m [30m[42m unit [49m[39m src/yjs/__tests__/WorkbookComments.test.ts [2m([22m[2m12 tests[22m[2m)[22m[32m 129[2mms[22m[39m
 [32m✓[39m [30m[42m unit [49m[39m test/integration/multi-user-collaboration.test.ts [2m([22m[2m19 tests[22m[2m)[22m[32m 159[2mms[22m[39m
POST https://9rnyd5u620.execute-api.us-east-1.amazonaws.com//chat 500 (Internal Server Error)
[90mstdout[2m | src/yjs/__tests__/PeerReviewRoomProvider.test.ts
[22m[39m✓ Loaded .env.test

[90mstdout[2m | src/yjs/__tests__/peerReviewHooks.test.ts
[22m[39m✓ Loaded .env.test

[90mstdout[2m | src/yjs/__tests__/YjsProvider.test.ts
[22m[39m✓ Loaded .env.test

 [32m✓[39m [30m[42m unit [49m[39m src/yjs/__tests__/PeerReviewRoomProvider.test.ts [2m([22m[2m16 tests[22m[2m)[22m[32m 71[2mms[22m[39m
[90mstderr[2m | src/yjs/__tests__/peerReviewHooks.test.ts[2m > [22m[2mPeer Review Hooks[2m > [22m[2museRoomPeers[2m > [22m[2mreturns empty array when no other users
[22m[39mWarning: An update to TestComponent inside a test was not wrapped in act(...).

When testing, code that causes React state updates should be wrapped into act(...):

act(() => {
  /* fire events that update state */
});
/* assert on the output */

This ensures that you're testing the behavior the user would see in the browser. Learn more at https://reactjs.org/link/wrap-tests-with-act
    at TestComponent (/Users/colinbarrett-fox/Projects/new-components/amplify-homework-supply/node_modules/@testing-library/react/dist/@testing-library/react.esm.js:447:5)

[90mstderr[2m | src/yjs/__tests__/peerReviewHooks.test.ts[2m > [22m[2mPeer Review Hooks[2m > [22m[2museRoomPeers[2m > [22m[2mexcludes self from peer list
[22m[39mWarning: An update to TestComponent inside a test was not wrapped in act(...).

When testing, code that causes React state updates should be wrapped into act(...):

act(() => {
  /* fire events that update state */
});
/* assert on the output */

This ensures that you're testing the behavior the user would see in the browser. Learn more at https://reactjs.org/link/wrap-tests-with-act
    at TestComponent (/Users/colinbarrett-fox/Projects/new-components/amplify-homework-supply/node_modules/@testing-library/react/dist/@testing-library/react.esm.js:447:5)

[90mstderr[2m | src/yjs/__tests__/peerReviewHooks.test.ts[2m > [22m[2mPeer Review Hooks[2m > [22m[2museRoomPeers[2m > [22m[2mupdates when a peer connects
[22m[39mWarning: An update to TestComponent inside a test was not wrapped in act(...).

When testing, code that causes React state updates should be wrapped into act(...):

act(() => {
  /* fire events that update state */
});
/* assert on the output */

This ensures that you're testing the behavior the user would see in the browser. Learn more at https://reactjs.org/link/wrap-tests-with-act
    at TestComponent (/Users/colinbarrett-fox/Projects/new-components/amplify-homework-supply/node_modules/@testing-library/react/dist/@testing-library/react.esm.js:447:5)

 [32m✓[39m [30m[42m unit [49m[39m src/yjs/__tests__/peerReviewHooks.test.ts [2m([22m[2m8 tests[22m[2m)[22m[32m 137[2mms[22m[39m
 [32m✓[39m [30m[42m unit [49m[39m src/yjs/__tests__/YjsProvider.test.ts [2m([22m[2m21 tests[22m[2m)[22m[32m 104[2mms[22m[39m
POST https://9rnyd5u620.execute-api.us-east-1.amazonaws.com//chat 500 (Internal Server Error)
[90mstdout[2m | src/utils/__tests__/streakCalculation.test.ts
[22m[39m✓ Loaded .env.test

[90mstdout[2m | .github/skills/mock-data-validator/mock-data-validator.test.ts
[22m[39m✓ Loaded .env.test

[90mstdout[2m | amplify/functions/__tests__/gamification-xpAward.test.ts
[22m[39m✓ Loaded .env.test

[90mstdout[2m | amplify/functions/__tests__/peerReviewAI.test.ts
[22m[39m✓ Loaded .env.test

[90mstdout[2m | src/utils/debug/__tests__/ComponentTreeStore.test.ts
[22m[39m✓ Loaded .env.test

[90mstdout[2m | .github/skills/storybook-validation/storybook-validation.test.ts
[22m[39m✓ Loaded .env.test

[90mstdout[2m | src/utils/__tests__/recordingStudioPresets.test.ts
[22m[39m✓ Loaded .env.test

 [32m✓[39m [30m[42m unit [49m[39m src/utils/__tests__/streakCalculation.test.ts [2m([22m[2m21 tests[22m[2m)[22m[32m 74[2mms[22m[39m
[90mstderr[2m | amplify/functions/__tests__/peerReviewAI.test.ts[2m > [22m[2mpeerReviewAI handler[2m > [22m[2mshould throw on unknown fieldName
[22m[39m[peerReviewAI] unknownOp error: Error: Unknown operation: unknownOp
    at handler [90m(/Users/colinbarrett-fox/Projects/new-components/amplify-homework-supply/[39mamplify/functions/peerReviewAI/handler.ts:123:15[90m)[39m
    at [90m/Users/colinbarrett-fox/Projects/new-components/amplify-homework-supply/[39mamplify/functions/__tests__/peerReviewAI.test.ts:39:7
[90m    at processTicksAndRejections (node:internal/process/task_queues:95:5)[39m
    at [90mfile:///Users/colinbarrett-fox/Projects/new-components/amplify-homework-supply/[39mnode_modules/[4m@vitest/runner[24m/dist/index.js:1258:20

 [32m✓[39m [30m[42m unit [49m[39m .github/skills/mock-data-validator/mock-data-validator.test.ts [2m([22m[2m15 tests[22m[2m)[22m[32m 72[2mms[22m[39m
 [32m✓[39m [30m[42m unit [49m[39m amplify/functions/__tests__/peerReviewAI.test.ts [2m([22m[2m4 tests[22m[2m)[22m[32m 84[2mms[22m[39m
[90mstderr[2m | amplify/functions/__tests__/gamification-xpAward.test.ts[2m > [22m[2mgamification handler — awardXP[2m > [22m[2mshould throw on unknown operation
[22m[39m[gamification] unknownOp error: Error: Unknown operation: unknownOp
    at handler [90m(/Users/colinbarrett-fox/Projects/new-components/amplify-homework-supply/[39mamplify/functions/gamification/handler.ts:256:15[90m)[39m
    at [90m/Users/colinbarrett-fox/Projects/new-components/amplify-homework-supply/[39mamplify/functions/__tests__/gamification-xpAward.test.ts:34:7
[90m    at processTicksAndRejections (node:internal/process/task_queues:95:5)[39m
    at [90mfile:///Users/colinbarrett-fox/Projects/new-components/amplify-homework-supply/[39mnode_modules/[4m@vitest/runner[24m/dist/index.js:1258:20

[90mstderr[2m | amplify/functions/__tests__/gamification-xpAward.test.ts[2m > [22m[2mgamification handler — awardXP[2m > [22m[2mshould reject invalid XP reason
[22m[39m[gamification] awardXP error: Error: Invalid XP reason: INVALID
    at handleAwardXP [90m(/Users/colinbarrett-fox/Projects/new-components/amplify-homework-supply/[39mamplify/functions/gamification/handler.ts:275:24[90m)[39m
    at handler [90m(/Users/colinbarrett-fox/Projects/new-components/amplify-homework-supply/[39mamplify/functions/gamification/handler.ts:244:22[90m)[39m
    at [90m/Users/colinbarrett-fox/Projects/new-components/amplify-homework-supply/[39mamplify/functions/__tests__/gamification-xpAward.test.ts:41:7
[90m    at processTicksAndRejections (node:internal/process/task_queues:95:5)[39m
    at [90mfile:///Users/colinbarrett-fox/Projects/new-components/amplify-homework-supply/[39mnode_modules/[4m@vitest/runner[24m/dist/index.js:1258:20

 [32m✓[39m [30m[42m unit [49m[39m amplify/functions/__tests__/gamification-xpAward.test.ts [2m([22m[2m5 tests[22m[2m)[22m[32m 126[2mms[22m[39m
 [32m✓[39m [30m[42m unit [49m[39m src/utils/__tests__/recordingStudioPresets.test.ts [2m([22m[2m15 tests[22m[2m)[22m[32m 49[2mms[22m[39m
 [32m✓[39m [30m[42m unit [49m[39m .github/skills/storybook-validation/storybook-validation.test.ts [2m([22m[2m45 tests[22m[2m)[22m[32m 48[2mms[22m[39m
[90mstdout[2m | .github/skills/semantic-file-search/semantic-file-search.test.ts
[22m[39m✓ Loaded .env.test

 [32m✓[39m [30m[42m unit [49m[39m src/utils/debug/__tests__/ComponentTreeStore.test.ts [2m([22m[2m27 tests[22m[2m)[22m[32m 58[2mms[22m[39m
 [32m✓[39m [30m[42m unit [49m[39m .github/skills/semantic-file-search/semantic-file-search.test.ts [2m([22m[2m35 tests[22m[2m)[22m[32m 63[2mms[22m[39m
POST https://9rnyd5u620.execute-api.us-east-1.amazonaws.com//chat 500 (Internal Server Error)
[90mstderr[2m | test/integration/lambda.test.ts[2m > [22m[2mC. Lambda Handler Integration Tests[2m > [22m[2mC1. Chat Stream Handler[2m > [22m[2mSend chat message with streaming response
[22m[39mChat stream error: {
  name: [32m'UnknownError'[39m,
  message: [32m'Unknown error'[39m,
  statusCode: [33m500[39m,
  body: [32m'{"error":"Internal server error"}'[39m,
  stack: [32m'UnknownError: Unknown error\n'[39m +
    [32m'    at buildRestApiError (file:///Users/colinbarrett-fox/Projects/new-components/amplify-homework-supply/node_modules/@aws-amplify/api-rest/dist/esm/utils/serviceError.mjs:86:26)\n'[39m +
    [32m'    at parseRestApiServiceError (file:///Users/colinbarrett-fox/Projects/new-components/amplify-homework-supply/node_modules/@aws-amplify/api-rest/dist/esm/utils/serviceError.mjs:23:16)\n'[39m +
    [32m'    at processTicksAndRejections (node:internal/process/task_queues:95:5)\n'[39m +
    [32m'    at job (file:///Users/colinbarrett-fox/Projects/new-components/amplify-homework-supply/node_modules/@aws-amplify/api-rest/dist/esm/utils/createCancellableOperation.mjs:28:23)\n'[39m +
    [32m'    at /Users/colinbarrett-fox/Projects/new-components/amplify-homework-supply/test/integration/lambda.test.ts:103:26\n'[39m +
    [32m'    at file:///Users/colinbarrett-fox/Projects/new-components/amplify-homework-supply/node_modules/@vitest/runner/dist/index.js:1258:20'[39m
}

[90mstdout[2m | src/utils/debug/__tests__/sanitizeComponentData.test.ts
[22m[39m✓ Loaded .env.test

[90mstdout[2m | .github/skills/component-versioning/component-versioning.test.ts
[22m[39m✓ Loaded .env.test

 [32m✓[39m [30m[42m unit [49m[39m src/utils/debug/__tests__/sanitizeComponentData.test.ts [2m([22m[2m16 tests[22m[2m)[22m[32m 31[2mms[22m[39m
 [32m✓[39m [30m[42m unit [49m[39m .github/skills/component-versioning/component-versioning.test.ts [2m([22m[2m13 tests[22m[2m)[22m[32m 54[2mms[22m[39m
[90mstdout[2m | amplify/functions/__tests__/gamification-streakCron.test.ts
[22m[39m✓ Loaded .env.test

 [32m✓[39m [30m[42m unit [49m[39m amplify/functions/__tests__/gamification-streakCron.test.ts [2m([22m[2m4 tests[22m[2m)[22m[32m 50[2mms[22m[39m
[90mstdout[2m | amplify/functions/__tests__/suggestBlocksStream.integration.test.ts
[22m[39m✓ Loaded .env.test

[90mstdout[2m | amplify/functions/__tests__/gamification-badgeCheck.test.ts
[22m[39m✓ Loaded .env.test

[90mstdout[2m | src/utils/__tests__/memoryParser.test.ts
[22m[39m✓ Loaded .env.test

 [32m✓[39m [30m[42m unit [49m[39m amplify/functions/__tests__/suggestBlocksStream.integration.test.ts [2m([22m[2m8 tests[22m[2m)[22m[32m 64[2mms[22m[39m
 [32m✓[39m [30m[42m unit [49m[39m amplify/functions/__tests__/gamification-badgeCheck.test.ts [2m([22m[2m3 tests[22m[2m)[22m[32m 38[2mms[22m[39m
[90mstdout[2m | amplify/functions/__tests__/gamification-leaderboard.test.ts
[22m[39m✓ Loaded .env.test

[90mstdout[2m | src/components/Editor3/plugins/__tests__/ToolBarPlugin.shortcuts.test.ts
[22m[39m✓ Loaded .env.test

[90mstdout[2m | amplify/functions/__tests__/gamification-studentMemory.test.ts
[22m[39m✓ Loaded .env.test

[90mstdout[2m | src/utils/__tests__/xpCalculation.test.ts
[22m[39m✓ Loaded .env.test

 [32m✓[39m [30m[42m unit [49m[39m src/utils/__tests__/memoryParser.test.ts [2m([22m[2m17 tests[22m[2m)[22m[32m 25[2mms[22m[39m
[90mstdout[2m | src/utils/__tests__/nailedItParser.test.ts
[22m[39m✓ Loaded .env.test

 [32m✓[39m [30m[42m unit [49m[39m amplify/functions/__tests__/gamification-studentMemory.test.ts [2m([22m[2m2 tests[22m[2m)[22m[32m 24[2mms[22m[39m
 [32m✓[39m [30m[42m unit [49m[39m src/utils/__tests__/xpCalculation.test.ts [2m([22m[2m25 tests[22m[2m)[22m[32m 22[2mms[22m[39m
 [32m✓[39m [30m[42m unit [49m[39m amplify/functions/__tests__/gamification-leaderboard.test.ts [2m([22m[2m2 tests[22m[2m)[22m[32m 25[2mms[22m[39m
 [32m✓[39m [30m[42m unit [49m[39m src/utils/__tests__/nailedItParser.test.ts [2m([22m[2m11 tests[22m[2m)[22m[32m 17[2mms[22m[39m
 [32m✓[39m [30m[42m unit [49m[39m src/components/Editor3/plugins/__tests__/ToolBarPlugin.shortcuts.test.ts [2m([22m[2m29 tests[22m[2m)[22m[32m 24[2mms[22m[39m
[90mstdout[2m | src/components/Editor3/utils/__tests__/keyboardUtils.test.ts
[22m[39m✓ Loaded .env.test

[90mstdout[2m | src/utils/__tests__/aiMentionParser.test.ts
[22m[39m✓ Loaded .env.test

 [32m✓[39m [30m[42m unit [49m[39m src/components/Editor3/utils/__tests__/keyboardUtils.test.ts [2m([22m[2m21 tests[22m[2m)[22m[32m 15[2mms[22m[39m
 [32m✓[39m [30m[42m unit [49m[39m src/utils/__tests__/aiMentionParser.test.ts [2m([22m[2m16 tests[22m[2m)[22m[32m 13[2mms[22m[39m
[90mstdout[2m | src/utils/__tests__/leaderboardPrivacy.test.ts
[22m[39m✓ Loaded .env.test

 [32m✓[39m [30m[42m unit [49m[39m src/utils/__tests__/leaderboardPrivacy.test.ts [2m([22m[2m6 tests[22m[2m)[22m[32m 9[2mms[22m[39m
[90mstdout[2m | src/components/MainToolbar.stories.jsx[2m > [22m[2mFull Toolbar
[22m[39m[Mock Data] Clearing all data stores
[90mstdout[2m | src/components/MainToolbar.stories.jsx[2m > [22m[2mFull Toolbar
[22m[39m[Mock Data] All data stores cleared
[90mstdout[2m | src/components/MainToolbar.stories.jsx[2m > [22m[2mFull Toolbar
[22m[39m[Preview] Cleared mock data for story
[90mstdout[2m | src/components/MainToolbar.stories.jsx[2m > [22m[2mFull Toolbar
[22m[39m[Mock Data Gen 2] Initializing mock data
[90mstdout[2m | src/components/MainToolbar.stories.jsx[2m > [22m[2mFull Toolbar
[22m[39m[Mock Data] seedMockAssistantChats: Replacing with 1 assistant chats
[90mstdout[2m | src/components/MainToolbar.stories.jsx[2m > [22m[2mFull Toolbar
[22m[39m[Mock Data Gen 2] Seeded AssistantChat: mock-assistant-chat-1
[90mstdout[2m | src/components/MainToolbar.stories.jsx[2m > [22m[2mFull Toolbar
[22m[39m[Mock Data] seedMockFiles: Adding 6 files
[90mstdout[2m | src/components/MainToolbar.stories.jsx[2m > [22m[2mFull Toolbar
[22m[39m[Mock Data Gen 2] Seeded Files: 6
[90mstdout[2m | src/components/MainToolbar.stories.jsx[2m > [22m[2mFull Toolbar
[22m[39m[Mock Data Gen 2] Initializing mock data
[90mstdout[2m | src/components/MainToolbar.stories.jsx[2m > [22m[2mFull Toolbar
[22m[39m[Mock Data] seedMockAssistantChats: Replacing with 1 assistant chats
[90mstdout[2m | src/components/MainToolbar.stories.jsx[2m > [22m[2mFull Toolbar
[22m[39m[Mock Data Gen 2] Seeded AssistantChat: mock-assistant-chat-1
[90mstdout[2m | src/components/MainToolbar.stories.jsx[2m > [22m[2mFull Toolbar
[22m[39m[Mock Data] seedMockFiles: Adding 6 files
[90mstdout[2m | src/components/MainToolbar.stories.jsx[2m > [22m[2mFull Toolbar
[22m[39m[Mock Data Gen 2] Seeded Files: 6
[90mstdout[2m | src/components/MainToolbar.stories.jsx[2m > [22m[2mFull Toolbar
[22m[39m[Preview] Initialized default mock data for story
[90mstdout[2m | src/components/MainToolbar.stories.jsx[2m > [22m[2mFull Toolbar
[22m[39m[Mock AuthContext] Providing auth: {
  "error": undefined,
  "isLoading": false,
  "session": {
    "idToken": {
      "toString": [Function toString],
    },
    "identityId": "us-east-1:mock-identity-123",
    "username": "mock-user-sub",
  },
  "user": {
    "attributes": {
      "email": "alice@example.com",
      "name": "Alice Student",
      "sub": "mock-user-sub",
    },
  },
}
[90mstdout[2m | src/components/MainToolbar.stories.jsx[2m > [22m[2mFull Toolbar
[22m[39m[Mock Data] generateClient() called - returning mock client
[90mstdout[2m | src/components/MainToolbar.stories.jsx[2m > [22m[2mFull Toolbar
[22m[39m[Mock amplifyClient] getAmplifyClient() called - returning mock client
[90mstdout[2m | src/components/MainToolbar.stories.jsx[2m > [22m[2mFull Toolbar
[22m[39m[MOCK CourseVectorStore] Initialized with mock data
[90mstdout[2m | src/components/MainToolbar.stories.jsx[2m > [22m[2mFull Toolbar
[22m[39m[TranslationModeController] Setting mode to: off
[90mstdout[2m | src/components/MainToolbar.stories.jsx[2m > [22m[2mFull Toolbar
[22m[39m[SectionContext] useEffect triggered {
  "authLoading": false,
  "hasUser": true,
  "userSub": "mock-user-sub",
}
[90mstdout[2m | src/components/MainToolbar.stories.jsx[2m > [22m[2mFull Toolbar
[22m[39m[SectionContext] Fetching sections for userId: mock-user-sub
[90mstdout[2m | src/components/MainToolbar.stories.jsx[2m > [22m[2mFull Toolbar
[22m[39m[Mock Data] generateClient() called - returning mock client
[90mstdout[2m | src/components/MainToolbar.stories.jsx[2m > [22m[2mFull Toolbar
[22m[39m[Mock amplifyClient] getAmplifyClient() called - returning mock client
[90mstdout[2m | src/components/MainToolbar.stories.jsx[2m > [22m[2mFull Toolbar
[22m[39m[Mock Data] Section.list() called with options: undefined
[90mstdout[2m | src/components/MainToolbar.stories.jsx[2m > [22m[2mFull Toolbar
[22m[39m[Mock Data] generateClient() called - returning mock client
[90mstdout[2m | src/components/MainToolbar.stories.jsx[2m > [22m[2mFull Toolbar
[22m[39m[Mock amplifyClient] getAmplifyClient() called - returning mock client
[90mstdout[2m | src/components/MainToolbar.stories.jsx[2m > [22m[2mFull Toolbar
[22m[39m[Mock Data] Assignment.list() called with options: {
  "filter": {
    "unitID": {
      "eq": "mock-unit-id",
    },
  },
}
[90mstdout[2m | src/components/MainToolbar.stories.jsx[2m > [22m[2mFull Toolbar
[22m[39m[Mock Data] generateClient() called - returning mock client
[90mstdout[2m | src/components/MainToolbar.stories.jsx[2m > [22m[2mFull Toolbar
[22m[39m[Mock amplifyClient] getAmplifyClient() called - returning mock client
[90mstdout[2m | src/components/MainToolbar.stories.jsx[2m > [22m[2mFull Toolbar
[22m[39m[Mock Data] Grade.observeQuery() called with filter: {
  "filter": {
    "unitID": {
      "eq": "mock-unit-id",
    },
  },
}
[90mstdout[2m | src/components/MainToolbar.stories.jsx[2m > [22m[2mFull Toolbar
[22m[39m[Mock Data] Grade.observeQuery() applying filter: {
  "unitID": {
    "eq": "mock-unit-id",
  },
}
[90mstdout[2m | src/components/MainToolbar.stories.jsx[2m > [22m[2mFull Toolbar
[22m[39m[Mock Data] Grade.observeQuery() items before filter: 0
[90mstdout[2m | src/components/MainToolbar.stories.jsx[2m > [22m[2mFull Toolbar
[22m[39m[Mock Data] Grade.observeQuery() items after filter: 0
[90mstdout[2m | src/components/MainToolbar.stories.jsx[2m > [22m[2mFull Toolbar
[22m[39m[Mock Data] Grade.observeQuery() returning 0 items (filter applied) {
  "filter": {
    "unitID": {
      "eq": "mock-unit-id",
    },
  },
}
[90mstdout[2m | src/components/MainToolbar.stories.jsx[2m > [22m[2mFull Toolbar
[22m[39m[Mock Data] Grade subscription added. Total subscriptions: 1
[90mstdout[2m | src/components/MainToolbar.stories.jsx[2m > [22m[2mFull Toolbar
[22m[39m[UnitContext] useEffect triggered {
  "authLoading": false,
  "hasUser": true,
  "id": "mock-unit-id",
  "userSub": "mock-user-sub",
}
[90mstdout[2m | src/components/MainToolbar.stories.jsx[2m > [22m[2mFull Toolbar
[22m[39m[UnitContext] Fetching unit data for id: mock-unit-id
[90mstdout[2m | src/components/MainToolbar.stories.jsx[2m > [22m[2mFull Toolbar
[22m[39m[Mock Data] generateClient() called - returning mock client
[90mstdout[2m | src/components/MainToolbar.stories.jsx[2m > [22m[2mFull Toolbar
[22m[39m[Mock amplifyClient] getAmplifyClient() called - returning mock client
[90mstdout[2m | src/components/MainToolbar.stories.jsx[2m > [22m[2mFull Toolbar
[22m[39m[Mock Data] Unit.observeQuery() called with filter: {
  "filter": {
    "id": {
      "eq": "mock-unit-id",
    },
  },
}
[90mstdout[2m | src/components/MainToolbar.stories.jsx[2m > [22m[2mFull Toolbar
[22m[39m[Mock Data] Unit.observeQuery() applying filter: {
  "id": {
    "eq": "mock-unit-id",
  },
}
[90mstdout[2m | src/components/MainToolbar.stories.jsx[2m > [22m[2mFull Toolbar
[22m[39m[Mock Data] Unit.observeQuery() items before filter: 0
[90mstdout[2m | src/components/MainToolbar.stories.jsx[2m > [22m[2mFull Toolbar
[22m[39m[Mock Data] Unit.observeQuery() items after filter: 0
[90mstdout[2m | src/components/MainToolbar.stories.jsx[2m > [22m[2mFull Toolbar
[22m[39m[Mock Data] Unit.observeQuery() returning 0 items (filter applied) {
  "filter": {
    "id": {
      "eq": "mock-unit-id",
    },
  },
}
[90mstdout[2m | src/components/MainToolbar.stories.jsx[2m > [22m[2mFull Toolbar
[22m[39m[Mock Data] Unit subscription added. Total subscriptions: 1
[90mstdout[2m | src/components/MainToolbar.stories.jsx[2m > [22m[2mFull Toolbar
[22m[39m[Mock Data] generateClient() called - returning mock client
[90mstdout[2m | src/components/MainToolbar.stories.jsx[2m > [22m[2mFull Toolbar
[22m[39m[Mock amplifyClient] getAmplifyClient() called - returning mock client
[90mstdout[2m | src/components/MainToolbar.stories.jsx[2m > [22m[2mFull Toolbar
[22m[39m[Mock Data] Word.observeQuery() called with filter: undefined
[90mstdout[2m | src/components/MainToolbar.stories.jsx[2m > [22m[2mFull Toolbar
[22m[39m[Mock Data] Word.observeQuery() returning 0 items (filter applied) undefined
[90mstdout[2m | src/components/MainToolbar.stories.jsx[2m > [22m[2mFull Toolbar
[22m[39m[Mock Data] Word subscription added. Total subscriptions: 1
[90mstdout[2m | src/components/MainToolbar.stories.jsx[2m > [22m[2mFull Toolbar
[22m[39m[Mock Data] generateClient() called - returning mock client
[90mstdout[2m | src/components/MainToolbar.stories.jsx[2m > [22m[2mFull Toolbar
[22m[39m[Mock amplifyClient] getAmplifyClient() called - returning mock client
[90mstdout[2m | src/components/MainToolbar.stories.jsx[2m > [22m[2mFull Toolbar
[22m[39m[Mock Data] Question.observeQuery() called with filter: undefined
[90mstdout[2m | src/components/MainToolbar.stories.jsx[2m > [22m[2mFull Toolbar
[22m[39m[Mock Data] Question.observeQuery() returning 0 items (filter applied) undefined
[90mstdout[2m | src/components/MainToolbar.stories.jsx[2m > [22m[2mFull Toolbar
[22m[39m[Mock Data] Question subscription added. Total subscriptions: 1
[90mstdout[2m | src/components/MainToolbar.stories.jsx[2m > [22m[2mFull Toolbar
[22m[39m[FilesContext] Initializing vector store from IndexedDB
[90mstdout[2m | src/components/MainToolbar.stories.jsx[2m > [22m[2mFull Toolbar
[22m[39m[FilesContext] fetchFiles called
[90mstdout[2m | src/components/MainToolbar.stories.jsx[2m > [22m[2mFull Toolbar
[22m[39m[FilesContext] User authenticated: mock-user-sub
[90mstdout[2m | src/components/MainToolbar.stories.jsx[2m > [22m[2mFull Toolbar
[22m[39m[FilesContext] Identity ID: us-east-1:mock-identity-123
[90mstdout[2m | src/components/MainToolbar.stories.jsx[2m > [22m[2mFull Toolbar
[22m[39m[FilesContext] About to subscribe to File model
[90mstdout[2m | src/components/MainToolbar.stories.jsx[2m > [22m[2mFull Toolbar
[22m[39m[Mock Data] generateClient() called - returning mock client
[90mstdout[2m | src/components/MainToolbar.stories.jsx[2m > [22m[2mFull Toolbar
[22m[39m[Mock amplifyClient] getAmplifyClient() called - returning mock client
[90mstdout[2m | src/components/MainToolbar.stories.jsx[2m > [22m[2mFull Toolbar
[22m[39m[Mock Data] File.observeQuery() called with filter: undefined
[90mstdout[2m | src/components/MainToolbar.stories.jsx[2m > [22m[2mFull Toolbar
[22m[39m[Mock Data] File.observeQuery() returning 6 items (filter applied) undefined
[90mstdout[2m | src/components/MainToolbar.stories.jsx[2m > [22m[2mFull Toolbar
[22m[39m[Mock Data] File subscription added. Total subscriptions: 1
[90mstdout[2m | src/components/MainToolbar.stories.jsx[2m > [22m[2mFull Toolbar
[22m[39m[Mock Data] generateClient() called - returning mock client
[90mstdout[2m | src/components/MainToolbar.stories.jsx[2m > [22m[2mFull Toolbar
[22m[39m[Mock amplifyClient] getAmplifyClient() called - returning mock client
[90mstdout[2m | src/components/MainToolbar.stories.jsx[2m > [22m[2mFull Toolbar
[22m[39m[Mock Data] Document.observeQuery() called with filter: undefined
[90mstdout[2m | src/components/MainToolbar.stories.jsx[2m > [22m[2mFull Toolbar
[22m[39m[Mock Data] Document.observeQuery() returning 0 items (filter applied) undefined
[90mstdout[2m | src/components/MainToolbar.stories.jsx[2m > [22m[2mFull Toolbar
[22m[39m[Mock Data] Document subscription added. Total subscriptions: 1
[90mstdout[2m | src/components/MainToolbar.stories.jsx[2m > [22m[2mFull Toolbar
[22m[39m[ChatContext] Setting up observeQuery for AssistantChat
[90mstdout[2m | src/components/MainToolbar.stories.jsx[2m > [22m[2mFull Toolbar
[22m[39m[Mock Data] AssistantChat.observeQuery() called with filter: {
  "sortDirection": "DESC",
  "sortField": "createdAt",
}
[90mstdout[2m | src/components/MainToolbar.stories.jsx[2m > [22m[2mFull Toolbar
[22m[39m[Mock Data] AssistantChat.observeQuery() returning 1 items (filter applied) {
  "sortDirection": "DESC",
  "sortField": "createdAt",
}
[90mstdout[2m | src/components/MainToolbar.stories.jsx[2m > [22m[2mFull Toolbar
[22m[39m[Mock Data] AssistantChat subscription added. Total subscriptions: 1
[90mstdout[2m | src/components/MainToolbar.stories.jsx[2m > [22m[2mFull Toolbar
[22m[39m[ChatContext] Waiting for subscription to initialize
[90mstdout[2m | src/components/MainToolbar.stories.jsx[2m > [22m[2mFull Toolbar
[22m[39m[SettingsContext] Setting up Settings subscription for user: mock-user-sub
[90mstdout[2m | src/components/MainToolbar.stories.jsx[2m > [22m[2mFull Toolbar
[22m[39m[Mock Data] generateClient() called - returning mock client
[90mstdout[2m | src/components/MainToolbar.stories.jsx[2m > [22m[2mFull Toolbar
[22m[39m[Mock amplifyClient] getAmplifyClient() called - returning mock client
[90mstdout[2m | src/components/MainToolbar.stories.jsx[2m > [22m[2mFull Toolbar
[22m[39m[Mock Data] Settings.observeQuery() called with filter: undefined
[90mstdout[2m | src/components/MainToolbar.stories.jsx[2m > [22m[2mFull Toolbar
[22m[39m[Mock Data] Settings.observeQuery() returning 0 items (filter applied) undefined
[90mstdout[2m | src/components/MainToolbar.stories.jsx[2m > [22m[2mFull Toolbar
[22m[39m[Mock Data] Settings subscription added. Total subscriptions: 1
[90mstdout[2m | src/components/MainToolbar.stories.jsx[2m > [22m[2mFull Toolbar
[22m[39m[SectionContext] Initial sections: 0 []
[90mstdout[2m | src/components/MainToolbar.stories.jsx[2m > [22m[2mFull Toolbar
[22m[39m[Mock Data] Section.onCreate() called with filter: undefined
[90mstdout[2m | src/components/MainToolbar.stories.jsx[2m > [22m[2mFull Toolbar
[22m[39m[Mock Data] Section.onCreate() subscription added. Total: 1
[90mstdout[2m | src/components/MainToolbar.stories.jsx[2m > [22m[2mFull Toolbar
[22m[39m[Mock Data] Section.onUpdate() called with filter: undefined
[90mstdout[2m | src/components/MainToolbar.stories.jsx[2m > [22m[2mFull Toolbar
[22m[39m[Mock Data] Section.onUpdate() subscription added. Total: 1
[90mstdout[2m | src/components/MainToolbar.stories.jsx[2m > [22m[2mFull Toolbar
[22m[39m[Mock Data] Section.onDelete() called with filter: undefined
[90mstdout[2m | src/components/MainToolbar.stories.jsx[2m > [22m[2mFull Toolbar
[22m[39m[Mock Data] Section.onDelete() subscription added. Total: 1
[90mstdout[2m | src/components/MainToolbar.stories.jsx[2m > [22m[2mFull Toolbar
[22m[39m[Mock Data] Assignment.onCreate() called with filter: {
  "filter": {
    "unitID": {
      "eq": "mock-unit-id",
    },
  },
}
[90mstdout[2m | src/components/MainToolbar.stories.jsx[2m > [22m[2mFull Toolbar
[22m[39m[Mock Data] Assignment.onCreate() subscription added. Total: 1
[90mstdout[2m | src/components/MainToolbar.stories.jsx[2m > [22m[2mFull Toolbar
[22m[39m[Mock Data] Assignment.onUpdate() called with filter: {
  "filter": {
    "unitID": {
      "eq": "mock-unit-id",
    },
  },
}
[90mstdout[2m | src/components/MainToolbar.stories.jsx[2m > [22m[2mFull Toolbar
[22m[39m[Mock Data] Assignment.onUpdate() subscription added. Total: 1
[90mstdout[2m | src/components/MainToolbar.stories.jsx[2m > [22m[2mFull Toolbar
[22m[39m[Mock Data] Assignment.onDelete() called with filter: {
  "filter": {
    "unitID": {
      "eq": "mock-unit-id",
    },
  },
}
[90mstdout[2m | src/components/MainToolbar.stories.jsx[2m > [22m[2mFull Toolbar
[22m[39m[Mock Data] Assignment.onDelete() subscription added. Total: 1
[90mstdout[2m | src/components/MainToolbar.stories.jsx[2m > [22m[2mSettings Menu Only
[22m[39m[FilesContext] File observeQuery subscription triggered:
[90mstdout[2m | src/components/MainToolbar.stories.jsx[2m > [22m[2mSettings Menu Only
[22m[39m  - items.length: 6
[90mstdout[2m | src/components/MainToolbar.stories.jsx[2m > [22m[2mSettings Menu Only
[22m[39m  - isSynced: true
[90mstdout[2m | src/components/MainToolbar.stories.jsx[2m > [22m[2mSettings Menu Only
[22m[39m  - items: [
  {
    "_deleted": null,
    "_lastChangedAt": 1767711773285,
    "_version": 1,
    "byHex": null,
    "createdAt": "2026-01-06T15:02:53.253Z",
    "description": "Japanese language textbook - Chapter 1",
    "document": Promise {},
    "documentID": "e01017e1-fe7a-4521-b71c-09ec31b18639",
    "duration": null,
    "embedding": null,
    "generated": null,
    "hex": null,
    "id": "a57d7833-5fa7-4cb7-8b7a-ce7c6e10e551",
    "identityId": "us-east-1:b0eadde9-f02c-c71b-17a6-22ffd37d89c8",
    "key": "files/Japanese Wind 1.pdf",
    "level": "protected",
    "mimeType": "application/pdf",
    "model": null,
    "name": "Japanese Wind 1.pdf",
    "owner": "64d81418-7021-701d-9fed-a4c2e0735711",
    "parsedContent": [Function anonymous],
    "parsedContentID": null,
    "path": "files/Japanese Wind 1.pdf",
    "prompt": null,
    "size": 4706654,
    "thumbnail": null,
    "type": "pdf",
    "updatedAt": "2026-01-06T15:02:53.253Z",
    "variant": null,
    "waveformData": null,
  },
  {
    "_version": 2,
    "createdAt": "2026-01-15T10:00:00.000Z",
    "description": "Sample report with vocabulary",
    "document": Promise {},
    "documentID": "cd824b5b-2c66-41f8-8571-aa6794ff590c",
    "generated": false,
    "id": "mock-pdf-file-2",
    "identityId": "us-east-1:mock-identity",
    "key": "files/report.pdf",
    "level": "protected",
    "mimeType": "application/pdf",
    "name": "report.pdf",
    "owner": "mock-user-id",
    "parsedContent": [Function anonymous],
    "path": "files/report.pdf",
    "size": 123456,
    "type": "pdf",
    "updatedAt": "2026-01-15T10:30:00.000Z",
  },
  {
    "_version": 3,
    "createdAt": "2026-01-14T08:00:00.000Z",
    "description": "Vocabulary lesson PDF with extracted content",
    "document": Promise {},
    "documentID": "mock-document-3",
    "generated": false,
    "id": "mock-pdf-file-3",
    "identityId": "us-east-1:mock-identity",
    "key": "files/vocabulary-lesson.pdf",
    "level": "public",
    "mimeType": "application/pdf",
    "name": "vocabulary-lesson.pdf",
    "owner": "mock-user-id",
    "parsedContent": [Function anonymous],
    "path": "files/vocabulary-lesson.pdf",
    "size": 567890,
    "type": "pdf",
    "updatedAt": "2026-01-14T08:45:00.000Z",
  },
  {
    "_version": 1,
    "createdAt": "2026-01-20T10:00:00.000Z",
    "description": "Sample pronunciation audio",
    "documentID": null,
    "duration": 3.5,
    "generated": true,
    "id": "mock-audio-file-1",
    "identityId": "us-east-1:mock-identity",
    "key": "audio/pronunciation-demo.mp3",
    "level": "public",
    "mimeType": "audio/mpeg",
    "name": "pronunciation-demo.mp3",
    "owner": "mock-user-id",
    "parsedContent": [Function anonymous],
    "path": "/story-mocks/cinematic-designed-sci-fi-whoosh-transition-nexawave-228295.mp3",
    "size": 56789,
    "type": "audio",
    "updatedAt": "2026-01-20T10:00:00.000Z",
    "waveformData": null,
  },
  {
    "_version": 1,
    "createdAt": "2026-01-19T14:30:00.000Z",
    "description": "Lesson introduction audio",
    "documentID": null,
    "duration": 5.2,
    "generated": false,
    "id": "mock-audio-file-2",
    "identityId": "us-east-1:mock-identity",
    "key": "audio/lesson-intro.mp3",
    "level": "public",
    "mimeType": "audio/mpeg",
    "name": "lesson-intro.mp3",
    "owner": "mock-user-id",
    "parsedContent": [Function anonymous],
    "path": "/story-mocks/descent-whoosh-long-cinematic-sound-effect-405921.mp3",
    "size": 87654,
    "type": "audio",
    "updatedAt": "2026-01-19T14:30:00.000Z",
    "waveformData": null,
  },
  {
    "_version": 1,
    "createdAt": "2026-01-18T09:15:00.000Z",
    "description": "Hiragana character chart",
    "documentID": null,
    "generated": false,
    "id": "mock-image-file-1",
    "identityId": "us-east-1:mock-identity",
    "key": "images/hiragana-chart.png",
    "level": "public",
    "mimeType": "image/png",
    "name": "hiragana-chart.png",
    "owner": "mock-user-id",
    "parsedContent": [Function anonymous],
    "path": "images/hiragana-chart.png",
    "size": 234567,
    "thumbnail": "thumbnails/hiragana-chart-thumb.png",
    "type": "image",
    "updatedAt": "2026-01-18T09:15:00.000Z",
  },
]
[90mstdout[2m | src/components/MainToolbar.stories.jsx[2m > [22m[2mSettings Menu Only
[22m[39m[ChatContext] AssistantChat query update: 1 items (synced)
[90mstdout[2m | src/components/MainToolbar.stories.jsx[2m > [22m[2mSettings Menu Only
[22m[39m[ChatContext] First item details: {
  "id": "mock-assistant-chat-1",
  "updatedAt": "2024-01-26T10:15:00.000Z",
}
[90mstdout[2m | src/components/MainToolbar.stories.jsx[2m > [22m[2mSettings Menu Only
[22m[39m[ChatContext] AssistantChat subscription initialized
[90mstdout[2m | src/components/MainToolbar.stories.jsx[2m > [22m[2mSettings Menu Only
[22m[39m[ChatContext] AssistantChat list updated: 1 chats
[90mstdout[2m | src/components/MainToolbar.stories.jsx[2m > [22m[2mSettings Menu Only
[22m[39m[Mock Data] Settings.create() called with: {
  "assistantVoice": "shimmer",
  "autoAnalyzeDocuments": true,
  "defaultAIModel": "gpt-4",
  "documentAnalysisModel": "gpt-4",
  "editorFontSize": 14,
  "editorTheme": "auto",
  "emailNotifications": true,
  "language": "en",
  "webhookNotifications": false,
}
[90mstdout[2m | src/components/MainToolbar.stories.jsx[2m > [22m[2mSettings Menu Only
[22m[39m[Mock Data] Settings created: mock-settings-1776336967865 - notified 1 subscribers
[90mstdout[2m | src/components/MainToolbar.stories.jsx[2m > [22m[2mSettings Menu Only
[22m[39m[ChatContext] Setting initial chat: mock-assistant-chat-1
[90mstdout[2m | src/components/MainToolbar.stories.jsx[2m > [22m[2mSettings Menu Only
[22m[39m[FilesContext] Files count changed: 0 → 6
[90mstdout[2m | src/components/MainToolbar.stories.jsx[2m > [22m[2mSettings Menu Only
[22m[39m[MOCK CourseVectorStore] Initialized with mock data
[90mstdout[2m | src/components/MainToolbar.stories.jsx[2m > [22m[2mSettings Menu Only
[22m[39m[MOCK CourseVectorStore] Initialized with mock data
[90mstdout[2m | src/components/MainToolbar.stories.jsx[2m > [22m[2mSettings Menu Only
[22m[39m[useTranslationWithCapture] t() called: {
  "key": "mainToolbar.menuAttribute",
  "mode": "off",
  "namespace": "common",
  "value": "Menu",
}
[90mstdout[2m | src/components/MainToolbar.stories.jsx[2m > [22m[2mSettings Menu Only
[22m[39m[useTranslationWithCapture] t() called: {
  "key": "mainToolbar.addToSection.title",
  "mode": "off",
  "namespace": "common",
  "value": "Add to Section",
}
[90mstdout[2m | src/components/MainToolbar.stories.jsx[2m > [22m[2mSettings Menu Only
[22m[39m[useTranslationWithCapture] t() called: {
  "key": "common:navigation.home",
  "mode": "off",
  "namespace": "common",
  "value": "Home",
}
[90mstdout[2m | src/components/MainToolbar.stories.jsx[2m > [22m[2mSettings Menu Only
[22m[39m[useTranslationWithCapture] t() called: {
  "key": "common:navigation.sections",
  "mode": "off",
  "namespace": "common",
  "value": "Sections",
}
[90mstdout[2m | src/components/MainToolbar.stories.jsx[2m > [22m[2mSettings Menu Only
[22m[39m[useTranslationWithCapture] t() called: {
  "key": "common:navigation.units",
  "mode": "off",
  "namespace": "common",
  "value": "Units",
}
[90mstdout[2m | src/components/MainToolbar.stories.jsx[2m > [22m[2mSettings Menu Only
[22m[39m[useTranslationWithCapture] t() called: {
  "key": "mainToolbar.addToSection.title",
  "mode": "off",
  "namespace": "common",
  "value": "Add to Section",
}
[90mstdout[2m | src/components/MainToolbar.stories.jsx[2m > [22m[2mSettings Menu Only
[22m[39m[useTranslationWithCapture] t() called: {
  "key": "mainToolbar.addToSection.description",
  "mode": "off",
  "namespace": "common",
  "value": "Add self to class section with Join Code",
}
[90mstdout[2m | src/components/MainToolbar.stories.jsx[2m > [22m[2mSettings Menu Only
[22m[39m[useTranslationWithCapture] t() called: {
  "key": "mainToolbar.addToSection.codeLabel",
  "mode": "off",
  "namespace": "common",
  "value": "Join Code",
}
[90mstdout[2m | src/components/MainToolbar.stories.jsx[2m > [22m[2mSettings Menu Only
[22m[39m[useTranslationWithCapture] t() called: {
  "key": "common:actions.cancel",
  "mode": "off",
  "namespace": "common",
  "value": "Cancel",
}
[90mstdout[2m | src/components/MainToolbar.stories.jsx[2m > [22m[2mSettings Menu Only
[22m[39m[useTranslationWithCapture] t() called: {
  "key": "mainToolbar.addToSection.add",
  "mode": "off",
  "namespace": "common",
  "value": "Add",
}
[90mstdout[2m | src/components/MainToolbar.stories.jsx[2m > [22m[2mSettings Menu Only
[22m[39m[useTranslationWithCapture] t() called: {
  "key": "navigation.profile",
  "mode": "off",
  "namespace": "common",
  "value": "Profile",
}
[90mstdout[2m | src/components/MainToolbar.stories.jsx[2m > [22m[2mSettings Menu Only
[22m[39m[FilesContext] Vector store population triggered {
  "currentVectorStoreSize": 3,
  "documentsCount": 0,
  "filesCount": 6,
  "isInitialLoad": true,
}
[90mstdout[2m | src/components/MainToolbar.stories.jsx[2m > [22m[2mSettings Menu Only
[22m[39m[FilesContext] Vector store population complete - 3 total embeddings
[90mstdout[2m | src/components/MainToolbar.stories.jsx[2m > [22m[2mSettings Menu Only
[22m[39m[ChatContext] Chat exists and not archived, skipping creation
[90mstdout[2m | src/components/MainToolbar.stories.jsx[2m > [22m[2mSettings Menu Only
[22m[39m[Mock Data] Settings subscription unsubscribed. Remaining: 0
[90mstdout[2m | src/components/MainToolbar.stories.jsx[2m > [22m[2mSettings Menu Only
[22m[39m[ChatContext] Cleaning up subscription
[90mstdout[2m | src/components/MainToolbar.stories.jsx[2m > [22m[2mSettings Menu Only
[22m[39m[Mock Data] AssistantChat subscription unsubscribed. Remaining: 0
[90mstdout[2m | src/components/MainToolbar.stories.jsx[2m > [22m[2mSettings Menu Only
[22m[39m[Mock Data] File subscription unsubscribed. Remaining: 0
[90mstdout[2m | src/components/MainToolbar.stories.jsx[2m > [22m[2mSettings Menu Only
[22m[39m[Mock Data] Document subscription unsubscribed. Remaining: 0
[90mstdout[2m | src/components/MainToolbar.stories.jsx[2m > [22m[2mSettings Menu Only
[22m[39m[Mock Data] Word subscription unsubscribed. Remaining: 0
[90mstdout[2m | src/components/MainToolbar.stories.jsx[2m > [22m[2mSettings Menu Only
[22m[39m[Mock Data] Question subscription unsubscribed. Remaining: 0
[90mstdout[2m | src/components/MainToolbar.stories.jsx[2m > [22m[2mSettings Menu Only
[22m[39m[Mock Data] Grade subscription unsubscribed. Remaining: 0
[90mstdout[2m | src/components/MainToolbar.stories.jsx[2m > [22m[2mSettings Menu Only
[22m[39m[Mock Data] Unit subscription unsubscribed. Remaining: 0
[90mstdout[2m | src/components/MainToolbar.stories.jsx[2m > [22m[2mSettings Menu Only
[22m[39m[SectionContext] Cleaning up subscriptions
[90mstdout[2m | src/components/MainToolbar.stories.jsx[2m > [22m[2mSettings Menu Only
[22m[39m[Mock Data] Section.onCreate() subscription removed. Remaining: 0
[90mstdout[2m | src/components/MainToolbar.stories.jsx[2m > [22m[2mSettings Menu Only
[22m[39m[Mock Data] Section.onUpdate() subscription removed. Remaining: 0
[90mstdout[2m | src/components/MainToolbar.stories.jsx[2m > [22m[2mSettings Menu Only
[22m[39m[Mock Data] Section.onDelete() subscription removed. Remaining: 0
[90mstdout[2m | src/components/MainToolbar.stories.jsx[2m > [22m[2mSettings Menu Only
[22m[39m[Mock Data] Assignment.onCreate() subscription removed. Remaining: 0
[90mstdout[2m | src/components/MainToolbar.stories.jsx[2m > [22m[2mSettings Menu Only
[22m[39m[Mock Data] Assignment.onUpdate() subscription removed. Remaining: 0
[90mstdout[2m | src/components/MainToolbar.stories.jsx[2m > [22m[2mSettings Menu Only
[22m[39m[Mock Data] Assignment.onDelete() subscription removed. Remaining: 0
[90mstdout[2m | src/components/MainToolbar.stories.jsx[2m > [22m[2mSettings Menu Only
[22m[39m[Mock Data] Clearing all data stores
[90mstdout[2m | src/components/MainToolbar.stories.jsx[2m > [22m[2mSettings Menu Only
[22m[39m[Mock Data] All data stores cleared
[90mstdout[2m | src/components/MainToolbar.stories.jsx[2m > [22m[2mSettings Menu Only
[22m[39m[Preview] Cleared mock data for story
[90mstdout[2m | src/components/MainToolbar.stories.jsx[2m > [22m[2mSettings Menu Only
[22m[39m[Mock Data Gen 2] Initializing mock data
[90mstdout[2m | src/components/MainToolbar.stories.jsx[2m > [22m[2mSettings Menu Only
[22m[39m[Mock Data] seedMockAssistantChats: Replacing with 1 assistant chats
[90mstdout[2m | src/components/MainToolbar.stories.jsx[2m > [22m[2mSettings Menu Only
[22m[39m[Mock Data Gen 2] Seeded AssistantChat: mock-assistant-chat-1
[90mstdout[2m | src/components/MainToolbar.stories.jsx[2m > [22m[2mSettings Menu Only
[22m[39m[Mock Data] seedMockFiles: Adding 6 files
[90mstdout[2m | src/components/MainToolbar.stories.jsx[2m > [22m[2mSettings Menu Only
[22m[39m[Mock Data Gen 2] Seeded Files: 6
[90mstdout[2m | src/components/MainToolbar.stories.jsx[2m > [22m[2mSettings Menu Only
[22m[39m[Mock Data Gen 2] Initializing mock data
[90mstdout[2m | src/components/MainToolbar.stories.jsx[2m > [22m[2mSettings Menu Only
[22m[39m[Mock Data] seedMockAssistantChats: Replacing with 1 assistant chats
[90mstdout[2m | src/components/MainToolbar.stories.jsx[2m > [22m[2mSettings Menu Only
[22m[39m[Mock Data Gen 2] Seeded AssistantChat: mock-assistant-chat-1
[90mstdout[2m | src/components/MainToolbar.stories.jsx[2m > [22m[2mSettings Menu Only
[22m[39m[Mock Data] seedMockFiles: Adding 6 files
[90mstdout[2m | src/components/MainToolbar.stories.jsx[2m > [22m[2mSettings Menu Only
[22m[39m[Mock Data Gen 2] Seeded Files: 6
[90mstdout[2m | src/components/MainToolbar.stories.jsx[2m > [22m[2mSettings Menu Only
[22m[39m[Preview] Initialized default mock data for story
[90mstdout[2m | src/components/MainToolbar.stories.jsx[2m > [22m[2mSettings Menu Only
[22m[39m[Mock AuthContext] Providing auth: {
  "error": undefined,
  "isLoading": false,
  "session": {
    "idToken": {
      "toString": [Function toString],
    },
    "identityId": "us-east-1:mock-identity-123",
    "username": "mock-user-sub",
  },
  "user": {
    "attributes": {
      "email": "alice@example.com",
      "name": "Alice Student",
      "sub": "mock-user-sub",
    },
  },
}
[90mstdout[2m | src/components/MainToolbar.stories.jsx[2m > [22m[2mSettings Menu Only
[22m[39m[Mock Data] generateClient() called - returning mock client
[90mstdout[2m | src/components/MainToolbar.stories.jsx[2m > [22m[2mSettings Menu Only
[22m[39m[Mock amplifyClient] getAmplifyClient() called - returning mock client
[90mstdout[2m | src/components/MainToolbar.stories.jsx[2m > [22m[2mSettings Menu Only
[22m[39m[MOCK CourseVectorStore] Initialized with mock data
[90mstdout[2m | src/components/MainToolbar.stories.jsx[2m > [22m[2mSettings Menu Only
[22m[39m[TranslationModeController] Setting mode to: off
[90mstdout[2m | src/components/MainToolbar.stories.jsx[2m > [22m[2mSettings Menu Only
[22m[39m[SectionContext] useEffect triggered {
  "authLoading": false,
  "hasUser": true,
  "userSub": "mock-user-sub",
}
[90mstdout[2m | src/components/MainToolbar.stories.jsx[2m > [22m[2mSettings Menu Only
[22m[39m[SectionContext] Fetching sections for userId: mock-user-sub
[90mstdout[2m | src/components/MainToolbar.stories.jsx[2m > [22m[2mSettings Menu Only
[22m[39m[Mock Data] generateClient() called - returning mock client
[90mstdout[2m | src/components/MainToolbar.stories.jsx[2m > [22m[2mSettings Menu Only
[22m[39m[Mock amplifyClient] getAmplifyClient() called - returning mock client
[90mstdout[2m | src/components/MainToolbar.stories.jsx[2m > [22m[2mSettings Menu Only
[22m[39m[Mock Data] Section.list() called with options: undefined
[90mstdout[2m | src/components/MainToolbar.stories.jsx[2m > [22m[2mSettings Menu Only
[22m[39m[Mock Data] generateClient() called - returning mock client
[90mstdout[2m | src/components/MainToolbar.stories.jsx[2m > [22m[2mSettings Menu Only
[22m[39m[Mock amplifyClient] getAmplifyClient() called - returning mock client
[90mstdout[2m | src/components/MainToolbar.stories.jsx[2m > [22m[2mSettings Menu Only
[22m[39m[Mock Data] Assignment.list() called with options: {
  "filter": {
    "unitID": {
      "eq": "mock-unit-id",
    },
  },
}
[90mstdout[2m | src/components/MainToolbar.stories.jsx[2m > [22m[2mSettings Menu Only
[22m[39m[Mock Data] generateClient() called - returning mock client
[90mstdout[2m | src/components/MainToolbar.stories.jsx[2m > [22m[2mSettings Menu Only
[22m[39m[Mock amplifyClient] getAmplifyClient() called - returning mock client
[90mstdout[2m | src/components/MainToolbar.stories.jsx[2m > [22m[2mSettings Menu Only
[22m[39m[Mock Data] Grade.observeQuery() called with filter: {
  "filter": {
    "unitID": {
      "eq": "mock-unit-id",
    },
  },
}
[90mstdout[2m | src/components/MainToolbar.stories.jsx[2m > [22m[2mSettings Menu Only
[22m[39m[Mock Data] Grade.observeQuery() applying filter: {
  "unitID": {
    "eq": "mock-unit-id",
  },
}
[90mstdout[2m | src/components/MainToolbar.stories.jsx[2m > [22m[2mSettings Menu Only
[22m[39m[Mock Data] Grade.observeQuery() items before filter: 0
[90mstdout[2m | src/components/MainToolbar.stories.jsx[2m > [22m[2mSettings Menu Only
[22m[39m[Mock Data] Grade.observeQuery() items after filter: 0
[90mstdout[2m | src/components/MainToolbar.stories.jsx[2m > [22m[2mSettings Menu Only
[22m[39m[Mock Data] Grade.observeQuery() returning 0 items (filter applied) {
  "filter": {
    "unitID": {
      "eq": "mock-unit-id",
    },
  },
}
[90mstdout[2m | src/components/MainToolbar.stories.jsx[2m > [22m[2mSettings Menu Only
[22m[39m[Mock Data] Grade subscription added. Total subscriptions: 1
[90mstdout[2m | src/components/MainToolbar.stories.jsx[2m > [22m[2mSettings Menu Only
[22m[39m[UnitContext] useEffect triggered {
  "authLoading": false,
  "hasUser": true,
  "id": "mock-unit-id",
  "userSub": "mock-user-sub",
}
[90mstdout[2m | src/components/MainToolbar.stories.jsx[2m > [22m[2mSettings Menu Only
[22m[39m[UnitContext] Fetching unit data for id: mock-unit-id
[90mstdout[2m | src/components/MainToolbar.stories.jsx[2m > [22m[2mSettings Menu Only
[22m[39m[Mock Data] generateClient() called - returning mock client
[90mstdout[2m | src/components/MainToolbar.stories.jsx[2m > [22m[2mSettings Menu Only
[22m[39m[Mock amplifyClient] getAmplifyClient() called - returning mock client
[90mstdout[2m | src/components/MainToolbar.stories.jsx[2m > [22m[2mSettings Menu Only
[22m[39m[Mock Data] Unit.observeQuery() called with filter: {
  "filter": {
    "id": {
      "eq": "mock-unit-id",
    },
  },
}
[90mstdout[2m | src/components/MainToolbar.stories.jsx[2m > [22m[2mSettings Menu Only
[22m[39m[Mock Data] Unit.observeQuery() applying filter: {
  "id": {
    "eq": "mock-unit-id",
  },
}
[90mstdout[2m | src/components/MainToolbar.stories.jsx[2m > [22m[2mSettings Menu Only
[22m[39m[Mock Data] Unit.observeQuery() items before filter: 0
[90mstdout[2m | src/components/MainToolbar.stories.jsx[2m > [22m[2mSettings Menu Only
[22m[39m[Mock Data] Unit.observeQuery() items after filter: 0
[90mstdout[2m | src/components/MainToolbar.stories.jsx[2m > [22m[2mSettings Menu Only
[22m[39m[Mock Data] Unit.observeQuery() returning 0 items (filter applied) {
  "filter": {
    "id": {
      "eq": "mock-unit-id",
    },
  },
}
[90mstdout[2m | src/components/MainToolbar.stories.jsx[2m > [22m[2mSettings Menu Only
[22m[39m[Mock Data] Unit subscription added. Total subscriptions: 1
[90mstdout[2m | src/components/MainToolbar.stories.jsx[2m > [22m[2mSettings Menu Only
[22m[39m[Mock Data] generateClient() called - returning mock client
[90mstdout[2m | src/components/MainToolbar.stories.jsx[2m > [22m[2mSettings Menu Only
[22m[39m[Mock amplifyClient] getAmplifyClient() called - returning mock client
[90mstdout[2m | src/components/MainToolbar.stories.jsx[2m > [22m[2mSettings Menu Only
[22m[39m[Mock Data] Word.observeQuery() called with filter: undefined
[90mstdout[2m | src/components/MainToolbar.stories.jsx[2m > [22m[2mSettings Menu Only
[22m[39m[Mock Data] Word.observeQuery() returning 0 items (filter applied) undefined
[90mstdout[2m | src/components/MainToolbar.stories.jsx[2m > [22m[2mSettings Menu Only
[22m[39m[Mock Data] Word subscription added. Total subscriptions: 1
[90mstdout[2m | src/components/MainToolbar.stories.jsx[2m > [22m[2mSettings Menu Only
[22m[39m[Mock Data] generateClient() called - returning mock client
[90mstdout[2m | src/components/MainToolbar.stories.jsx[2m > [22m[2mSettings Menu Only
[22m[39m[Mock amplifyClient] getAmplifyClient() called - returning mock client
[90mstdout[2m | src/components/MainToolbar.stories.jsx[2m > [22m[2mSettings Menu Only
[22m[39m[Mock Data] Question.observeQuery() called with filter: undefined
[90mstdout[2m | src/components/MainToolbar.stories.jsx[2m > [22m[2mSettings Menu Only
[22m[39m[Mock Data] Question.observeQuery() returning 0 items (filter applied) undefined
[90mstdout[2m | src/components/MainToolbar.stories.jsx[2m > [22m[2mSettings Menu Only
[22m[39m[Mock Data] Question subscription added. Total subscriptions: 1
[90mstdout[2m | src/components/MainToolbar.stories.jsx[2m > [22m[2mSettings Menu Only
[22m[39m[FilesContext] Initializing vector store from IndexedDB
[90mstdout[2m | src/components/MainToolbar.stories.jsx[2m > [22m[2mSettings Menu Only
[22m[39m[FilesContext] fetchFiles called
[90mstdout[2m | src/components/MainToolbar.stories.jsx[2m > [22m[2mSettings Menu Only
[22m[39m[FilesContext] User authenticated: mock-user-sub
[90mstdout[2m | src/components/MainToolbar.stories.jsx[2m > [22m[2mSettings Menu Only
[22m[39m[FilesContext] Identity ID: us-east-1:mock-identity-123
[90mstdout[2m | src/components/MainToolbar.stories.jsx[2m > [22m[2mSettings Menu Only
[22m[39m[FilesContext] About to subscribe to File model
[90mstdout[2m | src/components/MainToolbar.stories.jsx[2m > [22m[2mSettings Menu Only
[22m[39m[Mock Data] generateClient() called - returning mock client
[90mstdout[2m | src/components/MainToolbar.stories.jsx[2m > [22m[2mSettings Menu Only
[22m[39m[Mock amplifyClient] getAmplifyClient() called - returning mock client
[90mstdout[2m | src/components/MainToolbar.stories.jsx[2m > [22m[2mSettings Menu Only
[22m[39m[Mock Data] File.observeQuery() called with filter: undefined
[90mstdout[2m | src/components/MainToolbar.stories.jsx[2m > [22m[2mSettings Menu Only
[22m[39m[Mock Data] File.observeQuery() returning 6 items (filter applied) undefined
[90mstdout[2m | src/components/MainToolbar.stories.jsx[2m > [22m[2mSettings Menu Only
[22m[39m[Mock Data] File subscription added. Total subscriptions: 1
[90mstdout[2m | src/components/MainToolbar.stories.jsx[2m > [22m[2mSettings Menu Only
[22m[39m[Mock Data] generateClient() called - returning mock client
[90mstdout[2m | src/components/MainToolbar.stories.jsx[2m > [22m[2mSettings Menu Only
[22m[39m[Mock amplifyClient] getAmplifyClient() called - returning mock client
[90mstdout[2m | src/components/MainToolbar.stories.jsx[2m > [22m[2mSettings Menu Only
[22m[39m[Mock Data] Document.observeQuery() called with filter: undefined
[90mstdout[2m | src/components/MainToolbar.stories.jsx[2m > [22m[2mSettings Menu Only
[22m[39m[Mock Data] Document.observeQuery() returning 0 items (filter applied) undefined
[90mstdout[2m | src/components/MainToolbar.stories.jsx[2m > [22m[2mSettings Menu Only
[22m[39m[Mock Data] Document subscription added. Total subscriptions: 1
[90mstdout[2m | src/components/MainToolbar.stories.jsx[2m > [22m[2mSettings Menu Only
[22m[39m[ChatContext] Setting up observeQuery for AssistantChat
[90mstdout[2m | src/components/MainToolbar.stories.jsx[2m > [22m[2mSettings Menu Only
[22m[39m[Mock Data] AssistantChat.observeQuery() called with filter: {
  "sortDirection": "DESC",
  "sortField": "createdAt",
}
[90mstdout[2m | src/components/MainToolbar.stories.jsx[2m > [22m[2mSettings Menu Only
[22m[39m[Mock Data] AssistantChat.observeQuery() returning 1 items (filter applied) {
  "sortDirection": "DESC",
  "sortField": "createdAt",
}
[90mstdout[2m | src/components/MainToolbar.stories.jsx[2m > [22m[2mSettings Menu Only
[22m[39m[Mock Data] AssistantChat subscription added. Total subscriptions: 1
[90mstdout[2m | src/components/MainToolbar.stories.jsx[2m > [22m[2mSettings Menu Only
[22m[39m[ChatContext] Waiting for subscription to initialize
[90mstdout[2m | src/components/MainToolbar.stories.jsx[2m > [22m[2mSettings Menu Only
[22m[39m[SettingsContext] Setting up Settings subscription for user: mock-user-sub
[90mstdout[2m | src/components/MainToolbar.stories.jsx[2m > [22m[2mSettings Menu Only
[22m[39m[Mock Data] generateClient() called - returning mock client
[90mstdout[2m | src/components/MainToolbar.stories.jsx[2m > [22m[2mSettings Menu Only
[22m[39m[Mock amplifyClient] getAmplifyClient() called - returning mock client
[90mstdout[2m | src/components/MainToolbar.stories.jsx[2m > [22m[2mSettings Menu Only
[22m[39m[Mock Data] Settings.observeQuery() called with filter: undefined
[90mstdout[2m | src/components/MainToolbar.stories.jsx[2m > [22m[2mSettings Menu Only
[22m[39m[Mock Data] Settings.observeQuery() returning 0 items (filter applied) undefined
[90mstdout[2m | src/components/MainToolbar.stories.jsx[2m > [22m[2mSettings Menu Only
[22m[39m[Mock Data] Settings subscription added. Total subscriptions: 1
[90mstdout[2m | src/components/MainToolbar.stories.jsx[2m > [22m[2mSettings Menu Only
[22m[39m[SectionContext] Initial sections: 0 []
[90mstdout[2m | src/components/MainToolbar.stories.jsx[2m > [22m[2mSettings Menu Only
[22m[39m[Mock Data] Section.onCreate() called with filter: undefined
[90mstdout[2m | src/components/MainToolbar.stories.jsx[2m > [22m[2mSettings Menu Only
[22m[39m[Mock Data] Section.onCreate() subscription added. Total: 1
[90mstdout[2m | src/components/MainToolbar.stories.jsx[2m > [22m[2mSettings Menu Only
[22m[39m[Mock Data] Section.onUpdate() called with filter: undefined
[90mstdout[2m | src/components/MainToolbar.stories.jsx[2m > [22m[2mSettings Menu Only
[22m[39m[Mock Data] Section.onUpdate() subscription added. Total: 1
[90mstdout[2m | src/components/MainToolbar.stories.jsx[2m > [22m[2mSettings Menu Only
[22m[39m[Mock Data] Section.onDelete() called with filter: undefined
[90mstdout[2m | src/components/MainToolbar.stories.jsx[2m > [22m[2mSettings Menu Only
[22m[39m[Mock Data] Section.onDelete() subscription added. Total: 1
[90mstdout[2m | src/components/MainToolbar.stories.jsx[2m > [22m[2mSettings Menu Only
[22m[39m[Mock Data] Assignment.onCreate() called with filter: {
  "filter": {
    "unitID": {
      "eq": "mock-unit-id",
    },
  },
}
[90mstdout[2m | src/components/MainToolbar.stories.jsx[2m > [22m[2mSettings Menu Only
[22m[39m[Mock Data] Assignment.onCreate() subscription added. Total: 1
[90mstdout[2m | src/components/MainToolbar.stories.jsx[2m > [22m[2mSettings Menu Only
[22m[39m[Mock Data] Assignment.onUpdate() called with filter: {
  "filter": {
    "unitID": {
      "eq": "mock-unit-id",
    },
  },
}
[90mstdout[2m | src/components/MainToolbar.stories.jsx[2m > [22m[2mSettings Menu Only
[22m[39m[Mock Data] Assignment.onUpdate() subscription added. Total: 1
[90mstdout[2m | src/components/MainToolbar.stories.jsx[2m > [22m[2mSettings Menu Only
[22m[39m[Mock Data] Assignment.onDelete() called with filter: {
  "filter": {
    "unitID": {
      "eq": "mock-unit-id",
    },
  },
}
[90mstdout[2m | src/components/MainToolbar.stories.jsx[2m > [22m[2mSettings Menu Only
[22m[39m[Mock Data] Assignment.onDelete() subscription added. Total: 1
[90mstdout[2m | src/components/MainToolbar.stories.jsx[2m > [22m[2mSettings Menu Only
[22m[39m[FilesContext] File observeQuery subscription triggered:
[90mstdout[2m | src/components/MainToolbar.stories.jsx[2m > [22m[2mSettings Menu Only
[22m[39m  - items.length: 6
[90mstdout[2m | src/components/MainToolbar.stories.jsx[2m > [22m[2mSettings Menu Only
[22m[39m  - isSynced: true
[90mstdout[2m | src/components/MainToolbar.stories.jsx[2m > [22m[2mSettings Menu Only
[22m[39m  - items: [
  {
    "_deleted": null,
    "_lastChangedAt": 1767711773285,
    "_version": 1,
    "byHex": null,
    "createdAt": "2026-01-06T15:02:53.253Z",
    "description": "Japanese language textbook - Chapter 1",
    "document": Promise {},
    "documentID": "e01017e1-fe7a-4521-b71c-09ec31b18639",
    "duration": null,
    "embedding": null,
    "generated": null,
    "hex": null,
    "id": "a57d7833-5fa7-4cb7-8b7a-ce7c6e10e551",
    "identityId": "us-east-1:b0eadde9-f02c-c71b-17a6-22ffd37d89c8",
    "key": "files/Japanese Wind 1.pdf",
    "level": "protected",
    "mimeType": "application/pdf",
    "model": null,
    "name": "Japanese Wind 1.pdf",
    "owner": "64d81418-7021-701d-9fed-a4c2e0735711",
    "parsedContent": [Function anonymous],
    "parsedContentID": null,
    "path": "files/Japanese Wind 1.pdf",
    "prompt": null,
    "size": 4706654,
    "thumbnail": null,
    "type": "pdf",
    "updatedAt": "2026-01-06T15:02:53.253Z",
    "variant": null,
    "waveformData": null,
  },
  {
    "_version": 2,
    "createdAt": "2026-01-15T10:00:00.000Z",
    "description": "Sample report with vocabulary",
    "document": Promise {},
    "documentID": "cd824b5b-2c66-41f8-8571-aa6794ff590c",
    "generated": false,
    "id": "mock-pdf-file-2",
    "identityId": "us-east-1:mock-identity",
    "key": "files/report.pdf",
    "level": "protected",
    "mimeType": "application/pdf",
    "name": "report.pdf",
    "owner": "mock-user-id",
    "parsedContent": [Function anonymous],
    "path": "files/report.pdf",
    "size": 123456,
    "type": "pdf",
    "updatedAt": "2026-01-15T10:30:00.000Z",
  },
  {
    "_version": 3,
    "createdAt": "2026-01-14T08:00:00.000Z",
    "description": "Vocabulary lesson PDF with extracted content",
    "document": Promise {},
    "documentID": "mock-document-3",
    "generated": false,
    "id": "mock-pdf-file-3",
    "identityId": "us-east-1:mock-identity",
    "key": "files/vocabulary-lesson.pdf",
    "level": "public",
    "mimeType": "application/pdf",
    "name": "vocabulary-lesson.pdf",
    "owner": "mock-user-id",
    "parsedContent": [Function anonymous],
    "path": "files/vocabulary-lesson.pdf",
    "size": 567890,
    "type": "pdf",
    "updatedAt": "2026-01-14T08:45:00.000Z",
  },
  {
    "_version": 1,
    "createdAt": "2026-01-20T10:00:00.000Z",
    "description": "Sample pronunciation audio",
    "documentID": null,
    "duration": 3.5,
    "generated": true,
    "id": "mock-audio-file-1",
    "identityId": "us-east-1:mock-identity",
    "key": "audio/pronunciation-demo.mp3",
    "level": "public",
    "mimeType": "audio/mpeg",
    "name": "pronunciation-demo.mp3",
    "owner": "mock-user-id",
    "parsedContent": [Function anonymous],
    "path": "/story-mocks/cinematic-designed-sci-fi-whoosh-transition-nexawave-228295.mp3",
    "size": 56789,
    "type": "audio",
    "updatedAt": "2026-01-20T10:00:00.000Z",
    "waveformData": null,
  },
  {
    "_version": 1,
    "createdAt": "2026-01-19T14:30:00.000Z",
    "description": "Lesson introduction audio",
    "documentID": null,
    "duration": 5.2,
    "generated": false,
    "id": "mock-audio-file-2",
    "identityId": "us-east-1:mock-identity",
    "key": "audio/lesson-intro.mp3",
    "level": "public",
    "mimeType": "audio/mpeg",
    "name": "lesson-intro.mp3",
    "owner": "mock-user-id",
    "parsedContent": [Function anonymous],
    "path": "/story-mocks/descent-whoosh-long-cinematic-sound-effect-405921.mp3",
    "size": 87654,
    "type": "audio",
    "updatedAt": "2026-01-19T14:30:00.000Z",
    "waveformData": null,
  },
  {
    "_version": 1,
    "createdAt": "2026-01-18T09:15:00.000Z",
    "description": "Hiragana character chart",
    "documentID": null,
    "generated": false,
    "id": "mock-image-file-1",
    "identityId": "us-east-1:mock-identity",
    "key": "images/hiragana-chart.png",
    "level": "public",
    "mimeType": "image/png",
    "name": "hiragana-chart.png",
    "owner": "mock-user-id",
    "parsedContent": [Function anonymous],
    "path": "images/hiragana-chart.png",
    "size": 234567,
    "thumbnail": "thumbnails/hiragana-chart-thumb.png",
    "type": "image",
    "updatedAt": "2026-01-18T09:15:00.000Z",
  },
]
[90mstdout[2m | src/components/MainToolbar.stories.jsx[2m > [22m[2mSettings Menu Only
[22m[39m[FilesContext] Files count changed: 0 → 6
[90mstdout[2m | src/components/MainToolbar.stories.jsx[2m > [22m[2mSettings Menu Only
[22m[39m[MOCK CourseVectorStore] Initialized with mock data
[90mstdout[2m | src/components/MainToolbar.stories.jsx[2m > [22m[2mSettings Menu Only
[22m[39m[MOCK CourseVectorStore] Initialized with mock data
[90mstdout[2m | src/components/MainToolbar.stories.jsx[2m > [22m[2mSettings Menu Only
[22m[39m[useTranslationWithCapture] t() called: {
  "key": "common.settings",
  "mode": "off",
  "namespace": "components",
  "value": "Settings",
}
[90mstdout[2m | src/components/MainToolbar.stories.jsx[2m > [22m[2mSettings Menu Only
[22m[39m[i18next] Missing key: components:mainToolbar.settings.disableNotifications for [
  "en",
]
[90mstdout[2m | src/components/MainToolbar.stories.jsx[2m > [22m[2mSettings Menu Only
[22m[39m[useTranslationWithCapture] t() called: {
  "key": "mainToolbar.settings.disableNotifications",
  "mode": "off",
  "namespace": "components",
  "value": "Disable notifications",
}
[90mstdout[2m | src/components/MainToolbar.stories.jsx[2m > [22m[2mSettings Menu Only
[22m[39m[i18next] Missing key: components:mainToolbar.settings.colorMode for [
  "en",
]
[90mstdout[2m | src/components/MainToolbar.stories.jsx[2m > [22m[2mSettings Menu Only
[22m[39m[useTranslationWithCapture] t() called: {
  "key": "mainToolbar.settings.colorMode",
  "mode": "off",
  "namespace": "components",
  "value": "Color mode",
}
[90mstdout[2m | src/components/MainToolbar.stories.jsx[2m > [22m[2mSettings Menu Only
[22m[39m[i18next] Missing key: components:mainToolbar.settings.experimentalFeatures for [
  "en",
]
[90mstdout[2m | src/components/MainToolbar.stories.jsx[2m > [22m[2mSettings Menu Only
[22m[39m[useTranslationWithCapture] t() called: {
  "key": "mainToolbar.settings.experimentalFeatures",
  "mode": "off",
  "namespace": "components",
  "value": "Experimental features",
}
[90mstdout[2m | src/components/MainToolbar.stories.jsx[2m > [22m[2mSettings Menu Only
[22m[39m[i18next] Missing key: components:mainToolbar.settings.studentMode for [
  "en",
]
[90mstdout[2m | src/components/MainToolbar.stories.jsx[2m > [22m[2mSettings Menu Only
[22m[39m[useTranslationWithCapture] t() called: {
  "key": "mainToolbar.settings.studentMode",
  "mode": "off",
  "namespace": "components",
  "value": "Student mode",
}
[90mstdout[2m | src/components/MainToolbar.stories.jsx[2m > [22m[2mSettings Menu Only
[22m[39m[ChatContext] AssistantChat query update: 1 items (synced)
[90mstdout[2m | src/components/MainToolbar.stories.jsx[2m > [22m[2mSettings Menu Only
[22m[39m[ChatContext] First item details: {
  "id": "mock-assistant-chat-1",
  "updatedAt": "2024-01-26T10:15:00.000Z",
}
[90mstdout[2m | src/components/MainToolbar.stories.jsx[2m > [22m[2mSettings Menu Only
[22m[39m[ChatContext] AssistantChat subscription initialized
[90mstdout[2m | src/components/MainToolbar.stories.jsx[2m > [22m[2mSettings Menu Only
[22m[39m[ChatContext] AssistantChat list updated: 1 chats
[90mstdout[2m | src/components/MainToolbar.stories.jsx[2m > [22m[2mSettings Menu Only
[22m[39m[FilesContext] Vector store population triggered {
  "currentVectorStoreSize": 3,
  "documentsCount": 0,
  "filesCount": 6,
  "isInitialLoad": true,
}
[90mstdout[2m | src/components/MainToolbar.stories.jsx[2m > [22m[2mSettings Menu Only
[22m[39m[FilesContext] Vector store population complete - 3 total embeddings
[90mstdout[2m | src/components/MainToolbar.stories.jsx[2m > [22m[2mSettings Menu Only
[22m[39m[ChatContext] Setting initial chat: mock-assistant-chat-1
[90mstdout[2m | src/components/MainToolbar.stories.jsx[2m > [22m[2mSettings Menu Only
[22m[39m[Mock Data] Settings.create() called with: {
  "assistantVoice": "shimmer",
  "autoAnalyzeDocuments": true,
  "defaultAIModel": "gpt-4",
  "documentAnalysisModel": "gpt-4",
  "editorFontSize": 14,
  "editorTheme": "auto",
  "emailNotifications": true,
  "language": "en",
  "webhookNotifications": false,
}
[90mstdout[2m | src/components/MainToolbar.stories.jsx[2m > [22m[2mSettings Menu Only
[22m[39m[Mock Data] Settings created: mock-settings-1776336968425 - notified 1 subscribers
[90mstdout[2m | src/components/MainToolbar.stories.jsx[2m > [22m[2mSettings Menu Only
[22m[39m[ChatContext] Chat exists and not archived, skipping creation
[90mstdout[2m | src/components/MainToolbar.stories.jsx[2m > [22m[2mSettings Menu Only
[22m[39m[useTranslationWithCapture] t() called: {
  "key": "common.settings",
  "mode": "off",
  "namespace": "components",
  "value": "Settings",
}
[90mstdout[2m | src/components/MainToolbar.stories.jsx[2m > [22m[2mSettings Menu Only
[22m[39m[i18next] Missing key: components:mainToolbar.settings.disableNotifications for [
  "en",
]
[90mstdout[2m | src/components/MainToolbar.stories.jsx[2m > [22m[2mSettings Menu Only
[22m[39m[useTranslationWithCapture] t() called: {
  "key": "mainToolbar.settings.disableNotifications",
  "mode": "off",
  "namespace": "components",
  "value": "Disable notifications",
}
[90mstdout[2m | src/components/MainToolbar.stories.jsx[2m > [22m[2mSettings Menu Only
[22m[39m[i18next] Missing key: components:mainToolbar.settings.colorMode for [
  "en",
]
[90mstdout[2m | src/components/MainToolbar.stories.jsx[2m > [22m[2mSettings Menu Only
[22m[39m[useTranslationWithCapture] t() called: {
  "key": "mainToolbar.settings.colorMode",
  "mode": "off",
  "namespace": "components",
  "value": "Color mode",
}
[90mstdout[2m | src/components/MainToolbar.stories.jsx[2m > [22m[2mSettings Menu Only
[22m[39m[i18next] Missing key: components:mainToolbar.settings.experimentalFeatures for [
  "en",
]
[90mstdout[2m | src/components/MainToolbar.stories.jsx[2m > [22m[2mSettings Menu Only
[22m[39m[useTranslationWithCapture] t() called: {
  "key": "mainToolbar.settings.experimentalFeatures",
  "mode": "off",
  "namespace": "components",
  "value": "Experimental features",
}
[90mstdout[2m | src/components/MainToolbar.stories.jsx[2m > [22m[2mSettings Menu Only
[22m[39m[i18next] Missing key: components:mainToolbar.settings.studentMode for [
  "en",
]
[90mstdout[2m | src/components/MainToolbar.stories.jsx[2m > [22m[2mSettings Menu Only
[22m[39m[useTranslationWithCapture] t() called: {
  "key": "mainToolbar.settings.studentMode",
  "mode": "off",
  "namespace": "components",
  "value": "Student mode",
}
[90mstdout[2m | src/components/MainToolbar.stories.jsx[2m > [22m[2mSettings Menu Only
[22m[39m[useTranslationWithCapture] t() called: {
  "key": "common.settings",
  "mode": "off",
  "namespace": "components",
  "value": "Settings",
}
[90mstdout[2m | src/components/MainToolbar.stories.jsx[2m > [22m[2mSettings Menu Only
[22m[39m[i18next] Missing key: components:mainToolbar.settings.disableNotifications for [
  "en",
]
[90mstdout[2m | src/components/MainToolbar.stories.jsx[2m > [22m[2mSettings Menu Only
[22m[39m[useTranslationWithCapture] t() called: {
  "key": "mainToolbar.settings.disableNotifications",
  "mode": "off",
  "namespace": "components",
  "value": "Disable notifications",
}
[90mstdout[2m | src/components/MainToolbar.stories.jsx[2m > [22m[2mSettings Menu Only
[22m[39m[i18next] Missing key: components:mainToolbar.settings.colorMode for [
  "en",
]
[90mstdout[2m | src/components/MainToolbar.stories.jsx[2m > [22m[2mSettings Menu Only
[22m[39m[useTranslationWithCapture] t() called: {
  "key": "mainToolbar.settings.colorMode",
  "mode": "off",
  "namespace": "components",
  "value": "Color mode",
}
[90mstdout[2m | src/components/MainToolbar.stories.jsx[2m > [22m[2mSettings Menu Only
[22m[39m[i18next] Missing key: components:mainToolbar.settings.experimentalFeatures for [
  "en",
]
[90mstdout[2m | src/components/MainToolbar.stories.jsx[2m > [22m[2mSettings Menu Only
[22m[39m[useTranslationWithCapture] t() called: {
  "key": "mainToolbar.settings.experimentalFeatures",
  "mode": "off",
  "namespace": "components",
  "value": "Experimental features",
}
[90mstdout[2m | src/components/MainToolbar.stories.jsx[2m > [22m[2mSettings Menu Only
[22m[39m[i18next] Missing key: components:mainToolbar.settings.studentMode for [
  "en",
]
[90mstdout[2m | src/components/MainToolbar.stories.jsx[2m > [22m[2mSettings Menu Only
[22m[39m[useTranslationWithCapture] t() called: {
  "key": "mainToolbar.settings.studentMode",
  "mode": "off",
  "namespace": "components",
  "value": "Student mode",
}
[90mstdout[2m | src/components/MainToolbar.stories.jsx[2m > [22m[2mSettings Menu Only
[22m[39m[useTranslationWithCapture] t() called: {
  "key": "common.settings",
  "mode": "off",
  "namespace": "components",
  "value": "Settings",
}
[90mstdout[2m | src/components/MainToolbar.stories.jsx[2m > [22m[2mSettings Menu Only
[22m[39m[i18next] Missing key: components:mainToolbar.settings.disableNotifications for [
  "en",
]
[90mstdout[2m | src/components/MainToolbar.stories.jsx[2m > [22m[2mSettings Menu Only
[22m[39m[useTranslationWithCapture] t() called: {
  "key": "mainToolbar.settings.disableNotifications",
  "mode": "off",
  "namespace": "components",
  "value": "Disable notifications",
}
[90mstdout[2m | src/components/MainToolbar.stories.jsx[2m > [22m[2mSettings Menu Only
[22m[39m[i18next] Missing key: components:mainToolbar.settings.colorMode for [
  "en",
]
[90mstdout[2m | src/components/MainToolbar.stories.jsx[2m > [22m[2mSettings Menu Only
[22m[39m[useTranslationWithCapture] t() called: {
  "key": "mainToolbar.settings.colorMode",
  "mode": "off",
  "namespace": "components",
  "value": "Color mode",
}
[90mstdout[2m | src/components/MainToolbar.stories.jsx[2m > [22m[2mSettings Menu Only
[22m[39m[i18next] Missing key: components:mainToolbar.settings.experimentalFeatures for [
  "en",
]
[90mstdout[2m | src/components/MainToolbar.stories.jsx[2m > [22m[2mSettings Menu Only
[22m[39m[useTranslationWithCapture] t() called: {
  "key": "mainToolbar.settings.experimentalFeatures",
  "mode": "off",
  "namespace": "components",
  "value": "Experimental features",
}
[90mstdout[2m | src/components/MainToolbar.stories.jsx[2m > [22m[2mSettings Menu Only
[22m[39m[i18next] Missing key: components:mainToolbar.settings.studentMode for [
  "en",
]
[90mstdout[2m | src/components/MainToolbar.stories.jsx[2m > [22m[2mSettings Menu Only
[22m[39m[useTranslationWithCapture] t() called: {
  "key": "mainToolbar.settings.studentMode",
  "mode": "off",
  "namespace": "components",
  "value": "Student mode",
}
[90mstdout[2m | src/components/MainToolbar.stories.jsx[2m > [22m[2mHelp Menu Only
[22m[39m[Mock Data] Settings subscription unsubscribed. Remaining: 0
[90mstdout[2m | src/components/MainToolbar.stories.jsx[2m > [22m[2mHelp Menu Only
[22m[39m[ChatContext] Cleaning up subscription
[90mstdout[2m | src/components/MainToolbar.stories.jsx[2m > [22m[2mHelp Menu Only
[22m[39m[Mock Data] AssistantChat subscription unsubscribed. Remaining: 0
[90mstdout[2m | src/components/MainToolbar.stories.jsx[2m > [22m[2mHelp Menu Only
[22m[39m[Mock Data] File subscription unsubscribed. Remaining: 0
[90mstdout[2m | src/components/MainToolbar.stories.jsx[2m > [22m[2mHelp Menu Only
[22m[39m[Mock Data] Document subscription unsubscribed. Remaining: 0
[90mstdout[2m | src/components/MainToolbar.stories.jsx[2m > [22m[2mHelp Menu Only
[22m[39m[Mock Data] Word subscription unsubscribed. Remaining: 0
[90mstdout[2m | src/components/MainToolbar.stories.jsx[2m > [22m[2mHelp Menu Only
[22m[39m[Mock Data] Question subscription unsubscribed. Remaining: 0
[90mstdout[2m | src/components/MainToolbar.stories.jsx[2m > [22m[2mHelp Menu Only
[22m[39m[Mock Data] Grade subscription unsubscribed. Remaining: 0
[90mstdout[2m | src/components/MainToolbar.stories.jsx[2m > [22m[2mHelp Menu Only
[22m[39m[Mock Data] Unit subscription unsubscribed. Remaining: 0
[90mstdout[2m | src/components/MainToolbar.stories.jsx[2m > [22m[2mHelp Menu Only
[22m[39m[SectionContext] Cleaning up subscriptions
[90mstdout[2m | src/components/MainToolbar.stories.jsx[2m > [22m[2mHelp Menu Only
[22m[39m[Mock Data] Section.onCreate() subscription removed. Remaining: 0
[90mstdout[2m | src/components/MainToolbar.stories.jsx[2m > [22m[2mHelp Menu Only
[22m[39m[Mock Data] Section.onUpdate() subscription removed. Remaining: 0
[90mstdout[2m | src/components/MainToolbar.stories.jsx[2m > [22m[2mHelp Menu Only
[22m[39m[Mock Data] Section.onDelete() subscription removed. Remaining: 0
[90mstdout[2m | src/components/MainToolbar.stories.jsx[2m > [22m[2mHelp Menu Only
[22m[39m[Mock Data] Assignment.onCreate() subscription removed. Remaining: 0
[90mstdout[2m | src/components/MainToolbar.stories.jsx[2m > [22m[2mHelp Menu Only
[22m[39m[Mock Data] Assignment.onUpdate() subscription removed. Remaining: 0
[90mstdout[2m | src/components/MainToolbar.stories.jsx[2m > [22m[2mHelp Menu Only
[22m[39m[Mock Data] Assignment.onDelete() subscription removed. Remaining: 0
[90mstdout[2m | src/components/MainToolbar.stories.jsx[2m > [22m[2mHelp Menu Only
[22m[39m[Mock Data] Clearing all data stores
[90mstdout[2m | src/components/MainToolbar.stories.jsx[2m > [22m[2mHelp Menu Only
[22m[39m[Mock Data] All data stores cleared
[90mstdout[2m | src/components/MainToolbar.stories.jsx[2m > [22m[2mHelp Menu Only
[22m[39m[Preview] Cleared mock data for story
[90mstdout[2m | src/components/MainToolbar.stories.jsx[2m > [22m[2mHelp Menu Only
[22m[39m[Mock Data Gen 2] Initializing mock data
[90mstdout[2m | src/components/MainToolbar.stories.jsx[2m > [22m[2mHelp Menu Only
[22m[39m[Mock Data] seedMockAssistantChats: Replacing with 1 assistant chats
[90mstdout[2m | src/components/MainToolbar.stories.jsx[2m > [22m[2mHelp Menu Only
[22m[39m[Mock Data Gen 2] Seeded AssistantChat: mock-assistant-chat-1
[90mstdout[2m | src/components/MainToolbar.stories.jsx[2m > [22m[2mHelp Menu Only
[22m[39m[Mock Data] seedMockFiles: Adding 6 files
[90mstdout[2m | src/components/MainToolbar.stories.jsx[2m > [22m[2mHelp Menu Only
[22m[39m[Mock Data Gen 2] Seeded Files: 6
[90mstdout[2m | src/components/MainToolbar.stories.jsx[2m > [22m[2mHelp Menu Only
[22m[39m[Mock Data Gen 2] Initializing mock data
[90mstdout[2m | src/components/MainToolbar.stories.jsx[2m > [22m[2mHelp Menu Only
[22m[39m[Mock Data] seedMockAssistantChats: Replacing with 1 assistant chats
[90mstdout[2m | src/components/MainToolbar.stories.jsx[2m > [22m[2mHelp Menu Only
[22m[39m[Mock Data Gen 2] Seeded AssistantChat: mock-assistant-chat-1
[90mstdout[2m | src/components/MainToolbar.stories.jsx[2m > [22m[2mHelp Menu Only
[22m[39m[Mock Data] seedMockFiles: Adding 6 files
[90mstdout[2m | src/components/MainToolbar.stories.jsx[2m > [22m[2mHelp Menu Only
[22m[39m[Mock Data Gen 2] Seeded Files: 6
[90mstdout[2m | src/components/MainToolbar.stories.jsx[2m > [22m[2mHelp Menu Only
[22m[39m[Preview] Initialized default mock data for story
[90mstdout[2m | src/components/MainToolbar.stories.jsx[2m > [22m[2mHelp Menu Only
[22m[39m[Mock AuthContext] Providing auth: {
  "error": undefined,
  "isLoading": false,
  "session": {
    "idToken": {
      "toString": [Function toString],
    },
    "identityId": "us-east-1:mock-identity-123",
    "username": "mock-user-sub",
  },
  "user": {
    "attributes": {
      "email": "alice@example.com",
      "name": "Alice Student",
      "sub": "mock-user-sub",
    },
  },
}
[90mstdout[2m | src/components/MainToolbar.stories.jsx[2m > [22m[2mHelp Menu Only
[22m[39m[Mock Data] generateClient() called - returning mock client
[90mstdout[2m | src/components/MainToolbar.stories.jsx[2m > [22m[2mHelp Menu Only
[22m[39m[Mock amplifyClient] getAmplifyClient() called - returning mock client
[90mstdout[2m | src/components/MainToolbar.stories.jsx[2m > [22m[2mHelp Menu Only
[22m[39m[MOCK CourseVectorStore] Initialized with mock data
[90mstdout[2m | src/components/MainToolbar.stories.jsx[2m > [22m[2mHelp Menu Only
[22m[39m[TranslationModeController] Setting mode to: off
[90mstdout[2m | src/components/MainToolbar.stories.jsx[2m > [22m[2mHelp Menu Only
[22m[39m[SectionContext] useEffect triggered {
  "authLoading": false,
  "hasUser": true,
  "userSub": "mock-user-sub",
}
[90mstdout[2m | src/components/MainToolbar.stories.jsx[2m > [22m[2mHelp Menu Only
[22m[39m[SectionContext] Fetching sections for userId: mock-user-sub
[90mstdout[2m | src/components/MainToolbar.stories.jsx[2m > [22m[2mHelp Menu Only
[22m[39m[Mock Data] generateClient() called - returning mock client
[90mstdout[2m | src/components/MainToolbar.stories.jsx[2m > [22m[2mHelp Menu Only
[22m[39m[Mock amplifyClient] getAmplifyClient() called - returning mock client
[90mstdout[2m | src/components/MainToolbar.stories.jsx[2m > [22m[2mHelp Menu Only
[22m[39m[Mock Data] Section.list() called with options: undefined
[90mstdout[2m | src/components/MainToolbar.stories.jsx[2m > [22m[2mHelp Menu Only
[22m[39m[Mock Data] generateClient() called - returning mock client
[90mstdout[2m | src/components/MainToolbar.stories.jsx[2m > [22m[2mHelp Menu Only
[22m[39m[Mock amplifyClient] getAmplifyClient() called - returning mock client
[90mstdout[2m | src/components/MainToolbar.stories.jsx[2m > [22m[2mHelp Menu Only
[22m[39m[Mock Data] Assignment.list() called with options: {
  "filter": {
    "unitID": {
      "eq": "mock-unit-id",
    },
  },
}
[90mstdout[2m | src/components/MainToolbar.stories.jsx[2m > [22m[2mHelp Menu Only
[22m[39m[Mock Data] generateClient() called - returning mock client
[90mstdout[2m | src/components/MainToolbar.stories.jsx[2m > [22m[2mHelp Menu Only
[22m[39m[Mock amplifyClient] getAmplifyClient() called - returning mock client
[90mstdout[2m | src/components/MainToolbar.stories.jsx[2m > [22m[2mHelp Menu Only
[22m[39m[Mock Data] Grade.observeQuery() called with filter: {
  "filter": {
    "unitID": {
      "eq": "mock-unit-id",
    },
  },
}
[90mstdout[2m | src/components/MainToolbar.stories.jsx[2m > [22m[2mHelp Menu Only
[22m[39m[Mock Data] Grade.observeQuery() applying filter: {
  "unitID": {
    "eq": "mock-unit-id",
  },
}
[90mstdout[2m | src/components/MainToolbar.stories.jsx[2m > [22m[2mHelp Menu Only
[22m[39m[Mock Data] Grade.observeQuery() items before filter: 0
[90mstdout[2m | src/components/MainToolbar.stories.jsx[2m > [22m[2mHelp Menu Only
[22m[39m[Mock Data] Grade.observeQuery() items after filter: 0
[90mstdout[2m | src/components/MainToolbar.stories.jsx[2m > [22m[2mHelp Menu Only
[22m[39m[Mock Data] Grade.observeQuery() returning 0 items (filter applied) {
  "filter": {
    "unitID": {
      "eq": "mock-unit-id",
    },
  },
}
[90mstdout[2m | src/components/MainToolbar.stories.jsx[2m > [22m[2mHelp Menu Only
[22m[39m[Mock Data] Grade subscription added. Total subscriptions: 1
[90mstdout[2m | src/components/MainToolbar.stories.jsx[2m > [22m[2mHelp Menu Only
[22m[39m[UnitContext] useEffect triggered {
  "authLoading": false,
  "hasUser": true,
  "id": "mock-unit-id",
  "userSub": "mock-user-sub",
}
[90mstdout[2m | src/components/MainToolbar.stories.jsx[2m > [22m[2mHelp Menu Only
[22m[39m[UnitContext] Fetching unit data for id: mock-unit-id
[90mstdout[2m | src/components/MainToolbar.stories.jsx[2m > [22m[2mHelp Menu Only
[22m[39m[Mock Data] generateClient() called - returning mock client
[90mstdout[2m | src/components/MainToolbar.stories.jsx[2m > [22m[2mHelp Menu Only
[22m[39m[Mock amplifyClient] getAmplifyClient() called - returning mock client
[90mstdout[2m | src/components/MainToolbar.stories.jsx[2m > [22m[2mHelp Menu Only
[22m[39m[Mock Data] Unit.observeQuery() called with filter: {
  "filter": {
    "id": {
      "eq": "mock-unit-id",
    },
  },
}
[90mstdout[2m | src/components/MainToolbar.stories.jsx[2m > [22m[2mHelp Menu Only
[22m[39m[Mock Data] Unit.observeQuery() applying filter: {
  "id": {
    "eq": "mock-unit-id",
  },
}
[90mstdout[2m | src/components/MainToolbar.stories.jsx[2m > [22m[2mHelp Menu Only
[22m[39m[Mock Data] Unit.observeQuery() items before filter: 0
[90mstdout[2m | src/components/MainToolbar.stories.jsx[2m > [22m[2mHelp Menu Only
[22m[39m[Mock Data] Unit.observeQuery() items after filter: 0
[90mstdout[2m | src/components/MainToolbar.stories.jsx[2m > [22m[2mHelp Menu Only
[22m[39m[Mock Data] Unit.observeQuery() returning 0 items (filter applied) {
  "filter": {
    "id": {
      "eq": "mock-unit-id",
    },
  },
}
[90mstdout[2m | src/components/MainToolbar.stories.jsx[2m > [22m[2mHelp Menu Only
[22m[39m[Mock Data] Unit subscription added. Total subscriptions: 1
[90mstdout[2m | src/components/MainToolbar.stories.jsx[2m > [22m[2mHelp Menu Only
[22m[39m[Mock Data] generateClient() called - returning mock client
[90mstdout[2m | src/components/MainToolbar.stories.jsx[2m > [22m[2mHelp Menu Only
[22m[39m[Mock amplifyClient] getAmplifyClient() called - returning mock client
[90mstdout[2m | src/components/MainToolbar.stories.jsx[2m > [22m[2mHelp Menu Only
[22m[39m[Mock Data] Word.observeQuery() called with filter: undefined
[90mstdout[2m | src/components/MainToolbar.stories.jsx[2m > [22m[2mHelp Menu Only
[22m[39m[Mock Data] Word.observeQuery() returning 0 items (filter applied) undefined
[90mstdout[2m | src/components/MainToolbar.stories.jsx[2m > [22m[2mHelp Menu Only
[22m[39m[Mock Data] Word subscription added. Total subscriptions: 1
[90mstdout[2m | src/components/MainToolbar.stories.jsx[2m > [22m[2mHelp Menu Only
[22m[39m[Mock Data] generateClient() called - returning mock client
[90mstdout[2m | src/components/MainToolbar.stories.jsx[2m > [22m[2mHelp Menu Only
[22m[39m[Mock amplifyClient] getAmplifyClient() called - returning mock client
[90mstdout[2m | src/components/MainToolbar.stories.jsx[2m > [22m[2mHelp Menu Only
[22m[39m[Mock Data] Question.observeQuery() called with filter: undefined
[90mstdout[2m | src/components/MainToolbar.stories.jsx[2m > [22m[2mHelp Menu Only
[22m[39m[Mock Data] Question.observeQuery() returning 0 items (filter applied) undefined
[90mstdout[2m | src/components/MainToolbar.stories.jsx[2m > [22m[2mHelp Menu Only
[22m[39m[Mock Data] Question subscription added. Total subscriptions: 1
[90mstdout[2m | src/components/MainToolbar.stories.jsx[2m > [22m[2mHelp Menu Only
[22m[39m[FilesContext] Initializing vector store from IndexedDB
[90mstdout[2m | src/components/MainToolbar.stories.jsx[2m > [22m[2mHelp Menu Only
[22m[39m[FilesContext] fetchFiles called
[90mstdout[2m | src/components/MainToolbar.stories.jsx[2m > [22m[2mHelp Menu Only
[22m[39m[FilesContext] User authenticated: mock-user-sub
[90mstdout[2m | src/components/MainToolbar.stories.jsx[2m > [22m[2mHelp Menu Only
[22m[39m[FilesContext] Identity ID: us-east-1:mock-identity-123
[90mstdout[2m | src/components/MainToolbar.stories.jsx[2m > [22m[2mHelp Menu Only
[22m[39m[FilesContext] About to subscribe to File model
[90mstdout[2m | src/components/MainToolbar.stories.jsx[2m > [22m[2mHelp Menu Only
[22m[39m[Mock Data] generateClient() called - returning mock client
[90mstdout[2m | src/components/MainToolbar.stories.jsx[2m > [22m[2mHelp Menu Only
[22m[39m[Mock amplifyClient] getAmplifyClient() called - returning mock client
[90mstdout[2m | src/components/MainToolbar.stories.jsx[2m > [22m[2mHelp Menu Only
[22m[39m[Mock Data] File.observeQuery() called with filter: undefined
[90mstdout[2m | src/components/MainToolbar.stories.jsx[2m > [22m[2mHelp Menu Only
[22m[39m[Mock Data] File.observeQuery() returning 6 items (filter applied) undefined
[90mstdout[2m | src/components/MainToolbar.stories.jsx[2m > [22m[2mHelp Menu Only
[22m[39m[Mock Data] File subscription added. Total subscriptions: 1
[90mstdout[2m | src/components/MainToolbar.stories.jsx[2m > [22m[2mHelp Menu Only
[22m[39m[Mock Data] generateClient() called - returning mock client
[90mstdout[2m | src/components/MainToolbar.stories.jsx[2m > [22m[2mHelp Menu Only
[22m[39m[Mock amplifyClient] getAmplifyClient() called - returning mock client
[90mstdout[2m | src/components/MainToolbar.stories.jsx[2m > [22m[2mHelp Menu Only
[22m[39m[Mock Data] Document.observeQuery() called with filter: undefined
[90mstdout[2m | src/components/MainToolbar.stories.jsx[2m > [22m[2mHelp Menu Only
[22m[39m[Mock Data] Document.observeQuery() returning 0 items (filter applied) undefined
[90mstdout[2m | src/components/MainToolbar.stories.jsx[2m > [22m[2mHelp Menu Only
[22m[39m[Mock Data] Document subscription added. Total subscriptions: 1
[90mstdout[2m | src/components/MainToolbar.stories.jsx[2m > [22m[2mHelp Menu Only
[22m[39m[ChatContext] Setting up observeQuery for AssistantChat
[90mstdout[2m | src/components/MainToolbar.stories.jsx[2m > [22m[2mHelp Menu Only
[22m[39m[Mock Data] AssistantChat.observeQuery() called with filter: {
  "sortDirection": "DESC",
  "sortField": "createdAt",
}
[90mstdout[2m | src/components/MainToolbar.stories.jsx[2m > [22m[2mHelp Menu Only
[22m[39m[Mock Data] AssistantChat.observeQuery() returning 1 items (filter applied) {
  "sortDirection": "DESC",
  "sortField": "createdAt",
}
[90mstdout[2m | src/components/MainToolbar.stories.jsx[2m > [22m[2mHelp Menu Only
[22m[39m[Mock Data] AssistantChat subscription added. Total subscriptions: 1
[90mstdout[2m | src/components/MainToolbar.stories.jsx[2m > [22m[2mHelp Menu Only
[22m[39m[ChatContext] Waiting for subscription to initialize
[90mstdout[2m | src/components/MainToolbar.stories.jsx[2m > [22m[2mHelp Menu Only
[22m[39m[SettingsContext] Setting up Settings subscription for user: mock-user-sub
[90mstdout[2m | src/components/MainToolbar.stories.jsx[2m > [22m[2mHelp Menu Only
[22m[39m[Mock Data] generateClient() called - returning mock client
[90mstdout[2m | src/components/MainToolbar.stories.jsx[2m > [22m[2mHelp Menu Only
[22m[39m[Mock amplifyClient] getAmplifyClient() called - returning mock client
[90mstdout[2m | src/components/MainToolbar.stories.jsx[2m > [22m[2mHelp Menu Only
[22m[39m[Mock Data] Settings.observeQuery() called with filter: undefined
[90mstdout[2m | src/components/MainToolbar.stories.jsx[2m > [22m[2mHelp Menu Only
[22m[39m[Mock Data] Settings.observeQuery() returning 0 items (filter applied) undefined
[90mstdout[2m | src/components/MainToolbar.stories.jsx[2m > [22m[2mHelp Menu Only
[22m[39m[Mock Data] Settings subscription added. Total subscriptions: 1
[90mstdout[2m | src/components/MainToolbar.stories.jsx[2m > [22m[2mHelp Menu Only
[22m[39m[SectionContext] Initial sections: 0 []
[90mstdout[2m | src/components/MainToolbar.stories.jsx[2m > [22m[2mHelp Menu Only
[22m[39m[Mock Data] Section.onCreate() called with filter: undefined
[90mstdout[2m | src/components/MainToolbar.stories.jsx[2m > [22m[2mHelp Menu Only
[22m[39m[Mock Data] Section.onCreate() subscription added. Total: 1
[90mstdout[2m | src/components/MainToolbar.stories.jsx[2m > [22m[2mHelp Menu Only
[22m[39m[Mock Data] Section.onUpdate() called with filter: undefined
[90mstdout[2m | src/components/MainToolbar.stories.jsx[2m > [22m[2mHelp Menu Only
[22m[39m[Mock Data] Section.onUpdate() subscription added. Total: 1
[90mstdout[2m | src/components/MainToolbar.stories.jsx[2m > [22m[2mHelp Menu Only
[22m[39m[Mock Data] Section.onDelete() called with filter: undefined
[90mstdout[2m | src/components/MainToolbar.stories.jsx[2m > [22m[2mHelp Menu Only
[22m[39m[Mock Data] Section.onDelete() subscription added. Total: 1
[90mstdout[2m | src/components/MainToolbar.stories.jsx[2m > [22m[2mHelp Menu Only
[22m[39m[Mock Data] Assignment.onCreate() called with filter: {
  "filter": {
    "unitID": {
      "eq": "mock-unit-id",
    },
  },
}
[90mstdout[2m | src/components/MainToolbar.stories.jsx[2m > [22m[2mHelp Menu Only
[22m[39m[Mock Data] Assignment.onCreate() subscription added. Total: 1
[90mstdout[2m | src/components/MainToolbar.stories.jsx[2m > [22m[2mHelp Menu Only
[22m[39m[Mock Data] Assignment.onUpdate() called with filter: {
  "filter": {
    "unitID": {
      "eq": "mock-unit-id",
    },
  },
}
[90mstdout[2m | src/components/MainToolbar.stories.jsx[2m > [22m[2mHelp Menu Only
[22m[39m[Mock Data] Assignment.onUpdate() subscription added. Total: 1
[90mstdout[2m | src/components/MainToolbar.stories.jsx[2m > [22m[2mHelp Menu Only
[22m[39m[Mock Data] Assignment.onDelete() called with filter: {
  "filter": {
    "unitID": {
      "eq": "mock-unit-id",
    },
  },
}
[90mstdout[2m | src/components/MainToolbar.stories.jsx[2m > [22m[2mHelp Menu Only
[22m[39m[Mock Data] Assignment.onDelete() subscription added. Total: 1
[90mstdout[2m | src/components/MainToolbar.stories.jsx[2m > [22m[2mHelp Menu Only
[22m[39m[FilesContext] File observeQuery subscription triggered:
[90mstdout[2m | src/components/MainToolbar.stories.jsx[2m > [22m[2mHelp Menu Only
[22m[39m  - items.length: 6
[90mstdout[2m | src/components/MainToolbar.stories.jsx[2m > [22m[2mHelp Menu Only
[22m[39m  - isSynced: true
[90mstdout[2m | src/components/MainToolbar.stories.jsx[2m > [22m[2mHelp Menu Only
[22m[39m  - items: [
  {
    "_deleted": null,
    "_lastChangedAt": 1767711773285,
    "_version": 1,
    "byHex": null,
    "createdAt": "2026-01-06T15:02:53.253Z",
    "description": "Japanese language textbook - Chapter 1",
    "document": Promise {},
    "documentID": "e01017e1-fe7a-4521-b71c-09ec31b18639",
    "duration": null,
    "embedding": null,
    "generated": null,
    "hex": null,
    "id": "a57d7833-5fa7-4cb7-8b7a-ce7c6e10e551",
    "identityId": "us-east-1:b0eadde9-f02c-c71b-17a6-22ffd37d89c8",
    "key": "files/Japanese Wind 1.pdf",
    "level": "protected",
    "mimeType": "application/pdf",
    "model": null,
    "name": "Japanese Wind 1.pdf",
    "owner": "64d81418-7021-701d-9fed-a4c2e0735711",
    "parsedContent": [Function anonymous],
    "parsedContentID": null,
    "path": "files/Japanese Wind 1.pdf",
    "prompt": null,
    "size": 4706654,
    "thumbnail": null,
    "type": "pdf",
    "updatedAt": "2026-01-06T15:02:53.253Z",
    "variant": null,
    "waveformData": null,
  },
  {
    "_version": 2,
    "createdAt": "2026-01-15T10:00:00.000Z",
    "description": "Sample report with vocabulary",
    "document": Promise {},
    "documentID": "cd824b5b-2c66-41f8-8571-aa6794ff590c",
    "generated": false,
    "id": "mock-pdf-file-2",
    "identityId": "us-east-1:mock-identity",
    "key": "files/report.pdf",
    "level": "protected",
    "mimeType": "application/pdf",
    "name": "report.pdf",
    "owner": "mock-user-id",
    "parsedContent": [Function anonymous],
    "path": "files/report.pdf",
    "size": 123456,
    "type": "pdf",
    "updatedAt": "2026-01-15T10:30:00.000Z",
  },
  {
    "_version": 3,
    "createdAt": "2026-01-14T08:00:00.000Z",
    "description": "Vocabulary lesson PDF with extracted content",
    "document": Promise {},
    "documentID": "mock-document-3",
    "generated": false,
    "id": "mock-pdf-file-3",
    "identityId": "us-east-1:mock-identity",
    "key": "files/vocabulary-lesson.pdf",
    "level": "public",
    "mimeType": "application/pdf",
    "name": "vocabulary-lesson.pdf",
    "owner": "mock-user-id",
    "parsedContent": [Function anonymous],
    "path": "files/vocabulary-lesson.pdf",
    "size": 567890,
    "type": "pdf",
    "updatedAt": "2026-01-14T08:45:00.000Z",
  },
  {
    "_version": 1,
    "createdAt": "2026-01-20T10:00:00.000Z",
    "description": "Sample pronunciation audio",
    "documentID": null,
    "duration": 3.5,
    "generated": true,
    "id": "mock-audio-file-1",
    "identityId": "us-east-1:mock-identity",
    "key": "audio/pronunciation-demo.mp3",
    "level": "public",
    "mimeType": "audio/mpeg",
    "name": "pronunciation-demo.mp3",
    "owner": "mock-user-id",
    "parsedContent": [Function anonymous],
    "path": "/story-mocks/cinematic-designed-sci-fi-whoosh-transition-nexawave-228295.mp3",
    "size": 56789,
    "type": "audio",
    "updatedAt": "2026-01-20T10:00:00.000Z",
    "waveformData": null,
  },
  {
    "_version": 1,
    "createdAt": "2026-01-19T14:30:00.000Z",
    "description": "Lesson introduction audio",
    "documentID": null,
    "duration": 5.2,
    "generated": false,
    "id": "mock-audio-file-2",
    "identityId": "us-east-1:mock-identity",
    "key": "audio/lesson-intro.mp3",
    "level": "public",
    "mimeType": "audio/mpeg",
    "name": "lesson-intro.mp3",
    "owner": "mock-user-id",
    "parsedContent": [Function anonymous],
    "path": "/story-mocks/descent-whoosh-long-cinematic-sound-effect-405921.mp3",
    "size": 87654,
    "type": "audio",
    "updatedAt": "2026-01-19T14:30:00.000Z",
    "waveformData": null,
  },
  {
    "_version": 1,
    "createdAt": "2026-01-18T09:15:00.000Z",
    "description": "Hiragana character chart",
    "documentID": null,
    "generated": false,
    "id": "mock-image-file-1",
    "identityId": "us-east-1:mock-identity",
    "key": "images/hiragana-chart.png",
    "level": "public",
    "mimeType": "image/png",
    "name": "hiragana-chart.png",
    "owner": "mock-user-id",
    "parsedContent": [Function anonymous],
    "path": "images/hiragana-chart.png",
    "size": 234567,
    "thumbnail": "thumbnails/hiragana-chart-thumb.png",
    "type": "image",
    "updatedAt": "2026-01-18T09:15:00.000Z",
  },
]
[90mstdout[2m | src/components/MainToolbar.stories.jsx[2m > [22m[2mHelp Menu Only
[22m[39m[FilesContext] Files count changed: 0 → 6
[90mstdout[2m | src/components/MainToolbar.stories.jsx[2m > [22m[2mHelp Menu Only
[22m[39m[MOCK CourseVectorStore] Initialized with mock data
[90mstdout[2m | src/components/MainToolbar.stories.jsx[2m > [22m[2mHelp Menu Only
[22m[39m[MOCK CourseVectorStore] Initialized with mock data
[90mstdout[2m | src/components/MainToolbar.stories.jsx[2m > [22m[2mHelp Menu Only
[22m[39m[useTranslationWithCapture] t() called: {
  "key": "common.help",
  "mode": "off",
  "namespace": "components",
  "value": "Help",
}
[90mstdout[2m | src/components/MainToolbar.stories.jsx[2m > [22m[2mHelp Menu Only
[22m[39m[i18next] Missing key: components:mainToolbar.help for [
  "en",
]
[90mstdout[2m | src/components/MainToolbar.stories.jsx[2m > [22m[2mHelp Menu Only
[22m[39m[useTranslationWithCapture] t() called: {
  "key": "mainToolbar.help",
  "mode": "off",
  "namespace": "components",
  "value": "Help",
}
[90mstdout[2m | src/components/MainToolbar.stories.jsx[2m > [22m[2mHelp Menu Only
[22m[39m[ChatContext] AssistantChat query update: 1 items (synced)
[90mstdout[2m | src/components/MainToolbar.stories.jsx[2m > [22m[2mHelp Menu Only
[22m[39m[ChatContext] First item details: {
  "id": "mock-assistant-chat-1",
  "updatedAt": "2024-01-26T10:15:00.000Z",
}
[90mstdout[2m | src/components/MainToolbar.stories.jsx[2m > [22m[2mHelp Menu Only
[22m[39m[ChatContext] AssistantChat subscription initialized
[90mstdout[2m | src/components/MainToolbar.stories.jsx[2m > [22m[2mHelp Menu Only
[22m[39m[ChatContext] AssistantChat list updated: 1 chats
[90mstdout[2m | src/components/MainToolbar.stories.jsx[2m > [22m[2mHelp Menu Only
[22m[39m[Mock Data] Settings.create() called with: {
  "assistantVoice": "shimmer",
  "autoAnalyzeDocuments": true,
  "defaultAIModel": "gpt-4",
  "documentAnalysisModel": "gpt-4",
  "editorFontSize": 14,
  "editorTheme": "auto",
  "emailNotifications": true,
  "language": "en",
  "webhookNotifications": false,
}
[90mstdout[2m | src/components/MainToolbar.stories.jsx[2m > [22m[2mHelp Menu Only
[22m[39m[Mock Data] Settings created: mock-settings-1776336969071 - notified 1 subscribers
[90mstdout[2m | src/components/MainToolbar.stories.jsx[2m > [22m[2mHelp Menu Only
[22m[39m[FilesContext] Vector store population triggered {
  "currentVectorStoreSize": 3,
  "documentsCount": 0,
  "filesCount": 6,
  "isInitialLoad": true,
}
[90mstdout[2m | src/components/MainToolbar.stories.jsx[2m > [22m[2mHelp Menu Only
[22m[39m[FilesContext] Vector store population complete - 3 total embeddings
[90mstdout[2m | src/components/MainToolbar.stories.jsx[2m > [22m[2mHelp Menu Only
[22m[39m[ChatContext] Setting initial chat: mock-assistant-chat-1
[90mstdout[2m | src/components/MainToolbar.stories.jsx[2m > [22m[2mHelp Menu Only
[22m[39m[ChatContext] Chat exists and not archived, skipping creation
[90mstdout[2m | src/components/MainToolbar.stories.jsx[2m > [22m[2mHelp Menu Only
[22m[39m[useTranslationWithCapture] t() called: {
  "key": "common.help",
  "mode": "off",
  "namespace": "components",
  "value": "Help",
}
[90mstdout[2m | src/components/MainToolbar.stories.jsx[2m > [22m[2mHelp Menu Only
[22m[39m[i18next] Missing key: components:mainToolbar.help for [
  "en",
]
[90mstdout[2m | src/components/MainToolbar.stories.jsx[2m > [22m[2mHelp Menu Only
[22m[39m[useTranslationWithCapture] t() called: {
  "key": "mainToolbar.help",
  "mode": "off",
  "namespace": "components",
  "value": "Help",
}
[90mstdout[2m | src/components/MainToolbar.stories.jsx[2m > [22m[2mHelp Menu Only
[22m[39mfilterWords {
  "filter": "",
  "wordsCount": 0,
}
[90mstdout[2m | src/components/MainToolbar.stories.jsx[2m > [22m[2mUser Menu Only
[22m[39m[Mock Data] Settings subscription unsubscribed. Remaining: 0
[90mstdout[2m | src/components/MainToolbar.stories.jsx[2m > [22m[2mUser Menu Only
[22m[39m[ChatContext] Cleaning up subscription
[90mstdout[2m | src/components/MainToolbar.stories.jsx[2m > [22m[2mUser Menu Only
[22m[39m[Mock Data] AssistantChat subscription unsubscribed. Remaining: 0
[90mstdout[2m | src/components/MainToolbar.stories.jsx[2m > [22m[2mUser Menu Only
[22m[39m[Mock Data] File subscription unsubscribed. Remaining: 0
[90mstdout[2m | src/components/MainToolbar.stories.jsx[2m > [22m[2mUser Menu Only
[22m[39m[Mock Data] Document subscription unsubscribed. Remaining: 0
[90mstdout[2m | src/components/MainToolbar.stories.jsx[2m > [22m[2mUser Menu Only
[22m[39m[Mock Data] Word subscription unsubscribed. Remaining: 0
[90mstdout[2m | src/components/MainToolbar.stories.jsx[2m > [22m[2mUser Menu Only
[22m[39m[Mock Data] Question subscription unsubscribed. Remaining: 0
[90mstdout[2m | src/components/MainToolbar.stories.jsx[2m > [22m[2mUser Menu Only
[22m[39m[Mock Data] Grade subscription unsubscribed. Remaining: 0
[90mstdout[2m | src/components/MainToolbar.stories.jsx[2m > [22m[2mUser Menu Only
[22m[39m[Mock Data] Unit subscription unsubscribed. Remaining: 0
[90mstdout[2m | src/components/MainToolbar.stories.jsx[2m > [22m[2mUser Menu Only
[22m[39m[SectionContext] Cleaning up subscriptions
[90mstdout[2m | src/components/MainToolbar.stories.jsx[2m > [22m[2mUser Menu Only
[22m[39m[Mock Data] Section.onCreate() subscription removed. Remaining: 0
[90mstdout[2m | src/components/MainToolbar.stories.jsx[2m > [22m[2mUser Menu Only
[22m[39m[Mock Data] Section.onUpdate() subscription removed. Remaining: 0
[90mstdout[2m | src/components/MainToolbar.stories.jsx[2m > [22m[2mUser Menu Only
[22m[39m[Mock Data] Section.onDelete() subscription removed. Remaining: 0
[90mstdout[2m | src/components/MainToolbar.stories.jsx[2m > [22m[2mUser Menu Only
[22m[39m[Mock Data] Assignment.onCreate() subscription removed. Remaining: 0
[90mstdout[2m | src/components/MainToolbar.stories.jsx[2m > [22m[2mUser Menu Only
[22m[39m[Mock Data] Assignment.onUpdate() subscription removed. Remaining: 0
[90mstdout[2m | src/components/MainToolbar.stories.jsx[2m > [22m[2mUser Menu Only
[22m[39m[Mock Data] Assignment.onDelete() subscription removed. Remaining: 0
[90mstdout[2m | src/components/MainToolbar.stories.jsx[2m > [22m[2mUser Menu Only
[22m[39m[Mock Data] Clearing all data stores
[90mstdout[2m | src/components/MainToolbar.stories.jsx[2m > [22m[2mUser Menu Only
[22m[39m[Mock Data] All data stores cleared
[90mstdout[2m | src/components/MainToolbar.stories.jsx[2m > [22m[2mUser Menu Only
[22m[39m[Preview] Cleared mock data for story
[90mstdout[2m | src/components/MainToolbar.stories.jsx[2m > [22m[2mUser Menu Only
[22m[39m[Mock Data Gen 2] Initializing mock data
[90mstdout[2m | src/components/MainToolbar.stories.jsx[2m > [22m[2mUser Menu Only
[22m[39m[Mock Data] seedMockAssistantChats: Replacing with 1 assistant chats
[90mstdout[2m | src/components/MainToolbar.stories.jsx[2m > [22m[2mUser Menu Only
[22m[39m[Mock Data Gen 2] Seeded AssistantChat: mock-assistant-chat-1
[90mstdout[2m | src/components/MainToolbar.stories.jsx[2m > [22m[2mUser Menu Only
[22m[39m[Mock Data] seedMockFiles: Adding 6 files
[90mstdout[2m | src/components/MainToolbar.stories.jsx[2m > [22m[2mUser Menu Only
[22m[39m[Mock Data Gen 2] Seeded Files: 6
[90mstdout[2m | src/components/MainToolbar.stories.jsx[2m > [22m[2mUser Menu Only
[22m[39m[Mock Data Gen 2] Initializing mock data
[90mstdout[2m | src/components/MainToolbar.stories.jsx[2m > [22m[2mUser Menu Only
[22m[39m[Mock Data] seedMockAssistantChats: Replacing with 1 assistant chats
[90mstdout[2m | src/components/MainToolbar.stories.jsx[2m > [22m[2mUser Menu Only
[22m[39m[Mock Data Gen 2] Seeded AssistantChat: mock-assistant-chat-1
[90mstdout[2m | src/components/MainToolbar.stories.jsx[2m > [22m[2mUser Menu Only
[22m[39m[Mock Data] seedMockFiles: Adding 6 files
[90mstdout[2m | src/components/MainToolbar.stories.jsx[2m > [22m[2mUser Menu Only
[22m[39m[Mock Data Gen 2] Seeded Files: 6
[90mstdout[2m | src/components/MainToolbar.stories.jsx[2m > [22m[2mUser Menu Only
[22m[39m[Preview] Initialized default mock data for story
[90mstdout[2m | src/components/MainToolbar.stories.jsx[2m > [22m[2mUser Menu Only
[22m[39m[Mock AuthContext] Providing auth: {
  "error": undefined,
  "isLoading": false,
  "session": {
    "idToken": {
      "toString": [Function toString],
    },
    "identityId": "us-east-1:mock-identity-123",
    "username": "mock-user-sub",
  },
  "user": {
    "attributes": {
      "email": "alice@example.com",
      "name": "Alice Student",
      "sub": "mock-user-sub",
    },
  },
}
[90mstdout[2m | src/components/MainToolbar.stories.jsx[2m > [22m[2mUser Menu Only
[22m[39m[Mock Data] generateClient() called - returning mock client
[90mstdout[2m | src/components/MainToolbar.stories.jsx[2m > [22m[2mUser Menu Only
[22m[39m[Mock amplifyClient] getAmplifyClient() called - returning mock client
[90mstdout[2m | src/components/MainToolbar.stories.jsx[2m > [22m[2mUser Menu Only
[22m[39m[MOCK CourseVectorStore] Initialized with mock data
[90mstdout[2m | src/components/MainToolbar.stories.jsx[2m > [22m[2mUser Menu Only
[22m[39m[TranslationModeController] Setting mode to: off
[90mstdout[2m | src/components/MainToolbar.stories.jsx[2m > [22m[2mUser Menu Only
[22m[39m[SectionContext] useEffect triggered {
  "authLoading": false,
  "hasUser": true,
  "userSub": "mock-user-sub",
}
[90mstdout[2m | src/components/MainToolbar.stories.jsx[2m > [22m[2mUser Menu Only
[22m[39m[SectionContext] Fetching sections for userId: mock-user-sub
[90mstdout[2m | src/components/MainToolbar.stories.jsx[2m > [22m[2mUser Menu Only
[22m[39m[Mock Data] generateClient() called - returning mock client
[90mstdout[2m | src/components/MainToolbar.stories.jsx[2m > [22m[2mUser Menu Only
[22m[39m[Mock amplifyClient] getAmplifyClient() called - returning mock client
[90mstdout[2m | src/components/MainToolbar.stories.jsx[2m > [22m[2mUser Menu Only
[22m[39m[Mock Data] Section.list() called with options: undefined
[90mstdout[2m | src/components/MainToolbar.stories.jsx[2m > [22m[2mUser Menu Only
[22m[39m[Mock Data] generateClient() called - returning mock client
[90mstdout[2m | src/components/MainToolbar.stories.jsx[2m > [22m[2mUser Menu Only
[22m[39m[Mock amplifyClient] getAmplifyClient() called - returning mock client
[90mstdout[2m | src/components/MainToolbar.stories.jsx[2m > [22m[2mUser Menu Only
[22m[39m[Mock Data] Assignment.list() called with options: {
  "filter": {
    "unitID": {
      "eq": "mock-unit-id",
    },
  },
}
[90mstdout[2m | src/components/MainToolbar.stories.jsx[2m > [22m[2mUser Menu Only
[22m[39m[Mock Data] generateClient() called - returning mock client
[90mstdout[2m | src/components/MainToolbar.stories.jsx[2m > [22m[2mUser Menu Only
[22m[39m[Mock amplifyClient] getAmplifyClient() called - returning mock client
[90mstdout[2m | src/components/MainToolbar.stories.jsx[2m > [22m[2mUser Menu Only
[22m[39m[Mock Data] Grade.observeQuery() called with filter: {
  "filter": {
    "unitID": {
      "eq": "mock-unit-id",
    },
  },
}
[90mstdout[2m | src/components/MainToolbar.stories.jsx[2m > [22m[2mUser Menu Only
[22m[39m[Mock Data] Grade.observeQuery() applying filter: {
  "unitID": {
    "eq": "mock-unit-id",
  },
}
[90mstdout[2m | src/components/MainToolbar.stories.jsx[2m > [22m[2mUser Menu Only
[22m[39m[Mock Data] Grade.observeQuery() items before filter: 0
[90mstdout[2m | src/components/MainToolbar.stories.jsx[2m > [22m[2mUser Menu Only
[22m[39m[Mock Data] Grade.observeQuery() items after filter: 0
[90mstdout[2m | src/components/MainToolbar.stories.jsx[2m > [22m[2mUser Menu Only
[22m[39m[Mock Data] Grade.observeQuery() returning 0 items (filter applied) {
  "filter": {
    "unitID": {
      "eq": "mock-unit-id",
    },
  },
}
[90mstdout[2m | src/components/MainToolbar.stories.jsx[2m > [22m[2mUser Menu Only
[22m[39m[Mock Data] Grade subscription added. Total subscriptions: 1
[90mstdout[2m | src/components/MainToolbar.stories.jsx[2m > [22m[2mUser Menu Only
[22m[39m[UnitContext] useEffect triggered {
  "authLoading": false,
  "hasUser": true,
  "id": "mock-unit-id",
  "userSub": "mock-user-sub",
}
[90mstdout[2m | src/components/MainToolbar.stories.jsx[2m > [22m[2mUser Menu Only
[22m[39m[UnitContext] Fetching unit data for id: mock-unit-id
[90mstdout[2m | src/components/MainToolbar.stories.jsx[2m > [22m[2mUser Menu Only
[22m[39m[Mock Data] generateClient() called - returning mock client
[90mstdout[2m | src/components/MainToolbar.stories.jsx[2m > [22m[2mUser Menu Only
[22m[39m[Mock amplifyClient] getAmplifyClient() called - returning mock client
[90mstdout[2m | src/components/MainToolbar.stories.jsx[2m > [22m[2mUser Menu Only
[22m[39m[Mock Data] Unit.observeQuery() called with filter: {
  "filter": {
    "id": {
      "eq": "mock-unit-id",
    },
  },
}
[90mstdout[2m | src/components/MainToolbar.stories.jsx[2m > [22m[2mUser Menu Only
[22m[39m[Mock Data] Unit.observeQuery() applying filter: {
  "id": {
    "eq": "mock-unit-id",
  },
}
[90mstdout[2m | src/components/MainToolbar.stories.jsx[2m > [22m[2mUser Menu Only
[22m[39m[Mock Data] Unit.observeQuery() items before filter: 0
[90mstdout[2m | src/components/MainToolbar.stories.jsx[2m > [22m[2mUser Menu Only
[22m[39m[Mock Data] Unit.observeQuery() items after filter: 0
[90mstdout[2m | src/components/MainToolbar.stories.jsx[2m > [22m[2mUser Menu Only
[22m[39m[Mock Data] Unit.observeQuery() returning 0 items (filter applied) {
  "filter": {
    "id": {
      "eq": "mock-unit-id",
    },
  },
}
[90mstdout[2m | src/components/MainToolbar.stories.jsx[2m > [22m[2mUser Menu Only
[22m[39m[Mock Data] Unit subscription added. Total subscriptions: 1
[90mstdout[2m | src/components/MainToolbar.stories.jsx[2m > [22m[2mUser Menu Only
[22m[39m[Mock Data] generateClient() called - returning mock client
[90mstdout[2m | src/components/MainToolbar.stories.jsx[2m > [22m[2mUser Menu Only
[22m[39m[Mock amplifyClient] getAmplifyClient() called - returning mock client
[90mstdout[2m | src/components/MainToolbar.stories.jsx[2m > [22m[2mUser Menu Only
[22m[39m[Mock Data] Word.observeQuery() called with filter: undefined
[90mstdout[2m | src/components/MainToolbar.stories.jsx[2m > [22m[2mUser Menu Only
[22m[39m[Mock Data] Word.observeQuery() returning 0 items (filter applied) undefined
[90mstdout[2m | src/components/MainToolbar.stories.jsx[2m > [22m[2mUser Menu Only
[22m[39m[Mock Data] Word subscription added. Total subscriptions: 1
[90mstdout[2m | src/components/MainToolbar.stories.jsx[2m > [22m[2mUser Menu Only
[22m[39m[Mock Data] generateClient() called - returning mock client
[90mstdout[2m | src/components/MainToolbar.stories.jsx[2m > [22m[2mUser Menu Only
[22m[39m[Mock amplifyClient] getAmplifyClient() called - returning mock client
[90mstdout[2m | src/components/MainToolbar.stories.jsx[2m > [22m[2mUser Menu Only
[22m[39m[Mock Data] Question.observeQuery() called with filter: undefined
[90mstdout[2m | src/components/MainToolbar.stories.jsx[2m > [22m[2mUser Menu Only
[22m[39m[Mock Data] Question.observeQuery() returning 0 items (filter applied) undefined
[90mstdout[2m | src/components/MainToolbar.stories.jsx[2m > [22m[2mUser Menu Only
[22m[39m[Mock Data] Question subscription added. Total subscriptions: 1
[90mstdout[2m | src/components/MainToolbar.stories.jsx[2m > [22m[2mUser Menu Only
[22m[39m[FilesContext] Initializing vector store from IndexedDB
[90mstdout[2m | src/components/MainToolbar.stories.jsx[2m > [22m[2mUser Menu Only
[22m[39m[FilesContext] fetchFiles called
[90mstdout[2m | src/components/MainToolbar.stories.jsx[2m > [22m[2mUser Menu Only
[22m[39m[FilesContext] User authenticated: mock-user-sub
[90mstdout[2m | src/components/MainToolbar.stories.jsx[2m > [22m[2mUser Menu Only
[22m[39m[FilesContext] Identity ID: us-east-1:mock-identity-123
[90mstdout[2m | src/components/MainToolbar.stories.jsx[2m > [22m[2mUser Menu Only
[22m[39m[FilesContext] About to subscribe to File model
[90mstdout[2m | src/components/MainToolbar.stories.jsx[2m > [22m[2mUser Menu Only
[22m[39m[Mock Data] generateClient() called - returning mock client
[90mstdout[2m | src/components/MainToolbar.stories.jsx[2m > [22m[2mUser Menu Only
[22m[39m[Mock amplifyClient] getAmplifyClient() called - returning mock client
[90mstdout[2m | src/components/MainToolbar.stories.jsx[2m > [22m[2mUser Menu Only
[22m[39m[Mock Data] File.observeQuery() called with filter: undefined
[90mstdout[2m | src/components/MainToolbar.stories.jsx[2m > [22m[2mUser Menu Only
[22m[39m[Mock Data] File.observeQuery() returning 6 items (filter applied) undefined
[90mstdout[2m | src/components/MainToolbar.stories.jsx[2m > [22m[2mUser Menu Only
[22m[39m[Mock Data] File subscription added. Total subscriptions: 1
[90mstdout[2m | src/components/MainToolbar.stories.jsx[2m > [22m[2mUser Menu Only
[22m[39m[Mock Data] generateClient() called - returning mock client
[90mstdout[2m | src/components/MainToolbar.stories.jsx[2m > [22m[2mUser Menu Only
[22m[39m[Mock amplifyClient] getAmplifyClient() called - returning mock client
[90mstdout[2m | src/components/MainToolbar.stories.jsx[2m > [22m[2mUser Menu Only
[22m[39m[Mock Data] Document.observeQuery() called with filter: undefined
[90mstdout[2m | src/components/MainToolbar.stories.jsx[2m > [22m[2mUser Menu Only
[22m[39m[Mock Data] Document.observeQuery() returning 0 items (filter applied) undefined
[90mstdout[2m | src/components/MainToolbar.stories.jsx[2m > [22m[2mUser Menu Only
[22m[39m[Mock Data] Document subscription added. Total subscriptions: 1
[90mstdout[2m | src/components/MainToolbar.stories.jsx[2m > [22m[2mUser Menu Only
[22m[39m[ChatContext] Setting up observeQuery for AssistantChat
[90mstdout[2m | src/components/MainToolbar.stories.jsx[2m > [22m[2mUser Menu Only
[22m[39m[Mock Data] AssistantChat.observeQuery() called with filter: {
  "sortDirection": "DESC",
  "sortField": "createdAt",
}
[90mstdout[2m | src/components/MainToolbar.stories.jsx[2m > [22m[2mUser Menu Only
[22m[39m[Mock Data] AssistantChat.observeQuery() returning 1 items (filter applied) {
  "sortDirection": "DESC",
  "sortField": "createdAt",
}
[90mstdout[2m | src/components/MainToolbar.stories.jsx[2m > [22m[2mUser Menu Only
[22m[39m[Mock Data] AssistantChat subscription added. Total subscriptions: 1
[90mstdout[2m | src/components/MainToolbar.stories.jsx[2m > [22m[2mUser Menu Only
[22m[39m[ChatContext] Waiting for subscription to initialize
[90mstdout[2m | src/components/MainToolbar.stories.jsx[2m > [22m[2mUser Menu Only
[22m[39m[SettingsContext] Setting up Settings subscription for user: mock-user-sub
[90mstdout[2m | src/components/MainToolbar.stories.jsx[2m > [22m[2mUser Menu Only
[22m[39m[Mock Data] generateClient() called - returning mock client
[90mstdout[2m | src/components/MainToolbar.stories.jsx[2m > [22m[2mUser Menu Only
[22m[39m[Mock amplifyClient] getAmplifyClient() called - returning mock client
[90mstdout[2m | src/components/MainToolbar.stories.jsx[2m > [22m[2mUser Menu Only
[22m[39m[Mock Data] Settings.observeQuery() called with filter: undefined
[90mstdout[2m | src/components/MainToolbar.stories.jsx[2m > [22m[2mUser Menu Only
[22m[39m[Mock Data] Settings.observeQuery() returning 0 items (filter applied) undefined
[90mstdout[2m | src/components/MainToolbar.stories.jsx[2m > [22m[2mUser Menu Only
[22m[39m[Mock Data] Settings subscription added. Total subscriptions: 1
[90mstdout[2m | src/components/MainToolbar.stories.jsx[2m > [22m[2mUser Menu Only
[22m[39m[SectionContext] Initial sections: 0 []
[90mstdout[2m | src/components/MainToolbar.stories.jsx[2m > [22m[2mUser Menu Only
[22m[39m[Mock Data] Section.onCreate() called with filter: undefined
[90mstdout[2m | src/components/MainToolbar.stories.jsx[2m > [22m[2mUser Menu Only
[22m[39m[Mock Data] Section.onCreate() subscription added. Total: 1
[90mstdout[2m | src/components/MainToolbar.stories.jsx[2m > [22m[2mUser Menu Only
[22m[39m[Mock Data] Section.onUpdate() called with filter: undefined
[90mstdout[2m | src/components/MainToolbar.stories.jsx[2m > [22m[2mUser Menu Only
[22m[39m[Mock Data] Section.onUpdate() subscription added. Total: 1
[90mstdout[2m | src/components/MainToolbar.stories.jsx[2m > [22m[2mUser Menu Only
[22m[39m[Mock Data] Section.onDelete() called with filter: undefined
[90mstdout[2m | src/components/MainToolbar.stories.jsx[2m > [22m[2mUser Menu Only
[22m[39m[Mock Data] Section.onDelete() subscription added. Total: 1
[90mstdout[2m | src/components/MainToolbar.stories.jsx[2m > [22m[2mUser Menu Only
[22m[39m[Mock Data] Assignment.onCreate() called with filter: {
  "filter": {
    "unitID": {
      "eq": "mock-unit-id",
    },
  },
}
[90mstdout[2m | src/components/MainToolbar.stories.jsx[2m > [22m[2mUser Menu Only
[22m[39m[Mock Data] Assignment.onCreate() subscription added. Total: 1
[90mstdout[2m | src/components/MainToolbar.stories.jsx[2m > [22m[2mUser Menu Only
[22m[39m[Mock Data] Assignment.onUpdate() called with filter: {
  "filter": {
    "unitID": {
      "eq": "mock-unit-id",
    },
  },
}
[90mstdout[2m | src/components/MainToolbar.stories.jsx[2m > [22m[2mUser Menu Only
[22m[39m[Mock Data] Assignment.onUpdate() subscription added. Total: 1
[90mstdout[2m | src/components/MainToolbar.stories.jsx[2m > [22m[2mUser Menu Only
[22m[39m[Mock Data] Assignment.onDelete() called with filter: {
  "filter": {
    "unitID": {
      "eq": "mock-unit-id",
    },
  },
}
[90mstdout[2m | src/components/MainToolbar.stories.jsx[2m > [22m[2mUser Menu Only
[22m[39m[Mock Data] Assignment.onDelete() subscription added. Total: 1
[90mstdout[2m | src/components/MainToolbar.stories.jsx[2m > [22m[2mUser Menu Only
[22m[39m[FilesContext] File observeQuery subscription triggered:
[90mstdout[2m | src/components/MainToolbar.stories.jsx[2m > [22m[2mUser Menu Only
[22m[39m  - items.length: 6
[90mstdout[2m | src/components/MainToolbar.stories.jsx[2m > [22m[2mUser Menu Only
[22m[39m  - isSynced: true
[90mstdout[2m | src/components/MainToolbar.stories.jsx[2m > [22m[2mUser Menu Only
[22m[39m  - items: [
  {
    "_deleted": null,
    "_lastChangedAt": 1767711773285,
    "_version": 1,
    "byHex": null,
    "createdAt": "2026-01-06T15:02:53.253Z",
    "description": "Japanese language textbook - Chapter 1",
    "document": Promise {},
    "documentID": "e01017e1-fe7a-4521-b71c-09ec31b18639",
    "duration": null,
    "embedding": null,
    "generated": null,
    "hex": null,
    "id": "a57d7833-5fa7-4cb7-8b7a-ce7c6e10e551",
    "identityId": "us-east-1:b0eadde9-f02c-c71b-17a6-22ffd37d89c8",
    "key": "files/Japanese Wind 1.pdf",
    "level": "protected",
    "mimeType": "application/pdf",
    "model": null,
    "name": "Japanese Wind 1.pdf",
    "owner": "64d81418-7021-701d-9fed-a4c2e0735711",
    "parsedContent": [Function anonymous],
    "parsedContentID": null,
    "path": "files/Japanese Wind 1.pdf",
    "prompt": null,
    "size": 4706654,
    "thumbnail": null,
    "type": "pdf",
    "updatedAt": "2026-01-06T15:02:53.253Z",
    "variant": null,
    "waveformData": null,
  },
  {
    "_version": 2,
    "createdAt": "2026-01-15T10:00:00.000Z",
    "description": "Sample report with vocabulary",
    "document": Promise {},
    "documentID": "cd824b5b-2c66-41f8-8571-aa6794ff590c",
    "generated": false,
    "id": "mock-pdf-file-2",
    "identityId": "us-east-1:mock-identity",
    "key": "files/report.pdf",
    "level": "protected",
    "mimeType": "application/pdf",
    "name": "report.pdf",
    "owner": "mock-user-id",
    "parsedContent": [Function anonymous],
    "path": "files/report.pdf",
    "size": 123456,
    "type": "pdf",
    "updatedAt": "2026-01-15T10:30:00.000Z",
  },
  {
    "_version": 3,
    "createdAt": "2026-01-14T08:00:00.000Z",
    "description": "Vocabulary lesson PDF with extracted content",
    "document": Promise {},
    "documentID": "mock-document-3",
    "generated": false,
    "id": "mock-pdf-file-3",
    "identityId": "us-east-1:mock-identity",
    "key": "files/vocabulary-lesson.pdf",
    "level": "public",
    "mimeType": "application/pdf",
    "name": "vocabulary-lesson.pdf",
    "owner": "mock-user-id",
    "parsedContent": [Function anonymous],
    "path": "files/vocabulary-lesson.pdf",
    "size": 567890,
    "type": "pdf",
    "updatedAt": "2026-01-14T08:45:00.000Z",
  },
  {
    "_version": 1,
    "createdAt": "2026-01-20T10:00:00.000Z",
    "description": "Sample pronunciation audio",
    "documentID": null,
    "duration": 3.5,
    "generated": true,
    "id": "mock-audio-file-1",
    "identityId": "us-east-1:mock-identity",
    "key": "audio/pronunciation-demo.mp3",
    "level": "public",
    "mimeType": "audio/mpeg",
    "name": "pronunciation-demo.mp3",
    "owner": "mock-user-id",
    "parsedContent": [Function anonymous],
    "path": "/story-mocks/cinematic-designed-sci-fi-whoosh-transition-nexawave-228295.mp3",
    "size": 56789,
    "type": "audio",
    "updatedAt": "2026-01-20T10:00:00.000Z",
    "waveformData": null,
  },
  {
    "_version": 1,
    "createdAt": "2026-01-19T14:30:00.000Z",
    "description": "Lesson introduction audio",
    "documentID": null,
    "duration": 5.2,
    "generated": false,
    "id": "mock-audio-file-2",
    "identityId": "us-east-1:mock-identity",
    "key": "audio/lesson-intro.mp3",
    "level": "public",
    "mimeType": "audio/mpeg",
    "name": "lesson-intro.mp3",
    "owner": "mock-user-id",
    "parsedContent": [Function anonymous],
    "path": "/story-mocks/descent-whoosh-long-cinematic-sound-effect-405921.mp3",
    "size": 87654,
    "type": "audio",
    "updatedAt": "2026-01-19T14:30:00.000Z",
    "waveformData": null,
  },
  {
    "_version": 1,
    "createdAt": "2026-01-18T09:15:00.000Z",
    "description": "Hiragana character chart",
    "documentID": null,
    "generated": false,
    "id": "mock-image-file-1",
    "identityId": "us-east-1:mock-identity",
    "key": "images/hiragana-chart.png",
    "level": "public",
    "mimeType": "image/png",
    "name": "hiragana-chart.png",
    "owner": "mock-user-id",
    "parsedContent": [Function anonymous],
    "path": "images/hiragana-chart.png",
    "size": 234567,
    "thumbnail": "thumbnails/hiragana-chart-thumb.png",
    "type": "image",
    "updatedAt": "2026-01-18T09:15:00.000Z",
  },
]
[90mstdout[2m | src/components/MainToolbar.stories.jsx[2m > [22m[2mUser Menu Only
[22m[39m[FilesContext] Files count changed: 0 → 6
[90mstdout[2m | src/components/MainToolbar.stories.jsx[2m > [22m[2mUser Menu Only
[22m[39m[MOCK CourseVectorStore] Initialized with mock data
[90mstdout[2m | src/components/MainToolbar.stories.jsx[2m > [22m[2mUser Menu Only
[22m[39m[MOCK CourseVectorStore] Initialized with mock data
[90mstdout[2m | src/components/MainToolbar.stories.jsx[2m > [22m[2mUser Menu Only
[22m[39m[useTranslationWithCapture] t() called: {
  "key": "navigation.profile",
  "mode": "off",
  "namespace": "common",
  "value": "Profile",
}
[90mstdout[2m | src/components/MainToolbar.stories.jsx[2m > [22m[2mUser Menu Only
[22m[39m[ChatContext] AssistantChat query update: 1 items (synced)
[90mstdout[2m | src/components/MainToolbar.stories.jsx[2m > [22m[2mUser Menu Only
[22m[39m[ChatContext] First item details: {
  "id": "mock-assistant-chat-1",
  "updatedAt": "2024-01-26T10:15:00.000Z",
}
[90mstdout[2m | src/components/MainToolbar.stories.jsx[2m > [22m[2mUser Menu Only
[22m[39m[ChatContext] AssistantChat subscription initialized
[90mstdout[2m | src/components/MainToolbar.stories.jsx[2m > [22m[2mUser Menu Only
[22m[39m[ChatContext] AssistantChat list updated: 1 chats
[90mstdout[2m | src/components/MainToolbar.stories.jsx[2m > [22m[2mUser Menu Only
[22m[39m[Mock Data] Settings.create() called with: {
  "assistantVoice": "shimmer",
  "autoAnalyzeDocuments": true,
  "defaultAIModel": "gpt-4",
  "documentAnalysisModel": "gpt-4",
  "editorFontSize": 14,
  "editorTheme": "auto",
  "emailNotifications": true,
  "language": "en",
  "webhookNotifications": false,
}
[90mstdout[2m | src/components/MainToolbar.stories.jsx[2m > [22m[2mUser Menu Only
[22m[39m[Mock Data] Settings created: mock-settings-1776336969232 - notified 1 subscribers
[90mstdout[2m | src/components/MainToolbar.stories.jsx[2m > [22m[2mUser Menu Only
[22m[39m[FilesContext] Vector store population triggered {
  "currentVectorStoreSize": 3,
  "documentsCount": 0,
  "filesCount": 6,
  "isInitialLoad": true,
}
[90mstdout[2m | src/components/MainToolbar.stories.jsx[2m > [22m[2mUser Menu Only
[22m[39m[FilesContext] Vector store population complete - 3 total embeddings
[90mstdout[2m | src/components/MainToolbar.stories.jsx[2m > [22m[2mUser Menu Only
[22m[39m[ChatContext] Setting initial chat: mock-assistant-chat-1
[90mstdout[2m | src/components/MainToolbar.stories.jsx[2m > [22m[2mUser Menu Only
[22m[39m[ChatContext] Chat exists and not archived, skipping creation
 [32m✓[39m [30m[42m unit [49m[39m amplify/functions/__tests__/section.integration.test.ts [2m([22m[2m7 tests[22m[2m)[22m[33m 14272[2mms[22m[39m
     [33m[2m✓[22m[39m should require auth token [33m 14259[2mms[22m[39m
[90mstdout[2m | src/components/MainToolbar.stories.jsx[2m > [22m[2mJoin Section Demo
[22m[39m[Mock Data] Settings subscription unsubscribed. Remaining: 0
[90mstdout[2m | src/components/MainToolbar.stories.jsx[2m > [22m[2mJoin Section Demo
[22m[39m[ChatContext] Cleaning up subscription
[90mstdout[2m | src/components/MainToolbar.stories.jsx[2m > [22m[2mJoin Section Demo
[22m[39m[Mock Data] AssistantChat subscription unsubscribed. Remaining: 0
[90mstdout[2m | src/components/MainToolbar.stories.jsx[2m > [22m[2mJoin Section Demo
[22m[39m[Mock Data] File subscription unsubscribed. Remaining: 0
[90mstdout[2m | src/components/MainToolbar.stories.jsx[2m > [22m[2mJoin Section Demo
[22m[39m[Mock Data] Document subscription unsubscribed. Remaining: 0
[90mstdout[2m | src/components/MainToolbar.stories.jsx[2m > [22m[2mJoin Section Demo
[22m[39m[Mock Data] Word subscription unsubscribed. Remaining: 0
[90mstdout[2m | src/components/MainToolbar.stories.jsx[2m > [22m[2mJoin Section Demo
[22m[39m[Mock Data] Question subscription unsubscribed. Remaining: 0
[90mstdout[2m | src/components/MainToolbar.stories.jsx[2m > [22m[2mJoin Section Demo
[22m[39m[Mock Data] Grade subscription unsubscribed. Remaining: 0
[90mstdout[2m | src/components/MainToolbar.stories.jsx[2m > [22m[2mJoin Section Demo
[22m[39m[Mock Data] Unit subscription unsubscribed. Remaining: 0
[90mstdout[2m | src/components/MainToolbar.stories.jsx[2m > [22m[2mJoin Section Demo
[22m[39m[SectionContext] Cleaning up subscriptions
[90mstdout[2m | src/components/MainToolbar.stories.jsx[2m > [22m[2mJoin Section Demo
[22m[39m[Mock Data] Section.onCreate() subscription removed. Remaining: 0
[90mstdout[2m | src/components/MainToolbar.stories.jsx[2m > [22m[2mJoin Section Demo
[22m[39m[Mock Data] Section.onUpdate() subscription removed. Remaining: 0
[90mstdout[2m | src/components/MainToolbar.stories.jsx[2m > [22m[2mJoin Section Demo
[22m[39m[Mock Data] Section.onDelete() subscription removed. Remaining: 0
[90mstdout[2m | src/components/MainToolbar.stories.jsx[2m > [22m[2mJoin Section Demo
[22m[39m[Mock Data] Assignment.onCreate() subscription removed. Remaining: 0
[90mstdout[2m | src/components/MainToolbar.stories.jsx[2m > [22m[2mJoin Section Demo
[22m[39m[Mock Data] Assignment.onUpdate() subscription removed. Remaining: 0
[90mstdout[2m | src/components/MainToolbar.stories.jsx[2m > [22m[2mJoin Section Demo
[22m[39m[Mock Data] Assignment.onDelete() subscription removed. Remaining: 0
POST https://9rnyd5u620.execute-api.us-east-1.amazonaws.com//chat 500 (Internal Server Error)
[90mstdout[2m | src/components/MainToolbar.stories.jsx[2m > [22m[2mJoin Section Demo
[22m[39m[Mock Data] Clearing all data stores
[90mstdout[2m | src/components/MainToolbar.stories.jsx[2m > [22m[2mJoin Section Demo
[22m[39m[Mock Data] All data stores cleared
[90mstdout[2m | src/components/MainToolbar.stories.jsx[2m > [22m[2mJoin Section Demo
[22m[39m[Preview] Cleared mock data for story
[90mstdout[2m | src/components/MainToolbar.stories.jsx[2m > [22m[2mJoin Section Demo
[22m[39m[Mock Data Gen 2] Initializing mock data
[90mstdout[2m | src/components/MainToolbar.stories.jsx[2m > [22m[2mJoin Section Demo
[22m[39m[Mock Data] seedMockAssistantChats: Replacing with 1 assistant chats
[90mstdout[2m | src/components/MainToolbar.stories.jsx[2m > [22m[2mJoin Section Demo
[22m[39m[Mock Data Gen 2] Seeded AssistantChat: mock-assistant-chat-1
[90mstdout[2m | src/components/MainToolbar.stories.jsx[2m > [22m[2mJoin Section Demo
[22m[39m[Mock Data] seedMockFiles: Adding 6 files
[90mstdout[2m | src/components/MainToolbar.stories.jsx[2m > [22m[2mJoin Section Demo
[22m[39m[Mock Data Gen 2] Seeded Files: 6
[90mstdout[2m | src/components/MainToolbar.stories.jsx[2m > [22m[2mJoin Section Demo
[22m[39m[Mock Data Gen 2] Initializing mock data
[90mstdout[2m | src/components/MainToolbar.stories.jsx[2m > [22m[2mJoin Section Demo
[22m[39m[Mock Data] seedMockAssistantChats: Replacing with 1 assistant chats
[90mstdout[2m | src/components/MainToolbar.stories.jsx[2m > [22m[2mJoin Section Demo
[22m[39m[Mock Data Gen 2] Seeded AssistantChat: mock-assistant-chat-1
[90mstdout[2m | src/components/MainToolbar.stories.jsx[2m > [22m[2mJoin Section Demo
[22m[39m[Mock Data] seedMockFiles: Adding 6 files
[90mstdout[2m | src/components/MainToolbar.stories.jsx[2m > [22m[2mJoin Section Demo
[22m[39m[Mock Data Gen 2] Seeded Files: 6
[90mstdout[2m | src/components/MainToolbar.stories.jsx[2m > [22m[2mJoin Section Demo
[22m[39m[Preview] Initialized default mock data for story
[90mstdout[2m | src/components/MainToolbar.stories.jsx[2m > [22m[2mJoin Section Demo
[22m[39m[Mock AuthContext] Providing auth: {
  "error": undefined,
  "isLoading": false,
  "session": {
    "idToken": {
      "toString": [Function toString],
    },
    "identityId": "us-east-1:mock-identity-123",
    "username": "mock-user-sub",
  },
  "user": {
    "attributes": {
      "email": "alice@example.com",
      "name": "Alice Student",
      "sub": "mock-user-sub",
    },
  },
}
[90mstdout[2m | src/components/MainToolbar.stories.jsx[2m > [22m[2mJoin Section Demo
[22m[39m[Mock Data] generateClient() called - returning mock client
[90mstdout[2m | src/components/MainToolbar.stories.jsx[2m > [22m[2mJoin Section Demo
[22m[39m[Mock amplifyClient] getAmplifyClient() called - returning mock client
[90mstdout[2m | src/components/MainToolbar.stories.jsx[2m > [22m[2mJoin Section Demo
[22m[39m[MOCK CourseVectorStore] Initialized with mock data
[90mstdout[2m | src/components/MainToolbar.stories.jsx[2m > [22m[2mJoin Section Demo
[22m[39m[TranslationModeController] Setting mode to: off
[90mstdout[2m | src/components/MainToolbar.stories.jsx[2m > [22m[2mJoin Section Demo
[22m[39m[SectionContext] useEffect triggered {
  "authLoading": false,
  "hasUser": true,
  "userSub": "mock-user-sub",
}
[90mstdout[2m | src/components/MainToolbar.stories.jsx[2m > [22m[2mJoin Section Demo
[22m[39m[SectionContext] Fetching sections for userId: mock-user-sub
[90mstdout[2m | src/components/MainToolbar.stories.jsx[2m > [22m[2mJoin Section Demo
[22m[39m[Mock Data] generateClient() called - returning mock client
[90mstdout[2m | src/components/MainToolbar.stories.jsx[2m > [22m[2mJoin Section Demo
[22m[39m[Mock amplifyClient] getAmplifyClient() called - returning mock client
[90mstdout[2m | src/components/MainToolbar.stories.jsx[2m > [22m[2mJoin Section Demo
[22m[39m[Mock Data] Section.list() called with options: undefined
[90mstdout[2m | src/components/MainToolbar.stories.jsx[2m > [22m[2mJoin Section Demo
[22m[39m[Mock Data] generateClient() called - returning mock client
[90mstdout[2m | src/components/MainToolbar.stories.jsx[2m > [22m[2mJoin Section Demo
[22m[39m[Mock amplifyClient] getAmplifyClient() called - returning mock client
[90mstdout[2m | src/components/MainToolbar.stories.jsx[2m > [22m[2mJoin Section Demo
[22m[39m[Mock Data] Assignment.list() called with options: {
  "filter": {
    "unitID": {
      "eq": "mock-unit-id",
    },
  },
}
[90mstdout[2m | src/components/MainToolbar.stories.jsx[2m > [22m[2mJoin Section Demo
[22m[39m[Mock Data] generateClient() called - returning mock client
[90mstdout[2m | src/components/MainToolbar.stories.jsx[2m > [22m[2mJoin Section Demo
[22m[39m[Mock amplifyClient] getAmplifyClient() called - returning mock client
[90mstdout[2m | src/components/MainToolbar.stories.jsx[2m > [22m[2mJoin Section Demo
[22m[39m[Mock Data] Grade.observeQuery() called with filter: {
  "filter": {
    "unitID": {
      "eq": "mock-unit-id",
    },
  },
}
[90mstdout[2m | src/components/MainToolbar.stories.jsx[2m > [22m[2mJoin Section Demo
[22m[39m[Mock Data] Grade.observeQuery() applying filter: {
  "unitID": {
    "eq": "mock-unit-id",
  },
}
[90mstdout[2m | src/components/MainToolbar.stories.jsx[2m > [22m[2mJoin Section Demo
[22m[39m[Mock Data] Grade.observeQuery() items before filter: 0
[90mstdout[2m | src/components/MainToolbar.stories.jsx[2m > [22m[2mJoin Section Demo
[22m[39m[Mock Data] Grade.observeQuery() items after filter: 0
[90mstdout[2m | src/components/MainToolbar.stories.jsx[2m > [22m[2mJoin Section Demo
[22m[39m[Mock Data] Grade.observeQuery() returning 0 items (filter applied) {
  "filter": {
    "unitID": {
      "eq": "mock-unit-id",
    },
  },
}
[90mstdout[2m | src/components/MainToolbar.stories.jsx[2m > [22m[2mJoin Section Demo
[22m[39m[Mock Data] Grade subscription added. Total subscriptions: 1
[90mstdout[2m | src/components/MainToolbar.stories.jsx[2m > [22m[2mJoin Section Demo
[22m[39m[UnitContext] useEffect triggered {
  "authLoading": false,
  "hasUser": true,
  "id": "mock-unit-id",
  "userSub": "mock-user-sub",
}
[90mstdout[2m | src/components/MainToolbar.stories.jsx[2m > [22m[2mJoin Section Demo
[22m[39m[UnitContext] Fetching unit data for id: mock-unit-id
[90mstdout[2m | src/components/MainToolbar.stories.jsx[2m > [22m[2mJoin Section Demo
[22m[39m[Mock Data] generateClient() called - returning mock client
[90mstdout[2m | src/components/MainToolbar.stories.jsx[2m > [22m[2mJoin Section Demo
[22m[39m[Mock amplifyClient] getAmplifyClient() called - returning mock client
[90mstdout[2m | src/components/MainToolbar.stories.jsx[2m > [22m[2mJoin Section Demo
[22m[39m[Mock Data] Unit.observeQuery() called with filter: {
  "filter": {
    "id": {
      "eq": "mock-unit-id",
    },
  },
}
[90mstdout[2m | src/components/MainToolbar.stories.jsx[2m > [22m[2mJoin Section Demo
[22m[39m[Mock Data] Unit.observeQuery() applying filter: {
  "id": {
    "eq": "mock-unit-id",
  },
}
[90mstdout[2m | src/components/MainToolbar.stories.jsx[2m > [22m[2mJoin Section Demo
[22m[39m[Mock Data] Unit.observeQuery() items before filter: 0
[90mstdout[2m | src/components/MainToolbar.stories.jsx[2m > [22m[2mJoin Section Demo
[22m[39m[Mock Data] Unit.observeQuery() items after filter: 0
[90mstdout[2m | src/components/MainToolbar.stories.jsx[2m > [22m[2mJoin Section Demo
[22m[39m[Mock Data] Unit.observeQuery() returning 0 items (filter applied) {
  "filter": {
    "id": {
      "eq": "mock-unit-id",
    },
  },
}
[90mstdout[2m | src/components/MainToolbar.stories.jsx[2m > [22m[2mJoin Section Demo
[22m[39m[Mock Data] Unit subscription added. Total subscriptions: 1
[90mstdout[2m | src/components/MainToolbar.stories.jsx[2m > [22m[2mJoin Section Demo
[22m[39m[Mock Data] generateClient() called - returning mock client
[90mstdout[2m | src/components/MainToolbar.stories.jsx[2m > [22m[2mJoin Section Demo
[22m[39m[Mock amplifyClient] getAmplifyClient() called - returning mock client
[90mstdout[2m | src/components/MainToolbar.stories.jsx[2m > [22m[2mJoin Section Demo
[22m[39m[Mock Data] Word.observeQuery() called with filter: undefined
[90mstdout[2m | src/components/MainToolbar.stories.jsx[2m > [22m[2mJoin Section Demo
[22m[39m[Mock Data] Word.observeQuery() returning 0 items (filter applied) undefined
[90mstdout[2m | src/components/MainToolbar.stories.jsx[2m > [22m[2mJoin Section Demo
[22m[39m[Mock Data] Word subscription added. Total subscriptions: 1
[90mstdout[2m | src/components/MainToolbar.stories.jsx[2m > [22m[2mJoin Section Demo
[22m[39m[Mock Data] generateClient() called - returning mock client
[90mstdout[2m | src/components/MainToolbar.stories.jsx[2m > [22m[2mJoin Section Demo
[22m[39m[Mock amplifyClient] getAmplifyClient() called - returning mock client
[90mstdout[2m | src/components/MainToolbar.stories.jsx[2m > [22m[2mJoin Section Demo
[22m[39m[Mock Data] Question.observeQuery() called with filter: undefined
[90mstdout[2m | src/components/MainToolbar.stories.jsx[2m > [22m[2mJoin Section Demo
[22m[39m[Mock Data] Question.observeQuery() returning 0 items (filter applied) undefined
[90mstdout[2m | src/components/MainToolbar.stories.jsx[2m > [22m[2mJoin Section Demo
[22m[39m[Mock Data] Question subscription added. Total subscriptions: 1
[90mstdout[2m | src/components/MainToolbar.stories.jsx[2m > [22m[2mJoin Section Demo
[22m[39m[FilesContext] Initializing vector store from IndexedDB
[90mstdout[2m | src/components/MainToolbar.stories.jsx[2m > [22m[2mJoin Section Demo
[22m[39m[FilesContext] fetchFiles called
[90mstdout[2m | src/components/MainToolbar.stories.jsx[2m > [22m[2mJoin Section Demo
[22m[39m[FilesContext] User authenticated: mock-user-sub
[90mstdout[2m | src/components/MainToolbar.stories.jsx[2m > [22m[2mJoin Section Demo
[22m[39m[FilesContext] Identity ID: us-east-1:mock-identity-123
[90mstdout[2m | src/components/MainToolbar.stories.jsx[2m > [22m[2mJoin Section Demo
[22m[39m[FilesContext] About to subscribe to File model
[90mstdout[2m | src/components/MainToolbar.stories.jsx[2m > [22m[2mJoin Section Demo
[22m[39m[Mock Data] generateClient() called - returning mock client
[90mstdout[2m | src/components/MainToolbar.stories.jsx[2m > [22m[2mJoin Section Demo
[22m[39m[Mock amplifyClient] getAmplifyClient() called - returning mock client
[90mstdout[2m | src/components/MainToolbar.stories.jsx[2m > [22m[2mJoin Section Demo
[22m[39m[Mock Data] File.observeQuery() called with filter: undefined
[90mstdout[2m | src/components/MainToolbar.stories.jsx[2m > [22m[2mJoin Section Demo
[22m[39m[Mock Data] File.observeQuery() returning 6 items (filter applied) undefined
[90mstdout[2m | src/components/MainToolbar.stories.jsx[2m > [22m[2mJoin Section Demo
[22m[39m[Mock Data] File subscription added. Total subscriptions: 1
[90mstdout[2m | src/components/MainToolbar.stories.jsx[2m > [22m[2mJoin Section Demo
[22m[39m[Mock Data] generateClient() called - returning mock client
[90mstdout[2m | src/components/MainToolbar.stories.jsx[2m > [22m[2mJoin Section Demo
[22m[39m[Mock amplifyClient] getAmplifyClient() called - returning mock client
[90mstdout[2m | src/components/MainToolbar.stories.jsx[2m > [22m[2mJoin Section Demo
[22m[39m[Mock Data] Document.observeQuery() called with filter: undefined
[90mstdout[2m | src/components/MainToolbar.stories.jsx[2m > [22m[2mJoin Section Demo
[22m[39m[Mock Data] Document.observeQuery() returning 0 items (filter applied) undefined
[90mstdout[2m | src/components/MainToolbar.stories.jsx[2m > [22m[2mJoin Section Demo
[22m[39m[Mock Data] Document subscription added. Total subscriptions: 1
[90mstdout[2m | src/components/MainToolbar.stories.jsx[2m > [22m[2mJoin Section Demo
[22m[39m[ChatContext] Setting up observeQuery for AssistantChat
[90mstdout[2m | src/components/MainToolbar.stories.jsx[2m > [22m[2mJoin Section Demo
[22m[39m[Mock Data] AssistantChat.observeQuery() called with filter: {
  "sortDirection": "DESC",
  "sortField": "createdAt",
}
[90mstdout[2m | src/components/MainToolbar.stories.jsx[2m > [22m[2mJoin Section Demo
[22m[39m[Mock Data] AssistantChat.observeQuery() returning 1 items (filter applied) {
  "sortDirection": "DESC",
  "sortField": "createdAt",
}
[90mstdout[2m | src/components/MainToolbar.stories.jsx[2m > [22m[2mJoin Section Demo
[22m[39m[Mock Data] AssistantChat subscription added. Total subscriptions: 1
[90mstdout[2m | src/components/MainToolbar.stories.jsx[2m > [22m[2mJoin Section Demo
[22m[39m[ChatContext] Waiting for subscription to initialize
[90mstdout[2m | src/components/MainToolbar.stories.jsx[2m > [22m[2mJoin Section Demo
[22m[39m[SettingsContext] Setting up Settings subscription for user: mock-user-sub
[90mstdout[2m | src/components/MainToolbar.stories.jsx[2m > [22m[2mJoin Section Demo
[22m[39m[Mock Data] generateClient() called - returning mock client
[90mstdout[2m | src/components/MainToolbar.stories.jsx[2m > [22m[2mJoin Section Demo
[22m[39m[Mock amplifyClient] getAmplifyClient() called - returning mock client
[90mstdout[2m | src/components/MainToolbar.stories.jsx[2m > [22m[2mJoin Section Demo
[22m[39m[Mock Data] Settings.observeQuery() called with filter: undefined
[90mstdout[2m | src/components/MainToolbar.stories.jsx[2m > [22m[2mJoin Section Demo
[22m[39m[Mock Data] Settings.observeQuery() returning 0 items (filter applied) undefined
[90mstdout[2m | src/components/MainToolbar.stories.jsx[2m > [22m[2mJoin Section Demo
[22m[39m[Mock Data] Settings subscription added. Total subscriptions: 1
[90mstdout[2m | src/components/MainToolbar.stories.jsx[2m > [22m[2mJoin Section Demo
[22m[39m[SectionContext] Initial sections: 0 []
[90mstdout[2m | src/components/MainToolbar.stories.jsx[2m > [22m[2mJoin Section Demo
[22m[39m[Mock Data] Section.onCreate() called with filter: undefined
[90mstdout[2m | src/components/MainToolbar.stories.jsx[2m > [22m[2mJoin Section Demo
[22m[39m[Mock Data] Section.onCreate() subscription added. Total: 1
[90mstdout[2m | src/components/MainToolbar.stories.jsx[2m > [22m[2mJoin Section Demo
[22m[39m[Mock Data] Section.onUpdate() called with filter: undefined
[90mstdout[2m | src/components/MainToolbar.stories.jsx[2m > [22m[2mJoin Section Demo
[22m[39m[Mock Data] Section.onUpdate() subscription added. Total: 1
[90mstdout[2m | src/components/MainToolbar.stories.jsx[2m > [22m[2mJoin Section Demo
[22m[39m[Mock Data] Section.onDelete() called with filter: undefined
[90mstdout[2m | src/components/MainToolbar.stories.jsx[2m > [22m[2mJoin Section Demo
[22m[39m[Mock Data] Section.onDelete() subscription added. Total: 1
[90mstdout[2m | src/components/MainToolbar.stories.jsx[2m > [22m[2mJoin Section Demo
[22m[39m[Mock Data] Assignment.onCreate() called with filter: {
  "filter": {
    "unitID": {
      "eq": "mock-unit-id",
    },
  },
}
[90mstdout[2m | src/components/MainToolbar.stories.jsx[2m > [22m[2mJoin Section Demo
[22m[39m[Mock Data] Assignment.onCreate() subscription added. Total: 1
[90mstdout[2m | src/components/MainToolbar.stories.jsx[2m > [22m[2mJoin Section Demo
[22m[39m[Mock Data] Assignment.onUpdate() called with filter: {
  "filter": {
    "unitID": {
      "eq": "mock-unit-id",
    },
  },
}
[90mstdout[2m | src/components/MainToolbar.stories.jsx[2m > [22m[2mJoin Section Demo
[22m[39m[Mock Data] Assignment.onUpdate() subscription added. Total: 1
[90mstdout[2m | src/components/MainToolbar.stories.jsx[2m > [22m[2mJoin Section Demo
[22m[39m[Mock Data] Assignment.onDelete() called with filter: {
  "filter": {
    "unitID": {
      "eq": "mock-unit-id",
    },
  },
}
[90mstdout[2m | src/components/MainToolbar.stories.jsx[2m > [22m[2mJoin Section Demo
[22m[39m[Mock Data] Assignment.onDelete() subscription added. Total: 1
[90mstdout[2m | src/components/MainToolbar.stories.jsx[2m > [22m[2mJoin Section Demo
[22m[39m[FilesContext] File observeQuery subscription triggered:
[90mstdout[2m | src/components/MainToolbar.stories.jsx[2m > [22m[2mJoin Section Demo
[22m[39m  - items.length: 6
[90mstdout[2m | src/components/MainToolbar.stories.jsx[2m > [22m[2mJoin Section Demo
[22m[39m  - isSynced: true
[90mstdout[2m | src/components/MainToolbar.stories.jsx[2m > [22m[2mJoin Section Demo
[22m[39m  - items: [
  {
    "_deleted": null,
    "_lastChangedAt": 1767711773285,
    "_version": 1,
    "byHex": null,
    "createdAt": "2026-01-06T15:02:53.253Z",
    "description": "Japanese language textbook - Chapter 1",
    "document": Promise {},
    "documentID": "e01017e1-fe7a-4521-b71c-09ec31b18639",
    "duration": null,
    "embedding": null,
    "generated": null,
    "hex": null,
    "id": "a57d7833-5fa7-4cb7-8b7a-ce7c6e10e551",
    "identityId": "us-east-1:b0eadde9-f02c-c71b-17a6-22ffd37d89c8",
    "key": "files/Japanese Wind 1.pdf",
    "level": "protected",
    "mimeType": "application/pdf",
    "model": null,
    "name": "Japanese Wind 1.pdf",
    "owner": "64d81418-7021-701d-9fed-a4c2e0735711",
    "parsedContent": [Function anonymous],
    "parsedContentID": null,
    "path": "files/Japanese Wind 1.pdf",
    "prompt": null,
    "size": 4706654,
    "thumbnail": null,
    "type": "pdf",
    "updatedAt": "2026-01-06T15:02:53.253Z",
    "variant": null,
    "waveformData": null,
  },
  {
    "_version": 2,
    "createdAt": "2026-01-15T10:00:00.000Z",
    "description": "Sample report with vocabulary",
    "document": Promise {},
    "documentID": "cd824b5b-2c66-41f8-8571-aa6794ff590c",
    "generated": false,
    "id": "mock-pdf-file-2",
    "identityId": "us-east-1:mock-identity",
    "key": "files/report.pdf",
    "level": "protected",
    "mimeType": "application/pdf",
    "name": "report.pdf",
    "owner": "mock-user-id",
    "parsedContent": [Function anonymous],
    "path": "files/report.pdf",
    "size": 123456,
    "type": "pdf",
    "updatedAt": "2026-01-15T10:30:00.000Z",
  },
  {
    "_version": 3,
    "createdAt": "2026-01-14T08:00:00.000Z",
    "description": "Vocabulary lesson PDF with extracted content",
    "document": Promise {},
    "documentID": "mock-document-3",
    "generated": false,
    "id": "mock-pdf-file-3",
    "identityId": "us-east-1:mock-identity",
    "key": "files/vocabulary-lesson.pdf",
    "level": "public",
    "mimeType": "application/pdf",
    "name": "vocabulary-lesson.pdf",
    "owner": "mock-user-id",
    "parsedContent": [Function anonymous],
    "path": "files/vocabulary-lesson.pdf",
    "size": 567890,
    "type": "pdf",
    "updatedAt": "2026-01-14T08:45:00.000Z",
  },
  {
    "_version": 1,
    "createdAt": "2026-01-20T10:00:00.000Z",
    "description": "Sample pronunciation audio",
    "documentID": null,
    "duration": 3.5,
    "generated": true,
    "id": "mock-audio-file-1",
    "identityId": "us-east-1:mock-identity",
    "key": "audio/pronunciation-demo.mp3",
    "level": "public",
    "mimeType": "audio/mpeg",
    "name": "pronunciation-demo.mp3",
    "owner": "mock-user-id",
    "parsedContent": [Function anonymous],
    "path": "/story-mocks/cinematic-designed-sci-fi-whoosh-transition-nexawave-228295.mp3",
    "size": 56789,
    "type": "audio",
    "updatedAt": "2026-01-20T10:00:00.000Z",
    "waveformData": null,
  },
  {
    "_version": 1,
    "createdAt": "2026-01-19T14:30:00.000Z",
    "description": "Lesson introduction audio",
    "documentID": null,
    "duration": 5.2,
    "generated": false,
    "id": "mock-audio-file-2",
    "identityId": "us-east-1:mock-identity",
    "key": "audio/lesson-intro.mp3",
    "level": "public",
    "mimeType": "audio/mpeg",
    "name": "lesson-intro.mp3",
    "owner": "mock-user-id",
    "parsedContent": [Function anonymous],
    "path": "/story-mocks/descent-whoosh-long-cinematic-sound-effect-405921.mp3",
    "size": 87654,
    "type": "audio",
    "updatedAt": "2026-01-19T14:30:00.000Z",
    "waveformData": null,
  },
  {
    "_version": 1,
    "createdAt": "2026-01-18T09:15:00.000Z",
    "description": "Hiragana character chart",
    "documentID": null,
    "generated": false,
    "id": "mock-image-file-1",
    "identityId": "us-east-1:mock-identity",
    "key": "images/hiragana-chart.png",
    "level": "public",
    "mimeType": "image/png",
    "name": "hiragana-chart.png",
    "owner": "mock-user-id",
    "parsedContent": [Function anonymous],
    "path": "images/hiragana-chart.png",
    "size": 234567,
    "thumbnail": "thumbnails/hiragana-chart-thumb.png",
    "type": "image",
    "updatedAt": "2026-01-18T09:15:00.000Z",
  },
]
[90mstdout[2m | src/components/MainToolbar.stories.jsx[2m > [22m[2mJoin Section Demo
[22m[39m[ChatContext] AssistantChat query update: 1 items (synced)
[90mstdout[2m | src/components/MainToolbar.stories.jsx[2m > [22m[2mJoin Section Demo
[22m[39m[ChatContext] First item details: {
  "id": "mock-assistant-chat-1",
  "updatedAt": "2024-01-26T10:15:00.000Z",
}
[90mstdout[2m | src/components/MainToolbar.stories.jsx[2m > [22m[2mJoin Section Demo
[22m[39m[ChatContext] AssistantChat subscription initialized
[90mstdout[2m | src/components/MainToolbar.stories.jsx[2m > [22m[2mJoin Section Demo
[22m[39m[ChatContext] AssistantChat list updated: 1 chats
[90mstdout[2m | src/components/MainToolbar.stories.jsx[2m > [22m[2mJoin Section Demo
[22m[39m[ChatContext] Setting initial chat: mock-assistant-chat-1
[90mstdout[2m | src/components/MainToolbar.stories.jsx[2m > [22m[2mJoin Section Demo
[22m[39m[FilesContext] Files count changed: 0 → 6
[90mstdout[2m | src/components/MainToolbar.stories.jsx[2m > [22m[2mJoin Section Demo
[22m[39m[MOCK CourseVectorStore] Initialized with mock data
[90mstdout[2m | src/components/MainToolbar.stories.jsx[2m > [22m[2mJoin Section Demo
[22m[39m[MOCK CourseVectorStore] Initialized with mock data
[90mstdout[2m | src/components/MainToolbar.stories.jsx[2m > [22m[2mJoin Section Demo
[22m[39m[useTranslationWithCapture] t() called: {
  "key": "mainToolbar.menuAttribute",
  "mode": "off",
  "namespace": "common",
  "value": "Menu",
}
[90mstdout[2m | src/components/MainToolbar.stories.jsx[2m > [22m[2mJoin Section Demo
[22m[39m[useTranslationWithCapture] t() called: {
  "key": "mainToolbar.addToSection.title",
  "mode": "off",
  "namespace": "common",
  "value": "Add to Section",
}
[90mstdout[2m | src/components/MainToolbar.stories.jsx[2m > [22m[2mJoin Section Demo
[22m[39m[useTranslationWithCapture] t() called: {
  "key": "common:navigation.home",
  "mode": "off",
  "namespace": "common",
  "value": "Home",
}
[90mstdout[2m | src/components/MainToolbar.stories.jsx[2m > [22m[2mJoin Section Demo
[22m[39m[useTranslationWithCapture] t() called: {
  "key": "common:navigation.sections",
  "mode": "off",
  "namespace": "common",
  "value": "Sections",
}
[90mstdout[2m | src/components/MainToolbar.stories.jsx[2m > [22m[2mJoin Section Demo
[22m[39m[useTranslationWithCapture] t() called: {
  "key": "common:navigation.units",
  "mode": "off",
  "namespace": "common",
  "value": "Units",
}
[90mstdout[2m | src/components/MainToolbar.stories.jsx[2m > [22m[2mJoin Section Demo
[22m[39m[useTranslationWithCapture] t() called: {
  "key": "mainToolbar.addToSection.title",
  "mode": "off",
  "namespace": "common",
  "value": "Add to Section",
}
[90mstdout[2m | src/components/MainToolbar.stories.jsx[2m > [22m[2mJoin Section Demo
[22m[39m[useTranslationWithCapture] t() called: {
  "key": "mainToolbar.addToSection.description",
  "mode": "off",
  "namespace": "common",
  "value": "Add self to class section with Join Code",
}
[90mstdout[2m | src/components/MainToolbar.stories.jsx[2m > [22m[2mJoin Section Demo
[22m[39m[useTranslationWithCapture] t() called: {
  "key": "mainToolbar.addToSection.codeLabel",
  "mode": "off",
  "namespace": "common",
  "value": "Join Code",
}
[90mstdout[2m | src/components/MainToolbar.stories.jsx[2m > [22m[2mJoin Section Demo
[22m[39m[useTranslationWithCapture] t() called: {
  "key": "common:actions.cancel",
  "mode": "off",
  "namespace": "common",
  "value": "Cancel",
}
[90mstdout[2m | src/components/MainToolbar.stories.jsx[2m > [22m[2mJoin Section Demo
[22m[39m[useTranslationWithCapture] t() called: {
  "key": "mainToolbar.addToSection.add",
  "mode": "off",
  "namespace": "common",
  "value": "Add",
}
[90mstdout[2m | src/components/MainToolbar.stories.jsx[2m > [22m[2mJoin Section Demo
[22m[39m[useTranslationWithCapture] t() called: {
  "key": "navigation.profile",
  "mode": "off",
  "namespace": "common",
  "value": "Profile",
}
[90mstdout[2m | src/components/MainToolbar.stories.jsx[2m > [22m[2mJoin Section Demo
[22m[39m[FilesContext] Vector store population triggered {
  "currentVectorStoreSize": 3,
  "documentsCount": 0,
  "filesCount": 6,
  "isInitialLoad": true,
}
[90mstdout[2m | src/components/MainToolbar.stories.jsx[2m > [22m[2mJoin Section Demo
[22m[39m[FilesContext] Vector store population complete - 3 total embeddings
[90mstdout[2m | src/components/MainToolbar.stories.jsx[2m > [22m[2mJoin Section Demo
[22m[39m[ChatContext] Chat exists and not archived, skipping creation
[90mstdout[2m | src/components/MainToolbar.stories.jsx[2m > [22m[2mJoin Section Demo
[22m[39m[Mock Data] Settings.create() called with: {
  "assistantVoice": "shimmer",
  "autoAnalyzeDocuments": true,
  "defaultAIModel": "gpt-4",
  "documentAnalysisModel": "gpt-4",
  "editorFontSize": 14,
  "editorTheme": "auto",
  "emailNotifications": true,
  "language": "en",
  "webhookNotifications": false,
}
[90mstdout[2m | src/components/MainToolbar.stories.jsx[2m > [22m[2mJoin Section Demo
[22m[39m[Mock Data] Settings created: mock-settings-1776336970925 - notified 1 subscribers
POST https://9rnyd5u620.execute-api.us-east-1.amazonaws.com//chat 500 (Internal Server Error)
 [31m❯[39m [30m[45m storybook (chromium) [49m[39m src/components/MainToolbar.stories.jsx [2m([22m[2m5 tests[22m[2m | [22m[31m3 failed[39m[2m)[22m[33m 4235[2mms[22m[39m
[31m   [31m×[31m Full Toolbar[39m[32m 213[2mms[22m[39m
   [33m[2m✓[22m[39m Settings Menu Only [33m 1111[2mms[22m[39m
   [32m✓[39m Help Menu Only[32m 187[2mms[22m[39m
[31m   [31m×[31m User Menu Only[39m[33m 1063[2mms[22m[39m
[31m   [31m×[31m Join Section Demo[39m[33m 1659[2mms[22m[39m
[90mstdout[2m | .storybook/TranslationMode.stories.tsx[2m > [22m[2mDefault
[22m[39m[Mock Data] Settings subscription unsubscribed. Remaining: 0
[90mstdout[2m | .storybook/TranslationMode.stories.tsx[2m > [22m[2mDefault
[22m[39m[ChatContext] Cleaning up subscription
[90mstdout[2m | .storybook/TranslationMode.stories.tsx[2m > [22m[2mDefault
[22m[39m[Mock Data] AssistantChat subscription unsubscribed. Remaining: 0
[90mstdout[2m | .storybook/TranslationMode.stories.tsx[2m > [22m[2mDefault
[22m[39m[Mock Data] File subscription unsubscribed. Remaining: 0
[90mstdout[2m | .storybook/TranslationMode.stories.tsx[2m > [22m[2mDefault
[22m[39m[Mock Data] Document subscription unsubscribed. Remaining: 0
[90mstdout[2m | .storybook/TranslationMode.stories.tsx[2m > [22m[2mDefault
[22m[39m[Mock Data] Word subscription unsubscribed. Remaining: 0
[90mstdout[2m | .storybook/TranslationMode.stories.tsx[2m > [22m[2mDefault
[22m[39m[Mock Data] Question subscription unsubscribed. Remaining: 0
[90mstdout[2m | .storybook/TranslationMode.stories.tsx[2m > [22m[2mDefault
[22m[39m[Mock Data] Grade subscription unsubscribed. Remaining: 0
[90mstdout[2m | .storybook/TranslationMode.stories.tsx[2m > [22m[2mDefault
[22m[39m[Mock Data] Unit subscription unsubscribed. Remaining: 0
[90mstdout[2m | .storybook/TranslationMode.stories.tsx[2m > [22m[2mDefault
[22m[39m[SectionContext] Cleaning up subscriptions
[90mstdout[2m | .storybook/TranslationMode.stories.tsx[2m > [22m[2mDefault
[22m[39m[Mock Data] Section.onCreate() subscription removed. Remaining: 0
[90mstdout[2m | .storybook/TranslationMode.stories.tsx[2m > [22m[2mDefault
[22m[39m[Mock Data] Section.onUpdate() subscription removed. Remaining: 0
[90mstdout[2m | .storybook/TranslationMode.stories.tsx[2m > [22m[2mDefault
[22m[39m[Mock Data] Section.onDelete() subscription removed. Remaining: 0
[90mstdout[2m | .storybook/TranslationMode.stories.tsx[2m > [22m[2mDefault
[22m[39m[Mock Data] Assignment.onCreate() subscription removed. Remaining: 0
[90mstdout[2m | .storybook/TranslationMode.stories.tsx[2m > [22m[2mDefault
[22m[39m[Mock Data] Assignment.onUpdate() subscription removed. Remaining: 0
[90mstdout[2m | .storybook/TranslationMode.stories.tsx[2m > [22m[2mDefault
[22m[39m[Mock Data] Assignment.onDelete() subscription removed. Remaining: 0
[90mstdout[2m | .storybook/TranslationMode.stories.tsx[2m > [22m[2mDefault
[22m[39m[Mock Data] Clearing all data stores
[90mstdout[2m | .storybook/TranslationMode.stories.tsx[2m > [22m[2mDefault
[22m[39m[Mock Data] All data stores cleared
[90mstdout[2m | .storybook/TranslationMode.stories.tsx[2m > [22m[2mDefault
[22m[39m[Preview] Cleared mock data for story
[90mstdout[2m | .storybook/TranslationMode.stories.tsx[2m > [22m[2mDefault
[22m[39m[Mock Data Gen 2] Initializing mock data
[90mstdout[2m | .storybook/TranslationMode.stories.tsx[2m > [22m[2mDefault
[22m[39m[Mock Data] seedMockAssistantChats: Replacing with 1 assistant chats
[90mstdout[2m | .storybook/TranslationMode.stories.tsx[2m > [22m[2mDefault
[22m[39m[Mock Data Gen 2] Seeded AssistantChat: mock-assistant-chat-1
[90mstdout[2m | .storybook/TranslationMode.stories.tsx[2m > [22m[2mDefault
[22m[39m[Mock Data] seedMockFiles: Adding 6 files
[90mstdout[2m | .storybook/TranslationMode.stories.tsx[2m > [22m[2mDefault
[22m[39m[Mock Data Gen 2] Seeded Files: 6
[90mstdout[2m | .storybook/TranslationMode.stories.tsx[2m > [22m[2mDefault
[22m[39m[Mock Data Gen 2] Initializing mock data
[90mstdout[2m | .storybook/TranslationMode.stories.tsx[2m > [22m[2mDefault
[22m[39m[Mock Data] seedMockAssistantChats: Replacing with 1 assistant chats
[90mstdout[2m | .storybook/TranslationMode.stories.tsx[2m > [22m[2mDefault
[22m[39m[Mock Data Gen 2] Seeded AssistantChat: mock-assistant-chat-1
[90mstdout[2m | .storybook/TranslationMode.stories.tsx[2m > [22m[2mDefault
[22m[39m[Mock Data] seedMockFiles: Adding 6 files
[90mstdout[2m | .storybook/TranslationMode.stories.tsx[2m > [22m[2mDefault
[22m[39m[Mock Data Gen 2] Seeded Files: 6
[90mstdout[2m | .storybook/TranslationMode.stories.tsx[2m > [22m[2mDefault
[22m[39m[Preview] Initialized default mock data for story
[90mstdout[2m | .storybook/TranslationMode.stories.tsx[2m > [22m[2mDefault
[22m[39m[Mock AuthContext] Providing auth: {
  "error": undefined,
  "isLoading": false,
  "session": {
    "idToken": {
      "toString": [Function toString],
    },
    "identityId": "us-east-1:mock-identity-123",
    "username": "mock-user-sub",
  },
  "user": {
    "attributes": {
      "email": "alice@example.com",
      "name": "Alice Student",
      "sub": "mock-user-sub",
    },
  },
}
[90mstdout[2m | .storybook/TranslationMode.stories.tsx[2m > [22m[2mDefault
[22m[39m[Mock Data] generateClient() called - returning mock client
[90mstdout[2m | .storybook/TranslationMode.stories.tsx[2m > [22m[2mDefault
[22m[39m[Mock amplifyClient] getAmplifyClient() called - returning mock client
[90mstdout[2m | .storybook/TranslationMode.stories.tsx[2m > [22m[2mDefault
[22m[39m[MOCK CourseVectorStore] Initialized with mock data
[90mstdout[2m | .storybook/TranslationMode.stories.tsx[2m > [22m[2mDefault
[22m[39m[TranslationModeController] Setting mode to: off
[90mstdout[2m | .storybook/TranslationMode.stories.tsx[2m > [22m[2mDefault
[22m[39m[SectionContext] useEffect triggered {
  "authLoading": false,
  "hasUser": true,
  "userSub": "mock-user-sub",
}
[90mstdout[2m | .storybook/TranslationMode.stories.tsx[2m > [22m[2mDefault
[22m[39m[SectionContext] Fetching sections for userId: mock-user-sub
[90mstdout[2m | .storybook/TranslationMode.stories.tsx[2m > [22m[2mDefault
[22m[39m[Mock Data] generateClient() called - returning mock client
[90mstdout[2m | .storybook/TranslationMode.stories.tsx[2m > [22m[2mDefault
[22m[39m[Mock amplifyClient] getAmplifyClient() called - returning mock client
[90mstdout[2m | .storybook/TranslationMode.stories.tsx[2m > [22m[2mDefault
[22m[39m[Mock Data] Section.list() called with options: undefined
[90mstdout[2m | .storybook/TranslationMode.stories.tsx[2m > [22m[2mDefault
[22m[39m[Mock Data] generateClient() called - returning mock client
[90mstdout[2m | .storybook/TranslationMode.stories.tsx[2m > [22m[2mDefault
[22m[39m[Mock amplifyClient] getAmplifyClient() called - returning mock client
[90mstdout[2m | .storybook/TranslationMode.stories.tsx[2m > [22m[2mDefault
[22m[39m[Mock Data] Assignment.list() called with options: {
  "filter": {
    "unitID": {
      "eq": "mock-unit-id",
    },
  },
}
[90mstdout[2m | .storybook/TranslationMode.stories.tsx[2m > [22m[2mDefault
[22m[39m[Mock Data] generateClient() called - returning mock client
[90mstdout[2m | .storybook/TranslationMode.stories.tsx[2m > [22m[2mDefault
[22m[39m[Mock amplifyClient] getAmplifyClient() called - returning mock client
[90mstdout[2m | .storybook/TranslationMode.stories.tsx[2m > [22m[2mDefault
[22m[39m[Mock Data] Grade.observeQuery() called with filter: {
  "filter": {
    "unitID": {
      "eq": "mock-unit-id",
    },
  },
}
[90mstdout[2m | .storybook/TranslationMode.stories.tsx[2m > [22m[2mDefault
[22m[39m[Mock Data] Grade.observeQuery() applying filter: {
  "unitID": {
    "eq": "mock-unit-id",
  },
}
[90mstdout[2m | .storybook/TranslationMode.stories.tsx[2m > [22m[2mDefault
[22m[39m[Mock Data] Grade.observeQuery() items before filter: 0
[90mstdout[2m | .storybook/TranslationMode.stories.tsx[2m > [22m[2mDefault
[22m[39m[Mock Data] Grade.observeQuery() items after filter: 0
[90mstdout[2m | .storybook/TranslationMode.stories.tsx[2m > [22m[2mDefault
[22m[39m[Mock Data] Grade.observeQuery() returning 0 items (filter applied) {
  "filter": {
    "unitID": {
      "eq": "mock-unit-id",
    },
  },
}
[90mstdout[2m | .storybook/TranslationMode.stories.tsx[2m > [22m[2mDefault
[22m[39m[Mock Data] Grade subscription added. Total subscriptions: 1
[90mstdout[2m | .storybook/TranslationMode.stories.tsx[2m > [22m[2mDefault
[22m[39m[UnitContext] useEffect triggered {
  "authLoading": false,
  "hasUser": true,
  "id": "mock-unit-id",
  "userSub": "mock-user-sub",
}
[90mstdout[2m | .storybook/TranslationMode.stories.tsx[2m > [22m[2mDefault
[22m[39m[UnitContext] Fetching unit data for id: mock-unit-id
[90mstdout[2m | .storybook/TranslationMode.stories.tsx[2m > [22m[2mDefault
[22m[39m[Mock Data] generateClient() called - returning mock client
[90mstdout[2m | .storybook/TranslationMode.stories.tsx[2m > [22m[2mDefault
[22m[39m[Mock amplifyClient] getAmplifyClient() called - returning mock client
[90mstdout[2m | .storybook/TranslationMode.stories.tsx[2m > [22m[2mDefault
[22m[39m[Mock Data] Unit.observeQuery() called with filter: {
  "filter": {
    "id": {
      "eq": "mock-unit-id",
    },
  },
}
[90mstdout[2m | .storybook/TranslationMode.stories.tsx[2m > [22m[2mDefault
[22m[39m[Mock Data] Unit.observeQuery() applying filter: {
  "id": {
    "eq": "mock-unit-id",
  },
}
[90mstdout[2m | .storybook/TranslationMode.stories.tsx[2m > [22m[2mDefault
[22m[39m[Mock Data] Unit.observeQuery() items before filter: 0
[90mstdout[2m | .storybook/TranslationMode.stories.tsx[2m > [22m[2mDefault
[22m[39m[Mock Data] Unit.observeQuery() items after filter: 0
[90mstdout[2m | .storybook/TranslationMode.stories.tsx[2m > [22m[2mDefault
[22m[39m[Mock Data] Unit.observeQuery() returning 0 items (filter applied) {
  "filter": {
    "id": {
      "eq": "mock-unit-id",
    },
  },
}
[90mstdout[2m | .storybook/TranslationMode.stories.tsx[2m > [22m[2mDefault
[22m[39m[Mock Data] Unit subscription added. Total subscriptions: 1
[90mstdout[2m | .storybook/TranslationMode.stories.tsx[2m > [22m[2mDefault
[22m[39m[Mock Data] generateClient() called - returning mock client
[90mstdout[2m | .storybook/TranslationMode.stories.tsx[2m > [22m[2mDefault
[22m[39m[Mock amplifyClient] getAmplifyClient() called - returning mock client
[90mstdout[2m | .storybook/TranslationMode.stories.tsx[2m > [22m[2mDefault
[22m[39m[Mock Data] Word.observeQuery() called with filter: undefined
[90mstdout[2m | .storybook/TranslationMode.stories.tsx[2m > [22m[2mDefault
[22m[39m[Mock Data] Word.observeQuery() returning 0 items (filter applied) undefined
[90mstdout[2m | .storybook/TranslationMode.stories.tsx[2m > [22m[2mDefault
[22m[39m[Mock Data] Word subscription added. Total subscriptions: 1
[90mstdout[2m | .storybook/TranslationMode.stories.tsx[2m > [22m[2mDefault
[22m[39m[Mock Data] generateClient() called - returning mock client
[90mstdout[2m | .storybook/TranslationMode.stories.tsx[2m > [22m[2mDefault
[22m[39m[Mock amplifyClient] getAmplifyClient() called - returning mock client
[90mstdout[2m | .storybook/TranslationMode.stories.tsx[2m > [22m[2mDefault
[22m[39m[Mock Data] Question.observeQuery() called with filter: undefined
[90mstdout[2m | .storybook/TranslationMode.stories.tsx[2m > [22m[2mDefault
[22m[39m[Mock Data] Question.observeQuery() returning 0 items (filter applied) undefined
[90mstdout[2m | .storybook/TranslationMode.stories.tsx[2m > [22m[2mDefault
[22m[39m[Mock Data] Question subscription added. Total subscriptions: 1
[90mstdout[2m | .storybook/TranslationMode.stories.tsx[2m > [22m[2mDefault
[22m[39m[FilesContext] Initializing vector store from IndexedDB
[90mstdout[2m | .storybook/TranslationMode.stories.tsx[2m > [22m[2mDefault
[22m[39m[FilesContext] fetchFiles called
[90mstdout[2m | .storybook/TranslationMode.stories.tsx[2m > [22m[2mDefault
[22m[39m[FilesContext] User authenticated: mock-user-sub
[90mstdout[2m | .storybook/TranslationMode.stories.tsx[2m > [22m[2mDefault
[22m[39m[FilesContext] Identity ID: us-east-1:mock-identity-123
[90mstdout[2m | .storybook/TranslationMode.stories.tsx[2m > [22m[2mDefault
[22m[39m[FilesContext] About to subscribe to File model
[90mstdout[2m | .storybook/TranslationMode.stories.tsx[2m > [22m[2mDefault
[22m[39m[Mock Data] generateClient() called - returning mock client
[90mstdout[2m | .storybook/TranslationMode.stories.tsx[2m > [22m[2mDefault
[22m[39m[Mock amplifyClient] getAmplifyClient() called - returning mock client
[90mstdout[2m | .storybook/TranslationMode.stories.tsx[2m > [22m[2mDefault
[22m[39m[Mock Data] File.observeQuery() called with filter: undefined
[90mstdout[2m | .storybook/TranslationMode.stories.tsx[2m > [22m[2mDefault
[22m[39m[Mock Data] File.observeQuery() returning 6 items (filter applied) undefined
[90mstdout[2m | .storybook/TranslationMode.stories.tsx[2m > [22m[2mDefault
[22m[39m[Mock Data] File subscription added. Total subscriptions: 1
[90mstdout[2m | .storybook/TranslationMode.stories.tsx[2m > [22m[2mDefault
[22m[39m[Mock Data] generateClient() called - returning mock client
[90mstdout[2m | .storybook/TranslationMode.stories.tsx[2m > [22m[2mDefault
[22m[39m[Mock amplifyClient] getAmplifyClient() called - returning mock client
[90mstdout[2m | .storybook/TranslationMode.stories.tsx[2m > [22m[2mDefault
[22m[39m[Mock Data] Document.observeQuery() called with filter: undefined
[90mstdout[2m | .storybook/TranslationMode.stories.tsx[2m > [22m[2mDefault
[22m[39m[Mock Data] Document.observeQuery() returning 0 items (filter applied) undefined
[90mstdout[2m | .storybook/TranslationMode.stories.tsx[2m > [22m[2mDefault
[22m[39m[Mock Data] Document subscription added. Total subscriptions: 1
[90mstdout[2m | .storybook/TranslationMode.stories.tsx[2m > [22m[2mDefault
[22m[39m[ChatContext] Setting up observeQuery for AssistantChat
[90mstdout[2m | .storybook/TranslationMode.stories.tsx[2m > [22m[2mDefault
[22m[39m[Mock Data] AssistantChat.observeQuery() called with filter: {
  "sortDirection": "DESC",
  "sortField": "createdAt",
}
[90mstdout[2m | .storybook/TranslationMode.stories.tsx[2m > [22m[2mDefault
[22m[39m[Mock Data] AssistantChat.observeQuery() returning 1 items (filter applied) {
  "sortDirection": "DESC",
  "sortField": "createdAt",
}
[90mstdout[2m | .storybook/TranslationMode.stories.tsx[2m > [22m[2mDefault
[22m[39m[Mock Data] AssistantChat subscription added. Total subscriptions: 1
[90mstdout[2m | .storybook/TranslationMode.stories.tsx[2m > [22m[2mDefault
[22m[39m[ChatContext] Waiting for subscription to initialize
[90mstdout[2m | .storybook/TranslationMode.stories.tsx[2m > [22m[2mDefault
[22m[39m[SettingsContext] Setting up Settings subscription for user: mock-user-sub
[90mstdout[2m | .storybook/TranslationMode.stories.tsx[2m > [22m[2mDefault
[22m[39m[Mock Data] generateClient() called - returning mock client
[90mstdout[2m | .storybook/TranslationMode.stories.tsx[2m > [22m[2mDefault
[22m[39m[Mock amplifyClient] getAmplifyClient() called - returning mock client
[90mstdout[2m | .storybook/TranslationMode.stories.tsx[2m > [22m[2mDefault
[22m[39m[Mock Data] Settings.observeQuery() called with filter: undefined
[90mstdout[2m | .storybook/TranslationMode.stories.tsx[2m > [22m[2mDefault
[22m[39m[Mock Data] Settings.observeQuery() returning 0 items (filter applied) undefined
[90mstdout[2m | .storybook/TranslationMode.stories.tsx[2m > [22m[2mDefault
[22m[39m[Mock Data] Settings subscription added. Total subscriptions: 1
[90mstdout[2m | .storybook/TranslationMode.stories.tsx[2m > [22m[2mDefault
[22m[39m[SectionContext] Initial sections: 0 []
[90mstdout[2m | .storybook/TranslationMode.stories.tsx[2m > [22m[2mDefault
[22m[39m[Mock Data] Section.onCreate() called with filter: undefined
[90mstdout[2m | .storybook/TranslationMode.stories.tsx[2m > [22m[2mDefault
[22m[39m[Mock Data] Section.onCreate() subscription added. Total: 1
[90mstdout[2m | .storybook/TranslationMode.stories.tsx[2m > [22m[2mDefault
[22m[39m[Mock Data] Section.onUpdate() called with filter: undefined
[90mstdout[2m | .storybook/TranslationMode.stories.tsx[2m > [22m[2mDefault
[22m[39m[Mock Data] Section.onUpdate() subscription added. Total: 1
[90mstdout[2m | .storybook/TranslationMode.stories.tsx[2m > [22m[2mDefault
[22m[39m[Mock Data] Section.onDelete() called with filter: undefined
[90mstdout[2m | .storybook/TranslationMode.stories.tsx[2m > [22m[2mDefault
[22m[39m[Mock Data] Section.onDelete() subscription added. Total: 1
[90mstdout[2m | .storybook/TranslationMode.stories.tsx[2m > [22m[2mDefault
[22m[39m[Mock Data] Assignment.onCreate() called with filter: {
  "filter": {
    "unitID": {
      "eq": "mock-unit-id",
    },
  },
}
[90mstdout[2m | .storybook/TranslationMode.stories.tsx[2m > [22m[2mDefault
[22m[39m[Mock Data] Assignment.onCreate() subscription added. Total: 1
[90mstdout[2m | .storybook/TranslationMode.stories.tsx[2m > [22m[2mDefault
[22m[39m[Mock Data] Assignment.onUpdate() called with filter: {
  "filter": {
    "unitID": {
      "eq": "mock-unit-id",
    },
  },
}
[90mstdout[2m | .storybook/TranslationMode.stories.tsx[2m > [22m[2mDefault
[22m[39m[Mock Data] Assignment.onUpdate() subscription added. Total: 1
[90mstdout[2m | .storybook/TranslationMode.stories.tsx[2m > [22m[2mDefault
[22m[39m[Mock Data] Assignment.onDelete() called with filter: {
  "filter": {
    "unitID": {
      "eq": "mock-unit-id",
    },
  },
}
[90mstdout[2m | .storybook/TranslationMode.stories.tsx[2m > [22m[2mDefault
[22m[39m[Mock Data] Assignment.onDelete() subscription added. Total: 1
[90mstdout[2m | .storybook/TranslationMode.stories.tsx[2m > [22m[2mDefault
[22m[39m[FilesContext] File observeQuery subscription triggered:
[90mstdout[2m | .storybook/TranslationMode.stories.tsx[2m > [22m[2mDefault
[22m[39m  - items.length: 6
[90mstdout[2m | .storybook/TranslationMode.stories.tsx[2m > [22m[2mDefault
[22m[39m  - isSynced: true
[90mstdout[2m | .storybook/TranslationMode.stories.tsx[2m > [22m[2mDefault
[22m[39m  - items: [
  {
    "_deleted": null,
    "_lastChangedAt": 1767711773285,
    "_version": 1,
    "byHex": null,
    "createdAt": "2026-01-06T15:02:53.253Z",
    "description": "Japanese language textbook - Chapter 1",
    "document": Promise {},
    "documentID": "e01017e1-fe7a-4521-b71c-09ec31b18639",
    "duration": null,
    "embedding": null,
    "generated": null,
    "hex": null,
    "id": "a57d7833-5fa7-4cb7-8b7a-ce7c6e10e551",
    "identityId": "us-east-1:b0eadde9-f02c-c71b-17a6-22ffd37d89c8",
    "key": "files/Japanese Wind 1.pdf",
    "level": "protected",
    "mimeType": "application/pdf",
    "model": null,
    "name": "Japanese Wind 1.pdf",
    "owner": "64d81418-7021-701d-9fed-a4c2e0735711",
    "parsedContent": [Function anonymous],
    "parsedContentID": null,
    "path": "files/Japanese Wind 1.pdf",
    "prompt": null,
    "size": 4706654,
    "thumbnail": null,
    "type": "pdf",
    "updatedAt": "2026-01-06T15:02:53.253Z",
    "variant": null,
    "waveformData": null,
  },
  {
    "_version": 2,
    "createdAt": "2026-01-15T10:00:00.000Z",
    "description": "Sample report with vocabulary",
    "document": Promise {},
    "documentID": "cd824b5b-2c66-41f8-8571-aa6794ff590c",
    "generated": false,
    "id": "mock-pdf-file-2",
    "identityId": "us-east-1:mock-identity",
    "key": "files/report.pdf",
    "level": "protected",
    "mimeType": "application/pdf",
    "name": "report.pdf",
    "owner": "mock-user-id",
    "parsedContent": [Function anonymous],
    "path": "files/report.pdf",
    "size": 123456,
    "type": "pdf",
    "updatedAt": "2026-01-15T10:30:00.000Z",
  },
  {
    "_version": 3,
    "createdAt": "2026-01-14T08:00:00.000Z",
    "description": "Vocabulary lesson PDF with extracted content",
    "document": Promise {},
    "documentID": "mock-document-3",
    "generated": false,
    "id": "mock-pdf-file-3",
    "identityId": "us-east-1:mock-identity",
    "key": "files/vocabulary-lesson.pdf",
    "level": "public",
    "mimeType": "application/pdf",
    "name": "vocabulary-lesson.pdf",
    "owner": "mock-user-id",
    "parsedContent": [Function anonymous],
    "path": "files/vocabulary-lesson.pdf",
    "size": 567890,
    "type": "pdf",
    "updatedAt": "2026-01-14T08:45:00.000Z",
  },
  {
    "_version": 1,
    "createdAt": "2026-01-20T10:00:00.000Z",
    "description": "Sample pronunciation audio",
    "documentID": null,
    "duration": 3.5,
    "generated": true,
    "id": "mock-audio-file-1",
    "identityId": "us-east-1:mock-identity",
    "key": "audio/pronunciation-demo.mp3",
    "level": "public",
    "mimeType": "audio/mpeg",
    "name": "pronunciation-demo.mp3",
    "owner": "mock-user-id",
    "parsedContent": [Function anonymous],
    "path": "/story-mocks/cinematic-designed-sci-fi-whoosh-transition-nexawave-228295.mp3",
    "size": 56789,
    "type": "audio",
    "updatedAt": "2026-01-20T10:00:00.000Z",
    "waveformData": null,
  },
  {
    "_version": 1,
    "createdAt": "2026-01-19T14:30:00.000Z",
    "description": "Lesson introduction audio",
    "documentID": null,
    "duration": 5.2,
    "generated": false,
    "id": "mock-audio-file-2",
    "identityId": "us-east-1:mock-identity",
    "key": "audio/lesson-intro.mp3",
    "level": "public",
    "mimeType": "audio/mpeg",
    "name": "lesson-intro.mp3",
    "owner": "mock-user-id",
    "parsedContent": [Function anonymous],
    "path": "/story-mocks/descent-whoosh-long-cinematic-sound-effect-405921.mp3",
    "size": 87654,
    "type": "audio",
    "updatedAt": "2026-01-19T14:30:00.000Z",
    "waveformData": null,
  },
  {
    "_version": 1,
    "createdAt": "2026-01-18T09:15:00.000Z",
    "description": "Hiragana character chart",
    "documentID": null,
    "generated": false,
    "id": "mock-image-file-1",
    "identityId": "us-east-1:mock-identity",
    "key": "images/hiragana-chart.png",
    "level": "public",
    "mimeType": "image/png",
    "name": "hiragana-chart.png",
    "owner": "mock-user-id",
    "parsedContent": [Function anonymous],
    "path": "images/hiragana-chart.png",
    "size": 234567,
    "thumbnail": "thumbnails/hiragana-chart-thumb.png",
    "type": "image",
    "updatedAt": "2026-01-18T09:15:00.000Z",
  },
]
[90mstdout[2m | .storybook/TranslationMode.stories.tsx[2m > [22m[2mDefault
[22m[39m[FilesContext] Files count changed: 0 → 6
[90mstdout[2m | .storybook/TranslationMode.stories.tsx[2m > [22m[2mDefault
[22m[39m[MOCK CourseVectorStore] Initialized with mock data
[90mstdout[2m | .storybook/TranslationMode.stories.tsx[2m > [22m[2mDefault
[22m[39m[MOCK CourseVectorStore] Initialized with mock data
[90mstdout[2m | .storybook/TranslationMode.stories.tsx[2m > [22m[2mDefault
[22m[39m[i18next] Missing key: auth:confirm_password_placeholder for [
  "en",
]
[90mstdout[2m | .storybook/TranslationMode.stories.tsx[2m > [22m[2mDefault
[22m[39m[useTranslationWithCapture] t() called: {
  "key": "confirm_password_placeholder",
  "mode": "off",
  "namespace": "auth",
  "value": "Re-enter your password",
}
POST https://9rnyd5u620.execute-api.us-east-1.amazonaws.com//chat 500 (Internal Server Error)
[90mstderr[2m | test/integration/lambda.test.ts[2m > [22m[2mC. Lambda Handler Integration Tests[2m > [22m[2mC1. Chat Stream Handler[2m > [22m[2mChat with context awareness
[22m[39mContext-aware chat error: {
  name: [32m'UnknownError'[39m,
  message: [32m'Unknown error'[39m,
  response: {
    statusCode: [33m500[39m,
    headers: {
      date: [32m'Thu, 16 Apr 2026 10:56:12 GMT'[39m,
      [32m'content-type'[39m: [32m'application/json'[39m,
      [32m'content-length'[39m: [32m'33'[39m,
      connection: [32m'close'[39m,
      [32m'cache-control'[39m: [32m'no-cache, no-transform'[39m,
      [32m'x-accel-buffering'[39m: [32m'no'[39m,
      [32m'access-control-allow-origin'[39m: [32m'*'[39m,
      [32m'apigw-requestid'[39m: [32m'b6L8CgCIoAMEV9Q='[39m
    },
    body: [32m'{"error":"Internal server error"}'[39m
  }
}

[90mstdout[2m | .storybook/TranslationMode.stories.tsx[2m > [22m[2mDefault
[22m[39m[ChatContext] AssistantChat query update: 1 items (synced)
[90mstdout[2m | .storybook/TranslationMode.stories.tsx[2m > [22m[2mDefault
[22m[39m[ChatContext] First item details: {
  "id": "mock-assistant-chat-1",
  "updatedAt": "2024-01-26T10:15:00.000Z",
}
[90mstdout[2m | .storybook/TranslationMode.stories.tsx[2m > [22m[2mDefault
[22m[39m[ChatContext] AssistantChat subscription initialized
[90mstdout[2m | .storybook/TranslationMode.stories.tsx[2m > [22m[2mDefault
[22m[39m[ChatContext] AssistantChat list updated: 1 chats
[90mstdout[2m | .storybook/TranslationMode.stories.tsx[2m > [22m[2mDefault
[22m[39m[Mock Data] Settings.create() called with: {
  "assistantVoice": "shimmer",
  "autoAnalyzeDocuments": true,
  "defaultAIModel": "gpt-4",
  "documentAnalysisModel": "gpt-4",
  "editorFontSize": 14,
  "editorTheme": "auto",
  "emailNotifications": true,
  "language": "en",
  "webhookNotifications": false,
}
[90mstdout[2m | .storybook/TranslationMode.stories.tsx[2m > [22m[2mDefault
[22m[39m[Mock Data] Settings created: mock-settings-1776336972706 - notified 1 subscribers
[90mstdout[2m | .storybook/TranslationMode.stories.tsx[2m > [22m[2mDefault
[22m[39m[TranslationOverlay] Mode changed to: off for key: demo.title
[90mstdout[2m | .storybook/TranslationMode.stories.tsx[2m > [22m[2mDefault
[22m[39m[TranslationOverlay] Mode changed to: off for key: demo.description
[90mstdout[2m | .storybook/TranslationMode.stories.tsx[2m > [22m[2mDefault
[22m[39m[TranslationOverlay] Mode changed to: off for key: demo.instructions
[90mstdout[2m | .storybook/TranslationMode.stories.tsx[2m > [22m[2mDefault
[22m[39m[TranslationOverlay] Mode changed to: off for key: demo.auth_form_heading
[90mstdout[2m | .storybook/TranslationMode.stories.tsx[2m > [22m[2mDefault
[22m[39m[TranslationOverlay] Mode changed to: off for key: username
[90mstdout[2m | .storybook/TranslationMode.stories.tsx[2m > [22m[2mDefault
[22m[39m[TranslationOverlay] Mode changed to: off for key: username
[90mstdout[2m | .storybook/TranslationMode.stories.tsx[2m > [22m[2mDefault
[22m[39m[TranslationOverlay] Mode changed to: off for key: password
[90mstdout[2m | .storybook/TranslationMode.stories.tsx[2m > [22m[2mDefault
[22m[39m[TranslationOverlay] Mode changed to: off for key: password
[90mstdout[2m | .storybook/TranslationMode.stories.tsx[2m > [22m[2mDefault
[22m[39m[TranslationOverlay] Mode changed to: off for key: email
[90mstdout[2m | .storybook/TranslationMode.stories.tsx[2m > [22m[2mDefault
[22m[39m[TranslationOverlay] Mode changed to: off for key: email
[90mstdout[2m | .storybook/TranslationMode.stories.tsx[2m > [22m[2mDefault
[22m[39m[TranslationOverlay] Mode changed to: off for key: sign_in
[90mstdout[2m | .storybook/TranslationMode.stories.tsx[2m > [22m[2mDefault
[22m[39m[TranslationOverlay] Mode changed to: off for key: sign_up
[90mstdout[2m | .storybook/TranslationMode.stories.tsx[2m > [22m[2mDefault
[22m[39m[TranslationOverlay] Mode changed to: off for key: forgot_password
[90mstdout[2m | .storybook/TranslationMode.stories.tsx[2m > [22m[2mDefault
[22m[39m[TranslationOverlay] Mode changed to: off for key: reset_password
[90mstdout[2m | .storybook/TranslationMode.stories.tsx[2m > [22m[2mDefault
[22m[39m[TranslationOverlay] Mode changed to: off for key: sign_out
[90mstdout[2m | .storybook/TranslationMode.stories.tsx[2m > [22m[2mDefault
[22m[39m[TranslationOverlay] Mode changed to: off for key: demo.password_reset_heading
[90mstdout[2m | .storybook/TranslationMode.stories.tsx[2m > [22m[2mDefault
[22m[39m[TranslationOverlay] Mode changed to: off for key: confirm_password
[90mstdout[2m | .storybook/TranslationMode.stories.tsx[2m > [22m[2mDefault
[22m[39m[TranslationOverlay] Mode changed to: off for key: confirm_password
[90mstdout[2m | .storybook/TranslationMode.stories.tsx[2m > [22m[2mDefault
[22m[39m[TranslationOverlay] Mode changed to: off for key: confirm_password_placeholder
[90mstdout[2m | .storybook/TranslationMode.stories.tsx[2m > [22m[2mDefault
[22m[39m[TranslationModeController] Setting mode to: off
[90mstdout[2m | .storybook/TranslationMode.stories.tsx[2m > [22m[2mDefault
[22m[39m[FilesContext] Vector store population triggered {
  "currentVectorStoreSize": 3,
  "documentsCount": 0,
  "filesCount": 6,
  "isInitialLoad": true,
}
[90mstdout[2m | .storybook/TranslationMode.stories.tsx[2m > [22m[2mDefault
[22m[39m[FilesContext] Vector store population complete - 3 total embeddings
[90mstdout[2m | .storybook/TranslationMode.stories.tsx[2m > [22m[2mDefault
[22m[39m[ChatContext] Setting initial chat: mock-assistant-chat-1
[90mstdout[2m | .storybook/TranslationMode.stories.tsx[2m > [22m[2mDefault
[22m[39m[i18next] Missing key: auth:confirm_password_placeholder for [
  "en",
]
[90mstdout[2m | .storybook/TranslationMode.stories.tsx[2m > [22m[2mDefault
[22m[39m[useTranslationWithCapture] t() called: {
  "key": "confirm_password_placeholder",
  "mode": "off",
  "namespace": "auth",
  "value": "Re-enter your password",
}
[90mstdout[2m | .storybook/TranslationMode.stories.tsx[2m > [22m[2mEditor Namespace
[22m[39m[ChatContext] Chat exists and not archived, skipping creation
[90mstdout[2m | .storybook/TranslationMode.stories.tsx[2m > [22m[2mEditor Namespace
[22m[39m[i18next] Missing key: auth:confirm_password_placeholder for [
  "en",
]
[90mstdout[2m | .storybook/TranslationMode.stories.tsx[2m > [22m[2mEditor Namespace
[22m[39m[useTranslationWithCapture] t() called: {
  "key": "confirm_password_placeholder",
  "mode": "off",
  "namespace": "auth",
  "value": "Re-enter your password",
}
[90mstdout[2m | .storybook/TranslationMode.stories.tsx[2m > [22m[2mEditor Namespace
[22m[39m[i18next] Missing key: auth:confirm_password_placeholder for [
  "en",
]
[90mstdout[2m | .storybook/TranslationMode.stories.tsx[2m > [22m[2mEditor Namespace
[22m[39m[useTranslationWithCapture] t() called: {
  "key": "confirm_password_placeholder",
  "mode": "off",
  "namespace": "auth",
  "value": "Re-enter your password",
}
[90mstdout[2m | .storybook/TranslationMode.stories.tsx[2m > [22m[2mEditor Namespace
[22m[39m[i18next] Missing key: auth:confirm_password_placeholder for [
  "en",
]
[90mstdout[2m | .storybook/TranslationMode.stories.tsx[2m > [22m[2mEditor Namespace
[22m[39m[useTranslationWithCapture] t() called: {
  "key": "confirm_password_placeholder",
  "mode": "off",
  "namespace": "auth",
  "value": "Re-enter your password",
}
[90mstdout[2m | .storybook/TranslationMode.stories.tsx[2m > [22m[2mEditor Namespace
[22m[39m[i18next] Missing key: auth:confirm_password_placeholder for [
  "en",
]
[90mstdout[2m | .storybook/TranslationMode.stories.tsx[2m > [22m[2mEditor Namespace
[22m[39m[useTranslationWithCapture] t() called: {
  "key": "confirm_password_placeholder",
  "mode": "off",
  "namespace": "auth",
  "value": "Re-enter your password",
}
[90mstdout[2m | .storybook/TranslationMode.stories.tsx[2m > [22m[2mEditor Namespace
[22m[39m[Mock Data] Settings subscription unsubscribed. Remaining: 0
[90mstdout[2m | .storybook/TranslationMode.stories.tsx[2m > [22m[2mEditor Namespace
[22m[39m[ChatContext] Cleaning up subscription
[90mstdout[2m | .storybook/TranslationMode.stories.tsx[2m > [22m[2mEditor Namespace
[22m[39m[Mock Data] AssistantChat subscription unsubscribed. Remaining: 0
[90mstdout[2m | .storybook/TranslationMode.stories.tsx[2m > [22m[2mEditor Namespace
[22m[39m[Mock Data] File subscription unsubscribed. Remaining: 0
[90mstdout[2m | .storybook/TranslationMode.stories.tsx[2m > [22m[2mEditor Namespace
[22m[39m[Mock Data] Document subscription unsubscribed. Remaining: 0
[90mstdout[2m | .storybook/TranslationMode.stories.tsx[2m > [22m[2mEditor Namespace
[22m[39m[Mock Data] Word subscription unsubscribed. Remaining: 0
[90mstdout[2m | .storybook/TranslationMode.stories.tsx[2m > [22m[2mEditor Namespace
[22m[39m[Mock Data] Question subscription unsubscribed. Remaining: 0
[90mstdout[2m | .storybook/TranslationMode.stories.tsx[2m > [22m[2mEditor Namespace
[22m[39m[Mock Data] Grade subscription unsubscribed. Remaining: 0
[90mstdout[2m | .storybook/TranslationMode.stories.tsx[2m > [22m[2mEditor Namespace
[22m[39m[Mock Data] Unit subscription unsubscribed. Remaining: 0
[90mstdout[2m | .storybook/TranslationMode.stories.tsx[2m > [22m[2mEditor Namespace
[22m[39m[SectionContext] Cleaning up subscriptions
[90mstdout[2m | .storybook/TranslationMode.stories.tsx[2m > [22m[2mEditor Namespace
[22m[39m[Mock Data] Section.onCreate() subscription removed. Remaining: 0
[90mstdout[2m | .storybook/TranslationMode.stories.tsx[2m > [22m[2mEditor Namespace
[22m[39m[Mock Data] Section.onUpdate() subscription removed. Remaining: 0
[90mstdout[2m | .storybook/TranslationMode.stories.tsx[2m > [22m[2mEditor Namespace
[22m[39m[Mock Data] Section.onDelete() subscription removed. Remaining: 0
[90mstdout[2m | .storybook/TranslationMode.stories.tsx[2m > [22m[2mEditor Namespace
[22m[39m[Mock Data] Assignment.onCreate() subscription removed. Remaining: 0
[90mstdout[2m | .storybook/TranslationMode.stories.tsx[2m > [22m[2mEditor Namespace
[22m[39m[Mock Data] Assignment.onUpdate() subscription removed. Remaining: 0
[90mstdout[2m | .storybook/TranslationMode.stories.tsx[2m > [22m[2mEditor Namespace
[22m[39m[Mock Data] Assignment.onDelete() subscription removed. Remaining: 0
[90mstdout[2m | .storybook/TranslationMode.stories.tsx[2m > [22m[2mEditor Namespace
[22m[39m[Mock Data] Clearing all data stores
[90mstdout[2m | .storybook/TranslationMode.stories.tsx[2m > [22m[2mEditor Namespace
[22m[39m[Mock Data] All data stores cleared
[90mstdout[2m | .storybook/TranslationMode.stories.tsx[2m > [22m[2mEditor Namespace
[22m[39m[Preview] Cleared mock data for story
[90mstdout[2m | .storybook/TranslationMode.stories.tsx[2m > [22m[2mEditor Namespace
[22m[39m[Mock Data Gen 2] Initializing mock data
[90mstdout[2m | .storybook/TranslationMode.stories.tsx[2m > [22m[2mEditor Namespace
[22m[39m[Mock Data] seedMockAssistantChats: Replacing with 1 assistant chats
[90mstdout[2m | .storybook/TranslationMode.stories.tsx[2m > [22m[2mEditor Namespace
[22m[39m[Mock Data Gen 2] Seeded AssistantChat: mock-assistant-chat-1
[90mstdout[2m | .storybook/TranslationMode.stories.tsx[2m > [22m[2mEditor Namespace
[22m[39m[Mock Data] seedMockFiles: Adding 6 files
[90mstdout[2m | .storybook/TranslationMode.stories.tsx[2m > [22m[2mEditor Namespace
[22m[39m[Mock Data Gen 2] Seeded Files: 6
[90mstdout[2m | .storybook/TranslationMode.stories.tsx[2m > [22m[2mEditor Namespace
[22m[39m[Mock Data Gen 2] Initializing mock data
[90mstdout[2m | .storybook/TranslationMode.stories.tsx[2m > [22m[2mEditor Namespace
[22m[39m[Mock Data] seedMockAssistantChats: Replacing with 1 assistant chats
[90mstdout[2m | .storybook/TranslationMode.stories.tsx[2m > [22m[2mEditor Namespace
[22m[39m[Mock Data Gen 2] Seeded AssistantChat: mock-assistant-chat-1
[90mstdout[2m | .storybook/TranslationMode.stories.tsx[2m > [22m[2mEditor Namespace
[22m[39m[Mock Data] seedMockFiles: Adding 6 files
[90mstdout[2m | .storybook/TranslationMode.stories.tsx[2m > [22m[2mEditor Namespace
[22m[39m[Mock Data Gen 2] Seeded Files: 6
[90mstdout[2m | .storybook/TranslationMode.stories.tsx[2m > [22m[2mEditor Namespace
[22m[39m[Preview] Initialized default mock data for story
[90mstdout[2m | .storybook/TranslationMode.stories.tsx[2m > [22m[2mEditor Namespace
[22m[39m[Mock AuthContext] Providing auth: {
  "error": undefined,
  "isLoading": false,
  "session": {
    "idToken": {
      "toString": [Function toString],
    },
    "identityId": "us-east-1:mock-identity-123",
    "username": "mock-user-sub",
  },
  "user": {
    "attributes": {
      "email": "alice@example.com",
      "name": "Alice Student",
      "sub": "mock-user-sub",
    },
  },
}
[90mstdout[2m | .storybook/TranslationMode.stories.tsx[2m > [22m[2mEditor Namespace
[22m[39m[Mock Data] generateClient() called - returning mock client
[90mstdout[2m | .storybook/TranslationMode.stories.tsx[2m > [22m[2mEditor Namespace
[22m[39m[Mock amplifyClient] getAmplifyClient() called - returning mock client
[90mstdout[2m | .storybook/TranslationMode.stories.tsx[2m > [22m[2mEditor Namespace
[22m[39m[MOCK CourseVectorStore] Initialized with mock data
[90mstdout[2m | .storybook/TranslationMode.stories.tsx[2m > [22m[2mEditor Namespace
[22m[39m[TranslationModeController] Setting mode to: off
[90mstdout[2m | .storybook/TranslationMode.stories.tsx[2m > [22m[2mEditor Namespace
[22m[39m[SectionContext] useEffect triggered {
  "authLoading": false,
  "hasUser": true,
  "userSub": "mock-user-sub",
}
[90mstdout[2m | .storybook/TranslationMode.stories.tsx[2m > [22m[2mEditor Namespace
[22m[39m[SectionContext] Fetching sections for userId: mock-user-sub
[90mstdout[2m | .storybook/TranslationMode.stories.tsx[2m > [22m[2mEditor Namespace
[22m[39m[Mock Data] generateClient() called - returning mock client
[90mstdout[2m | .storybook/TranslationMode.stories.tsx[2m > [22m[2mEditor Namespace
[22m[39m[Mock amplifyClient] getAmplifyClient() called - returning mock client
[90mstdout[2m | .storybook/TranslationMode.stories.tsx[2m > [22m[2mEditor Namespace
[22m[39m[Mock Data] Section.list() called with options: undefined
[90mstdout[2m | .storybook/TranslationMode.stories.tsx[2m > [22m[2mEditor Namespace
[22m[39m[Mock Data] generateClient() called - returning mock client
[90mstdout[2m | .storybook/TranslationMode.stories.tsx[2m > [22m[2mEditor Namespace
[22m[39m[Mock amplifyClient] getAmplifyClient() called - returning mock client
[90mstdout[2m | .storybook/TranslationMode.stories.tsx[2m > [22m[2mEditor Namespace
[22m[39m[Mock Data] Assignment.list() called with options: {
  "filter": {
    "unitID": {
      "eq": "mock-unit-id",
    },
  },
}
[90mstdout[2m | .storybook/TranslationMode.stories.tsx[2m > [22m[2mEditor Namespace
[22m[39m[Mock Data] generateClient() called - returning mock client
[90mstdout[2m | .storybook/TranslationMode.stories.tsx[2m > [22m[2mEditor Namespace
[22m[39m[Mock amplifyClient] getAmplifyClient() called - returning mock client
[90mstdout[2m | .storybook/TranslationMode.stories.tsx[2m > [22m[2mEditor Namespace
[22m[39m[Mock Data] Grade.observeQuery() called with filter: {
  "filter": {
    "unitID": {
      "eq": "mock-unit-id",
    },
  },
}
[90mstdout[2m | .storybook/TranslationMode.stories.tsx[2m > [22m[2mEditor Namespace
[22m[39m[Mock Data] Grade.observeQuery() applying filter: {
  "unitID": {
    "eq": "mock-unit-id",
  },
}
[90mstdout[2m | .storybook/TranslationMode.stories.tsx[2m > [22m[2mEditor Namespace
[22m[39m[Mock Data] Grade.observeQuery() items before filter: 0
[90mstdout[2m | .storybook/TranslationMode.stories.tsx[2m > [22m[2mEditor Namespace
[22m[39m[Mock Data] Grade.observeQuery() items after filter: 0
[90mstdout[2m | .storybook/TranslationMode.stories.tsx[2m > [22m[2mEditor Namespace
[22m[39m[Mock Data] Grade.observeQuery() returning 0 items (filter applied) {
  "filter": {
    "unitID": {
      "eq": "mock-unit-id",
    },
  },
}
[90mstdout[2m | .storybook/TranslationMode.stories.tsx[2m > [22m[2mEditor Namespace
[22m[39m[Mock Data] Grade subscription added. Total subscriptions: 1
[90mstdout[2m | .storybook/TranslationMode.stories.tsx[2m > [22m[2mEditor Namespace
[22m[39m[UnitContext] useEffect triggered {
  "authLoading": false,
  "hasUser": true,
  "id": "mock-unit-id",
  "userSub": "mock-user-sub",
}
[90mstdout[2m | .storybook/TranslationMode.stories.tsx[2m > [22m[2mEditor Namespace
[22m[39m[UnitContext] Fetching unit data for id: mock-unit-id
[90mstdout[2m | .storybook/TranslationMode.stories.tsx[2m > [22m[2mEditor Namespace
[22m[39m[Mock Data] generateClient() called - returning mock client
[90mstdout[2m | .storybook/TranslationMode.stories.tsx[2m > [22m[2mEditor Namespace
[22m[39m[Mock amplifyClient] getAmplifyClient() called - returning mock client
[90mstdout[2m | .storybook/TranslationMode.stories.tsx[2m > [22m[2mEditor Namespace
[22m[39m[Mock Data] Unit.observeQuery() called with filter: {
  "filter": {
    "id": {
      "eq": "mock-unit-id",
    },
  },
}
[90mstdout[2m | .storybook/TranslationMode.stories.tsx[2m > [22m[2mEditor Namespace
[22m[39m[Mock Data] Unit.observeQuery() applying filter: {
  "id": {
    "eq": "mock-unit-id",
  },
}
[90mstdout[2m | .storybook/TranslationMode.stories.tsx[2m > [22m[2mEditor Namespace
[22m[39m[Mock Data] Unit.observeQuery() items before filter: 0
[90mstdout[2m | .storybook/TranslationMode.stories.tsx[2m > [22m[2mEditor Namespace
[22m[39m[Mock Data] Unit.observeQuery() items after filter: 0
[90mstdout[2m | .storybook/TranslationMode.stories.tsx[2m > [22m[2mEditor Namespace
[22m[39m[Mock Data] Unit.observeQuery() returning 0 items (filter applied) {
  "filter": {
    "id": {
      "eq": "mock-unit-id",
    },
  },
}
[90mstdout[2m | .storybook/TranslationMode.stories.tsx[2m > [22m[2mEditor Namespace
[22m[39m[Mock Data] Unit subscription added. Total subscriptions: 1
[90mstdout[2m | .storybook/TranslationMode.stories.tsx[2m > [22m[2mEditor Namespace
[22m[39m[Mock Data] generateClient() called - returning mock client
[90mstdout[2m | .storybook/TranslationMode.stories.tsx[2m > [22m[2mEditor Namespace
[22m[39m[Mock amplifyClient] getAmplifyClient() called - returning mock client
[90mstdout[2m | .storybook/TranslationMode.stories.tsx[2m > [22m[2mEditor Namespace
[22m[39m[Mock Data] Word.observeQuery() called with filter: undefined
[90mstdout[2m | .storybook/TranslationMode.stories.tsx[2m > [22m[2mEditor Namespace
[22m[39m[Mock Data] Word.observeQuery() returning 0 items (filter applied) undefined
[90mstdout[2m | .storybook/TranslationMode.stories.tsx[2m > [22m[2mEditor Namespace
[22m[39m[Mock Data] Word subscription added. Total subscriptions: 1
[90mstdout[2m | .storybook/TranslationMode.stories.tsx[2m > [22m[2mEditor Namespace
[22m[39m[Mock Data] generateClient() called - returning mock client
[90mstdout[2m | .storybook/TranslationMode.stories.tsx[2m > [22m[2mEditor Namespace
[22m[39m[Mock amplifyClient] getAmplifyClient() called - returning mock client
[90mstdout[2m | .storybook/TranslationMode.stories.tsx[2m > [22m[2mEditor Namespace
[22m[39m[Mock Data] Question.observeQuery() called with filter: undefined
[90mstdout[2m | .storybook/TranslationMode.stories.tsx[2m > [22m[2mEditor Namespace
[22m[39m[Mock Data] Question.observeQuery() returning 0 items (filter applied) undefined
[90mstdout[2m | .storybook/TranslationMode.stories.tsx[2m > [22m[2mEditor Namespace
[22m[39m[Mock Data] Question subscription added. Total subscriptions: 1
[90mstdout[2m | .storybook/TranslationMode.stories.tsx[2m > [22m[2mEditor Namespace
[22m[39m[FilesContext] Initializing vector store from IndexedDB
[90mstdout[2m | .storybook/TranslationMode.stories.tsx[2m > [22m[2mEditor Namespace
[22m[39m[FilesContext] fetchFiles called
[90mstdout[2m | .storybook/TranslationMode.stories.tsx[2m > [22m[2mEditor Namespace
[22m[39m[FilesContext] User authenticated: mock-user-sub
[90mstdout[2m | .storybook/TranslationMode.stories.tsx[2m > [22m[2mEditor Namespace
[22m[39m[FilesContext] Identity ID: us-east-1:mock-identity-123
[90mstdout[2m | .storybook/TranslationMode.stories.tsx[2m > [22m[2mEditor Namespace
[22m[39m[FilesContext] About to subscribe to File model
[90mstdout[2m | .storybook/TranslationMode.stories.tsx[2m > [22m[2mEditor Namespace
[22m[39m[Mock Data] generateClient() called - returning mock client
[90mstdout[2m | .storybook/TranslationMode.stories.tsx[2m > [22m[2mEditor Namespace
[22m[39m[Mock amplifyClient] getAmplifyClient() called - returning mock client
[90mstdout[2m | .storybook/TranslationMode.stories.tsx[2m > [22m[2mEditor Namespace
[22m[39m[Mock Data] File.observeQuery() called with filter: undefined
[90mstdout[2m | .storybook/TranslationMode.stories.tsx[2m > [22m[2mEditor Namespace
[22m[39m[Mock Data] File.observeQuery() returning 6 items (filter applied) undefined
[90mstdout[2m | .storybook/TranslationMode.stories.tsx[2m > [22m[2mEditor Namespace
[22m[39m[Mock Data] File subscription added. Total subscriptions: 1
[90mstdout[2m | .storybook/TranslationMode.stories.tsx[2m > [22m[2mEditor Namespace
[22m[39m[Mock Data] generateClient() called - returning mock client
[90mstdout[2m | .storybook/TranslationMode.stories.tsx[2m > [22m[2mEditor Namespace
[22m[39m[Mock amplifyClient] getAmplifyClient() called - returning mock client
[90mstdout[2m | .storybook/TranslationMode.stories.tsx[2m > [22m[2mEditor Namespace
[22m[39m[Mock Data] Document.observeQuery() called with filter: undefined
[90mstdout[2m | .storybook/TranslationMode.stories.tsx[2m > [22m[2mEditor Namespace
[22m[39m[Mock Data] Document.observeQuery() returning 0 items (filter applied) undefined
[90mstdout[2m | .storybook/TranslationMode.stories.tsx[2m > [22m[2mEditor Namespace
[22m[39m[Mock Data] Document subscription added. Total subscriptions: 1
[90mstdout[2m | .storybook/TranslationMode.stories.tsx[2m > [22m[2mEditor Namespace
[22m[39m[ChatContext] Setting up observeQuery for AssistantChat
[90mstdout[2m | .storybook/TranslationMode.stories.tsx[2m > [22m[2mEditor Namespace
[22m[39m[Mock Data] AssistantChat.observeQuery() called with filter: {
  "sortDirection": "DESC",
  "sortField": "createdAt",
}
[90mstdout[2m | .storybook/TranslationMode.stories.tsx[2m > [22m[2mEditor Namespace
[22m[39m[Mock Data] AssistantChat.observeQuery() returning 1 items (filter applied) {
  "sortDirection": "DESC",
  "sortField": "createdAt",
}
[90mstdout[2m | .storybook/TranslationMode.stories.tsx[2m > [22m[2mEditor Namespace
[22m[39m[Mock Data] AssistantChat subscription added. Total subscriptions: 1
[90mstdout[2m | .storybook/TranslationMode.stories.tsx[2m > [22m[2mEditor Namespace
[22m[39m[ChatContext] Waiting for subscription to initialize
[90mstdout[2m | .storybook/TranslationMode.stories.tsx[2m > [22m[2mEditor Namespace
[22m[39m[SettingsContext] Setting up Settings subscription for user: mock-user-sub
[90mstdout[2m | .storybook/TranslationMode.stories.tsx[2m > [22m[2mEditor Namespace
[22m[39m[Mock Data] generateClient() called - returning mock client
[90mstdout[2m | .storybook/TranslationMode.stories.tsx[2m > [22m[2mEditor Namespace
[22m[39m[Mock amplifyClient] getAmplifyClient() called - returning mock client
[90mstdout[2m | .storybook/TranslationMode.stories.tsx[2m > [22m[2mEditor Namespace
[22m[39m[Mock Data] Settings.observeQuery() called with filter: undefined
[90mstdout[2m | .storybook/TranslationMode.stories.tsx[2m > [22m[2mEditor Namespace
[22m[39m[Mock Data] Settings.observeQuery() returning 0 items (filter applied) undefined
[90mstdout[2m | .storybook/TranslationMode.stories.tsx[2m > [22m[2mEditor Namespace
[22m[39m[Mock Data] Settings subscription added. Total subscriptions: 1
[90mstdout[2m | .storybook/TranslationMode.stories.tsx[2m > [22m[2mEditor Namespace
[22m[39m[SectionContext] Initial sections: 0 []
[90mstdout[2m | .storybook/TranslationMode.stories.tsx[2m > [22m[2mEditor Namespace
[22m[39m[Mock Data] Section.onCreate() called with filter: undefined
[90mstdout[2m | .storybook/TranslationMode.stories.tsx[2m > [22m[2mEditor Namespace
[22m[39m[Mock Data] Section.onCreate() subscription added. Total: 1
[90mstdout[2m | .storybook/TranslationMode.stories.tsx[2m > [22m[2mEditor Namespace
[22m[39m[Mock Data] Section.onUpdate() called with filter: undefined
[90mstdout[2m | .storybook/TranslationMode.stories.tsx[2m > [22m[2mEditor Namespace
[22m[39m[Mock Data] Section.onUpdate() subscription added. Total: 1
[90mstdout[2m | .storybook/TranslationMode.stories.tsx[2m > [22m[2mEditor Namespace
[22m[39m[Mock Data] Section.onDelete() called with filter: undefined
[90mstdout[2m | .storybook/TranslationMode.stories.tsx[2m > [22m[2mEditor Namespace
[22m[39m[Mock Data] Section.onDelete() subscription added. Total: 1
[90mstdout[2m | .storybook/TranslationMode.stories.tsx[2m > [22m[2mEditor Namespace
[22m[39m[Mock Data] Assignment.onCreate() called with filter: {
  "filter": {
    "unitID": {
      "eq": "mock-unit-id",
    },
  },
}
[90mstdout[2m | .storybook/TranslationMode.stories.tsx[2m > [22m[2mEditor Namespace
[22m[39m[Mock Data] Assignment.onCreate() subscription added. Total: 1
[90mstdout[2m | .storybook/TranslationMode.stories.tsx[2m > [22m[2mEditor Namespace
[22m[39m[Mock Data] Assignment.onUpdate() called with filter: {
  "filter": {
    "unitID": {
      "eq": "mock-unit-id",
    },
  },
}
[90mstdout[2m | .storybook/TranslationMode.stories.tsx[2m > [22m[2mEditor Namespace
[22m[39m[Mock Data] Assignment.onUpdate() subscription added. Total: 1
[90mstdout[2m | .storybook/TranslationMode.stories.tsx[2m > [22m[2mEditor Namespace
[22m[39m[Mock Data] Assignment.onDelete() called with filter: {
  "filter": {
    "unitID": {
      "eq": "mock-unit-id",
    },
  },
}
[90mstdout[2m | .storybook/TranslationMode.stories.tsx[2m > [22m[2mEditor Namespace
[22m[39m[Mock Data] Assignment.onDelete() subscription added. Total: 1
[90mstdout[2m | .storybook/TranslationMode.stories.tsx[2m > [22m[2mEditor Namespace
[22m[39m[FilesContext] File observeQuery subscription triggered:
[90mstdout[2m | .storybook/TranslationMode.stories.tsx[2m > [22m[2mEditor Namespace
[22m[39m  - items.length: 6
[90mstdout[2m | .storybook/TranslationMode.stories.tsx[2m > [22m[2mEditor Namespace
[22m[39m  - isSynced: true
[90mstdout[2m | .storybook/TranslationMode.stories.tsx[2m > [22m[2mEditor Namespace
[22m[39m  - items: [
  {
    "_deleted": null,
    "_lastChangedAt": 1767711773285,
    "_version": 1,
    "byHex": null,
    "createdAt": "2026-01-06T15:02:53.253Z",
    "description": "Japanese language textbook - Chapter 1",
    "document": Promise {},
    "documentID": "e01017e1-fe7a-4521-b71c-09ec31b18639",
    "duration": null,
    "embedding": null,
    "generated": null,
    "hex": null,
    "id": "a57d7833-5fa7-4cb7-8b7a-ce7c6e10e551",
    "identityId": "us-east-1:b0eadde9-f02c-c71b-17a6-22ffd37d89c8",
    "key": "files/Japanese Wind 1.pdf",
    "level": "protected",
    "mimeType": "application/pdf",
    "model": null,
    "name": "Japanese Wind 1.pdf",
    "owner": "64d81418-7021-701d-9fed-a4c2e0735711",
    "parsedContent": [Function anonymous],
    "parsedContentID": null,
    "path": "files/Japanese Wind 1.pdf",
    "prompt": null,
    "size": 4706654,
    "thumbnail": null,
    "type": "pdf",
    "updatedAt": "2026-01-06T15:02:53.253Z",
    "variant": null,
    "waveformData": null,
  },
  {
    "_version": 2,
    "createdAt": "2026-01-15T10:00:00.000Z",
    "description": "Sample report with vocabulary",
    "document": Promise {},
    "documentID": "cd824b5b-2c66-41f8-8571-aa6794ff590c",
    "generated": false,
    "id": "mock-pdf-file-2",
    "identityId": "us-east-1:mock-identity",
    "key": "files/report.pdf",
    "level": "protected",
    "mimeType": "application/pdf",
    "name": "report.pdf",
    "owner": "mock-user-id",
    "parsedContent": [Function anonymous],
    "path": "files/report.pdf",
    "size": 123456,
    "type": "pdf",
    "updatedAt": "2026-01-15T10:30:00.000Z",
  },
  {
    "_version": 3,
    "createdAt": "2026-01-14T08:00:00.000Z",
    "description": "Vocabulary lesson PDF with extracted content",
    "document": Promise {},
    "documentID": "mock-document-3",
    "generated": false,
    "id": "mock-pdf-file-3",
    "identityId": "us-east-1:mock-identity",
    "key": "files/vocabulary-lesson.pdf",
    "level": "public",
    "mimeType": "application/pdf",
    "name": "vocabulary-lesson.pdf",
    "owner": "mock-user-id",
    "parsedContent": [Function anonymous],
    "path": "files/vocabulary-lesson.pdf",
    "size": 567890,
    "type": "pdf",
    "updatedAt": "2026-01-14T08:45:00.000Z",
  },
  {
    "_version": 1,
    "createdAt": "2026-01-20T10:00:00.000Z",
    "description": "Sample pronunciation audio",
    "documentID": null,
    "duration": 3.5,
    "generated": true,
    "id": "mock-audio-file-1",
    "identityId": "us-east-1:mock-identity",
    "key": "audio/pronunciation-demo.mp3",
    "level": "public",
    "mimeType": "audio/mpeg",
    "name": "pronunciation-demo.mp3",
    "owner": "mock-user-id",
    "parsedContent": [Function anonymous],
    "path": "/story-mocks/cinematic-designed-sci-fi-whoosh-transition-nexawave-228295.mp3",
    "size": 56789,
    "type": "audio",
    "updatedAt": "2026-01-20T10:00:00.000Z",
    "waveformData": null,
  },
  {
    "_version": 1,
    "createdAt": "2026-01-19T14:30:00.000Z",
    "description": "Lesson introduction audio",
    "documentID": null,
    "duration": 5.2,
    "generated": false,
    "id": "mock-audio-file-2",
    "identityId": "us-east-1:mock-identity",
    "key": "audio/lesson-intro.mp3",
    "level": "public",
    "mimeType": "audio/mpeg",
    "name": "lesson-intro.mp3",
    "owner": "mock-user-id",
    "parsedContent": [Function anonymous],
    "path": "/story-mocks/descent-whoosh-long-cinematic-sound-effect-405921.mp3",
    "size": 87654,
    "type": "audio",
    "updatedAt": "2026-01-19T14:30:00.000Z",
    "waveformData": null,
  },
  {
    "_version": 1,
    "createdAt": "2026-01-18T09:15:00.000Z",
    "description": "Hiragana character chart",
    "documentID": null,
    "generated": false,
    "id": "mock-image-file-1",
    "identityId": "us-east-1:mock-identity",
    "key": "images/hiragana-chart.png",
    "level": "public",
    "mimeType": "image/png",
    "name": "hiragana-chart.png",
    "owner": "mock-user-id",
    "parsedContent": [Function anonymous],
    "path": "images/hiragana-chart.png",
    "size": 234567,
    "thumbnail": "thumbnails/hiragana-chart-thumb.png",
    "type": "image",
    "updatedAt": "2026-01-18T09:15:00.000Z",
  },
]
[90mstdout[2m | .storybook/TranslationMode.stories.tsx[2m > [22m[2mEditor Namespace
[22m[39m[FilesContext] Files count changed: 0 → 6
[90mstdout[2m | .storybook/TranslationMode.stories.tsx[2m > [22m[2mEditor Namespace
[22m[39m[MOCK CourseVectorStore] Initialized with mock data
[90mstdout[2m | .storybook/TranslationMode.stories.tsx[2m > [22m[2mEditor Namespace
[22m[39m[MOCK CourseVectorStore] Initialized with mock data
[90mstdout[2m | .storybook/TranslationMode.stories.tsx[2m > [22m[2mEditor Namespace
[22m[39m[i18next] Missing key: auth:confirm_password_placeholder for [
  "en",
]
[90mstdout[2m | .storybook/TranslationMode.stories.tsx[2m > [22m[2mEditor Namespace
[22m[39m[useTranslationWithCapture] t() called: {
  "key": "confirm_password_placeholder",
  "mode": "off",
  "namespace": "auth",
  "value": "Re-enter your password",
}
[90mstdout[2m | .storybook/TranslationMode.stories.tsx[2m > [22m[2mEditor Namespace
[22m[39m[ChatContext] AssistantChat query update: 1 items (synced)
[90mstdout[2m | .storybook/TranslationMode.stories.tsx[2m > [22m[2mEditor Namespace
[22m[39m[ChatContext] First item details: {
  "id": "mock-assistant-chat-1",
  "updatedAt": "2024-01-26T10:15:00.000Z",
}
[90mstdout[2m | .storybook/TranslationMode.stories.tsx[2m > [22m[2mEditor Namespace
[22m[39m[ChatContext] AssistantChat subscription initialized
[90mstdout[2m | .storybook/TranslationMode.stories.tsx[2m > [22m[2mEditor Namespace
[22m[39m[ChatContext] AssistantChat list updated: 1 chats
[90mstdout[2m | .storybook/TranslationMode.stories.tsx[2m > [22m[2mEditor Namespace
[22m[39m[Mock Data] Settings.create() called with: {
  "assistantVoice": "shimmer",
  "autoAnalyzeDocuments": true,
  "defaultAIModel": "gpt-4",
  "documentAnalysisModel": "gpt-4",
  "editorFontSize": 14,
  "editorTheme": "auto",
  "emailNotifications": true,
  "language": "en",
  "webhookNotifications": false,
}
[90mstdout[2m | .storybook/TranslationMode.stories.tsx[2m > [22m[2mEditor Namespace
[22m[39m[Mock Data] Settings created: mock-settings-1776336973082 - notified 1 subscribers
[90mstdout[2m | .storybook/TranslationMode.stories.tsx[2m > [22m[2mEditor Namespace
[22m[39m[TranslationOverlay] Mode changed to: off for key: demo.title
[90mstdout[2m | .storybook/TranslationMode.stories.tsx[2m > [22m[2mEditor Namespace
[22m[39m[TranslationOverlay] Mode changed to: off for key: demo.description
[90mstdout[2m | .storybook/TranslationMode.stories.tsx[2m > [22m[2mEditor Namespace
[22m[39m[TranslationOverlay] Mode changed to: off for key: demo.instructions
[90mstdout[2m | .storybook/TranslationMode.stories.tsx[2m > [22m[2mEditor Namespace
[22m[39m[TranslationOverlay] Mode changed to: off for key: demo.auth_form_heading
[90mstdout[2m | .storybook/TranslationMode.stories.tsx[2m > [22m[2mEditor Namespace
[22m[39m[TranslationOverlay] Mode changed to: off for key: username
[90mstdout[2m | .storybook/TranslationMode.stories.tsx[2m > [22m[2mEditor Namespace
[22m[39m[TranslationOverlay] Mode changed to: off for key: username
[90mstdout[2m | .storybook/TranslationMode.stories.tsx[2m > [22m[2mEditor Namespace
[22m[39m[TranslationOverlay] Mode changed to: off for key: password
[90mstdout[2m | .storybook/TranslationMode.stories.tsx[2m > [22m[2mEditor Namespace
[22m[39m[TranslationOverlay] Mode changed to: off for key: password
[90mstdout[2m | .storybook/TranslationMode.stories.tsx[2m > [22m[2mEditor Namespace
[22m[39m[TranslationOverlay] Mode changed to: off for key: email
[90mstdout[2m | .storybook/TranslationMode.stories.tsx[2m > [22m[2mEditor Namespace
[22m[39m[TranslationOverlay] Mode changed to: off for key: email
[90mstdout[2m | .storybook/TranslationMode.stories.tsx[2m > [22m[2mEditor Namespace
[22m[39m[TranslationOverlay] Mode changed to: off for key: sign_in
[90mstdout[2m | .storybook/TranslationMode.stories.tsx[2m > [22m[2mEditor Namespace
[22m[39m[TranslationOverlay] Mode changed to: off for key: sign_up
[90mstdout[2m | .storybook/TranslationMode.stories.tsx[2m > [22m[2mEditor Namespace
[22m[39m[TranslationOverlay] Mode changed to: off for key: forgot_password
[90mstdout[2m | .storybook/TranslationMode.stories.tsx[2m > [22m[2mEditor Namespace
[22m[39m[TranslationOverlay] Mode changed to: off for key: reset_password
[90mstdout[2m | .storybook/TranslationMode.stories.tsx[2m > [22m[2mEditor Namespace
[22m[39m[TranslationOverlay] Mode changed to: off for key: sign_out
[90mstdout[2m | .storybook/TranslationMode.stories.tsx[2m > [22m[2mEditor Namespace
[22m[39m[TranslationOverlay] Mode changed to: off for key: demo.password_reset_heading
[90mstdout[2m | .storybook/TranslationMode.stories.tsx[2m > [22m[2mEditor Namespace
[22m[39m[TranslationOverlay] Mode changed to: off for key: confirm_password
[90mstdout[2m | .storybook/TranslationMode.stories.tsx[2m > [22m[2mEditor Namespace
[22m[39m[TranslationOverlay] Mode changed to: off for key: confirm_password
[90mstdout[2m | .storybook/TranslationMode.stories.tsx[2m > [22m[2mEditor Namespace
[22m[39m[TranslationOverlay] Mode changed to: off for key: confirm_password_placeholder
[90mstdout[2m | .storybook/TranslationMode.stories.tsx[2m > [22m[2mEditor Namespace
[22m[39m[TranslationModeController] Setting mode to: off
[90mstdout[2m | .storybook/TranslationMode.stories.tsx[2m > [22m[2mEditor Namespace
[22m[39m[FilesContext] Vector store population triggered {
  "currentVectorStoreSize": 3,
  "documentsCount": 0,
  "filesCount": 6,
  "isInitialLoad": true,
}
[90mstdout[2m | .storybook/TranslationMode.stories.tsx[2m > [22m[2mEditor Namespace
[22m[39m[FilesContext] Vector store population complete - 3 total embeddings
[90mstdout[2m | .storybook/TranslationMode.stories.tsx[2m > [22m[2mEditor Namespace
[22m[39m[ChatContext] Setting initial chat: mock-assistant-chat-1
[90mstdout[2m | .storybook/TranslationMode.stories.tsx[2m > [22m[2mEditor Namespace
[22m[39m[MOCK CourseVectorStore] Initialized with mock data
[90mstdout[2m | .storybook/TranslationMode.stories.tsx[2m > [22m[2mEditor Namespace
[22m[39m[i18next] Missing key: auth:confirm_password_placeholder for [
  "en",
]
[90mstdout[2m | .storybook/TranslationMode.stories.tsx[2m > [22m[2mEditor Namespace
[22m[39m[useTranslationWithCapture] t() called: {
  "key": "confirm_password_placeholder",
  "mode": "off",
  "namespace": "auth",
  "value": "Re-enter your password",
}
[90mstdout[2m | .storybook/TranslationMode.stories.tsx[2m > [22m[2mAuth Namespace
[22m[39m[ChatContext] Chat exists and not archived, skipping creation
[90mstdout[2m | .storybook/TranslationMode.stories.tsx[2m > [22m[2mAuth Namespace
[22m[39m[Mock Data] Settings subscription unsubscribed. Remaining: 0
[90mstdout[2m | .storybook/TranslationMode.stories.tsx[2m > [22m[2mAuth Namespace
[22m[39m[ChatContext] Cleaning up subscription
[90mstdout[2m | .storybook/TranslationMode.stories.tsx[2m > [22m[2mAuth Namespace
[22m[39m[Mock Data] AssistantChat subscription unsubscribed. Remaining: 0
[90mstdout[2m | .storybook/TranslationMode.stories.tsx[2m > [22m[2mAuth Namespace
[22m[39m[Mock Data] File subscription unsubscribed. Remaining: 0
[90mstdout[2m | .storybook/TranslationMode.stories.tsx[2m > [22m[2mAuth Namespace
[22m[39m[Mock Data] Document subscription unsubscribed. Remaining: 0
[90mstdout[2m | .storybook/TranslationMode.stories.tsx[2m > [22m[2mAuth Namespace
[22m[39m[Mock Data] Word subscription unsubscribed. Remaining: 0
[90mstdout[2m | .storybook/TranslationMode.stories.tsx[2m > [22m[2mAuth Namespace
[22m[39m[Mock Data] Question subscription unsubscribed. Remaining: 0
[90mstdout[2m | .storybook/TranslationMode.stories.tsx[2m > [22m[2mAuth Namespace
[22m[39m[Mock Data] Grade subscription unsubscribed. Remaining: 0
[90mstdout[2m | .storybook/TranslationMode.stories.tsx[2m > [22m[2mAuth Namespace
[22m[39m[Mock Data] Unit subscription unsubscribed. Remaining: 0
[90mstdout[2m | .storybook/TranslationMode.stories.tsx[2m > [22m[2mAuth Namespace
[22m[39m[SectionContext] Cleaning up subscriptions
[90mstdout[2m | .storybook/TranslationMode.stories.tsx[2m > [22m[2mAuth Namespace
[22m[39m[Mock Data] Section.onCreate() subscription removed. Remaining: 0
[90mstdout[2m | .storybook/TranslationMode.stories.tsx[2m > [22m[2mAuth Namespace
[22m[39m[Mock Data] Section.onUpdate() subscription removed. Remaining: 0
[90mstdout[2m | .storybook/TranslationMode.stories.tsx[2m > [22m[2mAuth Namespace
[22m[39m[Mock Data] Section.onDelete() subscription removed. Remaining: 0
[90mstdout[2m | .storybook/TranslationMode.stories.tsx[2m > [22m[2mAuth Namespace
[22m[39m[Mock Data] Assignment.onCreate() subscription removed. Remaining: 0
[90mstdout[2m | .storybook/TranslationMode.stories.tsx[2m > [22m[2mAuth Namespace
[22m[39m[Mock Data] Assignment.onUpdate() subscription removed. Remaining: 0
[90mstdout[2m | .storybook/TranslationMode.stories.tsx[2m > [22m[2mAuth Namespace
[22m[39m[Mock Data] Assignment.onDelete() subscription removed. Remaining: 0
[90mstdout[2m | .storybook/TranslationMode.stories.tsx[2m > [22m[2mAuth Namespace
[22m[39m[Mock Data] Clearing all data stores
[90mstdout[2m | .storybook/TranslationMode.stories.tsx[2m > [22m[2mAuth Namespace
[22m[39m[Mock Data] All data stores cleared
[90mstdout[2m | .storybook/TranslationMode.stories.tsx[2m > [22m[2mAuth Namespace
[22m[39m[Preview] Cleared mock data for story
[90mstdout[2m | .storybook/TranslationMode.stories.tsx[2m > [22m[2mAuth Namespace
[22m[39m[Mock Data Gen 2] Initializing mock data
[90mstdout[2m | .storybook/TranslationMode.stories.tsx[2m > [22m[2mAuth Namespace
[22m[39m[Mock Data] seedMockAssistantChats: Replacing with 1 assistant chats
[90mstdout[2m | .storybook/TranslationMode.stories.tsx[2m > [22m[2mAuth Namespace
[22m[39m[Mock Data Gen 2] Seeded AssistantChat: mock-assistant-chat-1
[90mstdout[2m | .storybook/TranslationMode.stories.tsx[2m > [22m[2mAuth Namespace
[22m[39m[Mock Data] seedMockFiles: Adding 6 files
[90mstdout[2m | .storybook/TranslationMode.stories.tsx[2m > [22m[2mAuth Namespace
[22m[39m[Mock Data Gen 2] Seeded Files: 6
[90mstdout[2m | .storybook/TranslationMode.stories.tsx[2m > [22m[2mAuth Namespace
[22m[39m[Mock Data Gen 2] Initializing mock data
[90mstdout[2m | .storybook/TranslationMode.stories.tsx[2m > [22m[2mAuth Namespace
[22m[39m[Mock Data] seedMockAssistantChats: Replacing with 1 assistant chats
[90mstdout[2m | .storybook/TranslationMode.stories.tsx[2m > [22m[2mAuth Namespace
[22m[39m[Mock Data Gen 2] Seeded AssistantChat: mock-assistant-chat-1
[90mstdout[2m | .storybook/TranslationMode.stories.tsx[2m > [22m[2mAuth Namespace
[22m[39m[Mock Data] seedMockFiles: Adding 6 files
[90mstdout[2m | .storybook/TranslationMode.stories.tsx[2m > [22m[2mAuth Namespace
[22m[39m[Mock Data Gen 2] Seeded Files: 6
[90mstdout[2m | .storybook/TranslationMode.stories.tsx[2m > [22m[2mAuth Namespace
[22m[39m[Preview] Initialized default mock data for story
[90mstdout[2m | .storybook/TranslationMode.stories.tsx[2m > [22m[2mAuth Namespace
[22m[39m[Mock AuthContext] Providing auth: {
  "error": undefined,
  "isLoading": false,
  "session": {
    "idToken": {
      "toString": [Function toString],
    },
    "identityId": "us-east-1:mock-identity-123",
    "username": "mock-user-sub",
  },
  "user": {
    "attributes": {
      "email": "alice@example.com",
      "name": "Alice Student",
      "sub": "mock-user-sub",
    },
  },
}
[90mstdout[2m | .storybook/TranslationMode.stories.tsx[2m > [22m[2mAuth Namespace
[22m[39m[Mock Data] generateClient() called - returning mock client
[90mstdout[2m | .storybook/TranslationMode.stories.tsx[2m > [22m[2mAuth Namespace
[22m[39m[Mock amplifyClient] getAmplifyClient() called - returning mock client
[90mstdout[2m | .storybook/TranslationMode.stories.tsx[2m > [22m[2mAuth Namespace
[22m[39m[MOCK CourseVectorStore] Initialized with mock data
[90mstdout[2m | .storybook/TranslationMode.stories.tsx[2m > [22m[2mAuth Namespace
[22m[39m[TranslationModeController] Setting mode to: off
[90mstdout[2m | .storybook/TranslationMode.stories.tsx[2m > [22m[2mAuth Namespace
[22m[39m[SectionContext] useEffect triggered {
  "authLoading": false,
  "hasUser": true,
  "userSub": "mock-user-sub",
}
[90mstdout[2m | .storybook/TranslationMode.stories.tsx[2m > [22m[2mAuth Namespace
[22m[39m[SectionContext] Fetching sections for userId: mock-user-sub
[90mstdout[2m | .storybook/TranslationMode.stories.tsx[2m > [22m[2mAuth Namespace
[22m[39m[Mock Data] generateClient() called - returning mock client
[90mstdout[2m | .storybook/TranslationMode.stories.tsx[2m > [22m[2mAuth Namespace
[22m[39m[Mock amplifyClient] getAmplifyClient() called - returning mock client
[90mstdout[2m | .storybook/TranslationMode.stories.tsx[2m > [22m[2mAuth Namespace
[22m[39m[Mock Data] Section.list() called with options: undefined
[90mstdout[2m | .storybook/TranslationMode.stories.tsx[2m > [22m[2mAuth Namespace
[22m[39m[Mock Data] generateClient() called - returning mock client
[90mstdout[2m | .storybook/TranslationMode.stories.tsx[2m > [22m[2mAuth Namespace
[22m[39m[Mock amplifyClient] getAmplifyClient() called - returning mock client
[90mstdout[2m | .storybook/TranslationMode.stories.tsx[2m > [22m[2mAuth Namespace
[22m[39m[Mock Data] Assignment.list() called with options: {
  "filter": {
    "unitID": {
      "eq": "mock-unit-id",
    },
  },
}
[90mstdout[2m | .storybook/TranslationMode.stories.tsx[2m > [22m[2mAuth Namespace
[22m[39m[Mock Data] generateClient() called - returning mock client
[90mstdout[2m | .storybook/TranslationMode.stories.tsx[2m > [22m[2mAuth Namespace
[22m[39m[Mock amplifyClient] getAmplifyClient() called - returning mock client
[90mstdout[2m | .storybook/TranslationMode.stories.tsx[2m > [22m[2mAuth Namespace
[22m[39m[Mock Data] Grade.observeQuery() called with filter: {
  "filter": {
    "unitID": {
      "eq": "mock-unit-id",
    },
  },
}
[90mstdout[2m | .storybook/TranslationMode.stories.tsx[2m > [22m[2mAuth Namespace
[22m[39m[Mock Data] Grade.observeQuery() applying filter: {
  "unitID": {
    "eq": "mock-unit-id",
  },
}
[90mstdout[2m | .storybook/TranslationMode.stories.tsx[2m > [22m[2mAuth Namespace
[22m[39m[Mock Data] Grade.observeQuery() items before filter: 0
[90mstdout[2m | .storybook/TranslationMode.stories.tsx[2m > [22m[2mAuth Namespace
[22m[39m[Mock Data] Grade.observeQuery() items after filter: 0
[90mstdout[2m | .storybook/TranslationMode.stories.tsx[2m > [22m[2mAuth Namespace
[22m[39m[Mock Data] Grade.observeQuery() returning 0 items (filter applied) {
  "filter": {
    "unitID": {
      "eq": "mock-unit-id",
    },
  },
}
[90mstdout[2m | .storybook/TranslationMode.stories.tsx[2m > [22m[2mAuth Namespace
[22m[39m[Mock Data] Grade subscription added. Total subscriptions: 1
[90mstdout[2m | .storybook/TranslationMode.stories.tsx[2m > [22m[2mAuth Namespace
[22m[39m[UnitContext] useEffect triggered {
  "authLoading": false,
  "hasUser": true,
  "id": "mock-unit-id",
  "userSub": "mock-user-sub",
}
[90mstdout[2m | .storybook/TranslationMode.stories.tsx[2m > [22m[2mAuth Namespace
[22m[39m[UnitContext] Fetching unit data for id: mock-unit-id
[90mstdout[2m | .storybook/TranslationMode.stories.tsx[2m > [22m[2mAuth Namespace
[22m[39m[Mock Data] generateClient() called - returning mock client
[90mstdout[2m | .storybook/TranslationMode.stories.tsx[2m > [22m[2mAuth Namespace
[22m[39m[Mock amplifyClient] getAmplifyClient() called - returning mock client
[90mstdout[2m | .storybook/TranslationMode.stories.tsx[2m > [22m[2mAuth Namespace
[22m[39m[Mock Data] Unit.observeQuery() called with filter: {
  "filter": {
    "id": {
      "eq": "mock-unit-id",
    },
  },
}
[90mstdout[2m | .storybook/TranslationMode.stories.tsx[2m > [22m[2mAuth Namespace
[22m[39m[Mock Data] Unit.observeQuery() applying filter: {
  "id": {
    "eq": "mock-unit-id",
  },
}
[90mstdout[2m | .storybook/TranslationMode.stories.tsx[2m > [22m[2mAuth Namespace
[22m[39m[Mock Data] Unit.observeQuery() items before filter: 0
[90mstdout[2m | .storybook/TranslationMode.stories.tsx[2m > [22m[2mAuth Namespace
[22m[39m[Mock Data] Unit.observeQuery() items after filter: 0
[90mstdout[2m | .storybook/TranslationMode.stories.tsx[2m > [22m[2mAuth Namespace
[22m[39m[Mock Data] Unit.observeQuery() returning 0 items (filter applied) {
  "filter": {
    "id": {
      "eq": "mock-unit-id",
    },
  },
}
[90mstdout[2m | .storybook/TranslationMode.stories.tsx[2m > [22m[2mAuth Namespace
[22m[39m[Mock Data] Unit subscription added. Total subscriptions: 1
[90mstdout[2m | .storybook/TranslationMode.stories.tsx[2m > [22m[2mAuth Namespace
[22m[39m[Mock Data] generateClient() called - returning mock client
[90mstdout[2m | .storybook/TranslationMode.stories.tsx[2m > [22m[2mAuth Namespace
[22m[39m[Mock amplifyClient] getAmplifyClient() called - returning mock client
[90mstdout[2m | .storybook/TranslationMode.stories.tsx[2m > [22m[2mAuth Namespace
[22m[39m[Mock Data] Word.observeQuery() called with filter: undefined
[90mstdout[2m | .storybook/TranslationMode.stories.tsx[2m > [22m[2mAuth Namespace
[22m[39m[Mock Data] Word.observeQuery() returning 0 items (filter applied) undefined
[90mstdout[2m | .storybook/TranslationMode.stories.tsx[2m > [22m[2mAuth Namespace
[22m[39m[Mock Data] Word subscription added. Total subscriptions: 1
[90mstdout[2m | .storybook/TranslationMode.stories.tsx[2m > [22m[2mAuth Namespace
[22m[39m[Mock Data] generateClient() called - returning mock client
[90mstdout[2m | .storybook/TranslationMode.stories.tsx[2m > [22m[2mAuth Namespace
[22m[39m[Mock amplifyClient] getAmplifyClient() called - returning mock client
[90mstdout[2m | .storybook/TranslationMode.stories.tsx[2m > [22m[2mAuth Namespace
[22m[39m[Mock Data] Question.observeQuery() called with filter: undefined
[90mstdout[2m | .storybook/TranslationMode.stories.tsx[2m > [22m[2mAuth Namespace
[22m[39m[Mock Data] Question.observeQuery() returning 0 items (filter applied) undefined
[90mstdout[2m | .storybook/TranslationMode.stories.tsx[2m > [22m[2mAuth Namespace
[22m[39m[Mock Data] Question subscription added. Total subscriptions: 1
[90mstdout[2m | .storybook/TranslationMode.stories.tsx[2m > [22m[2mAuth Namespace
[22m[39m[FilesContext] Initializing vector store from IndexedDB
[90mstdout[2m | .storybook/TranslationMode.stories.tsx[2m > [22m[2mAuth Namespace
[22m[39m[FilesContext] fetchFiles called
[90mstdout[2m | .storybook/TranslationMode.stories.tsx[2m > [22m[2mAuth Namespace
[22m[39m[FilesContext] User authenticated: mock-user-sub
[90mstdout[2m | .storybook/TranslationMode.stories.tsx[2m > [22m[2mAuth Namespace
[22m[39m[FilesContext] Identity ID: us-east-1:mock-identity-123
[90mstdout[2m | .storybook/TranslationMode.stories.tsx[2m > [22m[2mAuth Namespace
[22m[39m[FilesContext] About to subscribe to File model
[90mstdout[2m | .storybook/TranslationMode.stories.tsx[2m > [22m[2mAuth Namespace
[22m[39m[Mock Data] generateClient() called - returning mock client
[90mstdout[2m | .storybook/TranslationMode.stories.tsx[2m > [22m[2mAuth Namespace
[22m[39m[Mock amplifyClient] getAmplifyClient() called - returning mock client
[90mstdout[2m | .storybook/TranslationMode.stories.tsx[2m > [22m[2mAuth Namespace
[22m[39m[Mock Data] File.observeQuery() called with filter: undefined
[90mstdout[2m | .storybook/TranslationMode.stories.tsx[2m > [22m[2mAuth Namespace
[22m[39m[Mock Data] File.observeQuery() returning 6 items (filter applied) undefined
[90mstdout[2m | .storybook/TranslationMode.stories.tsx[2m > [22m[2mAuth Namespace
[22m[39m[Mock Data] File subscription added. Total subscriptions: 1
[90mstdout[2m | .storybook/TranslationMode.stories.tsx[2m > [22m[2mAuth Namespace
[22m[39m[Mock Data] generateClient() called - returning mock client
[90mstdout[2m | .storybook/TranslationMode.stories.tsx[2m > [22m[2mAuth Namespace
[22m[39m[Mock amplifyClient] getAmplifyClient() called - returning mock client
[90mstdout[2m | .storybook/TranslationMode.stories.tsx[2m > [22m[2mAuth Namespace
[22m[39m[Mock Data] Document.observeQuery() called with filter: undefined
[90mstdout[2m | .storybook/TranslationMode.stories.tsx[2m > [22m[2mAuth Namespace
[22m[39m[Mock Data] Document.observeQuery() returning 0 items (filter applied) undefined
[90mstdout[2m | .storybook/TranslationMode.stories.tsx[2m > [22m[2mAuth Namespace
[22m[39m[Mock Data] Document subscription added. Total subscriptions: 1
[90mstdout[2m | .storybook/TranslationMode.stories.tsx[2m > [22m[2mAuth Namespace
[22m[39m[ChatContext] Setting up observeQuery for AssistantChat
[90mstdout[2m | .storybook/TranslationMode.stories.tsx[2m > [22m[2mAuth Namespace
[22m[39m[Mock Data] AssistantChat.observeQuery() called with filter: {
  "sortDirection": "DESC",
  "sortField": "createdAt",
}
[90mstdout[2m | .storybook/TranslationMode.stories.tsx[2m > [22m[2mAuth Namespace
[22m[39m[Mock Data] AssistantChat.observeQuery() returning 1 items (filter applied) {
  "sortDirection": "DESC",
  "sortField": "createdAt",
}
[90mstdout[2m | .storybook/TranslationMode.stories.tsx[2m > [22m[2mAuth Namespace
[22m[39m[Mock Data] AssistantChat subscription added. Total subscriptions: 1
[90mstdout[2m | .storybook/TranslationMode.stories.tsx[2m > [22m[2mAuth Namespace
[22m[39m[ChatContext] Waiting for subscription to initialize
[90mstdout[2m | .storybook/TranslationMode.stories.tsx[2m > [22m[2mAuth Namespace
[22m[39m[SettingsContext] Setting up Settings subscription for user: mock-user-sub
[90mstdout[2m | .storybook/TranslationMode.stories.tsx[2m > [22m[2mAuth Namespace
[22m[39m[Mock Data] generateClient() called - returning mock client
[90mstdout[2m | .storybook/TranslationMode.stories.tsx[2m > [22m[2mAuth Namespace
[22m[39m[Mock amplifyClient] getAmplifyClient() called - returning mock client
[90mstdout[2m | .storybook/TranslationMode.stories.tsx[2m > [22m[2mAuth Namespace
[22m[39m[Mock Data] Settings.observeQuery() called with filter: undefined
[90mstdout[2m | .storybook/TranslationMode.stories.tsx[2m > [22m[2mAuth Namespace
[22m[39m[Mock Data] Settings.observeQuery() returning 0 items (filter applied) undefined
[90mstdout[2m | .storybook/TranslationMode.stories.tsx[2m > [22m[2mAuth Namespace
[22m[39m[Mock Data] Settings subscription added. Total subscriptions: 1
[90mstdout[2m | .storybook/TranslationMode.stories.tsx[2m > [22m[2mAuth Namespace
[22m[39m[SectionContext] Initial sections: 0 []
[90mstdout[2m | .storybook/TranslationMode.stories.tsx[2m > [22m[2mAuth Namespace
[22m[39m[Mock Data] Section.onCreate() called with filter: undefined
[90mstdout[2m | .storybook/TranslationMode.stories.tsx[2m > [22m[2mAuth Namespace
[22m[39m[Mock Data] Section.onCreate() subscription added. Total: 1
[90mstdout[2m | .storybook/TranslationMode.stories.tsx[2m > [22m[2mAuth Namespace
[22m[39m[Mock Data] Section.onUpdate() called with filter: undefined
[90mstdout[2m | .storybook/TranslationMode.stories.tsx[2m > [22m[2mAuth Namespace
[22m[39m[Mock Data] Section.onUpdate() subscription added. Total: 1
[90mstdout[2m | .storybook/TranslationMode.stories.tsx[2m > [22m[2mAuth Namespace
[22m[39m[Mock Data] Section.onDelete() called with filter: undefined
[90mstdout[2m | .storybook/TranslationMode.stories.tsx[2m > [22m[2mAuth Namespace
[22m[39m[Mock Data] Section.onDelete() subscription added. Total: 1
[90mstdout[2m | .storybook/TranslationMode.stories.tsx[2m > [22m[2mAuth Namespace
[22m[39m[Mock Data] Assignment.onCreate() called with filter: {
  "filter": {
    "unitID": {
      "eq": "mock-unit-id",
    },
  },
}
[90mstdout[2m | .storybook/TranslationMode.stories.tsx[2m > [22m[2mAuth Namespace
[22m[39m[Mock Data] Assignment.onCreate() subscription added. Total: 1
[90mstdout[2m | .storybook/TranslationMode.stories.tsx[2m > [22m[2mAuth Namespace
[22m[39m[Mock Data] Assignment.onUpdate() called with filter: {
  "filter": {
    "unitID": {
      "eq": "mock-unit-id",
    },
  },
}
[90mstdout[2m | .storybook/TranslationMode.stories.tsx[2m > [22m[2mAuth Namespace
[22m[39m[Mock Data] Assignment.onUpdate() subscription added. Total: 1
[90mstdout[2m | .storybook/TranslationMode.stories.tsx[2m > [22m[2mAuth Namespace
[22m[39m[Mock Data] Assignment.onDelete() called with filter: {
  "filter": {
    "unitID": {
      "eq": "mock-unit-id",
    },
  },
}
[90mstdout[2m | .storybook/TranslationMode.stories.tsx[2m > [22m[2mAuth Namespace
[22m[39m[Mock Data] Assignment.onDelete() subscription added. Total: 1
[90mstdout[2m | .storybook/TranslationMode.stories.tsx[2m > [22m[2mAuth Namespace
[22m[39m[FilesContext] File observeQuery subscription triggered:
[90mstdout[2m | .storybook/TranslationMode.stories.tsx[2m > [22m[2mAuth Namespace
[22m[39m  - items.length: 6
[90mstdout[2m | .storybook/TranslationMode.stories.tsx[2m > [22m[2mAuth Namespace
[22m[39m  - isSynced: true
[90mstdout[2m | .storybook/TranslationMode.stories.tsx[2m > [22m[2mAuth Namespace
[22m[39m  - items: [
  {
    "_deleted": null,
    "_lastChangedAt": 1767711773285,
    "_version": 1,
    "byHex": null,
    "createdAt": "2026-01-06T15:02:53.253Z",
    "description": "Japanese language textbook - Chapter 1",
    "document": Promise {},
    "documentID": "e01017e1-fe7a-4521-b71c-09ec31b18639",
    "duration": null,
    "embedding": null,
    "generated": null,
    "hex": null,
    "id": "a57d7833-5fa7-4cb7-8b7a-ce7c6e10e551",
    "identityId": "us-east-1:b0eadde9-f02c-c71b-17a6-22ffd37d89c8",
    "key": "files/Japanese Wind 1.pdf",
    "level": "protected",
    "mimeType": "application/pdf",
    "model": null,
    "name": "Japanese Wind 1.pdf",
    "owner": "64d81418-7021-701d-9fed-a4c2e0735711",
    "parsedContent": [Function anonymous],
    "parsedContentID": null,
    "path": "files/Japanese Wind 1.pdf",
    "prompt": null,
    "size": 4706654,
    "thumbnail": null,
    "type": "pdf",
    "updatedAt": "2026-01-06T15:02:53.253Z",
    "variant": null,
    "waveformData": null,
  },
  {
    "_version": 2,
    "createdAt": "2026-01-15T10:00:00.000Z",
    "description": "Sample report with vocabulary",
    "document": Promise {},
    "documentID": "cd824b5b-2c66-41f8-8571-aa6794ff590c",
    "generated": false,
    "id": "mock-pdf-file-2",
    "identityId": "us-east-1:mock-identity",
    "key": "files/report.pdf",
    "level": "protected",
    "mimeType": "application/pdf",
    "name": "report.pdf",
    "owner": "mock-user-id",
    "parsedContent": [Function anonymous],
    "path": "files/report.pdf",
    "size": 123456,
    "type": "pdf",
    "updatedAt": "2026-01-15T10:30:00.000Z",
  },
  {
    "_version": 3,
    "createdAt": "2026-01-14T08:00:00.000Z",
    "description": "Vocabulary lesson PDF with extracted content",
    "document": Promise {},
    "documentID": "mock-document-3",
    "generated": false,
    "id": "mock-pdf-file-3",
    "identityId": "us-east-1:mock-identity",
    "key": "files/vocabulary-lesson.pdf",
    "level": "public",
    "mimeType": "application/pdf",
    "name": "vocabulary-lesson.pdf",
    "owner": "mock-user-id",
    "parsedContent": [Function anonymous],
    "path": "files/vocabulary-lesson.pdf",
    "size": 567890,
    "type": "pdf",
    "updatedAt": "2026-01-14T08:45:00.000Z",
  },
  {
    "_version": 1,
    "createdAt": "2026-01-20T10:00:00.000Z",
    "description": "Sample pronunciation audio",
    "documentID": null,
    "duration": 3.5,
    "generated": true,
    "id": "mock-audio-file-1",
    "identityId": "us-east-1:mock-identity",
    "key": "audio/pronunciation-demo.mp3",
    "level": "public",
    "mimeType": "audio/mpeg",
    "name": "pronunciation-demo.mp3",
    "owner": "mock-user-id",
    "parsedContent": [Function anonymous],
    "path": "/story-mocks/cinematic-designed-sci-fi-whoosh-transition-nexawave-228295.mp3",
    "size": 56789,
    "type": "audio",
    "updatedAt": "2026-01-20T10:00:00.000Z",
    "waveformData": null,
  },
  {
    "_version": 1,
    "createdAt": "2026-01-19T14:30:00.000Z",
    "description": "Lesson introduction audio",
    "documentID": null,
    "duration": 5.2,
    "generated": false,
    "id": "mock-audio-file-2",
    "identityId": "us-east-1:mock-identity",
    "key": "audio/lesson-intro.mp3",
    "level": "public",
    "mimeType": "audio/mpeg",
    "name": "lesson-intro.mp3",
    "owner": "mock-user-id",
    "parsedContent": [Function anonymous],
    "path": "/story-mocks/descent-whoosh-long-cinematic-sound-effect-405921.mp3",
    "size": 87654,
    "type": "audio",
    "updatedAt": "2026-01-19T14:30:00.000Z",
    "waveformData": null,
  },
  {
    "_version": 1,
    "createdAt": "2026-01-18T09:15:00.000Z",
    "description": "Hiragana character chart",
    "documentID": null,
    "generated": false,
    "id": "mock-image-file-1",
    "identityId": "us-east-1:mock-identity",
    "key": "images/hiragana-chart.png",
    "level": "public",
    "mimeType": "image/png",
    "name": "hiragana-chart.png",
    "owner": "mock-user-id",
    "parsedContent": [Function anonymous],
    "path": "images/hiragana-chart.png",
    "size": 234567,
    "thumbnail": "thumbnails/hiragana-chart-thumb.png",
    "type": "image",
    "updatedAt": "2026-01-18T09:15:00.000Z",
  },
]
[90mstdout[2m | .storybook/TranslationMode.stories.tsx[2m > [22m[2mAuth Namespace
[22m[39m[FilesContext] Files count changed: 0 → 6
[90mstdout[2m | .storybook/TranslationMode.stories.tsx[2m > [22m[2mAuth Namespace
[22m[39m[MOCK CourseVectorStore] Initialized with mock data
[90mstdout[2m | .storybook/TranslationMode.stories.tsx[2m > [22m[2mAuth Namespace
[22m[39m[MOCK CourseVectorStore] Initialized with mock data
[90mstdout[2m | .storybook/TranslationMode.stories.tsx[2m > [22m[2mAuth Namespace
[22m[39m[i18next] Missing key: auth:confirm_password_placeholder for [
  "en",
]
[90mstdout[2m | .storybook/TranslationMode.stories.tsx[2m > [22m[2mAuth Namespace
[22m[39m[useTranslationWithCapture] t() called: {
  "key": "confirm_password_placeholder",
  "mode": "off",
  "namespace": "auth",
  "value": "Re-enter your password",
}
[90mstdout[2m | .storybook/TranslationMode.stories.tsx[2m > [22m[2mAuth Namespace
[22m[39m[ChatContext] AssistantChat query update: 1 items (synced)
[90mstdout[2m | .storybook/TranslationMode.stories.tsx[2m > [22m[2mAuth Namespace
[22m[39m[ChatContext] First item details: {
  "id": "mock-assistant-chat-1",
  "updatedAt": "2024-01-26T10:15:00.000Z",
}
[90mstdout[2m | .storybook/TranslationMode.stories.tsx[2m > [22m[2mAuth Namespace
[22m[39m[ChatContext] AssistantChat subscription initialized
[90mstdout[2m | .storybook/TranslationMode.stories.tsx[2m > [22m[2mAuth Namespace
[22m[39m[ChatContext] AssistantChat list updated: 1 chats
[90mstdout[2m | .storybook/TranslationMode.stories.tsx[2m > [22m[2mAuth Namespace
[22m[39m[Mock Data] Settings.create() called with: {
  "assistantVoice": "shimmer",
  "autoAnalyzeDocuments": true,
  "defaultAIModel": "gpt-4",
  "documentAnalysisModel": "gpt-4",
  "editorFontSize": 14,
  "editorTheme": "auto",
  "emailNotifications": true,
  "language": "en",
  "webhookNotifications": false,
}
[90mstdout[2m | .storybook/TranslationMode.stories.tsx[2m > [22m[2mAuth Namespace
[22m[39m[Mock Data] Settings created: mock-settings-1776336973220 - notified 1 subscribers
[90mstdout[2m | .storybook/TranslationMode.stories.tsx[2m > [22m[2mAuth Namespace
[22m[39m[TranslationOverlay] Mode changed to: off for key: demo.title
[90mstdout[2m | .storybook/TranslationMode.stories.tsx[2m > [22m[2mAuth Namespace
[22m[39m[TranslationOverlay] Mode changed to: off for key: demo.description
[90mstdout[2m | .storybook/TranslationMode.stories.tsx[2m > [22m[2mAuth Namespace
[22m[39m[TranslationOverlay] Mode changed to: off for key: demo.instructions
[90mstdout[2m | .storybook/TranslationMode.stories.tsx[2m > [22m[2mAuth Namespace
[22m[39m[TranslationOverlay] Mode changed to: off for key: demo.auth_form_heading
[90mstdout[2m | .storybook/TranslationMode.stories.tsx[2m > [22m[2mAuth Namespace
[22m[39m[TranslationOverlay] Mode changed to: off for key: username
[90mstdout[2m | .storybook/TranslationMode.stories.tsx[2m > [22m[2mAuth Namespace
[22m[39m[TranslationOverlay] Mode changed to: off for key: username
[90mstdout[2m | .storybook/TranslationMode.stories.tsx[2m > [22m[2mAuth Namespace
[22m[39m[TranslationOverlay] Mode changed to: off for key: password
[90mstdout[2m | .storybook/TranslationMode.stories.tsx[2m > [22m[2mAuth Namespace
[22m[39m[TranslationOverlay] Mode changed to: off for key: password
[90mstdout[2m | .storybook/TranslationMode.stories.tsx[2m > [22m[2mAuth Namespace
[22m[39m[TranslationOverlay] Mode changed to: off for key: email
[90mstdout[2m | .storybook/TranslationMode.stories.tsx[2m > [22m[2mAuth Namespace
[22m[39m[TranslationOverlay] Mode changed to: off for key: email
[90mstdout[2m | .storybook/TranslationMode.stories.tsx[2m > [22m[2mAuth Namespace
[22m[39m[TranslationOverlay] Mode changed to: off for key: sign_in
[90mstdout[2m | .storybook/TranslationMode.stories.tsx[2m > [22m[2mAuth Namespace
[22m[39m[TranslationOverlay] Mode changed to: off for key: sign_up
[90mstdout[2m | .storybook/TranslationMode.stories.tsx[2m > [22m[2mAuth Namespace
[22m[39m[TranslationOverlay] Mode changed to: off for key: forgot_password
[90mstdout[2m | .storybook/TranslationMode.stories.tsx[2m > [22m[2mAuth Namespace
[22m[39m[TranslationOverlay] Mode changed to: off for key: reset_password
[90mstdout[2m | .storybook/TranslationMode.stories.tsx[2m > [22m[2mAuth Namespace
[22m[39m[TranslationOverlay] Mode changed to: off for key: sign_out
[90mstdout[2m | .storybook/TranslationMode.stories.tsx[2m > [22m[2mAuth Namespace
[22m[39m[TranslationOverlay] Mode changed to: off for key: demo.password_reset_heading
[90mstdout[2m | .storybook/TranslationMode.stories.tsx[2m > [22m[2mAuth Namespace
[22m[39m[TranslationOverlay] Mode changed to: off for key: confirm_password
[90mstdout[2m | .storybook/TranslationMode.stories.tsx[2m > [22m[2mAuth Namespace
[22m[39m[TranslationOverlay] Mode changed to: off for key: confirm_password
[90mstdout[2m | .storybook/TranslationMode.stories.tsx[2m > [22m[2mAuth Namespace
[22m[39m[TranslationOverlay] Mode changed to: off for key: confirm_password_placeholder
[90mstdout[2m | .storybook/TranslationMode.stories.tsx[2m > [22m[2mAuth Namespace
[22m[39m[TranslationModeController] Setting mode to: off
[90mstdout[2m | .storybook/TranslationMode.stories.tsx[2m > [22m[2mAuth Namespace
[22m[39m[FilesContext] Vector store population triggered {
  "currentVectorStoreSize": 3,
  "documentsCount": 0,
  "filesCount": 6,
  "isInitialLoad": true,
}
[90mstdout[2m | .storybook/TranslationMode.stories.tsx[2m > [22m[2mAuth Namespace
[22m[39m[FilesContext] Vector store population complete - 3 total embeddings
[90mstdout[2m | .storybook/TranslationMode.stories.tsx[2m > [22m[2mAuth Namespace
[22m[39m[ChatContext] Setting initial chat: mock-assistant-chat-1
[90mstdout[2m | .storybook/TranslationMode.stories.tsx[2m > [22m[2mAuth Namespace
[22m[39m[MOCK CourseVectorStore] Initialized with mock data
[90mstdout[2m | .storybook/TranslationMode.stories.tsx[2m > [22m[2mAuth Namespace
[22m[39m[i18next] Missing key: auth:confirm_password_placeholder for [
  "en",
]
[90mstdout[2m | .storybook/TranslationMode.stories.tsx[2m > [22m[2mAuth Namespace
[22m[39m[useTranslationWithCapture] t() called: {
  "key": "confirm_password_placeholder",
  "mode": "off",
  "namespace": "auth",
  "value": "Re-enter your password",
}
[90mstdout[2m | .storybook/TranslationMode.stories.tsx
[22m[39m[ChatContext] Chat exists and not archived, skipping creation
 [32m✓[39m [30m[45m storybook (chromium) [49m[39m .storybook/TranslationMode.stories.tsx [2m([22m[2m3 tests[22m[2m)[22m[33m 704[2mms[22m[39m
[90mstdout[2m | src/components/AIFeedbackWidget.stories.jsx[2m > [22m[2mChat Message
[22m[39m[Mock Data] Settings subscription unsubscribed. Remaining: 0
[90mstdout[2m | src/components/AIFeedbackWidget.stories.jsx[2m > [22m[2mChat Message
[22m[39m[ChatContext] Cleaning up subscription
[90mstdout[2m | src/components/AIFeedbackWidget.stories.jsx[2m > [22m[2mChat Message
[22m[39m[Mock Data] AssistantChat subscription unsubscribed. Remaining: 0
[90mstdout[2m | src/components/AIFeedbackWidget.stories.jsx[2m > [22m[2mChat Message
[22m[39m[Mock Data] File subscription unsubscribed. Remaining: 0
[90mstdout[2m | src/components/AIFeedbackWidget.stories.jsx[2m > [22m[2mChat Message
[22m[39m[Mock Data] Document subscription unsubscribed. Remaining: 0
[90mstdout[2m | src/components/AIFeedbackWidget.stories.jsx[2m > [22m[2mChat Message
[22m[39m[Mock Data] Word subscription unsubscribed. Remaining: 0
[90mstdout[2m | src/components/AIFeedbackWidget.stories.jsx[2m > [22m[2mChat Message
[22m[39m[Mock Data] Question subscription unsubscribed. Remaining: 0
[90mstdout[2m | src/components/AIFeedbackWidget.stories.jsx[2m > [22m[2mChat Message
[22m[39m[Mock Data] Grade subscription unsubscribed. Remaining: 0
[90mstdout[2m | src/components/AIFeedbackWidget.stories.jsx[2m > [22m[2mChat Message
[22m[39m[Mock Data] Unit subscription unsubscribed. Remaining: 0
[90mstdout[2m | src/components/AIFeedbackWidget.stories.jsx[2m > [22m[2mChat Message
[22m[39m[SectionContext] Cleaning up subscriptions
[90mstdout[2m | src/components/AIFeedbackWidget.stories.jsx[2m > [22m[2mChat Message
[22m[39m[Mock Data] Section.onCreate() subscription removed. Remaining: 0
[90mstdout[2m | src/components/AIFeedbackWidget.stories.jsx[2m > [22m[2mChat Message
[22m[39m[Mock Data] Section.onUpdate() subscription removed. Remaining: 0
[90mstdout[2m | src/components/AIFeedbackWidget.stories.jsx[2m > [22m[2mChat Message
[22m[39m[Mock Data] Section.onDelete() subscription removed. Remaining: 0
[90mstdout[2m | src/components/AIFeedbackWidget.stories.jsx[2m > [22m[2mChat Message
[22m[39m[Mock Data] Assignment.onCreate() subscription removed. Remaining: 0
[90mstdout[2m | src/components/AIFeedbackWidget.stories.jsx[2m > [22m[2mChat Message
[22m[39m[Mock Data] Assignment.onUpdate() subscription removed. Remaining: 0
[90mstdout[2m | src/components/AIFeedbackWidget.stories.jsx[2m > [22m[2mChat Message
[22m[39m[Mock Data] Assignment.onDelete() subscription removed. Remaining: 0
[90mstdout[2m | src/components/AIFeedbackWidget.stories.jsx[2m > [22m[2mChat Message
[22m[39m[Mock Data] Clearing all data stores
[90mstdout[2m | src/components/AIFeedbackWidget.stories.jsx[2m > [22m[2mChat Message
[22m[39m[Mock Data] All data stores cleared
[90mstdout[2m | src/components/AIFeedbackWidget.stories.jsx[2m > [22m[2mChat Message
[22m[39m[Preview] Cleared mock data for story
[90mstdout[2m | src/components/AIFeedbackWidget.stories.jsx[2m > [22m[2mChat Message
[22m[39m[Mock Data Gen 2] Initializing mock data
[90mstdout[2m | src/components/AIFeedbackWidget.stories.jsx[2m > [22m[2mChat Message
[22m[39m[Mock Data] seedMockAssistantChats: Replacing with 1 assistant chats
[90mstdout[2m | src/components/AIFeedbackWidget.stories.jsx[2m > [22m[2mChat Message
[22m[39m[Mock Data Gen 2] Seeded AssistantChat: mock-assistant-chat-1
[90mstdout[2m | src/components/AIFeedbackWidget.stories.jsx[2m > [22m[2mChat Message
[22m[39m[Mock Data] seedMockFiles: Adding 6 files
[90mstdout[2m | src/components/AIFeedbackWidget.stories.jsx[2m > [22m[2mChat Message
[22m[39m[Mock Data Gen 2] Seeded Files: 6
[90mstdout[2m | src/components/AIFeedbackWidget.stories.jsx[2m > [22m[2mChat Message
[22m[39m[Mock Data Gen 2] Initializing mock data
[90mstdout[2m | src/components/AIFeedbackWidget.stories.jsx[2m > [22m[2mChat Message
[22m[39m[Mock Data] seedMockAssistantChats: Replacing with 1 assistant chats
[90mstdout[2m | src/components/AIFeedbackWidget.stories.jsx[2m > [22m[2mChat Message
[22m[39m[Mock Data Gen 2] Seeded AssistantChat: mock-assistant-chat-1
[90mstdout[2m | src/components/AIFeedbackWidget.stories.jsx[2m > [22m[2mChat Message
[22m[39m[Mock Data] seedMockFiles: Adding 6 files
[90mstdout[2m | src/components/AIFeedbackWidget.stories.jsx[2m > [22m[2mChat Message
[22m[39m[Mock Data Gen 2] Seeded Files: 6
[90mstdout[2m | src/components/AIFeedbackWidget.stories.jsx[2m > [22m[2mChat Message
[22m[39m[Preview] Initialized default mock data for story
[90mstdout[2m | src/components/AIFeedbackWidget.stories.jsx[2m > [22m[2mChat Message
[22m[39m[Mock AuthContext] Providing auth: {
  "error": undefined,
  "isLoading": false,
  "session": {
    "idToken": {
      "toString": [Function toString],
    },
    "identityId": "us-east-1:mock-identity-123",
    "username": "mock-user-sub",
  },
  "user": {
    "attributes": {
      "email": "alice@example.com",
      "name": "Alice Student",
      "sub": "mock-user-sub",
    },
  },
}
[90mstdout[2m | src/components/AIFeedbackWidget.stories.jsx[2m > [22m[2mChat Message
[22m[39m[Mock Data] generateClient() called - returning mock client
[90mstdout[2m | src/components/AIFeedbackWidget.stories.jsx[2m > [22m[2mChat Message
[22m[39m[Mock amplifyClient] getAmplifyClient() called - returning mock client
[90mstdout[2m | src/components/AIFeedbackWidget.stories.jsx[2m > [22m[2mChat Message
[22m[39m[MOCK CourseVectorStore] Initialized with mock data
[90mstdout[2m | src/components/AIFeedbackWidget.stories.jsx[2m > [22m[2mChat Message
[22m[39m[TranslationModeController] Setting mode to: off
[90mstdout[2m | src/components/AIFeedbackWidget.stories.jsx[2m > [22m[2mChat Message
[22m[39m[SectionContext] useEffect triggered {
  "authLoading": false,
  "hasUser": true,
  "userSub": "mock-user-sub",
}
[90mstdout[2m | src/components/AIFeedbackWidget.stories.jsx[2m > [22m[2mChat Message
[22m[39m[SectionContext] Fetching sections for userId: mock-user-sub
[90mstdout[2m | src/components/AIFeedbackWidget.stories.jsx[2m > [22m[2mChat Message
[22m[39m[Mock Data] generateClient() called - returning mock client
[90mstdout[2m | src/components/AIFeedbackWidget.stories.jsx[2m > [22m[2mChat Message
[22m[39m[Mock amplifyClient] getAmplifyClient() called - returning mock client
[90mstdout[2m | src/components/AIFeedbackWidget.stories.jsx[2m > [22m[2mChat Message
[22m[39m[Mock Data] Section.list() called with options: undefined
[90mstdout[2m | src/components/AIFeedbackWidget.stories.jsx[2m > [22m[2mChat Message
[22m[39m[Mock Data] generateClient() called - returning mock client
[90mstdout[2m | src/components/AIFeedbackWidget.stories.jsx[2m > [22m[2mChat Message
[22m[39m[Mock amplifyClient] getAmplifyClient() called - returning mock client
[90mstdout[2m | src/components/AIFeedbackWidget.stories.jsx[2m > [22m[2mChat Message
[22m[39m[Mock Data] Assignment.list() called with options: {
  "filter": {
    "unitID": {
      "eq": "mock-unit-id",
    },
  },
}
[90mstdout[2m | src/components/AIFeedbackWidget.stories.jsx[2m > [22m[2mChat Message
[22m[39m[Mock Data] generateClient() called - returning mock client
[90mstdout[2m | src/components/AIFeedbackWidget.stories.jsx[2m > [22m[2mChat Message
[22m[39m[Mock amplifyClient] getAmplifyClient() called - returning mock client
[90mstdout[2m | src/components/AIFeedbackWidget.stories.jsx[2m > [22m[2mChat Message
[22m[39m[Mock Data] Grade.observeQuery() called with filter: {
  "filter": {
    "unitID": {
      "eq": "mock-unit-id",
    },
  },
}
[90mstdout[2m | src/components/AIFeedbackWidget.stories.jsx[2m > [22m[2mChat Message
[22m[39m[Mock Data] Grade.observeQuery() applying filter: {
  "unitID": {
    "eq": "mock-unit-id",
  },
}
[90mstdout[2m | src/components/AIFeedbackWidget.stories.jsx[2m > [22m[2mChat Message
[22m[39m[Mock Data] Grade.observeQuery() items before filter: 0
[90mstdout[2m | src/components/AIFeedbackWidget.stories.jsx[2m > [22m[2mChat Message
[22m[39m[Mock Data] Grade.observeQuery() items after filter: 0
[90mstdout[2m | src/components/AIFeedbackWidget.stories.jsx[2m > [22m[2mChat Message
[22m[39m[Mock Data] Grade.observeQuery() returning 0 items (filter applied) {
  "filter": {
    "unitID": {
      "eq": "mock-unit-id",
    },
  },
}
[90mstdout[2m | src/components/AIFeedbackWidget.stories.jsx[2m > [22m[2mChat Message
[22m[39m[Mock Data] Grade subscription added. Total subscriptions: 1
[90mstdout[2m | src/components/AIFeedbackWidget.stories.jsx[2m > [22m[2mChat Message
[22m[39m[UnitContext] useEffect triggered {
  "authLoading": false,
  "hasUser": true,
  "id": "mock-unit-id",
  "userSub": "mock-user-sub",
}
[90mstdout[2m | src/components/AIFeedbackWidget.stories.jsx[2m > [22m[2mChat Message
[22m[39m[UnitContext] Fetching unit data for id: mock-unit-id
[90mstdout[2m | src/components/AIFeedbackWidget.stories.jsx[2m > [22m[2mChat Message
[22m[39m[Mock Data] generateClient() called - returning mock client
[90mstdout[2m | src/components/AIFeedbackWidget.stories.jsx[2m > [22m[2mChat Message
[22m[39m[Mock amplifyClient] getAmplifyClient() called - returning mock client
[90mstdout[2m | src/components/AIFeedbackWidget.stories.jsx[2m > [22m[2mChat Message
[22m[39m[Mock Data] Unit.observeQuery() called with filter: {
  "filter": {
    "id": {
      "eq": "mock-unit-id",
    },
  },
}
[90mstdout[2m | src/components/AIFeedbackWidget.stories.jsx[2m > [22m[2mChat Message
[22m[39m[Mock Data] Unit.observeQuery() applying filter: {
  "id": {
    "eq": "mock-unit-id",
  },
}
[90mstdout[2m | src/components/AIFeedbackWidget.stories.jsx[2m > [22m[2mChat Message
[22m[39m[Mock Data] Unit.observeQuery() items before filter: 0
[90mstdout[2m | src/components/AIFeedbackWidget.stories.jsx[2m > [22m[2mChat Message
[22m[39m[Mock Data] Unit.observeQuery() items after filter: 0
[90mstdout[2m | src/components/AIFeedbackWidget.stories.jsx[2m > [22m[2mChat Message
[22m[39m[Mock Data] Unit.observeQuery() returning 0 items (filter applied) {
  "filter": {
    "id": {
      "eq": "mock-unit-id",
    },
  },
}
[90mstdout[2m | src/components/AIFeedbackWidget.stories.jsx[2m > [22m[2mChat Message
[22m[39m[Mock Data] Unit subscription added. Total subscriptions: 1
[90mstdout[2m | src/components/AIFeedbackWidget.stories.jsx[2m > [22m[2mChat Message
[22m[39m[Mock Data] generateClient() called - returning mock client
[90mstdout[2m | src/components/AIFeedbackWidget.stories.jsx[2m > [22m[2mChat Message
[22m[39m[Mock amplifyClient] getAmplifyClient() called - returning mock client
[90mstdout[2m | src/components/AIFeedbackWidget.stories.jsx[2m > [22m[2mChat Message
[22m[39m[Mock Data] Word.observeQuery() called with filter: undefined
[90mstdout[2m | src/components/AIFeedbackWidget.stories.jsx[2m > [22m[2mChat Message
[22m[39m[Mock Data] Word.observeQuery() returning 0 items (filter applied) undefined
[90mstdout[2m | src/components/AIFeedbackWidget.stories.jsx[2m > [22m[2mChat Message
[22m[39m[Mock Data] Word subscription added. Total subscriptions: 1
[90mstdout[2m | src/components/AIFeedbackWidget.stories.jsx[2m > [22m[2mChat Message
[22m[39m[Mock Data] generateClient() called - returning mock client
[90mstdout[2m | src/components/AIFeedbackWidget.stories.jsx[2m > [22m[2mChat Message
[22m[39m[Mock amplifyClient] getAmplifyClient() called - returning mock client
[90mstdout[2m | src/components/AIFeedbackWidget.stories.jsx[2m > [22m[2mChat Message
[22m[39m[Mock Data] Question.observeQuery() called with filter: undefined
[90mstdout[2m | src/components/AIFeedbackWidget.stories.jsx[2m > [22m[2mChat Message
[22m[39m[Mock Data] Question.observeQuery() returning 0 items (filter applied) undefined
[90mstdout[2m | src/components/AIFeedbackWidget.stories.jsx[2m > [22m[2mChat Message
[22m[39m[Mock Data] Question subscription added. Total subscriptions: 1
[90mstdout[2m | src/components/AIFeedbackWidget.stories.jsx[2m > [22m[2mChat Message
[22m[39m[FilesContext] Initializing vector store from IndexedDB
[90mstdout[2m | src/components/AIFeedbackWidget.stories.jsx[2m > [22m[2mChat Message
[22m[39m[FilesContext] fetchFiles called
[90mstdout[2m | src/components/AIFeedbackWidget.stories.jsx[2m > [22m[2mChat Message
[22m[39m[FilesContext] User authenticated: mock-user-sub
[90mstdout[2m | src/components/AIFeedbackWidget.stories.jsx[2m > [22m[2mChat Message
[22m[39m[FilesContext] Identity ID: us-east-1:mock-identity-123
[90mstdout[2m | src/components/AIFeedbackWidget.stories.jsx[2m > [22m[2mChat Message
[22m[39m[FilesContext] About to subscribe to File model
[90mstdout[2m | src/components/AIFeedbackWidget.stories.jsx[2m > [22m[2mChat Message
[22m[39m[Mock Data] generateClient() called - returning mock client
[90mstdout[2m | src/components/AIFeedbackWidget.stories.jsx[2m > [22m[2mChat Message
[22m[39m[Mock amplifyClient] getAmplifyClient() called - returning mock client
[90mstdout[2m | src/components/AIFeedbackWidget.stories.jsx[2m > [22m[2mChat Message
[22m[39m[Mock Data] File.observeQuery() called with filter: undefined
[90mstdout[2m | src/components/AIFeedbackWidget.stories.jsx[2m > [22m[2mChat Message
[22m[39m[Mock Data] File.observeQuery() returning 6 items (filter applied) undefined
[90mstdout[2m | src/components/AIFeedbackWidget.stories.jsx[2m > [22m[2mChat Message
[22m[39m[Mock Data] File subscription added. Total subscriptions: 1
[90mstdout[2m | src/components/AIFeedbackWidget.stories.jsx[2m > [22m[2mChat Message
[22m[39m[Mock Data] generateClient() called - returning mock client
[90mstdout[2m | src/components/AIFeedbackWidget.stories.jsx[2m > [22m[2mChat Message
[22m[39m[Mock amplifyClient] getAmplifyClient() called - returning mock client
[90mstdout[2m | src/components/AIFeedbackWidget.stories.jsx[2m > [22m[2mChat Message
[22m[39m[Mock Data] Document.observeQuery() called with filter: undefined
[90mstdout[2m | src/components/AIFeedbackWidget.stories.jsx[2m > [22m[2mChat Message
[22m[39m[Mock Data] Document.observeQuery() returning 0 items (filter applied) undefined
[90mstdout[2m | src/components/AIFeedbackWidget.stories.jsx[2m > [22m[2mChat Message
[22m[39m[Mock Data] Document subscription added. Total subscriptions: 1
[90mstdout[2m | src/components/AIFeedbackWidget.stories.jsx[2m > [22m[2mChat Message
[22m[39m[ChatContext] Setting up observeQuery for AssistantChat
[90mstdout[2m | src/components/AIFeedbackWidget.stories.jsx[2m > [22m[2mChat Message
[22m[39m[Mock Data] AssistantChat.observeQuery() called with filter: {
  "sortDirection": "DESC",
  "sortField": "createdAt",
}
[90mstdout[2m | src/components/AIFeedbackWidget.stories.jsx[2m > [22m[2mChat Message
[22m[39m[Mock Data] AssistantChat.observeQuery() returning 1 items (filter applied) {
  "sortDirection": "DESC",
  "sortField": "createdAt",
}
[90mstdout[2m | src/components/AIFeedbackWidget.stories.jsx[2m > [22m[2mChat Message
[22m[39m[Mock Data] AssistantChat subscription added. Total subscriptions: 1
[90mstdout[2m | src/components/AIFeedbackWidget.stories.jsx[2m > [22m[2mChat Message
[22m[39m[ChatContext] Waiting for subscription to initialize
[90mstdout[2m | src/components/AIFeedbackWidget.stories.jsx[2m > [22m[2mChat Message
[22m[39m[SettingsContext] Setting up Settings subscription for user: mock-user-sub
[90mstdout[2m | src/components/AIFeedbackWidget.stories.jsx[2m > [22m[2mChat Message
[22m[39m[Mock Data] generateClient() called - returning mock client
[90mstdout[2m | src/components/AIFeedbackWidget.stories.jsx[2m > [22m[2mChat Message
[22m[39m[Mock amplifyClient] getAmplifyClient() called - returning mock client
[90mstdout[2m | src/components/AIFeedbackWidget.stories.jsx[2m > [22m[2mChat Message
[22m[39m[Mock Data] Settings.observeQuery() called with filter: undefined
[90mstdout[2m | src/components/AIFeedbackWidget.stories.jsx[2m > [22m[2mChat Message
[22m[39m[Mock Data] Settings.observeQuery() returning 0 items (filter applied) undefined
[90mstdout[2m | src/components/AIFeedbackWidget.stories.jsx[2m > [22m[2mChat Message
[22m[39m[Mock Data] Settings subscription added. Total subscriptions: 1
[90mstdout[2m | src/components/AIFeedbackWidget.stories.jsx[2m > [22m[2mChat Message
[22m[39m[SectionContext] Initial sections: 0 []
[90mstdout[2m | src/components/AIFeedbackWidget.stories.jsx[2m > [22m[2mChat Message
[22m[39m[Mock Data] Section.onCreate() called with filter: undefined
[90mstdout[2m | src/components/AIFeedbackWidget.stories.jsx[2m > [22m[2mChat Message
[22m[39m[Mock Data] Section.onCreate() subscription added. Total: 1
[90mstdout[2m | src/components/AIFeedbackWidget.stories.jsx[2m > [22m[2mChat Message
[22m[39m[Mock Data] Section.onUpdate() called with filter: undefined
[90mstdout[2m | src/components/AIFeedbackWidget.stories.jsx[2m > [22m[2mChat Message
[22m[39m[Mock Data] Section.onUpdate() subscription added. Total: 1
[90mstdout[2m | src/components/AIFeedbackWidget.stories.jsx[2m > [22m[2mChat Message
[22m[39m[Mock Data] Section.onDelete() called with filter: undefined
[90mstdout[2m | src/components/AIFeedbackWidget.stories.jsx[2m > [22m[2mChat Message
[22m[39m[Mock Data] Section.onDelete() subscription added. Total: 1
[90mstdout[2m | src/components/AIFeedbackWidget.stories.jsx[2m > [22m[2mChat Message
[22m[39m[Mock Data] Assignment.onCreate() called with filter: {
  "filter": {
    "unitID": {
      "eq": "mock-unit-id",
    },
  },
}
[90mstdout[2m | src/components/AIFeedbackWidget.stories.jsx[2m > [22m[2mChat Message
[22m[39m[Mock Data] Assignment.onCreate() subscription added. Total: 1
[90mstdout[2m | src/components/AIFeedbackWidget.stories.jsx[2m > [22m[2mChat Message
[22m[39m[Mock Data] Assignment.onUpdate() called with filter: {
  "filter": {
    "unitID": {
      "eq": "mock-unit-id",
    },
  },
}
[90mstdout[2m | src/components/AIFeedbackWidget.stories.jsx[2m > [22m[2mChat Message
[22m[39m[Mock Data] Assignment.onUpdate() subscription added. Total: 1
[90mstdout[2m | src/components/AIFeedbackWidget.stories.jsx[2m > [22m[2mChat Message
[22m[39m[Mock Data] Assignment.onDelete() called with filter: {
  "filter": {
    "unitID": {
      "eq": "mock-unit-id",
    },
  },
}
[90mstdout[2m | src/components/AIFeedbackWidget.stories.jsx[2m > [22m[2mChat Message
[22m[39m[Mock Data] Assignment.onDelete() subscription added. Total: 1
[90mstdout[2m | src/components/AIFeedbackWidget.stories.jsx[2m > [22m[2mChat Message
[22m[39m[FilesContext] File observeQuery subscription triggered:
[90mstdout[2m | src/components/AIFeedbackWidget.stories.jsx[2m > [22m[2mChat Message
[22m[39m  - items.length: 6
[90mstdout[2m | src/components/AIFeedbackWidget.stories.jsx[2m > [22m[2mChat Message
[22m[39m  - isSynced: true
[90mstdout[2m | src/components/AIFeedbackWidget.stories.jsx[2m > [22m[2mChat Message
[22m[39m  - items: [
  {
    "_deleted": null,
    "_lastChangedAt": 1767711773285,
    "_version": 1,
    "byHex": null,
    "createdAt": "2026-01-06T15:02:53.253Z",
    "description": "Japanese language textbook - Chapter 1",
    "document": Promise {},
    "documentID": "e01017e1-fe7a-4521-b71c-09ec31b18639",
    "duration": null,
    "embedding": null,
    "generated": null,
    "hex": null,
    "id": "a57d7833-5fa7-4cb7-8b7a-ce7c6e10e551",
    "identityId": "us-east-1:b0eadde9-f02c-c71b-17a6-22ffd37d89c8",
    "key": "files/Japanese Wind 1.pdf",
    "level": "protected",
    "mimeType": "application/pdf",
    "model": null,
    "name": "Japanese Wind 1.pdf",
    "owner": "64d81418-7021-701d-9fed-a4c2e0735711",
    "parsedContent": [Function anonymous],
    "parsedContentID": null,
    "path": "files/Japanese Wind 1.pdf",
    "prompt": null,
    "size": 4706654,
    "thumbnail": null,
    "type": "pdf",
    "updatedAt": "2026-01-06T15:02:53.253Z",
    "variant": null,
    "waveformData": null,
  },
  {
    "_version": 2,
    "createdAt": "2026-01-15T10:00:00.000Z",
    "description": "Sample report with vocabulary",
    "document": Promise {},
    "documentID": "cd824b5b-2c66-41f8-8571-aa6794ff590c",
    "generated": false,
    "id": "mock-pdf-file-2",
    "identityId": "us-east-1:mock-identity",
    "key": "files/report.pdf",
    "level": "protected",
    "mimeType": "application/pdf",
    "name": "report.pdf",
    "owner": "mock-user-id",
    "parsedContent": [Function anonymous],
    "path": "files/report.pdf",
    "size": 123456,
    "type": "pdf",
    "updatedAt": "2026-01-15T10:30:00.000Z",
  },
  {
    "_version": 3,
    "createdAt": "2026-01-14T08:00:00.000Z",
    "description": "Vocabulary lesson PDF with extracted content",
    "document": Promise {},
    "documentID": "mock-document-3",
    "generated": false,
    "id": "mock-pdf-file-3",
    "identityId": "us-east-1:mock-identity",
    "key": "files/vocabulary-lesson.pdf",
    "level": "public",
    "mimeType": "application/pdf",
    "name": "vocabulary-lesson.pdf",
    "owner": "mock-user-id",
    "parsedContent": [Function anonymous],
    "path": "files/vocabulary-lesson.pdf",
    "size": 567890,
    "type": "pdf",
    "updatedAt": "2026-01-14T08:45:00.000Z",
  },
  {
    "_version": 1,
    "createdAt": "2026-01-20T10:00:00.000Z",
    "description": "Sample pronunciation audio",
    "documentID": null,
    "duration": 3.5,
    "generated": true,
    "id": "mock-audio-file-1",
    "identityId": "us-east-1:mock-identity",
    "key": "audio/pronunciation-demo.mp3",
    "level": "public",
    "mimeType": "audio/mpeg",
    "name": "pronunciation-demo.mp3",
    "owner": "mock-user-id",
    "parsedContent": [Function anonymous],
    "path": "/story-mocks/cinematic-designed-sci-fi-whoosh-transition-nexawave-228295.mp3",
    "size": 56789,
    "type": "audio",
    "updatedAt": "2026-01-20T10:00:00.000Z",
    "waveformData": null,
  },
  {
    "_version": 1,
    "createdAt": "2026-01-19T14:30:00.000Z",
    "description": "Lesson introduction audio",
    "documentID": null,
    "duration": 5.2,
    "generated": false,
    "id": "mock-audio-file-2",
    "identityId": "us-east-1:mock-identity",
    "key": "audio/lesson-intro.mp3",
    "level": "public",
    "mimeType": "audio/mpeg",
    "name": "lesson-intro.mp3",
    "owner": "mock-user-id",
    "parsedContent": [Function anonymous],
    "path": "/story-mocks/descent-whoosh-long-cinematic-sound-effect-405921.mp3",
    "size": 87654,
    "type": "audio",
    "updatedAt": "2026-01-19T14:30:00.000Z",
    "waveformData": null,
  },
  {
    "_version": 1,
    "createdAt": "2026-01-18T09:15:00.000Z",
    "description": "Hiragana character chart",
    "documentID": null,
    "generated": false,
    "id": "mock-image-file-1",
    "identityId": "us-east-1:mock-identity",
    "key": "images/hiragana-chart.png",
    "level": "public",
    "mimeType": "image/png",
    "name": "hiragana-chart.png",
    "owner": "mock-user-id",
    "parsedContent": [Function anonymous],
    "path": "images/hiragana-chart.png",
    "size": 234567,
    "thumbnail": "thumbnails/hiragana-chart-thumb.png",
    "type": "image",
    "updatedAt": "2026-01-18T09:15:00.000Z",
  },
]
[90mstdout[2m | src/components/AIFeedbackWidget.stories.jsx[2m > [22m[2mChat Message
[22m[39m[FilesContext] Files count changed: 0 → 6
[90mstdout[2m | src/components/AIFeedbackWidget.stories.jsx[2m > [22m[2mChat Message
[22m[39m[MOCK CourseVectorStore] Initialized with mock data
[90mstdout[2m | src/components/AIFeedbackWidget.stories.jsx[2m > [22m[2mChat Message
[22m[39m[MOCK CourseVectorStore] Initialized with mock data
[90mstdout[2m | src/components/AIFeedbackWidget.stories.jsx[2m > [22m[2mChat Message
[22m[39m[useTranslationWithCapture] t() called: {
  "key": "aiFeedbackWidget.whatToImprove",
  "mode": "off",
  "namespace": "components",
  "value": "What could be improved?",
}
[90mstdout[2m | src/components/AIFeedbackWidget.stories.jsx[2m > [22m[2mChat Message
[22m[39m[useTranslationWithCapture] t() called: {
  "key": "aiFeedbackWidget.selectAllThatApply",
  "mode": "off",
  "namespace": "components",
  "value": "Select all that apply:",
}
[90mstdout[2m | src/components/AIFeedbackWidget.stories.jsx[2m > [22m[2mChat Message
[22m[39m[useTranslationWithCapture] t() called: {
  "key": "aiFeedbackWidget.cancel",
  "mode": "off",
  "namespace": "components",
  "value": "Cancel",
}
[90mstdout[2m | src/components/AIFeedbackWidget.stories.jsx[2m > [22m[2mChat Message
[22m[39m[useTranslationWithCapture] t() called: {
  "key": "aiFeedbackWidget.submit",
  "mode": "off",
  "namespace": "components",
  "value": "Submit",
}
[90mstdout[2m | src/components/AIFeedbackWidget.stories.jsx[2m > [22m[2mChat Message
[22m[39m[FilesContext] Vector store population triggered {
  "currentVectorStoreSize": 3,
  "documentsCount": 0,
  "filesCount": 6,
  "isInitialLoad": true,
}
[90mstdout[2m | src/components/AIFeedbackWidget.stories.jsx[2m > [22m[2mChat Message
[22m[39m[FilesContext] Vector store population complete - 3 total embeddings
[90mstdout[2m | src/components/AIFeedbackWidget.stories.jsx[2m > [22m[2mChat Message
[22m[39m[ChatContext] AssistantChat query update: 1 items (synced)
[90mstdout[2m | src/components/AIFeedbackWidget.stories.jsx[2m > [22m[2mChat Message
[22m[39m[ChatContext] First item details: {
  "id": "mock-assistant-chat-1",
  "updatedAt": "2024-01-26T10:15:00.000Z",
}
[90mstdout[2m | src/components/AIFeedbackWidget.stories.jsx[2m > [22m[2mChat Message
[22m[39m[ChatContext] AssistantChat subscription initialized
[90mstdout[2m | src/components/AIFeedbackWidget.stories.jsx[2m > [22m[2mChat Message
[22m[39m[ChatContext] AssistantChat list updated: 1 chats
[90mstdout[2m | src/components/AIFeedbackWidget.stories.jsx[2m > [22m[2mChat Message
[22m[39m[Mock Data] Settings.create() called with: {
  "assistantVoice": "shimmer",
  "autoAnalyzeDocuments": true,
  "defaultAIModel": "gpt-4",
  "documentAnalysisModel": "gpt-4",
  "editorFontSize": 14,
  "editorTheme": "auto",
  "emailNotifications": true,
  "language": "en",
  "webhookNotifications": false,
}
[90mstdout[2m | src/components/AIFeedbackWidget.stories.jsx[2m > [22m[2mChat Message
[22m[39m[Mock Data] Settings created: mock-settings-1776336973511 - notified 1 subscribers
[90mstdout[2m | src/components/AIFeedbackWidget.stories.jsx[2m > [22m[2mChat Message
[22m[39m[ChatContext] Setting initial chat: mock-assistant-chat-1
[90mstdout[2m | src/components/AIFeedbackWidget.stories.jsx[2m > [22m[2mChat Message
[22m[39m[ChatContext] Chat exists and not archived, skipping creation
[90mstdout[2m | src/components/AIFeedbackWidget.stories.jsx[2m > [22m[2mContent Completion
[22m[39m[Mock Data] Settings subscription unsubscribed. Remaining: 0
[90mstdout[2m | src/components/AIFeedbackWidget.stories.jsx[2m > [22m[2mContent Completion
[22m[39m[ChatContext] Cleaning up subscription
[90mstdout[2m | src/components/AIFeedbackWidget.stories.jsx[2m > [22m[2mContent Completion
[22m[39m[Mock Data] AssistantChat subscription unsubscribed. Remaining: 0
[90mstdout[2m | src/components/AIFeedbackWidget.stories.jsx[2m > [22m[2mContent Completion
[22m[39m[Mock Data] File subscription unsubscribed. Remaining: 0
[90mstdout[2m | src/components/AIFeedbackWidget.stories.jsx[2m > [22m[2mContent Completion
[22m[39m[Mock Data] Document subscription unsubscribed. Remaining: 0
[90mstdout[2m | src/components/AIFeedbackWidget.stories.jsx[2m > [22m[2mContent Completion
[22m[39m[Mock Data] Word subscription unsubscribed. Remaining: 0
[90mstdout[2m | src/components/AIFeedbackWidget.stories.jsx[2m > [22m[2mContent Completion
[22m[39m[Mock Data] Question subscription unsubscribed. Remaining: 0
[90mstdout[2m | src/components/AIFeedbackWidget.stories.jsx[2m > [22m[2mContent Completion
[22m[39m[Mock Data] Grade subscription unsubscribed. Remaining: 0
[90mstdout[2m | src/components/AIFeedbackWidget.stories.jsx[2m > [22m[2mContent Completion
[22m[39m[Mock Data] Unit subscription unsubscribed. Remaining: 0
[90mstdout[2m | src/components/AIFeedbackWidget.stories.jsx[2m > [22m[2mContent Completion
[22m[39m[SectionContext] Cleaning up subscriptions
[90mstdout[2m | src/components/AIFeedbackWidget.stories.jsx[2m > [22m[2mContent Completion
[22m[39m[Mock Data] Section.onCreate() subscription removed. Remaining: 0
[90mstdout[2m | src/components/AIFeedbackWidget.stories.jsx[2m > [22m[2mContent Completion
[22m[39m[Mock Data] Section.onUpdate() subscription removed. Remaining: 0
[90mstdout[2m | src/components/AIFeedbackWidget.stories.jsx[2m > [22m[2mContent Completion
[22m[39m[Mock Data] Section.onDelete() subscription removed. Remaining: 0
[90mstdout[2m | src/components/AIFeedbackWidget.stories.jsx[2m > [22m[2mContent Completion
[22m[39m[Mock Data] Assignment.onCreate() subscription removed. Remaining: 0
[90mstdout[2m | src/components/AIFeedbackWidget.stories.jsx[2m > [22m[2mContent Completion
[22m[39m[Mock Data] Assignment.onUpdate() subscription removed. Remaining: 0
[90mstdout[2m | src/components/AIFeedbackWidget.stories.jsx[2m > [22m[2mContent Completion
[22m[39m[Mock Data] Assignment.onDelete() subscription removed. Remaining: 0
[90mstdout[2m | src/components/AIFeedbackWidget.stories.jsx[2m > [22m[2mContent Completion
[22m[39m[Mock Data] Clearing all data stores
[90mstdout[2m | src/components/AIFeedbackWidget.stories.jsx[2m > [22m[2mContent Completion
[22m[39m[Mock Data] All data stores cleared
[90mstdout[2m | src/components/AIFeedbackWidget.stories.jsx[2m > [22m[2mContent Completion
[22m[39m[Preview] Cleared mock data for story
[90mstdout[2m | src/components/AIFeedbackWidget.stories.jsx[2m > [22m[2mContent Completion
[22m[39m[Mock Data Gen 2] Initializing mock data
[90mstdout[2m | src/components/AIFeedbackWidget.stories.jsx[2m > [22m[2mContent Completion
[22m[39m[Mock Data] seedMockAssistantChats: Replacing with 1 assistant chats
[90mstdout[2m | src/components/AIFeedbackWidget.stories.jsx[2m > [22m[2mContent Completion
[22m[39m[Mock Data Gen 2] Seeded AssistantChat: mock-assistant-chat-1
[90mstdout[2m | src/components/AIFeedbackWidget.stories.jsx[2m > [22m[2mContent Completion
[22m[39m[Mock Data] seedMockFiles: Adding 6 files
[90mstdout[2m | src/components/AIFeedbackWidget.stories.jsx[2m > [22m[2mContent Completion
[22m[39m[Mock Data Gen 2] Seeded Files: 6
[90mstdout[2m | src/components/AIFeedbackWidget.stories.jsx[2m > [22m[2mContent Completion
[22m[39m[Mock Data Gen 2] Initializing mock data
[90mstdout[2m | src/components/AIFeedbackWidget.stories.jsx[2m > [22m[2mContent Completion
[22m[39m[Mock Data] seedMockAssistantChats: Replacing with 1 assistant chats
[90mstdout[2m | src/components/AIFeedbackWidget.stories.jsx[2m > [22m[2mContent Completion
[22m[39m[Mock Data Gen 2] Seeded AssistantChat: mock-assistant-chat-1
[90mstdout[2m | src/components/AIFeedbackWidget.stories.jsx[2m > [22m[2mContent Completion
[22m[39m[Mock Data] seedMockFiles: Adding 6 files
[90mstdout[2m | src/components/AIFeedbackWidget.stories.jsx[2m > [22m[2mContent Completion
[22m[39m[Mock Data Gen 2] Seeded Files: 6
[90mstdout[2m | src/components/AIFeedbackWidget.stories.jsx[2m > [22m[2mContent Completion
[22m[39m[Preview] Initialized default mock data for story
[90mstdout[2m | src/components/AIFeedbackWidget.stories.jsx[2m > [22m[2mContent Completion
[22m[39m[Mock AuthContext] Providing auth: {
  "error": undefined,
  "isLoading": false,
  "session": {
    "idToken": {
      "toString": [Function toString],
    },
    "identityId": "us-east-1:mock-identity-123",
    "username": "mock-user-sub",
  },
  "user": {
    "attributes": {
      "email": "alice@example.com",
      "name": "Alice Student",
      "sub": "mock-user-sub",
    },
  },
}
[90mstdout[2m | src/components/AIFeedbackWidget.stories.jsx[2m > [22m[2mContent Completion
[22m[39m[Mock Data] generateClient() called - returning mock client
[90mstdout[2m | src/components/AIFeedbackWidget.stories.jsx[2m > [22m[2mContent Completion
[22m[39m[Mock amplifyClient] getAmplifyClient() called - returning mock client
[90mstdout[2m | src/components/AIFeedbackWidget.stories.jsx[2m > [22m[2mContent Completion
[22m[39m[MOCK CourseVectorStore] Initialized with mock data
[90mstdout[2m | src/components/AIFeedbackWidget.stories.jsx[2m > [22m[2mContent Completion
[22m[39m[TranslationModeController] Setting mode to: off
[90mstdout[2m | src/components/AIFeedbackWidget.stories.jsx[2m > [22m[2mContent Completion
[22m[39m[SectionContext] useEffect triggered {
  "authLoading": false,
  "hasUser": true,
  "userSub": "mock-user-sub",
}
[90mstdout[2m | src/components/AIFeedbackWidget.stories.jsx[2m > [22m[2mContent Completion
[22m[39m[SectionContext] Fetching sections for userId: mock-user-sub
[90mstdout[2m | src/components/AIFeedbackWidget.stories.jsx[2m > [22m[2mContent Completion
[22m[39m[Mock Data] generateClient() called - returning mock client
[90mstdout[2m | src/components/AIFeedbackWidget.stories.jsx[2m > [22m[2mContent Completion
[22m[39m[Mock amplifyClient] getAmplifyClient() called - returning mock client
[90mstdout[2m | src/components/AIFeedbackWidget.stories.jsx[2m > [22m[2mContent Completion
[22m[39m[Mock Data] Section.list() called with options: undefined
[90mstdout[2m | src/components/AIFeedbackWidget.stories.jsx[2m > [22m[2mContent Completion
[22m[39m[Mock Data] generateClient() called - returning mock client
[90mstdout[2m | src/components/AIFeedbackWidget.stories.jsx[2m > [22m[2mContent Completion
[22m[39m[Mock amplifyClient] getAmplifyClient() called - returning mock client
[90mstdout[2m | src/components/AIFeedbackWidget.stories.jsx[2m > [22m[2mContent Completion
[22m[39m[Mock Data] Assignment.list() called with options: {
  "filter": {
    "unitID": {
      "eq": "mock-unit-id",
    },
  },
}
[90mstdout[2m | src/components/AIFeedbackWidget.stories.jsx[2m > [22m[2mContent Completion
[22m[39m[Mock Data] generateClient() called - returning mock client
[90mstdout[2m | src/components/AIFeedbackWidget.stories.jsx[2m > [22m[2mContent Completion
[22m[39m[Mock amplifyClient] getAmplifyClient() called - returning mock client
[90mstdout[2m | src/components/AIFeedbackWidget.stories.jsx[2m > [22m[2mContent Completion
[22m[39m[Mock Data] Grade.observeQuery() called with filter: {
  "filter": {
    "unitID": {
      "eq": "mock-unit-id",
    },
  },
}
[90mstdout[2m | src/components/AIFeedbackWidget.stories.jsx[2m > [22m[2mContent Completion
[22m[39m[Mock Data] Grade.observeQuery() applying filter: {
  "unitID": {
    "eq": "mock-unit-id",
  },
}
[90mstdout[2m | src/components/AIFeedbackWidget.stories.jsx[2m > [22m[2mContent Completion
[22m[39m[Mock Data] Grade.observeQuery() items before filter: 0
[90mstdout[2m | src/components/AIFeedbackWidget.stories.jsx[2m > [22m[2mContent Completion
[22m[39m[Mock Data] Grade.observeQuery() items after filter: 0
[90mstdout[2m | src/components/AIFeedbackWidget.stories.jsx[2m > [22m[2mContent Completion
[22m[39m[Mock Data] Grade.observeQuery() returning 0 items (filter applied) {
  "filter": {
    "unitID": {
      "eq": "mock-unit-id",
    },
  },
}
[90mstdout[2m | src/components/AIFeedbackWidget.stories.jsx[2m > [22m[2mContent Completion
[22m[39m[Mock Data] Grade subscription added. Total subscriptions: 1
[90mstdout[2m | src/components/AIFeedbackWidget.stories.jsx[2m > [22m[2mContent Completion
[22m[39m[UnitContext] useEffect triggered {
  "authLoading": false,
  "hasUser": true,
  "id": "mock-unit-id",
  "userSub": "mock-user-sub",
}
[90mstdout[2m | src/components/AIFeedbackWidget.stories.jsx[2m > [22m[2mContent Completion
[22m[39m[UnitContext] Fetching unit data for id: mock-unit-id
[90mstdout[2m | src/components/AIFeedbackWidget.stories.jsx[2m > [22m[2mContent Completion
[22m[39m[Mock Data] generateClient() called - returning mock client
[90mstdout[2m | src/components/AIFeedbackWidget.stories.jsx[2m > [22m[2mContent Completion
[22m[39m[Mock amplifyClient] getAmplifyClient() called - returning mock client
[90mstdout[2m | src/components/AIFeedbackWidget.stories.jsx[2m > [22m[2mContent Completion
[22m[39m[Mock Data] Unit.observeQuery() called with filter: {
  "filter": {
    "id": {
      "eq": "mock-unit-id",
    },
  },
}
[90mstdout[2m | src/components/AIFeedbackWidget.stories.jsx[2m > [22m[2mContent Completion
[22m[39m[Mock Data] Unit.observeQuery() applying filter: {
  "id": {
    "eq": "mock-unit-id",
  },
}
[90mstdout[2m | src/components/AIFeedbackWidget.stories.jsx[2m > [22m[2mContent Completion
[22m[39m[Mock Data] Unit.observeQuery() items before filter: 0
[90mstdout[2m | src/components/AIFeedbackWidget.stories.jsx[2m > [22m[2mContent Completion
[22m[39m[Mock Data] Unit.observeQuery() items after filter: 0
[90mstdout[2m | src/components/AIFeedbackWidget.stories.jsx[2m > [22m[2mContent Completion
[22m[39m[Mock Data] Unit.observeQuery() returning 0 items (filter applied) {
  "filter": {
    "id": {
      "eq": "mock-unit-id",
    },
  },
}
[90mstdout[2m | src/components/AIFeedbackWidget.stories.jsx[2m > [22m[2mContent Completion
[22m[39m[Mock Data] Unit subscription added. Total subscriptions: 1
[90mstdout[2m | src/components/AIFeedbackWidget.stories.jsx[2m > [22m[2mContent Completion
[22m[39m[Mock Data] generateClient() called - returning mock client
[90mstdout[2m | src/components/AIFeedbackWidget.stories.jsx[2m > [22m[2mContent Completion
[22m[39m[Mock amplifyClient] getAmplifyClient() called - returning mock client
[90mstdout[2m | src/components/AIFeedbackWidget.stories.jsx[2m > [22m[2mContent Completion
[22m[39m[Mock Data] Word.observeQuery() called with filter: undefined
[90mstdout[2m | src/components/AIFeedbackWidget.stories.jsx[2m > [22m[2mContent Completion
[22m[39m[Mock Data] Word.observeQuery() returning 0 items (filter applied) undefined
[90mstdout[2m | src/components/AIFeedbackWidget.stories.jsx[2m > [22m[2mContent Completion
[22m[39m[Mock Data] Word subscription added. Total subscriptions: 1
[90mstdout[2m | src/components/AIFeedbackWidget.stories.jsx[2m > [22m[2mContent Completion
[22m[39m[Mock Data] generateClient() called - returning mock client
[90mstdout[2m | src/components/AIFeedbackWidget.stories.jsx[2m > [22m[2mContent Completion
[22m[39m[Mock amplifyClient] getAmplifyClient() called - returning mock client
[90mstdout[2m | src/components/AIFeedbackWidget.stories.jsx[2m > [22m[2mContent Completion
[22m[39m[Mock Data] Question.observeQuery() called with filter: undefined
[90mstdout[2m | src/components/AIFeedbackWidget.stories.jsx[2m > [22m[2mContent Completion
[22m[39m[Mock Data] Question.observeQuery() returning 0 items (filter applied) undefined
[90mstdout[2m | src/components/AIFeedbackWidget.stories.jsx[2m > [22m[2mContent Completion
[22m[39m[Mock Data] Question subscription added. Total subscriptions: 1
[90mstdout[2m | src/components/AIFeedbackWidget.stories.jsx[2m > [22m[2mContent Completion
[22m[39m[FilesContext] Initializing vector store from IndexedDB
[90mstdout[2m | src/components/AIFeedbackWidget.stories.jsx[2m > [22m[2mContent Completion
[22m[39m[FilesContext] fetchFiles called
[90mstdout[2m | src/components/AIFeedbackWidget.stories.jsx[2m > [22m[2mContent Completion
[22m[39m[FilesContext] User authenticated: mock-user-sub
[90mstdout[2m | src/components/AIFeedbackWidget.stories.jsx[2m > [22m[2mContent Completion
[22m[39m[FilesContext] Identity ID: us-east-1:mock-identity-123
[90mstdout[2m | src/components/AIFeedbackWidget.stories.jsx[2m > [22m[2mContent Completion
[22m[39m[FilesContext] About to subscribe to File model
[90mstdout[2m | src/components/AIFeedbackWidget.stories.jsx[2m > [22m[2mContent Completion
[22m[39m[Mock Data] generateClient() called - returning mock client
[90mstdout[2m | src/components/AIFeedbackWidget.stories.jsx[2m > [22m[2mContent Completion
[22m[39m[Mock amplifyClient] getAmplifyClient() called - returning mock client
[90mstdout[2m | src/components/AIFeedbackWidget.stories.jsx[2m > [22m[2mContent Completion
[22m[39m[Mock Data] File.observeQuery() called with filter: undefined
[90mstdout[2m | src/components/AIFeedbackWidget.stories.jsx[2m > [22m[2mContent Completion
[22m[39m[Mock Data] File.observeQuery() returning 6 items (filter applied) undefined
[90mstdout[2m | src/components/AIFeedbackWidget.stories.jsx[2m > [22m[2mContent Completion
[22m[39m[Mock Data] File subscription added. Total subscriptions: 1
[90mstdout[2m | src/components/AIFeedbackWidget.stories.jsx[2m > [22m[2mContent Completion
[22m[39m[Mock Data] generateClient() called - returning mock client
[90mstdout[2m | src/components/AIFeedbackWidget.stories.jsx[2m > [22m[2mContent Completion
[22m[39m[Mock amplifyClient] getAmplifyClient() called - returning mock client
[90mstdout[2m | src/components/AIFeedbackWidget.stories.jsx[2m > [22m[2mContent Completion
[22m[39m[Mock Data] Document.observeQuery() called with filter: undefined
[90mstdout[2m | src/components/AIFeedbackWidget.stories.jsx[2m > [22m[2mContent Completion
[22m[39m[Mock Data] Document.observeQuery() returning 0 items (filter applied) undefined
[90mstdout[2m | src/components/AIFeedbackWidget.stories.jsx[2m > [22m[2mContent Completion
[22m[39m[Mock Data] Document subscription added. Total subscriptions: 1
[90mstdout[2m | src/components/AIFeedbackWidget.stories.jsx[2m > [22m[2mContent Completion
[22m[39m[ChatContext] Setting up observeQuery for AssistantChat
[90mstdout[2m | src/components/AIFeedbackWidget.stories.jsx[2m > [22m[2mContent Completion
[22m[39m[Mock Data] AssistantChat.observeQuery() called with filter: {
  "sortDirection": "DESC",
  "sortField": "createdAt",
}
[90mstdout[2m | src/components/AIFeedbackWidget.stories.jsx[2m > [22m[2mContent Completion
[22m[39m[Mock Data] AssistantChat.observeQuery() returning 1 items (filter applied) {
  "sortDirection": "DESC",
  "sortField": "createdAt",
}
[90mstdout[2m | src/components/AIFeedbackWidget.stories.jsx[2m > [22m[2mContent Completion
[22m[39m[Mock Data] AssistantChat subscription added. Total subscriptions: 1
[90mstdout[2m | src/components/AIFeedbackWidget.stories.jsx[2m > [22m[2mContent Completion
[22m[39m[ChatContext] Waiting for subscription to initialize
[90mstdout[2m | src/components/AIFeedbackWidget.stories.jsx[2m > [22m[2mContent Completion
[22m[39m[SettingsContext] Setting up Settings subscription for user: mock-user-sub
[90mstdout[2m | src/components/AIFeedbackWidget.stories.jsx[2m > [22m[2mContent Completion
[22m[39m[Mock Data] generateClient() called - returning mock client
[90mstdout[2m | src/components/AIFeedbackWidget.stories.jsx[2m > [22m[2mContent Completion
[22m[39m[Mock amplifyClient] getAmplifyClient() called - returning mock client
[90mstdout[2m | src/components/AIFeedbackWidget.stories.jsx[2m > [22m[2mContent Completion
[22m[39m[Mock Data] Settings.observeQuery() called with filter: undefined
[90mstdout[2m | src/components/AIFeedbackWidget.stories.jsx[2m > [22m[2mContent Completion
[22m[39m[Mock Data] Settings.observeQuery() returning 0 items (filter applied) undefined
[90mstdout[2m | src/components/AIFeedbackWidget.stories.jsx[2m > [22m[2mContent Completion
[22m[39m[Mock Data] Settings subscription added. Total subscriptions: 1
[90mstdout[2m | src/components/AIFeedbackWidget.stories.jsx[2m > [22m[2mContent Completion
[22m[39m[SectionContext] Initial sections: 0 []
[90mstdout[2m | src/components/AIFeedbackWidget.stories.jsx[2m > [22m[2mContent Completion
[22m[39m[Mock Data] Section.onCreate() called with filter: undefined
[90mstdout[2m | src/components/AIFeedbackWidget.stories.jsx[2m > [22m[2mContent Completion
[22m[39m[Mock Data] Section.onCreate() subscription added. Total: 1
[90mstdout[2m | src/components/AIFeedbackWidget.stories.jsx[2m > [22m[2mContent Completion
[22m[39m[Mock Data] Section.onUpdate() called with filter: undefined
[90mstdout[2m | src/components/AIFeedbackWidget.stories.jsx[2m > [22m[2mContent Completion
[22m[39m[Mock Data] Section.onUpdate() subscription added. Total: 1
[90mstdout[2m | src/components/AIFeedbackWidget.stories.jsx[2m > [22m[2mContent Completion
[22m[39m[Mock Data] Section.onDelete() called with filter: undefined
[90mstdout[2m | src/components/AIFeedbackWidget.stories.jsx[2m > [22m[2mContent Completion
[22m[39m[Mock Data] Section.onDelete() subscription added. Total: 1
[90mstdout[2m | src/components/AIFeedbackWidget.stories.jsx[2m > [22m[2mContent Completion
[22m[39m[Mock Data] Assignment.onCreate() called with filter: {
  "filter": {
    "unitID": {
      "eq": "mock-unit-id",
    },
  },
}
[90mstdout[2m | src/components/AIFeedbackWidget.stories.jsx[2m > [22m[2mContent Completion
[22m[39m[Mock Data] Assignment.onCreate() subscription added. Total: 1
[90mstdout[2m | src/components/AIFeedbackWidget.stories.jsx[2m > [22m[2mContent Completion
[22m[39m[Mock Data] Assignment.onUpdate() called with filter: {
  "filter": {
    "unitID": {
      "eq": "mock-unit-id",
    },
  },
}
[90mstdout[2m | src/components/AIFeedbackWidget.stories.jsx[2m > [22m[2mContent Completion
[22m[39m[Mock Data] Assignment.onUpdate() subscription added. Total: 1
[90mstdout[2m | src/components/AIFeedbackWidget.stories.jsx[2m > [22m[2mContent Completion
[22m[39m[Mock Data] Assignment.onDelete() called with filter: {
  "filter": {
    "unitID": {
      "eq": "mock-unit-id",
    },
  },
}
[90mstdout[2m | src/components/AIFeedbackWidget.stories.jsx[2m > [22m[2mContent Completion
[22m[39m[Mock Data] Assignment.onDelete() subscription added. Total: 1
[90mstdout[2m | src/components/AIFeedbackWidget.stories.jsx[2m > [22m[2mContent Completion
[22m[39m[FilesContext] File observeQuery subscription triggered:
[90mstdout[2m | src/components/AIFeedbackWidget.stories.jsx[2m > [22m[2mContent Completion
[22m[39m  - items.length: 6
[90mstdout[2m | src/components/AIFeedbackWidget.stories.jsx[2m > [22m[2mContent Completion
[22m[39m  - isSynced: true
[90mstdout[2m | src/components/AIFeedbackWidget.stories.jsx[2m > [22m[2mContent Completion
[22m[39m  - items: [
  {
    "_deleted": null,
    "_lastChangedAt": 1767711773285,
    "_version": 1,
    "byHex": null,
    "createdAt": "2026-01-06T15:02:53.253Z",
    "description": "Japanese language textbook - Chapter 1",
    "document": Promise {},
    "documentID": "e01017e1-fe7a-4521-b71c-09ec31b18639",
    "duration": null,
    "embedding": null,
    "generated": null,
    "hex": null,
    "id": "a57d7833-5fa7-4cb7-8b7a-ce7c6e10e551",
    "identityId": "us-east-1:b0eadde9-f02c-c71b-17a6-22ffd37d89c8",
    "key": "files/Japanese Wind 1.pdf",
    "level": "protected",
    "mimeType": "application/pdf",
    "model": null,
    "name": "Japanese Wind 1.pdf",
    "owner": "64d81418-7021-701d-9fed-a4c2e0735711",
    "parsedContent": [Function anonymous],
    "parsedContentID": null,
    "path": "files/Japanese Wind 1.pdf",
    "prompt": null,
    "size": 4706654,
    "thumbnail": null,
    "type": "pdf",
    "updatedAt": "2026-01-06T15:02:53.253Z",
    "variant": null,
    "waveformData": null,
  },
  {
    "_version": 2,
    "createdAt": "2026-01-15T10:00:00.000Z",
    "description": "Sample report with vocabulary",
    "document": Promise {},
    "documentID": "cd824b5b-2c66-41f8-8571-aa6794ff590c",
    "generated": false,
    "id": "mock-pdf-file-2",
    "identityId": "us-east-1:mock-identity",
    "key": "files/report.pdf",
    "level": "protected",
    "mimeType": "application/pdf",
    "name": "report.pdf",
    "owner": "mock-user-id",
    "parsedContent": [Function anonymous],
    "path": "files/report.pdf",
    "size": 123456,
    "type": "pdf",
    "updatedAt": "2026-01-15T10:30:00.000Z",
  },
  {
    "_version": 3,
    "createdAt": "2026-01-14T08:00:00.000Z",
    "description": "Vocabulary lesson PDF with extracted content",
    "document": Promise {},
    "documentID": "mock-document-3",
    "generated": false,
    "id": "mock-pdf-file-3",
    "identityId": "us-east-1:mock-identity",
    "key": "files/vocabulary-lesson.pdf",
    "level": "public",
    "mimeType": "application/pdf",
    "name": "vocabulary-lesson.pdf",
    "owner": "mock-user-id",
    "parsedContent": [Function anonymous],
    "path": "files/vocabulary-lesson.pdf",
    "size": 567890,
    "type": "pdf",
    "updatedAt": "2026-01-14T08:45:00.000Z",
  },
  {
    "_version": 1,
    "createdAt": "2026-01-20T10:00:00.000Z",
    "description": "Sample pronunciation audio",
    "documentID": null,
    "duration": 3.5,
    "generated": true,
    "id": "mock-audio-file-1",
    "identityId": "us-east-1:mock-identity",
    "key": "audio/pronunciation-demo.mp3",
    "level": "public",
    "mimeType": "audio/mpeg",
    "name": "pronunciation-demo.mp3",
    "owner": "mock-user-id",
    "parsedContent": [Function anonymous],
    "path": "/story-mocks/cinematic-designed-sci-fi-whoosh-transition-nexawave-228295.mp3",
    "size": 56789,
    "type": "audio",
    "updatedAt": "2026-01-20T10:00:00.000Z",
    "waveformData": null,
  },
  {
    "_version": 1,
    "createdAt": "2026-01-19T14:30:00.000Z",
    "description": "Lesson introduction audio",
    "documentID": null,
    "duration": 5.2,
    "generated": false,
    "id": "mock-audio-file-2",
    "identityId": "us-east-1:mock-identity",
    "key": "audio/lesson-intro.mp3",
    "level": "public",
    "mimeType": "audio/mpeg",
    "name": "lesson-intro.mp3",
    "owner": "mock-user-id",
    "parsedContent": [Function anonymous],
    "path": "/story-mocks/descent-whoosh-long-cinematic-sound-effect-405921.mp3",
    "size": 87654,
    "type": "audio",
    "updatedAt": "2026-01-19T14:30:00.000Z",
    "waveformData": null,
  },
  {
    "_version": 1,
    "createdAt": "2026-01-18T09:15:00.000Z",
    "description": "Hiragana character chart",
    "documentID": null,
    "generated": false,
    "id": "mock-image-file-1",
    "identityId": "us-east-1:mock-identity",
    "key": "images/hiragana-chart.png",
    "level": "public",
    "mimeType": "image/png",
    "name": "hiragana-chart.png",
    "owner": "mock-user-id",
    "parsedContent": [Function anonymous],
    "path": "images/hiragana-chart.png",
    "size": 234567,
    "thumbnail": "thumbnails/hiragana-chart-thumb.png",
    "type": "image",
    "updatedAt": "2026-01-18T09:15:00.000Z",
  },
]
[90mstdout[2m | src/components/AIFeedbackWidget.stories.jsx[2m > [22m[2mContent Completion
[22m[39m[FilesContext] Files count changed: 0 → 6
[90mstdout[2m | src/components/AIFeedbackWidget.stories.jsx[2m > [22m[2mContent Completion
[22m[39m[MOCK CourseVectorStore] Initialized with mock data
[90mstdout[2m | src/components/AIFeedbackWidget.stories.jsx[2m > [22m[2mContent Completion
[22m[39m[MOCK CourseVectorStore] Initialized with mock data
[90mstdout[2m | src/components/AIFeedbackWidget.stories.jsx[2m > [22m[2mContent Completion
[22m[39m[useTranslationWithCapture] t() called: {
  "key": "aiFeedbackWidget.whatToImprove",
  "mode": "off",
  "namespace": "components",
  "value": "What could be improved?",
}
[90mstdout[2m | src/components/AIFeedbackWidget.stories.jsx[2m > [22m[2mContent Completion
[22m[39m[useTranslationWithCapture] t() called: {
  "key": "aiFeedbackWidget.selectAllThatApply",
  "mode": "off",
  "namespace": "components",
  "value": "Select all that apply:",
}
[90mstdout[2m | src/components/AIFeedbackWidget.stories.jsx[2m > [22m[2mContent Completion
[22m[39m[useTranslationWithCapture] t() called: {
  "key": "aiFeedbackWidget.cancel",
  "mode": "off",
  "namespace": "components",
  "value": "Cancel",
}
[90mstdout[2m | src/components/AIFeedbackWidget.stories.jsx[2m > [22m[2mContent Completion
[22m[39m[useTranslationWithCapture] t() called: {
  "key": "aiFeedbackWidget.submit",
  "mode": "off",
  "namespace": "components",
  "value": "Submit",
}
[90mstdout[2m | src/components/AIFeedbackWidget.stories.jsx[2m > [22m[2mContent Completion
[22m[39m[FilesContext] Vector store population triggered {
  "currentVectorStoreSize": 3,
  "documentsCount": 0,
  "filesCount": 6,
  "isInitialLoad": true,
}
[90mstdout[2m | src/components/AIFeedbackWidget.stories.jsx[2m > [22m[2mContent Completion
[22m[39m[FilesContext] Vector store population complete - 3 total embeddings
[90mstdout[2m | src/components/AIFeedbackWidget.stories.jsx[2m > [22m[2mContent Completion
[22m[39m[ChatContext] AssistantChat query update: 1 items (synced)
[90mstdout[2m | src/components/AIFeedbackWidget.stories.jsx[2m > [22m[2mContent Completion
[22m[39m[ChatContext] First item details: {
  "id": "mock-assistant-chat-1",
  "updatedAt": "2024-01-26T10:15:00.000Z",
}
[90mstdout[2m | src/components/AIFeedbackWidget.stories.jsx[2m > [22m[2mContent Completion
[22m[39m[ChatContext] AssistantChat subscription initialized
[90mstdout[2m | src/components/AIFeedbackWidget.stories.jsx[2m > [22m[2mContent Completion
[22m[39m[ChatContext] AssistantChat list updated: 1 chats
[90mstdout[2m | src/components/AIFeedbackWidget.stories.jsx[2m > [22m[2mContent Completion
[22m[39m[Mock Data] Settings.create() called with: {
  "assistantVoice": "shimmer",
  "autoAnalyzeDocuments": true,
  "defaultAIModel": "gpt-4",
  "documentAnalysisModel": "gpt-4",
  "editorFontSize": 14,
  "editorTheme": "auto",
  "emailNotifications": true,
  "language": "en",
  "webhookNotifications": false,
}
[90mstdout[2m | src/components/AIFeedbackWidget.stories.jsx[2m > [22m[2mContent Completion
[22m[39m[Mock Data] Settings created: mock-settings-1776336973650 - notified 1 subscribers
[90mstdout[2m | src/components/AIFeedbackWidget.stories.jsx[2m > [22m[2mContent Completion
[22m[39m[ChatContext] Setting initial chat: mock-assistant-chat-1
[90mstdout[2m | src/components/AIFeedbackWidget.stories.jsx[2m > [22m[2mContent Completion
[22m[39m[ChatContext] Chat exists and not archived, skipping creation
[90mstdout[2m | src/components/AIFeedbackWidget.stories.jsx[2m > [22m[2mWith Labels
[22m[39m[Mock Data] Settings subscription unsubscribed. Remaining: 0
[90mstdout[2m | src/components/AIFeedbackWidget.stories.jsx[2m > [22m[2mWith Labels
[22m[39m[ChatContext] Cleaning up subscription
[90mstdout[2m | src/components/AIFeedbackWidget.stories.jsx[2m > [22m[2mWith Labels
[22m[39m[Mock Data] AssistantChat subscription unsubscribed. Remaining: 0
[90mstdout[2m | src/components/AIFeedbackWidget.stories.jsx[2m > [22m[2mWith Labels
[22m[39m[Mock Data] File subscription unsubscribed. Remaining: 0
[90mstdout[2m | src/components/AIFeedbackWidget.stories.jsx[2m > [22m[2mWith Labels
[22m[39m[Mock Data] Document subscription unsubscribed. Remaining: 0
[90mstdout[2m | src/components/AIFeedbackWidget.stories.jsx[2m > [22m[2mWith Labels
[22m[39m[Mock Data] Word subscription unsubscribed. Remaining: 0
[90mstdout[2m | src/components/AIFeedbackWidget.stories.jsx[2m > [22m[2mWith Labels
[22m[39m[Mock Data] Question subscription unsubscribed. Remaining: 0
[90mstdout[2m | src/components/AIFeedbackWidget.stories.jsx[2m > [22m[2mWith Labels
[22m[39m[Mock Data] Grade subscription unsubscribed. Remaining: 0
[90mstdout[2m | src/components/AIFeedbackWidget.stories.jsx[2m > [22m[2mWith Labels
[22m[39m[Mock Data] Unit subscription unsubscribed. Remaining: 0
[90mstdout[2m | src/components/AIFeedbackWidget.stories.jsx[2m > [22m[2mWith Labels
[22m[39m[SectionContext] Cleaning up subscriptions
[90mstdout[2m | src/components/AIFeedbackWidget.stories.jsx[2m > [22m[2mWith Labels
[22m[39m[Mock Data] Section.onCreate() subscription removed. Remaining: 0
[90mstdout[2m | src/components/AIFeedbackWidget.stories.jsx[2m > [22m[2mWith Labels
[22m[39m[Mock Data] Section.onUpdate() subscription removed. Remaining: 0
[90mstdout[2m | src/components/AIFeedbackWidget.stories.jsx[2m > [22m[2mWith Labels
[22m[39m[Mock Data] Section.onDelete() subscription removed. Remaining: 0
[90mstdout[2m | src/components/AIFeedbackWidget.stories.jsx[2m > [22m[2mWith Labels
[22m[39m[Mock Data] Assignment.onCreate() subscription removed. Remaining: 0
[90mstdout[2m | src/components/AIFeedbackWidget.stories.jsx[2m > [22m[2mWith Labels
[22m[39m[Mock Data] Assignment.onUpdate() subscription removed. Remaining: 0
[90mstdout[2m | src/components/AIFeedbackWidget.stories.jsx[2m > [22m[2mWith Labels
[22m[39m[Mock Data] Assignment.onDelete() subscription removed. Remaining: 0
[90mstdout[2m | src/components/AIFeedbackWidget.stories.jsx[2m > [22m[2mWith Labels
[22m[39m[Mock Data] Clearing all data stores
[90mstdout[2m | src/components/AIFeedbackWidget.stories.jsx[2m > [22m[2mWith Labels
[22m[39m[Mock Data] All data stores cleared
[90mstdout[2m | src/components/AIFeedbackWidget.stories.jsx[2m > [22m[2mWith Labels
[22m[39m[Preview] Cleared mock data for story
[90mstdout[2m | src/components/AIFeedbackWidget.stories.jsx[2m > [22m[2mWith Labels
[22m[39m[Mock Data Gen 2] Initializing mock data
[90mstdout[2m | src/components/AIFeedbackWidget.stories.jsx[2m > [22m[2mWith Labels
[22m[39m[Mock Data] seedMockAssistantChats: Replacing with 1 assistant chats
[90mstdout[2m | src/components/AIFeedbackWidget.stories.jsx[2m > [22m[2mWith Labels
[22m[39m[Mock Data Gen 2] Seeded AssistantChat: mock-assistant-chat-1
[90mstdout[2m | src/components/AIFeedbackWidget.stories.jsx[2m > [22m[2mWith Labels
[22m[39m[Mock Data] seedMockFiles: Adding 6 files
[90mstdout[2m | src/components/AIFeedbackWidget.stories.jsx[2m > [22m[2mWith Labels
[22m[39m[Mock Data Gen 2] Seeded Files: 6
[90mstdout[2m | src/components/AIFeedbackWidget.stories.jsx[2m > [22m[2mWith Labels
[22m[39m[Mock Data Gen 2] Initializing mock data
[90mstdout[2m | src/components/AIFeedbackWidget.stories.jsx[2m > [22m[2mWith Labels
[22m[39m[Mock Data] seedMockAssistantChats: Replacing with 1 assistant chats
[90mstdout[2m | src/components/AIFeedbackWidget.stories.jsx[2m > [22m[2mWith Labels
[22m[39m[Mock Data Gen 2] Seeded AssistantChat: mock-assistant-chat-1
[90mstdout[2m | src/components/AIFeedbackWidget.stories.jsx[2m > [22m[2mWith Labels
[22m[39m[Mock Data] seedMockFiles: Adding 6 files
[90mstdout[2m | src/components/AIFeedbackWidget.stories.jsx[2m > [22m[2mWith Labels
[22m[39m[Mock Data Gen 2] Seeded Files: 6
[90mstdout[2m | src/components/AIFeedbackWidget.stories.jsx[2m > [22m[2mWith Labels
[22m[39m[Preview] Initialized default mock data for story
[90mstdout[2m | src/components/AIFeedbackWidget.stories.jsx[2m > [22m[2mWith Labels
[22m[39m[Mock AuthContext] Providing auth: {
  "error": undefined,
  "isLoading": false,
  "session": {
    "idToken": {
      "toString": [Function toString],
    },
    "identityId": "us-east-1:mock-identity-123",
    "username": "mock-user-sub",
  },
  "user": {
    "attributes": {
      "email": "alice@example.com",
      "name": "Alice Student",
      "sub": "mock-user-sub",
    },
  },
}
[90mstdout[2m | src/components/AIFeedbackWidget.stories.jsx[2m > [22m[2mWith Labels
[22m[39m[Mock Data] generateClient() called - returning mock client
[90mstdout[2m | src/components/AIFeedbackWidget.stories.jsx[2m > [22m[2mWith Labels
[22m[39m[Mock amplifyClient] getAmplifyClient() called - returning mock client
[90mstdout[2m | src/components/AIFeedbackWidget.stories.jsx[2m > [22m[2mWith Labels
[22m[39m[MOCK CourseVectorStore] Initialized with mock data
[90mstdout[2m | src/components/AIFeedbackWidget.stories.jsx[2m > [22m[2mWith Labels
[22m[39m[TranslationModeController] Setting mode to: off
[90mstdout[2m | src/components/AIFeedbackWidget.stories.jsx[2m > [22m[2mWith Labels
[22m[39m[SectionContext] useEffect triggered {
  "authLoading": false,
  "hasUser": true,
  "userSub": "mock-user-sub",
}
[90mstdout[2m | src/components/AIFeedbackWidget.stories.jsx[2m > [22m[2mWith Labels
[22m[39m[SectionContext] Fetching sections for userId: mock-user-sub
[90mstdout[2m | src/components/AIFeedbackWidget.stories.jsx[2m > [22m[2mWith Labels
[22m[39m[Mock Data] generateClient() called - returning mock client
[90mstdout[2m | src/components/AIFeedbackWidget.stories.jsx[2m > [22m[2mWith Labels
[22m[39m[Mock amplifyClient] getAmplifyClient() called - returning mock client
[90mstdout[2m | src/components/AIFeedbackWidget.stories.jsx[2m > [22m[2mWith Labels
[22m[39m[Mock Data] Section.list() called with options: undefined
[90mstdout[2m | src/components/AIFeedbackWidget.stories.jsx[2m > [22m[2mWith Labels
[22m[39m[Mock Data] generateClient() called - returning mock client
[90mstdout[2m | src/components/AIFeedbackWidget.stories.jsx[2m > [22m[2mWith Labels
[22m[39m[Mock amplifyClient] getAmplifyClient() called - returning mock client
[90mstdout[2m | src/components/AIFeedbackWidget.stories.jsx[2m > [22m[2mWith Labels
[22m[39m[Mock Data] Assignment.list() called with options: {
  "filter": {
    "unitID": {
      "eq": "mock-unit-id",
    },
  },
}
[90mstdout[2m | src/components/AIFeedbackWidget.stories.jsx[2m > [22m[2mWith Labels
[22m[39m[Mock Data] generateClient() called - returning mock client
[90mstdout[2m | src/components/AIFeedbackWidget.stories.jsx[2m > [22m[2mWith Labels
[22m[39m[Mock amplifyClient] getAmplifyClient() called - returning mock client
[90mstdout[2m | src/components/AIFeedbackWidget.stories.jsx[2m > [22m[2mWith Labels
[22m[39m[Mock Data] Grade.observeQuery() called with filter: {
  "filter": {
    "unitID": {
      "eq": "mock-unit-id",
    },
  },
}
[90mstdout[2m | src/components/AIFeedbackWidget.stories.jsx[2m > [22m[2mWith Labels
[22m[39m[Mock Data] Grade.observeQuery() applying filter: {
  "unitID": {
    "eq": "mock-unit-id",
  },
}
[90mstdout[2m | src/components/AIFeedbackWidget.stories.jsx[2m > [22m[2mWith Labels
[22m[39m[Mock Data] Grade.observeQuery() items before filter: 0
[90mstdout[2m | src/components/AIFeedbackWidget.stories.jsx[2m > [22m[2mWith Labels
[22m[39m[Mock Data] Grade.observeQuery() items after filter: 0
[90mstdout[2m | src/components/AIFeedbackWidget.stories.jsx[2m > [22m[2mWith Labels
[22m[39m[Mock Data] Grade.observeQuery() returning 0 items (filter applied) {
  "filter": {
    "unitID": {
      "eq": "mock-unit-id",
    },
  },
}
[90mstdout[2m | src/components/AIFeedbackWidget.stories.jsx[2m > [22m[2mWith Labels
[22m[39m[Mock Data] Grade subscription added. Total subscriptions: 1
[90mstdout[2m | src/components/AIFeedbackWidget.stories.jsx[2m > [22m[2mWith Labels
[22m[39m[UnitContext] useEffect triggered {
  "authLoading": false,
  "hasUser": true,
  "id": "mock-unit-id",
  "userSub": "mock-user-sub",
}
[90mstdout[2m | src/components/AIFeedbackWidget.stories.jsx[2m > [22m[2mWith Labels
[22m[39m[UnitContext] Fetching unit data for id: mock-unit-id
[90mstdout[2m | src/components/AIFeedbackWidget.stories.jsx[2m > [22m[2mWith Labels
[22m[39m[Mock Data] generateClient() called - returning mock client
[90mstdout[2m | src/components/AIFeedbackWidget.stories.jsx[2m > [22m[2mWith Labels
[22m[39m[Mock amplifyClient] getAmplifyClient() called - returning mock client
[90mstdout[2m | src/components/AIFeedbackWidget.stories.jsx[2m > [22m[2mWith Labels
[22m[39m[Mock Data] Unit.observeQuery() called with filter: {
  "filter": {
    "id": {
      "eq": "mock-unit-id",
    },
  },
}
[90mstdout[2m | src/components/AIFeedbackWidget.stories.jsx[2m > [22m[2mWith Labels
[22m[39m[Mock Data] Unit.observeQuery() applying filter: {
  "id": {
    "eq": "mock-unit-id",
  },
}
[90mstdout[2m | src/components/AIFeedbackWidget.stories.jsx[2m > [22m[2mWith Labels
[22m[39m[Mock Data] Unit.observeQuery() items before filter: 0
[90mstdout[2m | src/components/AIFeedbackWidget.stories.jsx[2m > [22m[2mWith Labels
[22m[39m[Mock Data] Unit.observeQuery() items after filter: 0
[90mstdout[2m | src/components/AIFeedbackWidget.stories.jsx[2m > [22m[2mWith Labels
[22m[39m[Mock Data] Unit.observeQuery() returning 0 items (filter applied) {
  "filter": {
    "id": {
      "eq": "mock-unit-id",
    },
  },
}
[90mstdout[2m | src/components/AIFeedbackWidget.stories.jsx[2m > [22m[2mWith Labels
[22m[39m[Mock Data] Unit subscription added. Total subscriptions: 1
[90mstdout[2m | src/components/AIFeedbackWidget.stories.jsx[2m > [22m[2mWith Labels
[22m[39m[Mock Data] generateClient() called - returning mock client
[90mstdout[2m | src/components/AIFeedbackWidget.stories.jsx[2m > [22m[2mWith Labels
[22m[39m[Mock amplifyClient] getAmplifyClient() called - returning mock client
[90mstdout[2m | src/components/AIFeedbackWidget.stories.jsx[2m > [22m[2mWith Labels
[22m[39m[Mock Data] Word.observeQuery() called with filter: undefined
[90mstdout[2m | src/components/AIFeedbackWidget.stories.jsx[2m > [22m[2mWith Labels
[22m[39m[Mock Data] Word.observeQuery() returning 0 items (filter applied) undefined
[90mstdout[2m | src/components/AIFeedbackWidget.stories.jsx[2m > [22m[2mWith Labels
[22m[39m[Mock Data] Word subscription added. Total subscriptions: 1
[90mstdout[2m | src/components/AIFeedbackWidget.stories.jsx[2m > [22m[2mWith Labels
[22m[39m[Mock Data] generateClient() called - returning mock client
[90mstdout[2m | src/components/AIFeedbackWidget.stories.jsx[2m > [22m[2mWith Labels
[22m[39m[Mock amplifyClient] getAmplifyClient() called - returning mock client
[90mstdout[2m | src/components/AIFeedbackWidget.stories.jsx[2m > [22m[2mWith Labels
[22m[39m[Mock Data] Question.observeQuery() called with filter: undefined
[90mstdout[2m | src/components/AIFeedbackWidget.stories.jsx[2m > [22m[2mWith Labels
[22m[39m[Mock Data] Question.observeQuery() returning 0 items (filter applied) undefined
[90mstdout[2m | src/components/AIFeedbackWidget.stories.jsx[2m > [22m[2mWith Labels
[22m[39m[Mock Data] Question subscription added. Total subscriptions: 1
[90mstdout[2m | src/components/AIFeedbackWidget.stories.jsx[2m > [22m[2mWith Labels
[22m[39m[FilesContext] Initializing vector store from IndexedDB
[90mstdout[2m | src/components/AIFeedbackWidget.stories.jsx[2m > [22m[2mWith Labels
[22m[39m[FilesContext] fetchFiles called
[90mstdout[2m | src/components/AIFeedbackWidget.stories.jsx[2m > [22m[2mWith Labels
[22m[39m[FilesContext] User authenticated: mock-user-sub
[90mstdout[2m | src/components/AIFeedbackWidget.stories.jsx[2m > [22m[2mWith Labels
[22m[39m[FilesContext] Identity ID: us-east-1:mock-identity-123
[90mstdout[2m | src/components/AIFeedbackWidget.stories.jsx[2m > [22m[2mWith Labels
[22m[39m[FilesContext] About to subscribe to File model
[90mstdout[2m | src/components/AIFeedbackWidget.stories.jsx[2m > [22m[2mWith Labels
[22m[39m[Mock Data] generateClient() called - returning mock client
[90mstdout[2m | src/components/AIFeedbackWidget.stories.jsx[2m > [22m[2mWith Labels
[22m[39m[Mock amplifyClient] getAmplifyClient() called - returning mock client
[90mstdout[2m | src/components/AIFeedbackWidget.stories.jsx[2m > [22m[2mWith Labels
[22m[39m[Mock Data] File.observeQuery() called with filter: undefined
[90mstdout[2m | src/components/AIFeedbackWidget.stories.jsx[2m > [22m[2mWith Labels
[22m[39m[Mock Data] File.observeQuery() returning 6 items (filter applied) undefined
[90mstdout[2m | src/components/AIFeedbackWidget.stories.jsx[2m > [22m[2mWith Labels
[22m[39m[Mock Data] File subscription added. Total subscriptions: 1
[90mstdout[2m | src/components/AIFeedbackWidget.stories.jsx[2m > [22m[2mWith Labels
[22m[39m[Mock Data] generateClient() called - returning mock client
[90mstdout[2m | src/components/AIFeedbackWidget.stories.jsx[2m > [22m[2mWith Labels
[22m[39m[Mock amplifyClient] getAmplifyClient() called - returning mock client
[90mstdout[2m | src/components/AIFeedbackWidget.stories.jsx[2m > [22m[2mWith Labels
[22m[39m[Mock Data] Document.observeQuery() called with filter: undefined
[90mstdout[2m | src/components/AIFeedbackWidget.stories.jsx[2m > [22m[2mWith Labels
[22m[39m[Mock Data] Document.observeQuery() returning 0 items (filter applied) undefined
[90mstdout[2m | src/components/AIFeedbackWidget.stories.jsx[2m > [22m[2mWith Labels
[22m[39m[Mock Data] Document subscription added. Total subscriptions: 1
[90mstdout[2m | src/components/AIFeedbackWidget.stories.jsx[2m > [22m[2mWith Labels
[22m[39m[ChatContext] Setting up observeQuery for AssistantChat
[90mstdout[2m | src/components/AIFeedbackWidget.stories.jsx[2m > [22m[2mWith Labels
[22m[39m[Mock Data] AssistantChat.observeQuery() called with filter: {
  "sortDirection": "DESC",
  "sortField": "createdAt",
}
[90mstdout[2m | src/components/AIFeedbackWidget.stories.jsx[2m > [22m[2mWith Labels
[22m[39m[Mock Data] AssistantChat.observeQuery() returning 1 items (filter applied) {
  "sortDirection": "DESC",
  "sortField": "createdAt",
}
[90mstdout[2m | src/components/AIFeedbackWidget.stories.jsx[2m > [22m[2mWith Labels
[22m[39m[Mock Data] AssistantChat subscription added. Total subscriptions: 1
[90mstdout[2m | src/components/AIFeedbackWidget.stories.jsx[2m > [22m[2mWith Labels
[22m[39m[ChatContext] Waiting for subscription to initialize
[90mstdout[2m | src/components/AIFeedbackWidget.stories.jsx[2m > [22m[2mWith Labels
[22m[39m[SettingsContext] Setting up Settings subscription for user: mock-user-sub
[90mstdout[2m | src/components/AIFeedbackWidget.stories.jsx[2m > [22m[2mWith Labels
[22m[39m[Mock Data] generateClient() called - returning mock client
[90mstdout[2m | src/components/AIFeedbackWidget.stories.jsx[2m > [22m[2mWith Labels
[22m[39m[Mock amplifyClient] getAmplifyClient() called - returning mock client
[90mstdout[2m | src/components/AIFeedbackWidget.stories.jsx[2m > [22m[2mWith Labels
[22m[39m[Mock Data] Settings.observeQuery() called with filter: undefined
[90mstdout[2m | src/components/AIFeedbackWidget.stories.jsx[2m > [22m[2mWith Labels
[22m[39m[Mock Data] Settings.observeQuery() returning 0 items (filter applied) undefined
[90mstdout[2m | src/components/AIFeedbackWidget.stories.jsx[2m > [22m[2mWith Labels
[22m[39m[Mock Data] Settings subscription added. Total subscriptions: 1
[90mstdout[2m | src/components/AIFeedbackWidget.stories.jsx[2m > [22m[2mWith Labels
[22m[39m[SectionContext] Initial sections: 0 []
[90mstdout[2m | src/components/AIFeedbackWidget.stories.jsx[2m > [22m[2mWith Labels
[22m[39m[Mock Data] Section.onCreate() called with filter: undefined
[90mstdout[2m | src/components/AIFeedbackWidget.stories.jsx[2m > [22m[2mWith Labels
[22m[39m[Mock Data] Section.onCreate() subscription added. Total: 1
[90mstdout[2m | src/components/AIFeedbackWidget.stories.jsx[2m > [22m[2mWith Labels
[22m[39m[Mock Data] Section.onUpdate() called with filter: undefined
[90mstdout[2m | src/components/AIFeedbackWidget.stories.jsx[2m > [22m[2mWith Labels
[22m[39m[Mock Data] Section.onUpdate() subscription added. Total: 1
[90mstdout[2m | src/components/AIFeedbackWidget.stories.jsx[2m > [22m[2mWith Labels
[22m[39m[Mock Data] Section.onDelete() called with filter: undefined
[90mstdout[2m | src/components/AIFeedbackWidget.stories.jsx[2m > [22m[2mWith Labels
[22m[39m[Mock Data] Section.onDelete() subscription added. Total: 1
[90mstdout[2m | src/components/AIFeedbackWidget.stories.jsx[2m > [22m[2mWith Labels
[22m[39m[Mock Data] Assignment.onCreate() called with filter: {
  "filter": {
    "unitID": {
      "eq": "mock-unit-id",
    },
  },
}
[90mstdout[2m | src/components/AIFeedbackWidget.stories.jsx[2m > [22m[2mWith Labels
[22m[39m[Mock Data] Assignment.onCreate() subscription added. Total: 1
[90mstdout[2m | src/components/AIFeedbackWidget.stories.jsx[2m > [22m[2mWith Labels
[22m[39m[Mock Data] Assignment.onUpdate() called with filter: {
  "filter": {
    "unitID": {
      "eq": "mock-unit-id",
    },
  },
}
[90mstdout[2m | src/components/AIFeedbackWidget.stories.jsx[2m > [22m[2mWith Labels
[22m[39m[Mock Data] Assignment.onUpdate() subscription added. Total: 1
[90mstdout[2m | src/components/AIFeedbackWidget.stories.jsx[2m > [22m[2mWith Labels
[22m[39m[Mock Data] Assignment.onDelete() called with filter: {
  "filter": {
    "unitID": {
      "eq": "mock-unit-id",
    },
  },
}
[90mstdout[2m | src/components/AIFeedbackWidget.stories.jsx[2m > [22m[2mWith Labels
[22m[39m[Mock Data] Assignment.onDelete() subscription added. Total: 1
[90mstdout[2m | src/components/AIFeedbackWidget.stories.jsx[2m > [22m[2mWith Labels
[22m[39m[FilesContext] File observeQuery subscription triggered:
[90mstdout[2m | src/components/AIFeedbackWidget.stories.jsx[2m > [22m[2mWith Labels
[22m[39m  - items.length: 6
[90mstdout[2m | src/components/AIFeedbackWidget.stories.jsx[2m > [22m[2mWith Labels
[22m[39m  - isSynced: true
[90mstdout[2m | src/components/AIFeedbackWidget.stories.jsx[2m > [22m[2mWith Labels
[22m[39m  - items: [
  {
    "_deleted": null,
    "_lastChangedAt": 1767711773285,
    "_version": 1,
    "byHex": null,
    "createdAt": "2026-01-06T15:02:53.253Z",
    "description": "Japanese language textbook - Chapter 1",
    "document": Promise {},
    "documentID": "e01017e1-fe7a-4521-b71c-09ec31b18639",
    "duration": null,
    "embedding": null,
    "generated": null,
    "hex": null,
    "id": "a57d7833-5fa7-4cb7-8b7a-ce7c6e10e551",
    "identityId": "us-east-1:b0eadde9-f02c-c71b-17a6-22ffd37d89c8",
    "key": "files/Japanese Wind 1.pdf",
    "level": "protected",
    "mimeType": "application/pdf",
    "model": null,
    "name": "Japanese Wind 1.pdf",
    "owner": "64d81418-7021-701d-9fed-a4c2e0735711",
    "parsedContent": [Function anonymous],
    "parsedContentID": null,
    "path": "files/Japanese Wind 1.pdf",
    "prompt": null,
    "size": 4706654,
    "thumbnail": null,
    "type": "pdf",
    "updatedAt": "2026-01-06T15:02:53.253Z",
    "variant": null,
    "waveformData": null,
  },
  {
    "_version": 2,
    "createdAt": "2026-01-15T10:00:00.000Z",
    "description": "Sample report with vocabulary",
    "document": Promise {},
    "documentID": "cd824b5b-2c66-41f8-8571-aa6794ff590c",
    "generated": false,
    "id": "mock-pdf-file-2",
    "identityId": "us-east-1:mock-identity",
    "key": "files/report.pdf",
    "level": "protected",
    "mimeType": "application/pdf",
    "name": "report.pdf",
    "owner": "mock-user-id",
    "parsedContent": [Function anonymous],
    "path": "files/report.pdf",
    "size": 123456,
    "type": "pdf",
    "updatedAt": "2026-01-15T10:30:00.000Z",
  },
  {
    "_version": 3,
    "createdAt": "2026-01-14T08:00:00.000Z",
    "description": "Vocabulary lesson PDF with extracted content",
    "document": Promise {},
    "documentID": "mock-document-3",
    "generated": false,
    "id": "mock-pdf-file-3",
    "identityId": "us-east-1:mock-identity",
    "key": "files/vocabulary-lesson.pdf",
    "level": "public",
    "mimeType": "application/pdf",
    "name": "vocabulary-lesson.pdf",
    "owner": "mock-user-id",
    "parsedContent": [Function anonymous],
    "path": "files/vocabulary-lesson.pdf",
    "size": 567890,
    "type": "pdf",
    "updatedAt": "2026-01-14T08:45:00.000Z",
  },
  {
    "_version": 1,
    "createdAt": "2026-01-20T10:00:00.000Z",
    "description": "Sample pronunciation audio",
    "documentID": null,
    "duration": 3.5,
    "generated": true,
    "id": "mock-audio-file-1",
    "identityId": "us-east-1:mock-identity",
    "key": "audio/pronunciation-demo.mp3",
    "level": "public",
    "mimeType": "audio/mpeg",
    "name": "pronunciation-demo.mp3",
    "owner": "mock-user-id",
    "parsedContent": [Function anonymous],
    "path": "/story-mocks/cinematic-designed-sci-fi-whoosh-transition-nexawave-228295.mp3",
    "size": 56789,
    "type": "audio",
    "updatedAt": "2026-01-20T10:00:00.000Z",
    "waveformData": null,
  },
  {
    "_version": 1,
    "createdAt": "2026-01-19T14:30:00.000Z",
    "description": "Lesson introduction audio",
    "documentID": null,
    "duration": 5.2,
    "generated": false,
    "id": "mock-audio-file-2",
    "identityId": "us-east-1:mock-identity",
    "key": "audio/lesson-intro.mp3",
    "level": "public",
    "mimeType": "audio/mpeg",
    "name": "lesson-intro.mp3",
    "owner": "mock-user-id",
    "parsedContent": [Function anonymous],
    "path": "/story-mocks/descent-whoosh-long-cinematic-sound-effect-405921.mp3",
    "size": 87654,
    "type": "audio",
    "updatedAt": "2026-01-19T14:30:00.000Z",
    "waveformData": null,
  },
  {
    "_version": 1,
    "createdAt": "2026-01-18T09:15:00.000Z",
    "description": "Hiragana character chart",
    "documentID": null,
    "generated": false,
    "id": "mock-image-file-1",
    "identityId": "us-east-1:mock-identity",
    "key": "images/hiragana-chart.png",
    "level": "public",
    "mimeType": "image/png",
    "name": "hiragana-chart.png",
    "owner": "mock-user-id",
    "parsedContent": [Function anonymous],
    "path": "images/hiragana-chart.png",
    "size": 234567,
    "thumbnail": "thumbnails/hiragana-chart-thumb.png",
    "type": "image",
    "updatedAt": "2026-01-18T09:15:00.000Z",
  },
]
[90mstdout[2m | src/components/AIFeedbackWidget.stories.jsx[2m > [22m[2mWith Labels
[22m[39m[FilesContext] Files count changed: 0 → 6
[90mstdout[2m | src/components/AIFeedbackWidget.stories.jsx[2m > [22m[2mWith Labels
[22m[39m[MOCK CourseVectorStore] Initialized with mock data
[90mstdout[2m | src/components/AIFeedbackWidget.stories.jsx[2m > [22m[2mWith Labels
[22m[39m[MOCK CourseVectorStore] Initialized with mock data
[90mstdout[2m | src/components/AIFeedbackWidget.stories.jsx[2m > [22m[2mWith Labels
[22m[39m[useTranslationWithCapture] t() called: {
  "key": "aiFeedbackWidget.whatToImprove",
  "mode": "off",
  "namespace": "components",
  "value": "What could be improved?",
}
[90mstdout[2m | src/components/AIFeedbackWidget.stories.jsx[2m > [22m[2mWith Labels
[22m[39m[useTranslationWithCapture] t() called: {
  "key": "aiFeedbackWidget.selectAllThatApply",
  "mode": "off",
  "namespace": "components",
  "value": "Select all that apply:",
}
[90mstdout[2m | src/components/AIFeedbackWidget.stories.jsx[2m > [22m[2mWith Labels
[22m[39m[useTranslationWithCapture] t() called: {
  "key": "aiFeedbackWidget.cancel",
  "mode": "off",
  "namespace": "components",
  "value": "Cancel",
}
[90mstdout[2m | src/components/AIFeedbackWidget.stories.jsx[2m > [22m[2mWith Labels
[22m[39m[useTranslationWithCapture] t() called: {
  "key": "aiFeedbackWidget.submit",
  "mode": "off",
  "namespace": "components",
  "value": "Submit",
}
[90mstdout[2m | src/components/AIFeedbackWidget.stories.jsx[2m > [22m[2mWith Labels
[22m[39m[FilesContext] Vector store population triggered {
  "currentVectorStoreSize": 3,
  "documentsCount": 0,
  "filesCount": 6,
  "isInitialLoad": true,
}
[90mstdout[2m | src/components/AIFeedbackWidget.stories.jsx[2m > [22m[2mWith Labels
[22m[39m[FilesContext] Vector store population complete - 3 total embeddings
[90mstdout[2m | src/components/AIFeedbackWidget.stories.jsx[2m > [22m[2mWith Labels
[22m[39m[ChatContext] AssistantChat query update: 1 items (synced)
[90mstdout[2m | src/components/AIFeedbackWidget.stories.jsx[2m > [22m[2mWith Labels
[22m[39m[ChatContext] First item details: {
  "id": "mock-assistant-chat-1",
  "updatedAt": "2024-01-26T10:15:00.000Z",
}
[90mstdout[2m | src/components/AIFeedbackWidget.stories.jsx[2m > [22m[2mWith Labels
[22m[39m[ChatContext] AssistantChat subscription initialized
[90mstdout[2m | src/components/AIFeedbackWidget.stories.jsx[2m > [22m[2mWith Labels
[22m[39m[ChatContext] AssistantChat list updated: 1 chats
[90mstdout[2m | src/components/AIFeedbackWidget.stories.jsx[2m > [22m[2mWith Labels
[22m[39m[Mock Data] Settings.create() called with: {
  "assistantVoice": "shimmer",
  "autoAnalyzeDocuments": true,
  "defaultAIModel": "gpt-4",
  "documentAnalysisModel": "gpt-4",
  "editorFontSize": 14,
  "editorTheme": "auto",
  "emailNotifications": true,
  "language": "en",
  "webhookNotifications": false,
}
[90mstdout[2m | src/components/AIFeedbackWidget.stories.jsx[2m > [22m[2mWith Labels
[22m[39m[Mock Data] Settings created: mock-settings-1776336973752 - notified 1 subscribers
[90mstdout[2m | src/components/AIFeedbackWidget.stories.jsx[2m > [22m[2mWith Labels
[22m[39m[ChatContext] Setting initial chat: mock-assistant-chat-1
[90mstdout[2m | src/components/AIFeedbackWidget.stories.jsx[2m > [22m[2mWith Labels
[22m[39m[ChatContext] Chat exists and not archived, skipping creation
[90mstdout[2m | src/components/AIFeedbackWidget.stories.jsx[2m > [22m[2mLarge Buttons
[22m[39m[Mock Data] Settings subscription unsubscribed. Remaining: 0
[90mstdout[2m | src/components/AIFeedbackWidget.stories.jsx[2m > [22m[2mLarge Buttons
[22m[39m[ChatContext] Cleaning up subscription
[90mstdout[2m | src/components/AIFeedbackWidget.stories.jsx[2m > [22m[2mLarge Buttons
[22m[39m[Mock Data] AssistantChat subscription unsubscribed. Remaining: 0
[90mstdout[2m | src/components/AIFeedbackWidget.stories.jsx[2m > [22m[2mLarge Buttons
[22m[39m[Mock Data] File subscription unsubscribed. Remaining: 0
[90mstdout[2m | src/components/AIFeedbackWidget.stories.jsx[2m > [22m[2mLarge Buttons
[22m[39m[Mock Data] Document subscription unsubscribed. Remaining: 0
[90mstdout[2m | src/components/AIFeedbackWidget.stories.jsx[2m > [22m[2mLarge Buttons
[22m[39m[Mock Data] Word subscription unsubscribed. Remaining: 0
[90mstdout[2m | src/components/AIFeedbackWidget.stories.jsx[2m > [22m[2mLarge Buttons
[22m[39m[Mock Data] Question subscription unsubscribed. Remaining: 0
[90mstdout[2m | src/components/AIFeedbackWidget.stories.jsx[2m > [22m[2mLarge Buttons
[22m[39m[Mock Data] Grade subscription unsubscribed. Remaining: 0
[90mstdout[2m | src/components/AIFeedbackWidget.stories.jsx[2m > [22m[2mLarge Buttons
[22m[39m[Mock Data] Unit subscription unsubscribed. Remaining: 0
[90mstdout[2m | src/components/AIFeedbackWidget.stories.jsx[2m > [22m[2mLarge Buttons
[22m[39m[SectionContext] Cleaning up subscriptions
[90mstdout[2m | src/components/AIFeedbackWidget.stories.jsx[2m > [22m[2mLarge Buttons
[22m[39m[Mock Data] Section.onCreate() subscription removed. Remaining: 0
[90mstdout[2m | src/components/AIFeedbackWidget.stories.jsx[2m > [22m[2mLarge Buttons
[22m[39m[Mock Data] Section.onUpdate() subscription removed. Remaining: 0
[90mstdout[2m | src/components/AIFeedbackWidget.stories.jsx[2m > [22m[2mLarge Buttons
[22m[39m[Mock Data] Section.onDelete() subscription removed. Remaining: 0
[90mstdout[2m | src/components/AIFeedbackWidget.stories.jsx[2m > [22m[2mLarge Buttons
[22m[39m[Mock Data] Assignment.onCreate() subscription removed. Remaining: 0
[90mstdout[2m | src/components/AIFeedbackWidget.stories.jsx[2m > [22m[2mLarge Buttons
[22m[39m[Mock Data] Assignment.onUpdate() subscription removed. Remaining: 0
[90mstdout[2m | src/components/AIFeedbackWidget.stories.jsx[2m > [22m[2mLarge Buttons
[22m[39m[Mock Data] Assignment.onDelete() subscription removed. Remaining: 0
[90mstdout[2m | src/components/AIFeedbackWidget.stories.jsx[2m > [22m[2mLarge Buttons
[22m[39m[Mock Data] Clearing all data stores
[90mstdout[2m | src/components/AIFeedbackWidget.stories.jsx[2m > [22m[2mLarge Buttons
[22m[39m[Mock Data] All data stores cleared
[90mstdout[2m | src/components/AIFeedbackWidget.stories.jsx[2m > [22m[2mLarge Buttons
[22m[39m[Preview] Cleared mock data for story
[90mstdout[2m | src/components/AIFeedbackWidget.stories.jsx[2m > [22m[2mLarge Buttons
[22m[39m[Mock Data Gen 2] Initializing mock data
[90mstdout[2m | src/components/AIFeedbackWidget.stories.jsx[2m > [22m[2mLarge Buttons
[22m[39m[Mock Data] seedMockAssistantChats: Replacing with 1 assistant chats
[90mstdout[2m | src/components/AIFeedbackWidget.stories.jsx[2m > [22m[2mLarge Buttons
[22m[39m[Mock Data Gen 2] Seeded AssistantChat: mock-assistant-chat-1
[90mstdout[2m | src/components/AIFeedbackWidget.stories.jsx[2m > [22m[2mLarge Buttons
[22m[39m[Mock Data] seedMockFiles: Adding 6 files
[90mstdout[2m | src/components/AIFeedbackWidget.stories.jsx[2m > [22m[2mLarge Buttons
[22m[39m[Mock Data Gen 2] Seeded Files: 6
[90mstdout[2m | src/components/AIFeedbackWidget.stories.jsx[2m > [22m[2mLarge Buttons
[22m[39m[Mock Data Gen 2] Initializing mock data
[90mstdout[2m | src/components/AIFeedbackWidget.stories.jsx[2m > [22m[2mLarge Buttons
[22m[39m[Mock Data] seedMockAssistantChats: Replacing with 1 assistant chats
[90mstdout[2m | src/components/AIFeedbackWidget.stories.jsx[2m > [22m[2mLarge Buttons
[22m[39m[Mock Data Gen 2] Seeded AssistantChat: mock-assistant-chat-1
[90mstdout[2m | src/components/AIFeedbackWidget.stories.jsx[2m > [22m[2mLarge Buttons
[22m[39m[Mock Data] seedMockFiles: Adding 6 files
[90mstdout[2m | src/components/AIFeedbackWidget.stories.jsx[2m > [22m[2mLarge Buttons
[22m[39m[Mock Data Gen 2] Seeded Files: 6
[90mstdout[2m | src/components/AIFeedbackWidget.stories.jsx[2m > [22m[2mLarge Buttons
[22m[39m[Preview] Initialized default mock data for story
[90mstdout[2m | src/components/AIFeedbackWidget.stories.jsx[2m > [22m[2mLarge Buttons
[22m[39m[Mock AuthContext] Providing auth: {
  "error": undefined,
  "isLoading": false,
  "session": {
    "idToken": {
      "toString": [Function toString],
    },
    "identityId": "us-east-1:mock-identity-123",
    "username": "mock-user-sub",
  },
  "user": {
    "attributes": {
      "email": "alice@example.com",
      "name": "Alice Student",
      "sub": "mock-user-sub",
    },
  },
}
[90mstdout[2m | src/components/AIFeedbackWidget.stories.jsx[2m > [22m[2mLarge Buttons
[22m[39m[Mock Data] generateClient() called - returning mock client
[90mstdout[2m | src/components/AIFeedbackWidget.stories.jsx[2m > [22m[2mLarge Buttons
[22m[39m[Mock amplifyClient] getAmplifyClient() called - returning mock client
[90mstdout[2m | src/components/AIFeedbackWidget.stories.jsx[2m > [22m[2mLarge Buttons
[22m[39m[MOCK CourseVectorStore] Initialized with mock data
[90mstdout[2m | src/components/AIFeedbackWidget.stories.jsx[2m > [22m[2mLarge Buttons
[22m[39m[TranslationModeController] Setting mode to: off
[90mstdout[2m | src/components/AIFeedbackWidget.stories.jsx[2m > [22m[2mLarge Buttons
[22m[39m[SectionContext] useEffect triggered {
  "authLoading": false,
  "hasUser": true,
  "userSub": "mock-user-sub",
}
[90mstdout[2m | src/components/AIFeedbackWidget.stories.jsx[2m > [22m[2mLarge Buttons
[22m[39m[SectionContext] Fetching sections for userId: mock-user-sub
[90mstdout[2m | src/components/AIFeedbackWidget.stories.jsx[2m > [22m[2mLarge Buttons
[22m[39m[Mock Data] generateClient() called - returning mock client
[90mstdout[2m | src/components/AIFeedbackWidget.stories.jsx[2m > [22m[2mLarge Buttons
[22m[39m[Mock amplifyClient] getAmplifyClient() called - returning mock client
[90mstdout[2m | src/components/AIFeedbackWidget.stories.jsx[2m > [22m[2mLarge Buttons
[22m[39m[Mock Data] Section.list() called with options: undefined
[90mstdout[2m | src/components/AIFeedbackWidget.stories.jsx[2m > [22m[2mLarge Buttons
[22m[39m[Mock Data] generateClient() called - returning mock client
[90mstdout[2m | src/components/AIFeedbackWidget.stories.jsx[2m > [22m[2mLarge Buttons
[22m[39m[Mock amplifyClient] getAmplifyClient() called - returning mock client
[90mstdout[2m | src/components/AIFeedbackWidget.stories.jsx[2m > [22m[2mLarge Buttons
[22m[39m[Mock Data] Assignment.list() called with options: {
  "filter": {
    "unitID": {
      "eq": "mock-unit-id",
    },
  },
}
[90mstdout[2m | src/components/AIFeedbackWidget.stories.jsx[2m > [22m[2mLarge Buttons
[22m[39m[Mock Data] generateClient() called - returning mock client
[90mstdout[2m | src/components/AIFeedbackWidget.stories.jsx[2m > [22m[2mLarge Buttons
[22m[39m[Mock amplifyClient] getAmplifyClient() called - returning mock client
[90mstdout[2m | src/components/AIFeedbackWidget.stories.jsx[2m > [22m[2mLarge Buttons
[22m[39m[Mock Data] Grade.observeQuery() called with filter: {
  "filter": {
    "unitID": {
      "eq": "mock-unit-id",
    },
  },
}
[90mstdout[2m | src/components/AIFeedbackWidget.stories.jsx[2m > [22m[2mLarge Buttons
[22m[39m[Mock Data] Grade.observeQuery() applying filter: {
  "unitID": {
    "eq": "mock-unit-id",
  },
}
[90mstdout[2m | src/components/AIFeedbackWidget.stories.jsx[2m > [22m[2mLarge Buttons
[22m[39m[Mock Data] Grade.observeQuery() items before filter: 0
[90mstdout[2m | src/components/AIFeedbackWidget.stories.jsx[2m > [22m[2mLarge Buttons
[22m[39m[Mock Data] Grade.observeQuery() items after filter: 0
[90mstdout[2m | src/components/AIFeedbackWidget.stories.jsx[2m > [22m[2mLarge Buttons
[22m[39m[Mock Data] Grade.observeQuery() returning 0 items (filter applied) {
  "filter": {
    "unitID": {
      "eq": "mock-unit-id",
    },
  },
}
[90mstdout[2m | src/components/AIFeedbackWidget.stories.jsx[2m > [22m[2mLarge Buttons
[22m[39m[Mock Data] Grade subscription added. Total subscriptions: 1
[90mstdout[2m | src/components/AIFeedbackWidget.stories.jsx[2m > [22m[2mLarge Buttons
[22m[39m[UnitContext] useEffect triggered {
  "authLoading": false,
  "hasUser": true,
  "id": "mock-unit-id",
  "userSub": "mock-user-sub",
}
[90mstdout[2m | src/components/AIFeedbackWidget.stories.jsx[2m > [22m[2mLarge Buttons
[22m[39m[UnitContext] Fetching unit data for id: mock-unit-id
[90mstdout[2m | src/components/AIFeedbackWidget.stories.jsx[2m > [22m[2mLarge Buttons
[22m[39m[Mock Data] generateClient() called - returning mock client
[90mstdout[2m | src/components/AIFeedbackWidget.stories.jsx[2m > [22m[2mLarge Buttons
[22m[39m[Mock amplifyClient] getAmplifyClient() called - returning mock client
[90mstdout[2m | src/components/AIFeedbackWidget.stories.jsx[2m > [22m[2mLarge Buttons
[22m[39m[Mock Data] Unit.observeQuery() called with filter: {
  "filter": {
    "id": {
      "eq": "mock-unit-id",
    },
  },
}
[90mstdout[2m | src/components/AIFeedbackWidget.stories.jsx[2m > [22m[2mLarge Buttons
[22m[39m[Mock Data] Unit.observeQuery() applying filter: {
  "id": {
    "eq": "mock-unit-id",
  },
}
[90mstdout[2m | src/components/AIFeedbackWidget.stories.jsx[2m > [22m[2mLarge Buttons
[22m[39m[Mock Data] Unit.observeQuery() items before filter: 0
[90mstdout[2m | src/components/AIFeedbackWidget.stories.jsx[2m > [22m[2mLarge Buttons
[22m[39m[Mock Data] Unit.observeQuery() items after filter: 0
[90mstdout[2m | src/components/AIFeedbackWidget.stories.jsx[2m > [22m[2mLarge Buttons
[22m[39m[Mock Data] Unit.observeQuery() returning 0 items (filter applied) {
  "filter": {
    "id": {
      "eq": "mock-unit-id",
    },
  },
}
[90mstdout[2m | src/components/AIFeedbackWidget.stories.jsx[2m > [22m[2mLarge Buttons
[22m[39m[Mock Data] Unit subscription added. Total subscriptions: 1
[90mstdout[2m | src/components/AIFeedbackWidget.stories.jsx[2m > [22m[2mLarge Buttons
[22m[39m[Mock Data] generateClient() called - returning mock client
[90mstdout[2m | src/components/AIFeedbackWidget.stories.jsx[2m > [22m[2mLarge Buttons
[22m[39m[Mock amplifyClient] getAmplifyClient() called - returning mock client
[90mstdout[2m | src/components/AIFeedbackWidget.stories.jsx[2m > [22m[2mLarge Buttons
[22m[39m[Mock Data] Word.observeQuery() called with filter: undefined
[90mstdout[2m | src/components/AIFeedbackWidget.stories.jsx[2m > [22m[2mLarge Buttons
[22m[39m[Mock Data] Word.observeQuery() returning 0 items (filter applied) undefined
[90mstdout[2m | src/components/AIFeedbackWidget.stories.jsx[2m > [22m[2mLarge Buttons
[22m[39m[Mock Data] Word subscription added. Total subscriptions: 1
[90mstdout[2m | src/components/AIFeedbackWidget.stories.jsx[2m > [22m[2mLarge Buttons
[22m[39m[Mock Data] generateClient() called - returning mock client
[90mstdout[2m | src/components/AIFeedbackWidget.stories.jsx[2m > [22m[2mLarge Buttons
[22m[39m[Mock amplifyClient] getAmplifyClient() called - returning mock client
[90mstdout[2m | src/components/AIFeedbackWidget.stories.jsx[2m > [22m[2mLarge Buttons
[22m[39m[Mock Data] Question.observeQuery() called with filter: undefined
[90mstdout[2m | src/components/AIFeedbackWidget.stories.jsx[2m > [22m[2mLarge Buttons
[22m[39m[Mock Data] Question.observeQuery() returning 0 items (filter applied) undefined
[90mstdout[2m | src/components/AIFeedbackWidget.stories.jsx[2m > [22m[2mLarge Buttons
[22m[39m[Mock Data] Question subscription added. Total subscriptions: 1
[90mstdout[2m | src/components/AIFeedbackWidget.stories.jsx[2m > [22m[2mLarge Buttons
[22m[39m[FilesContext] Initializing vector store from IndexedDB
[90mstdout[2m | src/components/AIFeedbackWidget.stories.jsx[2m > [22m[2mLarge Buttons
[22m[39m[FilesContext] fetchFiles called
[90mstdout[2m | src/components/AIFeedbackWidget.stories.jsx[2m > [22m[2mLarge Buttons
[22m[39m[FilesContext] User authenticated: mock-user-sub
[90mstdout[2m | src/components/AIFeedbackWidget.stories.jsx[2m > [22m[2mLarge Buttons
[22m[39m[FilesContext] Identity ID: us-east-1:mock-identity-123
[90mstdout[2m | src/components/AIFeedbackWidget.stories.jsx[2m > [22m[2mLarge Buttons
[22m[39m[FilesContext] About to subscribe to File model
[90mstdout[2m | src/components/AIFeedbackWidget.stories.jsx[2m > [22m[2mLarge Buttons
[22m[39m[Mock Data] generateClient() called - returning mock client
[90mstdout[2m | src/components/AIFeedbackWidget.stories.jsx[2m > [22m[2mLarge Buttons
[22m[39m[Mock amplifyClient] getAmplifyClient() called - returning mock client
[90mstdout[2m | src/components/AIFeedbackWidget.stories.jsx[2m > [22m[2mLarge Buttons
[22m[39m[Mock Data] File.observeQuery() called with filter: undefined
[90mstdout[2m | src/components/AIFeedbackWidget.stories.jsx[2m > [22m[2mLarge Buttons
[22m[39m[Mock Data] File.observeQuery() returning 6 items (filter applied) undefined
[90mstdout[2m | src/components/AIFeedbackWidget.stories.jsx[2m > [22m[2mLarge Buttons
[22m[39m[Mock Data] File subscription added. Total subscriptions: 1
[90mstdout[2m | src/components/AIFeedbackWidget.stories.jsx[2m > [22m[2mLarge Buttons
[22m[39m[Mock Data] generateClient() called - returning mock client
[90mstdout[2m | src/components/AIFeedbackWidget.stories.jsx[2m > [22m[2mLarge Buttons
[22m[39m[Mock amplifyClient] getAmplifyClient() called - returning mock client
[90mstdout[2m | src/components/AIFeedbackWidget.stories.jsx[2m > [22m[2mLarge Buttons
[22m[39m[Mock Data] Document.observeQuery() called with filter: undefined
[90mstdout[2m | src/components/AIFeedbackWidget.stories.jsx[2m > [22m[2mLarge Buttons
[22m[39m[Mock Data] Document.observeQuery() returning 0 items (filter applied) undefined
[90mstdout[2m | src/components/AIFeedbackWidget.stories.jsx[2m > [22m[2mLarge Buttons
[22m[39m[Mock Data] Document subscription added. Total subscriptions: 1
[90mstdout[2m | src/components/AIFeedbackWidget.stories.jsx[2m > [22m[2mLarge Buttons
[22m[39m[ChatContext] Setting up observeQuery for AssistantChat
[90mstdout[2m | src/components/AIFeedbackWidget.stories.jsx[2m > [22m[2mLarge Buttons
[22m[39m[Mock Data] AssistantChat.observeQuery() called with filter: {
  "sortDirection": "DESC",
  "sortField": "createdAt",
}
[90mstdout[2m | src/components/AIFeedbackWidget.stories.jsx[2m > [22m[2mLarge Buttons
[22m[39m[Mock Data] AssistantChat.observeQuery() returning 1 items (filter applied) {
  "sortDirection": "DESC",
  "sortField": "createdAt",
}
[90mstdout[2m | src/components/AIFeedbackWidget.stories.jsx[2m > [22m[2mLarge Buttons
[22m[39m[Mock Data] AssistantChat subscription added. Total subscriptions: 1
[90mstdout[2m | src/components/AIFeedbackWidget.stories.jsx[2m > [22m[2mLarge Buttons
[22m[39m[ChatContext] Waiting for subscription to initialize
[90mstdout[2m | src/components/AIFeedbackWidget.stories.jsx[2m > [22m[2mLarge Buttons
[22m[39m[SettingsContext] Setting up Settings subscription for user: mock-user-sub
[90mstdout[2m | src/components/AIFeedbackWidget.stories.jsx[2m > [22m[2mLarge Buttons
[22m[39m[Mock Data] generateClient() called - returning mock client
[90mstdout[2m | src/components/AIFeedbackWidget.stories.jsx[2m > [22m[2mLarge Buttons
[22m[39m[Mock amplifyClient] getAmplifyClient() called - returning mock client
[90mstdout[2m | src/components/AIFeedbackWidget.stories.jsx[2m > [22m[2mLarge Buttons
[22m[39m[Mock Data] Settings.observeQuery() called with filter: undefined
[90mstdout[2m | src/components/AIFeedbackWidget.stories.jsx[2m > [22m[2mLarge Buttons
[22m[39m[Mock Data] Settings.observeQuery() returning 0 items (filter applied) undefined
[90mstdout[2m | src/components/AIFeedbackWidget.stories.jsx[2m > [22m[2mLarge Buttons
[22m[39m[Mock Data] Settings subscription added. Total subscriptions: 1
[90mstdout[2m | src/components/AIFeedbackWidget.stories.jsx[2m > [22m[2mLarge Buttons
[22m[39m[SectionContext] Initial sections: 0 []
[90mstdout[2m | src/components/AIFeedbackWidget.stories.jsx[2m > [22m[2mLarge Buttons
[22m[39m[Mock Data] Section.onCreate() called with filter: undefined
[90mstdout[2m | src/components/AIFeedbackWidget.stories.jsx[2m > [22m[2mLarge Buttons
[22m[39m[Mock Data] Section.onCreate() subscription added. Total: 1
[90mstdout[2m | src/components/AIFeedbackWidget.stories.jsx[2m > [22m[2mLarge Buttons
[22m[39m[Mock Data] Section.onUpdate() called with filter: undefined
[90mstdout[2m | src/components/AIFeedbackWidget.stories.jsx[2m > [22m[2mLarge Buttons
[22m[39m[Mock Data] Section.onUpdate() subscription added. Total: 1
[90mstdout[2m | src/components/AIFeedbackWidget.stories.jsx[2m > [22m[2mLarge Buttons
[22m[39m[Mock Data] Section.onDelete() called with filter: undefined
[90mstdout[2m | src/components/AIFeedbackWidget.stories.jsx[2m > [22m[2mLarge Buttons
[22m[39m[Mock Data] Section.onDelete() subscription added. Total: 1
[90mstdout[2m | src/components/AIFeedbackWidget.stories.jsx[2m > [22m[2mLarge Buttons
[22m[39m[Mock Data] Assignment.onCreate() called with filter: {
  "filter": {
    "unitID": {
      "eq": "mock-unit-id",
    },
  },
}
[90mstdout[2m | src/components/AIFeedbackWidget.stories.jsx[2m > [22m[2mLarge Buttons
[22m[39m[Mock Data] Assignment.onCreate() subscription added. Total: 1
[90mstdout[2m | src/components/AIFeedbackWidget.stories.jsx[2m > [22m[2mLarge Buttons
[22m[39m[Mock Data] Assignment.onUpdate() called with filter: {
  "filter": {
    "unitID": {
      "eq": "mock-unit-id",
    },
  },
}
[90mstdout[2m | src/components/AIFeedbackWidget.stories.jsx[2m > [22m[2mLarge Buttons
[22m[39m[Mock Data] Assignment.onUpdate() subscription added. Total: 1
[90mstdout[2m | src/components/AIFeedbackWidget.stories.jsx[2m > [22m[2mLarge Buttons
[22m[39m[Mock Data] Assignment.onDelete() called with filter: {
  "filter": {
    "unitID": {
      "eq": "mock-unit-id",
    },
  },
}
[90mstdout[2m | src/components/AIFeedbackWidget.stories.jsx[2m > [22m[2mLarge Buttons
[22m[39m[Mock Data] Assignment.onDelete() subscription added. Total: 1
[90mstdout[2m | src/components/AIFeedbackWidget.stories.jsx[2m > [22m[2mLarge Buttons
[22m[39m[FilesContext] File observeQuery subscription triggered:
[90mstdout[2m | src/components/AIFeedbackWidget.stories.jsx[2m > [22m[2mLarge Buttons
[22m[39m  - items.length: 6
[90mstdout[2m | src/components/AIFeedbackWidget.stories.jsx[2m > [22m[2mLarge Buttons
[22m[39m  - isSynced: true
[90mstdout[2m | src/components/AIFeedbackWidget.stories.jsx[2m > [22m[2mLarge Buttons
[22m[39m  - items: [
  {
    "_deleted": null,
    "_lastChangedAt": 1767711773285,
    "_version": 1,
    "byHex": null,
    "createdAt": "2026-01-06T15:02:53.253Z",
    "description": "Japanese language textbook - Chapter 1",
    "document": Promise {},
    "documentID": "e01017e1-fe7a-4521-b71c-09ec31b18639",
    "duration": null,
    "embedding": null,
    "generated": null,
    "hex": null,
    "id": "a57d7833-5fa7-4cb7-8b7a-ce7c6e10e551",
    "identityId": "us-east-1:b0eadde9-f02c-c71b-17a6-22ffd37d89c8",
    "key": "files/Japanese Wind 1.pdf",
    "level": "protected",
    "mimeType": "application/pdf",
    "model": null,
    "name": "Japanese Wind 1.pdf",
    "owner": "64d81418-7021-701d-9fed-a4c2e0735711",
    "parsedContent": [Function anonymous],
    "parsedContentID": null,
    "path": "files/Japanese Wind 1.pdf",
    "prompt": null,
    "size": 4706654,
    "thumbnail": null,
    "type": "pdf",
    "updatedAt": "2026-01-06T15:02:53.253Z",
    "variant": null,
    "waveformData": null,
  },
  {
    "_version": 2,
    "createdAt": "2026-01-15T10:00:00.000Z",
    "description": "Sample report with vocabulary",
    "document": Promise {},
    "documentID": "cd824b5b-2c66-41f8-8571-aa6794ff590c",
    "generated": false,
    "id": "mock-pdf-file-2",
    "identityId": "us-east-1:mock-identity",
    "key": "files/report.pdf",
    "level": "protected",
    "mimeType": "application/pdf",
    "name": "report.pdf",
    "owner": "mock-user-id",
    "parsedContent": [Function anonymous],
    "path": "files/report.pdf",
    "size": 123456,
    "type": "pdf",
    "updatedAt": "2026-01-15T10:30:00.000Z",
  },
  {
    "_version": 3,
    "createdAt": "2026-01-14T08:00:00.000Z",
    "description": "Vocabulary lesson PDF with extracted content",
    "document": Promise {},
    "documentID": "mock-document-3",
    "generated": false,
    "id": "mock-pdf-file-3",
    "identityId": "us-east-1:mock-identity",
    "key": "files/vocabulary-lesson.pdf",
    "level": "public",
    "mimeType": "application/pdf",
    "name": "vocabulary-lesson.pdf",
    "owner": "mock-user-id",
    "parsedContent": [Function anonymous],
    "path": "files/vocabulary-lesson.pdf",
    "size": 567890,
    "type": "pdf",
    "updatedAt": "2026-01-14T08:45:00.000Z",
  },
  {
    "_version": 1,
    "createdAt": "2026-01-20T10:00:00.000Z",
    "description": "Sample pronunciation audio",
    "documentID": null,
    "duration": 3.5,
    "generated": true,
    "id": "mock-audio-file-1",
    "identityId": "us-east-1:mock-identity",
    "key": "audio/pronunciation-demo.mp3",
    "level": "public",
    "mimeType": "audio/mpeg",
    "name": "pronunciation-demo.mp3",
    "owner": "mock-user-id",
    "parsedContent": [Function anonymous],
    "path": "/story-mocks/cinematic-designed-sci-fi-whoosh-transition-nexawave-228295.mp3",
    "size": 56789,
    "type": "audio",
    "updatedAt": "2026-01-20T10:00:00.000Z",
    "waveformData": null,
  },
  {
    "_version": 1,
    "createdAt": "2026-01-19T14:30:00.000Z",
    "description": "Lesson introduction audio",
    "documentID": null,
    "duration": 5.2,
    "generated": false,
    "id": "mock-audio-file-2",
    "identityId": "us-east-1:mock-identity",
    "key": "audio/lesson-intro.mp3",
    "level": "public",
    "mimeType": "audio/mpeg",
    "name": "lesson-intro.mp3",
    "owner": "mock-user-id",
    "parsedContent": [Function anonymous],
    "path": "/story-mocks/descent-whoosh-long-cinematic-sound-effect-405921.mp3",
    "size": 87654,
    "type": "audio",
    "updatedAt": "2026-01-19T14:30:00.000Z",
    "waveformData": null,
  },
  {
    "_version": 1,
    "createdAt": "2026-01-18T09:15:00.000Z",
    "description": "Hiragana character chart",
    "documentID": null,
    "generated": false,
    "id": "mock-image-file-1",
    "identityId": "us-east-1:mock-identity",
    "key": "images/hiragana-chart.png",
    "level": "public",
    "mimeType": "image/png",
    "name": "hiragana-chart.png",
    "owner": "mock-user-id",
    "parsedContent": [Function anonymous],
    "path": "images/hiragana-chart.png",
    "size": 234567,
    "thumbnail": "thumbnails/hiragana-chart-thumb.png",
    "type": "image",
    "updatedAt": "2026-01-18T09:15:00.000Z",
  },
]
[90mstdout[2m | src/components/AIFeedbackWidget.stories.jsx[2m > [22m[2mLarge Buttons
[22m[39m[FilesContext] Files count changed: 0 → 6
[90mstdout[2m | src/components/AIFeedbackWidget.stories.jsx[2m > [22m[2mLarge Buttons
[22m[39m[MOCK CourseVectorStore] Initialized with mock data
[90mstdout[2m | src/components/AIFeedbackWidget.stories.jsx[2m > [22m[2mLarge Buttons
[22m[39m[MOCK CourseVectorStore] Initialized with mock data
[90mstdout[2m | src/components/AIFeedbackWidget.stories.jsx[2m > [22m[2mLarge Buttons
[22m[39m[useTranslationWithCapture] t() called: {
  "key": "aiFeedbackWidget.whatToImprove",
  "mode": "off",
  "namespace": "components",
  "value": "What could be improved?",
}
[90mstdout[2m | src/components/AIFeedbackWidget.stories.jsx[2m > [22m[2mLarge Buttons
[22m[39m[useTranslationWithCapture] t() called: {
  "key": "aiFeedbackWidget.selectAllThatApply",
  "mode": "off",
  "namespace": "components",
  "value": "Select all that apply:",
}
[90mstdout[2m | src/components/AIFeedbackWidget.stories.jsx[2m > [22m[2mLarge Buttons
[22m[39m[useTranslationWithCapture] t() called: {
  "key": "aiFeedbackWidget.cancel",
  "mode": "off",
  "namespace": "components",
  "value": "Cancel",
}
[90mstdout[2m | src/components/AIFeedbackWidget.stories.jsx[2m > [22m[2mLarge Buttons
[22m[39m[useTranslationWithCapture] t() called: {
  "key": "aiFeedbackWidget.submit",
  "mode": "off",
  "namespace": "components",
  "value": "Submit",
}
[90mstdout[2m | src/components/AIFeedbackWidget.stories.jsx[2m > [22m[2mLarge Buttons
[22m[39m[FilesContext] Vector store population triggered {
  "currentVectorStoreSize": 3,
  "documentsCount": 0,
  "filesCount": 6,
  "isInitialLoad": true,
}
[90mstdout[2m | src/components/AIFeedbackWidget.stories.jsx[2m > [22m[2mLarge Buttons
[22m[39m[FilesContext] Vector store population complete - 3 total embeddings
[90mstdout[2m | src/components/AIFeedbackWidget.stories.jsx[2m > [22m[2mLarge Buttons
[22m[39m[ChatContext] AssistantChat query update: 1 items (synced)
[90mstdout[2m | src/components/AIFeedbackWidget.stories.jsx[2m > [22m[2mLarge Buttons
[22m[39m[ChatContext] First item details: {
  "id": "mock-assistant-chat-1",
  "updatedAt": "2024-01-26T10:15:00.000Z",
}
[90mstdout[2m | src/components/AIFeedbackWidget.stories.jsx[2m > [22m[2mLarge Buttons
[22m[39m[ChatContext] AssistantChat subscription initialized
[90mstdout[2m | src/components/AIFeedbackWidget.stories.jsx[2m > [22m[2mLarge Buttons
[22m[39m[ChatContext] AssistantChat list updated: 1 chats
[90mstdout[2m | src/components/AIFeedbackWidget.stories.jsx[2m > [22m[2mLarge Buttons
[22m[39m[Mock Data] Settings.create() called with: {
  "assistantVoice": "shimmer",
  "autoAnalyzeDocuments": true,
  "defaultAIModel": "gpt-4",
  "documentAnalysisModel": "gpt-4",
  "editorFontSize": 14,
  "editorTheme": "auto",
  "emailNotifications": true,
  "language": "en",
  "webhookNotifications": false,
}
[90mstdout[2m | src/components/AIFeedbackWidget.stories.jsx[2m > [22m[2mLarge Buttons
[22m[39m[Mock Data] Settings created: mock-settings-1776336973883 - notified 1 subscribers
[90mstdout[2m | src/components/AIFeedbackWidget.stories.jsx[2m > [22m[2mLarge Buttons
[22m[39m[ChatContext] Setting initial chat: mock-assistant-chat-1
[90mstdout[2m | src/components/AIFeedbackWidget.stories.jsx[2m > [22m[2mLarge Buttons
[22m[39m[ChatContext] Chat exists and not archived, skipping creation
[90mstdout[2m | src/components/AIFeedbackWidget.stories.jsx[2m > [22m[2mIn Chat Context
[22m[39m[Mock Data] Settings subscription unsubscribed. Remaining: 0
[90mstdout[2m | src/components/AIFeedbackWidget.stories.jsx[2m > [22m[2mIn Chat Context
[22m[39m[ChatContext] Cleaning up subscription
[90mstdout[2m | src/components/AIFeedbackWidget.stories.jsx[2m > [22m[2mIn Chat Context
[22m[39m[Mock Data] AssistantChat subscription unsubscribed. Remaining: 0
[90mstdout[2m | src/components/AIFeedbackWidget.stories.jsx[2m > [22m[2mIn Chat Context
[22m[39m[Mock Data] File subscription unsubscribed. Remaining: 0
[90mstdout[2m | src/components/AIFeedbackWidget.stories.jsx[2m > [22m[2mIn Chat Context
[22m[39m[Mock Data] Document subscription unsubscribed. Remaining: 0
[90mstdout[2m | src/components/AIFeedbackWidget.stories.jsx[2m > [22m[2mIn Chat Context
[22m[39m[Mock Data] Word subscription unsubscribed. Remaining: 0
[90mstdout[2m | src/components/AIFeedbackWidget.stories.jsx[2m > [22m[2mIn Chat Context
[22m[39m[Mock Data] Question subscription unsubscribed. Remaining: 0
[90mstdout[2m | src/components/AIFeedbackWidget.stories.jsx[2m > [22m[2mIn Chat Context
[22m[39m[Mock Data] Grade subscription unsubscribed. Remaining: 0
[90mstdout[2m | src/components/AIFeedbackWidget.stories.jsx[2m > [22m[2mIn Chat Context
[22m[39m[Mock Data] Unit subscription unsubscribed. Remaining: 0
[90mstdout[2m | src/components/AIFeedbackWidget.stories.jsx[2m > [22m[2mIn Chat Context
[22m[39m[SectionContext] Cleaning up subscriptions
[90mstdout[2m | src/components/AIFeedbackWidget.stories.jsx[2m > [22m[2mIn Chat Context
[22m[39m[Mock Data] Section.onCreate() subscription removed. Remaining: 0
[90mstdout[2m | src/components/AIFeedbackWidget.stories.jsx[2m > [22m[2mIn Chat Context
[22m[39m[Mock Data] Section.onUpdate() subscription removed. Remaining: 0
[90mstdout[2m | src/components/AIFeedbackWidget.stories.jsx[2m > [22m[2mIn Chat Context
[22m[39m[Mock Data] Section.onDelete() subscription removed. Remaining: 0
[90mstdout[2m | src/components/AIFeedbackWidget.stories.jsx[2m > [22m[2mIn Chat Context
[22m[39m[Mock Data] Assignment.onCreate() subscription removed. Remaining: 0
[90mstdout[2m | src/components/AIFeedbackWidget.stories.jsx[2m > [22m[2mIn Chat Context
[22m[39m[Mock Data] Assignment.onUpdate() subscription removed. Remaining: 0
[90mstdout[2m | src/components/AIFeedbackWidget.stories.jsx[2m > [22m[2mIn Chat Context
[22m[39m[Mock Data] Assignment.onDelete() subscription removed. Remaining: 0
[90mstdout[2m | src/components/AIFeedbackWidget.stories.jsx[2m > [22m[2mIn Chat Context
[22m[39m[Mock Data] Clearing all data stores
[90mstdout[2m | src/components/AIFeedbackWidget.stories.jsx[2m > [22m[2mIn Chat Context
[22m[39m[Mock Data] All data stores cleared
[90mstdout[2m | src/components/AIFeedbackWidget.stories.jsx[2m > [22m[2mIn Chat Context
[22m[39m[Preview] Cleared mock data for story
[90mstdout[2m | src/components/AIFeedbackWidget.stories.jsx[2m > [22m[2mIn Chat Context
[22m[39m[Mock Data Gen 2] Initializing mock data
[90mstdout[2m | src/components/AIFeedbackWidget.stories.jsx[2m > [22m[2mIn Chat Context
[22m[39m[Mock Data] seedMockAssistantChats: Replacing with 1 assistant chats
[90mstdout[2m | src/components/AIFeedbackWidget.stories.jsx[2m > [22m[2mIn Chat Context
[22m[39m[Mock Data Gen 2] Seeded AssistantChat: mock-assistant-chat-1
[90mstdout[2m | src/components/AIFeedbackWidget.stories.jsx[2m > [22m[2mIn Chat Context
[22m[39m[Mock Data] seedMockFiles: Adding 6 files
[90mstdout[2m | src/components/AIFeedbackWidget.stories.jsx[2m > [22m[2mIn Chat Context
[22m[39m[Mock Data Gen 2] Seeded Files: 6
[90mstdout[2m | src/components/AIFeedbackWidget.stories.jsx[2m > [22m[2mIn Chat Context
[22m[39m[Mock Data Gen 2] Initializing mock data
[90mstdout[2m | src/components/AIFeedbackWidget.stories.jsx[2m > [22m[2mIn Chat Context
[22m[39m[Mock Data] seedMockAssistantChats: Replacing with 1 assistant chats
[90mstdout[2m | src/components/AIFeedbackWidget.stories.jsx[2m > [22m[2mIn Chat Context
[22m[39m[Mock Data Gen 2] Seeded AssistantChat: mock-assistant-chat-1
[90mstdout[2m | src/components/AIFeedbackWidget.stories.jsx[2m > [22m[2mIn Chat Context
[22m[39m[Mock Data] seedMockFiles: Adding 6 files
[90mstdout[2m | src/components/AIFeedbackWidget.stories.jsx[2m > [22m[2mIn Chat Context
[22m[39m[Mock Data Gen 2] Seeded Files: 6
[90mstdout[2m | src/components/AIFeedbackWidget.stories.jsx[2m > [22m[2mIn Chat Context
[22m[39m[Preview] Initialized default mock data for story
[90mstdout[2m | src/components/AIFeedbackWidget.stories.jsx[2m > [22m[2mIn Chat Context
[22m[39m[Mock AuthContext] Providing auth: {
  "error": undefined,
  "isLoading": false,
  "session": {
    "idToken": {
      "toString": [Function toString],
    },
    "identityId": "us-east-1:mock-identity-123",
    "username": "mock-user-sub",
  },
  "user": {
    "attributes": {
      "email": "alice@example.com",
      "name": "Alice Student",
      "sub": "mock-user-sub",
    },
  },
}
[90mstdout[2m | src/components/AIFeedbackWidget.stories.jsx[2m > [22m[2mIn Chat Context
[22m[39m[Mock Data] generateClient() called - returning mock client
[90mstdout[2m | src/components/AIFeedbackWidget.stories.jsx[2m > [22m[2mIn Chat Context
[22m[39m[Mock amplifyClient] getAmplifyClient() called - returning mock client
[90mstdout[2m | src/components/AIFeedbackWidget.stories.jsx[2m > [22m[2mIn Chat Context
[22m[39m[MOCK CourseVectorStore] Initialized with mock data
[90mstdout[2m | src/components/AIFeedbackWidget.stories.jsx[2m > [22m[2mIn Chat Context
[22m[39m[TranslationModeController] Setting mode to: off
[90mstdout[2m | src/components/AIFeedbackWidget.stories.jsx[2m > [22m[2mIn Chat Context
[22m[39m[SectionContext] useEffect triggered {
  "authLoading": false,
  "hasUser": true,
  "userSub": "mock-user-sub",
}
[90mstdout[2m | src/components/AIFeedbackWidget.stories.jsx[2m > [22m[2mIn Chat Context
[22m[39m[SectionContext] Fetching sections for userId: mock-user-sub
[90mstdout[2m | src/components/AIFeedbackWidget.stories.jsx[2m > [22m[2mIn Chat Context
[22m[39m[Mock Data] generateClient() called - returning mock client
[90mstdout[2m | src/components/AIFeedbackWidget.stories.jsx[2m > [22m[2mIn Chat Context
[22m[39m[Mock amplifyClient] getAmplifyClient() called - returning mock client
[90mstdout[2m | src/components/AIFeedbackWidget.stories.jsx[2m > [22m[2mIn Chat Context
[22m[39m[Mock Data] Section.list() called with options: undefined
[90mstdout[2m | src/components/AIFeedbackWidget.stories.jsx[2m > [22m[2mIn Chat Context
[22m[39m[Mock Data] generateClient() called - returning mock client
[90mstdout[2m | src/components/AIFeedbackWidget.stories.jsx[2m > [22m[2mIn Chat Context
[22m[39m[Mock amplifyClient] getAmplifyClient() called - returning mock client
[90mstdout[2m | src/components/AIFeedbackWidget.stories.jsx[2m > [22m[2mIn Chat Context
[22m[39m[Mock Data] Assignment.list() called with options: {
  "filter": {
    "unitID": {
      "eq": "mock-unit-id",
    },
  },
}
[90mstdout[2m | src/components/AIFeedbackWidget.stories.jsx[2m > [22m[2mIn Chat Context
[22m[39m[Mock Data] generateClient() called - returning mock client
[90mstdout[2m | src/components/AIFeedbackWidget.stories.jsx[2m > [22m[2mIn Chat Context
[22m[39m[Mock amplifyClient] getAmplifyClient() called - returning mock client
[90mstdout[2m | src/components/AIFeedbackWidget.stories.jsx[2m > [22m[2mIn Chat Context
[22m[39m[Mock Data] Grade.observeQuery() called with filter: {
  "filter": {
    "unitID": {
      "eq": "mock-unit-id",
    },
  },
}
[90mstdout[2m | src/components/AIFeedbackWidget.stories.jsx[2m > [22m[2mIn Chat Context
[22m[39m[Mock Data] Grade.observeQuery() applying filter: {
  "unitID": {
    "eq": "mock-unit-id",
  },
}
[90mstdout[2m | src/components/AIFeedbackWidget.stories.jsx[2m > [22m[2mIn Chat Context
[22m[39m[Mock Data] Grade.observeQuery() items before filter: 0
[90mstdout[2m | src/components/AIFeedbackWidget.stories.jsx[2m > [22m[2mIn Chat Context
[22m[39m[Mock Data] Grade.observeQuery() items after filter: 0
[90mstdout[2m | src/components/AIFeedbackWidget.stories.jsx[2m > [22m[2mIn Chat Context
[22m[39m[Mock Data] Grade.observeQuery() returning 0 items (filter applied) {
  "filter": {
    "unitID": {
      "eq": "mock-unit-id",
    },
  },
}
[90mstdout[2m | src/components/AIFeedbackWidget.stories.jsx[2m > [22m[2mIn Chat Context
[22m[39m[Mock Data] Grade subscription added. Total subscriptions: 1
[90mstdout[2m | src/components/AIFeedbackWidget.stories.jsx[2m > [22m[2mIn Chat Context
[22m[39m[UnitContext] useEffect triggered {
  "authLoading": false,
  "hasUser": true,
  "id": "mock-unit-id",
  "userSub": "mock-user-sub",
}
[90mstdout[2m | src/components/AIFeedbackWidget.stories.jsx[2m > [22m[2mIn Chat Context
[22m[39m[UnitContext] Fetching unit data for id: mock-unit-id
[90mstdout[2m | src/components/AIFeedbackWidget.stories.jsx[2m > [22m[2mIn Chat Context
[22m[39m[Mock Data] generateClient() called - returning mock client
[90mstdout[2m | src/components/AIFeedbackWidget.stories.jsx[2m > [22m[2mIn Chat Context
[22m[39m[Mock amplifyClient] getAmplifyClient() called - returning mock client
[90mstdout[2m | src/components/AIFeedbackWidget.stories.jsx[2m > [22m[2mIn Chat Context
[22m[39m[Mock Data] Unit.observeQuery() called with filter: {
  "filter": {
    "id": {
      "eq": "mock-unit-id",
    },
  },
}
[90mstdout[2m | src/components/AIFeedbackWidget.stories.jsx[2m > [22m[2mIn Chat Context
[22m[39m[Mock Data] Unit.observeQuery() applying filter: {
  "id": {
    "eq": "mock-unit-id",
  },
}
[90mstdout[2m | src/components/AIFeedbackWidget.stories.jsx[2m > [22m[2mIn Chat Context
[22m[39m[Mock Data] Unit.observeQuery() items before filter: 0
[90mstdout[2m | src/components/AIFeedbackWidget.stories.jsx[2m > [22m[2mIn Chat Context
[22m[39m[Mock Data] Unit.observeQuery() items after filter: 0
[90mstdout[2m | src/components/AIFeedbackWidget.stories.jsx[2m > [22m[2mIn Chat Context
[22m[39m[Mock Data] Unit.observeQuery() returning 0 items (filter applied) {
  "filter": {
    "id": {
      "eq": "mock-unit-id",
    },
  },
}
[90mstdout[2m | src/components/AIFeedbackWidget.stories.jsx[2m > [22m[2mIn Chat Context
[22m[39m[Mock Data] Unit subscription added. Total subscriptions: 1
[90mstdout[2m | src/components/AIFeedbackWidget.stories.jsx[2m > [22m[2mIn Chat Context
[22m[39m[Mock Data] generateClient() called - returning mock client
[90mstdout[2m | src/components/AIFeedbackWidget.stories.jsx[2m > [22m[2mIn Chat Context
[22m[39m[Mock amplifyClient] getAmplifyClient() called - returning mock client
[90mstdout[2m | src/components/AIFeedbackWidget.stories.jsx[2m > [22m[2mIn Chat Context
[22m[39m[Mock Data] Word.observeQuery() called with filter: undefined
[90mstdout[2m | src/components/AIFeedbackWidget.stories.jsx[2m > [22m[2mIn Chat Context
[22m[39m[Mock Data] Word.observeQuery() returning 0 items (filter applied) undefined
[90mstdout[2m | src/components/AIFeedbackWidget.stories.jsx[2m > [22m[2mIn Chat Context
[22m[39m[Mock Data] Word subscription added. Total subscriptions: 1
[90mstdout[2m | src/components/AIFeedbackWidget.stories.jsx[2m > [22m[2mIn Chat Context
[22m[39m[Mock Data] generateClient() called - returning mock client
[90mstdout[2m | src/components/AIFeedbackWidget.stories.jsx[2m > [22m[2mIn Chat Context
[22m[39m[Mock amplifyClient] getAmplifyClient() called - returning mock client
[90mstdout[2m | src/components/AIFeedbackWidget.stories.jsx[2m > [22m[2mIn Chat Context
[22m[39m[Mock Data] Question.observeQuery() called with filter: undefined
[90mstdout[2m | src/components/AIFeedbackWidget.stories.jsx[2m > [22m[2mIn Chat Context
[22m[39m[Mock Data] Question.observeQuery() returning 0 items (filter applied) undefined
[90mstdout[2m | src/components/AIFeedbackWidget.stories.jsx[2m > [22m[2mIn Chat Context
[22m[39m[Mock Data] Question subscription added. Total subscriptions: 1
[90mstdout[2m | src/components/AIFeedbackWidget.stories.jsx[2m > [22m[2mIn Chat Context
[22m[39m[FilesContext] Initializing vector store from IndexedDB
[90mstdout[2m | src/components/AIFeedbackWidget.stories.jsx[2m > [22m[2mIn Chat Context
[22m[39m[FilesContext] fetchFiles called
[90mstdout[2m | src/components/AIFeedbackWidget.stories.jsx[2m > [22m[2mIn Chat Context
[22m[39m[FilesContext] User authenticated: mock-user-sub
[90mstdout[2m | src/components/AIFeedbackWidget.stories.jsx[2m > [22m[2mIn Chat Context
[22m[39m[FilesContext] Identity ID: us-east-1:mock-identity-123
[90mstdout[2m | src/components/AIFeedbackWidget.stories.jsx[2m > [22m[2mIn Chat Context
[22m[39m[FilesContext] About to subscribe to File model
[90mstdout[2m | src/components/AIFeedbackWidget.stories.jsx[2m > [22m[2mIn Chat Context
[22m[39m[Mock Data] generateClient() called - returning mock client
[90mstdout[2m | src/components/AIFeedbackWidget.stories.jsx[2m > [22m[2mIn Chat Context
[22m[39m[Mock amplifyClient] getAmplifyClient() called - returning mock client
[90mstdout[2m | src/components/AIFeedbackWidget.stories.jsx[2m > [22m[2mIn Chat Context
[22m[39m[Mock Data] File.observeQuery() called with filter: undefined
[90mstdout[2m | src/components/AIFeedbackWidget.stories.jsx[2m > [22m[2mIn Chat Context
[22m[39m[Mock Data] File.observeQuery() returning 6 items (filter applied) undefined
[90mstdout[2m | src/components/AIFeedbackWidget.stories.jsx[2m > [22m[2mIn Chat Context
[22m[39m[Mock Data] File subscription added. Total subscriptions: 1
[90mstdout[2m | src/components/AIFeedbackWidget.stories.jsx[2m > [22m[2mIn Chat Context
[22m[39m[Mock Data] generateClient() called - returning mock client
[90mstdout[2m | src/components/AIFeedbackWidget.stories.jsx[2m > [22m[2mIn Chat Context
[22m[39m[Mock amplifyClient] getAmplifyClient() called - returning mock client
[90mstdout[2m | src/components/AIFeedbackWidget.stories.jsx[2m > [22m[2mIn Chat Context
[22m[39m[Mock Data] Document.observeQuery() called with filter: undefined
[90mstdout[2m | src/components/AIFeedbackWidget.stories.jsx[2m > [22m[2mIn Chat Context
[22m[39m[Mock Data] Document.observeQuery() returning 0 items (filter applied) undefined
[90mstdout[2m | src/components/AIFeedbackWidget.stories.jsx[2m > [22m[2mIn Chat Context
[22m[39m[Mock Data] Document subscription added. Total subscriptions: 1
[90mstdout[2m | src/components/AIFeedbackWidget.stories.jsx[2m > [22m[2mIn Chat Context
[22m[39m[ChatContext] Setting up observeQuery for AssistantChat
[90mstdout[2m | src/components/AIFeedbackWidget.stories.jsx[2m > [22m[2mIn Chat Context
[22m[39m[Mock Data] AssistantChat.observeQuery() called with filter: {
  "sortDirection": "DESC",
  "sortField": "createdAt",
}
[90mstdout[2m | src/components/AIFeedbackWidget.stories.jsx[2m > [22m[2mIn Chat Context
[22m[39m[Mock Data] AssistantChat.observeQuery() returning 1 items (filter applied) {
  "sortDirection": "DESC",
  "sortField": "createdAt",
}
[90mstdout[2m | src/components/AIFeedbackWidget.stories.jsx[2m > [22m[2mIn Chat Context
[22m[39m[Mock Data] AssistantChat subscription added. Total subscriptions: 1
[90mstdout[2m | src/components/AIFeedbackWidget.stories.jsx[2m > [22m[2mIn Chat Context
[22m[39m[ChatContext] Waiting for subscription to initialize
[90mstdout[2m | src/components/AIFeedbackWidget.stories.jsx[2m > [22m[2mIn Chat Context
[22m[39m[SettingsContext] Setting up Settings subscription for user: mock-user-sub
[90mstdout[2m | src/components/AIFeedbackWidget.stories.jsx[2m > [22m[2mIn Chat Context
[22m[39m[Mock Data] generateClient() called - returning mock client
[90mstdout[2m | src/components/AIFeedbackWidget.stories.jsx[2m > [22m[2mIn Chat Context
[22m[39m[Mock amplifyClient] getAmplifyClient() called - returning mock client
[90mstdout[2m | src/components/AIFeedbackWidget.stories.jsx[2m > [22m[2mIn Chat Context
[22m[39m[Mock Data] Settings.observeQuery() called with filter: undefined
[90mstdout[2m | src/components/AIFeedbackWidget.stories.jsx[2m > [22m[2mIn Chat Context
[22m[39m[Mock Data] Settings.observeQuery() returning 0 items (filter applied) undefined
[90mstdout[2m | src/components/AIFeedbackWidget.stories.jsx[2m > [22m[2mIn Chat Context
[22m[39m[Mock Data] Settings subscription added. Total subscriptions: 1
[90mstdout[2m | src/components/AIFeedbackWidget.stories.jsx[2m > [22m[2mIn Chat Context
[22m[39m[SectionContext] Initial sections: 0 []
[90mstdout[2m | src/components/AIFeedbackWidget.stories.jsx[2m > [22m[2mIn Chat Context
[22m[39m[Mock Data] Section.onCreate() called with filter: undefined
[90mstdout[2m | src/components/AIFeedbackWidget.stories.jsx[2m > [22m[2mIn Chat Context
[22m[39m[Mock Data] Section.onCreate() subscription added. Total: 1
[90mstdout[2m | src/components/AIFeedbackWidget.stories.jsx[2m > [22m[2mIn Chat Context
[22m[39m[Mock Data] Section.onUpdate() called with filter: undefined
[90mstdout[2m | src/components/AIFeedbackWidget.stories.jsx[2m > [22m[2mIn Chat Context
[22m[39m[Mock Data] Section.onUpdate() subscription added. Total: 1
[90mstdout[2m | src/components/AIFeedbackWidget.stories.jsx[2m > [22m[2mIn Chat Context
[22m[39m[Mock Data] Section.onDelete() called with filter: undefined
[90mstdout[2m | src/components/AIFeedbackWidget.stories.jsx[2m > [22m[2mIn Chat Context
[22m[39m[Mock Data] Section.onDelete() subscription added. Total: 1
[90mstdout[2m | src/components/AIFeedbackWidget.stories.jsx[2m > [22m[2mIn Chat Context
[22m[39m[Mock Data] Assignment.onCreate() called with filter: {
  "filter": {
    "unitID": {
      "eq": "mock-unit-id",
    },
  },
}
[90mstdout[2m | src/components/AIFeedbackWidget.stories.jsx[2m > [22m[2mIn Chat Context
[22m[39m[Mock Data] Assignment.onCreate() subscription added. Total: 1
[90mstdout[2m | src/components/AIFeedbackWidget.stories.jsx[2m > [22m[2mIn Chat Context
[22m[39m[Mock Data] Assignment.onUpdate() called with filter: {
  "filter": {
    "unitID": {
      "eq": "mock-unit-id",
    },
  },
}
[90mstdout[2m | src/components/AIFeedbackWidget.stories.jsx[2m > [22m[2mIn Chat Context
[22m[39m[Mock Data] Assignment.onUpdate() subscription added. Total: 1
[90mstdout[2m | src/components/AIFeedbackWidget.stories.jsx[2m > [22m[2mIn Chat Context
[22m[39m[Mock Data] Assignment.onDelete() called with filter: {
  "filter": {
    "unitID": {
      "eq": "mock-unit-id",
    },
  },
}
[90mstdout[2m | src/components/AIFeedbackWidget.stories.jsx[2m > [22m[2mIn Chat Context
[22m[39m[Mock Data] Assignment.onDelete() subscription added. Total: 1
[90mstdout[2m | src/components/AIFeedbackWidget.stories.jsx[2m > [22m[2mIn Chat Context
[22m[39m[FilesContext] File observeQuery subscription triggered:
[90mstdout[2m | src/components/AIFeedbackWidget.stories.jsx[2m > [22m[2mIn Chat Context
[22m[39m  - items.length: 6
[90mstdout[2m | src/components/AIFeedbackWidget.stories.jsx[2m > [22m[2mIn Chat Context
[22m[39m  - isSynced: true
[90mstdout[2m | src/components/AIFeedbackWidget.stories.jsx[2m > [22m[2mIn Chat Context
[22m[39m  - items: [
  {
    "_deleted": null,
    "_lastChangedAt": 1767711773285,
    "_version": 1,
    "byHex": null,
    "createdAt": "2026-01-06T15:02:53.253Z",
    "description": "Japanese language textbook - Chapter 1",
    "document": Promise {},
    "documentID": "e01017e1-fe7a-4521-b71c-09ec31b18639",
    "duration": null,
    "embedding": null,
    "generated": null,
    "hex": null,
    "id": "a57d7833-5fa7-4cb7-8b7a-ce7c6e10e551",
    "identityId": "us-east-1:b0eadde9-f02c-c71b-17a6-22ffd37d89c8",
    "key": "files/Japanese Wind 1.pdf",
    "level": "protected",
    "mimeType": "application/pdf",
    "model": null,
    "name": "Japanese Wind 1.pdf",
    "owner": "64d81418-7021-701d-9fed-a4c2e0735711",
    "parsedContent": [Function anonymous],
    "parsedContentID": null,
    "path": "files/Japanese Wind 1.pdf",
    "prompt": null,
    "size": 4706654,
    "thumbnail": null,
    "type": "pdf",
    "updatedAt": "2026-01-06T15:02:53.253Z",
    "variant": null,
    "waveformData": null,
  },
  {
    "_version": 2,
    "createdAt": "2026-01-15T10:00:00.000Z",
    "description": "Sample report with vocabulary",
    "document": Promise {},
    "documentID": "cd824b5b-2c66-41f8-8571-aa6794ff590c",
    "generated": false,
    "id": "mock-pdf-file-2",
    "identityId": "us-east-1:mock-identity",
    "key": "files/report.pdf",
    "level": "protected",
    "mimeType": "application/pdf",
    "name": "report.pdf",
    "owner": "mock-user-id",
    "parsedContent": [Function anonymous],
    "path": "files/report.pdf",
    "size": 123456,
    "type": "pdf",
    "updatedAt": "2026-01-15T10:30:00.000Z",
  },
  {
    "_version": 3,
    "createdAt": "2026-01-14T08:00:00.000Z",
    "description": "Vocabulary lesson PDF with extracted content",
    "document": Promise {},
    "documentID": "mock-document-3",
    "generated": false,
    "id": "mock-pdf-file-3",
    "identityId": "us-east-1:mock-identity",
    "key": "files/vocabulary-lesson.pdf",
    "level": "public",
    "mimeType": "application/pdf",
    "name": "vocabulary-lesson.pdf",
    "owner": "mock-user-id",
    "parsedContent": [Function anonymous],
    "path": "files/vocabulary-lesson.pdf",
    "size": 567890,
    "type": "pdf",
    "updatedAt": "2026-01-14T08:45:00.000Z",
  },
  {
    "_version": 1,
    "createdAt": "2026-01-20T10:00:00.000Z",
    "description": "Sample pronunciation audio",
    "documentID": null,
    "duration": 3.5,
    "generated": true,
    "id": "mock-audio-file-1",
    "identityId": "us-east-1:mock-identity",
    "key": "audio/pronunciation-demo.mp3",
    "level": "public",
    "mimeType": "audio/mpeg",
    "name": "pronunciation-demo.mp3",
    "owner": "mock-user-id",
    "parsedContent": [Function anonymous],
    "path": "/story-mocks/cinematic-designed-sci-fi-whoosh-transition-nexawave-228295.mp3",
    "size": 56789,
    "type": "audio",
    "updatedAt": "2026-01-20T10:00:00.000Z",
    "waveformData": null,
  },
  {
    "_version": 1,
    "createdAt": "2026-01-19T14:30:00.000Z",
    "description": "Lesson introduction audio",
    "documentID": null,
    "duration": 5.2,
    "generated": false,
    "id": "mock-audio-file-2",
    "identityId": "us-east-1:mock-identity",
    "key": "audio/lesson-intro.mp3",
    "level": "public",
    "mimeType": "audio/mpeg",
    "name": "lesson-intro.mp3",
    "owner": "mock-user-id",
    "parsedContent": [Function anonymous],
    "path": "/story-mocks/descent-whoosh-long-cinematic-sound-effect-405921.mp3",
    "size": 87654,
    "type": "audio",
    "updatedAt": "2026-01-19T14:30:00.000Z",
    "waveformData": null,
  },
  {
    "_version": 1,
    "createdAt": "2026-01-18T09:15:00.000Z",
    "description": "Hiragana character chart",
    "documentID": null,
    "generated": false,
    "id": "mock-image-file-1",
    "identityId": "us-east-1:mock-identity",
    "key": "images/hiragana-chart.png",
    "level": "public",
    "mimeType": "image/png",
    "name": "hiragana-chart.png",
    "owner": "mock-user-id",
    "parsedContent": [Function anonymous],
    "path": "images/hiragana-chart.png",
    "size": 234567,
    "thumbnail": "thumbnails/hiragana-chart-thumb.png",
    "type": "image",
    "updatedAt": "2026-01-18T09:15:00.000Z",
  },
]
[90mstdout[2m | src/components/AIFeedbackWidget.stories.jsx[2m > [22m[2mIn Chat Context
[22m[39m[FilesContext] Files count changed: 0 → 6
[90mstdout[2m | src/components/AIFeedbackWidget.stories.jsx[2m > [22m[2mIn Chat Context
[22m[39m[MOCK CourseVectorStore] Initialized with mock data
[90mstdout[2m | src/components/AIFeedbackWidget.stories.jsx[2m > [22m[2mIn Chat Context
[22m[39m[MOCK CourseVectorStore] Initialized with mock data
[90mstdout[2m | src/components/AIFeedbackWidget.stories.jsx[2m > [22m[2mIn Chat Context
[22m[39m[useTranslationWithCapture] t() called: {
  "key": "aiFeedbackWidget.whatToImprove",
  "mode": "off",
  "namespace": "components",
  "value": "What could be improved?",
}
[90mstdout[2m | src/components/AIFeedbackWidget.stories.jsx[2m > [22m[2mIn Chat Context
[22m[39m[useTranslationWithCapture] t() called: {
  "key": "aiFeedbackWidget.selectAllThatApply",
  "mode": "off",
  "namespace": "components",
  "value": "Select all that apply:",
}
[90mstdout[2m | src/components/AIFeedbackWidget.stories.jsx[2m > [22m[2mIn Chat Context
[22m[39m[useTranslationWithCapture] t() called: {
  "key": "aiFeedbackWidget.cancel",
  "mode": "off",
  "namespace": "components",
  "value": "Cancel",
}
[90mstdout[2m | src/components/AIFeedbackWidget.stories.jsx[2m > [22m[2mIn Chat Context
[22m[39m[useTranslationWithCapture] t() called: {
  "key": "aiFeedbackWidget.submit",
  "mode": "off",
  "namespace": "components",
  "value": "Submit",
}
[90mstdout[2m | src/components/AIFeedbackWidget.stories.jsx[2m > [22m[2mIn Chat Context
[22m[39m[FilesContext] Vector store population triggered {
  "currentVectorStoreSize": 3,
  "documentsCount": 0,
  "filesCount": 6,
  "isInitialLoad": true,
}
[90mstdout[2m | src/components/AIFeedbackWidget.stories.jsx[2m > [22m[2mIn Chat Context
[22m[39m[FilesContext] Vector store population complete - 3 total embeddings
[90mstdout[2m | src/components/AIFeedbackWidget.stories.jsx[2m > [22m[2mIn Chat Context
[22m[39m[ChatContext] AssistantChat query update: 1 items (synced)
[90mstdout[2m | src/components/AIFeedbackWidget.stories.jsx[2m > [22m[2mIn Chat Context
[22m[39m[ChatContext] First item details: {
  "id": "mock-assistant-chat-1",
  "updatedAt": "2024-01-26T10:15:00.000Z",
}
[90mstdout[2m | src/components/AIFeedbackWidget.stories.jsx[2m > [22m[2mIn Chat Context
[22m[39m[ChatContext] AssistantChat subscription initialized
[90mstdout[2m | src/components/AIFeedbackWidget.stories.jsx[2m > [22m[2mIn Chat Context
[22m[39m[ChatContext] AssistantChat list updated: 1 chats
[90mstdout[2m | src/components/AIFeedbackWidget.stories.jsx[2m > [22m[2mIn Chat Context
[22m[39m[Mock Data] Settings.create() called with: {
  "assistantVoice": "shimmer",
  "autoAnalyzeDocuments": true,
  "defaultAIModel": "gpt-4",
  "documentAnalysisModel": "gpt-4",
  "editorFontSize": 14,
  "editorTheme": "auto",
  "emailNotifications": true,
  "language": "en",
  "webhookNotifications": false,
}
[90mstdout[2m | src/components/AIFeedbackWidget.stories.jsx[2m > [22m[2mIn Chat Context
[22m[39m[Mock Data] Settings created: mock-settings-1776336974034 - notified 1 subscribers
[90mstdout[2m | src/components/AIFeedbackWidget.stories.jsx[2m > [22m[2mIn Chat Context
[22m[39m[ChatContext] Setting initial chat: mock-assistant-chat-1
[90mstdout[2m | src/components/AIFeedbackWidget.stories.jsx[2m > [22m[2mIn Chat Context
[22m[39m[ChatContext] Chat exists and not archived, skipping creation
[90mstdout[2m | src/components/AIFeedbackWidget.stories.jsx[2m > [22m[2mWith Callback
[22m[39m[Mock Data] Settings subscription unsubscribed. Remaining: 0
[90mstdout[2m | src/components/AIFeedbackWidget.stories.jsx[2m > [22m[2mWith Callback
[22m[39m[ChatContext] Cleaning up subscription
[90mstdout[2m | src/components/AIFeedbackWidget.stories.jsx[2m > [22m[2mWith Callback
[22m[39m[Mock Data] AssistantChat subscription unsubscribed. Remaining: 0
[90mstdout[2m | src/components/AIFeedbackWidget.stories.jsx[2m > [22m[2mWith Callback
[22m[39m[Mock Data] File subscription unsubscribed. Remaining: 0
[90mstdout[2m | src/components/AIFeedbackWidget.stories.jsx[2m > [22m[2mWith Callback
[22m[39m[Mock Data] Document subscription unsubscribed. Remaining: 0
[90mstdout[2m | src/components/AIFeedbackWidget.stories.jsx[2m > [22m[2mWith Callback
[22m[39m[Mock Data] Word subscription unsubscribed. Remaining: 0
[90mstdout[2m | src/components/AIFeedbackWidget.stories.jsx[2m > [22m[2mWith Callback
[22m[39m[Mock Data] Question subscription unsubscribed. Remaining: 0
[90mstdout[2m | src/components/AIFeedbackWidget.stories.jsx[2m > [22m[2mWith Callback
[22m[39m[Mock Data] Grade subscription unsubscribed. Remaining: 0
[90mstdout[2m | src/components/AIFeedbackWidget.stories.jsx[2m > [22m[2mWith Callback
[22m[39m[Mock Data] Unit subscription unsubscribed. Remaining: 0
[90mstdout[2m | src/components/AIFeedbackWidget.stories.jsx[2m > [22m[2mWith Callback
[22m[39m[SectionContext] Cleaning up subscriptions
[90mstdout[2m | src/components/AIFeedbackWidget.stories.jsx[2m > [22m[2mWith Callback
[22m[39m[Mock Data] Section.onCreate() subscription removed. Remaining: 0
[90mstdout[2m | src/components/AIFeedbackWidget.stories.jsx[2m > [22m[2mWith Callback
[22m[39m[Mock Data] Section.onUpdate() subscription removed. Remaining: 0
[90mstdout[2m | src/components/AIFeedbackWidget.stories.jsx[2m > [22m[2mWith Callback
[22m[39m[Mock Data] Section.onDelete() subscription removed. Remaining: 0
[90mstdout[2m | src/components/AIFeedbackWidget.stories.jsx[2m > [22m[2mWith Callback
[22m[39m[Mock Data] Assignment.onCreate() subscription removed. Remaining: 0
[90mstdout[2m | src/components/AIFeedbackWidget.stories.jsx[2m > [22m[2mWith Callback
[22m[39m[Mock Data] Assignment.onUpdate() subscription removed. Remaining: 0
[90mstdout[2m | src/components/AIFeedbackWidget.stories.jsx[2m > [22m[2mWith Callback
[22m[39m[Mock Data] Assignment.onDelete() subscription removed. Remaining: 0
[90mstdout[2m | src/components/AIFeedbackWidget.stories.jsx[2m > [22m[2mWith Callback
[22m[39m[Mock Data] Clearing all data stores
[90mstdout[2m | src/components/AIFeedbackWidget.stories.jsx[2m > [22m[2mWith Callback
[22m[39m[Mock Data] All data stores cleared
[90mstdout[2m | src/components/AIFeedbackWidget.stories.jsx[2m > [22m[2mWith Callback
[22m[39m[Preview] Cleared mock data for story
[90mstdout[2m | src/components/AIFeedbackWidget.stories.jsx[2m > [22m[2mWith Callback
[22m[39m[Mock Data Gen 2] Initializing mock data
[90mstdout[2m | src/components/AIFeedbackWidget.stories.jsx[2m > [22m[2mWith Callback
[22m[39m[Mock Data] seedMockAssistantChats: Replacing with 1 assistant chats
[90mstdout[2m | src/components/AIFeedbackWidget.stories.jsx[2m > [22m[2mWith Callback
[22m[39m[Mock Data Gen 2] Seeded AssistantChat: mock-assistant-chat-1
[90mstdout[2m | src/components/AIFeedbackWidget.stories.jsx[2m > [22m[2mWith Callback
[22m[39m[Mock Data] seedMockFiles: Adding 6 files
[90mstdout[2m | src/components/AIFeedbackWidget.stories.jsx[2m > [22m[2mWith Callback
[22m[39m[Mock Data Gen 2] Seeded Files: 6
[90mstdout[2m | src/components/AIFeedbackWidget.stories.jsx[2m > [22m[2mWith Callback
[22m[39m[Mock Data Gen 2] Initializing mock data
[90mstdout[2m | src/components/AIFeedbackWidget.stories.jsx[2m > [22m[2mWith Callback
[22m[39m[Mock Data] seedMockAssistantChats: Replacing with 1 assistant chats
[90mstdout[2m | src/components/AIFeedbackWidget.stories.jsx[2m > [22m[2mWith Callback
[22m[39m[Mock Data Gen 2] Seeded AssistantChat: mock-assistant-chat-1
[90mstdout[2m | src/components/AIFeedbackWidget.stories.jsx[2m > [22m[2mWith Callback
[22m[39m[Mock Data] seedMockFiles: Adding 6 files
[90mstdout[2m | src/components/AIFeedbackWidget.stories.jsx[2m > [22m[2mWith Callback
[22m[39m[Mock Data Gen 2] Seeded Files: 6
[90mstdout[2m | src/components/AIFeedbackWidget.stories.jsx[2m > [22m[2mWith Callback
[22m[39m[Preview] Initialized default mock data for story
[90mstdout[2m | src/components/AIFeedbackWidget.stories.jsx[2m > [22m[2mWith Callback
[22m[39m[Mock AuthContext] Providing auth: {
  "error": undefined,
  "isLoading": false,
  "session": {
    "idToken": {
      "toString": [Function toString],
    },
    "identityId": "us-east-1:mock-identity-123",
    "username": "mock-user-sub",
  },
  "user": {
    "attributes": {
      "email": "alice@example.com",
      "name": "Alice Student",
      "sub": "mock-user-sub",
    },
  },
}
[90mstdout[2m | src/components/AIFeedbackWidget.stories.jsx[2m > [22m[2mWith Callback
[22m[39m[Mock Data] generateClient() called - returning mock client
[90mstdout[2m | src/components/AIFeedbackWidget.stories.jsx[2m > [22m[2mWith Callback
[22m[39m[Mock amplifyClient] getAmplifyClient() called - returning mock client
[90mstdout[2m | src/components/AIFeedbackWidget.stories.jsx[2m > [22m[2mWith Callback
[22m[39m[MOCK CourseVectorStore] Initialized with mock data
[90mstdout[2m | src/components/AIFeedbackWidget.stories.jsx[2m > [22m[2mWith Callback
[22m[39m[TranslationModeController] Setting mode to: off
[90mstdout[2m | src/components/AIFeedbackWidget.stories.jsx[2m > [22m[2mWith Callback
[22m[39m[SectionContext] useEffect triggered {
  "authLoading": false,
  "hasUser": true,
  "userSub": "mock-user-sub",
}
[90mstdout[2m | src/components/AIFeedbackWidget.stories.jsx[2m > [22m[2mWith Callback
[22m[39m[SectionContext] Fetching sections for userId: mock-user-sub
[90mstdout[2m | src/components/AIFeedbackWidget.stories.jsx[2m > [22m[2mWith Callback
[22m[39m[Mock Data] generateClient() called - returning mock client
[90mstdout[2m | src/components/AIFeedbackWidget.stories.jsx[2m > [22m[2mWith Callback
[22m[39m[Mock amplifyClient] getAmplifyClient() called - returning mock client
[90mstdout[2m | src/components/AIFeedbackWidget.stories.jsx[2m > [22m[2mWith Callback
[22m[39m[Mock Data] Section.list() called with options: undefined
[90mstdout[2m | src/components/AIFeedbackWidget.stories.jsx[2m > [22m[2mWith Callback
[22m[39m[Mock Data] generateClient() called - returning mock client
[90mstdout[2m | src/components/AIFeedbackWidget.stories.jsx[2m > [22m[2mWith Callback
[22m[39m[Mock amplifyClient] getAmplifyClient() called - returning mock client
[90mstdout[2m | src/components/AIFeedbackWidget.stories.jsx[2m > [22m[2mWith Callback
[22m[39m[Mock Data] Assignment.list() called with options: {
  "filter": {
    "unitID": {
      "eq": "mock-unit-id",
    },
  },
}
[90mstdout[2m | src/components/AIFeedbackWidget.stories.jsx[2m > [22m[2mWith Callback
[22m[39m[Mock Data] generateClient() called - returning mock client
[90mstdout[2m | src/components/AIFeedbackWidget.stories.jsx[2m > [22m[2mWith Callback
[22m[39m[Mock amplifyClient] getAmplifyClient() called - returning mock client
[90mstdout[2m | src/components/AIFeedbackWidget.stories.jsx[2m > [22m[2mWith Callback
[22m[39m[Mock Data] Grade.observeQuery() called with filter: {
  "filter": {
    "unitID": {
      "eq": "mock-unit-id",
    },
  },
}
[90mstdout[2m | src/components/AIFeedbackWidget.stories.jsx[2m > [22m[2mWith Callback
[22m[39m[Mock Data] Grade.observeQuery() applying filter: {
  "unitID": {
    "eq": "mock-unit-id",
  },
}
[90mstdout[2m | src/components/AIFeedbackWidget.stories.jsx[2m > [22m[2mWith Callback
[22m[39m[Mock Data] Grade.observeQuery() items before filter: 0
[90mstdout[2m | src/components/AIFeedbackWidget.stories.jsx[2m > [22m[2mWith Callback
[22m[39m[Mock Data] Grade.observeQuery() items after filter: 0
[90mstdout[2m | src/components/AIFeedbackWidget.stories.jsx[2m > [22m[2mWith Callback
[22m[39m[Mock Data] Grade.observeQuery() returning 0 items (filter applied) {
  "filter": {
    "unitID": {
      "eq": "mock-unit-id",
    },
  },
}
[90mstdout[2m | src/components/AIFeedbackWidget.stories.jsx[2m > [22m[2mWith Callback
[22m[39m[Mock Data] Grade subscription added. Total subscriptions: 1
[90mstdout[2m | src/components/AIFeedbackWidget.stories.jsx[2m > [22m[2mWith Callback
[22m[39m[UnitContext] useEffect triggered {
  "authLoading": false,
  "hasUser": true,
  "id": "mock-unit-id",
  "userSub": "mock-user-sub",
}
[90mstdout[2m | src/components/AIFeedbackWidget.stories.jsx[2m > [22m[2mWith Callback
[22m[39m[UnitContext] Fetching unit data for id: mock-unit-id
[90mstdout[2m | src/components/AIFeedbackWidget.stories.jsx[2m > [22m[2mWith Callback
[22m[39m[Mock Data] generateClient() called - returning mock client
[90mstdout[2m | src/components/AIFeedbackWidget.stories.jsx[2m > [22m[2mWith Callback
[22m[39m[Mock amplifyClient] getAmplifyClient() called - returning mock client
[90mstdout[2m | src/components/AIFeedbackWidget.stories.jsx[2m > [22m[2mWith Callback
[22m[39m[Mock Data] Unit.observeQuery() called with filter: {
  "filter": {
    "id": {
      "eq": "mock-unit-id",
    },
  },
}
[90mstdout[2m | src/components/AIFeedbackWidget.stories.jsx[2m > [22m[2mWith Callback
[22m[39m[Mock Data] Unit.observeQuery() applying filter: {
  "id": {
    "eq": "mock-unit-id",
  },
}
[90mstdout[2m | src/components/AIFeedbackWidget.stories.jsx[2m > [22m[2mWith Callback
[22m[39m[Mock Data] Unit.observeQuery() items before filter: 0
[90mstdout[2m | src/components/AIFeedbackWidget.stories.jsx[2m > [22m[2mWith Callback
[22m[39m[Mock Data] Unit.observeQuery() items after filter: 0
[90mstdout[2m | src/components/AIFeedbackWidget.stories.jsx[2m > [22m[2mWith Callback
[22m[39m[Mock Data] Unit.observeQuery() returning 0 items (filter applied) {
  "filter": {
    "id": {
      "eq": "mock-unit-id",
    },
  },
}
[90mstdout[2m | src/components/AIFeedbackWidget.stories.jsx[2m > [22m[2mWith Callback
[22m[39m[Mock Data] Unit subscription added. Total subscriptions: 1
[90mstdout[2m | src/components/AIFeedbackWidget.stories.jsx[2m > [22m[2mWith Callback
[22m[39m[Mock Data] generateClient() called - returning mock client
[90mstdout[2m | src/components/AIFeedbackWidget.stories.jsx[2m > [22m[2mWith Callback
[22m[39m[Mock amplifyClient] getAmplifyClient() called - returning mock client
[90mstdout[2m | src/components/AIFeedbackWidget.stories.jsx[2m > [22m[2mWith Callback
[22m[39m[Mock Data] Word.observeQuery() called with filter: undefined
[90mstdout[2m | src/components/AIFeedbackWidget.stories.jsx[2m > [22m[2mWith Callback
[22m[39m[Mock Data] Word.observeQuery() returning 0 items (filter applied) undefined
[90mstdout[2m | src/components/AIFeedbackWidget.stories.jsx[2m > [22m[2mWith Callback
[22m[39m[Mock Data] Word subscription added. Total subscriptions: 1
[90mstdout[2m | src/components/AIFeedbackWidget.stories.jsx[2m > [22m[2mWith Callback
[22m[39m[Mock Data] generateClient() called - returning mock client
[90mstdout[2m | src/components/AIFeedbackWidget.stories.jsx[2m > [22m[2mWith Callback
[22m[39m[Mock amplifyClient] getAmplifyClient() called - returning mock client
[90mstdout[2m | src/components/AIFeedbackWidget.stories.jsx[2m > [22m[2mWith Callback
[22m[39m[Mock Data] Question.observeQuery() called with filter: undefined
[90mstdout[2m | src/components/AIFeedbackWidget.stories.jsx[2m > [22m[2mWith Callback
[22m[39m[Mock Data] Question.observeQuery() returning 0 items (filter applied) undefined
[90mstdout[2m | src/components/AIFeedbackWidget.stories.jsx[2m > [22m[2mWith Callback
[22m[39m[Mock Data] Question subscription added. Total subscriptions: 1
[90mstdout[2m | src/components/AIFeedbackWidget.stories.jsx[2m > [22m[2mWith Callback
[22m[39m[FilesContext] Initializing vector store from IndexedDB
[90mstdout[2m | src/components/AIFeedbackWidget.stories.jsx[2m > [22m[2mWith Callback
[22m[39m[FilesContext] fetchFiles called
[90mstdout[2m | src/components/AIFeedbackWidget.stories.jsx[2m > [22m[2mWith Callback
[22m[39m[FilesContext] User authenticated: mock-user-sub
[90mstdout[2m | src/components/AIFeedbackWidget.stories.jsx[2m > [22m[2mWith Callback
[22m[39m[FilesContext] Identity ID: us-east-1:mock-identity-123
[90mstdout[2m | src/components/AIFeedbackWidget.stories.jsx[2m > [22m[2mWith Callback
[22m[39m[FilesContext] About to subscribe to File model
[90mstdout[2m | src/components/AIFeedbackWidget.stories.jsx[2m > [22m[2mWith Callback
[22m[39m[Mock Data] generateClient() called - returning mock client
[90mstdout[2m | src/components/AIFeedbackWidget.stories.jsx[2m > [22m[2mWith Callback
[22m[39m[Mock amplifyClient] getAmplifyClient() called - returning mock client
[90mstdout[2m | src/components/AIFeedbackWidget.stories.jsx[2m > [22m[2mWith Callback
[22m[39m[Mock Data] File.observeQuery() called with filter: undefined
[90mstdout[2m | src/components/AIFeedbackWidget.stories.jsx[2m > [22m[2mWith Callback
[22m[39m[Mock Data] File.observeQuery() returning 6 items (filter applied) undefined
[90mstdout[2m | src/components/AIFeedbackWidget.stories.jsx[2m > [22m[2mWith Callback
[22m[39m[Mock Data] File subscription added. Total subscriptions: 1
[90mstdout[2m | src/components/AIFeedbackWidget.stories.jsx[2m > [22m[2mWith Callback
[22m[39m[Mock Data] generateClient() called - returning mock client
[90mstdout[2m | src/components/AIFeedbackWidget.stories.jsx[2m > [22m[2mWith Callback
[22m[39m[Mock amplifyClient] getAmplifyClient() called - returning mock client
[90mstdout[2m | src/components/AIFeedbackWidget.stories.jsx[2m > [22m[2mWith Callback
[22m[39m[Mock Data] Document.observeQuery() called with filter: undefined
[90mstdout[2m | src/components/AIFeedbackWidget.stories.jsx[2m > [22m[2mWith Callback
[22m[39m[Mock Data] Document.observeQuery() returning 0 items (filter applied) undefined
[90mstdout[2m | src/components/AIFeedbackWidget.stories.jsx[2m > [22m[2mWith Callback
[22m[39m[Mock Data] Document subscription added. Total subscriptions: 1
[90mstdout[2m | src/components/AIFeedbackWidget.stories.jsx[2m > [22m[2mWith Callback
[22m[39m[ChatContext] Setting up observeQuery for AssistantChat
[90mstdout[2m | src/components/AIFeedbackWidget.stories.jsx[2m > [22m[2mWith Callback
[22m[39m[Mock Data] AssistantChat.observeQuery() called with filter: {
  "sortDirection": "DESC",
  "sortField": "createdAt",
}
[90mstdout[2m | src/components/AIFeedbackWidget.stories.jsx[2m > [22m[2mWith Callback
[22m[39m[Mock Data] AssistantChat.observeQuery() returning 1 items (filter applied) {
  "sortDirection": "DESC",
  "sortField": "createdAt",
}
[90mstdout[2m | src/components/AIFeedbackWidget.stories.jsx[2m > [22m[2mWith Callback
[22m[39m[Mock Data] AssistantChat subscription added. Total subscriptions: 1
[90mstdout[2m | src/components/AIFeedbackWidget.stories.jsx[2m > [22m[2mWith Callback
[22m[39m[ChatContext] Waiting for subscription to initialize
[90mstdout[2m | src/components/AIFeedbackWidget.stories.jsx[2m > [22m[2mWith Callback
[22m[39m[SettingsContext] Setting up Settings subscription for user: mock-user-sub
[90mstdout[2m | src/components/AIFeedbackWidget.stories.jsx[2m > [22m[2mWith Callback
[22m[39m[Mock Data] generateClient() called - returning mock client
[90mstdout[2m | src/components/AIFeedbackWidget.stories.jsx[2m > [22m[2mWith Callback
[22m[39m[Mock amplifyClient] getAmplifyClient() called - returning mock client
[90mstdout[2m | src/components/AIFeedbackWidget.stories.jsx[2m > [22m[2mWith Callback
[22m[39m[Mock Data] Settings.observeQuery() called with filter: undefined
[90mstdout[2m | src/components/AIFeedbackWidget.stories.jsx[2m > [22m[2mWith Callback
[22m[39m[Mock Data] Settings.observeQuery() returning 0 items (filter applied) undefined
[90mstdout[2m | src/components/AIFeedbackWidget.stories.jsx[2m > [22m[2mWith Callback
[22m[39m[Mock Data] Settings subscription added. Total subscriptions: 1
[90mstdout[2m | src/components/AIFeedbackWidget.stories.jsx[2m > [22m[2mWith Callback
[22m[39m[SectionContext] Initial sections: 0 []
[90mstdout[2m | src/components/AIFeedbackWidget.stories.jsx[2m > [22m[2mWith Callback
[22m[39m[Mock Data] Section.onCreate() called with filter: undefined
[90mstdout[2m | src/components/AIFeedbackWidget.stories.jsx[2m > [22m[2mWith Callback
[22m[39m[Mock Data] Section.onCreate() subscription added. Total: 1
[90mstdout[2m | src/components/AIFeedbackWidget.stories.jsx[2m > [22m[2mWith Callback
[22m[39m[Mock Data] Section.onUpdate() called with filter: undefined
[90mstdout[2m | src/components/AIFeedbackWidget.stories.jsx[2m > [22m[2mWith Callback
[22m[39m[Mock Data] Section.onUpdate() subscription added. Total: 1
[90mstdout[2m | src/components/AIFeedbackWidget.stories.jsx[2m > [22m[2mWith Callback
[22m[39m[Mock Data] Section.onDelete() called with filter: undefined
[90mstdout[2m | src/components/AIFeedbackWidget.stories.jsx[2m > [22m[2mWith Callback
[22m[39m[Mock Data] Section.onDelete() subscription added. Total: 1
[90mstdout[2m | src/components/AIFeedbackWidget.stories.jsx[2m > [22m[2mWith Callback
[22m[39m[Mock Data] Assignment.onCreate() called with filter: {
  "filter": {
    "unitID": {
      "eq": "mock-unit-id",
    },
  },
}
[90mstdout[2m | src/components/AIFeedbackWidget.stories.jsx[2m > [22m[2mWith Callback
[22m[39m[Mock Data] Assignment.onCreate() subscription added. Total: 1
[90mstdout[2m | src/components/AIFeedbackWidget.stories.jsx[2m > [22m[2mWith Callback
[22m[39m[Mock Data] Assignment.onUpdate() called with filter: {
  "filter": {
    "unitID": {
      "eq": "mock-unit-id",
    },
  },
}
[90mstdout[2m | src/components/AIFeedbackWidget.stories.jsx[2m > [22m[2mWith Callback
[22m[39m[Mock Data] Assignment.onUpdate() subscription added. Total: 1
[90mstdout[2m | src/components/AIFeedbackWidget.stories.jsx[2m > [22m[2mWith Callback
[22m[39m[Mock Data] Assignment.onDelete() called with filter: {
  "filter": {
    "unitID": {
      "eq": "mock-unit-id",
    },
  },
}
[90mstdout[2m | src/components/AIFeedbackWidget.stories.jsx[2m > [22m[2mWith Callback
[22m[39m[Mock Data] Assignment.onDelete() subscription added. Total: 1
[90mstdout[2m | src/components/AIFeedbackWidget.stories.jsx[2m > [22m[2mWith Callback
[22m[39m[FilesContext] File observeQuery subscription triggered:
[90mstdout[2m | src/components/AIFeedbackWidget.stories.jsx[2m > [22m[2mWith Callback
[22m[39m  - items.length: 6
[90mstdout[2m | src/components/AIFeedbackWidget.stories.jsx[2m > [22m[2mWith Callback
[22m[39m  - isSynced: true
[90mstdout[2m | src/components/AIFeedbackWidget.stories.jsx[2m > [22m[2mWith Callback
[22m[39m  - items: [
  {
    "_deleted": null,
    "_lastChangedAt": 1767711773285,
    "_version": 1,
    "byHex": null,
    "createdAt": "2026-01-06T15:02:53.253Z",
    "description": "Japanese language textbook - Chapter 1",
    "document": Promise {},
    "documentID": "e01017e1-fe7a-4521-b71c-09ec31b18639",
    "duration": null,
    "embedding": null,
    "generated": null,
    "hex": null,
    "id": "a57d7833-5fa7-4cb7-8b7a-ce7c6e10e551",
    "identityId": "us-east-1:b0eadde9-f02c-c71b-17a6-22ffd37d89c8",
    "key": "files/Japanese Wind 1.pdf",
    "level": "protected",
    "mimeType": "application/pdf",
    "model": null,
    "name": "Japanese Wind 1.pdf",
    "owner": "64d81418-7021-701d-9fed-a4c2e0735711",
    "parsedContent": [Function anonymous],
    "parsedContentID": null,
    "path": "files/Japanese Wind 1.pdf",
    "prompt": null,
    "size": 4706654,
    "thumbnail": null,
    "type": "pdf",
    "updatedAt": "2026-01-06T15:02:53.253Z",
    "variant": null,
    "waveformData": null,
  },
  {
    "_version": 2,
    "createdAt": "2026-01-15T10:00:00.000Z",
    "description": "Sample report with vocabulary",
    "document": Promise {},
    "documentID": "cd824b5b-2c66-41f8-8571-aa6794ff590c",
    "generated": false,
    "id": "mock-pdf-file-2",
    "identityId": "us-east-1:mock-identity",
    "key": "files/report.pdf",
    "level": "protected",
    "mimeType": "application/pdf",
    "name": "report.pdf",
    "owner": "mock-user-id",
    "parsedContent": [Function anonymous],
    "path": "files/report.pdf",
    "size": 123456,
    "type": "pdf",
    "updatedAt": "2026-01-15T10:30:00.000Z",
  },
  {
    "_version": 3,
    "createdAt": "2026-01-14T08:00:00.000Z",
    "description": "Vocabulary lesson PDF with extracted content",
    "document": Promise {},
    "documentID": "mock-document-3",
    "generated": false,
    "id": "mock-pdf-file-3",
    "identityId": "us-east-1:mock-identity",
    "key": "files/vocabulary-lesson.pdf",
    "level": "public",
    "mimeType": "application/pdf",
    "name": "vocabulary-lesson.pdf",
    "owner": "mock-user-id",
    "parsedContent": [Function anonymous],
    "path": "files/vocabulary-lesson.pdf",
    "size": 567890,
    "type": "pdf",
    "updatedAt": "2026-01-14T08:45:00.000Z",
  },
  {
    "_version": 1,
    "createdAt": "2026-01-20T10:00:00.000Z",
    "description": "Sample pronunciation audio",
    "documentID": null,
    "duration": 3.5,
    "generated": true,
    "id": "mock-audio-file-1",
    "identityId": "us-east-1:mock-identity",
    "key": "audio/pronunciation-demo.mp3",
    "level": "public",
    "mimeType": "audio/mpeg",
    "name": "pronunciation-demo.mp3",
    "owner": "mock-user-id",
    "parsedContent": [Function anonymous],
    "path": "/story-mocks/cinematic-designed-sci-fi-whoosh-transition-nexawave-228295.mp3",
    "size": 56789,
    "type": "audio",
    "updatedAt": "2026-01-20T10:00:00.000Z",
    "waveformData": null,
  },
  {
    "_version": 1,
    "createdAt": "2026-01-19T14:30:00.000Z",
    "description": "Lesson introduction audio",
    "documentID": null,
    "duration": 5.2,
    "generated": false,
    "id": "mock-audio-file-2",
    "identityId": "us-east-1:mock-identity",
    "key": "audio/lesson-intro.mp3",
    "level": "public",
    "mimeType": "audio/mpeg",
    "name": "lesson-intro.mp3",
    "owner": "mock-user-id",
    "parsedContent": [Function anonymous],
    "path": "/story-mocks/descent-whoosh-long-cinematic-sound-effect-405921.mp3",
    "size": 87654,
    "type": "audio",
    "updatedAt": "2026-01-19T14:30:00.000Z",
    "waveformData": null,
  },
  {
    "_version": 1,
    "createdAt": "2026-01-18T09:15:00.000Z",
    "description": "Hiragana character chart",
    "documentID": null,
    "generated": false,
    "id": "mock-image-file-1",
    "identityId": "us-east-1:mock-identity",
    "key": "images/hiragana-chart.png",
    "level": "public",
    "mimeType": "image/png",
    "name": "hiragana-chart.png",
    "owner": "mock-user-id",
    "parsedContent": [Function anonymous],
    "path": "images/hiragana-chart.png",
    "size": 234567,
    "thumbnail": "thumbnails/hiragana-chart-thumb.png",
    "type": "image",
    "updatedAt": "2026-01-18T09:15:00.000Z",
  },
]
[90mstdout[2m | src/components/AIFeedbackWidget.stories.jsx[2m > [22m[2mWith Callback
[22m[39m[FilesContext] Files count changed: 0 → 6
[90mstdout[2m | src/components/AIFeedbackWidget.stories.jsx[2m > [22m[2mWith Callback
[22m[39m[MOCK CourseVectorStore] Initialized with mock data
[90mstdout[2m | src/components/AIFeedbackWidget.stories.jsx[2m > [22m[2mWith Callback
[22m[39m[MOCK CourseVectorStore] Initialized with mock data
[90mstdout[2m | src/components/AIFeedbackWidget.stories.jsx[2m > [22m[2mWith Callback
[22m[39m[useTranslationWithCapture] t() called: {
  "key": "aiFeedbackWidget.whatToImprove",
  "mode": "off",
  "namespace": "components",
  "value": "What could be improved?",
}
[90mstdout[2m | src/components/AIFeedbackWidget.stories.jsx[2m > [22m[2mWith Callback
[22m[39m[useTranslationWithCapture] t() called: {
  "key": "aiFeedbackWidget.selectAllThatApply",
  "mode": "off",
  "namespace": "components",
  "value": "Select all that apply:",
}
[90mstdout[2m | src/components/AIFeedbackWidget.stories.jsx[2m > [22m[2mWith Callback
[22m[39m[useTranslationWithCapture] t() called: {
  "key": "aiFeedbackWidget.cancel",
  "mode": "off",
  "namespace": "components",
  "value": "Cancel",
}
[90mstdout[2m | src/components/AIFeedbackWidget.stories.jsx[2m > [22m[2mWith Callback
[22m[39m[useTranslationWithCapture] t() called: {
  "key": "aiFeedbackWidget.submit",
  "mode": "off",
  "namespace": "components",
  "value": "Submit",
}
[90mstdout[2m | src/components/AIFeedbackWidget.stories.jsx[2m > [22m[2mWith Callback
[22m[39m[FilesContext] Vector store population triggered {
  "currentVectorStoreSize": 3,
  "documentsCount": 0,
  "filesCount": 6,
  "isInitialLoad": true,
}
[90mstdout[2m | src/components/AIFeedbackWidget.stories.jsx[2m > [22m[2mWith Callback
[22m[39m[FilesContext] Vector store population complete - 3 total embeddings
[90mstdout[2m | src/components/AIFeedbackWidget.stories.jsx[2m > [22m[2mWith Callback
[22m[39m[ChatContext] AssistantChat query update: 1 items (synced)
[90mstdout[2m | src/components/AIFeedbackWidget.stories.jsx[2m > [22m[2mWith Callback
[22m[39m[ChatContext] First item details: {
  "id": "mock-assistant-chat-1",
  "updatedAt": "2024-01-26T10:15:00.000Z",
}
[90mstdout[2m | src/components/AIFeedbackWidget.stories.jsx[2m > [22m[2mWith Callback
[22m[39m[ChatContext] AssistantChat subscription initialized
[90mstdout[2m | src/components/AIFeedbackWidget.stories.jsx[2m > [22m[2mWith Callback
[22m[39m[ChatContext] AssistantChat list updated: 1 chats
[90mstdout[2m | src/components/AIFeedbackWidget.stories.jsx[2m > [22m[2mWith Callback
[22m[39m[Mock Data] Settings.create() called with: {
  "assistantVoice": "shimmer",
  "autoAnalyzeDocuments": true,
  "defaultAIModel": "gpt-4",
  "documentAnalysisModel": "gpt-4",
  "editorFontSize": 14,
  "editorTheme": "auto",
  "emailNotifications": true,
  "language": "en",
  "webhookNotifications": false,
}
[90mstdout[2m | src/components/AIFeedbackWidget.stories.jsx[2m > [22m[2mWith Callback
[22m[39m[Mock Data] Settings created: mock-settings-1776336974171 - notified 1 subscribers
[90mstdout[2m | src/components/AIFeedbackWidget.stories.jsx[2m > [22m[2mWith Callback
[22m[39m[ChatContext] Setting initial chat: mock-assistant-chat-1
[90mstdout[2m | src/components/AIFeedbackWidget.stories.jsx[2m > [22m[2mWith Callback
[22m[39m[ChatContext] Chat exists and not archived, skipping creation
[90mstdout[2m | unknown test
[22m[39mfilterWords {
  "filter": "",
  "wordsCount": 0,
}
 [32m✓[39m [30m[45m storybook (chromium) [49m[39m src/components/AIFeedbackWidget.stories.jsx [2m([22m[2m6 tests[22m[2m)[22m[33m 779[2mms[22m[39m
[90mstderr[2m | unknown test
[22m[39mAmplify has not been configured. Please call Amplify.configure() before using this service.
[90mstdout[2m | src/components/ChatSidebar.stories.jsx[2m > [22m[2mGetting Started
[22m[39m[Mock Data] Settings subscription unsubscribed. Remaining: 0
[90mstdout[2m | src/components/ChatSidebar.stories.jsx[2m > [22m[2mGetting Started
[22m[39m[ChatContext] Cleaning up subscription
[90mstdout[2m | src/components/ChatSidebar.stories.jsx[2m > [22m[2mGetting Started
[22m[39m[Mock Data] AssistantChat subscription unsubscribed. Remaining: 0
[90mstdout[2m | src/components/ChatSidebar.stories.jsx[2m > [22m[2mGetting Started
[22m[39m[Mock Data] File subscription unsubscribed. Remaining: 0
[90mstdout[2m | src/components/ChatSidebar.stories.jsx[2m > [22m[2mGetting Started
[22m[39m[Mock Data] Document subscription unsubscribed. Remaining: 0
[90mstdout[2m | src/components/ChatSidebar.stories.jsx[2m > [22m[2mGetting Started
[22m[39m[Mock Data] Word subscription unsubscribed. Remaining: 0
[90mstdout[2m | src/components/ChatSidebar.stories.jsx[2m > [22m[2mGetting Started
[22m[39m[Mock Data] Question subscription unsubscribed. Remaining: 0
[90mstdout[2m | src/components/ChatSidebar.stories.jsx[2m > [22m[2mGetting Started
[22m[39m[Mock Data] Grade subscription unsubscribed. Remaining: 0
[90mstdout[2m | src/components/ChatSidebar.stories.jsx[2m > [22m[2mGetting Started
[22m[39m[Mock Data] Unit subscription unsubscribed. Remaining: 0
[90mstdout[2m | src/components/ChatSidebar.stories.jsx[2m > [22m[2mGetting Started
[22m[39m[SectionContext] Cleaning up subscriptions
[90mstdout[2m | src/components/ChatSidebar.stories.jsx[2m > [22m[2mGetting Started
[22m[39m[Mock Data] Section.onCreate() subscription removed. Remaining: 0
[90mstdout[2m | src/components/ChatSidebar.stories.jsx[2m > [22m[2mGetting Started
[22m[39m[Mock Data] Section.onUpdate() subscription removed. Remaining: 0
[90mstdout[2m | src/components/ChatSidebar.stories.jsx[2m > [22m[2mGetting Started
[22m[39m[Mock Data] Section.onDelete() subscription removed. Remaining: 0
[90mstdout[2m | src/components/ChatSidebar.stories.jsx[2m > [22m[2mGetting Started
[22m[39m[Mock Data] Assignment.onCreate() subscription removed. Remaining: 0
[90mstdout[2m | src/components/ChatSidebar.stories.jsx[2m > [22m[2mGetting Started
[22m[39m[Mock Data] Assignment.onUpdate() subscription removed. Remaining: 0
[90mstdout[2m | src/components/ChatSidebar.stories.jsx[2m > [22m[2mGetting Started
[22m[39m[Mock Data] Assignment.onDelete() subscription removed. Remaining: 0
[90mstdout[2m | src/components/ChatSidebar.stories.jsx[2m > [22m[2mGetting Started
[22m[39m[Mock Data] Clearing all data stores
[90mstdout[2m | src/components/ChatSidebar.stories.jsx[2m > [22m[2mGetting Started
[22m[39m[Mock Data] All data stores cleared
[90mstdout[2m | src/components/ChatSidebar.stories.jsx[2m > [22m[2mGetting Started
[22m[39m[Preview] Cleared mock data for story
[90mstdout[2m | src/components/ChatSidebar.stories.jsx[2m > [22m[2mGetting Started
[22m[39m[Mock Data Gen 2] Initializing mock data
[90mstdout[2m | src/components/ChatSidebar.stories.jsx[2m > [22m[2mGetting Started
[22m[39m[Mock Data] seedMockAssistantChats: Replacing with 1 assistant chats
[90mstdout[2m | src/components/ChatSidebar.stories.jsx[2m > [22m[2mGetting Started
[22m[39m[Mock Data Gen 2] Seeded AssistantChat: mock-assistant-chat-1
[90mstdout[2m | src/components/ChatSidebar.stories.jsx[2m > [22m[2mGetting Started
[22m[39m[Mock Data] seedMockFiles: Adding 6 files
[90mstdout[2m | src/components/ChatSidebar.stories.jsx[2m > [22m[2mGetting Started
[22m[39m[Mock Data Gen 2] Seeded Files: 6
[90mstdout[2m | src/components/ChatSidebar.stories.jsx[2m > [22m[2mGetting Started
[22m[39m[Mock Data Gen 2] Initializing mock data
[90mstdout[2m | src/components/ChatSidebar.stories.jsx[2m > [22m[2mGetting Started
[22m[39m[Mock Data] seedMockAssistantChats: Replacing with 1 assistant chats
[90mstdout[2m | src/components/ChatSidebar.stories.jsx[2m > [22m[2mGetting Started
[22m[39m[Mock Data Gen 2] Seeded AssistantChat: mock-assistant-chat-1
[90mstdout[2m | src/components/ChatSidebar.stories.jsx[2m > [22m[2mGetting Started
[22m[39m[Mock Data] seedMockFiles: Adding 6 files
[90mstdout[2m | src/components/ChatSidebar.stories.jsx[2m > [22m[2mGetting Started
[22m[39m[Mock Data Gen 2] Seeded Files: 6
[90mstdout[2m | src/components/ChatSidebar.stories.jsx[2m > [22m[2mGetting Started
[22m[39m[Preview] Initialized default mock data for story
[90mstdout[2m | src/components/ChatSidebar.stories.jsx[2m > [22m[2mGetting Started
[22m[39m[Mock AuthContext] Providing auth: {
  "error": undefined,
  "isLoading": false,
  "session": {
    "idToken": {
      "toString": [Function toString],
    },
    "identityId": "us-east-1:mock-identity-123",
    "username": "mock-user-sub",
  },
  "user": {
    "attributes": {
      "email": "alice@example.com",
      "name": "Alice Student",
      "sub": "mock-user-sub",
    },
  },
}
[90mstdout[2m | src/components/ChatSidebar.stories.jsx[2m > [22m[2mGetting Started
[22m[39m[Mock Data] generateClient() called - returning mock client
[90mstdout[2m | src/components/ChatSidebar.stories.jsx[2m > [22m[2mGetting Started
[22m[39m[Mock amplifyClient] getAmplifyClient() called - returning mock client
[90mstdout[2m | src/components/ChatSidebar.stories.jsx[2m > [22m[2mGetting Started
[22m[39m[MOCK CourseVectorStore] Initialized with mock data
[90mstdout[2m | src/components/ChatSidebar.stories.jsx[2m > [22m[2mGetting Started
[22m[39m[TranslationModeController] Setting mode to: off
[90mstdout[2m | src/components/ChatSidebar.stories.jsx[2m > [22m[2mGetting Started
[22m[39m[SectionContext] useEffect triggered {
  "authLoading": false,
  "hasUser": true,
  "userSub": "mock-user-sub",
}
[90mstdout[2m | src/components/ChatSidebar.stories.jsx[2m > [22m[2mGetting Started
[22m[39m[SectionContext] Fetching sections for userId: mock-user-sub
[90mstdout[2m | src/components/ChatSidebar.stories.jsx[2m > [22m[2mGetting Started
[22m[39m[Mock Data] generateClient() called - returning mock client
[90mstdout[2m | src/components/ChatSidebar.stories.jsx[2m > [22m[2mGetting Started
[22m[39m[Mock amplifyClient] getAmplifyClient() called - returning mock client
[90mstdout[2m | src/components/ChatSidebar.stories.jsx[2m > [22m[2mGetting Started
[22m[39m[Mock Data] Section.list() called with options: undefined
[90mstdout[2m | src/components/ChatSidebar.stories.jsx[2m > [22m[2mGetting Started
[22m[39m[Mock Data] generateClient() called - returning mock client
[90mstdout[2m | src/components/ChatSidebar.stories.jsx[2m > [22m[2mGetting Started
[22m[39m[Mock amplifyClient] getAmplifyClient() called - returning mock client
[90mstdout[2m | src/components/ChatSidebar.stories.jsx[2m > [22m[2mGetting Started
[22m[39m[Mock Data] Assignment.list() called with options: {
  "filter": {
    "unitID": {
      "eq": "mock-unit-id",
    },
  },
}
[90mstdout[2m | src/components/ChatSidebar.stories.jsx[2m > [22m[2mGetting Started
[22m[39m[Mock Data] generateClient() called - returning mock client
[90mstdout[2m | src/components/ChatSidebar.stories.jsx[2m > [22m[2mGetting Started
[22m[39m[Mock amplifyClient] getAmplifyClient() called - returning mock client
[90mstdout[2m | src/components/ChatSidebar.stories.jsx[2m > [22m[2mGetting Started
[22m[39m[Mock Data] Grade.observeQuery() called with filter: {
  "filter": {
    "unitID": {
      "eq": "mock-unit-id",
    },
  },
}
[90mstdout[2m | src/components/ChatSidebar.stories.jsx[2m > [22m[2mGetting Started
[22m[39m[Mock Data] Grade.observeQuery() applying filter: {
  "unitID": {
    "eq": "mock-unit-id",
  },
}
[90mstdout[2m | src/components/ChatSidebar.stories.jsx[2m > [22m[2mGetting Started
[22m[39m[Mock Data] Grade.observeQuery() items before filter: 0
[90mstdout[2m | src/components/ChatSidebar.stories.jsx[2m > [22m[2mGetting Started
[22m[39m[Mock Data] Grade.observeQuery() items after filter: 0
[90mstdout[2m | src/components/ChatSidebar.stories.jsx[2m > [22m[2mGetting Started
[22m[39m[Mock Data] Grade.observeQuery() returning 0 items (filter applied) {
  "filter": {
    "unitID": {
      "eq": "mock-unit-id",
    },
  },
}
[90mstdout[2m | src/components/ChatSidebar.stories.jsx[2m > [22m[2mGetting Started
[22m[39m[Mock Data] Grade subscription added. Total subscriptions: 1
[90mstdout[2m | src/components/ChatSidebar.stories.jsx[2m > [22m[2mGetting Started
[22m[39m[UnitContext] useEffect triggered {
  "authLoading": false,
  "hasUser": true,
  "id": "mock-unit-id",
  "userSub": "mock-user-sub",
}
[90mstdout[2m | src/components/ChatSidebar.stories.jsx[2m > [22m[2mGetting Started
[22m[39m[UnitContext] Fetching unit data for id: mock-unit-id
[90mstdout[2m | src/components/ChatSidebar.stories.jsx[2m > [22m[2mGetting Started
[22m[39m[Mock Data] generateClient() called - returning mock client
[90mstdout[2m | src/components/ChatSidebar.stories.jsx[2m > [22m[2mGetting Started
[22m[39m[Mock amplifyClient] getAmplifyClient() called - returning mock client
[90mstdout[2m | src/components/ChatSidebar.stories.jsx[2m > [22m[2mGetting Started
[22m[39m[Mock Data] Unit.observeQuery() called with filter: {
  "filter": {
    "id": {
      "eq": "mock-unit-id",
    },
  },
}
[90mstdout[2m | src/components/ChatSidebar.stories.jsx[2m > [22m[2mGetting Started
[22m[39m[Mock Data] Unit.observeQuery() applying filter: {
  "id": {
    "eq": "mock-unit-id",
  },
}
[90mstdout[2m | src/components/ChatSidebar.stories.jsx[2m > [22m[2mGetting Started
[22m[39m[Mock Data] Unit.observeQuery() items before filter: 0
[90mstdout[2m | src/components/ChatSidebar.stories.jsx[2m > [22m[2mGetting Started
[22m[39m[Mock Data] Unit.observeQuery() items after filter: 0
[90mstdout[2m | src/components/ChatSidebar.stories.jsx[2m > [22m[2mGetting Started
[22m[39m[Mock Data] Unit.observeQuery() returning 0 items (filter applied) {
  "filter": {
    "id": {
      "eq": "mock-unit-id",
    },
  },
}
[90mstdout[2m | src/components/ChatSidebar.stories.jsx[2m > [22m[2mGetting Started
[22m[39m[Mock Data] Unit subscription added. Total subscriptions: 1
[90mstdout[2m | src/components/ChatSidebar.stories.jsx[2m > [22m[2mGetting Started
[22m[39m[Mock Data] generateClient() called - returning mock client
[90mstdout[2m | src/components/ChatSidebar.stories.jsx[2m > [22m[2mGetting Started
[22m[39m[Mock amplifyClient] getAmplifyClient() called - returning mock client
[90mstdout[2m | src/components/ChatSidebar.stories.jsx[2m > [22m[2mGetting Started
[22m[39m[Mock Data] Word.observeQuery() called with filter: undefined
[90mstdout[2m | src/components/ChatSidebar.stories.jsx[2m > [22m[2mGetting Started
[22m[39m[Mock Data] Word.observeQuery() returning 0 items (filter applied) undefined
[90mstdout[2m | src/components/ChatSidebar.stories.jsx[2m > [22m[2mGetting Started
[22m[39m[Mock Data] Word subscription added. Total subscriptions: 1
[90mstdout[2m | src/components/ChatSidebar.stories.jsx[2m > [22m[2mGetting Started
[22m[39m[Mock Data] generateClient() called - returning mock client
[90mstdout[2m | src/components/ChatSidebar.stories.jsx[2m > [22m[2mGetting Started
[22m[39m[Mock amplifyClient] getAmplifyClient() called - returning mock client
[90mstdout[2m | src/components/ChatSidebar.stories.jsx[2m > [22m[2mGetting Started
[22m[39m[Mock Data] Question.observeQuery() called with filter: undefined
[90mstdout[2m | src/components/ChatSidebar.stories.jsx[2m > [22m[2mGetting Started
[22m[39m[Mock Data] Question.observeQuery() returning 0 items (filter applied) undefined
[90mstdout[2m | src/components/ChatSidebar.stories.jsx[2m > [22m[2mGetting Started
[22m[39m[Mock Data] Question subscription added. Total subscriptions: 1
[90mstdout[2m | src/components/ChatSidebar.stories.jsx[2m > [22m[2mGetting Started
[22m[39m[FilesContext] Initializing vector store from IndexedDB
[90mstdout[2m | src/components/ChatSidebar.stories.jsx[2m > [22m[2mGetting Started
[22m[39m[FilesContext] fetchFiles called
[90mstdout[2m | src/components/ChatSidebar.stories.jsx[2m > [22m[2mGetting Started
[22m[39m[FilesContext] User authenticated: mock-user-sub
[90mstdout[2m | src/components/ChatSidebar.stories.jsx[2m > [22m[2mGetting Started
[22m[39m[FilesContext] Identity ID: us-east-1:mock-identity-123
[90mstdout[2m | src/components/ChatSidebar.stories.jsx[2m > [22m[2mGetting Started
[22m[39m[FilesContext] About to subscribe to File model
[90mstdout[2m | src/components/ChatSidebar.stories.jsx[2m > [22m[2mGetting Started
[22m[39m[Mock Data] generateClient() called - returning mock client
[90mstdout[2m | src/components/ChatSidebar.stories.jsx[2m > [22m[2mGetting Started
[22m[39m[Mock amplifyClient] getAmplifyClient() called - returning mock client
[90mstdout[2m | src/components/ChatSidebar.stories.jsx[2m > [22m[2mGetting Started
[22m[39m[Mock Data] File.observeQuery() called with filter: undefined
[90mstdout[2m | src/components/ChatSidebar.stories.jsx[2m > [22m[2mGetting Started
[22m[39m[Mock Data] File.observeQuery() returning 6 items (filter applied) undefined
[90mstdout[2m | src/components/ChatSidebar.stories.jsx[2m > [22m[2mGetting Started
[22m[39m[Mock Data] File subscription added. Total subscriptions: 1
[90mstdout[2m | src/components/ChatSidebar.stories.jsx[2m > [22m[2mGetting Started
[22m[39m[Mock Data] generateClient() called - returning mock client
[90mstdout[2m | src/components/ChatSidebar.stories.jsx[2m > [22m[2mGetting Started
[22m[39m[Mock amplifyClient] getAmplifyClient() called - returning mock client
[90mstdout[2m | src/components/ChatSidebar.stories.jsx[2m > [22m[2mGetting Started
[22m[39m[Mock Data] Document.observeQuery() called with filter: undefined
[90mstdout[2m | src/components/ChatSidebar.stories.jsx[2m > [22m[2mGetting Started
[22m[39m[Mock Data] Document.observeQuery() returning 0 items (filter applied) undefined
[90mstdout[2m | src/components/ChatSidebar.stories.jsx[2m > [22m[2mGetting Started
[22m[39m[Mock Data] Document subscription added. Total subscriptions: 1
[90mstdout[2m | src/components/ChatSidebar.stories.jsx[2m > [22m[2mGetting Started
[22m[39m[ChatContext] Setting up observeQuery for AssistantChat
[90mstdout[2m | src/components/ChatSidebar.stories.jsx[2m > [22m[2mGetting Started
[22m[39m[Mock Data] AssistantChat.observeQuery() called with filter: {
  "sortDirection": "DESC",
  "sortField": "createdAt",
}
[90mstdout[2m | src/components/ChatSidebar.stories.jsx[2m > [22m[2mGetting Started
[22m[39m[Mock Data] AssistantChat.observeQuery() returning 1 items (filter applied) {
  "sortDirection": "DESC",
  "sortField": "createdAt",
}
[90mstdout[2m | src/components/ChatSidebar.stories.jsx[2m > [22m[2mGetting Started
[22m[39m[Mock Data] AssistantChat subscription added. Total subscriptions: 1
[90mstdout[2m | src/components/ChatSidebar.stories.jsx[2m > [22m[2mGetting Started
[22m[39m[ChatContext] Waiting for subscription to initialize
[90mstdout[2m | src/components/ChatSidebar.stories.jsx[2m > [22m[2mGetting Started
[22m[39m[SettingsContext] Setting up Settings subscription for user: mock-user-sub
[90mstdout[2m | src/components/ChatSidebar.stories.jsx[2m > [22m[2mGetting Started
[22m[39m[Mock Data] generateClient() called - returning mock client
[90mstdout[2m | src/components/ChatSidebar.stories.jsx[2m > [22m[2mGetting Started
[22m[39m[Mock amplifyClient] getAmplifyClient() called - returning mock client
[90mstdout[2m | src/components/ChatSidebar.stories.jsx[2m > [22m[2mGetting Started
[22m[39m[Mock Data] Settings.observeQuery() called with filter: undefined
[90mstdout[2m | src/components/ChatSidebar.stories.jsx[2m > [22m[2mGetting Started
[22m[39m[Mock Data] Settings.observeQuery() returning 0 items (filter applied) undefined
[90mstdout[2m | src/components/ChatSidebar.stories.jsx[2m > [22m[2mGetting Started
[22m[39m[Mock Data] Settings subscription added. Total subscriptions: 1
[90mstdout[2m | src/components/ChatSidebar.stories.jsx[2m > [22m[2mGetting Started
[22m[39m[SectionContext] Initial sections: 0 []
[90mstdout[2m | src/components/ChatSidebar.stories.jsx[2m > [22m[2mGetting Started
[22m[39m[Mock Data] Section.onCreate() called with filter: undefined
[90mstdout[2m | src/components/ChatSidebar.stories.jsx[2m > [22m[2mGetting Started
[22m[39m[Mock Data] Section.onCreate() subscription added. Total: 1
[90mstdout[2m | src/components/ChatSidebar.stories.jsx[2m > [22m[2mGetting Started
[22m[39m[Mock Data] Section.onUpdate() called with filter: undefined
[90mstdout[2m | src/components/ChatSidebar.stories.jsx[2m > [22m[2mGetting Started
[22m[39m[Mock Data] Section.onUpdate() subscription added. Total: 1
[90mstdout[2m | src/components/ChatSidebar.stories.jsx[2m > [22m[2mGetting Started
[22m[39m[Mock Data] Section.onDelete() called with filter: undefined
[90mstdout[2m | src/components/ChatSidebar.stories.jsx[2m > [22m[2mGetting Started
[22m[39m[Mock Data] Section.onDelete() subscription added. Total: 1
[90mstdout[2m | src/components/ChatSidebar.stories.jsx[2m > [22m[2mGetting Started
[22m[39m[Mock Data] Assignment.onCreate() called with filter: {
  "filter": {
    "unitID": {
      "eq": "mock-unit-id",
    },
  },
}
[90mstdout[2m | src/components/ChatSidebar.stories.jsx[2m > [22m[2mGetting Started
[22m[39m[Mock Data] Assignment.onCreate() subscription added. Total: 1
[90mstdout[2m | src/components/ChatSidebar.stories.jsx[2m > [22m[2mGetting Started
[22m[39m[Mock Data] Assignment.onUpdate() called with filter: {
  "filter": {
    "unitID": {
      "eq": "mock-unit-id",
    },
  },
}
[90mstdout[2m | src/components/ChatSidebar.stories.jsx[2m > [22m[2mGetting Started
[22m[39m[Mock Data] Assignment.onUpdate() subscription added. Total: 1
[90mstdout[2m | src/components/ChatSidebar.stories.jsx[2m > [22m[2mGetting Started
[22m[39m[Mock Data] Assignment.onDelete() called with filter: {
  "filter": {
    "unitID": {
      "eq": "mock-unit-id",
    },
  },
}
[90mstdout[2m | src/components/ChatSidebar.stories.jsx[2m > [22m[2mGetting Started
[22m[39m[Mock Data] Assignment.onDelete() subscription added. Total: 1
[90mstdout[2m | src/components/ChatSidebar.stories.jsx[2m > [22m[2mGetting Started
[22m[39m[FilesContext] File observeQuery subscription triggered:
[90mstdout[2m | src/components/ChatSidebar.stories.jsx[2m > [22m[2mGetting Started
[22m[39m  - items.length: 6
[90mstdout[2m | src/components/ChatSidebar.stories.jsx[2m > [22m[2mGetting Started
[22m[39m  - isSynced: true
[90mstdout[2m | src/components/ChatSidebar.stories.jsx[2m > [22m[2mGetting Started
[22m[39m  - items: [
  {
    "_deleted": null,
    "_lastChangedAt": 1767711773285,
    "_version": 1,
    "byHex": null,
    "createdAt": "2026-01-06T15:02:53.253Z",
    "description": "Japanese language textbook - Chapter 1",
    "document": Promise {},
    "documentID": "e01017e1-fe7a-4521-b71c-09ec31b18639",
    "duration": null,
    "embedding": null,
    "generated": null,
    "hex": null,
    "id": "a57d7833-5fa7-4cb7-8b7a-ce7c6e10e551",
    "identityId": "us-east-1:b0eadde9-f02c-c71b-17a6-22ffd37d89c8",
    "key": "files/Japanese Wind 1.pdf",
    "level": "protected",
    "mimeType": "application/pdf",
    "model": null,
    "name": "Japanese Wind 1.pdf",
    "owner": "64d81418-7021-701d-9fed-a4c2e0735711",
    "parsedContent": [Function anonymous],
    "parsedContentID": null,
    "path": "files/Japanese Wind 1.pdf",
    "prompt": null,
    "size": 4706654,
    "thumbnail": null,
    "type": "pdf",
    "updatedAt": "2026-01-06T15:02:53.253Z",
    "variant": null,
    "waveformData": null,
  },
  {
    "_version": 2,
    "createdAt": "2026-01-15T10:00:00.000Z",
    "description": "Sample report with vocabulary",
    "document": Promise {},
    "documentID": "cd824b5b-2c66-41f8-8571-aa6794ff590c",
    "generated": false,
    "id": "mock-pdf-file-2",
    "identityId": "us-east-1:mock-identity",
    "key": "files/report.pdf",
    "level": "protected",
    "mimeType": "application/pdf",
    "name": "report.pdf",
    "owner": "mock-user-id",
    "parsedContent": [Function anonymous],
    "path": "files/report.pdf",
    "size": 123456,
    "type": "pdf",
    "updatedAt": "2026-01-15T10:30:00.000Z",
  },
  {
    "_version": 3,
    "createdAt": "2026-01-14T08:00:00.000Z",
    "description": "Vocabulary lesson PDF with extracted content",
    "document": Promise {},
    "documentID": "mock-document-3",
    "generated": false,
    "id": "mock-pdf-file-3",
    "identityId": "us-east-1:mock-identity",
    "key": "files/vocabulary-lesson.pdf",
    "level": "public",
    "mimeType": "application/pdf",
    "name": "vocabulary-lesson.pdf",
    "owner": "mock-user-id",
    "parsedContent": [Function anonymous],
    "path": "files/vocabulary-lesson.pdf",
    "size": 567890,
    "type": "pdf",
    "updatedAt": "2026-01-14T08:45:00.000Z",
  },
  {
    "_version": 1,
    "createdAt": "2026-01-20T10:00:00.000Z",
    "description": "Sample pronunciation audio",
    "documentID": null,
    "duration": 3.5,
    "generated": true,
    "id": "mock-audio-file-1",
    "identityId": "us-east-1:mock-identity",
    "key": "audio/pronunciation-demo.mp3",
    "level": "public",
    "mimeType": "audio/mpeg",
    "name": "pronunciation-demo.mp3",
    "owner": "mock-user-id",
    "parsedContent": [Function anonymous],
    "path": "/story-mocks/cinematic-designed-sci-fi-whoosh-transition-nexawave-228295.mp3",
    "size": 56789,
    "type": "audio",
    "updatedAt": "2026-01-20T10:00:00.000Z",
    "waveformData": null,
  },
  {
    "_version": 1,
    "createdAt": "2026-01-19T14:30:00.000Z",
    "description": "Lesson introduction audio",
    "documentID": null,
    "duration": 5.2,
    "generated": false,
    "id": "mock-audio-file-2",
    "identityId": "us-east-1:mock-identity",
    "key": "audio/lesson-intro.mp3",
    "level": "public",
    "mimeType": "audio/mpeg",
    "name": "lesson-intro.mp3",
    "owner": "mock-user-id",
    "parsedContent": [Function anonymous],
    "path": "/story-mocks/descent-whoosh-long-cinematic-sound-effect-405921.mp3",
    "size": 87654,
    "type": "audio",
    "updatedAt": "2026-01-19T14:30:00.000Z",
    "waveformData": null,
  },
  {
    "_version": 1,
    "createdAt": "2026-01-18T09:15:00.000Z",
    "description": "Hiragana character chart",
    "documentID": null,
    "generated": false,
    "id": "mock-image-file-1",
    "identityId": "us-east-1:mock-identity",
    "key": "images/hiragana-chart.png",
    "level": "public",
    "mimeType": "image/png",
    "name": "hiragana-chart.png",
    "owner": "mock-user-id",
    "parsedContent": [Function anonymous],
    "path": "images/hiragana-chart.png",
    "size": 234567,
    "thumbnail": "thumbnails/hiragana-chart-thumb.png",
    "type": "image",
    "updatedAt": "2026-01-18T09:15:00.000Z",
  },
]
[90mstdout[2m | src/components/ChatSidebar.stories.jsx[2m > [22m[2mGetting Started
[22m[39m[ChatContext] AssistantChat query update: 1 items (synced)
[90mstdout[2m | src/components/ChatSidebar.stories.jsx[2m > [22m[2mGetting Started
[22m[39m[ChatContext] First item details: {
  "id": "mock-assistant-chat-1",
  "updatedAt": "2024-01-26T10:15:00.000Z",
}
[90mstdout[2m | src/components/ChatSidebar.stories.jsx[2m > [22m[2mGetting Started
[22m[39m[ChatContext] AssistantChat subscription initialized
[90mstdout[2m | src/components/ChatSidebar.stories.jsx[2m > [22m[2mGetting Started
[22m[39m[ChatContext] AssistantChat list updated: 1 chats
[90mstdout[2m | src/components/ChatSidebar.stories.jsx[2m > [22m[2mGetting Started
[22m[39m[ChatContext] Setting initial chat: mock-assistant-chat-1
[90mstdout[2m | src/components/ChatSidebar.stories.jsx[2m > [22m[2mGetting Started
[22m[39m[FilesContext] Files count changed: 0 → 6
[90mstdout[2m | src/components/ChatSidebar.stories.jsx[2m > [22m[2mGetting Started
[22m[39m[MOCK CourseVectorStore] Initialized with mock data
[90mstdout[2m | src/components/ChatSidebar.stories.jsx[2m > [22m[2mGetting Started
[22m[39m[MOCK CourseVectorStore] Initialized with mock data
[90mstdout[2m | src/components/ChatSidebar.stories.jsx[2m > [22m[2mGetting Started
[22m[39m[Mock Data] seedMockAssistantChats: Replacing with 1 assistant chats
[90mstdout[2m | src/components/ChatSidebar.stories.jsx[2m > [22m[2mGetting Started
[22m[39m[Mock Data] Notifying 1 AssistantChat subscriptions
[90mstderr[2m | src/components/ChatSidebar.stories.jsx[2m > [22m[2mGetting Started
[22m[39m[useTabContext] Used outside of TabProvider, returning default values
[90mstdout[2m | src/components/ChatSidebar.stories.jsx[2m > [22m[2mGetting Started
[22m[39m[ChatSidebar] Registered client-side tools: [
  "search_content",
  "create_section",
  "create_unit",
  "create_assignment",
  "add_timer_to_unit",
  "create_vocabulary_word",
  "create_question",
  "list_sections",
  "list_units",
  "get_unit_details",
  "update_unit",
  "delete_assignment",
]
[90mstdout[2m | src/components/ChatSidebar.stories.jsx[2m > [22m[2mGetting Started
[22m[39m[useTranslationWithCapture] t() called: {
  "key": "chatSidebar.aiAssistant",
  "mode": "off",
  "namespace": "components",
  "value": "AI Assistant",
}
[90mstdout[2m | src/components/ChatSidebar.stories.jsx[2m > [22m[2mGetting Started
[22m[39m[useTranslationWithCapture] t() called: {
  "key": "chatSidebar.newChat",
  "mode": "off",
  "namespace": "components",
  "value": "New chat",
}
[90mstdout[2m | src/components/ChatSidebar.stories.jsx[2m > [22m[2mGetting Started
[22m[39m[useTranslationWithCapture] t() called: {
  "key": "chatSidebar.archiveChat",
  "mode": "off",
  "namespace": "components",
  "value": "Archive chat",
}
[90mstdout[2m | src/components/ChatSidebar.stories.jsx[2m > [22m[2mGetting Started
[22m[39m[useTranslationWithCapture] t() called: {
  "key": "chatSidebar.welcomeMessage",
  "mode": "off",
  "namespace": "components",
  "value": "Ask me anything about your curriculum, files, or content!",
}
[90mstdout[2m | src/components/ChatSidebar.stories.jsx[2m > [22m[2mGetting Started
[22m[39m[useTranslationWithCapture] t() called: {
  "key": "chatSidebar.askMeAnything",
  "mode": "off",
  "namespace": "components",
  "value": "Ask me anything...",
}
[90mstdout[2m | src/components/ChatSidebar.stories.jsx[2m > [22m[2mGetting Started
[22m[39m[useTranslationWithCapture] t() called: {
  "key": "actions.send",
  "mode": "off",
  "namespace": "components",
  "value": "Send",
}
[90mstdout[2m | src/components/ChatSidebar.stories.jsx[2m > [22m[2mGetting Started
[22m[39m[useTranslationWithCapture] t() called: {
  "key": "chatSidebar.reviewImportVocabulary",
  "mode": "off",
  "namespace": "components",
  "value": "Review & Import Vocabulary",
}
[90mstdout[2m | src/components/ChatSidebar.stories.jsx[2m > [22m[2mGetting Started
[22m[39m[useTranslationWithCapture] t() called: {
  "key": "chatSidebar.confirm",
  "mode": "off",
  "namespace": "components",
  "value": "Confirm",
}
[90mstdout[2m | src/components/ChatSidebar.stories.jsx[2m > [22m[2mGetting Started
[22m[39m[useTranslationWithCapture] t() called: {
  "key": "chatSidebar.cancel",
  "mode": "off",
  "namespace": "components",
  "value": "Cancel",
}
[90mstdout[2m | src/components/ChatSidebar.stories.jsx[2m > [22m[2mGetting Started
[22m[39m[ChatSidebar] Loading messages for chat: mock-assistant-chat-1 count: 0
[90mstdout[2m | src/components/ChatSidebar.stories.jsx[2m > [22m[2mGetting Started
[22m[39m[ChatSidebar] deepCloneMessages: returning empty array
[90mstdout[2m | src/components/ChatSidebar.stories.jsx[2m > [22m[2mGetting Started
[22m[39m[chatTools] Vector store search function registered: true
[90mstdout[2m | src/components/ChatSidebar.stories.jsx[2m > [22m[2mGetting Started
[22m[39m[ChatSidebar] Registered vector store search, isReady: false
[90mstdout[2m | src/components/ChatSidebar.stories.jsx[2m > [22m[2mGetting Started
[22m[39m[Mock Data] generateClient() called - returning mock client
[90mstdout[2m | src/components/ChatSidebar.stories.jsx[2m > [22m[2mGetting Started
[22m[39m[Mock amplifyClient] getAmplifyClient() called - returning mock client
[90mstdout[2m | src/components/ChatSidebar.stories.jsx[2m > [22m[2mGetting Started
[22m[39m[Mock Data] AssistantChatFile.list() called with options: {
  "filter": {
    "chatID": {
      "eq": "mock-assistant-chat-1",
    },
  },
}
[90mstdout[2m | src/components/ChatSidebar.stories.jsx[2m > [22m[2mGetting Started
[22m[39m[ChatSidebar] Setting up Document subscription for user: undefined
[90mstdout[2m | src/components/ChatSidebar.stories.jsx[2m > [22m[2mGetting Started
[22m[39m[Mock Data] generateClient() called - returning mock client
[90mstdout[2m | src/components/ChatSidebar.stories.jsx[2m > [22m[2mGetting Started
[22m[39m[Mock amplifyClient] getAmplifyClient() called - returning mock client
[90mstdout[2m | src/components/ChatSidebar.stories.jsx[2m > [22m[2mGetting Started
[22m[39m[Mock Data] Document.observeQuery() called with filter: undefined
[90mstdout[2m | src/components/ChatSidebar.stories.jsx[2m > [22m[2mGetting Started
[22m[39m[Mock Data] Document.observeQuery() returning 0 items (filter applied) undefined
[90mstdout[2m | src/components/ChatSidebar.stories.jsx[2m > [22m[2mGetting Started
[22m[39m[Mock Data] Document subscription added. Total subscriptions: 2
[90mstdout[2m | src/components/ChatSidebar.stories.jsx[2m > [22m[2mGetting Started
[22m[39m[FilesContext] Vector store population triggered {
  "currentVectorStoreSize": 3,
  "documentsCount": 0,
  "filesCount": 6,
  "isInitialLoad": true,
}
[90mstdout[2m | src/components/ChatSidebar.stories.jsx[2m > [22m[2mGetting Started
[22m[39m[FilesContext] Vector store population complete - 3 total embeddings
[90mstdout[2m | src/components/ChatSidebar.stories.jsx[2m > [22m[2mGetting Started
[22m[39m[ChatContext] Chat exists and not archived, skipping creation
[90mstderr[2m | src/components/ChatSidebar.stories.jsx[2m > [22m[2mGetting Started
[22m[39m[useTabContext] Used outside of TabProvider, returning default values
[90mstdout[2m | src/components/ChatSidebar.stories.jsx[2m > [22m[2mGetting Started
[22m[39m[useTranslationWithCapture] t() called: {
  "key": "chatSidebar.aiAssistant",
  "mode": "off",
  "namespace": "components",
  "value": "AI Assistant",
}
[90mstdout[2m | src/components/ChatSidebar.stories.jsx[2m > [22m[2mGetting Started
[22m[39m[useTranslationWithCapture] t() called: {
  "key": "chatSidebar.newChat",
  "mode": "off",
  "namespace": "components",
  "value": "New chat",
}
[90mstdout[2m | src/components/ChatSidebar.stories.jsx[2m > [22m[2mGetting Started
[22m[39m[useTranslationWithCapture] t() called: {
  "key": "chatSidebar.archiveChat",
  "mode": "off",
  "namespace": "components",
  "value": "Archive chat",
}
[90mstdout[2m | src/components/ChatSidebar.stories.jsx[2m > [22m[2mGetting Started
[22m[39m[useTranslationWithCapture] t() called: {
  "key": "chatSidebar.welcomeMessage",
  "mode": "off",
  "namespace": "components",
  "value": "Ask me anything about your curriculum, files, or content!",
}
[90mstdout[2m | src/components/ChatSidebar.stories.jsx[2m > [22m[2mGetting Started
[22m[39m[useTranslationWithCapture] t() called: {
  "key": "chatSidebar.askMeAnything",
  "mode": "off",
  "namespace": "components",
  "value": "Ask me anything...",
}
[90mstdout[2m | src/components/ChatSidebar.stories.jsx[2m > [22m[2mGetting Started
[22m[39m[useTranslationWithCapture] t() called: {
  "key": "actions.send",
  "mode": "off",
  "namespace": "components",
  "value": "Send",
}
[90mstdout[2m | src/components/ChatSidebar.stories.jsx[2m > [22m[2mGetting Started
[22m[39m[useTranslationWithCapture] t() called: {
  "key": "chatSidebar.reviewImportVocabulary",
  "mode": "off",
  "namespace": "components",
  "value": "Review & Import Vocabulary",
}
[90mstdout[2m | src/components/ChatSidebar.stories.jsx[2m > [22m[2mGetting Started
[22m[39m[useTranslationWithCapture] t() called: {
  "key": "chatSidebar.confirm",
  "mode": "off",
  "namespace": "components",
  "value": "Confirm",
}
[90mstdout[2m | src/components/ChatSidebar.stories.jsx[2m > [22m[2mGetting Started
[22m[39m[useTranslationWithCapture] t() called: {
  "key": "chatSidebar.cancel",
  "mode": "off",
  "namespace": "components",
  "value": "Cancel",
}
[90mstdout[2m | src/components/ChatSidebar.stories.jsx[2m > [22m[2mGetting Started
[22m[39m[Mock Data] Settings.create() called with: {
  "assistantVoice": "shimmer",
  "autoAnalyzeDocuments": true,
  "defaultAIModel": "gpt-4",
  "documentAnalysisModel": "gpt-4",
  "editorFontSize": 14,
  "editorTheme": "auto",
  "emailNotifications": true,
  "language": "en",
  "webhookNotifications": false,
}
[90mstdout[2m | src/components/ChatSidebar.stories.jsx[2m > [22m[2mGetting Started
[22m[39m[Mock Data] Settings created: mock-settings-1776336975867 - notified 1 subscribers
[90mstdout[2m | src/components/ChatSidebar.stories.jsx[2m > [22m[2mGetting Started
[22m[39m[ChatContext] AssistantChat query update: 1 items (synced)
[90mstdout[2m | src/components/ChatSidebar.stories.jsx[2m > [22m[2mGetting Started
[22m[39m[ChatContext] First item details: {
  "id": "getting-started-chat",
  "updatedAt": "2026-04-16T10:56:15.798Z",
}
[90mstdout[2m | src/components/ChatSidebar.stories.jsx[2m > [22m[2mGetting Started
[22m[39m[ChatContext] AssistantChat list updated: 1 chats
[90mstderr[2m | src/components/ChatSidebar.stories.jsx[2m > [22m[2mGetting Started
[22m[39m[useTabContext] Used outside of TabProvider, returning default values
[90mstdout[2m | src/components/ChatSidebar.stories.jsx[2m > [22m[2mGetting Started
[22m[39m[useTranslationWithCapture] t() called: {
  "key": "chatSidebar.aiAssistant",
  "mode": "off",
  "namespace": "components",
  "value": "AI Assistant",
}
[90mstdout[2m | src/components/ChatSidebar.stories.jsx[2m > [22m[2mGetting Started
[22m[39m[useTranslationWithCapture] t() called: {
  "key": "chatSidebar.newChat",
  "mode": "off",
  "namespace": "components",
  "value": "New chat",
}
[90mstdout[2m | src/components/ChatSidebar.stories.jsx[2m > [22m[2mGetting Started
[22m[39m[useTranslationWithCapture] t() called: {
  "key": "chatSidebar.archiveChat",
  "mode": "off",
  "namespace": "components",
  "value": "Archive chat",
}
[90mstdout[2m | src/components/ChatSidebar.stories.jsx[2m > [22m[2mGetting Started
[22m[39m[useTranslationWithCapture] t() called: {
  "key": "chatSidebar.welcomeMessage",
  "mode": "off",
  "namespace": "components",
  "value": "Ask me anything about your curriculum, files, or content!",
}
[90mstdout[2m | src/components/ChatSidebar.stories.jsx[2m > [22m[2mGetting Started
[22m[39m[useTranslationWithCapture] t() called: {
  "key": "chatSidebar.askMeAnything",
  "mode": "off",
  "namespace": "components",
  "value": "Ask me anything...",
}
[90mstdout[2m | src/components/ChatSidebar.stories.jsx[2m > [22m[2mGetting Started
[22m[39m[useTranslationWithCapture] t() called: {
  "key": "actions.send",
  "mode": "off",
  "namespace": "components",
  "value": "Send",
}
[90mstdout[2m | src/components/ChatSidebar.stories.jsx[2m > [22m[2mGetting Started
[22m[39m[useTranslationWithCapture] t() called: {
  "key": "chatSidebar.reviewImportVocabulary",
  "mode": "off",
  "namespace": "components",
  "value": "Review & Import Vocabulary",
}
[90mstdout[2m | src/components/ChatSidebar.stories.jsx[2m > [22m[2mGetting Started
[22m[39m[useTranslationWithCapture] t() called: {
  "key": "chatSidebar.confirm",
  "mode": "off",
  "namespace": "components",
  "value": "Confirm",
}
[90mstdout[2m | src/components/ChatSidebar.stories.jsx[2m > [22m[2mGetting Started
[22m[39m[useTranslationWithCapture] t() called: {
  "key": "chatSidebar.cancel",
  "mode": "off",
  "namespace": "components",
  "value": "Cancel",
}
[90mstdout[2m | src/components/ChatSidebar.stories.jsx[2m > [22m[2mGetting Started
[22m[39m[Mock Data] generateClient() called - returning mock client
[90mstdout[2m | src/components/ChatSidebar.stories.jsx[2m > [22m[2mGetting Started
[22m[39m[Mock amplifyClient] getAmplifyClient() called - returning mock client
[90mstdout[2m | src/components/ChatSidebar.stories.jsx[2m > [22m[2mGetting Started
[22m[39m[Mock Data] AssistantChatFile.list() called with options: {
  "filter": {
    "chatID": {
      "eq": "mock-assistant-chat-1",
    },
  },
}
[90mstderr[2m | src/components/ChatSidebar.stories.jsx[2m > [22m[2mGetting Started
[22m[39m[useTabContext] Used outside of TabProvider, returning default values
[90mstdout[2m | src/components/ChatSidebar.stories.jsx[2m > [22m[2mGetting Started
[22m[39m[useTranslationWithCapture] t() called: {
  "key": "chatSidebar.aiAssistant",
  "mode": "off",
  "namespace": "components",
  "value": "AI Assistant",
}
[90mstdout[2m | src/components/ChatSidebar.stories.jsx[2m > [22m[2mGetting Started
[22m[39m[useTranslationWithCapture] t() called: {
  "key": "chatSidebar.newChat",
  "mode": "off",
  "namespace": "components",
  "value": "New chat",
}
[90mstdout[2m | src/components/ChatSidebar.stories.jsx[2m > [22m[2mGetting Started
[22m[39m[useTranslationWithCapture] t() called: {
  "key": "chatSidebar.archiveChat",
  "mode": "off",
  "namespace": "components",
  "value": "Archive chat",
}
[90mstdout[2m | src/components/ChatSidebar.stories.jsx[2m > [22m[2mGetting Started
[22m[39m[useTranslationWithCapture] t() called: {
  "key": "chatSidebar.welcomeMessage",
  "mode": "off",
  "namespace": "components",
  "value": "Ask me anything about your curriculum, files, or content!",
}
[90mstdout[2m | src/components/ChatSidebar.stories.jsx[2m > [22m[2mGetting Started
[22m[39m[useTranslationWithCapture] t() called: {
  "key": "chatSidebar.askMeAnything",
  "mode": "off",
  "namespace": "components",
  "value": "Ask me anything...",
}
[90mstdout[2m | src/components/ChatSidebar.stories.jsx[2m > [22m[2mGetting Started
[22m[39m[useTranslationWithCapture] t() called: {
  "key": "actions.send",
  "mode": "off",
  "namespace": "components",
  "value": "Send",
}
[90mstdout[2m | src/components/ChatSidebar.stories.jsx[2m > [22m[2mGetting Started
[22m[39m[useTranslationWithCapture] t() called: {
  "key": "chatSidebar.reviewImportVocabulary",
  "mode": "off",
  "namespace": "components",
  "value": "Review & Import Vocabulary",
}
[90mstdout[2m | src/components/ChatSidebar.stories.jsx[2m > [22m[2mGetting Started
[22m[39m[useTranslationWithCapture] t() called: {
  "key": "chatSidebar.confirm",
  "mode": "off",
  "namespace": "components",
  "value": "Confirm",
}
[90mstdout[2m | src/components/ChatSidebar.stories.jsx[2m > [22m[2mGetting Started
[22m[39m[useTranslationWithCapture] t() called: {
  "key": "chatSidebar.cancel",
  "mode": "off",
  "namespace": "components",
  "value": "Cancel",
}
[90mstderr[2m | src/components/ChatSidebar.stories.jsx[2m > [22m[2mGetting Started
[22m[39m[useTabContext] Used outside of TabProvider, returning default values
[90mstdout[2m | src/components/ChatSidebar.stories.jsx[2m > [22m[2mGetting Started
[22m[39m[useTranslationWithCapture] t() called: {
  "key": "chatSidebar.aiAssistant",
  "mode": "off",
  "namespace": "components",
  "value": "AI Assistant",
}
[90mstdout[2m | src/components/ChatSidebar.stories.jsx[2m > [22m[2mGetting Started
[22m[39m[useTranslationWithCapture] t() called: {
  "key": "chatSidebar.newChat",
  "mode": "off",
  "namespace": "components",
  "value": "New chat",
}
[90mstdout[2m | src/components/ChatSidebar.stories.jsx[2m > [22m[2mGetting Started
[22m[39m[useTranslationWithCapture] t() called: {
  "key": "chatSidebar.archiveChat",
  "mode": "off",
  "namespace": "components",
  "value": "Archive chat",
}
[90mstdout[2m | src/components/ChatSidebar.stories.jsx[2m > [22m[2mGetting Started
[22m[39m[useTranslationWithCapture] t() called: {
  "key": "chatSidebar.welcomeMessage",
  "mode": "off",
  "namespace": "components",
  "value": "Ask me anything about your curriculum, files, or content!",
}
[90mstdout[2m | src/components/ChatSidebar.stories.jsx[2m > [22m[2mGetting Started
[22m[39m[useTranslationWithCapture] t() called: {
  "key": "chatSidebar.askMeAnything",
  "mode": "off",
  "namespace": "components",
  "value": "Ask me anything...",
}
[90mstdout[2m | src/components/ChatSidebar.stories.jsx[2m > [22m[2mGetting Started
[22m[39m[useTranslationWithCapture] t() called: {
  "key": "actions.send",
  "mode": "off",
  "namespace": "components",
  "value": "Send",
}
[90mstdout[2m | src/components/ChatSidebar.stories.jsx[2m > [22m[2mGetting Started
[22m[39m[useTranslationWithCapture] t() called: {
  "key": "chatSidebar.reviewImportVocabulary",
  "mode": "off",
  "namespace": "components",
  "value": "Review & Import Vocabulary",
}
[90mstdout[2m | src/components/ChatSidebar.stories.jsx[2m > [22m[2mGetting Started
[22m[39m[useTranslationWithCapture] t() called: {
  "key": "chatSidebar.confirm",
  "mode": "off",
  "namespace": "components",
  "value": "Confirm",
}
[90mstdout[2m | src/components/ChatSidebar.stories.jsx[2m > [22m[2mGetting Started
[22m[39m[useTranslationWithCapture] t() called: {
  "key": "chatSidebar.cancel",
  "mode": "off",
  "namespace": "components",
  "value": "Cancel",
}
[90mstderr[2m | src/components/ChatSidebar.stories.jsx[2m > [22m[2mGetting Started
[22m[39m[useTabContext] Used outside of TabProvider, returning default values
[90mstdout[2m | src/components/ChatSidebar.stories.jsx[2m > [22m[2mGetting Started
[22m[39m[useTranslationWithCapture] t() called: {
  "key": "chatSidebar.aiAssistant",
  "mode": "off",
  "namespace": "components",
  "value": "AI Assistant",
}
[90mstdout[2m | src/components/ChatSidebar.stories.jsx[2m > [22m[2mGetting Started
[22m[39m[useTranslationWithCapture] t() called: {
  "key": "chatSidebar.newChat",
  "mode": "off",
  "namespace": "components",
  "value": "New chat",
}
[90mstdout[2m | src/components/ChatSidebar.stories.jsx[2m > [22m[2mGetting Started
[22m[39m[useTranslationWithCapture] t() called: {
  "key": "chatSidebar.archiveChat",
  "mode": "off",
  "namespace": "components",
  "value": "Archive chat",
}
[90mstdout[2m | src/components/ChatSidebar.stories.jsx[2m > [22m[2mGetting Started
[22m[39m[useTranslationWithCapture] t() called: {
  "key": "chatSidebar.welcomeMessage",
  "mode": "off",
  "namespace": "components",
  "value": "Ask me anything about your curriculum, files, or content!",
}
[90mstdout[2m | src/components/ChatSidebar.stories.jsx[2m > [22m[2mGetting Started
[22m[39m[useTranslationWithCapture] t() called: {
  "key": "chatSidebar.askMeAnything",
  "mode": "off",
  "namespace": "components",
  "value": "Ask me anything...",
}
[90mstdout[2m | src/components/ChatSidebar.stories.jsx[2m > [22m[2mGetting Started
[22m[39m[useTranslationWithCapture] t() called: {
  "key": "actions.send",
  "mode": "off",
  "namespace": "components",
  "value": "Send",
}
[90mstdout[2m | src/components/ChatSidebar.stories.jsx[2m > [22m[2mGetting Started
[22m[39m[useTranslationWithCapture] t() called: {
  "key": "chatSidebar.reviewImportVocabulary",
  "mode": "off",
  "namespace": "components",
  "value": "Review & Import Vocabulary",
}
[90mstdout[2m | src/components/ChatSidebar.stories.jsx[2m > [22m[2mGetting Started
[22m[39m[useTranslationWithCapture] t() called: {
  "key": "chatSidebar.confirm",
  "mode": "off",
  "namespace": "components",
  "value": "Confirm",
}
[90mstdout[2m | src/components/ChatSidebar.stories.jsx[2m > [22m[2mGetting Started
[22m[39m[useTranslationWithCapture] t() called: {
  "key": "chatSidebar.cancel",
  "mode": "off",
  "namespace": "components",
  "value": "Cancel",
}
[90mstderr[2m | src/components/ChatSidebar.stories.jsx[2m > [22m[2mGetting Started
[22m[39m[useTabContext] Used outside of TabProvider, returning default values
[90mstdout[2m | src/components/ChatSidebar.stories.jsx[2m > [22m[2mGetting Started
[22m[39m[useTranslationWithCapture] t() called: {
  "key": "chatSidebar.aiAssistant",
  "mode": "off",
  "namespace": "components",
  "value": "AI Assistant",
}
[90mstdout[2m | src/components/ChatSidebar.stories.jsx[2m > [22m[2mGetting Started
[22m[39m[useTranslationWithCapture] t() called: {
  "key": "chatSidebar.newChat",
  "mode": "off",
  "namespace": "components",
  "value": "New chat",
}
[90mstdout[2m | src/components/ChatSidebar.stories.jsx[2m > [22m[2mGetting Started
[22m[39m[useTranslationWithCapture] t() called: {
  "key": "chatSidebar.archiveChat",
  "mode": "off",
  "namespace": "components",
  "value": "Archive chat",
}
[90mstdout[2m | src/components/ChatSidebar.stories.jsx[2m > [22m[2mGetting Started
[22m[39m[useTranslationWithCapture] t() called: {
  "key": "chatSidebar.welcomeMessage",
  "mode": "off",
  "namespace": "components",
  "value": "Ask me anything about your curriculum, files, or content!",
}
[90mstdout[2m | src/components/ChatSidebar.stories.jsx[2m > [22m[2mGetting Started
[22m[39m[useTranslationWithCapture] t() called: {
  "key": "chatSidebar.askMeAnything",
  "mode": "off",
  "namespace": "components",
  "value": "Ask me anything...",
}
[90mstdout[2m | src/components/ChatSidebar.stories.jsx[2m > [22m[2mGetting Started
[22m[39m[useTranslationWithCapture] t() called: {
  "key": "actions.send",
  "mode": "off",
  "namespace": "components",
  "value": "Send",
}
[90mstdout[2m | src/components/ChatSidebar.stories.jsx[2m > [22m[2mGetting Started
[22m[39m[useTranslationWithCapture] t() called: {
  "key": "chatSidebar.reviewImportVocabulary",
  "mode": "off",
  "namespace": "components",
  "value": "Review & Import Vocabulary",
}
[90mstdout[2m | src/components/ChatSidebar.stories.jsx[2m > [22m[2mGetting Started
[22m[39m[useTranslationWithCapture] t() called: {
  "key": "chatSidebar.confirm",
  "mode": "off",
  "namespace": "components",
  "value": "Confirm",
}
[90mstdout[2m | src/components/ChatSidebar.stories.jsx[2m > [22m[2mGetting Started
[22m[39m[useTranslationWithCapture] t() called: {
  "key": "chatSidebar.cancel",
  "mode": "off",
  "namespace": "components",
  "value": "Cancel",
}
[90mstderr[2m | src/components/ChatSidebar.stories.jsx[2m > [22m[2mGetting Started
[22m[39m[useTabContext] Used outside of TabProvider, returning default values
[90mstdout[2m | src/components/ChatSidebar.stories.jsx[2m > [22m[2mGetting Started
[22m[39m[useTranslationWithCapture] t() called: {
  "key": "chatSidebar.aiAssistant",
  "mode": "off",
  "namespace": "components",
  "value": "AI Assistant",
}
[90mstdout[2m | src/components/ChatSidebar.stories.jsx[2m > [22m[2mGetting Started
[22m[39m[useTranslationWithCapture] t() called: {
  "key": "chatSidebar.newChat",
  "mode": "off",
  "namespace": "components",
  "value": "New chat",
}
[90mstdout[2m | src/components/ChatSidebar.stories.jsx[2m > [22m[2mGetting Started
[22m[39m[useTranslationWithCapture] t() called: {
  "key": "chatSidebar.archiveChat",
  "mode": "off",
  "namespace": "components",
  "value": "Archive chat",
}
[90mstdout[2m | src/components/ChatSidebar.stories.jsx[2m > [22m[2mGetting Started
[22m[39m[useTranslationWithCapture] t() called: {
  "key": "chatSidebar.welcomeMessage",
  "mode": "off",
  "namespace": "components",
  "value": "Ask me anything about your curriculum, files, or content!",
}
[90mstdout[2m | src/components/ChatSidebar.stories.jsx[2m > [22m[2mGetting Started
[22m[39m[useTranslationWithCapture] t() called: {
  "key": "chatSidebar.askMeAnything",
  "mode": "off",
  "namespace": "components",
  "value": "Ask me anything...",
}
[90mstdout[2m | src/components/ChatSidebar.stories.jsx[2m > [22m[2mGetting Started
[22m[39m[useTranslationWithCapture] t() called: {
  "key": "actions.send",
  "mode": "off",
  "namespace": "components",
  "value": "Send",
}
[90mstdout[2m | src/components/ChatSidebar.stories.jsx[2m > [22m[2mGetting Started
[22m[39m[useTranslationWithCapture] t() called: {
  "key": "chatSidebar.reviewImportVocabulary",
  "mode": "off",
  "namespace": "components",
  "value": "Review & Import Vocabulary",
}
[90mstdout[2m | src/components/ChatSidebar.stories.jsx[2m > [22m[2mGetting Started
[22m[39m[useTranslationWithCapture] t() called: {
  "key": "chatSidebar.confirm",
  "mode": "off",
  "namespace": "components",
  "value": "Confirm",
}
[90mstdout[2m | src/components/ChatSidebar.stories.jsx[2m > [22m[2mGetting Started
[22m[39m[useTranslationWithCapture] t() called: {
  "key": "chatSidebar.cancel",
  "mode": "off",
  "namespace": "components",
  "value": "Cancel",
}
[90mstderr[2m | src/components/ChatSidebar.stories.jsx[2m > [22m[2mGetting Started
[22m[39m[useTabContext] Used outside of TabProvider, returning default values
[90mstdout[2m | src/components/ChatSidebar.stories.jsx[2m > [22m[2mGetting Started
[22m[39m[useTranslationWithCapture] t() called: {
  "key": "chatSidebar.aiAssistant",
  "mode": "off",
  "namespace": "components",
  "value": "AI Assistant",
}
[90mstdout[2m | src/components/ChatSidebar.stories.jsx[2m > [22m[2mGetting Started
[22m[39m[useTranslationWithCapture] t() called: {
  "key": "chatSidebar.newChat",
  "mode": "off",
  "namespace": "components",
  "value": "New chat",
}
[90mstdout[2m | src/components/ChatSidebar.stories.jsx[2m > [22m[2mGetting Started
[22m[39m[useTranslationWithCapture] t() called: {
  "key": "chatSidebar.archiveChat",
  "mode": "off",
  "namespace": "components",
  "value": "Archive chat",
}
[90mstdout[2m | src/components/ChatSidebar.stories.jsx[2m > [22m[2mGetting Started
[22m[39m[useTranslationWithCapture] t() called: {
  "key": "chatSidebar.welcomeMessage",
  "mode": "off",
  "namespace": "components",
  "value": "Ask me anything about your curriculum, files, or content!",
}
[90mstdout[2m | src/components/ChatSidebar.stories.jsx[2m > [22m[2mGetting Started
[22m[39m[useTranslationWithCapture] t() called: {
  "key": "chatSidebar.askMeAnything",
  "mode": "off",
  "namespace": "components",
  "value": "Ask me anything...",
}
[90mstdout[2m | src/components/ChatSidebar.stories.jsx[2m > [22m[2mGetting Started
[22m[39m[useTranslationWithCapture] t() called: {
  "key": "actions.send",
  "mode": "off",
  "namespace": "components",
  "value": "Send",
}
[90mstdout[2m | src/components/ChatSidebar.stories.jsx[2m > [22m[2mGetting Started
[22m[39m[useTranslationWithCapture] t() called: {
  "key": "chatSidebar.reviewImportVocabulary",
  "mode": "off",
  "namespace": "components",
  "value": "Review & Import Vocabulary",
}
[90mstdout[2m | src/components/ChatSidebar.stories.jsx[2m > [22m[2mGetting Started
[22m[39m[useTranslationWithCapture] t() called: {
  "key": "chatSidebar.confirm",
  "mode": "off",
  "namespace": "components",
  "value": "Confirm",
}
[90mstdout[2m | src/components/ChatSidebar.stories.jsx[2m > [22m[2mGetting Started
[22m[39m[useTranslationWithCapture] t() called: {
  "key": "chatSidebar.cancel",
  "mode": "off",
  "namespace": "components",
  "value": "Cancel",
}
[90mstderr[2m | src/components/ChatSidebar.stories.jsx[2m > [22m[2mGetting Started
[22m[39m[useTabContext] Used outside of TabProvider, returning default values
[90mstdout[2m | src/components/ChatSidebar.stories.jsx[2m > [22m[2mGetting Started
[22m[39m[useTranslationWithCapture] t() called: {
  "key": "chatSidebar.aiAssistant",
  "mode": "off",
  "namespace": "components",
  "value": "AI Assistant",
}
[90mstdout[2m | src/components/ChatSidebar.stories.jsx[2m > [22m[2mGetting Started
[22m[39m[useTranslationWithCapture] t() called: {
  "key": "chatSidebar.newChat",
  "mode": "off",
  "namespace": "components",
  "value": "New chat",
}
[90mstdout[2m | src/components/ChatSidebar.stories.jsx[2m > [22m[2mGetting Started
[22m[39m[useTranslationWithCapture] t() called: {
  "key": "chatSidebar.archiveChat",
  "mode": "off",
  "namespace": "components",
  "value": "Archive chat",
}
[90mstdout[2m | src/components/ChatSidebar.stories.jsx[2m > [22m[2mGetting Started
[22m[39m[useTranslationWithCapture] t() called: {
  "key": "chatSidebar.welcomeMessage",
  "mode": "off",
  "namespace": "components",
  "value": "Ask me anything about your curriculum, files, or content!",
}
[90mstdout[2m | src/components/ChatSidebar.stories.jsx[2m > [22m[2mGetting Started
[22m[39m[useTranslationWithCapture] t() called: {
  "key": "chatSidebar.askMeAnything",
  "mode": "off",
  "namespace": "components",
  "value": "Ask me anything...",
}
[90mstdout[2m | src/components/ChatSidebar.stories.jsx[2m > [22m[2mGetting Started
[22m[39m[useTranslationWithCapture] t() called: {
  "key": "actions.send",
  "mode": "off",
  "namespace": "components",
  "value": "Send",
}
[90mstdout[2m | src/components/ChatSidebar.stories.jsx[2m > [22m[2mGetting Started
[22m[39m[useTranslationWithCapture] t() called: {
  "key": "chatSidebar.reviewImportVocabulary",
  "mode": "off",
  "namespace": "components",
  "value": "Review & Import Vocabulary",
}
[90mstdout[2m | src/components/ChatSidebar.stories.jsx[2m > [22m[2mGetting Started
[22m[39m[useTranslationWithCapture] t() called: {
  "key": "chatSidebar.confirm",
  "mode": "off",
  "namespace": "components",
  "value": "Confirm",
}
[90mstdout[2m | src/components/ChatSidebar.stories.jsx[2m > [22m[2mGetting Started
[22m[39m[useTranslationWithCapture] t() called: {
  "key": "chatSidebar.cancel",
  "mode": "off",
  "namespace": "components",
  "value": "Cancel",
}
[90mstderr[2m | src/components/ChatSidebar.stories.jsx[2m > [22m[2mGetting Started
[22m[39m[useTabContext] Used outside of TabProvider, returning default values
[90mstdout[2m | src/components/ChatSidebar.stories.jsx[2m > [22m[2mGetting Started
[22m[39m[useTranslationWithCapture] t() called: {
  "key": "chatSidebar.aiAssistant",
  "mode": "off",
  "namespace": "components",
  "value": "AI Assistant",
}
[90mstdout[2m | src/components/ChatSidebar.stories.jsx[2m > [22m[2mGetting Started
[22m[39m[useTranslationWithCapture] t() called: {
  "key": "chatSidebar.newChat",
  "mode": "off",
  "namespace": "components",
  "value": "New chat",
}
[90mstdout[2m | src/components/ChatSidebar.stories.jsx[2m > [22m[2mGetting Started
[22m[39m[useTranslationWithCapture] t() called: {
  "key": "chatSidebar.archiveChat",
  "mode": "off",
  "namespace": "components",
  "value": "Archive chat",
}
[90mstdout[2m | src/components/ChatSidebar.stories.jsx[2m > [22m[2mGetting Started
[22m[39m[useTranslationWithCapture] t() called: {
  "key": "chatSidebar.welcomeMessage",
  "mode": "off",
  "namespace": "components",
  "value": "Ask me anything about your curriculum, files, or content!",
}
[90mstdout[2m | src/components/ChatSidebar.stories.jsx[2m > [22m[2mGetting Started
[22m[39m[useTranslationWithCapture] t() called: {
  "key": "chatSidebar.askMeAnything",
  "mode": "off",
  "namespace": "components",
  "value": "Ask me anything...",
}
[90mstdout[2m | src/components/ChatSidebar.stories.jsx[2m > [22m[2mGetting Started
[22m[39m[useTranslationWithCapture] t() called: {
  "key": "actions.send",
  "mode": "off",
  "namespace": "components",
  "value": "Send",
}
[90mstdout[2m | src/components/ChatSidebar.stories.jsx[2m > [22m[2mGetting Started
[22m[39m[useTranslationWithCapture] t() called: {
  "key": "chatSidebar.reviewImportVocabulary",
  "mode": "off",
  "namespace": "components",
  "value": "Review & Import Vocabulary",
}
[90mstdout[2m | src/components/ChatSidebar.stories.jsx[2m > [22m[2mGetting Started
[22m[39m[useTranslationWithCapture] t() called: {
  "key": "chatSidebar.confirm",
  "mode": "off",
  "namespace": "components",
  "value": "Confirm",
}
[90mstdout[2m | src/components/ChatSidebar.stories.jsx[2m > [22m[2mGetting Started
[22m[39m[useTranslationWithCapture] t() called: {
  "key": "chatSidebar.cancel",
  "mode": "off",
  "namespace": "components",
  "value": "Cancel",
}
[90mstderr[2m | src/components/ChatSidebar.stories.jsx[2m > [22m[2mGetting Started
[22m[39m[useTabContext] Used outside of TabProvider, returning default values
[90mstdout[2m | src/components/ChatSidebar.stories.jsx[2m > [22m[2mGetting Started
[22m[39m[useTranslationWithCapture] t() called: {
  "key": "chatSidebar.aiAssistant",
  "mode": "off",
  "namespace": "components",
  "value": "AI Assistant",
}
[90mstdout[2m | src/components/ChatSidebar.stories.jsx[2m > [22m[2mGetting Started
[22m[39m[useTranslationWithCapture] t() called: {
  "key": "chatSidebar.newChat",
  "mode": "off",
  "namespace": "components",
  "value": "New chat",
}
[90mstdout[2m | src/components/ChatSidebar.stories.jsx[2m > [22m[2mGetting Started
[22m[39m[useTranslationWithCapture] t() called: {
  "key": "chatSidebar.archiveChat",
  "mode": "off",
  "namespace": "components",
  "value": "Archive chat",
}
[90mstdout[2m | src/components/ChatSidebar.stories.jsx[2m > [22m[2mGetting Started
[22m[39m[useTranslationWithCapture] t() called: {
  "key": "chatSidebar.welcomeMessage",
  "mode": "off",
  "namespace": "components",
  "value": "Ask me anything about your curriculum, files, or content!",
}
[90mstdout[2m | src/components/ChatSidebar.stories.jsx[2m > [22m[2mGetting Started
[22m[39m[useTranslationWithCapture] t() called: {
  "key": "chatSidebar.askMeAnything",
  "mode": "off",
  "namespace": "components",
  "value": "Ask me anything...",
}
[90mstdout[2m | src/components/ChatSidebar.stories.jsx[2m > [22m[2mGetting Started
[22m[39m[useTranslationWithCapture] t() called: {
  "key": "actions.send",
  "mode": "off",
  "namespace": "components",
  "value": "Send",
}
[90mstdout[2m | src/components/ChatSidebar.stories.jsx[2m > [22m[2mGetting Started
[22m[39m[useTranslationWithCapture] t() called: {
  "key": "chatSidebar.reviewImportVocabulary",
  "mode": "off",
  "namespace": "components",
  "value": "Review & Import Vocabulary",
}
[90mstdout[2m | src/components/ChatSidebar.stories.jsx[2m > [22m[2mGetting Started
[22m[39m[useTranslationWithCapture] t() called: {
  "key": "chatSidebar.confirm",
  "mode": "off",
  "namespace": "components",
  "value": "Confirm",
}
[90mstdout[2m | src/components/ChatSidebar.stories.jsx[2m > [22m[2mGetting Started
[22m[39m[useTranslationWithCapture] t() called: {
  "key": "chatSidebar.cancel",
  "mode": "off",
  "namespace": "components",
  "value": "Cancel",
}
[90mstderr[2m | src/components/ChatSidebar.stories.jsx[2m > [22m[2mGetting Started
[22m[39m[useTabContext] Used outside of TabProvider, returning default values
[90mstdout[2m | src/components/ChatSidebar.stories.jsx[2m > [22m[2mGetting Started
[22m[39m[useTranslationWithCapture] t() called: {
  "key": "chatSidebar.aiAssistant",
  "mode": "off",
  "namespace": "components",
  "value": "AI Assistant",
}
[90mstdout[2m | src/components/ChatSidebar.stories.jsx[2m > [22m[2mGetting Started
[22m[39m[useTranslationWithCapture] t() called: {
  "key": "chatSidebar.newChat",
  "mode": "off",
  "namespace": "components",
  "value": "New chat",
}
[90mstdout[2m | src/components/ChatSidebar.stories.jsx[2m > [22m[2mGetting Started
[22m[39m[useTranslationWithCapture] t() called: {
  "key": "chatSidebar.archiveChat",
  "mode": "off",
  "namespace": "components",
  "value": "Archive chat",
}
[90mstdout[2m | src/components/ChatSidebar.stories.jsx[2m > [22m[2mGetting Started
[22m[39m[useTranslationWithCapture] t() called: {
  "key": "chatSidebar.welcomeMessage",
  "mode": "off",
  "namespace": "components",
  "value": "Ask me anything about your curriculum, files, or content!",
}
[90mstdout[2m | src/components/ChatSidebar.stories.jsx[2m > [22m[2mGetting Started
[22m[39m[useTranslationWithCapture] t() called: {
  "key": "chatSidebar.askMeAnything",
  "mode": "off",
  "namespace": "components",
  "value": "Ask me anything...",
}
[90mstdout[2m | src/components/ChatSidebar.stories.jsx[2m > [22m[2mGetting Started
[22m[39m[useTranslationWithCapture] t() called: {
  "key": "actions.send",
  "mode": "off",
  "namespace": "components",
  "value": "Send",
}
[90mstdout[2m | src/components/ChatSidebar.stories.jsx[2m > [22m[2mGetting Started
[22m[39m[useTranslationWithCapture] t() called: {
  "key": "chatSidebar.reviewImportVocabulary",
  "mode": "off",
  "namespace": "components",
  "value": "Review & Import Vocabulary",
}
[90mstdout[2m | src/components/ChatSidebar.stories.jsx[2m > [22m[2mGetting Started
[22m[39m[useTranslationWithCapture] t() called: {
  "key": "chatSidebar.confirm",
  "mode": "off",
  "namespace": "components",
  "value": "Confirm",
}
[90mstdout[2m | src/components/ChatSidebar.stories.jsx[2m > [22m[2mGetting Started
[22m[39m[useTranslationWithCapture] t() called: {
  "key": "chatSidebar.cancel",
  "mode": "off",
  "namespace": "components",
  "value": "Cancel",
}
[90mstderr[2m | src/components/ChatSidebar.stories.jsx[2m > [22m[2mGetting Started
[22m[39m[useTabContext] Used outside of TabProvider, returning default values
[90mstdout[2m | src/components/ChatSidebar.stories.jsx[2m > [22m[2mGetting Started
[22m[39m[useTranslationWithCapture] t() called: {
  "key": "chatSidebar.aiAssistant",
  "mode": "off",
  "namespace": "components",
  "value": "AI Assistant",
}
[90mstdout[2m | src/components/ChatSidebar.stories.jsx[2m > [22m[2mGetting Started
[22m[39m[useTranslationWithCapture] t() called: {
  "key": "chatSidebar.newChat",
  "mode": "off",
  "namespace": "components",
  "value": "New chat",
}
[90mstdout[2m | src/components/ChatSidebar.stories.jsx[2m > [22m[2mGetting Started
[22m[39m[useTranslationWithCapture] t() called: {
  "key": "chatSidebar.archiveChat",
  "mode": "off",
  "namespace": "components",
  "value": "Archive chat",
}
[90mstdout[2m | src/components/ChatSidebar.stories.jsx[2m > [22m[2mGetting Started
[22m[39m[useTranslationWithCapture] t() called: {
  "key": "chatSidebar.welcomeMessage",
  "mode": "off",
  "namespace": "components",
  "value": "Ask me anything about your curriculum, files, or content!",
}
[90mstdout[2m | src/components/ChatSidebar.stories.jsx[2m > [22m[2mGetting Started
[22m[39m[useTranslationWithCapture] t() called: {
  "key": "chatSidebar.askMeAnything",
  "mode": "off",
  "namespace": "components",
  "value": "Ask me anything...",
}
[90mstdout[2m | src/components/ChatSidebar.stories.jsx[2m > [22m[2mGetting Started
[22m[39m[useTranslationWithCapture] t() called: {
  "key": "actions.send",
  "mode": "off",
  "namespace": "components",
  "value": "Send",
}
[90mstdout[2m | src/components/ChatSidebar.stories.jsx[2m > [22m[2mGetting Started
[22m[39m[useTranslationWithCapture] t() called: {
  "key": "chatSidebar.reviewImportVocabulary",
  "mode": "off",
  "namespace": "components",
  "value": "Review & Import Vocabulary",
}
[90mstdout[2m | src/components/ChatSidebar.stories.jsx[2m > [22m[2mGetting Started
[22m[39m[useTranslationWithCapture] t() called: {
  "key": "chatSidebar.confirm",
  "mode": "off",
  "namespace": "components",
  "value": "Confirm",
}
[90mstdout[2m | src/components/ChatSidebar.stories.jsx[2m > [22m[2mGetting Started
[22m[39m[useTranslationWithCapture] t() called: {
  "key": "chatSidebar.cancel",
  "mode": "off",
  "namespace": "components",
  "value": "Cancel",
}
[90mstderr[2m | src/components/ChatSidebar.stories.jsx[2m > [22m[2mGetting Started
[22m[39m[useTabContext] Used outside of TabProvider, returning default values
[90mstdout[2m | src/components/ChatSidebar.stories.jsx[2m > [22m[2mGetting Started
[22m[39m[useTranslationWithCapture] t() called: {
  "key": "chatSidebar.aiAssistant",
  "mode": "off",
  "namespace": "components",
  "value": "AI Assistant",
}
[90mstdout[2m | src/components/ChatSidebar.stories.jsx[2m > [22m[2mGetting Started
[22m[39m[useTranslationWithCapture] t() called: {
  "key": "chatSidebar.newChat",
  "mode": "off",
  "namespace": "components",
  "value": "New chat",
}
[90mstdout[2m | src/components/ChatSidebar.stories.jsx[2m > [22m[2mGetting Started
[22m[39m[useTranslationWithCapture] t() called: {
  "key": "chatSidebar.archiveChat",
  "mode": "off",
  "namespace": "components",
  "value": "Archive chat",
}
[90mstdout[2m | src/components/ChatSidebar.stories.jsx[2m > [22m[2mGetting Started
[22m[39m[useTranslationWithCapture] t() called: {
  "key": "chatSidebar.welcomeMessage",
  "mode": "off",
  "namespace": "components",
  "value": "Ask me anything about your curriculum, files, or content!",
}
[90mstdout[2m | src/components/ChatSidebar.stories.jsx[2m > [22m[2mGetting Started
[22m[39m[useTranslationWithCapture] t() called: {
  "key": "chatSidebar.askMeAnything",
  "mode": "off",
  "namespace": "components",
  "value": "Ask me anything...",
}
[90mstdout[2m | src/components/ChatSidebar.stories.jsx[2m > [22m[2mGetting Started
[22m[39m[useTranslationWithCapture] t() called: {
  "key": "actions.send",
  "mode": "off",
  "namespace": "components",
  "value": "Send",
}
[90mstdout[2m | src/components/ChatSidebar.stories.jsx[2m > [22m[2mGetting Started
[22m[39m[useTranslationWithCapture] t() called: {
  "key": "chatSidebar.reviewImportVocabulary",
  "mode": "off",
  "namespace": "components",
  "value": "Review & Import Vocabulary",
}
[90mstdout[2m | src/components/ChatSidebar.stories.jsx[2m > [22m[2mGetting Started
[22m[39m[useTranslationWithCapture] t() called: {
  "key": "chatSidebar.confirm",
  "mode": "off",
  "namespace": "components",
  "value": "Confirm",
}
[90mstdout[2m | src/components/ChatSidebar.stories.jsx[2m > [22m[2mGetting Started
[22m[39m[useTranslationWithCapture] t() called: {
  "key": "chatSidebar.cancel",
  "mode": "off",
  "namespace": "components",
  "value": "Cancel",
}
[90mstderr[2m | src/components/ChatSidebar.stories.jsx[2m > [22m[2mGetting Started
[22m[39m[useTabContext] Used outside of TabProvider, returning default values
[90mstdout[2m | src/components/ChatSidebar.stories.jsx[2m > [22m[2mGetting Started
[22m[39m[useTranslationWithCapture] t() called: {
  "key": "chatSidebar.aiAssistant",
  "mode": "off",
  "namespace": "components",
  "value": "AI Assistant",
}
[90mstdout[2m | src/components/ChatSidebar.stories.jsx[2m > [22m[2mGetting Started
[22m[39m[useTranslationWithCapture] t() called: {
  "key": "chatSidebar.newChat",
  "mode": "off",
  "namespace": "components",
  "value": "New chat",
}
[90mstdout[2m | src/components/ChatSidebar.stories.jsx[2m > [22m[2mGetting Started
[22m[39m[useTranslationWithCapture] t() called: {
  "key": "chatSidebar.archiveChat",
  "mode": "off",
  "namespace": "components",
  "value": "Archive chat",
}
[90mstdout[2m | src/components/ChatSidebar.stories.jsx[2m > [22m[2mGetting Started
[22m[39m[useTranslationWithCapture] t() called: {
  "key": "chatSidebar.welcomeMessage",
  "mode": "off",
  "namespace": "components",
  "value": "Ask me anything about your curriculum, files, or content!",
}
[90mstdout[2m | src/components/ChatSidebar.stories.jsx[2m > [22m[2mGetting Started
[22m[39m[useTranslationWithCapture] t() called: {
  "key": "chatSidebar.askMeAnything",
  "mode": "off",
  "namespace": "components",
  "value": "Ask me anything...",
}
[90mstdout[2m | src/components/ChatSidebar.stories.jsx[2m > [22m[2mGetting Started
[22m[39m[useTranslationWithCapture] t() called: {
  "key": "actions.send",
  "mode": "off",
  "namespace": "components",
  "value": "Send",
}
[90mstdout[2m | src/components/ChatSidebar.stories.jsx[2m > [22m[2mGetting Started
[22m[39m[useTranslationWithCapture] t() called: {
  "key": "chatSidebar.reviewImportVocabulary",
  "mode": "off",
  "namespace": "components",
  "value": "Review & Import Vocabulary",
}
[90mstdout[2m | src/components/ChatSidebar.stories.jsx[2m > [22m[2mGetting Started
[22m[39m[useTranslationWithCapture] t() called: {
  "key": "chatSidebar.confirm",
  "mode": "off",
  "namespace": "components",
  "value": "Confirm",
}
[90mstdout[2m | src/components/ChatSidebar.stories.jsx[2m > [22m[2mGetting Started
[22m[39m[useTranslationWithCapture] t() called: {
  "key": "chatSidebar.cancel",
  "mode": "off",
  "namespace": "components",
  "value": "Cancel",
}
[90mstderr[2m | src/components/ChatSidebar.stories.jsx[2m > [22m[2mGetting Started
[22m[39m[useTabContext] Used outside of TabProvider, returning default values
[90mstdout[2m | src/components/ChatSidebar.stories.jsx[2m > [22m[2mGetting Started
[22m[39m[useTranslationWithCapture] t() called: {
  "key": "chatSidebar.aiAssistant",
  "mode": "off",
  "namespace": "components",
  "value": "AI Assistant",
}
[90mstdout[2m | src/components/ChatSidebar.stories.jsx[2m > [22m[2mGetting Started
[22m[39m[useTranslationWithCapture] t() called: {
  "key": "chatSidebar.newChat",
  "mode": "off",
  "namespace": "components",
  "value": "New chat",
}
[90mstdout[2m | src/components/ChatSidebar.stories.jsx[2m > [22m[2mGetting Started
[22m[39m[useTranslationWithCapture] t() called: {
  "key": "chatSidebar.archiveChat",
  "mode": "off",
  "namespace": "components",
  "value": "Archive chat",
}
[90mstdout[2m | src/components/ChatSidebar.stories.jsx[2m > [22m[2mGetting Started
[22m[39m[useTranslationWithCapture] t() called: {
  "key": "chatSidebar.welcomeMessage",
  "mode": "off",
  "namespace": "components",
  "value": "Ask me anything about your curriculum, files, or content!",
}
[90mstdout[2m | src/components/ChatSidebar.stories.jsx[2m > [22m[2mGetting Started
[22m[39m[useTranslationWithCapture] t() called: {
  "key": "chatSidebar.askMeAnything",
  "mode": "off",
  "namespace": "components",
  "value": "Ask me anything...",
}
[90mstdout[2m | src/components/ChatSidebar.stories.jsx[2m > [22m[2mGetting Started
[22m[39m[useTranslationWithCapture] t() called: {
  "key": "actions.send",
  "mode": "off",
  "namespace": "components",
  "value": "Send",
}
[90mstdout[2m | src/components/ChatSidebar.stories.jsx[2m > [22m[2mGetting Started
[22m[39m[useTranslationWithCapture] t() called: {
  "key": "chatSidebar.reviewImportVocabulary",
  "mode": "off",
  "namespace": "components",
  "value": "Review & Import Vocabulary",
}
[90mstdout[2m | src/components/ChatSidebar.stories.jsx[2m > [22m[2mGetting Started
[22m[39m[useTranslationWithCapture] t() called: {
  "key": "chatSidebar.confirm",
  "mode": "off",
  "namespace": "components",
  "value": "Confirm",
}
[90mstdout[2m | src/components/ChatSidebar.stories.jsx[2m > [22m[2mGetting Started
[22m[39m[useTranslationWithCapture] t() called: {
  "key": "chatSidebar.cancel",
  "mode": "off",
  "namespace": "components",
  "value": "Cancel",
}
[90mstderr[2m | src/components/ChatSidebar.stories.jsx[2m > [22m[2mGetting Started
[22m[39m[useTabContext] Used outside of TabProvider, returning default values
[90mstdout[2m | src/components/ChatSidebar.stories.jsx[2m > [22m[2mGetting Started
[22m[39m[useTranslationWithCapture] t() called: {
  "key": "chatSidebar.aiAssistant",
  "mode": "off",
  "namespace": "components",
  "value": "AI Assistant",
}
[90mstdout[2m | src/components/ChatSidebar.stories.jsx[2m > [22m[2mGetting Started
[22m[39m[useTranslationWithCapture] t() called: {
  "key": "chatSidebar.newChat",
  "mode": "off",
  "namespace": "components",
  "value": "New chat",
}
[90mstdout[2m | src/components/ChatSidebar.stories.jsx[2m > [22m[2mGetting Started
[22m[39m[useTranslationWithCapture] t() called: {
  "key": "chatSidebar.archiveChat",
  "mode": "off",
  "namespace": "components",
  "value": "Archive chat",
}
[90mstdout[2m | src/components/ChatSidebar.stories.jsx[2m > [22m[2mGetting Started
[22m[39m[useTranslationWithCapture] t() called: {
  "key": "chatSidebar.welcomeMessage",
  "mode": "off",
  "namespace": "components",
  "value": "Ask me anything about your curriculum, files, or content!",
}
[90mstdout[2m | src/components/ChatSidebar.stories.jsx[2m > [22m[2mGetting Started
[22m[39m[useTranslationWithCapture] t() called: {
  "key": "chatSidebar.askMeAnything",
  "mode": "off",
  "namespace": "components",
  "value": "Ask me anything...",
}
[90mstdout[2m | src/components/ChatSidebar.stories.jsx[2m > [22m[2mGetting Started
[22m[39m[useTranslationWithCapture] t() called: {
  "key": "actions.send",
  "mode": "off",
  "namespace": "components",
  "value": "Send",
}
[90mstdout[2m | src/components/ChatSidebar.stories.jsx[2m > [22m[2mGetting Started
[22m[39m[useTranslationWithCapture] t() called: {
  "key": "chatSidebar.reviewImportVocabulary",
  "mode": "off",
  "namespace": "components",
  "value": "Review & Import Vocabulary",
}
[90mstdout[2m | src/components/ChatSidebar.stories.jsx[2m > [22m[2mGetting Started
[22m[39m[useTranslationWithCapture] t() called: {
  "key": "chatSidebar.confirm",
  "mode": "off",
  "namespace": "components",
  "value": "Confirm",
}
[90mstdout[2m | src/components/ChatSidebar.stories.jsx[2m > [22m[2mGetting Started
[22m[39m[useTranslationWithCapture] t() called: {
  "key": "chatSidebar.cancel",
  "mode": "off",
  "namespace": "components",
  "value": "Cancel",
}
[90mstderr[2m | src/components/ChatSidebar.stories.jsx[2m > [22m[2mGetting Started
[22m[39m[useTabContext] Used outside of TabProvider, returning default values
[90mstdout[2m | src/components/ChatSidebar.stories.jsx[2m > [22m[2mGetting Started
[22m[39m[useTranslationWithCapture] t() called: {
  "key": "chatSidebar.aiAssistant",
  "mode": "off",
  "namespace": "components",
  "value": "AI Assistant",
}
[90mstdout[2m | src/components/ChatSidebar.stories.jsx[2m > [22m[2mGetting Started
[22m[39m[useTranslationWithCapture] t() called: {
  "key": "chatSidebar.newChat",
  "mode": "off",
  "namespace": "components",
  "value": "New chat",
}
[90mstdout[2m | src/components/ChatSidebar.stories.jsx[2m > [22m[2mGetting Started
[22m[39m[useTranslationWithCapture] t() called: {
  "key": "chatSidebar.archiveChat",
  "mode": "off",
  "namespace": "components",
  "value": "Archive chat",
}
[90mstdout[2m | src/components/ChatSidebar.stories.jsx[2m > [22m[2mGetting Started
[22m[39m[useTranslationWithCapture] t() called: {
  "key": "chatSidebar.welcomeMessage",
  "mode": "off",
  "namespace": "components",
  "value": "Ask me anything about your curriculum, files, or content!",
}
[90mstdout[2m | src/components/ChatSidebar.stories.jsx[2m > [22m[2mGetting Started
[22m[39m[useTranslationWithCapture] t() called: {
  "key": "chatSidebar.askMeAnything",
  "mode": "off",
  "namespace": "components",
  "value": "Ask me anything...",
}
[90mstdout[2m | src/components/ChatSidebar.stories.jsx[2m > [22m[2mGetting Started
[22m[39m[useTranslationWithCapture] t() called: {
  "key": "actions.send",
  "mode": "off",
  "namespace": "components",
  "value": "Send",
}
[90mstdout[2m | src/components/ChatSidebar.stories.jsx[2m > [22m[2mGetting Started
[22m[39m[useTranslationWithCapture] t() called: {
  "key": "chatSidebar.reviewImportVocabulary",
  "mode": "off",
  "namespace": "components",
  "value": "Review & Import Vocabulary",
}
[90mstdout[2m | src/components/ChatSidebar.stories.jsx[2m > [22m[2mGetting Started
[22m[39m[useTranslationWithCapture] t() called: {
  "key": "chatSidebar.confirm",
  "mode": "off",
  "namespace": "components",
  "value": "Confirm",
}
[90mstdout[2m | src/components/ChatSidebar.stories.jsx[2m > [22m[2mGetting Started
[22m[39m[useTranslationWithCapture] t() called: {
  "key": "chatSidebar.cancel",
  "mode": "off",
  "namespace": "components",
  "value": "Cancel",
}
[90mstderr[2m | src/components/ChatSidebar.stories.jsx[2m > [22m[2mGetting Started
[22m[39m[useTabContext] Used outside of TabProvider, returning default values
[90mstdout[2m | src/components/ChatSidebar.stories.jsx[2m > [22m[2mGetting Started
[22m[39m[useTranslationWithCapture] t() called: {
  "key": "chatSidebar.aiAssistant",
  "mode": "off",
  "namespace": "components",
  "value": "AI Assistant",
}
[90mstdout[2m | src/components/ChatSidebar.stories.jsx[2m > [22m[2mGetting Started
[22m[39m[useTranslationWithCapture] t() called: {
  "key": "chatSidebar.newChat",
  "mode": "off",
  "namespace": "components",
  "value": "New chat",
}
[90mstdout[2m | src/components/ChatSidebar.stories.jsx[2m > [22m[2mGetting Started
[22m[39m[useTranslationWithCapture] t() called: {
  "key": "chatSidebar.archiveChat",
  "mode": "off",
  "namespace": "components",
  "value": "Archive chat",
}
[90mstdout[2m | src/components/ChatSidebar.stories.jsx[2m > [22m[2mGetting Started
[22m[39m[useTranslationWithCapture] t() called: {
  "key": "chatSidebar.welcomeMessage",
  "mode": "off",
  "namespace": "components",
  "value": "Ask me anything about your curriculum, files, or content!",
}
[90mstdout[2m | src/components/ChatSidebar.stories.jsx[2m > [22m[2mGetting Started
[22m[39m[useTranslationWithCapture] t() called: {
  "key": "chatSidebar.askMeAnything",
  "mode": "off",
  "namespace": "components",
  "value": "Ask me anything...",
}
[90mstdout[2m | src/components/ChatSidebar.stories.jsx[2m > [22m[2mGetting Started
[22m[39m[useTranslationWithCapture] t() called: {
  "key": "actions.send",
  "mode": "off",
  "namespace": "components",
  "value": "Send",
}
[90mstdout[2m | src/components/ChatSidebar.stories.jsx[2m > [22m[2mGetting Started
[22m[39m[useTranslationWithCapture] t() called: {
  "key": "chatSidebar.reviewImportVocabulary",
  "mode": "off",
  "namespace": "components",
  "value": "Review & Import Vocabulary",
}
[90mstdout[2m | src/components/ChatSidebar.stories.jsx[2m > [22m[2mGetting Started
[22m[39m[useTranslationWithCapture] t() called: {
  "key": "chatSidebar.confirm",
  "mode": "off",
  "namespace": "components",
  "value": "Confirm",
}
[90mstdout[2m | src/components/ChatSidebar.stories.jsx[2m > [22m[2mGetting Started
[22m[39m[useTranslationWithCapture] t() called: {
  "key": "chatSidebar.cancel",
  "mode": "off",
  "namespace": "components",
  "value": "Cancel",
}
[90mstderr[2m | src/components/ChatSidebar.stories.jsx[2m > [22m[2mGetting Started
[22m[39m[useTabContext] Used outside of TabProvider, returning default values
[90mstdout[2m | src/components/ChatSidebar.stories.jsx[2m > [22m[2mGetting Started
[22m[39m[useTranslationWithCapture] t() called: {
  "key": "chatSidebar.aiAssistant",
  "mode": "off",
  "namespace": "components",
  "value": "AI Assistant",
}
[90mstdout[2m | src/components/ChatSidebar.stories.jsx[2m > [22m[2mGetting Started
[22m[39m[useTranslationWithCapture] t() called: {
  "key": "chatSidebar.newChat",
  "mode": "off",
  "namespace": "components",
  "value": "New chat",
}
[90mstdout[2m | src/components/ChatSidebar.stories.jsx[2m > [22m[2mGetting Started
[22m[39m[useTranslationWithCapture] t() called: {
  "key": "chatSidebar.archiveChat",
  "mode": "off",
  "namespace": "components",
  "value": "Archive chat",
}
[90mstdout[2m | src/components/ChatSidebar.stories.jsx[2m > [22m[2mGetting Started
[22m[39m[useTranslationWithCapture] t() called: {
  "key": "chatSidebar.welcomeMessage",
  "mode": "off",
  "namespace": "components",
  "value": "Ask me anything about your curriculum, files, or content!",
}
[90mstdout[2m | src/components/ChatSidebar.stories.jsx[2m > [22m[2mGetting Started
[22m[39m[useTranslationWithCapture] t() called: {
  "key": "chatSidebar.askMeAnything",
  "mode": "off",
  "namespace": "components",
  "value": "Ask me anything...",
}
[90mstdout[2m | src/components/ChatSidebar.stories.jsx[2m > [22m[2mGetting Started
[22m[39m[useTranslationWithCapture] t() called: {
  "key": "actions.send",
  "mode": "off",
  "namespace": "components",
  "value": "Send",
}
[90mstdout[2m | src/components/ChatSidebar.stories.jsx[2m > [22m[2mGetting Started
[22m[39m[useTranslationWithCapture] t() called: {
  "key": "chatSidebar.reviewImportVocabulary",
  "mode": "off",
  "namespace": "components",
  "value": "Review & Import Vocabulary",
}
[90mstdout[2m | src/components/ChatSidebar.stories.jsx[2m > [22m[2mGetting Started
[22m[39m[useTranslationWithCapture] t() called: {
  "key": "chatSidebar.confirm",
  "mode": "off",
  "namespace": "components",
  "value": "Confirm",
}
[90mstdout[2m | src/components/ChatSidebar.stories.jsx[2m > [22m[2mGetting Started
[22m[39m[useTranslationWithCapture] t() called: {
  "key": "chatSidebar.cancel",
  "mode": "off",
  "namespace": "components",
  "value": "Cancel",
}
[90mstderr[2m | src/components/ChatSidebar.stories.jsx[2m > [22m[2mGetting Started
[22m[39m[useTabContext] Used outside of TabProvider, returning default values
[90mstdout[2m | src/components/ChatSidebar.stories.jsx[2m > [22m[2mGetting Started
[22m[39m[useTranslationWithCapture] t() called: {
  "key": "chatSidebar.aiAssistant",
  "mode": "off",
  "namespace": "components",
  "value": "AI Assistant",
}
[90mstdout[2m | src/components/ChatSidebar.stories.jsx[2m > [22m[2mGetting Started
[22m[39m[useTranslationWithCapture] t() called: {
  "key": "chatSidebar.newChat",
  "mode": "off",
  "namespace": "components",
  "value": "New chat",
}
[90mstdout[2m | src/components/ChatSidebar.stories.jsx[2m > [22m[2mGetting Started
[22m[39m[useTranslationWithCapture] t() called: {
  "key": "chatSidebar.archiveChat",
  "mode": "off",
  "namespace": "components",
  "value": "Archive chat",
}
[90mstdout[2m | src/components/ChatSidebar.stories.jsx[2m > [22m[2mGetting Started
[22m[39m[useTranslationWithCapture] t() called: {
  "key": "chatSidebar.welcomeMessage",
  "mode": "off",
  "namespace": "components",
  "value": "Ask me anything about your curriculum, files, or content!",
}
[90mstdout[2m | src/components/ChatSidebar.stories.jsx[2m > [22m[2mGetting Started
[22m[39m[useTranslationWithCapture] t() called: {
  "key": "chatSidebar.askMeAnything",
  "mode": "off",
  "namespace": "components",
  "value": "Ask me anything...",
}
[90mstdout[2m | src/components/ChatSidebar.stories.jsx[2m > [22m[2mGetting Started
[22m[39m[useTranslationWithCapture] t() called: {
  "key": "actions.send",
  "mode": "off",
  "namespace": "components",
  "value": "Send",
}
[90mstdout[2m | src/components/ChatSidebar.stories.jsx[2m > [22m[2mGetting Started
[22m[39m[useTranslationWithCapture] t() called: {
  "key": "chatSidebar.reviewImportVocabulary",
  "mode": "off",
  "namespace": "components",
  "value": "Review & Import Vocabulary",
}
[90mstdout[2m | src/components/ChatSidebar.stories.jsx[2m > [22m[2mGetting Started
[22m[39m[useTranslationWithCapture] t() called: {
  "key": "chatSidebar.confirm",
  "mode": "off",
  "namespace": "components",
  "value": "Confirm",
}
[90mstdout[2m | src/components/ChatSidebar.stories.jsx[2m > [22m[2mGetting Started
[22m[39m[useTranslationWithCapture] t() called: {
  "key": "chatSidebar.cancel",
  "mode": "off",
  "namespace": "components",
  "value": "Cancel",
}
[90mstderr[2m | src/components/ChatSidebar.stories.jsx[2m > [22m[2mGetting Started
[22m[39m[useTabContext] Used outside of TabProvider, returning default values
[90mstdout[2m | src/components/ChatSidebar.stories.jsx[2m > [22m[2mGetting Started
[22m[39m[useTranslationWithCapture] t() called: {
  "key": "chatSidebar.aiAssistant",
  "mode": "off",
  "namespace": "components",
  "value": "AI Assistant",
}
[90mstdout[2m | src/components/ChatSidebar.stories.jsx[2m > [22m[2mGetting Started
[22m[39m[useTranslationWithCapture] t() called: {
  "key": "chatSidebar.newChat",
  "mode": "off",
  "namespace": "components",
  "value": "New chat",
}
[90mstdout[2m | src/components/ChatSidebar.stories.jsx[2m > [22m[2mGetting Started
[22m[39m[useTranslationWithCapture] t() called: {
  "key": "chatSidebar.archiveChat",
  "mode": "off",
  "namespace": "components",
  "value": "Archive chat",
}
[90mstdout[2m | src/components/ChatSidebar.stories.jsx[2m > [22m[2mGetting Started
[22m[39m[useTranslationWithCapture] t() called: {
  "key": "chatSidebar.welcomeMessage",
  "mode": "off",
  "namespace": "components",
  "value": "Ask me anything about your curriculum, files, or content!",
}
[90mstdout[2m | src/components/ChatSidebar.stories.jsx[2m > [22m[2mGetting Started
[22m[39m[useTranslationWithCapture] t() called: {
  "key": "chatSidebar.askMeAnything",
  "mode": "off",
  "namespace": "components",
  "value": "Ask me anything...",
}
[90mstdout[2m | src/components/ChatSidebar.stories.jsx[2m > [22m[2mGetting Started
[22m[39m[useTranslationWithCapture] t() called: {
  "key": "actions.send",
  "mode": "off",
  "namespace": "components",
  "value": "Send",
}
[90mstdout[2m | src/components/ChatSidebar.stories.jsx[2m > [22m[2mGetting Started
[22m[39m[useTranslationWithCapture] t() called: {
  "key": "chatSidebar.reviewImportVocabulary",
  "mode": "off",
  "namespace": "components",
  "value": "Review & Import Vocabulary",
}
[90mstdout[2m | src/components/ChatSidebar.stories.jsx[2m > [22m[2mGetting Started
[22m[39m[useTranslationWithCapture] t() called: {
  "key": "chatSidebar.confirm",
  "mode": "off",
  "namespace": "components",
  "value": "Confirm",
}
[90mstdout[2m | src/components/ChatSidebar.stories.jsx[2m > [22m[2mGetting Started
[22m[39m[useTranslationWithCapture] t() called: {
  "key": "chatSidebar.cancel",
  "mode": "off",
  "namespace": "components",
  "value": "Cancel",
}
[90mstderr[2m | src/components/ChatSidebar.stories.jsx[2m > [22m[2mGetting Started
[22m[39m[useTabContext] Used outside of TabProvider, returning default values
[90mstdout[2m | src/components/ChatSidebar.stories.jsx[2m > [22m[2mGetting Started
[22m[39m[useTranslationWithCapture] t() called: {
  "key": "chatSidebar.aiAssistant",
  "mode": "off",
  "namespace": "components",
  "value": "AI Assistant",
}
[90mstdout[2m | src/components/ChatSidebar.stories.jsx[2m > [22m[2mGetting Started
[22m[39m[useTranslationWithCapture] t() called: {
  "key": "chatSidebar.newChat",
  "mode": "off",
  "namespace": "components",
  "value": "New chat",
}
[90mstdout[2m | src/components/ChatSidebar.stories.jsx[2m > [22m[2mGetting Started
[22m[39m[useTranslationWithCapture] t() called: {
  "key": "chatSidebar.archiveChat",
  "mode": "off",
  "namespace": "components",
  "value": "Archive chat",
}
[90mstdout[2m | src/components/ChatSidebar.stories.jsx[2m > [22m[2mGetting Started
[22m[39m[useTranslationWithCapture] t() called: {
  "key": "chatSidebar.welcomeMessage",
  "mode": "off",
  "namespace": "components",
  "value": "Ask me anything about your curriculum, files, or content!",
}
[90mstdout[2m | src/components/ChatSidebar.stories.jsx[2m > [22m[2mGetting Started
[22m[39m[useTranslationWithCapture] t() called: {
  "key": "chatSidebar.askMeAnything",
  "mode": "off",
  "namespace": "components",
  "value": "Ask me anything...",
}
[90mstdout[2m | src/components/ChatSidebar.stories.jsx[2m > [22m[2mGetting Started
[22m[39m[useTranslationWithCapture] t() called: {
  "key": "actions.send",
  "mode": "off",
  "namespace": "components",
  "value": "Send",
}
[90mstdout[2m | src/components/ChatSidebar.stories.jsx[2m > [22m[2mGetting Started
[22m[39m[useTranslationWithCapture] t() called: {
  "key": "chatSidebar.reviewImportVocabulary",
  "mode": "off",
  "namespace": "components",
  "value": "Review & Import Vocabulary",
}
[90mstdout[2m | src/components/ChatSidebar.stories.jsx[2m > [22m[2mGetting Started
[22m[39m[useTranslationWithCapture] t() called: {
  "key": "chatSidebar.confirm",
  "mode": "off",
  "namespace": "components",
  "value": "Confirm",
}
[90mstdout[2m | src/components/ChatSidebar.stories.jsx[2m > [22m[2mGetting Started
[22m[39m[useTranslationWithCapture] t() called: {
  "key": "chatSidebar.cancel",
  "mode": "off",
  "namespace": "components",
  "value": "Cancel",
}
[90mstderr[2m | src/components/ChatSidebar.stories.jsx[2m > [22m[2mGetting Started
[22m[39m[useTabContext] Used outside of TabProvider, returning default values
[90mstdout[2m | src/components/ChatSidebar.stories.jsx[2m > [22m[2mGetting Started
[22m[39m[useTranslationWithCapture] t() called: {
  "key": "chatSidebar.aiAssistant",
  "mode": "off",
  "namespace": "components",
  "value": "AI Assistant",
}
[90mstdout[2m | src/components/ChatSidebar.stories.jsx[2m > [22m[2mGetting Started
[22m[39m[useTranslationWithCapture] t() called: {
  "key": "chatSidebar.newChat",
  "mode": "off",
  "namespace": "components",
  "value": "New chat",
}
[90mstdout[2m | src/components/ChatSidebar.stories.jsx[2m > [22m[2mGetting Started
[22m[39m[useTranslationWithCapture] t() called: {
  "key": "chatSidebar.archiveChat",
  "mode": "off",
  "namespace": "components",
  "value": "Archive chat",
}
[90mstdout[2m | src/components/ChatSidebar.stories.jsx[2m > [22m[2mGetting Started
[22m[39m[useTranslationWithCapture] t() called: {
  "key": "chatSidebar.welcomeMessage",
  "mode": "off",
  "namespace": "components",
  "value": "Ask me anything about your curriculum, files, or content!",
}
[90mstdout[2m | src/components/ChatSidebar.stories.jsx[2m > [22m[2mGetting Started
[22m[39m[useTranslationWithCapture] t() called: {
  "key": "chatSidebar.askMeAnything",
  "mode": "off",
  "namespace": "components",
  "value": "Ask me anything...",
}
[90mstdout[2m | src/components/ChatSidebar.stories.jsx[2m > [22m[2mGetting Started
[22m[39m[useTranslationWithCapture] t() called: {
  "key": "actions.send",
  "mode": "off",
  "namespace": "components",
  "value": "Send",
}
[90mstdout[2m | src/components/ChatSidebar.stories.jsx[2m > [22m[2mGetting Started
[22m[39m[useTranslationWithCapture] t() called: {
  "key": "chatSidebar.reviewImportVocabulary",
  "mode": "off",
  "namespace": "components",
  "value": "Review & Import Vocabulary",
}
[90mstdout[2m | src/components/ChatSidebar.stories.jsx[2m > [22m[2mGetting Started
[22m[39m[useTranslationWithCapture] t() called: {
  "key": "chatSidebar.confirm",
  "mode": "off",
  "namespace": "components",
  "value": "Confirm",
}
[90mstdout[2m | src/components/ChatSidebar.stories.jsx[2m > [22m[2mGetting Started
[22m[39m[useTranslationWithCapture] t() called: {
  "key": "chatSidebar.cancel",
  "mode": "off",
  "namespace": "components",
  "value": "Cancel",
}
[90mstderr[2m | src/components/ChatSidebar.stories.jsx[2m > [22m[2mGetting Started
[22m[39m[useTabContext] Used outside of TabProvider, returning default values
[90mstdout[2m | src/components/ChatSidebar.stories.jsx[2m > [22m[2mGetting Started
[22m[39m[useTranslationWithCapture] t() called: {
  "key": "chatSidebar.aiAssistant",
  "mode": "off",
  "namespace": "components",
  "value": "AI Assistant",
}
[90mstdout[2m | src/components/ChatSidebar.stories.jsx[2m > [22m[2mGetting Started
[22m[39m[useTranslationWithCapture] t() called: {
  "key": "chatSidebar.newChat",
  "mode": "off",
  "namespace": "components",
  "value": "New chat",
}
[90mstdout[2m | src/components/ChatSidebar.stories.jsx[2m > [22m[2mGetting Started
[22m[39m[useTranslationWithCapture] t() called: {
  "key": "chatSidebar.archiveChat",
  "mode": "off",
  "namespace": "components",
  "value": "Archive chat",
}
[90mstdout[2m | src/components/ChatSidebar.stories.jsx[2m > [22m[2mGetting Started
[22m[39m[useTranslationWithCapture] t() called: {
  "key": "chatSidebar.welcomeMessage",
  "mode": "off",
  "namespace": "components",
  "value": "Ask me anything about your curriculum, files, or content!",
}
[90mstdout[2m | src/components/ChatSidebar.stories.jsx[2m > [22m[2mGetting Started
[22m[39m[useTranslationWithCapture] t() called: {
  "key": "chatSidebar.askMeAnything",
  "mode": "off",
  "namespace": "components",
  "value": "Ask me anything...",
}
[90mstdout[2m | src/components/ChatSidebar.stories.jsx[2m > [22m[2mGetting Started
[22m[39m[useTranslationWithCapture] t() called: {
  "key": "actions.send",
  "mode": "off",
  "namespace": "components",
  "value": "Send",
}
[90mstdout[2m | src/components/ChatSidebar.stories.jsx[2m > [22m[2mGetting Started
[22m[39m[useTranslationWithCapture] t() called: {
  "key": "chatSidebar.reviewImportVocabulary",
  "mode": "off",
  "namespace": "components",
  "value": "Review & Import Vocabulary",
}
[90mstdout[2m | src/components/ChatSidebar.stories.jsx[2m > [22m[2mGetting Started
[22m[39m[useTranslationWithCapture] t() called: {
  "key": "chatSidebar.confirm",
  "mode": "off",
  "namespace": "components",
  "value": "Confirm",
}
[90mstdout[2m | src/components/ChatSidebar.stories.jsx[2m > [22m[2mGetting Started
[22m[39m[useTranslationWithCapture] t() called: {
  "key": "chatSidebar.cancel",
  "mode": "off",
  "namespace": "components",
  "value": "Cancel",
}
[90mstderr[2m | src/components/ChatSidebar.stories.jsx[2m > [22m[2mGetting Started
[22m[39m[useTabContext] Used outside of TabProvider, returning default values
[90mstdout[2m | src/components/ChatSidebar.stories.jsx[2m > [22m[2mGetting Started
[22m[39m[useTranslationWithCapture] t() called: {
  "key": "chatSidebar.aiAssistant",
  "mode": "off",
  "namespace": "components",
  "value": "AI Assistant",
}
[90mstdout[2m | src/components/ChatSidebar.stories.jsx[2m > [22m[2mGetting Started
[22m[39m[useTranslationWithCapture] t() called: {
  "key": "chatSidebar.newChat",
  "mode": "off",
  "namespace": "components",
  "value": "New chat",
}
[90mstdout[2m | src/components/ChatSidebar.stories.jsx[2m > [22m[2mGetting Started
[22m[39m[useTranslationWithCapture] t() called: {
  "key": "chatSidebar.archiveChat",
  "mode": "off",
  "namespace": "components",
  "value": "Archive chat",
}
[90mstdout[2m | src/components/ChatSidebar.stories.jsx[2m > [22m[2mGetting Started
[22m[39m[useTranslationWithCapture] t() called: {
  "key": "chatSidebar.welcomeMessage",
  "mode": "off",
  "namespace": "components",
  "value": "Ask me anything about your curriculum, files, or content!",
}
[90mstdout[2m | src/components/ChatSidebar.stories.jsx[2m > [22m[2mGetting Started
[22m[39m[useTranslationWithCapture] t() called: {
  "key": "chatSidebar.askMeAnything",
  "mode": "off",
  "namespace": "components",
  "value": "Ask me anything...",
}
[90mstdout[2m | src/components/ChatSidebar.stories.jsx[2m > [22m[2mGetting Started
[22m[39m[useTranslationWithCapture] t() called: {
  "key": "actions.send",
  "mode": "off",
  "namespace": "components",
  "value": "Send",
}
[90mstdout[2m | src/components/ChatSidebar.stories.jsx[2m > [22m[2mGetting Started
[22m[39m[useTranslationWithCapture] t() called: {
  "key": "chatSidebar.reviewImportVocabulary",
  "mode": "off",
  "namespace": "components",
  "value": "Review & Import Vocabulary",
}
[90mstdout[2m | src/components/ChatSidebar.stories.jsx[2m > [22m[2mGetting Started
[22m[39m[useTranslationWithCapture] t() called: {
  "key": "chatSidebar.confirm",
  "mode": "off",
  "namespace": "components",
  "value": "Confirm",
}
[90mstdout[2m | src/components/ChatSidebar.stories.jsx[2m > [22m[2mGetting Started
[22m[39m[useTranslationWithCapture] t() called: {
  "key": "chatSidebar.cancel",
  "mode": "off",
  "namespace": "components",
  "value": "Cancel",
}
[90mstderr[2m | src/components/ChatSidebar.stories.jsx[2m > [22m[2mGetting Started
[22m[39m[useTabContext] Used outside of TabProvider, returning default values
[90mstdout[2m | src/components/ChatSidebar.stories.jsx[2m > [22m[2mGetting Started
[22m[39m[useTranslationWithCapture] t() called: {
  "key": "chatSidebar.aiAssistant",
  "mode": "off",
  "namespace": "components",
  "value": "AI Assistant",
}
[90mstdout[2m | src/components/ChatSidebar.stories.jsx[2m > [22m[2mGetting Started
[22m[39m[useTranslationWithCapture] t() called: {
  "key": "chatSidebar.newChat",
  "mode": "off",
  "namespace": "components",
  "value": "New chat",
}
[90mstdout[2m | src/components/ChatSidebar.stories.jsx[2m > [22m[2mGetting Started
[22m[39m[useTranslationWithCapture] t() called: {
  "key": "chatSidebar.archiveChat",
  "mode": "off",
  "namespace": "components",
  "value": "Archive chat",
}
[90mstdout[2m | src/components/ChatSidebar.stories.jsx[2m > [22m[2mGetting Started
[22m[39m[useTranslationWithCapture] t() called: {
  "key": "chatSidebar.welcomeMessage",
  "mode": "off",
  "namespace": "components",
  "value": "Ask me anything about your curriculum, files, or content!",
}
[90mstdout[2m | src/components/ChatSidebar.stories.jsx[2m > [22m[2mGetting Started
[22m[39m[useTranslationWithCapture] t() called: {
  "key": "chatSidebar.askMeAnything",
  "mode": "off",
  "namespace": "components",
  "value": "Ask me anything...",
}
[90mstdout[2m | src/components/ChatSidebar.stories.jsx[2m > [22m[2mGetting Started
[22m[39m[useTranslationWithCapture] t() called: {
  "key": "actions.send",
  "mode": "off",
  "namespace": "components",
  "value": "Send",
}
[90mstdout[2m | src/components/ChatSidebar.stories.jsx[2m > [22m[2mGetting Started
[22m[39m[useTranslationWithCapture] t() called: {
  "key": "chatSidebar.reviewImportVocabulary",
  "mode": "off",
  "namespace": "components",
  "value": "Review & Import Vocabulary",
}
[90mstdout[2m | src/components/ChatSidebar.stories.jsx[2m > [22m[2mGetting Started
[22m[39m[useTranslationWithCapture] t() called: {
  "key": "chatSidebar.confirm",
  "mode": "off",
  "namespace": "components",
  "value": "Confirm",
}
[90mstdout[2m | src/components/ChatSidebar.stories.jsx[2m > [22m[2mGetting Started
[22m[39m[useTranslationWithCapture] t() called: {
  "key": "chatSidebar.cancel",
  "mode": "off",
  "namespace": "components",
  "value": "Cancel",
}
[90mstderr[2m | src/components/ChatSidebar.stories.jsx[2m > [22m[2mGetting Started
[22m[39m[useTabContext] Used outside of TabProvider, returning default values
[90mstdout[2m | src/components/ChatSidebar.stories.jsx[2m > [22m[2mGetting Started
[22m[39m[useTranslationWithCapture] t() called: {
  "key": "chatSidebar.aiAssistant",
  "mode": "off",
  "namespace": "components",
  "value": "AI Assistant",
}
[90mstdout[2m | src/components/ChatSidebar.stories.jsx[2m > [22m[2mGetting Started
[22m[39m[useTranslationWithCapture] t() called: {
  "key": "chatSidebar.newChat",
  "mode": "off",
  "namespace": "components",
  "value": "New chat",
}
[90mstdout[2m | src/components/ChatSidebar.stories.jsx[2m > [22m[2mGetting Started
[22m[39m[useTranslationWithCapture] t() called: {
  "key": "chatSidebar.archiveChat",
  "mode": "off",
  "namespace": "components",
  "value": "Archive chat",
}
[90mstdout[2m | src/components/ChatSidebar.stories.jsx[2m > [22m[2mGetting Started
[22m[39m[useTranslationWithCapture] t() called: {
  "key": "chatSidebar.welcomeMessage",
  "mode": "off",
  "namespace": "components",
  "value": "Ask me anything about your curriculum, files, or content!",
}
[90mstdout[2m | src/components/ChatSidebar.stories.jsx[2m > [22m[2mGetting Started
[22m[39m[useTranslationWithCapture] t() called: {
  "key": "chatSidebar.askMeAnything",
  "mode": "off",
  "namespace": "components",
  "value": "Ask me anything...",
}
[90mstdout[2m | src/components/ChatSidebar.stories.jsx[2m > [22m[2mGetting Started
[22m[39m[useTranslationWithCapture] t() called: {
  "key": "actions.send",
  "mode": "off",
  "namespace": "components",
  "value": "Send",
}
[90mstdout[2m | src/components/ChatSidebar.stories.jsx[2m > [22m[2mGetting Started
[22m[39m[useTranslationWithCapture] t() called: {
  "key": "chatSidebar.reviewImportVocabulary",
  "mode": "off",
  "namespace": "components",
  "value": "Review & Import Vocabulary",
}
[90mstdout[2m | src/components/ChatSidebar.stories.jsx[2m > [22m[2mGetting Started
[22m[39m[useTranslationWithCapture] t() called: {
  "key": "chatSidebar.confirm",
  "mode": "off",
  "namespace": "components",
  "value": "Confirm",
}
[90mstdout[2m | src/components/ChatSidebar.stories.jsx[2m > [22m[2mGetting Started
[22m[39m[useTranslationWithCapture] t() called: {
  "key": "chatSidebar.cancel",
  "mode": "off",
  "namespace": "components",
  "value": "Cancel",
}
[90mstderr[2m | src/components/ChatSidebar.stories.jsx[2m > [22m[2mGetting Started
[22m[39m[useTabContext] Used outside of TabProvider, returning default values
[90mstdout[2m | src/components/ChatSidebar.stories.jsx[2m > [22m[2mGetting Started
[22m[39m[useTranslationWithCapture] t() called: {
  "key": "chatSidebar.aiAssistant",
  "mode": "off",
  "namespace": "components",
  "value": "AI Assistant",
}
[90mstdout[2m | src/components/ChatSidebar.stories.jsx[2m > [22m[2mGetting Started
[22m[39m[useTranslationWithCapture] t() called: {
  "key": "chatSidebar.newChat",
  "mode": "off",
  "namespace": "components",
  "value": "New chat",
}
[90mstdout[2m | src/components/ChatSidebar.stories.jsx[2m > [22m[2mGetting Started
[22m[39m[useTranslationWithCapture] t() called: {
  "key": "chatSidebar.archiveChat",
  "mode": "off",
  "namespace": "components",
  "value": "Archive chat",
}
[90mstdout[2m | src/components/ChatSidebar.stories.jsx[2m > [22m[2mGetting Started
[22m[39m[useTranslationWithCapture] t() called: {
  "key": "chatSidebar.welcomeMessage",
  "mode": "off",
  "namespace": "components",
  "value": "Ask me anything about your curriculum, files, or content!",
}
[90mstdout[2m | src/components/ChatSidebar.stories.jsx[2m > [22m[2mGetting Started
[22m[39m[useTranslationWithCapture] t() called: {
  "key": "chatSidebar.askMeAnything",
  "mode": "off",
  "namespace": "components",
  "value": "Ask me anything...",
}
[90mstdout[2m | src/components/ChatSidebar.stories.jsx[2m > [22m[2mGetting Started
[22m[39m[useTranslationWithCapture] t() called: {
  "key": "actions.send",
  "mode": "off",
  "namespace": "components",
  "value": "Send",
}
[90mstdout[2m | src/components/ChatSidebar.stories.jsx[2m > [22m[2mGetting Started
[22m[39m[useTranslationWithCapture] t() called: {
  "key": "chatSidebar.reviewImportVocabulary",
  "mode": "off",
  "namespace": "components",
  "value": "Review & Import Vocabulary",
}
[90mstdout[2m | src/components/ChatSidebar.stories.jsx[2m > [22m[2mGetting Started
[22m[39m[useTranslationWithCapture] t() called: {
  "key": "chatSidebar.confirm",
  "mode": "off",
  "namespace": "components",
  "value": "Confirm",
}
[90mstdout[2m | src/components/ChatSidebar.stories.jsx[2m > [22m[2mGetting Started
[22m[39m[useTranslationWithCapture] t() called: {
  "key": "chatSidebar.cancel",
  "mode": "off",
  "namespace": "components",
  "value": "Cancel",
}
[90mstderr[2m | src/components/ChatSidebar.stories.jsx[2m > [22m[2mGetting Started
[22m[39m[useTabContext] Used outside of TabProvider, returning default values
[90mstdout[2m | src/components/ChatSidebar.stories.jsx[2m > [22m[2mGetting Started
[22m[39m[useTranslationWithCapture] t() called: {
  "key": "chatSidebar.aiAssistant",
  "mode": "off",
  "namespace": "components",
  "value": "AI Assistant",
}
[90mstdout[2m | src/components/ChatSidebar.stories.jsx[2m > [22m[2mGetting Started
[22m[39m[useTranslationWithCapture] t() called: {
  "key": "chatSidebar.newChat",
  "mode": "off",
  "namespace": "components",
  "value": "New chat",
}
[90mstdout[2m | src/components/ChatSidebar.stories.jsx[2m > [22m[2mGetting Started
[22m[39m[useTranslationWithCapture] t() called: {
  "key": "chatSidebar.archiveChat",
  "mode": "off",
  "namespace": "components",
  "value": "Archive chat",
}
[90mstdout[2m | src/components/ChatSidebar.stories.jsx[2m > [22m[2mGetting Started
[22m[39m[useTranslationWithCapture] t() called: {
  "key": "chatSidebar.welcomeMessage",
  "mode": "off",
  "namespace": "components",
  "value": "Ask me anything about your curriculum, files, or content!",
}
[90mstdout[2m | src/components/ChatSidebar.stories.jsx[2m > [22m[2mGetting Started
[22m[39m[useTranslationWithCapture] t() called: {
  "key": "chatSidebar.askMeAnything",
  "mode": "off",
  "namespace": "components",
  "value": "Ask me anything...",
}
[90mstdout[2m | src/components/ChatSidebar.stories.jsx[2m > [22m[2mGetting Started
[22m[39m[useTranslationWithCapture] t() called: {
  "key": "actions.send",
  "mode": "off",
  "namespace": "components",
  "value": "Send",
}
[90mstdout[2m | src/components/ChatSidebar.stories.jsx[2m > [22m[2mGetting Started
[22m[39m[useTranslationWithCapture] t() called: {
  "key": "chatSidebar.reviewImportVocabulary",
  "mode": "off",
  "namespace": "components",
  "value": "Review & Import Vocabulary",
}
[90mstdout[2m | src/components/ChatSidebar.stories.jsx[2m > [22m[2mGetting Started
[22m[39m[useTranslationWithCapture] t() called: {
  "key": "chatSidebar.confirm",
  "mode": "off",
  "namespace": "components",
  "value": "Confirm",
}
[90mstdout[2m | src/components/ChatSidebar.stories.jsx[2m > [22m[2mGetting Started
[22m[39m[useTranslationWithCapture] t() called: {
  "key": "chatSidebar.cancel",
  "mode": "off",
  "namespace": "components",
  "value": "Cancel",
}
[90mstderr[2m | src/components/ChatSidebar.stories.jsx[2m > [22m[2mGetting Started
[22m[39m[useTabContext] Used outside of TabProvider, returning default values
[90mstdout[2m | src/components/ChatSidebar.stories.jsx[2m > [22m[2mGetting Started
[22m[39m[useTranslationWithCapture] t() called: {
  "key": "chatSidebar.aiAssistant",
  "mode": "off",
  "namespace": "components",
  "value": "AI Assistant",
}
[90mstdout[2m | src/components/ChatSidebar.stories.jsx[2m > [22m[2mGetting Started
[22m[39m[useTranslationWithCapture] t() called: {
  "key": "chatSidebar.newChat",
  "mode": "off",
  "namespace": "components",
  "value": "New chat",
}
[90mstdout[2m | src/components/ChatSidebar.stories.jsx[2m > [22m[2mGetting Started
[22m[39m[useTranslationWithCapture] t() called: {
  "key": "chatSidebar.archiveChat",
  "mode": "off",
  "namespace": "components",
  "value": "Archive chat",
}
[90mstdout[2m | src/components/ChatSidebar.stories.jsx[2m > [22m[2mGetting Started
[22m[39m[useTranslationWithCapture] t() called: {
  "key": "chatSidebar.welcomeMessage",
  "mode": "off",
  "namespace": "components",
  "value": "Ask me anything about your curriculum, files, or content!",
}
[90mstdout[2m | src/components/ChatSidebar.stories.jsx[2m > [22m[2mGetting Started
[22m[39m[useTranslationWithCapture] t() called: {
  "key": "chatSidebar.askMeAnything",
  "mode": "off",
  "namespace": "components",
  "value": "Ask me anything...",
}
[90mstdout[2m | src/components/ChatSidebar.stories.jsx[2m > [22m[2mGetting Started
[22m[39m[useTranslationWithCapture] t() called: {
  "key": "actions.send",
  "mode": "off",
  "namespace": "components",
  "value": "Send",
}
[90mstdout[2m | src/components/ChatSidebar.stories.jsx[2m > [22m[2mGetting Started
[22m[39m[useTranslationWithCapture] t() called: {
  "key": "chatSidebar.reviewImportVocabulary",
  "mode": "off",
  "namespace": "components",
  "value": "Review & Import Vocabulary",
}
[90mstdout[2m | src/components/ChatSidebar.stories.jsx[2m > [22m[2mGetting Started
[22m[39m[useTranslationWithCapture] t() called: {
  "key": "chatSidebar.confirm",
  "mode": "off",
  "namespace": "components",
  "value": "Confirm",
}
[90mstdout[2m | src/components/ChatSidebar.stories.jsx[2m > [22m[2mGetting Started
[22m[39m[useTranslationWithCapture] t() called: {
  "key": "chatSidebar.cancel",
  "mode": "off",
  "namespace": "components",
  "value": "Cancel",
}
[90mstderr[2m | src/components/ChatSidebar.stories.jsx[2m > [22m[2mGetting Started
[22m[39m[useTabContext] Used outside of TabProvider, returning default values
[90mstdout[2m | src/components/ChatSidebar.stories.jsx[2m > [22m[2mGetting Started
[22m[39m[useTranslationWithCapture] t() called: {
  "key": "chatSidebar.aiAssistant",
  "mode": "off",
  "namespace": "components",
  "value": "AI Assistant",
}
[90mstdout[2m | src/components/ChatSidebar.stories.jsx[2m > [22m[2mGetting Started
[22m[39m[useTranslationWithCapture] t() called: {
  "key": "chatSidebar.newChat",
  "mode": "off",
  "namespace": "components",
  "value": "New chat",
}
[90mstdout[2m | src/components/ChatSidebar.stories.jsx[2m > [22m[2mGetting Started
[22m[39m[useTranslationWithCapture] t() called: {
  "key": "chatSidebar.archiveChat",
  "mode": "off",
  "namespace": "components",
  "value": "Archive chat",
}
[90mstdout[2m | src/components/ChatSidebar.stories.jsx[2m > [22m[2mGetting Started
[22m[39m[useTranslationWithCapture] t() called: {
  "key": "chatSidebar.welcomeMessage",
  "mode": "off",
  "namespace": "components",
  "value": "Ask me anything about your curriculum, files, or content!",
}
[90mstdout[2m | src/components/ChatSidebar.stories.jsx[2m > [22m[2mGetting Started
[22m[39m[useTranslationWithCapture] t() called: {
  "key": "chatSidebar.askMeAnything",
  "mode": "off",
  "namespace": "components",
  "value": "Ask me anything...",
}
[90mstdout[2m | src/components/ChatSidebar.stories.jsx[2m > [22m[2mGetting Started
[22m[39m[useTranslationWithCapture] t() called: {
  "key": "actions.send",
  "mode": "off",
  "namespace": "components",
  "value": "Send",
}
[90mstdout[2m | src/components/ChatSidebar.stories.jsx[2m > [22m[2mGetting Started
[22m[39m[useTranslationWithCapture] t() called: {
  "key": "chatSidebar.reviewImportVocabulary",
  "mode": "off",
  "namespace": "components",
  "value": "Review & Import Vocabulary",
}
[90mstdout[2m | src/components/ChatSidebar.stories.jsx[2m > [22m[2mGetting Started
[22m[39m[useTranslationWithCapture] t() called: {
  "key": "chatSidebar.confirm",
  "mode": "off",
  "namespace": "components",
  "value": "Confirm",
}
[90mstdout[2m | src/components/ChatSidebar.stories.jsx[2m > [22m[2mGetting Started
[22m[39m[useTranslationWithCapture] t() called: {
  "key": "chatSidebar.cancel",
  "mode": "off",
  "namespace": "components",
  "value": "Cancel",
}
[90mstderr[2m | src/components/ChatSidebar.stories.jsx[2m > [22m[2mGetting Started
[22m[39m[useTabContext] Used outside of TabProvider, returning default values
[90mstdout[2m | src/components/ChatSidebar.stories.jsx[2m > [22m[2mGetting Started
[22m[39m[useTranslationWithCapture] t() called: {
  "key": "chatSidebar.aiAssistant",
  "mode": "off",
  "namespace": "components",
  "value": "AI Assistant",
}
[90mstdout[2m | src/components/ChatSidebar.stories.jsx[2m > [22m[2mGetting Started
[22m[39m[useTranslationWithCapture] t() called: {
  "key": "chatSidebar.newChat",
  "mode": "off",
  "namespace": "components",
  "value": "New chat",
}
[90mstdout[2m | src/components/ChatSidebar.stories.jsx[2m > [22m[2mGetting Started
[22m[39m[useTranslationWithCapture] t() called: {
  "key": "chatSidebar.archiveChat",
  "mode": "off",
  "namespace": "components",
  "value": "Archive chat",
}
[90mstdout[2m | src/components/ChatSidebar.stories.jsx[2m > [22m[2mGetting Started
[22m[39m[useTranslationWithCapture] t() called: {
  "key": "chatSidebar.welcomeMessage",
  "mode": "off",
  "namespace": "components",
  "value": "Ask me anything about your curriculum, files, or content!",
}
[90mstdout[2m | src/components/ChatSidebar.stories.jsx[2m > [22m[2mGetting Started
[22m[39m[useTranslationWithCapture] t() called: {
  "key": "chatSidebar.askMeAnything",
  "mode": "off",
  "namespace": "components",
  "value": "Ask me anything...",
}
[90mstdout[2m | src/components/ChatSidebar.stories.jsx[2m > [22m[2mGetting Started
[22m[39m[useTranslationWithCapture] t() called: {
  "key": "actions.send",
  "mode": "off",
  "namespace": "components",
  "value": "Send",
}
[90mstdout[2m | src/components/ChatSidebar.stories.jsx[2m > [22m[2mGetting Started
[22m[39m[useTranslationWithCapture] t() called: {
  "key": "chatSidebar.reviewImportVocabulary",
  "mode": "off",
  "namespace": "components",
  "value": "Review & Import Vocabulary",
}
[90mstdout[2m | src/components/ChatSidebar.stories.jsx[2m > [22m[2mGetting Started
[22m[39m[useTranslationWithCapture] t() called: {
  "key": "chatSidebar.confirm",
  "mode": "off",
  "namespace": "components",
  "value": "Confirm",
}
[90mstdout[2m | src/components/ChatSidebar.stories.jsx[2m > [22m[2mGetting Started
[22m[39m[useTranslationWithCapture] t() called: {
  "key": "chatSidebar.cancel",
  "mode": "off",
  "namespace": "components",
  "value": "Cancel",
}
[90mstderr[2m | src/components/ChatSidebar.stories.jsx[2m > [22m[2mGetting Started
[22m[39m[useTabContext] Used outside of TabProvider, returning default values
[90mstdout[2m | src/components/ChatSidebar.stories.jsx[2m > [22m[2mGetting Started
[22m[39m[useTranslationWithCapture] t() called: {
  "key": "chatSidebar.aiAssistant",
  "mode": "off",
  "namespace": "components",
  "value": "AI Assistant",
}
[90mstdout[2m | src/components/ChatSidebar.stories.jsx[2m > [22m[2mGetting Started
[22m[39m[useTranslationWithCapture] t() called: {
  "key": "chatSidebar.newChat",
  "mode": "off",
  "namespace": "components",
  "value": "New chat",
}
[90mstdout[2m | src/components/ChatSidebar.stories.jsx[2m > [22m[2mGetting Started
[22m[39m[useTranslationWithCapture] t() called: {
  "key": "chatSidebar.archiveChat",
  "mode": "off",
  "namespace": "components",
  "value": "Archive chat",
}
[90mstdout[2m | src/components/ChatSidebar.stories.jsx[2m > [22m[2mGetting Started
[22m[39m[useTranslationWithCapture] t() called: {
  "key": "chatSidebar.welcomeMessage",
  "mode": "off",
  "namespace": "components",
  "value": "Ask me anything about your curriculum, files, or content!",
}
[90mstdout[2m | src/components/ChatSidebar.stories.jsx[2m > [22m[2mGetting Started
[22m[39m[useTranslationWithCapture] t() called: {
  "key": "chatSidebar.askMeAnything",
  "mode": "off",
  "namespace": "components",
  "value": "Ask me anything...",
}
[90mstdout[2m | src/components/ChatSidebar.stories.jsx[2m > [22m[2mGetting Started
[22m[39m[useTranslationWithCapture] t() called: {
  "key": "actions.send",
  "mode": "off",
  "namespace": "components",
  "value": "Send",
}
POST https://cognito-idp.us-east-1.amazonaws.com/ 400 (Bad Request)
[90mstdout[2m | src/components/ChatSidebar.stories.jsx[2m > [22m[2mGetting Started
[22m[39m[useTranslationWithCapture] t() called: {
  "key": "chatSidebar.reviewImportVocabulary",
  "mode": "off",
  "namespace": "components",
  "value": "Review & Import Vocabulary",
}
[90mstdout[2m | src/components/ChatSidebar.stories.jsx[2m > [22m[2mGetting Started
[22m[39m[useTranslationWithCapture] t() called: {
  "key": "chatSidebar.confirm",
  "mode": "off",
  "namespace": "components",
  "value": "Confirm",
}
[90mstdout[2m | src/components/ChatSidebar.stories.jsx[2m > [22m[2mGetting Started
[22m[39m[useTranslationWithCapture] t() called: {
  "key": "chatSidebar.cancel",
  "mode": "off",
  "namespace": "components",
  "value": "Cancel",
}
[90mstderr[2m | src/components/ChatSidebar.stories.jsx[2m > [22m[2mGetting Started
[22m[39m[useTabContext] Used outside of TabProvider, returning default values
[90mstdout[2m | src/components/ChatSidebar.stories.jsx[2m > [22m[2mGetting Started
[22m[39m[useTranslationWithCapture] t() called: {
  "key": "chatSidebar.aiAssistant",
  "mode": "off",
  "namespace": "components",
  "value": "AI Assistant",
}
[90mstdout[2m | src/components/ChatSidebar.stories.jsx[2m > [22m[2mGetting Started
[22m[39m[useTranslationWithCapture] t() called: {
  "key": "chatSidebar.newChat",
  "mode": "off",
  "namespace": "components",
  "value": "New chat",
}
[90mstdout[2m | src/components/ChatSidebar.stories.jsx[2m > [22m[2mGetting Started
[22m[39m[useTranslationWithCapture] t() called: {
  "key": "chatSidebar.archiveChat",
  "mode": "off",
  "namespace": "components",
  "value": "Archive chat",
}
[90mstdout[2m | src/components/ChatSidebar.stories.jsx[2m > [22m[2mGetting Started
[22m[39m[useTranslationWithCapture] t() called: {
  "key": "chatSidebar.welcomeMessage",
  "mode": "off",
  "namespace": "components",
  "value": "Ask me anything about your curriculum, files, or content!",
}
[90mstdout[2m | src/components/ChatSidebar.stories.jsx[2m > [22m[2mGetting Started
[22m[39m[useTranslationWithCapture] t() called: {
  "key": "chatSidebar.askMeAnything",
  "mode": "off",
  "namespace": "components",
  "value": "Ask me anything...",
}
[90mstdout[2m | src/components/ChatSidebar.stories.jsx[2m > [22m[2mGetting Started
[22m[39m[useTranslationWithCapture] t() called: {
  "key": "actions.send",
  "mode": "off",
  "namespace": "components",
  "value": "Send",
}
[90mstdout[2m | src/components/ChatSidebar.stories.jsx[2m > [22m[2mGetting Started
[22m[39m[useTranslationWithCapture] t() called: {
  "key": "chatSidebar.reviewImportVocabulary",
  "mode": "off",
  "namespace": "components",
  "value": "Review & Import Vocabulary",
}
[90mstdout[2m | src/components/ChatSidebar.stories.jsx[2m > [22m[2mGetting Started
[22m[39m[useTranslationWithCapture] t() called: {
  "key": "chatSidebar.confirm",
  "mode": "off",
  "namespace": "components",
  "value": "Confirm",
}
[90mstdout[2m | src/components/ChatSidebar.stories.jsx[2m > [22m[2mGetting Started
[22m[39m[useTranslationWithCapture] t() called: {
  "key": "chatSidebar.cancel",
  "mode": "off",
  "namespace": "components",
  "value": "Cancel",
}
[90mstderr[2m | src/components/ChatSidebar.stories.jsx[2m > [22m[2mGetting Started
[22m[39m[useTabContext] Used outside of TabProvider, returning default values
[90mstdout[2m | src/components/ChatSidebar.stories.jsx[2m > [22m[2mGetting Started
[22m[39m[useTranslationWithCapture] t() called: {
  "key": "chatSidebar.aiAssistant",
  "mode": "off",
  "namespace": "components",
  "value": "AI Assistant",
}
[90mstdout[2m | src/components/ChatSidebar.stories.jsx[2m > [22m[2mGetting Started
[22m[39m[useTranslationWithCapture] t() called: {
  "key": "chatSidebar.newChat",
  "mode": "off",
  "namespace": "components",
  "value": "New chat",
}
[90mstdout[2m | src/components/ChatSidebar.stories.jsx[2m > [22m[2mGetting Started
[22m[39m[useTranslationWithCapture] t() called: {
  "key": "chatSidebar.archiveChat",
  "mode": "off",
  "namespace": "components",
  "value": "Archive chat",
}
[90mstdout[2m | src/components/ChatSidebar.stories.jsx[2m > [22m[2mGetting Started
[22m[39m[useTranslationWithCapture] t() called: {
  "key": "chatSidebar.welcomeMessage",
  "mode": "off",
  "namespace": "components",
  "value": "Ask me anything about your curriculum, files, or content!",
}
[90mstdout[2m | src/components/ChatSidebar.stories.jsx[2m > [22m[2mGetting Started
[22m[39m[useTranslationWithCapture] t() called: {
  "key": "chatSidebar.askMeAnything",
  "mode": "off",
  "namespace": "components",
  "value": "Ask me anything...",
}
[90mstdout[2m | src/components/ChatSidebar.stories.jsx[2m > [22m[2mGetting Started
[22m[39m[useTranslationWithCapture] t() called: {
  "key": "actions.send",
  "mode": "off",
  "namespace": "components",
  "value": "Send",
}
[90mstdout[2m | src/components/ChatSidebar.stories.jsx[2m > [22m[2mGetting Started
[22m[39m[useTranslationWithCapture] t() called: {
  "key": "chatSidebar.reviewImportVocabulary",
  "mode": "off",
  "namespace": "components",
  "value": "Review & Import Vocabulary",
}
[90mstdout[2m | src/components/ChatSidebar.stories.jsx[2m > [22m[2mGetting Started
[22m[39m[useTranslationWithCapture] t() called: {
  "key": "chatSidebar.confirm",
  "mode": "off",
  "namespace": "components",
  "value": "Confirm",
}
[90mstdout[2m | src/components/ChatSidebar.stories.jsx[2m > [22m[2mGetting Started
[22m[39m[useTranslationWithCapture] t() called: {
  "key": "chatSidebar.cancel",
  "mode": "off",
  "namespace": "components",
  "value": "Cancel",
}
[90mstderr[2m | src/components/ChatSidebar.stories.jsx[2m > [22m[2mGetting Started
[22m[39m[useTabContext] Used outside of TabProvider, returning default values
[90mstdout[2m | src/components/ChatSidebar.stories.jsx[2m > [22m[2mGetting Started
[22m[39m[useTranslationWithCapture] t() called: {
  "key": "chatSidebar.aiAssistant",
  "mode": "off",
  "namespace": "components",
  "value": "AI Assistant",
}
[90mstdout[2m | src/components/ChatSidebar.stories.jsx[2m > [22m[2mGetting Started
[22m[39m[useTranslationWithCapture] t() called: {
  "key": "chatSidebar.newChat",
  "mode": "off",
  "namespace": "components",
  "value": "New chat",
}
[90mstdout[2m | src/components/ChatSidebar.stories.jsx[2m > [22m[2mGetting Started
[22m[39m[useTranslationWithCapture] t() called: {
  "key": "chatSidebar.archiveChat",
  "mode": "off",
  "namespace": "components",
  "value": "Archive chat",
}
[90mstdout[2m | src/components/ChatSidebar.stories.jsx[2m > [22m[2mGetting Started
[22m[39m[useTranslationWithCapture] t() called: {
  "key": "chatSidebar.welcomeMessage",
  "mode": "off",
  "namespace": "components",
  "value": "Ask me anything about your curriculum, files, or content!",
}
[90mstdout[2m | src/components/ChatSidebar.stories.jsx[2m > [22m[2mGetting Started
[22m[39m[useTranslationWithCapture] t() called: {
  "key": "chatSidebar.askMeAnything",
  "mode": "off",
  "namespace": "components",
  "value": "Ask me anything...",
}
[90mstdout[2m | src/components/ChatSidebar.stories.jsx[2m > [22m[2mGetting Started
[22m[39m[useTranslationWithCapture] t() called: {
  "key": "actions.send",
  "mode": "off",
  "namespace": "components",
  "value": "Send",
}
[90mstdout[2m | src/components/ChatSidebar.stories.jsx[2m > [22m[2mGetting Started
[22m[39m[useTranslationWithCapture] t() called: {
  "key": "chatSidebar.reviewImportVocabulary",
  "mode": "off",
  "namespace": "components",
  "value": "Review & Import Vocabulary",
}
[90mstdout[2m | src/components/ChatSidebar.stories.jsx[2m > [22m[2mGetting Started
[22m[39m[useTranslationWithCapture] t() called: {
  "key": "chatSidebar.confirm",
  "mode": "off",
  "namespace": "components",
  "value": "Confirm",
}
[90mstdout[2m | src/components/ChatSidebar.stories.jsx[2m > [22m[2mGetting Started
[22m[39m[useTranslationWithCapture] t() called: {
  "key": "chatSidebar.cancel",
  "mode": "off",
  "namespace": "components",
  "value": "Cancel",
}
[90mstderr[2m | src/components/ChatSidebar.stories.jsx[2m > [22m[2mGetting Started
[22m[39m[useTabContext] Used outside of TabProvider, returning default values
[90mstdout[2m | src/components/ChatSidebar.stories.jsx[2m > [22m[2mGetting Started
[22m[39m[useTranslationWithCapture] t() called: {
  "key": "chatSidebar.aiAssistant",
  "mode": "off",
  "namespace": "components",
  "value": "AI Assistant",
}
[90mstdout[2m | src/components/ChatSidebar.stories.jsx[2m > [22m[2mGetting Started
[22m[39m[useTranslationWithCapture] t() called: {
  "key": "chatSidebar.newChat",
  "mode": "off",
  "namespace": "components",
  "value": "New chat",
}
[90mstdout[2m | src/components/ChatSidebar.stories.jsx[2m > [22m[2mGetting Started
[22m[39m[useTranslationWithCapture] t() called: {
  "key": "chatSidebar.archiveChat",
  "mode": "off",
  "namespace": "components",
  "value": "Archive chat",
}
[90mstdout[2m | src/components/ChatSidebar.stories.jsx[2m > [22m[2mGetting Started
[22m[39m[useTranslationWithCapture] t() called: {
  "key": "chatSidebar.welcomeMessage",
  "mode": "off",
  "namespace": "components",
  "value": "Ask me anything about your curriculum, files, or content!",
}
[90mstdout[2m | src/components/ChatSidebar.stories.jsx[2m > [22m[2mGetting Started
[22m[39m[useTranslationWithCapture] t() called: {
  "key": "chatSidebar.askMeAnything",
  "mode": "off",
  "namespace": "components",
  "value": "Ask me anything...",
}
[90mstdout[2m | src/components/ChatSidebar.stories.jsx[2m > [22m[2mGetting Started
[22m[39m[useTranslationWithCapture] t() called: {
  "key": "actions.send",
  "mode": "off",
  "namespace": "components",
  "value": "Send",
}
[90mstdout[2m | src/components/ChatSidebar.stories.jsx[2m > [22m[2mGetting Started
[22m[39m[useTranslationWithCapture] t() called: {
  "key": "chatSidebar.reviewImportVocabulary",
  "mode": "off",
  "namespace": "components",
  "value": "Review & Import Vocabulary",
}
[90mstdout[2m | src/components/ChatSidebar.stories.jsx[2m > [22m[2mGetting Started
[22m[39m[useTranslationWithCapture] t() called: {
  "key": "chatSidebar.confirm",
  "mode": "off",
  "namespace": "components",
  "value": "Confirm",
}
[90mstdout[2m | src/components/ChatSidebar.stories.jsx[2m > [22m[2mGetting Started
[22m[39m[useTranslationWithCapture] t() called: {
  "key": "chatSidebar.cancel",
  "mode": "off",
  "namespace": "components",
  "value": "Cancel",
}
[90mstderr[2m | src/components/ChatSidebar.stories.jsx[2m > [22m[2mGetting Started
[22m[39m[useTabContext] Used outside of TabProvider, returning default values
[90mstdout[2m | src/components/ChatSidebar.stories.jsx[2m > [22m[2mGetting Started
[22m[39m[useTranslationWithCapture] t() called: {
  "key": "chatSidebar.aiAssistant",
  "mode": "off",
  "namespace": "components",
  "value": "AI Assistant",
}
[90mstdout[2m | src/components/ChatSidebar.stories.jsx[2m > [22m[2mGetting Started
[22m[39m[useTranslationWithCapture] t() called: {
  "key": "chatSidebar.newChat",
  "mode": "off",
  "namespace": "components",
  "value": "New chat",
}
[90mstdout[2m | src/components/ChatSidebar.stories.jsx[2m > [22m[2mGetting Started
[22m[39m[useTranslationWithCapture] t() called: {
  "key": "chatSidebar.archiveChat",
  "mode": "off",
  "namespace": "components",
  "value": "Archive chat",
}
[90mstdout[2m | src/components/ChatSidebar.stories.jsx[2m > [22m[2mGetting Started
[22m[39m[useTranslationWithCapture] t() called: {
  "key": "chatSidebar.welcomeMessage",
  "mode": "off",
  "namespace": "components",
  "value": "Ask me anything about your curriculum, files, or content!",
}
[90mstdout[2m | src/components/ChatSidebar.stories.jsx[2m > [22m[2mGetting Started
[22m[39m[useTranslationWithCapture] t() called: {
  "key": "chatSidebar.askMeAnything",
  "mode": "off",
  "namespace": "components",
  "value": "Ask me anything...",
}
[90mstdout[2m | src/components/ChatSidebar.stories.jsx[2m > [22m[2mGetting Started
[22m[39m[useTranslationWithCapture] t() called: {
  "key": "actions.send",
  "mode": "off",
  "namespace": "components",
  "value": "Send",
}
[90mstdout[2m | src/components/ChatSidebar.stories.jsx[2m > [22m[2mGetting Started
[22m[39m[useTranslationWithCapture] t() called: {
  "key": "chatSidebar.reviewImportVocabulary",
  "mode": "off",
  "namespace": "components",
  "value": "Review & Import Vocabulary",
}
[90mstdout[2m | src/components/ChatSidebar.stories.jsx[2m > [22m[2mGetting Started
[22m[39m[useTranslationWithCapture] t() called: {
  "key": "chatSidebar.confirm",
  "mode": "off",
  "namespace": "components",
  "value": "Confirm",
}
[90mstdout[2m | src/components/ChatSidebar.stories.jsx[2m > [22m[2mGetting Started
[22m[39m[useTranslationWithCapture] t() called: {
  "key": "chatSidebar.cancel",
  "mode": "off",
  "namespace": "components",
  "value": "Cancel",
}
[90mstderr[2m | src/components/ChatSidebar.stories.jsx[2m > [22m[2mGetting Started
[22m[39m[useTabContext] Used outside of TabProvider, returning default values
[90mstdout[2m | src/components/ChatSidebar.stories.jsx[2m > [22m[2mGetting Started
[22m[39m[useTranslationWithCapture] t() called: {
  "key": "chatSidebar.aiAssistant",
  "mode": "off",
  "namespace": "components",
  "value": "AI Assistant",
}
[90mstdout[2m | src/components/ChatSidebar.stories.jsx[2m > [22m[2mGetting Started
[22m[39m[useTranslationWithCapture] t() called: {
  "key": "chatSidebar.newChat",
  "mode": "off",
  "namespace": "components",
  "value": "New chat",
}
[90mstdout[2m | src/components/ChatSidebar.stories.jsx[2m > [22m[2mGetting Started
[22m[39m[useTranslationWithCapture] t() called: {
  "key": "chatSidebar.archiveChat",
  "mode": "off",
  "namespace": "components",
  "value": "Archive chat",
}
[90mstdout[2m | src/components/ChatSidebar.stories.jsx[2m > [22m[2mGetting Started
[22m[39m[useTranslationWithCapture] t() called: {
  "key": "chatSidebar.welcomeMessage",
  "mode": "off",
  "namespace": "components",
  "value": "Ask me anything about your curriculum, files, or content!",
}
[90mstdout[2m | src/components/ChatSidebar.stories.jsx[2m > [22m[2mGetting Started
[22m[39m[useTranslationWithCapture] t() called: {
  "key": "chatSidebar.askMeAnything",
  "mode": "off",
  "namespace": "components",
  "value": "Ask me anything...",
}
[90mstdout[2m | src/components/ChatSidebar.stories.jsx[2m > [22m[2mGetting Started
[22m[39m[useTranslationWithCapture] t() called: {
  "key": "actions.send",
  "mode": "off",
  "namespace": "components",
  "value": "Send",
}
[90mstdout[2m | src/components/ChatSidebar.stories.jsx[2m > [22m[2mGetting Started
[22m[39m[useTranslationWithCapture] t() called: {
  "key": "chatSidebar.reviewImportVocabulary",
  "mode": "off",
  "namespace": "components",
  "value": "Review & Import Vocabulary",
}
[90mstdout[2m | src/components/ChatSidebar.stories.jsx[2m > [22m[2mGetting Started
[22m[39m[useTranslationWithCapture] t() called: {
  "key": "chatSidebar.confirm",
  "mode": "off",
  "namespace": "components",
  "value": "Confirm",
}
[90mstdout[2m | src/components/ChatSidebar.stories.jsx[2m > [22m[2mGetting Started
[22m[39m[useTranslationWithCapture] t() called: {
  "key": "chatSidebar.cancel",
  "mode": "off",
  "namespace": "components",
  "value": "Cancel",
}
[90mstderr[2m | src/components/ChatSidebar.stories.jsx[2m > [22m[2mGetting Started
[22m[39m[useTabContext] Used outside of TabProvider, returning default values
[90mstdout[2m | src/components/ChatSidebar.stories.jsx[2m > [22m[2mGetting Started
[22m[39m[useTranslationWithCapture] t() called: {
  "key": "chatSidebar.aiAssistant",
  "mode": "off",
  "namespace": "components",
  "value": "AI Assistant",
}
[90mstdout[2m | src/components/ChatSidebar.stories.jsx[2m > [22m[2mGetting Started
[22m[39m[useTranslationWithCapture] t() called: {
  "key": "chatSidebar.newChat",
  "mode": "off",
  "namespace": "components",
  "value": "New chat",
}
[90mstdout[2m | src/components/ChatSidebar.stories.jsx[2m > [22m[2mGetting Started
[22m[39m[useTranslationWithCapture] t() called: {
  "key": "chatSidebar.archiveChat",
  "mode": "off",
  "namespace": "components",
  "value": "Archive chat",
}
[90mstdout[2m | src/components/ChatSidebar.stories.jsx[2m > [22m[2mGetting Started
[22m[39m[useTranslationWithCapture] t() called: {
  "key": "chatSidebar.welcomeMessage",
  "mode": "off",
  "namespace": "components",
  "value": "Ask me anything about your curriculum, files, or content!",
}
[90mstdout[2m | src/components/ChatSidebar.stories.jsx[2m > [22m[2mGetting Started
[22m[39m[useTranslationWithCapture] t() called: {
  "key": "chatSidebar.askMeAnything",
  "mode": "off",
  "namespace": "components",
  "value": "Ask me anything...",
}
[90mstdout[2m | src/components/ChatSidebar.stories.jsx[2m > [22m[2mGetting Started
[22m[39m[useTranslationWithCapture] t() called: {
  "key": "actions.send",
  "mode": "off",
  "namespace": "components",
  "value": "Send",
}
[90mstdout[2m | src/components/ChatSidebar.stories.jsx[2m > [22m[2mGetting Started
[22m[39m[useTranslationWithCapture] t() called: {
  "key": "chatSidebar.reviewImportVocabulary",
  "mode": "off",
  "namespace": "components",
  "value": "Review & Import Vocabulary",
}
[90mstdout[2m | src/components/ChatSidebar.stories.jsx[2m > [22m[2mGetting Started
[22m[39m[useTranslationWithCapture] t() called: {
  "key": "chatSidebar.confirm",
  "mode": "off",
  "namespace": "components",
  "value": "Confirm",
}
[90mstdout[2m | src/components/ChatSidebar.stories.jsx[2m > [22m[2mGetting Started
[22m[39m[useTranslationWithCapture] t() called: {
  "key": "chatSidebar.cancel",
  "mode": "off",
  "namespace": "components",
  "value": "Cancel",
}
[90mstderr[2m | src/components/ChatSidebar.stories.jsx[2m > [22m[2mGetting Started
[22m[39m[useTabContext] Used outside of TabProvider, returning default values
[90mstdout[2m | src/components/ChatSidebar.stories.jsx[2m > [22m[2mGetting Started
[22m[39m[useTranslationWithCapture] t() called: {
  "key": "chatSidebar.aiAssistant",
  "mode": "off",
  "namespace": "components",
  "value": "AI Assistant",
}
[90mstdout[2m | src/components/ChatSidebar.stories.jsx[2m > [22m[2mGetting Started
[22m[39m[useTranslationWithCapture] t() called: {
  "key": "chatSidebar.newChat",
  "mode": "off",
  "namespace": "components",
  "value": "New chat",
}
[90mstdout[2m | src/components/ChatSidebar.stories.jsx[2m > [22m[2mGetting Started
[22m[39m[useTranslationWithCapture] t() called: {
  "key": "chatSidebar.archiveChat",
  "mode": "off",
  "namespace": "components",
  "value": "Archive chat",
}
[90mstdout[2m | src/components/ChatSidebar.stories.jsx[2m > [22m[2mGetting Started
[22m[39m[useTranslationWithCapture] t() called: {
  "key": "chatSidebar.welcomeMessage",
  "mode": "off",
  "namespace": "components",
  "value": "Ask me anything about your curriculum, files, or content!",
}
[90mstdout[2m | src/components/ChatSidebar.stories.jsx[2m > [22m[2mGetting Started
[22m[39m[useTranslationWithCapture] t() called: {
  "key": "chatSidebar.askMeAnything",
  "mode": "off",
  "namespace": "components",
  "value": "Ask me anything...",
}
[90mstdout[2m | src/components/ChatSidebar.stories.jsx[2m > [22m[2mGetting Started
[22m[39m[useTranslationWithCapture] t() called: {
  "key": "actions.send",
  "mode": "off",
  "namespace": "components",
  "value": "Send",
}
[90mstdout[2m | src/components/ChatSidebar.stories.jsx[2m > [22m[2mGetting Started
[22m[39m[useTranslationWithCapture] t() called: {
  "key": "chatSidebar.reviewImportVocabulary",
  "mode": "off",
  "namespace": "components",
  "value": "Review & Import Vocabulary",
}
[90mstdout[2m | src/components/ChatSidebar.stories.jsx[2m > [22m[2mGetting Started
[22m[39m[useTranslationWithCapture] t() called: {
  "key": "chatSidebar.confirm",
  "mode": "off",
  "namespace": "components",
  "value": "Confirm",
}
[90mstdout[2m | src/components/ChatSidebar.stories.jsx[2m > [22m[2mGetting Started
[22m[39m[useTranslationWithCapture] t() called: {
  "key": "chatSidebar.cancel",
  "mode": "off",
  "namespace": "components",
  "value": "Cancel",
}
[90mstderr[2m | src/components/ChatSidebar.stories.jsx[2m > [22m[2mGetting Started
[22m[39m[useTabContext] Used outside of TabProvider, returning default values
[90mstdout[2m | src/components/ChatSidebar.stories.jsx[2m > [22m[2mGetting Started
[22m[39m[useTranslationWithCapture] t() called: {
  "key": "chatSidebar.aiAssistant",
  "mode": "off",
  "namespace": "components",
  "value": "AI Assistant",
}
[90mstdout[2m | src/components/ChatSidebar.stories.jsx[2m > [22m[2mGetting Started
[22m[39m[useTranslationWithCapture] t() called: {
  "key": "chatSidebar.newChat",
  "mode": "off",
  "namespace": "components",
  "value": "New chat",
}
[90mstdout[2m | src/components/ChatSidebar.stories.jsx[2m > [22m[2mGetting Started
[22m[39m[useTranslationWithCapture] t() called: {
  "key": "chatSidebar.archiveChat",
  "mode": "off",
  "namespace": "components",
  "value": "Archive chat",
}
[90mstdout[2m | src/components/ChatSidebar.stories.jsx[2m > [22m[2mGetting Started
[22m[39m[useTranslationWithCapture] t() called: {
  "key": "chatSidebar.welcomeMessage",
  "mode": "off",
  "namespace": "components",
  "value": "Ask me anything about your curriculum, files, or content!",
}
[90mstdout[2m | src/components/ChatSidebar.stories.jsx[2m > [22m[2mGetting Started
[22m[39m[useTranslationWithCapture] t() called: {
  "key": "chatSidebar.askMeAnything",
  "mode": "off",
  "namespace": "components",
  "value": "Ask me anything...",
}
[90mstdout[2m | src/components/ChatSidebar.stories.jsx[2m > [22m[2mGetting Started
[22m[39m[useTranslationWithCapture] t() called: {
  "key": "actions.send",
  "mode": "off",
  "namespace": "components",
  "value": "Send",
}
[90mstdout[2m | src/components/ChatSidebar.stories.jsx[2m > [22m[2mGetting Started
[22m[39m[useTranslationWithCapture] t() called: {
  "key": "chatSidebar.reviewImportVocabulary",
  "mode": "off",
  "namespace": "components",
  "value": "Review & Import Vocabulary",
}
[90mstdout[2m | src/components/ChatSidebar.stories.jsx[2m > [22m[2mGetting Started
[22m[39m[useTranslationWithCapture] t() called: {
  "key": "chatSidebar.confirm",
  "mode": "off",
  "namespace": "components",
  "value": "Confirm",
}
[90mstdout[2m | src/components/ChatSidebar.stories.jsx[2m > [22m[2mGetting Started
[22m[39m[useTranslationWithCapture] t() called: {
  "key": "chatSidebar.cancel",
  "mode": "off",
  "namespace": "components",
  "value": "Cancel",
}
[90mstderr[2m | src/components/ChatSidebar.stories.jsx[2m > [22m[2mGetting Started
[22m[39m[useTabContext] Used outside of TabProvider, returning default values
[90mstdout[2m | src/components/ChatSidebar.stories.jsx[2m > [22m[2mGetting Started
[22m[39m[useTranslationWithCapture] t() called: {
  "key": "chatSidebar.aiAssistant",
  "mode": "off",
  "namespace": "components",
  "value": "AI Assistant",
}
[90mstdout[2m | src/components/ChatSidebar.stories.jsx[2m > [22m[2mGetting Started
[22m[39m[useTranslationWithCapture] t() called: {
  "key": "chatSidebar.newChat",
  "mode": "off",
  "namespace": "components",
  "value": "New chat",
}
[90mstdout[2m | src/components/ChatSidebar.stories.jsx[2m > [22m[2mGetting Started
[22m[39m[useTranslationWithCapture] t() called: {
  "key": "chatSidebar.archiveChat",
  "mode": "off",
  "namespace": "components",
  "value": "Archive chat",
}
[90mstdout[2m | src/components/ChatSidebar.stories.jsx[2m > [22m[2mGetting Started
[22m[39m[useTranslationWithCapture] t() called: {
  "key": "chatSidebar.welcomeMessage",
  "mode": "off",
  "namespace": "components",
  "value": "Ask me anything about your curriculum, files, or content!",
}
[90mstdout[2m | src/components/ChatSidebar.stories.jsx[2m > [22m[2mGetting Started
[22m[39m[useTranslationWithCapture] t() called: {
  "key": "chatSidebar.askMeAnything",
  "mode": "off",
  "namespace": "components",
  "value": "Ask me anything...",
}
[90mstdout[2m | src/components/ChatSidebar.stories.jsx[2m > [22m[2mGetting Started
[22m[39m[useTranslationWithCapture] t() called: {
  "key": "actions.send",
  "mode": "off",
  "namespace": "components",
  "value": "Send",
}
[90mstdout[2m | src/components/ChatSidebar.stories.jsx[2m > [22m[2mGetting Started
[22m[39m[useTranslationWithCapture] t() called: {
  "key": "chatSidebar.reviewImportVocabulary",
  "mode": "off",
  "namespace": "components",
  "value": "Review & Import Vocabulary",
}
[90mstdout[2m | src/components/ChatSidebar.stories.jsx[2m > [22m[2mGetting Started
[22m[39m[useTranslationWithCapture] t() called: {
  "key": "chatSidebar.confirm",
  "mode": "off",
  "namespace": "components",
  "value": "Confirm",
}
[90mstdout[2m | src/components/ChatSidebar.stories.jsx[2m > [22m[2mGetting Started
[22m[39m[useTranslationWithCapture] t() called: {
  "key": "chatSidebar.cancel",
  "mode": "off",
  "namespace": "components",
  "value": "Cancel",
}
[90mstderr[2m | src/components/ChatSidebar.stories.jsx[2m > [22m[2mGetting Started
[22m[39m[useTabContext] Used outside of TabProvider, returning default values
[90mstdout[2m | src/components/ChatSidebar.stories.jsx[2m > [22m[2mGetting Started
[22m[39m[ChatSidebar] useChat status: submitted messages: 1 toolCalls: 0
[90mstdout[2m | src/components/ChatSidebar.stories.jsx[2m > [22m[2mGetting Started
[22m[39m[useTranslationWithCapture] t() called: {
  "key": "chatSidebar.aiAssistant",
  "mode": "off",
  "namespace": "components",
  "value": "AI Assistant",
}
[90mstdout[2m | src/components/ChatSidebar.stories.jsx[2m > [22m[2mGetting Started
[22m[39m[useTranslationWithCapture] t() called: {
  "key": "chatSidebar.newChat",
  "mode": "off",
  "namespace": "components",
  "value": "New chat",
}
[90mstdout[2m | src/components/ChatSidebar.stories.jsx[2m > [22m[2mGetting Started
[22m[39m[useTranslationWithCapture] t() called: {
  "key": "chatSidebar.archiveChat",
  "mode": "off",
  "namespace": "components",
  "value": "Archive chat",
}
[90mstdout[2m | src/components/ChatSidebar.stories.jsx[2m > [22m[2mGetting Started
[22m[39m[useTranslationWithCapture] t() called: {
  "key": "chatSidebar.welcomeMessage",
  "mode": "off",
  "namespace": "components",
  "value": "Ask me anything about your curriculum, files, or content!",
}
[90mstdout[2m | src/components/ChatSidebar.stories.jsx[2m > [22m[2mGetting Started
[22m[39m[useTranslationWithCapture] t() called: {
  "key": "chatSidebar.askMeAnything",
  "mode": "off",
  "namespace": "components",
  "value": "Ask me anything...",
}
[90mstdout[2m | src/components/ChatSidebar.stories.jsx[2m > [22m[2mGetting Started
[22m[39m[useTranslationWithCapture] t() called: {
  "key": "actions.send",
  "mode": "off",
  "namespace": "components",
  "value": "Send",
}
[90mstdout[2m | src/components/ChatSidebar.stories.jsx[2m > [22m[2mGetting Started
[22m[39m[useTranslationWithCapture] t() called: {
  "key": "chatSidebar.reviewImportVocabulary",
  "mode": "off",
  "namespace": "components",
  "value": "Review & Import Vocabulary",
}
[90mstdout[2m | src/components/ChatSidebar.stories.jsx[2m > [22m[2mGetting Started
[22m[39m[useTranslationWithCapture] t() called: {
  "key": "chatSidebar.confirm",
  "mode": "off",
  "namespace": "components",
  "value": "Confirm",
}
[90mstdout[2m | src/components/ChatSidebar.stories.jsx[2m > [22m[2mGetting Started
[22m[39m[useTranslationWithCapture] t() called: {
  "key": "chatSidebar.cancel",
  "mode": "off",
  "namespace": "components",
  "value": "Cancel",
}
[90mstdout[2m | src/components/ChatSidebar.stories.jsx[2m > [22m[2mGetting Started
[22m[39m[useTranslationWithCapture] t() called: {
  "key": "chatSidebar.messageList.chatMessagesLabel",
  "mode": "off",
  "namespace": "components",
  "value": "Chat messages",
}
[90mstdout[2m | src/components/ChatSidebar.stories.jsx[2m > [22m[2mGetting Started
[22m[39m[useTranslationWithCapture] t() called: {
  "key": "chatSidebar.messageList.chatMessagesLabel",
  "mode": "off",
  "namespace": "components",
  "value": "Chat messages",
}
[90mstdout[2m | src/components/ChatSidebar.stories.jsx[2m > [22m[2mGetting Started
[22m[39m[useTranslationWithCapture] t() called: {
  "key": "chatSidebar.messageList.chatMessagesLabel",
  "mode": "off",
  "namespace": "components",
  "value": "Chat messages",
}
[90mstdout[2m | src/components/ChatSidebar.stories.jsx[2m > [22m[2mGetting Started
[22m[39m[ChatSidebar] Custom fetch with Amplify post client, ignoring AI SDK url: /api/chat
[90mstdout[2m | src/components/ChatSidebar.stories.jsx[2m > [22m[2mGetting Started
[22m[39m[Mock Auth] fetchAuthSession called with options: undefined
[90mstdout[2m | src/components/ChatSidebar.stories.jsx[2m > [22m[2mGetting Started
[22m[39m[ChatSidebar] Sending request with context: {
  "filesCount": 0,
  "hasUnit": true,
  "questionsCount": 0,
  "wordsCount": 0,
}
[90mstdout[2m | src/components/ChatSidebar.stories.jsx[2m > [22m[2mGetting Started
[22m[39m[Mock REST API] POST: {
  "apiName": "homeworkSupplyStreamApi",
  "body": {
    "context": {
      "dictionary": [],
      "files": [],
      "questionBank": [],
      "sections": [],
      "studentMemory": null,
      "unit": {
        "data": undefined,
        "description": undefined,
        "id": undefined,
        "name": undefined,
      },
    },
    "id": "oaeSP2GYVvBOZxLF",
    "messages": [
      {
        "id": "AQQXZlfIZWCHX2ww",
        "parts": [
          {
            "text": "Help me create a Japanese greeting lesson",
            "type": "text",
          },
        ],
        "role": "user",
      },
    ],
    "trigger": "submit-message",
  },
  "path": "/chat",
}
[90mstdout[2m | src/components/ChatSidebar.stories.jsx[2m > [22m[2mGetting Started
[22m[39m[Mock] Chat request: {
  "lastMessage": undefined,
  "messageCount": 1,
}
[90mstdout[2m | src/components/ChatSidebar.stories.jsx[2m > [22m[2mGetting Started
[22m[39m[Mock Data] generateClient() called - returning mock client
[90mstdout[2m | src/components/ChatSidebar.stories.jsx[2m > [22m[2mGetting Started
[22m[39m[Mock amplifyClient] getAmplifyClient() called - returning mock client
[90mstdout[2m | src/components/ChatSidebar.stories.jsx[2m > [22m[2mGetting Started
[22m[39m[Mock Data] AssistantChat.update() called with: {
  "draft": "H",
  "id": "mock-assistant-chat-1",
  "messages": "[]",
}
[90mstdout[2m | src/components/ChatSidebar.stories.jsx[2m > [22m[2mGetting Started
[22m[39m[Mock Data] generateClient() called - returning mock client
[90mstdout[2m | src/components/ChatSidebar.stories.jsx[2m > [22m[2mGetting Started
[22m[39m[Mock amplifyClient] getAmplifyClient() called - returning mock client
[90mstdout[2m | src/components/ChatSidebar.stories.jsx[2m > [22m[2mGetting Started
[22m[39m[Mock Data] AssistantChat.update() called with: {
  "draft": "He",
  "id": "mock-assistant-chat-1",
  "messages": "[]",
}
[90mstdout[2m | src/components/ChatSidebar.stories.jsx[2m > [22m[2mGetting Started
[22m[39m[Mock Data] generateClient() called - returning mock client
[90mstdout[2m | src/components/ChatSidebar.stories.jsx[2m > [22m[2mGetting Started
[22m[39m[Mock amplifyClient] getAmplifyClient() called - returning mock client
[90mstdout[2m | src/components/ChatSidebar.stories.jsx[2m > [22m[2mGetting Started
[22m[39m[Mock Data] AssistantChat.update() called with: {
  "draft": "Hel",
  "id": "mock-assistant-chat-1",
  "messages": "[]",
}
[90mstdout[2m | src/components/ChatSidebar.stories.jsx[2m > [22m[2mGetting Started
[22m[39m[useTranslationWithCapture] t() called: {
  "key": "chatSidebar.messageList.chatMessagesLabel",
  "mode": "off",
  "namespace": "components",
  "value": "Chat messages",
}
[90mstdout[2m | src/components/ChatSidebar.stories.jsx[2m > [22m[2mGetting Started
[22m[39m[Mock Data] generateClient() called - returning mock client
[90mstdout[2m | src/components/ChatSidebar.stories.jsx[2m > [22m[2mGetting Started
[22m[39m[Mock amplifyClient] getAmplifyClient() called - returning mock client
[90mstdout[2m | src/components/ChatSidebar.stories.jsx[2m > [22m[2mGetting Started
[22m[39m[Mock Data] AssistantChat.update() called with: {
  "draft": "Help",
  "id": "mock-assistant-chat-1",
  "messages": "[]",
}
[90mstdout[2m | src/components/ChatSidebar.stories.jsx[2m > [22m[2mGetting Started
[22m[39m[Mock Data] generateClient() called - returning mock client
[90mstdout[2m | src/components/ChatSidebar.stories.jsx[2m > [22m[2mGetting Started
[22m[39m[Mock amplifyClient] getAmplifyClient() called - returning mock client
[90mstdout[2m | src/components/ChatSidebar.stories.jsx[2m > [22m[2mGetting Started
[22m[39m[Mock Data] AssistantChat.update() called with: {
  "draft": "Help ",
  "id": "mock-assistant-chat-1",
  "messages": "[]",
}
[90mstdout[2m | src/components/ChatSidebar.stories.jsx[2m > [22m[2mGetting Started
[22m[39m[Mock Data] generateClient() called - returning mock client
[90mstdout[2m | src/components/ChatSidebar.stories.jsx[2m > [22m[2mGetting Started
[22m[39m[Mock amplifyClient] getAmplifyClient() called - returning mock client
[90mstdout[2m | src/components/ChatSidebar.stories.jsx[2m > [22m[2mGetting Started
[22m[39m[Mock Data] AssistantChat.update() called with: {
  "draft": "Help m",
  "id": "mock-assistant-chat-1",
  "messages": "[]",
}
[90mstdout[2m | src/components/ChatSidebar.stories.jsx[2m > [22m[2mGetting Started
[22m[39m[Mock Data] generateClient() called - returning mock client
[90mstdout[2m | src/components/ChatSidebar.stories.jsx[2m > [22m[2mGetting Started
[22m[39m[Mock amplifyClient] getAmplifyClient() called - returning mock client
[90mstdout[2m | src/components/ChatSidebar.stories.jsx[2m > [22m[2mGetting Started
[22m[39m[Mock Data] AssistantChat.update() called with: {
  "draft": "Help me",
  "id": "mock-assistant-chat-1",
  "messages": "[]",
}
[90mstdout[2m | src/components/ChatSidebar.stories.jsx[2m > [22m[2mTranslation Helper
[22m[39m[Mock Data] generateClient() called - returning mock client
[90mstdout[2m | src/components/ChatSidebar.stories.jsx[2m > [22m[2mTranslation Helper
[22m[39m[Mock amplifyClient] getAmplifyClient() called - returning mock client
[90mstdout[2m | src/components/ChatSidebar.stories.jsx[2m > [22m[2mTranslation Helper
[22m[39m[Mock Data] AssistantChat.update() called with: {
  "draft": "Help me ",
  "id": "mock-assistant-chat-1",
  "messages": "[]",
}
[90mstdout[2m | src/components/ChatSidebar.stories.jsx[2m > [22m[2mTranslation Helper
[22m[39m[Mock Data] Settings subscription unsubscribed. Remaining: 0
[90mstdout[2m | src/components/ChatSidebar.stories.jsx[2m > [22m[2mTranslation Helper
[22m[39m[ChatContext] Cleaning up subscription
[90mstdout[2m | src/components/ChatSidebar.stories.jsx[2m > [22m[2mTranslation Helper
[22m[39m[Mock Data] AssistantChat subscription unsubscribed. Remaining: 0
[90mstdout[2m | src/components/ChatSidebar.stories.jsx[2m > [22m[2mTranslation Helper
[22m[39m[Mock Data] File subscription unsubscribed. Remaining: 0
[90mstdout[2m | src/components/ChatSidebar.stories.jsx[2m > [22m[2mTranslation Helper
[22m[39m[Mock Data] Document subscription unsubscribed. Remaining: 1
[90mstdout[2m | src/components/ChatSidebar.stories.jsx[2m > [22m[2mTranslation Helper
[22m[39m[Mock Data] Word subscription unsubscribed. Remaining: 0
[90mstdout[2m | src/components/ChatSidebar.stories.jsx[2m > [22m[2mTranslation Helper
[22m[39m[Mock Data] Question subscription unsubscribed. Remaining: 0
[90mstdout[2m | src/components/ChatSidebar.stories.jsx[2m > [22m[2mTranslation Helper
[22m[39m[Mock Data] Grade subscription unsubscribed. Remaining: 0
[90mstdout[2m | src/components/ChatSidebar.stories.jsx[2m > [22m[2mTranslation Helper
[22m[39m[Mock Data] Unit subscription unsubscribed. Remaining: 0
[90mstdout[2m | src/components/ChatSidebar.stories.jsx[2m > [22m[2mTranslation Helper
[22m[39m[SectionContext] Cleaning up subscriptions
[90mstdout[2m | src/components/ChatSidebar.stories.jsx[2m > [22m[2mTranslation Helper
[22m[39m[Mock Data] Section.onCreate() subscription removed. Remaining: 0
[90mstdout[2m | src/components/ChatSidebar.stories.jsx[2m > [22m[2mTranslation Helper
[22m[39m[Mock Data] Section.onUpdate() subscription removed. Remaining: 0
[90mstdout[2m | src/components/ChatSidebar.stories.jsx[2m > [22m[2mTranslation Helper
[22m[39m[Mock Data] Section.onDelete() subscription removed. Remaining: 0
[90mstdout[2m | src/components/ChatSidebar.stories.jsx[2m > [22m[2mTranslation Helper
[22m[39m[Mock Data] Assignment.onCreate() subscription removed. Remaining: 0
[90mstdout[2m | src/components/ChatSidebar.stories.jsx[2m > [22m[2mTranslation Helper
[22m[39m[Mock Data] Assignment.onUpdate() subscription removed. Remaining: 0
[90mstdout[2m | src/components/ChatSidebar.stories.jsx[2m > [22m[2mTranslation Helper
[22m[39m[Mock Data] Assignment.onDelete() subscription removed. Remaining: 0
[90mstdout[2m | src/components/ChatSidebar.stories.jsx[2m > [22m[2mTranslation Helper
[22m[39m[chatTools] Vector store search function registered: false
[90mstdout[2m | src/components/ChatSidebar.stories.jsx[2m > [22m[2mTranslation Helper
[22m[39m[Mock Data] Document subscription unsubscribed. Remaining: 0
[90mstdout[2m | src/components/ChatSidebar.stories.jsx[2m > [22m[2mTranslation Helper
[22m[39m[Mock Data] Clearing all data stores
[90mstdout[2m | src/components/ChatSidebar.stories.jsx[2m > [22m[2mTranslation Helper
[22m[39m[Mock Data] All data stores cleared
[90mstdout[2m | src/components/ChatSidebar.stories.jsx[2m > [22m[2mTranslation Helper
[22m[39m[Preview] Cleared mock data for story
[90mstdout[2m | src/components/ChatSidebar.stories.jsx[2m > [22m[2mTranslation Helper
[22m[39m[Preview] Skipped initializing default mock data (initializeMockData=false)
[90mstdout[2m | src/components/ChatSidebar.stories.jsx[2m > [22m[2mTranslation Helper
[22m[39m[Mock AuthContext] Providing auth: {
  "error": undefined,
  "isLoading": false,
  "session": {
    "idToken": {
      "toString": [Function toString],
    },
    "identityId": "us-east-1:mock-identity-123",
    "username": "mock-user-sub",
  },
  "user": {
    "attributes": {
      "email": "alice@example.com",
      "name": "Alice Student",
      "sub": "mock-user-sub",
    },
  },
}
[90mstdout[2m | src/components/ChatSidebar.stories.jsx[2m > [22m[2mTranslation Helper
[22m[39m[Mock Data] generateClient() called - returning mock client
[90mstdout[2m | src/components/ChatSidebar.stories.jsx[2m > [22m[2mTranslation Helper
[22m[39m[Mock amplifyClient] getAmplifyClient() called - returning mock client
[90mstdout[2m | src/components/ChatSidebar.stories.jsx[2m > [22m[2mTranslation Helper
[22m[39m[MOCK CourseVectorStore] Initialized with mock data
[90mstdout[2m | src/components/ChatSidebar.stories.jsx[2m > [22m[2mTranslation Helper
[22m[39m[TranslationModeController] Setting mode to: off
[90mstdout[2m | src/components/ChatSidebar.stories.jsx[2m > [22m[2mTranslation Helper
[22m[39m[SectionContext] useEffect triggered {
  "authLoading": false,
  "hasUser": true,
  "userSub": "mock-user-sub",
}
[90mstdout[2m | src/components/ChatSidebar.stories.jsx[2m > [22m[2mTranslation Helper
[22m[39m[SectionContext] Fetching sections for userId: mock-user-sub
[90mstdout[2m | src/components/ChatSidebar.stories.jsx[2m > [22m[2mTranslation Helper
[22m[39m[Mock Data] generateClient() called - returning mock client
[90mstdout[2m | src/components/ChatSidebar.stories.jsx[2m > [22m[2mTranslation Helper
[22m[39m[Mock amplifyClient] getAmplifyClient() called - returning mock client
[90mstdout[2m | src/components/ChatSidebar.stories.jsx[2m > [22m[2mTranslation Helper
[22m[39m[Mock Data] Section.list() called with options: undefined
[90mstdout[2m | src/components/ChatSidebar.stories.jsx[2m > [22m[2mTranslation Helper
[22m[39m[Mock Data] generateClient() called - returning mock client
[90mstdout[2m | src/components/ChatSidebar.stories.jsx[2m > [22m[2mTranslation Helper
[22m[39m[Mock amplifyClient] getAmplifyClient() called - returning mock client
[90mstdout[2m | src/components/ChatSidebar.stories.jsx[2m > [22m[2mTranslation Helper
[22m[39m[Mock Data] Assignment.list() called with options: {
  "filter": {
    "unitID": {
      "eq": "mock-unit-id",
    },
  },
}
[90mstdout[2m | src/components/ChatSidebar.stories.jsx[2m > [22m[2mTranslation Helper
[22m[39m[Mock Data] generateClient() called - returning mock client
[90mstdout[2m | src/components/ChatSidebar.stories.jsx[2m > [22m[2mTranslation Helper
[22m[39m[Mock amplifyClient] getAmplifyClient() called - returning mock client
[90mstdout[2m | src/components/ChatSidebar.stories.jsx[2m > [22m[2mTranslation Helper
[22m[39m[Mock Data] Grade.observeQuery() called with filter: {
  "filter": {
    "unitID": {
      "eq": "mock-unit-id",
    },
  },
}
[90mstdout[2m | src/components/ChatSidebar.stories.jsx[2m > [22m[2mTranslation Helper
[22m[39m[Mock Data] Grade.observeQuery() applying filter: {
  "unitID": {
    "eq": "mock-unit-id",
  },
}
[90mstdout[2m | src/components/ChatSidebar.stories.jsx[2m > [22m[2mTranslation Helper
[22m[39m[Mock Data] Grade.observeQuery() items before filter: 0
[90mstdout[2m | src/components/ChatSidebar.stories.jsx[2m > [22m[2mTranslation Helper
[22m[39m[Mock Data] Grade.observeQuery() items after filter: 0
[90mstdout[2m | src/components/ChatSidebar.stories.jsx[2m > [22m[2mTranslation Helper
[22m[39m[Mock Data] Grade.observeQuery() returning 0 items (filter applied) {
  "filter": {
    "unitID": {
      "eq": "mock-unit-id",
    },
  },
}
[90mstdout[2m | src/components/ChatSidebar.stories.jsx[2m > [22m[2mTranslation Helper
[22m[39m[Mock Data] Grade subscription added. Total subscriptions: 1
[90mstdout[2m | src/components/ChatSidebar.stories.jsx[2m > [22m[2mTranslation Helper
[22m[39m[UnitContext] useEffect triggered {
  "authLoading": false,
  "hasUser": true,
  "id": "mock-unit-id",
  "userSub": "mock-user-sub",
}
[90mstdout[2m | src/components/ChatSidebar.stories.jsx[2m > [22m[2mTranslation Helper
[22m[39m[UnitContext] Fetching unit data for id: mock-unit-id
[90mstdout[2m | src/components/ChatSidebar.stories.jsx[2m > [22m[2mTranslation Helper
[22m[39m[Mock Data] generateClient() called - returning mock client
[90mstdout[2m | src/components/ChatSidebar.stories.jsx[2m > [22m[2mTranslation Helper
[22m[39m[Mock amplifyClient] getAmplifyClient() called - returning mock client
[90mstdout[2m | src/components/ChatSidebar.stories.jsx[2m > [22m[2mTranslation Helper
[22m[39m[Mock Data] Unit.observeQuery() called with filter: {
  "filter": {
    "id": {
      "eq": "mock-unit-id",
    },
  },
}
[90mstdout[2m | src/components/ChatSidebar.stories.jsx[2m > [22m[2mTranslation Helper
[22m[39m[Mock Data] Unit.observeQuery() applying filter: {
  "id": {
    "eq": "mock-unit-id",
  },
}
[90mstdout[2m | src/components/ChatSidebar.stories.jsx[2m > [22m[2mTranslation Helper
[22m[39m[Mock Data] Unit.observeQuery() items before filter: 0
[90mstdout[2m | src/components/ChatSidebar.stories.jsx[2m > [22m[2mTranslation Helper
[22m[39m[Mock Data] Unit.observeQuery() items after filter: 0
[90mstdout[2m | src/components/ChatSidebar.stories.jsx[2m > [22m[2mTranslation Helper
[22m[39m[Mock Data] Unit.observeQuery() returning 0 items (filter applied) {
  "filter": {
    "id": {
      "eq": "mock-unit-id",
    },
  },
}
[90mstdout[2m | src/components/ChatSidebar.stories.jsx[2m > [22m[2mTranslation Helper
[22m[39m[Mock Data] Unit subscription added. Total subscriptions: 1
[90mstdout[2m | src/components/ChatSidebar.stories.jsx[2m > [22m[2mTranslation Helper
[22m[39m[Mock Data] generateClient() called - returning mock client
[90mstdout[2m | src/components/ChatSidebar.stories.jsx[2m > [22m[2mTranslation Helper
[22m[39m[Mock amplifyClient] getAmplifyClient() called - returning mock client
[90mstdout[2m | src/components/ChatSidebar.stories.jsx[2m > [22m[2mTranslation Helper
[22m[39m[Mock Data] Word.observeQuery() called with filter: undefined
[90mstdout[2m | src/components/ChatSidebar.stories.jsx[2m > [22m[2mTranslation Helper
[22m[39m[Mock Data] Word.observeQuery() returning 0 items (filter applied) undefined
[90mstdout[2m | src/components/ChatSidebar.stories.jsx[2m > [22m[2mTranslation Helper
[22m[39m[Mock Data] Word subscription added. Total subscriptions: 1
[90mstdout[2m | src/components/ChatSidebar.stories.jsx[2m > [22m[2mTranslation Helper
[22m[39m[Mock Data] generateClient() called - returning mock client
[90mstdout[2m | src/components/ChatSidebar.stories.jsx[2m > [22m[2mTranslation Helper
[22m[39m[Mock amplifyClient] getAmplifyClient() called - returning mock client
[90mstdout[2m | src/components/ChatSidebar.stories.jsx[2m > [22m[2mTranslation Helper
[22m[39m[Mock Data] Question.observeQuery() called with filter: undefined
[90mstdout[2m | src/components/ChatSidebar.stories.jsx[2m > [22m[2mTranslation Helper
[22m[39m[Mock Data] Question.observeQuery() returning 0 items (filter applied) undefined
[90mstdout[2m | src/components/ChatSidebar.stories.jsx[2m > [22m[2mTranslation Helper
[22m[39m[Mock Data] Question subscription added. Total subscriptions: 1
[90mstdout[2m | src/components/ChatSidebar.stories.jsx[2m > [22m[2mTranslation Helper
[22m[39m[FilesContext] Initializing vector store from IndexedDB
[90mstdout[2m | src/components/ChatSidebar.stories.jsx[2m > [22m[2mTranslation Helper
[22m[39m[FilesContext] fetchFiles called
[90mstdout[2m | src/components/ChatSidebar.stories.jsx[2m > [22m[2mTranslation Helper
[22m[39m[FilesContext] User authenticated: mock-user-sub
[90mstdout[2m | src/components/ChatSidebar.stories.jsx[2m > [22m[2mTranslation Helper
[22m[39m[FilesContext] Identity ID: us-east-1:mock-identity-123
[90mstdout[2m | src/components/ChatSidebar.stories.jsx[2m > [22m[2mTranslation Helper
[22m[39m[FilesContext] About to subscribe to File model
[90mstdout[2m | src/components/ChatSidebar.stories.jsx[2m > [22m[2mTranslation Helper
[22m[39m[Mock Data] generateClient() called - returning mock client
[90mstdout[2m | src/components/ChatSidebar.stories.jsx[2m > [22m[2mTranslation Helper
[22m[39m[Mock amplifyClient] getAmplifyClient() called - returning mock client
[90mstdout[2m | src/components/ChatSidebar.stories.jsx[2m > [22m[2mTranslation Helper
[22m[39m[Mock Data] File.observeQuery() called with filter: undefined
[90mstdout[2m | src/components/ChatSidebar.stories.jsx[2m > [22m[2mTranslation Helper
[22m[39m[Mock Data] File.observeQuery() returning 0 items (filter applied) undefined
[90mstdout[2m | src/components/ChatSidebar.stories.jsx[2m > [22m[2mTranslation Helper
[22m[39m[Mock Data] File subscription added. Total subscriptions: 1
[90mstdout[2m | src/components/ChatSidebar.stories.jsx[2m > [22m[2mTranslation Helper
[22m[39m[Mock Data] generateClient() called - returning mock client
[90mstdout[2m | src/components/ChatSidebar.stories.jsx[2m > [22m[2mTranslation Helper
[22m[39m[Mock amplifyClient] getAmplifyClient() called - returning mock client
[90mstdout[2m | src/components/ChatSidebar.stories.jsx[2m > [22m[2mTranslation Helper
[22m[39m[Mock Data] Document.observeQuery() called with filter: undefined
[90mstdout[2m | src/components/ChatSidebar.stories.jsx[2m > [22m[2mTranslation Helper
[22m[39m[Mock Data] Document.observeQuery() returning 0 items (filter applied) undefined
[90mstdout[2m | src/components/ChatSidebar.stories.jsx[2m > [22m[2mTranslation Helper
[22m[39m[Mock Data] Document subscription added. Total subscriptions: 1
[90mstdout[2m | src/components/ChatSidebar.stories.jsx[2m > [22m[2mTranslation Helper
[22m[39m[ChatContext] Setting up observeQuery for AssistantChat
[90mstdout[2m | src/components/ChatSidebar.stories.jsx[2m > [22m[2mTranslation Helper
[22m[39m[Mock Data] AssistantChat.observeQuery() called with filter: {
  "sortDirection": "DESC",
  "sortField": "createdAt",
}
[90mstdout[2m | src/components/ChatSidebar.stories.jsx[2m > [22m[2mTranslation Helper
[22m[39m[Mock Data] AssistantChat.observeQuery() returning 0 items (filter applied) {
  "sortDirection": "DESC",
  "sortField": "createdAt",
}
[90mstdout[2m | src/components/ChatSidebar.stories.jsx[2m > [22m[2mTranslation Helper
[22m[39m[Mock Data] AssistantChat subscription added. Total subscriptions: 1
[90mstdout[2m | src/components/ChatSidebar.stories.jsx[2m > [22m[2mTranslation Helper
[22m[39m[ChatContext] Waiting for subscription to initialize
[90mstdout[2m | src/components/ChatSidebar.stories.jsx[2m > [22m[2mTranslation Helper
[22m[39m[SettingsContext] Setting up Settings subscription for user: mock-user-sub
[90mstdout[2m | src/components/ChatSidebar.stories.jsx[2m > [22m[2mTranslation Helper
[22m[39m[Mock Data] generateClient() called - returning mock client
[90mstdout[2m | src/components/ChatSidebar.stories.jsx[2m > [22m[2mTranslation Helper
[22m[39m[Mock amplifyClient] getAmplifyClient() called - returning mock client
[90mstdout[2m | src/components/ChatSidebar.stories.jsx[2m > [22m[2mTranslation Helper
[22m[39m[Mock Data] Settings.observeQuery() called with filter: undefined
[90mstdout[2m | src/components/ChatSidebar.stories.jsx[2m > [22m[2mTranslation Helper
[22m[39m[Mock Data] Settings.observeQuery() returning 0 items (filter applied) undefined
[90mstdout[2m | src/components/ChatSidebar.stories.jsx[2m > [22m[2mTranslation Helper
[22m[39m[Mock Data] Settings subscription added. Total subscriptions: 1
[90mstdout[2m | src/components/ChatSidebar.stories.jsx[2m > [22m[2mTranslation Helper
[22m[39m[SectionContext] Initial sections: 0 []
[90mstdout[2m | src/components/ChatSidebar.stories.jsx[2m > [22m[2mTranslation Helper
[22m[39m[Mock Data] Section.onCreate() called with filter: undefined
[90mstdout[2m | src/components/ChatSidebar.stories.jsx[2m > [22m[2mTranslation Helper
[22m[39m[Mock Data] Section.onCreate() subscription added. Total: 1
[90mstdout[2m | src/components/ChatSidebar.stories.jsx[2m > [22m[2mTranslation Helper
[22m[39m[Mock Data] Section.onUpdate() called with filter: undefined
[90mstdout[2m | src/components/ChatSidebar.stories.jsx[2m > [22m[2mTranslation Helper
[22m[39m[Mock Data] Section.onUpdate() subscription added. Total: 1
[90mstdout[2m | src/components/ChatSidebar.stories.jsx[2m > [22m[2mTranslation Helper
[22m[39m[Mock Data] Section.onDelete() called with filter: undefined
[90mstdout[2m | src/components/ChatSidebar.stories.jsx[2m > [22m[2mTranslation Helper
[22m[39m[Mock Data] Section.onDelete() subscription added. Total: 1
[90mstdout[2m | src/components/ChatSidebar.stories.jsx[2m > [22m[2mTranslation Helper
[22m[39m[Mock Data] Assignment.onCreate() called with filter: {
  "filter": {
    "unitID": {
      "eq": "mock-unit-id",
    },
  },
}
[90mstdout[2m | src/components/ChatSidebar.stories.jsx[2m > [22m[2mTranslation Helper
[22m[39m[Mock Data] Assignment.onCreate() subscription added. Total: 1
[90mstdout[2m | src/components/ChatSidebar.stories.jsx[2m > [22m[2mTranslation Helper
[22m[39m[Mock Data] Assignment.onUpdate() called with filter: {
  "filter": {
    "unitID": {
      "eq": "mock-unit-id",
    },
  },
}
[90mstdout[2m | src/components/ChatSidebar.stories.jsx[2m > [22m[2mTranslation Helper
[22m[39m[Mock Data] Assignment.onUpdate() subscription added. Total: 1
[90mstdout[2m | src/components/ChatSidebar.stories.jsx[2m > [22m[2mTranslation Helper
[22m[39m[Mock Data] Assignment.onDelete() called with filter: {
  "filter": {
    "unitID": {
      "eq": "mock-unit-id",
    },
  },
}
[90mstdout[2m | src/components/ChatSidebar.stories.jsx[2m > [22m[2mTranslation Helper
[22m[39m[Mock Data] Assignment.onDelete() subscription added. Total: 1
[90mstdout[2m | src/components/ChatSidebar.stories.jsx[2m > [22m[2mTranslation Helper
[22m[39m[Mock Data] generateClient() called - returning mock client
[90mstdout[2m | src/components/ChatSidebar.stories.jsx[2m > [22m[2mTranslation Helper
[22m[39m[Mock amplifyClient] getAmplifyClient() called - returning mock client
[90mstdout[2m | src/components/ChatSidebar.stories.jsx[2m > [22m[2mTranslation Helper
[22m[39m[Mock Data] AssistantChat.update() called with: {
  "draft": "Help me c",
  "id": "mock-assistant-chat-1",
  "messages": "[]",
}
[90mstdout[2m | src/components/ChatSidebar.stories.jsx[2m > [22m[2mTranslation Helper
[22m[39m[Mock Data] generateClient() called - returning mock client
[90mstdout[2m | src/components/ChatSidebar.stories.jsx[2m > [22m[2mTranslation Helper
[22m[39m[Mock amplifyClient] getAmplifyClient() called - returning mock client
[90mstdout[2m | src/components/ChatSidebar.stories.jsx[2m > [22m[2mTranslation Helper
[22m[39m[Mock Data] AssistantChat.update() called with: {
  "draft": "Help me cr",
  "id": "mock-assistant-chat-1",
  "messages": "[]",
}
[90mstdout[2m | src/components/ChatSidebar.stories.jsx[2m > [22m[2mTranslation Helper
[22m[39m[FilesContext] File observeQuery subscription triggered:
[90mstdout[2m | src/components/ChatSidebar.stories.jsx[2m > [22m[2mTranslation Helper
[22m[39m  - items.length: 0
[90mstdout[2m | src/components/ChatSidebar.stories.jsx[2m > [22m[2mTranslation Helper
[22m[39m  - isSynced: true
[90mstdout[2m | src/components/ChatSidebar.stories.jsx[2m > [22m[2mTranslation Helper
[22m[39m  - items: []
[90mstdout[2m | src/components/ChatSidebar.stories.jsx[2m > [22m[2mTranslation Helper
[22m[39m[ChatContext] AssistantChat query update: 0 items (synced)
[90mstdout[2m | src/components/ChatSidebar.stories.jsx[2m > [22m[2mTranslation Helper
[22m[39m[ChatContext] AssistantChat subscription initialized
[90mstdout[2m | src/components/ChatSidebar.stories.jsx[2m > [22m[2mTranslation Helper
[22m[39m[ChatContext] AssistantChat list updated: 0 chats
[90mstdout[2m | src/components/ChatSidebar.stories.jsx[2m > [22m[2mTranslation Helper
[22m[39m[Mock Data] Settings.create() called with: {
  "assistantVoice": "shimmer",
  "autoAnalyzeDocuments": true,
  "defaultAIModel": "gpt-4",
  "documentAnalysisModel": "gpt-4",
  "editorFontSize": 14,
  "editorTheme": "auto",
  "emailNotifications": true,
  "language": "en",
  "webhookNotifications": false,
}
[90mstdout[2m | src/components/ChatSidebar.stories.jsx[2m > [22m[2mTranslation Helper
[22m[39m[Mock Data] Settings created: mock-settings-1776336977139 - notified 1 subscribers
[90mstdout[2m | src/components/ChatSidebar.stories.jsx[2m > [22m[2mTranslation Helper
[22m[39m[ChatContext] No chats found, clearing current chat - new one will be created
[90mstdout[2m | src/components/ChatSidebar.stories.jsx[2m > [22m[2mTranslation Helper
[22m[39m[Mock Data] seedMockAssistantChats: Replacing with 1 assistant chats
[90mstdout[2m | src/components/ChatSidebar.stories.jsx[2m > [22m[2mTranslation Helper
[22m[39m[Mock Data] Notifying 1 AssistantChat subscriptions
[90mstderr[2m | src/components/ChatSidebar.stories.jsx[2m > [22m[2mTranslation Helper
[22m[39m[useTabContext] Used outside of TabProvider, returning default values
[90mstdout[2m | src/components/ChatSidebar.stories.jsx[2m > [22m[2mTranslation Helper
[22m[39m[ChatSidebar] Registered client-side tools: [
  "search_content",
  "create_section",
  "create_unit",
  "create_assignment",
  "add_timer_to_unit",
  "create_vocabulary_word",
  "create_question",
  "list_sections",
  "list_units",
  "get_unit_details",
  "update_unit",
  "delete_assignment",
]
[90mstdout[2m | src/components/ChatSidebar.stories.jsx[2m > [22m[2mTranslation Helper
[22m[39m[useTranslationWithCapture] t() called: {
  "key": "chatSidebar.aiAssistant",
  "mode": "off",
  "namespace": "components",
  "value": "AI Assistant",
}
[90mstdout[2m | src/components/ChatSidebar.stories.jsx[2m > [22m[2mTranslation Helper
[22m[39m[useTranslationWithCapture] t() called: {
  "key": "chatSidebar.newChat",
  "mode": "off",
  "namespace": "components",
  "value": "New chat",
}
[90mstdout[2m | src/components/ChatSidebar.stories.jsx[2m > [22m[2mTranslation Helper
[22m[39m[useTranslationWithCapture] t() called: {
  "key": "chatSidebar.archiveChat",
  "mode": "off",
  "namespace": "components",
  "value": "Archive chat",
}
[90mstdout[2m | src/components/ChatSidebar.stories.jsx[2m > [22m[2mTranslation Helper
[22m[39m[useTranslationWithCapture] t() called: {
  "key": "chatSidebar.welcomeMessage",
  "mode": "off",
  "namespace": "components",
  "value": "Ask me anything about your curriculum, files, or content!",
}
[90mstdout[2m | src/components/ChatSidebar.stories.jsx[2m > [22m[2mTranslation Helper
[22m[39m[useTranslationWithCapture] t() called: {
  "key": "chatSidebar.settingUpChat",
  "mode": "off",
  "namespace": "components",
  "value": "Setting up chat...",
}
[90mstdout[2m | src/components/ChatSidebar.stories.jsx[2m > [22m[2mTranslation Helper
[22m[39m[useTranslationWithCapture] t() called: {
  "key": "actions.send",
  "mode": "off",
  "namespace": "components",
  "value": "Send",
}
[90mstdout[2m | src/components/ChatSidebar.stories.jsx[2m > [22m[2mTranslation Helper
[22m[39m[useTranslationWithCapture] t() called: {
  "key": "chatSidebar.reviewImportVocabulary",
  "mode": "off",
  "namespace": "components",
  "value": "Review & Import Vocabulary",
}
[90mstdout[2m | src/components/ChatSidebar.stories.jsx[2m > [22m[2mTranslation Helper
[22m[39m[useTranslationWithCapture] t() called: {
  "key": "chatSidebar.confirm",
  "mode": "off",
  "namespace": "components",
  "value": "Confirm",
}
[90mstdout[2m | src/components/ChatSidebar.stories.jsx[2m > [22m[2mTranslation Helper
[22m[39m[useTranslationWithCapture] t() called: {
  "key": "chatSidebar.cancel",
  "mode": "off",
  "namespace": "components",
  "value": "Cancel",
}
[90mstdout[2m | src/components/ChatSidebar.stories.jsx[2m > [22m[2mTranslation Helper
[22m[39m[chatTools] Vector store search function registered: true
[90mstdout[2m | src/components/ChatSidebar.stories.jsx[2m > [22m[2mTranslation Helper
[22m[39m[ChatSidebar] Registered vector store search, isReady: false
[90mstdout[2m | src/components/ChatSidebar.stories.jsx[2m > [22m[2mTranslation Helper
[22m[39m[ChatSidebar] Setting up Document subscription for user: undefined
[90mstdout[2m | src/components/ChatSidebar.stories.jsx[2m > [22m[2mTranslation Helper
[22m[39m[Mock Data] generateClient() called - returning mock client
[90mstdout[2m | src/components/ChatSidebar.stories.jsx[2m > [22m[2mTranslation Helper
[22m[39m[Mock amplifyClient] getAmplifyClient() called - returning mock client
[90mstdout[2m | src/components/ChatSidebar.stories.jsx[2m > [22m[2mTranslation Helper
[22m[39m[Mock Data] Document.observeQuery() called with filter: undefined
[90mstdout[2m | src/components/ChatSidebar.stories.jsx[2m > [22m[2mTranslation Helper
[22m[39m[Mock Data] Document.observeQuery() returning 0 items (filter applied) undefined
[90mstdout[2m | src/components/ChatSidebar.stories.jsx[2m > [22m[2mTranslation Helper
[22m[39m[Mock Data] Document subscription added. Total subscriptions: 2
[90mstdout[2m | src/components/ChatSidebar.stories.jsx[2m > [22m[2mTranslation Helper
[22m[39m[ChatContext] No current chat available, will create one
[90mstdout[2m | src/components/ChatSidebar.stories.jsx[2m > [22m[2mTranslation Helper
[22m[39m[ChatContext] Creating AssistantChat with user: undefined
[90mstdout[2m | src/components/ChatSidebar.stories.jsx[2m > [22m[2mTranslation Helper
[22m[39m[Mock Data] AssistantChat.create() called with: {
  "archived": false,
  "model": "gpt-4",
}
[90mstdout[2m | src/components/ChatSidebar.stories.jsx[2m > [22m[2mTranslation Helper
[22m[39m[Mock Data] AssistantChat created: mock-assistantchat-1776336977172 - notified 1 subscribers
[90mstderr[2m | src/components/ChatSidebar.stories.jsx[2m > [22m[2mTranslation Helper
[22m[39m[useTabContext] Used outside of TabProvider, returning default values
[90mstdout[2m | src/components/ChatSidebar.stories.jsx[2m > [22m[2mTranslation Helper
[22m[39m[useTranslationWithCapture] t() called: {
  "key": "chatSidebar.aiAssistant",
  "mode": "off",
  "namespace": "components",
  "value": "AI Assistant",
}
[90mstdout[2m | src/components/ChatSidebar.stories.jsx[2m > [22m[2mTranslation Helper
[22m[39m[useTranslationWithCapture] t() called: {
  "key": "chatSidebar.newChat",
  "mode": "off",
  "namespace": "components",
  "value": "New chat",
}
[90mstdout[2m | src/components/ChatSidebar.stories.jsx[2m > [22m[2mTranslation Helper
[22m[39m[useTranslationWithCapture] t() called: {
  "key": "chatSidebar.archiveChat",
  "mode": "off",
  "namespace": "components",
  "value": "Archive chat",
}
[90mstdout[2m | src/components/ChatSidebar.stories.jsx[2m > [22m[2mTranslation Helper
[22m[39m[useTranslationWithCapture] t() called: {
  "key": "chatSidebar.welcomeMessage",
  "mode": "off",
  "namespace": "components",
  "value": "Ask me anything about your curriculum, files, or content!",
}
[90mstdout[2m | src/components/ChatSidebar.stories.jsx[2m > [22m[2mTranslation Helper
[22m[39m[useTranslationWithCapture] t() called: {
  "key": "chatSidebar.settingUpChat",
  "mode": "off",
  "namespace": "components",
  "value": "Setting up chat...",
}
[90mstdout[2m | src/components/ChatSidebar.stories.jsx[2m > [22m[2mTranslation Helper
[22m[39m[useTranslationWithCapture] t() called: {
  "key": "actions.send",
  "mode": "off",
  "namespace": "components",
  "value": "Send",
}
[90mstdout[2m | src/components/ChatSidebar.stories.jsx[2m > [22m[2mTranslation Helper
[22m[39m[useTranslationWithCapture] t() called: {
  "key": "chatSidebar.reviewImportVocabulary",
  "mode": "off",
  "namespace": "components",
  "value": "Review & Import Vocabulary",
}
[90mstdout[2m | src/components/ChatSidebar.stories.jsx[2m > [22m[2mTranslation Helper
[22m[39m[useTranslationWithCapture] t() called: {
  "key": "chatSidebar.confirm",
  "mode": "off",
  "namespace": "components",
  "value": "Confirm",
}
[90mstdout[2m | src/components/ChatSidebar.stories.jsx[2m > [22m[2mTranslation Helper
[22m[39m[useTranslationWithCapture] t() called: {
  "key": "chatSidebar.cancel",
  "mode": "off",
  "namespace": "components",
  "value": "Cancel",
}
[90mstdout[2m | src/components/ChatSidebar.stories.jsx[2m > [22m[2mTranslation Helper
[22m[39m[ChatContext] Create result: {
  "data": {
    "_version": 1,
    "archived": false,
    "chatFiles": [Function anonymous],
    "createdAt": "2026-04-16T10:56:17.172Z",
    "id": "mock-assistantchat-1776336977172",
    "model": "gpt-4",
    "updatedAt": "2026-04-16T10:56:17.172Z",
  },
  "errors": [],
  "hasData": true,
  "hasErrors": true,
}
[90mstdout[2m | src/components/ChatSidebar.stories.jsx[2m > [22m[2mTranslation Helper
[22m[39m[ChatContext] Created AssistantChat: mock-assistantchat-1776336977172 at: 2026-04-16T10:56:17.172Z
[90mstdout[2m | src/components/ChatSidebar.stories.jsx[2m > [22m[2mTranslation Helper
[22m[39m[ChatContext] AssistantChat query update: 1 items (synced)
[90mstdout[2m | src/components/ChatSidebar.stories.jsx[2m > [22m[2mTranslation Helper
[22m[39m[ChatContext] First item details: {
  "id": "translation-chat",
  "updatedAt": "2026-04-16T10:56:17.144Z",
}
[90mstdout[2m | src/components/ChatSidebar.stories.jsx[2m > [22m[2mTranslation Helper
[22m[39m[ChatContext] AssistantChat list updated: 1 chats
[90mstdout[2m | src/components/ChatSidebar.stories.jsx[2m > [22m[2mTranslation Helper
[22m[39m[ChatContext] AssistantChat query update: 2 items (synced)
[90mstdout[2m | src/components/ChatSidebar.stories.jsx[2m > [22m[2mTranslation Helper
[22m[39m[ChatContext] First item details: {
  "id": "translation-chat",
  "updatedAt": "2026-04-16T10:56:17.144Z",
}
[90mstdout[2m | src/components/ChatSidebar.stories.jsx[2m > [22m[2mTranslation Helper
[22m[39m[ChatContext] AssistantChat list updated: 2 chats
[90mstdout[2m | src/components/ChatSidebar.stories.jsx[2m > [22m[2mTranslation Helper
[22m[39m[ChatContext] Setting initial chat: translation-chat
[90mstderr[2m | src/components/ChatSidebar.stories.jsx[2m > [22m[2mTranslation Helper
[22m[39m[useTabContext] Used outside of TabProvider, returning default values
[90mstdout[2m | src/components/ChatSidebar.stories.jsx[2m > [22m[2mTranslation Helper
[22m[39m[useTranslationWithCapture] t() called: {
  "key": "chatSidebar.aiAssistant",
  "mode": "off",
  "namespace": "components",
  "value": "AI Assistant",
}
[90mstdout[2m | src/components/ChatSidebar.stories.jsx[2m > [22m[2mTranslation Helper
[22m[39m[useTranslationWithCapture] t() called: {
  "key": "chatSidebar.newChat",
  "mode": "off",
  "namespace": "components",
  "value": "New chat",
}
[90mstdout[2m | src/components/ChatSidebar.stories.jsx[2m > [22m[2mTranslation Helper
[22m[39m[useTranslationWithCapture] t() called: {
  "key": "chatSidebar.archiveChat",
  "mode": "off",
  "namespace": "components",
  "value": "Archive chat",
}
[90mstdout[2m | src/components/ChatSidebar.stories.jsx[2m > [22m[2mTranslation Helper
[22m[39m[useTranslationWithCapture] t() called: {
  "key": "chatSidebar.welcomeMessage",
  "mode": "off",
  "namespace": "components",
  "value": "Ask me anything about your curriculum, files, or content!",
}
[90mstdout[2m | src/components/ChatSidebar.stories.jsx[2m > [22m[2mTranslation Helper
[22m[39m[useTranslationWithCapture] t() called: {
  "key": "chatSidebar.askMeAnything",
  "mode": "off",
  "namespace": "components",
  "value": "Ask me anything...",
}
[90mstdout[2m | src/components/ChatSidebar.stories.jsx[2m > [22m[2mTranslation Helper
[22m[39m[useTranslationWithCapture] t() called: {
  "key": "actions.send",
  "mode": "off",
  "namespace": "components",
  "value": "Send",
}
[90mstdout[2m | src/components/ChatSidebar.stories.jsx[2m > [22m[2mTranslation Helper
[22m[39m[useTranslationWithCapture] t() called: {
  "key": "chatSidebar.reviewImportVocabulary",
  "mode": "off",
  "namespace": "components",
  "value": "Review & Import Vocabulary",
}
[90mstdout[2m | src/components/ChatSidebar.stories.jsx[2m > [22m[2mTranslation Helper
[22m[39m[useTranslationWithCapture] t() called: {
  "key": "chatSidebar.confirm",
  "mode": "off",
  "namespace": "components",
  "value": "Confirm",
}
[90mstdout[2m | src/components/ChatSidebar.stories.jsx[2m > [22m[2mTranslation Helper
[22m[39m[useTranslationWithCapture] t() called: {
  "key": "chatSidebar.cancel",
  "mode": "off",
  "namespace": "components",
  "value": "Cancel",
}
[90mstdout[2m | src/components/ChatSidebar.stories.jsx[2m > [22m[2mTranslation Helper
[22m[39m[Mock Data] generateClient() called - returning mock client
[90mstdout[2m | src/components/ChatSidebar.stories.jsx[2m > [22m[2mTranslation Helper
[22m[39m[Mock amplifyClient] getAmplifyClient() called - returning mock client
[90mstdout[2m | src/components/ChatSidebar.stories.jsx[2m > [22m[2mTranslation Helper
[22m[39m[Mock Data] AssistantChat.update() called with: {
  "draft": "Help me cre",
  "id": "mock-assistant-chat-1",
  "messages": "[]",
}
[90mstdout[2m | src/components/ChatSidebar.stories.jsx[2m > [22m[2mTranslation Helper
[22m[39m[Mock Data] generateClient() called - returning mock client
[90mstdout[2m | src/components/ChatSidebar.stories.jsx[2m > [22m[2mTranslation Helper
[22m[39m[Mock amplifyClient] getAmplifyClient() called - returning mock client
[90mstdout[2m | src/components/ChatSidebar.stories.jsx[2m > [22m[2mTranslation Helper
[22m[39m[Mock Data] AssistantChat.update() called with: {
  "draft": "Help me crea",
  "id": "mock-assistant-chat-1",
  "messages": "[]",
}
[90mstdout[2m | src/components/ChatSidebar.stories.jsx[2m > [22m[2mTranslation Helper
[22m[39m[ChatSidebar] Loading messages for chat: translation-chat count: 2
[90mstdout[2m | src/components/ChatSidebar.stories.jsx[2m > [22m[2mTranslation Helper
[22m[39m[ChatSidebar] deepCloneMessages: cloned 2 messages
[90mstdout[2m | src/components/ChatSidebar.stories.jsx[2m > [22m[2mTranslation Helper
[22m[39m[Mock Data] generateClient() called - returning mock client
[90mstdout[2m | src/components/ChatSidebar.stories.jsx[2m > [22m[2mTranslation Helper
[22m[39m[Mock amplifyClient] getAmplifyClient() called - returning mock client
[90mstdout[2m | src/components/ChatSidebar.stories.jsx[2m > [22m[2mTranslation Helper
[22m[39m[Mock Data] AssistantChatFile.list() called with options: {
  "filter": {
    "chatID": {
      "eq": "translation-chat",
    },
  },
}
[90mstdout[2m | src/components/ChatSidebar.stories.jsx[2m > [22m[2mTranslation Helper
[22m[39m[ChatContext] Chat exists and not archived, skipping creation
[90mstderr[2m | src/components/ChatSidebar.stories.jsx[2m > [22m[2mTranslation Helper
[22m[39m[useTabContext] Used outside of TabProvider, returning default values
[90mstdout[2m | src/components/ChatSidebar.stories.jsx[2m > [22m[2mTranslation Helper
[22m[39m[ChatSidebar] useChat status: ready messages: 2 toolCalls: 0
[90mstdout[2m | src/components/ChatSidebar.stories.jsx[2m > [22m[2mTranslation Helper
[22m[39m[useTranslationWithCapture] t() called: {
  "key": "chatSidebar.aiAssistant",
  "mode": "off",
  "namespace": "components",
  "value": "AI Assistant",
}
[90mstdout[2m | src/components/ChatSidebar.stories.jsx[2m > [22m[2mTranslation Helper
[22m[39m[useTranslationWithCapture] t() called: {
  "key": "chatSidebar.newChat",
  "mode": "off",
  "namespace": "components",
  "value": "New chat",
}
[90mstdout[2m | src/components/ChatSidebar.stories.jsx[2m > [22m[2mTranslation Helper
[22m[39m[useTranslationWithCapture] t() called: {
  "key": "chatSidebar.archiveChat",
  "mode": "off",
  "namespace": "components",
  "value": "Archive chat",
}
[90mstdout[2m | src/components/ChatSidebar.stories.jsx[2m > [22m[2mTranslation Helper
[22m[39m[useTranslationWithCapture] t() called: {
  "key": "chatSidebar.welcomeMessage",
  "mode": "off",
  "namespace": "components",
  "value": "Ask me anything about your curriculum, files, or content!",
}
[90mstdout[2m | src/components/ChatSidebar.stories.jsx[2m > [22m[2mTranslation Helper
[22m[39m[useTranslationWithCapture] t() called: {
  "key": "chatSidebar.askMeAnything",
  "mode": "off",
  "namespace": "components",
  "value": "Ask me anything...",
}
[90mstdout[2m | src/components/ChatSidebar.stories.jsx[2m > [22m[2mTranslation Helper
[22m[39m[useTranslationWithCapture] t() called: {
  "key": "actions.send",
  "mode": "off",
  "namespace": "components",
  "value": "Send",
}
[90mstdout[2m | src/components/ChatSidebar.stories.jsx[2m > [22m[2mTranslation Helper
[22m[39m[useTranslationWithCapture] t() called: {
  "key": "chatSidebar.reviewImportVocabulary",
  "mode": "off",
  "namespace": "components",
  "value": "Review & Import Vocabulary",
}
[90mstdout[2m | src/components/ChatSidebar.stories.jsx[2m > [22m[2mTranslation Helper
[22m[39m[useTranslationWithCapture] t() called: {
  "key": "chatSidebar.confirm",
  "mode": "off",
  "namespace": "components",
  "value": "Confirm",
}
[90mstdout[2m | src/components/ChatSidebar.stories.jsx[2m > [22m[2mTranslation Helper
[22m[39m[useTranslationWithCapture] t() called: {
  "key": "chatSidebar.cancel",
  "mode": "off",
  "namespace": "components",
  "value": "Cancel",
}
[90mstdout[2m | src/components/ChatSidebar.stories.jsx[2m > [22m[2mTranslation Helper
[22m[39m[useTranslationWithCapture] t() called: {
  "key": "chatSidebar.messageList.chatMessagesLabel",
  "mode": "off",
  "namespace": "components",
  "value": "Chat messages",
}
[90mstdout[2m | src/components/ChatSidebar.stories.jsx[2m > [22m[2mTranslation Helper
[22m[39m[useTranslationWithCapture] t() called: {
  "key": "chatSidebar.messageList.chatMessagesLabel",
  "mode": "off",
  "namespace": "components",
  "value": "Chat messages",
}
[90mstdout[2m | src/components/ChatSidebar.stories.jsx[2m > [22m[2mTranslation Helper
[22m[39m[useTranslationWithCapture] t() called: {
  "key": "aiFeedbackWidget.whatToImprove",
  "mode": "off",
  "namespace": "components",
  "value": "What could be improved?",
}
[90mstdout[2m | src/components/ChatSidebar.stories.jsx[2m > [22m[2mTranslation Helper
[22m[39m[useTranslationWithCapture] t() called: {
  "key": "aiFeedbackWidget.selectAllThatApply",
  "mode": "off",
  "namespace": "components",
  "value": "Select all that apply:",
}
[90mstdout[2m | src/components/ChatSidebar.stories.jsx[2m > [22m[2mTranslation Helper
[22m[39m[useTranslationWithCapture] t() called: {
  "key": "aiFeedbackWidget.cancel",
  "mode": "off",
  "namespace": "components",
  "value": "Cancel",
}
[90mstdout[2m | src/components/ChatSidebar.stories.jsx[2m > [22m[2mTranslation Helper
[22m[39m[useTranslationWithCapture] t() called: {
  "key": "aiFeedbackWidget.submit",
  "mode": "off",
  "namespace": "components",
  "value": "Submit",
}
[90mstdout[2m | src/components/ChatSidebar.stories.jsx[2m > [22m[2mTranslation Helper
[22m[39m[useTranslationWithCapture] t() called: {
  "key": "chatSidebar.messageList.chatMessagesLabel",
  "mode": "off",
  "namespace": "components",
  "value": "Chat messages",
}
[90mstdout[2m | src/components/ChatSidebar.stories.jsx[2m > [22m[2mTranslation Helper
[22m[39m[useTranslationWithCapture] t() called: {
  "key": "aiFeedbackWidget.whatToImprove",
  "mode": "off",
  "namespace": "components",
  "value": "What could be improved?",
}
[90mstdout[2m | src/components/ChatSidebar.stories.jsx[2m > [22m[2mTranslation Helper
[22m[39m[useTranslationWithCapture] t() called: {
  "key": "aiFeedbackWidget.selectAllThatApply",
  "mode": "off",
  "namespace": "components",
  "value": "Select all that apply:",
}
[90mstdout[2m | src/components/ChatSidebar.stories.jsx[2m > [22m[2mTranslation Helper
[22m[39m[useTranslationWithCapture] t() called: {
  "key": "aiFeedbackWidget.cancel",
  "mode": "off",
  "namespace": "components",
  "value": "Cancel",
}
[90mstdout[2m | src/components/ChatSidebar.stories.jsx[2m > [22m[2mTranslation Helper
[22m[39m[useTranslationWithCapture] t() called: {
  "key": "aiFeedbackWidget.submit",
  "mode": "off",
  "namespace": "components",
  "value": "Submit",
}
[90mstdout[2m | src/components/ChatSidebar.stories.jsx[2m > [22m[2mTranslation Helper
[22m[39m[Mock Data] generateClient() called - returning mock client
[90mstdout[2m | src/components/ChatSidebar.stories.jsx[2m > [22m[2mTranslation Helper
[22m[39m[Mock amplifyClient] getAmplifyClient() called - returning mock client
[90mstdout[2m | src/components/ChatSidebar.stories.jsx[2m > [22m[2mTranslation Helper
[22m[39m[Mock Data] AssistantChat.update() called with: {
  "draft": "Help me creat",
  "id": "mock-assistant-chat-1",
  "messages": "[]",
}
[90mstdout[2m | src/components/ChatSidebar.stories.jsx[2m > [22m[2mTranslation Helper
[22m[39m[Mock Data] generateClient() called - returning mock client
[90mstdout[2m | src/components/ChatSidebar.stories.jsx[2m > [22m[2mTranslation Helper
[22m[39m[Mock amplifyClient] getAmplifyClient() called - returning mock client
[90mstdout[2m | src/components/ChatSidebar.stories.jsx[2m > [22m[2mTranslation Helper
[22m[39m[Mock Data] AssistantChat.update() called with: {
  "draft": "Help me create",
  "id": "mock-assistant-chat-1",
  "messages": "[]",
}
[90mstderr[2m | src/components/ChatSidebar.stories.jsx[2m > [22m[2mTranslation Helper
[22m[39m[useTabContext] Used outside of TabProvider, returning default values
[90mstdout[2m | src/components/ChatSidebar.stories.jsx[2m > [22m[2mTranslation Helper
[22m[39m[ChatSidebar] useChat status: ready messages: 2 toolCalls: 0
[90mstdout[2m | src/components/ChatSidebar.stories.jsx[2m > [22m[2mTranslation Helper
[22m[39m[useTranslationWithCapture] t() called: {
  "key": "chatSidebar.aiAssistant",
  "mode": "off",
  "namespace": "components",
  "value": "AI Assistant",
}
[90mstdout[2m | src/components/ChatSidebar.stories.jsx[2m > [22m[2mTranslation Helper
[22m[39m[useTranslationWithCapture] t() called: {
  "key": "chatSidebar.newChat",
  "mode": "off",
  "namespace": "components",
  "value": "New chat",
}
[90mstdout[2m | src/components/ChatSidebar.stories.jsx[2m > [22m[2mTranslation Helper
[22m[39m[useTranslationWithCapture] t() called: {
  "key": "chatSidebar.archiveChat",
  "mode": "off",
  "namespace": "components",
  "value": "Archive chat",
}
[90mstdout[2m | src/components/ChatSidebar.stories.jsx[2m > [22m[2mTranslation Helper
[22m[39m[useTranslationWithCapture] t() called: {
  "key": "chatSidebar.welcomeMessage",
  "mode": "off",
  "namespace": "components",
  "value": "Ask me anything about your curriculum, files, or content!",
}
[90mstdout[2m | src/components/ChatSidebar.stories.jsx[2m > [22m[2mTranslation Helper
[22m[39m[useTranslationWithCapture] t() called: {
  "key": "chatSidebar.askMeAnything",
  "mode": "off",
  "namespace": "components",
  "value": "Ask me anything...",
}
[90mstdout[2m | src/components/ChatSidebar.stories.jsx[2m > [22m[2mTranslation Helper
[22m[39m[useTranslationWithCapture] t() called: {
  "key": "actions.send",
  "mode": "off",
  "namespace": "components",
  "value": "Send",
}
[90mstdout[2m | src/components/ChatSidebar.stories.jsx[2m > [22m[2mTranslation Helper
[22m[39m[useTranslationWithCapture] t() called: {
  "key": "chatSidebar.reviewImportVocabulary",
  "mode": "off",
  "namespace": "components",
  "value": "Review & Import Vocabulary",
}
[90mstdout[2m | src/components/ChatSidebar.stories.jsx[2m > [22m[2mTranslation Helper
[22m[39m[useTranslationWithCapture] t() called: {
  "key": "chatSidebar.confirm",
  "mode": "off",
  "namespace": "components",
  "value": "Confirm",
}
[90mstdout[2m | src/components/ChatSidebar.stories.jsx[2m > [22m[2mTranslation Helper
[22m[39m[useTranslationWithCapture] t() called: {
  "key": "chatSidebar.cancel",
  "mode": "off",
  "namespace": "components",
  "value": "Cancel",
}
[90mstdout[2m | src/components/ChatSidebar.stories.jsx[2m > [22m[2mTranslation Helper
[22m[39m[useTranslationWithCapture] t() called: {
  "key": "chatSidebar.messageList.chatMessagesLabel",
  "mode": "off",
  "namespace": "components",
  "value": "Chat messages",
}
[90mstdout[2m | src/components/ChatSidebar.stories.jsx[2m > [22m[2mTranslation Helper
[22m[39m[useTranslationWithCapture] t() called: {
  "key": "aiFeedbackWidget.whatToImprove",
  "mode": "off",
  "namespace": "components",
  "value": "What could be improved?",
}
[90mstdout[2m | src/components/ChatSidebar.stories.jsx[2m > [22m[2mTranslation Helper
[22m[39m[useTranslationWithCapture] t() called: {
  "key": "aiFeedbackWidget.selectAllThatApply",
  "mode": "off",
  "namespace": "components",
  "value": "Select all that apply:",
}
[90mstdout[2m | src/components/ChatSidebar.stories.jsx[2m > [22m[2mTranslation Helper
[22m[39m[useTranslationWithCapture] t() called: {
  "key": "aiFeedbackWidget.cancel",
  "mode": "off",
  "namespace": "components",
  "value": "Cancel",
}
[90mstdout[2m | src/components/ChatSidebar.stories.jsx[2m > [22m[2mTranslation Helper
[22m[39m[useTranslationWithCapture] t() called: {
  "key": "aiFeedbackWidget.submit",
  "mode": "off",
  "namespace": "components",
  "value": "Submit",
}
[90mstdout[2m | src/components/ChatSidebar.stories.jsx[2m > [22m[2mTranslation Helper
[22m[39m[Mock Data] generateClient() called - returning mock client
[90mstdout[2m | src/components/ChatSidebar.stories.jsx[2m > [22m[2mTranslation Helper
[22m[39m[Mock amplifyClient] getAmplifyClient() called - returning mock client
[90mstdout[2m | src/components/ChatSidebar.stories.jsx[2m > [22m[2mTranslation Helper
[22m[39m[Mock Data] AssistantChatFile.list() called with options: {
  "filter": {
    "chatID": {
      "eq": "translation-chat",
    },
  },
}
[90mstdout[2m | src/components/ChatSidebar.stories.jsx[2m > [22m[2mTranslation Helper
[22m[39m[Mock Data] generateClient() called - returning mock client
[90mstdout[2m | src/components/ChatSidebar.stories.jsx[2m > [22m[2mTranslation Helper
[22m[39m[Mock amplifyClient] getAmplifyClient() called - returning mock client
[90mstdout[2m | src/components/ChatSidebar.stories.jsx[2m > [22m[2mTranslation Helper
[22m[39m[Mock Data] AssistantChat.update() called with: {
  "draft": "Help me create ",
  "id": "mock-assistant-chat-1",
  "messages": "[]",
}
[90mstdout[2m | src/components/ChatSidebar.stories.jsx[2m > [22m[2mTranslation Helper
[22m[39m[Mock Data] generateClient() called - returning mock client
[90mstdout[2m | src/components/ChatSidebar.stories.jsx[2m > [22m[2mTranslation Helper
[22m[39m[Mock amplifyClient] getAmplifyClient() called - returning mock client
[90mstdout[2m | src/components/ChatSidebar.stories.jsx[2m > [22m[2mTranslation Helper
[22m[39m[Mock Data] AssistantChat.update() called with: {
  "draft": "Help me create a",
  "id": "mock-assistant-chat-1",
  "messages": "[]",
}
[90mstdout[2m | src/components/ChatSidebar.stories.jsx[2m > [22m[2mTranslation Helper
[22m[39m[Mock Data] generateClient() called - returning mock client
[90mstdout[2m | src/components/ChatSidebar.stories.jsx[2m > [22m[2mTranslation Helper
[22m[39m[Mock amplifyClient] getAmplifyClient() called - returning mock client
[90mstdout[2m | src/components/ChatSidebar.stories.jsx[2m > [22m[2mTranslation Helper
[22m[39m[Mock Data] AssistantChat.update() called with: {
  "draft": "Help me create a ",
  "id": "mock-assistant-chat-1",
  "messages": "[]",
}
[90mstdout[2m | src/components/ChatSidebar.stories.jsx[2m > [22m[2mTranslation Helper
[22m[39m[Mock Data] generateClient() called - returning mock client
[90mstdout[2m | src/components/ChatSidebar.stories.jsx[2m > [22m[2mTranslation Helper
[22m[39m[Mock amplifyClient] getAmplifyClient() called - returning mock client
[90mstdout[2m | src/components/ChatSidebar.stories.jsx[2m > [22m[2mTranslation Helper
[22m[39m[Mock Data] AssistantChat.update() called with: {
  "draft": "Help me create a J",
  "id": "mock-assistant-chat-1",
  "messages": "[]",
}
[90mstdout[2m | src/components/ChatSidebar.stories.jsx[2m > [22m[2mTranslation Helper
[22m[39m[Mock Data] generateClient() called - returning mock client
[90mstdout[2m | src/components/ChatSidebar.stories.jsx[2m > [22m[2mTranslation Helper
[22m[39m[Mock amplifyClient] getAmplifyClient() called - returning mock client
[90mstdout[2m | src/components/ChatSidebar.stories.jsx[2m > [22m[2mTranslation Helper
[22m[39m[Mock Data] AssistantChat.update() called with: {
  "draft": "Help me create a Ja",
  "id": "mock-assistant-chat-1",
  "messages": "[]",
}
[90mstdout[2m | src/components/ChatSidebar.stories.jsx[2m > [22m[2mTranslation Helper
[22m[39m[Mock Data] generateClient() called - returning mock client
[90mstdout[2m | src/components/ChatSidebar.stories.jsx[2m > [22m[2mTranslation Helper
[22m[39m[Mock amplifyClient] getAmplifyClient() called - returning mock client
[90mstdout[2m | src/components/ChatSidebar.stories.jsx[2m > [22m[2mTranslation Helper
[22m[39m[Mock Data] AssistantChat.update() called with: {
  "draft": "Help me create a Jap",
  "id": "mock-assistant-chat-1",
  "messages": "[]",
}
[90mstdout[2m | src/components/ChatSidebar.stories.jsx[2m > [22m[2mTranslation Helper
[22m[39m[ChatSidebar] Response received: {
  "bodyType": "object",
  "hasBody": true,
  "headers": undefined,
  "status": 200,
}
[90mstdout[2m | src/components/ChatSidebar.stories.jsx[2m > [22m[2mTranslation Helper
[22m[39m[ChatSidebar] Created Web Response with streaming body: {
  "bodyUsed": false,
  "ok": true,
  "status": 200,
}
[90mstdout[2m | src/components/ChatSidebar.stories.jsx[2m > [22m[2mTranslation Helper
[22m[39m[Mock Data] generateClient() called - returning mock client
[90mstdout[2m | src/components/ChatSidebar.stories.jsx[2m > [22m[2mTranslation Helper
[22m[39m[Mock amplifyClient] getAmplifyClient() called - returning mock client
[90mstdout[2m | src/components/ChatSidebar.stories.jsx[2m > [22m[2mTranslation Helper
[22m[39m[Mock Data] AssistantChat.update() called with: {
  "draft": "Help me create a Japa",
  "id": "mock-assistant-chat-1",
  "messages": "[]",
}
[90mstdout[2m | src/components/ChatSidebar.stories.jsx[2m > [22m[2mTranslation Helper
[22m[39m[Mock Data] generateClient() called - returning mock client
[90mstdout[2m | src/components/ChatSidebar.stories.jsx[2m > [22m[2mTranslation Helper
[22m[39m[Mock amplifyClient] getAmplifyClient() called - returning mock client
[90mstdout[2m | src/components/ChatSidebar.stories.jsx[2m > [22m[2mTranslation Helper
[22m[39m[Mock Data] AssistantChat.update() called with: {
  "draft": "Help me create a Japan",
  "id": "mock-assistant-chat-1",
  "messages": "[]",
}
[90mstdout[2m | src/components/ChatSidebar.stories.jsx[2m > [22m[2mTranslation Helper
[22m[39m[Mock Data] generateClient() called - returning mock client
[90mstdout[2m | src/components/ChatSidebar.stories.jsx[2m > [22m[2mTranslation Helper
[22m[39m[Mock amplifyClient] getAmplifyClient() called - returning mock client
[90mstdout[2m | src/components/ChatSidebar.stories.jsx[2m > [22m[2mTranslation Helper
[22m[39m[Mock Data] AssistantChat.update() called with: {
  "draft": "Help me create a Japane",
  "id": "mock-assistant-chat-1",
  "messages": "[]",
}
[90mstdout[2m | src/components/ChatSidebar.stories.jsx[2m > [22m[2mContent Creation
[22m[39m[Mock Data] generateClient() called - returning mock client
[90mstdout[2m | src/components/ChatSidebar.stories.jsx[2m > [22m[2mContent Creation
[22m[39m[Mock amplifyClient] getAmplifyClient() called - returning mock client
[90mstdout[2m | src/components/ChatSidebar.stories.jsx[2m > [22m[2mContent Creation
[22m[39m[Mock Data] AssistantChat.update() called with: {
  "draft": "Help me create a Japanes",
  "id": "mock-assistant-chat-1",
  "messages": "[]",
}
[90mstdout[2m | src/components/ChatSidebar.stories.jsx[2m > [22m[2mContent Creation
[22m[39m[Mock Data] Settings subscription unsubscribed. Remaining: 0
[90mstdout[2m | src/components/ChatSidebar.stories.jsx[2m > [22m[2mContent Creation
[22m[39m[ChatContext] Cleaning up subscription
[90mstdout[2m | src/components/ChatSidebar.stories.jsx[2m > [22m[2mContent Creation
[22m[39m[Mock Data] AssistantChat subscription unsubscribed. Remaining: 0
[90mstdout[2m | src/components/ChatSidebar.stories.jsx[2m > [22m[2mContent Creation
[22m[39m[Mock Data] File subscription unsubscribed. Remaining: 0
[90mstdout[2m | src/components/ChatSidebar.stories.jsx[2m > [22m[2mContent Creation
[22m[39m[Mock Data] Document subscription unsubscribed. Remaining: 1
[90mstdout[2m | src/components/ChatSidebar.stories.jsx[2m > [22m[2mContent Creation
[22m[39m[Mock Data] Word subscription unsubscribed. Remaining: 0
[90mstdout[2m | src/components/ChatSidebar.stories.jsx[2m > [22m[2mContent Creation
[22m[39m[Mock Data] Question subscription unsubscribed. Remaining: 0
[90mstdout[2m | src/components/ChatSidebar.stories.jsx[2m > [22m[2mContent Creation
[22m[39m[Mock Data] Grade subscription unsubscribed. Remaining: 0
[90mstdout[2m | src/components/ChatSidebar.stories.jsx[2m > [22m[2mContent Creation
[22m[39m[Mock Data] Unit subscription unsubscribed. Remaining: 0
[90mstdout[2m | src/components/ChatSidebar.stories.jsx[2m > [22m[2mContent Creation
[22m[39m[SectionContext] Cleaning up subscriptions
[90mstdout[2m | src/components/ChatSidebar.stories.jsx[2m > [22m[2mContent Creation
[22m[39m[Mock Data] Section.onCreate() subscription removed. Remaining: 0
[90mstdout[2m | src/components/ChatSidebar.stories.jsx[2m > [22m[2mContent Creation
[22m[39m[Mock Data] Section.onUpdate() subscription removed. Remaining: 0
[90mstdout[2m | src/components/ChatSidebar.stories.jsx[2m > [22m[2mContent Creation
[22m[39m[Mock Data] Section.onDelete() subscription removed. Remaining: 0
[90mstdout[2m | src/components/ChatSidebar.stories.jsx[2m > [22m[2mContent Creation
[22m[39m[Mock Data] Assignment.onCreate() subscription removed. Remaining: 0
[90mstdout[2m | src/components/ChatSidebar.stories.jsx[2m > [22m[2mContent Creation
[22m[39m[Mock Data] Assignment.onUpdate() subscription removed. Remaining: 0
[90mstdout[2m | src/components/ChatSidebar.stories.jsx[2m > [22m[2mContent Creation
[22m[39m[Mock Data] Assignment.onDelete() subscription removed. Remaining: 0
[90mstdout[2m | src/components/ChatSidebar.stories.jsx[2m > [22m[2mContent Creation
[22m[39m[chatTools] Vector store search function registered: false
[90mstdout[2m | src/components/ChatSidebar.stories.jsx[2m > [22m[2mContent Creation
[22m[39m[Mock Data] Document subscription unsubscribed. Remaining: 0
[90mstdout[2m | src/components/ChatSidebar.stories.jsx[2m > [22m[2mContent Creation
[22m[39m[Mock Data] Clearing all data stores
[90mstdout[2m | src/components/ChatSidebar.stories.jsx[2m > [22m[2mContent Creation
[22m[39m[Mock Data] All data stores cleared
[90mstdout[2m | src/components/ChatSidebar.stories.jsx[2m > [22m[2mContent Creation
[22m[39m[Preview] Cleared mock data for story
[90mstdout[2m | src/components/ChatSidebar.stories.jsx[2m > [22m[2mContent Creation
[22m[39m[Preview] Skipped initializing default mock data (initializeMockData=false)
[90mstdout[2m | src/components/ChatSidebar.stories.jsx[2m > [22m[2mContent Creation
[22m[39m[Mock Data] generateClient() called - returning mock client
[90mstdout[2m | src/components/ChatSidebar.stories.jsx[2m > [22m[2mContent Creation
[22m[39m[Mock amplifyClient] getAmplifyClient() called - returning mock client
[90mstdout[2m | src/components/ChatSidebar.stories.jsx[2m > [22m[2mContent Creation
[22m[39m[Mock Data] AssistantChat.update() called with: {
  "draft": "Help me create a Japanese",
  "id": "mock-assistant-chat-1",
  "messages": "[]",
}
[90mstdout[2m | src/components/ChatSidebar.stories.jsx[2m > [22m[2mContent Creation
[22m[39m[Mock AuthContext] Providing auth: {
  "error": undefined,
  "isLoading": false,
  "session": {
    "idToken": {
      "toString": [Function toString],
    },
    "identityId": "us-east-1:mock-identity-123",
    "username": "mock-user-sub",
  },
  "user": {
    "attributes": {
      "email": "alice@example.com",
      "name": "Alice Student",
      "sub": "mock-user-sub",
    },
  },
}
[90mstdout[2m | src/components/ChatSidebar.stories.jsx[2m > [22m[2mContent Creation
[22m[39m[Mock Data] generateClient() called - returning mock client
[90mstdout[2m | src/components/ChatSidebar.stories.jsx[2m > [22m[2mContent Creation
[22m[39m[Mock amplifyClient] getAmplifyClient() called - returning mock client
[90mstdout[2m | src/components/ChatSidebar.stories.jsx[2m > [22m[2mContent Creation
[22m[39m[MOCK CourseVectorStore] Initialized with mock data
[90mstdout[2m | src/components/ChatSidebar.stories.jsx[2m > [22m[2mContent Creation
[22m[39m[TranslationModeController] Setting mode to: off
[90mstdout[2m | src/components/ChatSidebar.stories.jsx[2m > [22m[2mContent Creation
[22m[39m[SectionContext] useEffect triggered {
  "authLoading": false,
  "hasUser": true,
  "userSub": "mock-user-sub",
}
[90mstdout[2m | src/components/ChatSidebar.stories.jsx[2m > [22m[2mContent Creation
[22m[39m[SectionContext] Fetching sections for userId: mock-user-sub
[90mstdout[2m | src/components/ChatSidebar.stories.jsx[2m > [22m[2mContent Creation
[22m[39m[Mock Data] generateClient() called - returning mock client
[90mstdout[2m | src/components/ChatSidebar.stories.jsx[2m > [22m[2mContent Creation
[22m[39m[Mock amplifyClient] getAmplifyClient() called - returning mock client
[90mstdout[2m | src/components/ChatSidebar.stories.jsx[2m > [22m[2mContent Creation
[22m[39m[Mock Data] Section.list() called with options: undefined
[90mstdout[2m | src/components/ChatSidebar.stories.jsx[2m > [22m[2mContent Creation
[22m[39m[Mock Data] generateClient() called - returning mock client
[90mstdout[2m | src/components/ChatSidebar.stories.jsx[2m > [22m[2mContent Creation
[22m[39m[Mock amplifyClient] getAmplifyClient() called - returning mock client
[90mstdout[2m | src/components/ChatSidebar.stories.jsx[2m > [22m[2mContent Creation
[22m[39m[Mock Data] Assignment.list() called with options: {
  "filter": {
    "unitID": {
      "eq": "mock-unit-id",
    },
  },
}
[90mstdout[2m | src/components/ChatSidebar.stories.jsx[2m > [22m[2mContent Creation
[22m[39m[Mock Data] generateClient() called - returning mock client
[90mstdout[2m | src/components/ChatSidebar.stories.jsx[2m > [22m[2mContent Creation
[22m[39m[Mock amplifyClient] getAmplifyClient() called - returning mock client
[90mstdout[2m | src/components/ChatSidebar.stories.jsx[2m > [22m[2mContent Creation
[22m[39m[Mock Data] Grade.observeQuery() called with filter: {
  "filter": {
    "unitID": {
      "eq": "mock-unit-id",
    },
  },
}
[90mstdout[2m | src/components/ChatSidebar.stories.jsx[2m > [22m[2mContent Creation
[22m[39m[Mock Data] Grade.observeQuery() applying filter: {
  "unitID": {
    "eq": "mock-unit-id",
  },
}
[90mstdout[2m | src/components/ChatSidebar.stories.jsx[2m > [22m[2mContent Creation
[22m[39m[Mock Data] Grade.observeQuery() items before filter: 0
[90mstdout[2m | src/components/ChatSidebar.stories.jsx[2m > [22m[2mContent Creation
[22m[39m[Mock Data] Grade.observeQuery() items after filter: 0
[90mstdout[2m | src/components/ChatSidebar.stories.jsx[2m > [22m[2mContent Creation
[22m[39m[Mock Data] Grade.observeQuery() returning 0 items (filter applied) {
  "filter": {
    "unitID": {
      "eq": "mock-unit-id",
    },
  },
}
[90mstdout[2m | src/components/ChatSidebar.stories.jsx[2m > [22m[2mContent Creation
[22m[39m[Mock Data] Grade subscription added. Total subscriptions: 1
[90mstdout[2m | src/components/ChatSidebar.stories.jsx[2m > [22m[2mContent Creation
[22m[39m[UnitContext] useEffect triggered {
  "authLoading": false,
  "hasUser": true,
  "id": "mock-unit-id",
  "userSub": "mock-user-sub",
}
[90mstdout[2m | src/components/ChatSidebar.stories.jsx[2m > [22m[2mContent Creation
[22m[39m[UnitContext] Fetching unit data for id: mock-unit-id
[90mstdout[2m | src/components/ChatSidebar.stories.jsx[2m > [22m[2mContent Creation
[22m[39m[Mock Data] generateClient() called - returning mock client
[90mstdout[2m | src/components/ChatSidebar.stories.jsx[2m > [22m[2mContent Creation
[22m[39m[Mock amplifyClient] getAmplifyClient() called - returning mock client
[90mstdout[2m | src/components/ChatSidebar.stories.jsx[2m > [22m[2mContent Creation
[22m[39m[Mock Data] Unit.observeQuery() called with filter: {
  "filter": {
    "id": {
      "eq": "mock-unit-id",
    },
  },
}
[90mstdout[2m | src/components/ChatSidebar.stories.jsx[2m > [22m[2mContent Creation
[22m[39m[Mock Data] Unit.observeQuery() applying filter: {
  "id": {
    "eq": "mock-unit-id",
  },
}
[90mstdout[2m | src/components/ChatSidebar.stories.jsx[2m > [22m[2mContent Creation
[22m[39m[Mock Data] Unit.observeQuery() items before filter: 0
[90mstdout[2m | src/components/ChatSidebar.stories.jsx[2m > [22m[2mContent Creation
[22m[39m[Mock Data] Unit.observeQuery() items after filter: 0
[90mstdout[2m | src/components/ChatSidebar.stories.jsx[2m > [22m[2mContent Creation
[22m[39m[Mock Data] Unit.observeQuery() returning 0 items (filter applied) {
  "filter": {
    "id": {
      "eq": "mock-unit-id",
    },
  },
}
[90mstdout[2m | src/components/ChatSidebar.stories.jsx[2m > [22m[2mContent Creation
[22m[39m[Mock Data] Unit subscription added. Total subscriptions: 1
[90mstdout[2m | src/components/ChatSidebar.stories.jsx[2m > [22m[2mContent Creation
[22m[39m[Mock Data] generateClient() called - returning mock client
[90mstdout[2m | src/components/ChatSidebar.stories.jsx[2m > [22m[2mContent Creation
[22m[39m[Mock amplifyClient] getAmplifyClient() called - returning mock client
[90mstdout[2m | src/components/ChatSidebar.stories.jsx[2m > [22m[2mContent Creation
[22m[39m[Mock Data] Word.observeQuery() called with filter: undefined
[90mstdout[2m | src/components/ChatSidebar.stories.jsx[2m > [22m[2mContent Creation
[22m[39m[Mock Data] Word.observeQuery() returning 0 items (filter applied) undefined
[90mstdout[2m | src/components/ChatSidebar.stories.jsx[2m > [22m[2mContent Creation
[22m[39m[Mock Data] Word subscription added. Total subscriptions: 1
[90mstdout[2m | src/components/ChatSidebar.stories.jsx[2m > [22m[2mContent Creation
[22m[39m[Mock Data] generateClient() called - returning mock client
[90mstdout[2m | src/components/ChatSidebar.stories.jsx[2m > [22m[2mContent Creation
[22m[39m[Mock amplifyClient] getAmplifyClient() called - returning mock client
[90mstdout[2m | src/components/ChatSidebar.stories.jsx[2m > [22m[2mContent Creation
[22m[39m[Mock Data] Question.observeQuery() called with filter: undefined
[90mstdout[2m | src/components/ChatSidebar.stories.jsx[2m > [22m[2mContent Creation
[22m[39m[Mock Data] Question.observeQuery() returning 0 items (filter applied) undefined
[90mstdout[2m | src/components/ChatSidebar.stories.jsx[2m > [22m[2mContent Creation
[22m[39m[Mock Data] Question subscription added. Total subscriptions: 1
[90mstdout[2m | src/components/ChatSidebar.stories.jsx[2m > [22m[2mContent Creation
[22m[39m[FilesContext] Initializing vector store from IndexedDB
[90mstdout[2m | src/components/ChatSidebar.stories.jsx[2m > [22m[2mContent Creation
[22m[39m[FilesContext] fetchFiles called
[90mstdout[2m | src/components/ChatSidebar.stories.jsx[2m > [22m[2mContent Creation
[22m[39m[FilesContext] User authenticated: mock-user-sub
[90mstdout[2m | src/components/ChatSidebar.stories.jsx[2m > [22m[2mContent Creation
[22m[39m[FilesContext] Identity ID: us-east-1:mock-identity-123
[90mstdout[2m | src/components/ChatSidebar.stories.jsx[2m > [22m[2mContent Creation
[22m[39m[FilesContext] About to subscribe to File model
[90mstdout[2m | src/components/ChatSidebar.stories.jsx[2m > [22m[2mContent Creation
[22m[39m[Mock Data] generateClient() called - returning mock client
[90mstdout[2m | src/components/ChatSidebar.stories.jsx[2m > [22m[2mContent Creation
[22m[39m[Mock amplifyClient] getAmplifyClient() called - returning mock client
[90mstdout[2m | src/components/ChatSidebar.stories.jsx[2m > [22m[2mContent Creation
[22m[39m[Mock Data] File.observeQuery() called with filter: undefined
[90mstdout[2m | src/components/ChatSidebar.stories.jsx[2m > [22m[2mContent Creation
[22m[39m[Mock Data] File.observeQuery() returning 0 items (filter applied) undefined
[90mstdout[2m | src/components/ChatSidebar.stories.jsx[2m > [22m[2mContent Creation
[22m[39m[Mock Data] File subscription added. Total subscriptions: 1
[90mstdout[2m | src/components/ChatSidebar.stories.jsx[2m > [22m[2mContent Creation
[22m[39m[Mock Data] generateClient() called - returning mock client
[90mstdout[2m | src/components/ChatSidebar.stories.jsx[2m > [22m[2mContent Creation
[22m[39m[Mock amplifyClient] getAmplifyClient() called - returning mock client
[90mstdout[2m | src/components/ChatSidebar.stories.jsx[2m > [22m[2mContent Creation
[22m[39m[Mock Data] Document.observeQuery() called with filter: undefined
[90mstdout[2m | src/components/ChatSidebar.stories.jsx[2m > [22m[2mContent Creation
[22m[39m[Mock Data] Document.observeQuery() returning 0 items (filter applied) undefined
[90mstdout[2m | src/components/ChatSidebar.stories.jsx[2m > [22m[2mContent Creation
[22m[39m[Mock Data] Document subscription added. Total subscriptions: 1
[90mstdout[2m | src/components/ChatSidebar.stories.jsx[2m > [22m[2mContent Creation
[22m[39m[ChatContext] Setting up observeQuery for AssistantChat
[90mstdout[2m | src/components/ChatSidebar.stories.jsx[2m > [22m[2mContent Creation
[22m[39m[Mock Data] AssistantChat.observeQuery() called with filter: {
  "sortDirection": "DESC",
  "sortField": "createdAt",
}
[90mstdout[2m | src/components/ChatSidebar.stories.jsx[2m > [22m[2mContent Creation
[22m[39m[Mock Data] AssistantChat.observeQuery() returning 0 items (filter applied) {
  "sortDirection": "DESC",
  "sortField": "createdAt",
}
[90mstdout[2m | src/components/ChatSidebar.stories.jsx[2m > [22m[2mContent Creation
[22m[39m[Mock Data] AssistantChat subscription added. Total subscriptions: 1
[90mstdout[2m | src/components/ChatSidebar.stories.jsx[2m > [22m[2mContent Creation
[22m[39m[ChatContext] Waiting for subscription to initialize
[90mstdout[2m | src/components/ChatSidebar.stories.jsx[2m > [22m[2mContent Creation
[22m[39m[SettingsContext] Setting up Settings subscription for user: mock-user-sub
[90mstdout[2m | src/components/ChatSidebar.stories.jsx[2m > [22m[2mContent Creation
[22m[39m[Mock Data] generateClient() called - returning mock client
[90mstdout[2m | src/components/ChatSidebar.stories.jsx[2m > [22m[2mContent Creation
[22m[39m[Mock amplifyClient] getAmplifyClient() called - returning mock client
[90mstdout[2m | src/components/ChatSidebar.stories.jsx[2m > [22m[2mContent Creation
[22m[39m[Mock Data] Settings.observeQuery() called with filter: undefined
[90mstdout[2m | src/components/ChatSidebar.stories.jsx[2m > [22m[2mContent Creation
[22m[39m[Mock Data] Settings.observeQuery() returning 0 items (filter applied) undefined
[90mstdout[2m | src/components/ChatSidebar.stories.jsx[2m > [22m[2mContent Creation
[22m[39m[Mock Data] Settings subscription added. Total subscriptions: 1
[90mstdout[2m | src/components/ChatSidebar.stories.jsx[2m > [22m[2mContent Creation
[22m[39m[SectionContext] Initial sections: 0 []
[90mstdout[2m | src/components/ChatSidebar.stories.jsx[2m > [22m[2mContent Creation
[22m[39m[Mock Data] Section.onCreate() called with filter: undefined
[90mstdout[2m | src/components/ChatSidebar.stories.jsx[2m > [22m[2mContent Creation
[22m[39m[Mock Data] Section.onCreate() subscription added. Total: 1
[90mstdout[2m | src/components/ChatSidebar.stories.jsx[2m > [22m[2mContent Creation
[22m[39m[Mock Data] Section.onUpdate() called with filter: undefined
[90mstdout[2m | src/components/ChatSidebar.stories.jsx[2m > [22m[2mContent Creation
[22m[39m[Mock Data] Section.onUpdate() subscription added. Total: 1
[90mstdout[2m | src/components/ChatSidebar.stories.jsx[2m > [22m[2mContent Creation
[22m[39m[Mock Data] Section.onDelete() called with filter: undefined
[90mstdout[2m | src/components/ChatSidebar.stories.jsx[2m > [22m[2mContent Creation
[22m[39m[Mock Data] Section.onDelete() subscription added. Total: 1
[90mstdout[2m | src/components/ChatSidebar.stories.jsx[2m > [22m[2mContent Creation
[22m[39m[Mock Data] Assignment.onCreate() called with filter: {
  "filter": {
    "unitID": {
      "eq": "mock-unit-id",
    },
  },
}
[90mstdout[2m | src/components/ChatSidebar.stories.jsx[2m > [22m[2mContent Creation
[22m[39m[Mock Data] Assignment.onCreate() subscription added. Total: 1
[90mstdout[2m | src/components/ChatSidebar.stories.jsx[2m > [22m[2mContent Creation
[22m[39m[Mock Data] Assignment.onUpdate() called with filter: {
  "filter": {
    "unitID": {
      "eq": "mock-unit-id",
    },
  },
}
[90mstdout[2m | src/components/ChatSidebar.stories.jsx[2m > [22m[2mContent Creation
[22m[39m[Mock Data] Assignment.onUpdate() subscription added. Total: 1
[90mstdout[2m | src/components/ChatSidebar.stories.jsx[2m > [22m[2mContent Creation
[22m[39m[Mock Data] Assignment.onDelete() called with filter: {
  "filter": {
    "unitID": {
      "eq": "mock-unit-id",
    },
  },
}
[90mstdout[2m | src/components/ChatSidebar.stories.jsx[2m > [22m[2mContent Creation
[22m[39m[Mock Data] Assignment.onDelete() subscription added. Total: 1
[90mstdout[2m | src/components/ChatSidebar.stories.jsx[2m > [22m[2mContent Creation
[22m[39m[Mock Data] generateClient() called - returning mock client
[90mstdout[2m | src/components/ChatSidebar.stories.jsx[2m > [22m[2mContent Creation
[22m[39m[Mock amplifyClient] getAmplifyClient() called - returning mock client
[90mstdout[2m | src/components/ChatSidebar.stories.jsx[2m > [22m[2mContent Creation
[22m[39m[Mock Data] AssistantChat.update() called with: {
  "draft": "Help me create a Japanese ",
  "id": "mock-assistant-chat-1",
  "messages": "[]",
}
[90mstdout[2m | src/components/ChatSidebar.stories.jsx[2m > [22m[2mContent Creation
[22m[39m[FilesContext] File observeQuery subscription triggered:
[90mstdout[2m | src/components/ChatSidebar.stories.jsx[2m > [22m[2mContent Creation
[22m[39m  - items.length: 0
[90mstdout[2m | src/components/ChatSidebar.stories.jsx[2m > [22m[2mContent Creation
[22m[39m  - isSynced: true
[90mstdout[2m | src/components/ChatSidebar.stories.jsx[2m > [22m[2mContent Creation
[22m[39m  - items: []
[90mstdout[2m | src/components/ChatSidebar.stories.jsx[2m > [22m[2mContent Creation
[22m[39m[ChatContext] AssistantChat query update: 0 items (synced)
[90mstdout[2m | src/components/ChatSidebar.stories.jsx[2m > [22m[2mContent Creation
[22m[39m[ChatContext] AssistantChat subscription initialized
[90mstdout[2m | src/components/ChatSidebar.stories.jsx[2m > [22m[2mContent Creation
[22m[39m[ChatContext] AssistantChat list updated: 0 chats
[90mstdout[2m | src/components/ChatSidebar.stories.jsx[2m > [22m[2mContent Creation
[22m[39m[ChatContext] No chats found, clearing current chat - new one will be created
[90mstdout[2m | src/components/ChatSidebar.stories.jsx[2m > [22m[2mContent Creation
[22m[39m[Mock Data] seedMockAssistantChats: Replacing with 1 assistant chats
[90mstdout[2m | src/components/ChatSidebar.stories.jsx[2m > [22m[2mContent Creation
[22m[39m[Mock Data] Notifying 1 AssistantChat subscriptions
[90mstderr[2m | src/components/ChatSidebar.stories.jsx[2m > [22m[2mContent Creation
[22m[39m[useTabContext] Used outside of TabProvider, returning default values
[90mstdout[2m | src/components/ChatSidebar.stories.jsx[2m > [22m[2mContent Creation
[22m[39m[ChatSidebar] Registered client-side tools: [
  "search_content",
  "create_section",
  "create_unit",
  "create_assignment",
  "add_timer_to_unit",
  "create_vocabulary_word",
  "create_question",
  "list_sections",
  "list_units",
  "get_unit_details",
  "update_unit",
  "delete_assignment",
]
[90mstdout[2m | src/components/ChatSidebar.stories.jsx[2m > [22m[2mContent Creation
[22m[39m[useTranslationWithCapture] t() called: {
  "key": "chatSidebar.aiAssistant",
  "mode": "off",
  "namespace": "components",
  "value": "AI Assistant",
}
[90mstdout[2m | src/components/ChatSidebar.stories.jsx[2m > [22m[2mContent Creation
[22m[39m[useTranslationWithCapture] t() called: {
  "key": "chatSidebar.newChat",
  "mode": "off",
  "namespace": "components",
  "value": "New chat",
}
[90mstdout[2m | src/components/ChatSidebar.stories.jsx[2m > [22m[2mContent Creation
[22m[39m[useTranslationWithCapture] t() called: {
  "key": "chatSidebar.archiveChat",
  "mode": "off",
  "namespace": "components",
  "value": "Archive chat",
}
[90mstdout[2m | src/components/ChatSidebar.stories.jsx[2m > [22m[2mContent Creation
[22m[39m[useTranslationWithCapture] t() called: {
  "key": "chatSidebar.welcomeMessage",
  "mode": "off",
  "namespace": "components",
  "value": "Ask me anything about your curriculum, files, or content!",
}
[90mstdout[2m | src/components/ChatSidebar.stories.jsx[2m > [22m[2mContent Creation
[22m[39m[useTranslationWithCapture] t() called: {
  "key": "chatSidebar.settingUpChat",
  "mode": "off",
  "namespace": "components",
  "value": "Setting up chat...",
}
[90mstdout[2m | src/components/ChatSidebar.stories.jsx[2m > [22m[2mContent Creation
[22m[39m[useTranslationWithCapture] t() called: {
  "key": "actions.send",
  "mode": "off",
  "namespace": "components",
  "value": "Send",
}
[90mstdout[2m | src/components/ChatSidebar.stories.jsx[2m > [22m[2mContent Creation
[22m[39m[useTranslationWithCapture] t() called: {
  "key": "chatSidebar.reviewImportVocabulary",
  "mode": "off",
  "namespace": "components",
  "value": "Review & Import Vocabulary",
}
[90mstdout[2m | src/components/ChatSidebar.stories.jsx[2m > [22m[2mContent Creation
[22m[39m[useTranslationWithCapture] t() called: {
  "key": "chatSidebar.confirm",
  "mode": "off",
  "namespace": "components",
  "value": "Confirm",
}
[90mstdout[2m | src/components/ChatSidebar.stories.jsx[2m > [22m[2mContent Creation
[22m[39m[useTranslationWithCapture] t() called: {
  "key": "chatSidebar.cancel",
  "mode": "off",
  "namespace": "components",
  "value": "Cancel",
}
[90mstdout[2m | src/components/ChatSidebar.stories.jsx[2m > [22m[2mContent Creation
[22m[39m[chatTools] Vector store search function registered: true
[90mstdout[2m | src/components/ChatSidebar.stories.jsx[2m > [22m[2mContent Creation
[22m[39m[ChatSidebar] Registered vector store search, isReady: false
[90mstdout[2m | src/components/ChatSidebar.stories.jsx[2m > [22m[2mContent Creation
[22m[39m[ChatSidebar] Setting up Document subscription for user: undefined
[90mstdout[2m | src/components/ChatSidebar.stories.jsx[2m > [22m[2mContent Creation
[22m[39m[Mock Data] generateClient() called - returning mock client
[90mstdout[2m | src/components/ChatSidebar.stories.jsx[2m > [22m[2mContent Creation
[22m[39m[Mock amplifyClient] getAmplifyClient() called - returning mock client
[90mstdout[2m | src/components/ChatSidebar.stories.jsx[2m > [22m[2mContent Creation
[22m[39m[Mock Data] Document.observeQuery() called with filter: undefined
[90mstdout[2m | src/components/ChatSidebar.stories.jsx[2m > [22m[2mContent Creation
[22m[39m[Mock Data] Document.observeQuery() returning 0 items (filter applied) undefined
[90mstdout[2m | src/components/ChatSidebar.stories.jsx[2m > [22m[2mContent Creation
[22m[39m[Mock Data] Document subscription added. Total subscriptions: 2
[90mstdout[2m | src/components/ChatSidebar.stories.jsx[2m > [22m[2mContent Creation
[22m[39m[ChatContext] No current chat available, will create one
[90mstdout[2m | src/components/ChatSidebar.stories.jsx[2m > [22m[2mContent Creation
[22m[39m[ChatContext] Creating AssistantChat with user: undefined
[90mstdout[2m | src/components/ChatSidebar.stories.jsx[2m > [22m[2mContent Creation
[22m[39m[Mock Data] AssistantChat.create() called with: {
  "archived": false,
  "model": "gpt-4",
}
[90mstdout[2m | src/components/ChatSidebar.stories.jsx[2m > [22m[2mContent Creation
[22m[39m[Mock Data] AssistantChat created: mock-assistantchat-1776336977561 - notified 1 subscribers
[90mstderr[2m | src/components/ChatSidebar.stories.jsx[2m > [22m[2mContent Creation
[22m[39m[useTabContext] Used outside of TabProvider, returning default values
[90mstdout[2m | src/components/ChatSidebar.stories.jsx[2m > [22m[2mContent Creation
[22m[39m[useTranslationWithCapture] t() called: {
  "key": "chatSidebar.aiAssistant",
  "mode": "off",
  "namespace": "components",
  "value": "AI Assistant",
}
[90mstdout[2m | src/components/ChatSidebar.stories.jsx[2m > [22m[2mContent Creation
[22m[39m[useTranslationWithCapture] t() called: {
  "key": "chatSidebar.newChat",
  "mode": "off",
  "namespace": "components",
  "value": "New chat",
}
[90mstdout[2m | src/components/ChatSidebar.stories.jsx[2m > [22m[2mContent Creation
[22m[39m[useTranslationWithCapture] t() called: {
  "key": "chatSidebar.archiveChat",
  "mode": "off",
  "namespace": "components",
  "value": "Archive chat",
}
[90mstdout[2m | src/components/ChatSidebar.stories.jsx[2m > [22m[2mContent Creation
[22m[39m[useTranslationWithCapture] t() called: {
  "key": "chatSidebar.welcomeMessage",
  "mode": "off",
  "namespace": "components",
  "value": "Ask me anything about your curriculum, files, or content!",
}
[90mstdout[2m | src/components/ChatSidebar.stories.jsx[2m > [22m[2mContent Creation
[22m[39m[useTranslationWithCapture] t() called: {
  "key": "chatSidebar.settingUpChat",
  "mode": "off",
  "namespace": "components",
  "value": "Setting up chat...",
}
[90mstdout[2m | src/components/ChatSidebar.stories.jsx[2m > [22m[2mContent Creation
[22m[39m[useTranslationWithCapture] t() called: {
  "key": "actions.send",
  "mode": "off",
  "namespace": "components",
  "value": "Send",
}
[90mstdout[2m | src/components/ChatSidebar.stories.jsx[2m > [22m[2mContent Creation
[22m[39m[useTranslationWithCapture] t() called: {
  "key": "chatSidebar.reviewImportVocabulary",
  "mode": "off",
  "namespace": "components",
  "value": "Review & Import Vocabulary",
}
[90mstdout[2m | src/components/ChatSidebar.stories.jsx[2m > [22m[2mContent Creation
[22m[39m[useTranslationWithCapture] t() called: {
  "key": "chatSidebar.confirm",
  "mode": "off",
  "namespace": "components",
  "value": "Confirm",
}
[90mstdout[2m | src/components/ChatSidebar.stories.jsx[2m > [22m[2mContent Creation
[22m[39m[useTranslationWithCapture] t() called: {
  "key": "chatSidebar.cancel",
  "mode": "off",
  "namespace": "components",
  "value": "Cancel",
}
[90mstdout[2m | src/components/ChatSidebar.stories.jsx[2m > [22m[2mContent Creation
[22m[39m[ChatContext] Create result: {
  "data": {
    "_version": 1,
    "archived": false,
    "chatFiles": [Function anonymous],
    "createdAt": "2026-04-16T10:56:17.561Z",
    "id": "mock-assistantchat-1776336977561",
    "model": "gpt-4",
    "updatedAt": "2026-04-16T10:56:17.561Z",
  },
  "errors": [],
  "hasData": true,
  "hasErrors": true,
}
[90mstdout[2m | src/components/ChatSidebar.stories.jsx[2m > [22m[2mContent Creation
[22m[39m[ChatContext] Created AssistantChat: mock-assistantchat-1776336977561 at: 2026-04-16T10:56:17.561Z
[90mstdout[2m | src/components/ChatSidebar.stories.jsx[2m > [22m[2mContent Creation
[22m[39m[Mock Data] Settings.create() called with: {
  "assistantVoice": "shimmer",
  "autoAnalyzeDocuments": true,
  "defaultAIModel": "gpt-4",
  "documentAnalysisModel": "gpt-4",
  "editorFontSize": 14,
  "editorTheme": "auto",
  "emailNotifications": true,
  "language": "en",
  "webhookNotifications": false,
}
[90mstdout[2m | src/components/ChatSidebar.stories.jsx[2m > [22m[2mContent Creation
[22m[39m[Mock Data] Settings created: mock-settings-1776336977581 - notified 1 subscribers
[90mstdout[2m | src/components/ChatSidebar.stories.jsx[2m > [22m[2mContent Creation
[22m[39m[Mock Data] generateClient() called - returning mock client
[90mstdout[2m | src/components/ChatSidebar.stories.jsx[2m > [22m[2mContent Creation
[22m[39m[Mock amplifyClient] getAmplifyClient() called - returning mock client
[90mstdout[2m | src/components/ChatSidebar.stories.jsx[2m > [22m[2mContent Creation
[22m[39m[Mock Data] AssistantChat.update() called with: {
  "draft": "Help me create a Japanese g",
  "id": "mock-assistant-chat-1",
  "messages": "[]",
}
[90mstdout[2m | src/components/ChatSidebar.stories.jsx[2m > [22m[2mContent Creation
[22m[39m[ChatContext] AssistantChat query update: 1 items (synced)
[90mstdout[2m | src/components/ChatSidebar.stories.jsx[2m > [22m[2mContent Creation
[22m[39m[ChatContext] First item details: {
  "id": "content-chat",
  "updatedAt": "2026-04-16T10:56:17.538Z",
}
[90mstdout[2m | src/components/ChatSidebar.stories.jsx[2m > [22m[2mContent Creation
[22m[39m[ChatContext] AssistantChat list updated: 1 chats
[90mstdout[2m | src/components/ChatSidebar.stories.jsx[2m > [22m[2mContent Creation
[22m[39m[ChatContext] AssistantChat query update: 2 items (synced)
[90mstdout[2m | src/components/ChatSidebar.stories.jsx[2m > [22m[2mContent Creation
[22m[39m[ChatContext] First item details: {
  "id": "content-chat",
  "updatedAt": "2026-04-16T10:56:17.538Z",
}
[90mstdout[2m | src/components/ChatSidebar.stories.jsx[2m > [22m[2mContent Creation
[22m[39m[ChatContext] AssistantChat list updated: 2 chats
[90mstdout[2m | src/components/ChatSidebar.stories.jsx[2m > [22m[2mContent Creation
[22m[39m[ChatContext] Setting initial chat: content-chat
[90mstderr[2m | src/components/ChatSidebar.stories.jsx[2m > [22m[2mContent Creation
[22m[39m[useTabContext] Used outside of TabProvider, returning default values
[90mstdout[2m | src/components/ChatSidebar.stories.jsx[2m > [22m[2mContent Creation
[22m[39m[useTranslationWithCapture] t() called: {
  "key": "chatSidebar.aiAssistant",
  "mode": "off",
  "namespace": "components",
  "value": "AI Assistant",
}
[90mstdout[2m | src/components/ChatSidebar.stories.jsx[2m > [22m[2mContent Creation
[22m[39m[useTranslationWithCapture] t() called: {
  "key": "chatSidebar.newChat",
  "mode": "off",
  "namespace": "components",
  "value": "New chat",
}
[90mstdout[2m | src/components/ChatSidebar.stories.jsx[2m > [22m[2mContent Creation
[22m[39m[useTranslationWithCapture] t() called: {
  "key": "chatSidebar.archiveChat",
  "mode": "off",
  "namespace": "components",
  "value": "Archive chat",
}
[90mstdout[2m | src/components/ChatSidebar.stories.jsx[2m > [22m[2mContent Creation
[22m[39m[useTranslationWithCapture] t() called: {
  "key": "chatSidebar.welcomeMessage",
  "mode": "off",
  "namespace": "components",
  "value": "Ask me anything about your curriculum, files, or content!",
}
[90mstdout[2m | src/components/ChatSidebar.stories.jsx[2m > [22m[2mContent Creation
[22m[39m[useTranslationWithCapture] t() called: {
  "key": "chatSidebar.askMeAnything",
  "mode": "off",
  "namespace": "components",
  "value": "Ask me anything...",
}
[90mstdout[2m | src/components/ChatSidebar.stories.jsx[2m > [22m[2mContent Creation
[22m[39m[useTranslationWithCapture] t() called: {
  "key": "actions.send",
  "mode": "off",
  "namespace": "components",
  "value": "Send",
}
[90mstdout[2m | src/components/ChatSidebar.stories.jsx[2m > [22m[2mContent Creation
[22m[39m[useTranslationWithCapture] t() called: {
  "key": "chatSidebar.reviewImportVocabulary",
  "mode": "off",
  "namespace": "components",
  "value": "Review & Import Vocabulary",
}
[90mstdout[2m | src/components/ChatSidebar.stories.jsx[2m > [22m[2mContent Creation
[22m[39m[useTranslationWithCapture] t() called: {
  "key": "chatSidebar.confirm",
  "mode": "off",
  "namespace": "components",
  "value": "Confirm",
}
[90mstdout[2m | src/components/ChatSidebar.stories.jsx[2m > [22m[2mContent Creation
[22m[39m[useTranslationWithCapture] t() called: {
  "key": "chatSidebar.cancel",
  "mode": "off",
  "namespace": "components",
  "value": "Cancel",
}
[90mstdout[2m | src/components/ChatSidebar.stories.jsx[2m > [22m[2mContent Creation
[22m[39m[Mock Data] generateClient() called - returning mock client
[90mstdout[2m | src/components/ChatSidebar.stories.jsx[2m > [22m[2mContent Creation
[22m[39m[Mock amplifyClient] getAmplifyClient() called - returning mock client
[90mstdout[2m | src/components/ChatSidebar.stories.jsx[2m > [22m[2mContent Creation
[22m[39m[Mock Data] AssistantChat.update() called with: {
  "draft": "Help me create a Japanese gr",
  "id": "mock-assistant-chat-1",
  "messages": "[]",
}
[90mstdout[2m | src/components/ChatSidebar.stories.jsx[2m > [22m[2mContent Creation
[22m[39m[Mock Data] generateClient() called - returning mock client
[90mstdout[2m | src/components/ChatSidebar.stories.jsx[2m > [22m[2mContent Creation
[22m[39m[Mock amplifyClient] getAmplifyClient() called - returning mock client
[90mstdout[2m | src/components/ChatSidebar.stories.jsx[2m > [22m[2mContent Creation
[22m[39m[Mock Data] AssistantChat.update() called with: {
  "draft": "Help me create a Japanese gre",
  "id": "mock-assistant-chat-1",
  "messages": "[]",
}
[90mstdout[2m | src/components/ChatSidebar.stories.jsx[2m > [22m[2mContent Creation
[22m[39m[ChatSidebar] Loading messages for chat: content-chat count: 2
[90mstdout[2m | src/components/ChatSidebar.stories.jsx[2m > [22m[2mContent Creation
[22m[39m[ChatSidebar] deepCloneMessages: cloned 2 messages
[90mstdout[2m | src/components/ChatSidebar.stories.jsx[2m > [22m[2mContent Creation
[22m[39m[Mock Data] generateClient() called - returning mock client
[90mstdout[2m | src/components/ChatSidebar.stories.jsx[2m > [22m[2mContent Creation
[22m[39m[Mock amplifyClient] getAmplifyClient() called - returning mock client
[90mstdout[2m | src/components/ChatSidebar.stories.jsx[2m > [22m[2mContent Creation
[22m[39m[Mock Data] AssistantChatFile.list() called with options: {
  "filter": {
    "chatID": {
      "eq": "content-chat",
    },
  },
}
[90mstdout[2m | src/components/ChatSidebar.stories.jsx[2m > [22m[2mContent Creation
[22m[39m[ChatContext] Chat exists and not archived, skipping creation
[90mstderr[2m | src/components/ChatSidebar.stories.jsx[2m > [22m[2mContent Creation
[22m[39m[useTabContext] Used outside of TabProvider, returning default values
[90mstdout[2m | src/components/ChatSidebar.stories.jsx[2m > [22m[2mContent Creation
[22m[39m[ChatSidebar] useChat status: ready messages: 2 toolCalls: 0
[90mstdout[2m | src/components/ChatSidebar.stories.jsx[2m > [22m[2mContent Creation
[22m[39m[useTranslationWithCapture] t() called: {
  "key": "chatSidebar.aiAssistant",
  "mode": "off",
  "namespace": "components",
  "value": "AI Assistant",
}
[90mstdout[2m | src/components/ChatSidebar.stories.jsx[2m > [22m[2mContent Creation
[22m[39m[useTranslationWithCapture] t() called: {
  "key": "chatSidebar.newChat",
  "mode": "off",
  "namespace": "components",
  "value": "New chat",
}
[90mstdout[2m | src/components/ChatSidebar.stories.jsx[2m > [22m[2mContent Creation
[22m[39m[useTranslationWithCapture] t() called: {
  "key": "chatSidebar.archiveChat",
  "mode": "off",
  "namespace": "components",
  "value": "Archive chat",
}
[90mstdout[2m | src/components/ChatSidebar.stories.jsx[2m > [22m[2mContent Creation
[22m[39m[useTranslationWithCapture] t() called: {
  "key": "chatSidebar.welcomeMessage",
  "mode": "off",
  "namespace": "components",
  "value": "Ask me anything about your curriculum, files, or content!",
}
[90mstdout[2m | src/components/ChatSidebar.stories.jsx[2m > [22m[2mContent Creation
[22m[39m[useTranslationWithCapture] t() called: {
  "key": "chatSidebar.askMeAnything",
  "mode": "off",
  "namespace": "components",
  "value": "Ask me anything...",
}
[90mstdout[2m | src/components/ChatSidebar.stories.jsx[2m > [22m[2mContent Creation
[22m[39m[useTranslationWithCapture] t() called: {
  "key": "actions.send",
  "mode": "off",
  "namespace": "components",
  "value": "Send",
}
[90mstdout[2m | src/components/ChatSidebar.stories.jsx[2m > [22m[2mContent Creation
[22m[39m[useTranslationWithCapture] t() called: {
  "key": "chatSidebar.reviewImportVocabulary",
  "mode": "off",
  "namespace": "components",
  "value": "Review & Import Vocabulary",
}
[90mstdout[2m | src/components/ChatSidebar.stories.jsx[2m > [22m[2mContent Creation
[22m[39m[useTranslationWithCapture] t() called: {
  "key": "chatSidebar.confirm",
  "mode": "off",
  "namespace": "components",
  "value": "Confirm",
}
[90mstdout[2m | src/components/ChatSidebar.stories.jsx[2m > [22m[2mContent Creation
[22m[39m[useTranslationWithCapture] t() called: {
  "key": "chatSidebar.cancel",
  "mode": "off",
  "namespace": "components",
  "value": "Cancel",
}
[90mstdout[2m | src/components/ChatSidebar.stories.jsx[2m > [22m[2mContent Creation
[22m[39m[useTranslationWithCapture] t() called: {
  "key": "chatSidebar.messageList.chatMessagesLabel",
  "mode": "off",
  "namespace": "components",
  "value": "Chat messages",
}
[90mstdout[2m | src/components/ChatSidebar.stories.jsx[2m > [22m[2mContent Creation
[22m[39m[useTranslationWithCapture] t() called: {
  "key": "chatSidebar.messageList.chatMessagesLabel",
  "mode": "off",
  "namespace": "components",
  "value": "Chat messages",
}
[90mstdout[2m | src/components/ChatSidebar.stories.jsx[2m > [22m[2mContent Creation
[22m[39m[useTranslationWithCapture] t() called: {
  "key": "aiFeedbackWidget.whatToImprove",
  "mode": "off",
  "namespace": "components",
  "value": "What could be improved?",
}
[90mstdout[2m | src/components/ChatSidebar.stories.jsx[2m > [22m[2mContent Creation
[22m[39m[useTranslationWithCapture] t() called: {
  "key": "aiFeedbackWidget.selectAllThatApply",
  "mode": "off",
  "namespace": "components",
  "value": "Select all that apply:",
}
[90mstdout[2m | src/components/ChatSidebar.stories.jsx[2m > [22m[2mContent Creation
[22m[39m[useTranslationWithCapture] t() called: {
  "key": "aiFeedbackWidget.cancel",
  "mode": "off",
  "namespace": "components",
  "value": "Cancel",
}
[90mstdout[2m | src/components/ChatSidebar.stories.jsx[2m > [22m[2mContent Creation
[22m[39m[useTranslationWithCapture] t() called: {
  "key": "aiFeedbackWidget.submit",
  "mode": "off",
  "namespace": "components",
  "value": "Submit",
}
[90mstdout[2m | src/components/ChatSidebar.stories.jsx[2m > [22m[2mContent Creation
[22m[39m[useTranslationWithCapture] t() called: {
  "key": "chatSidebar.messageList.chatMessagesLabel",
  "mode": "off",
  "namespace": "components",
  "value": "Chat messages",
}
[90mstdout[2m | src/components/ChatSidebar.stories.jsx[2m > [22m[2mContent Creation
[22m[39m[useTranslationWithCapture] t() called: {
  "key": "aiFeedbackWidget.whatToImprove",
  "mode": "off",
  "namespace": "components",
  "value": "What could be improved?",
}
[90mstdout[2m | src/components/ChatSidebar.stories.jsx[2m > [22m[2mContent Creation
[22m[39m[useTranslationWithCapture] t() called: {
  "key": "aiFeedbackWidget.selectAllThatApply",
  "mode": "off",
  "namespace": "components",
  "value": "Select all that apply:",
}
[90mstdout[2m | src/components/ChatSidebar.stories.jsx[2m > [22m[2mContent Creation
[22m[39m[useTranslationWithCapture] t() called: {
  "key": "aiFeedbackWidget.cancel",
  "mode": "off",
  "namespace": "components",
  "value": "Cancel",
}
[90mstdout[2m | src/components/ChatSidebar.stories.jsx[2m > [22m[2mContent Creation
[22m[39m[useTranslationWithCapture] t() called: {
  "key": "aiFeedbackWidget.submit",
  "mode": "off",
  "namespace": "components",
  "value": "Submit",
}
[90mstdout[2m | src/components/ChatSidebar.stories.jsx[2m > [22m[2mContent Creation
[22m[39m[Mock Data] generateClient() called - returning mock client
[90mstdout[2m | src/components/ChatSidebar.stories.jsx[2m > [22m[2mContent Creation
[22m[39m[Mock amplifyClient] getAmplifyClient() called - returning mock client
[90mstdout[2m | src/components/ChatSidebar.stories.jsx[2m > [22m[2mContent Creation
[22m[39m[Mock Data] AssistantChat.update() called with: {
  "draft": "Help me create a Japanese gree",
  "id": "mock-assistant-chat-1",
  "messages": "[]",
}
[90mstderr[2m | src/components/ChatSidebar.stories.jsx[2m > [22m[2mContent Creation
[22m[39m[useTabContext] Used outside of TabProvider, returning default values
[90mstdout[2m | src/components/ChatSidebar.stories.jsx[2m > [22m[2mContent Creation
[22m[39m[ChatSidebar] useChat status: ready messages: 2 toolCalls: 0
[90mstdout[2m | src/components/ChatSidebar.stories.jsx[2m > [22m[2mContent Creation
[22m[39m[useTranslationWithCapture] t() called: {
  "key": "chatSidebar.aiAssistant",
  "mode": "off",
  "namespace": "components",
  "value": "AI Assistant",
}
[90mstdout[2m | src/components/ChatSidebar.stories.jsx[2m > [22m[2mContent Creation
[22m[39m[useTranslationWithCapture] t() called: {
  "key": "chatSidebar.newChat",
  "mode": "off",
  "namespace": "components",
  "value": "New chat",
}
[90mstdout[2m | src/components/ChatSidebar.stories.jsx[2m > [22m[2mContent Creation
[22m[39m[useTranslationWithCapture] t() called: {
  "key": "chatSidebar.archiveChat",
  "mode": "off",
  "namespace": "components",
  "value": "Archive chat",
}
[90mstdout[2m | src/components/ChatSidebar.stories.jsx[2m > [22m[2mContent Creation
[22m[39m[useTranslationWithCapture] t() called: {
  "key": "chatSidebar.welcomeMessage",
  "mode": "off",
  "namespace": "components",
  "value": "Ask me anything about your curriculum, files, or content!",
}
[90mstdout[2m | src/components/ChatSidebar.stories.jsx[2m > [22m[2mContent Creation
[22m[39m[useTranslationWithCapture] t() called: {
  "key": "chatSidebar.askMeAnything",
  "mode": "off",
  "namespace": "components",
  "value": "Ask me anything...",
}
[90mstdout[2m | src/components/ChatSidebar.stories.jsx[2m > [22m[2mContent Creation
[22m[39m[useTranslationWithCapture] t() called: {
  "key": "actions.send",
  "mode": "off",
  "namespace": "components",
  "value": "Send",
}
[90mstdout[2m | src/components/ChatSidebar.stories.jsx[2m > [22m[2mContent Creation
[22m[39m[useTranslationWithCapture] t() called: {
  "key": "chatSidebar.reviewImportVocabulary",
  "mode": "off",
  "namespace": "components",
  "value": "Review & Import Vocabulary",
}
[90mstdout[2m | src/components/ChatSidebar.stories.jsx[2m > [22m[2mContent Creation
[22m[39m[useTranslationWithCapture] t() called: {
  "key": "chatSidebar.confirm",
  "mode": "off",
  "namespace": "components",
  "value": "Confirm",
}
[90mstdout[2m | src/components/ChatSidebar.stories.jsx[2m > [22m[2mContent Creation
[22m[39m[useTranslationWithCapture] t() called: {
  "key": "chatSidebar.cancel",
  "mode": "off",
  "namespace": "components",
  "value": "Cancel",
}
[90mstdout[2m | src/components/ChatSidebar.stories.jsx[2m > [22m[2mContent Creation
[22m[39m[useTranslationWithCapture] t() called: {
  "key": "chatSidebar.messageList.chatMessagesLabel",
  "mode": "off",
  "namespace": "components",
  "value": "Chat messages",
}
[90mstdout[2m | src/components/ChatSidebar.stories.jsx[2m > [22m[2mContent Creation
[22m[39m[useTranslationWithCapture] t() called: {
  "key": "aiFeedbackWidget.whatToImprove",
  "mode": "off",
  "namespace": "components",
  "value": "What could be improved?",
}
[90mstdout[2m | src/components/ChatSidebar.stories.jsx[2m > [22m[2mContent Creation
[22m[39m[useTranslationWithCapture] t() called: {
  "key": "aiFeedbackWidget.selectAllThatApply",
  "mode": "off",
  "namespace": "components",
  "value": "Select all that apply:",
}
[90mstdout[2m | src/components/ChatSidebar.stories.jsx[2m > [22m[2mContent Creation
[22m[39m[useTranslationWithCapture] t() called: {
  "key": "aiFeedbackWidget.cancel",
  "mode": "off",
  "namespace": "components",
  "value": "Cancel",
}
[90mstdout[2m | src/components/ChatSidebar.stories.jsx[2m > [22m[2mContent Creation
[22m[39m[useTranslationWithCapture] t() called: {
  "key": "aiFeedbackWidget.submit",
  "mode": "off",
  "namespace": "components",
  "value": "Submit",
}
[90mstdout[2m | src/components/ChatSidebar.stories.jsx[2m > [22m[2mContent Creation
[22m[39m[Mock Data] generateClient() called - returning mock client
[90mstdout[2m | src/components/ChatSidebar.stories.jsx[2m > [22m[2mContent Creation
[22m[39m[Mock amplifyClient] getAmplifyClient() called - returning mock client
[90mstdout[2m | src/components/ChatSidebar.stories.jsx[2m > [22m[2mContent Creation
[22m[39m[Mock Data] AssistantChatFile.list() called with options: {
  "filter": {
    "chatID": {
      "eq": "content-chat",
    },
  },
}
[90mstderr[2m | src/components/ChatSidebar.stories.jsx[2m > [22m[2mContent Creation
[22m[39mAn update to DictionaryProvider inside a test was not wrapped in act(...).

When testing, code that causes React state updates should be wrapped into act(...):

act(() => {
  /* fire events that update state */
});
/* assert on the output */

This ensures that you're testing the behavior the user would see in the browser. Learn more at https://react.dev/link/wrap-tests-with-act
[90mstderr[2m | src/components/ChatSidebar.stories.jsx[2m > [22m[2mContent Creation
[22m[39mAn update to DictionaryProvider inside a test was not wrapped in act(...).

When testing, code that causes React state updates should be wrapped into act(...):

act(() => {
  /* fire events that update state */
});
/* assert on the output */

This ensures that you're testing the behavior the user would see in the browser. Learn more at https://react.dev/link/wrap-tests-with-act
[90mstdout[2m | src/components/ChatSidebar.stories.jsx[2m > [22m[2mContent Creation
[22m[39m[Mock Data] generateClient() called - returning mock client
[90mstdout[2m | src/components/ChatSidebar.stories.jsx[2m > [22m[2mContent Creation
[22m[39m[Mock amplifyClient] getAmplifyClient() called - returning mock client
[90mstdout[2m | src/components/ChatSidebar.stories.jsx[2m > [22m[2mContent Creation
[22m[39m[Mock Data] AssistantChat.update() called with: {
  "draft": "Help me create a Japanese greet",
  "id": "mock-assistant-chat-1",
  "messages": "[]",
}
[90mstdout[2m | src/components/ChatSidebar.stories.jsx[2m > [22m[2mContent Creation
[22m[39m[Mock Data] generateClient() called - returning mock client
[90mstdout[2m | src/components/ChatSidebar.stories.jsx[2m > [22m[2mContent Creation
[22m[39m[Mock amplifyClient] getAmplifyClient() called - returning mock client
[90mstdout[2m | src/components/ChatSidebar.stories.jsx[2m > [22m[2mContent Creation
[22m[39m[Mock Data] AssistantChat.update() called with: {
  "draft": "Help me create a Japanese greeti",
  "id": "mock-assistant-chat-1",
  "messages": "[]",
}
[90mstdout[2m | src/components/ChatSidebar.stories.jsx[2m > [22m[2mContent Creation
[22m[39m[Mock Data] generateClient() called - returning mock client
[90mstdout[2m | src/components/ChatSidebar.stories.jsx[2m > [22m[2mContent Creation
[22m[39m[Mock amplifyClient] getAmplifyClient() called - returning mock client
[90mstdout[2m | src/components/ChatSidebar.stories.jsx[2m > [22m[2mContent Creation
[22m[39m[Mock Data] AssistantChat.update() called with: {
  "draft": "Help me create a Japanese greetin",
  "id": "mock-assistant-chat-1",
  "messages": "[]",
}
[90mstderr[2m | src/components/ChatSidebar.stories.jsx[2m > [22m[2mContent Creation
[22m[39mAn update to VirtualizedMessageList inside a test was not wrapped in act(...).

When testing, code that causes React state updates should be wrapped into act(...):

act(() => {
  /* fire events that update state */
});
/* assert on the output */

This ensures that you're testing the behavior the user would see in the browser. Learn more at https://react.dev/link/wrap-tests-with-act
[90mstderr[2m | src/components/ChatSidebar.stories.jsx[2m > [22m[2mContent Creation
[22m[39mAn update to VirtualizedMessageList inside a test was not wrapped in act(...).

When testing, code that causes React state updates should be wrapped into act(...):

act(() => {
  /* fire events that update state */
});
/* assert on the output */

This ensures that you're testing the behavior the user would see in the browser. Learn more at https://react.dev/link/wrap-tests-with-act
[90mstdout[2m | src/components/ChatSidebar.stories.jsx[2m > [22m[2mContent Creation
[22m[39m[useTranslationWithCapture] t() called: {
  "key": "chatSidebar.messageList.chatMessagesLabel",
  "mode": "off",
  "namespace": "components",
  "value": "Chat messages",
}
[90mstdout[2m | src/components/ChatSidebar.stories.jsx[2m > [22m[2mContent Creation
[22m[39m[useTranslationWithCapture] t() called: {
  "key": "aiFeedbackWidget.whatToImprove",
  "mode": "off",
  "namespace": "components",
  "value": "What could be improved?",
}
[90mstdout[2m | src/components/ChatSidebar.stories.jsx[2m > [22m[2mContent Creation
[22m[39m[useTranslationWithCapture] t() called: {
  "key": "aiFeedbackWidget.selectAllThatApply",
  "mode": "off",
  "namespace": "components",
  "value": "Select all that apply:",
}
[90mstdout[2m | src/components/ChatSidebar.stories.jsx[2m > [22m[2mContent Creation
[22m[39m[useTranslationWithCapture] t() called: {
  "key": "aiFeedbackWidget.cancel",
  "mode": "off",
  "namespace": "components",
  "value": "Cancel",
}
[90mstdout[2m | src/components/ChatSidebar.stories.jsx[2m > [22m[2mContent Creation
[22m[39m[useTranslationWithCapture] t() called: {
  "key": "aiFeedbackWidget.submit",
  "mode": "off",
  "namespace": "components",
  "value": "Submit",
}
[90mstdout[2m | src/components/ChatSidebar.stories.jsx[2m > [22m[2mContent Creation
[22m[39m[Mock Data] generateClient() called - returning mock client
[90mstdout[2m | src/components/ChatSidebar.stories.jsx[2m > [22m[2mContent Creation
[22m[39m[Mock amplifyClient] getAmplifyClient() called - returning mock client
[90mstdout[2m | src/components/ChatSidebar.stories.jsx[2m > [22m[2mContent Creation
[22m[39m[Mock Data] AssistantChat.update() called with: {
  "draft": "Help me create a Japanese greeting",
  "id": "mock-assistant-chat-1",
  "messages": "[]",
}
[90mstdout[2m | src/components/ChatSidebar.stories.jsx[2m > [22m[2mContent Creation
[22m[39m[Mock Data] generateClient() called - returning mock client
[90mstdout[2m | src/components/ChatSidebar.stories.jsx[2m > [22m[2mContent Creation
[22m[39m[Mock amplifyClient] getAmplifyClient() called - returning mock client
[90mstdout[2m | src/components/ChatSidebar.stories.jsx[2m > [22m[2mContent Creation
[22m[39m[Mock Data] AssistantChat.update() called with: {
  "draft": "Help me create a Japanese greeting ",
  "id": "mock-assistant-chat-1",
  "messages": "[]",
}
[90mstdout[2m | src/components/ChatSidebar.stories.jsx[2m > [22m[2mContent Creation
[22m[39m[Mock Data] generateClient() called - returning mock client
[90mstdout[2m | src/components/ChatSidebar.stories.jsx[2m > [22m[2mContent Creation
[22m[39m[Mock amplifyClient] getAmplifyClient() called - returning mock client
[90mstdout[2m | src/components/ChatSidebar.stories.jsx[2m > [22m[2mContent Creation
[22m[39m[Mock Data] AssistantChat.update() called with: {
  "draft": "Help me create a Japanese greeting l",
  "id": "mock-assistant-chat-1",
  "messages": "[]",
}
[90mstdout[2m | src/components/ChatSidebar.stories.jsx[2m > [22m[2mContent Creation
[22m[39m[Mock Data] generateClient() called - returning mock client
[90mstdout[2m | src/components/ChatSidebar.stories.jsx[2m > [22m[2mContent Creation
[22m[39m[Mock amplifyClient] getAmplifyClient() called - returning mock client
[90mstdout[2m | src/components/ChatSidebar.stories.jsx[2m > [22m[2mContent Creation
[22m[39m[Mock Data] AssistantChat.update() called with: {
  "draft": "Help me create a Japanese greeting le",
  "id": "mock-assistant-chat-1",
  "messages": "[]",
}
[90mstderr[2m | src/components/ChatSidebar.stories.jsx[2m > [22m[2mContent Creation
[22m[39mAn update to VirtualizedMessageList inside a test was not wrapped in act(...).

When testing, code that causes React state updates should be wrapped into act(...):

act(() => {
  /* fire events that update state */
});
/* assert on the output */

This ensures that you're testing the behavior the user would see in the browser. Learn more at https://react.dev/link/wrap-tests-with-act
[90mstderr[2m | src/components/ChatSidebar.stories.jsx[2m > [22m[2mContent Creation
[22m[39mAn update to VirtualizedMessageList inside a test was not wrapped in act(...).

When testing, code that causes React state updates should be wrapped into act(...):

act(() => {
  /* fire events that update state */
});
/* assert on the output */

This ensures that you're testing the behavior the user would see in the browser. Learn more at https://react.dev/link/wrap-tests-with-act
[90mstdout[2m | src/components/ChatSidebar.stories.jsx[2m > [22m[2mContent Creation
[22m[39m[useTranslationWithCapture] t() called: {
  "key": "chatSidebar.messageList.chatMessagesLabel",
  "mode": "off",
  "namespace": "components",
  "value": "Chat messages",
}
[90mstdout[2m | src/components/ChatSidebar.stories.jsx[2m > [22m[2mContent Creation
[22m[39m[useTranslationWithCapture] t() called: {
  "key": "aiFeedbackWidget.whatToImprove",
  "mode": "off",
  "namespace": "components",
  "value": "What could be improved?",
}
[90mstdout[2m | src/components/ChatSidebar.stories.jsx[2m > [22m[2mContent Creation
[22m[39m[useTranslationWithCapture] t() called: {
  "key": "aiFeedbackWidget.selectAllThatApply",
  "mode": "off",
  "namespace": "components",
  "value": "Select all that apply:",
}
[90mstdout[2m | src/components/ChatSidebar.stories.jsx[2m > [22m[2mContent Creation
[22m[39m[useTranslationWithCapture] t() called: {
  "key": "aiFeedbackWidget.cancel",
  "mode": "off",
  "namespace": "components",
  "value": "Cancel",
}
[90mstdout[2m | src/components/ChatSidebar.stories.jsx[2m > [22m[2mContent Creation
[22m[39m[useTranslationWithCapture] t() called: {
  "key": "aiFeedbackWidget.submit",
  "mode": "off",
  "namespace": "components",
  "value": "Submit",
}
[90mstderr[2m | src/components/ChatSidebar.stories.jsx[2m > [22m[2mWith File Attachments
[22m[39mAn update to VirtualizedMessageList inside a test was not wrapped in act(...).

When testing, code that causes React state updates should be wrapped into act(...):

act(() => {
  /* fire events that update state */
});
/* assert on the output */

This ensures that you're testing the behavior the user would see in the browser. Learn more at https://react.dev/link/wrap-tests-with-act
[90mstdout[2m | src/components/ChatSidebar.stories.jsx[2m > [22m[2mWith File Attachments
[22m[39m[Mock Data] generateClient() called - returning mock client
[90mstdout[2m | src/components/ChatSidebar.stories.jsx[2m > [22m[2mWith File Attachments
[22m[39m[Mock amplifyClient] getAmplifyClient() called - returning mock client
[90mstdout[2m | src/components/ChatSidebar.stories.jsx[2m > [22m[2mWith File Attachments
[22m[39m[Mock Data] AssistantChat.update() called with: {
  "draft": "Help me create a Japanese greeting les",
  "id": "mock-assistant-chat-1",
  "messages": "[]",
}
[90mstdout[2m | src/components/ChatSidebar.stories.jsx[2m > [22m[2mWith File Attachments
[22m[39m[useTranslationWithCapture] t() called: {
  "key": "chatSidebar.messageList.chatMessagesLabel",
  "mode": "off",
  "namespace": "components",
  "value": "Chat messages",
}
[90mstdout[2m | src/components/ChatSidebar.stories.jsx[2m > [22m[2mWith File Attachments
[22m[39m[Mock Data] generateClient() called - returning mock client
[90mstdout[2m | src/components/ChatSidebar.stories.jsx[2m > [22m[2mWith File Attachments
[22m[39m[Mock amplifyClient] getAmplifyClient() called - returning mock client
[90mstdout[2m | src/components/ChatSidebar.stories.jsx[2m > [22m[2mWith File Attachments
[22m[39m[Mock Data] AssistantChat.update() called with: {
  "draft": "Help me create a Japanese greeting less",
  "id": "mock-assistant-chat-1",
  "messages": "[]",
}
[90mstdout[2m | src/components/ChatSidebar.stories.jsx[2m > [22m[2mWith File Attachments
[22m[39m[Mock Data] Settings subscription unsubscribed. Remaining: 0
[90mstdout[2m | src/components/ChatSidebar.stories.jsx[2m > [22m[2mWith File Attachments
[22m[39m[ChatContext] Cleaning up subscription
[90mstdout[2m | src/components/ChatSidebar.stories.jsx[2m > [22m[2mWith File Attachments
[22m[39m[Mock Data] AssistantChat subscription unsubscribed. Remaining: 0
[90mstdout[2m | src/components/ChatSidebar.stories.jsx[2m > [22m[2mWith File Attachments
[22m[39m[Mock Data] File subscription unsubscribed. Remaining: 0
[90mstdout[2m | src/components/ChatSidebar.stories.jsx[2m > [22m[2mWith File Attachments
[22m[39m[Mock Data] Document subscription unsubscribed. Remaining: 1
[90mstdout[2m | src/components/ChatSidebar.stories.jsx[2m > [22m[2mWith File Attachments
[22m[39m[Mock Data] Word subscription unsubscribed. Remaining: 0
[90mstdout[2m | src/components/ChatSidebar.stories.jsx[2m > [22m[2mWith File Attachments
[22m[39m[Mock Data] Question subscription unsubscribed. Remaining: 0
[90mstdout[2m | src/components/ChatSidebar.stories.jsx[2m > [22m[2mWith File Attachments
[22m[39m[Mock Data] Grade subscription unsubscribed. Remaining: 0
[90mstdout[2m | src/components/ChatSidebar.stories.jsx[2m > [22m[2mWith File Attachments
[22m[39m[Mock Data] Unit subscription unsubscribed. Remaining: 0
[90mstdout[2m | src/components/ChatSidebar.stories.jsx[2m > [22m[2mWith File Attachments
[22m[39m[SectionContext] Cleaning up subscriptions
[90mstdout[2m | src/components/ChatSidebar.stories.jsx[2m > [22m[2mWith File Attachments
[22m[39m[Mock Data] Section.onCreate() subscription removed. Remaining: 0
[90mstdout[2m | src/components/ChatSidebar.stories.jsx[2m > [22m[2mWith File Attachments
[22m[39m[Mock Data] Section.onUpdate() subscription removed. Remaining: 0
[90mstdout[2m | src/components/ChatSidebar.stories.jsx[2m > [22m[2mWith File Attachments
[22m[39m[Mock Data] Section.onDelete() subscription removed. Remaining: 0
[90mstdout[2m | src/components/ChatSidebar.stories.jsx[2m > [22m[2mWith File Attachments
[22m[39m[Mock Data] Assignment.onCreate() subscription removed. Remaining: 0
[90mstdout[2m | src/components/ChatSidebar.stories.jsx[2m > [22m[2mWith File Attachments
[22m[39m[Mock Data] Assignment.onUpdate() subscription removed. Remaining: 0
[90mstdout[2m | src/components/ChatSidebar.stories.jsx[2m > [22m[2mWith File Attachments
[22m[39m[Mock Data] Assignment.onDelete() subscription removed. Remaining: 0
[90mstdout[2m | src/components/ChatSidebar.stories.jsx[2m > [22m[2mWith File Attachments
[22m[39m[chatTools] Vector store search function registered: false
[90mstdout[2m | src/components/ChatSidebar.stories.jsx[2m > [22m[2mWith File Attachments
[22m[39m[Mock Data] Document subscription unsubscribed. Remaining: 0
[90mstdout[2m | src/components/ChatSidebar.stories.jsx[2m > [22m[2mWith File Attachments
[22m[39m[Mock Data] Clearing all data stores
[90mstdout[2m | src/components/ChatSidebar.stories.jsx[2m > [22m[2mWith File Attachments
[22m[39m[Mock Data] All data stores cleared
[90mstdout[2m | src/components/ChatSidebar.stories.jsx[2m > [22m[2mWith File Attachments
[22m[39m[Preview] Cleared mock data for story
[90mstdout[2m | src/components/ChatSidebar.stories.jsx[2m > [22m[2mWith File Attachments
[22m[39m[Preview] Skipped initializing default mock data (initializeMockData=false)
[90mstdout[2m | src/components/ChatSidebar.stories.jsx[2m > [22m[2mWith File Attachments
[22m[39m[Mock AuthContext] Providing auth: {
  "error": undefined,
  "isLoading": false,
  "session": {
    "idToken": {
      "toString": [Function toString],
    },
    "identityId": "us-east-1:mock-identity-123",
    "username": "mock-user-sub",
  },
  "user": {
    "attributes": {
      "email": "alice@example.com",
      "name": "Alice Student",
      "sub": "mock-user-sub",
    },
  },
}
[90mstdout[2m | src/components/ChatSidebar.stories.jsx[2m > [22m[2mWith File Attachments
[22m[39m[Mock Data] generateClient() called - returning mock client
[90mstdout[2m | src/components/ChatSidebar.stories.jsx[2m > [22m[2mWith File Attachments
[22m[39m[Mock amplifyClient] getAmplifyClient() called - returning mock client
[90mstdout[2m | src/components/ChatSidebar.stories.jsx[2m > [22m[2mWith File Attachments
[22m[39m[MOCK CourseVectorStore] Initialized with mock data
[90mstdout[2m | src/components/ChatSidebar.stories.jsx[2m > [22m[2mWith File Attachments
[22m[39m[TranslationModeController] Setting mode to: off
[90mstdout[2m | src/components/ChatSidebar.stories.jsx[2m > [22m[2mWith File Attachments
[22m[39m[SectionContext] useEffect triggered {
  "authLoading": false,
  "hasUser": true,
  "userSub": "mock-user-sub",
}
[90mstdout[2m | src/components/ChatSidebar.stories.jsx[2m > [22m[2mWith File Attachments
[22m[39m[SectionContext] Fetching sections for userId: mock-user-sub
[90mstdout[2m | src/components/ChatSidebar.stories.jsx[2m > [22m[2mWith File Attachments
[22m[39m[Mock Data] generateClient() called - returning mock client
[90mstdout[2m | src/components/ChatSidebar.stories.jsx[2m > [22m[2mWith File Attachments
[22m[39m[Mock amplifyClient] getAmplifyClient() called - returning mock client
[90mstdout[2m | src/components/ChatSidebar.stories.jsx[2m > [22m[2mWith File Attachments
[22m[39m[Mock Data] Section.list() called with options: undefined
[90mstdout[2m | src/components/ChatSidebar.stories.jsx[2m > [22m[2mWith File Attachments
[22m[39m[Mock Data] generateClient() called - returning mock client
[90mstdout[2m | src/components/ChatSidebar.stories.jsx[2m > [22m[2mWith File Attachments
[22m[39m[Mock amplifyClient] getAmplifyClient() called - returning mock client
[90mstdout[2m | src/components/ChatSidebar.stories.jsx[2m > [22m[2mWith File Attachments
[22m[39m[Mock Data] Assignment.list() called with options: {
  "filter": {
    "unitID": {
      "eq": "mock-unit-id",
    },
  },
}
[90mstdout[2m | src/components/ChatSidebar.stories.jsx[2m > [22m[2mWith File Attachments
[22m[39m[Mock Data] generateClient() called - returning mock client
[90mstdout[2m | src/components/ChatSidebar.stories.jsx[2m > [22m[2mWith File Attachments
[22m[39m[Mock amplifyClient] getAmplifyClient() called - returning mock client
[90mstdout[2m | src/components/ChatSidebar.stories.jsx[2m > [22m[2mWith File Attachments
[22m[39m[Mock Data] Grade.observeQuery() called with filter: {
  "filter": {
    "unitID": {
      "eq": "mock-unit-id",
    },
  },
}
[90mstdout[2m | src/components/ChatSidebar.stories.jsx[2m > [22m[2mWith File Attachments
[22m[39m[Mock Data] Grade.observeQuery() applying filter: {
  "unitID": {
    "eq": "mock-unit-id",
  },
}
[90mstdout[2m | src/components/ChatSidebar.stories.jsx[2m > [22m[2mWith File Attachments
[22m[39m[Mock Data] Grade.observeQuery() items before filter: 0
[90mstdout[2m | src/components/ChatSidebar.stories.jsx[2m > [22m[2mWith File Attachments
[22m[39m[Mock Data] Grade.observeQuery() items after filter: 0
[90mstdout[2m | src/components/ChatSidebar.stories.jsx[2m > [22m[2mWith File Attachments
[22m[39m[Mock Data] Grade.observeQuery() returning 0 items (filter applied) {
  "filter": {
    "unitID": {
      "eq": "mock-unit-id",
    },
  },
}
[90mstdout[2m | src/components/ChatSidebar.stories.jsx[2m > [22m[2mWith File Attachments
[22m[39m[Mock Data] Grade subscription added. Total subscriptions: 1
[90mstdout[2m | src/components/ChatSidebar.stories.jsx[2m > [22m[2mWith File Attachments
[22m[39m[UnitContext] useEffect triggered {
  "authLoading": false,
  "hasUser": true,
  "id": "mock-unit-id",
  "userSub": "mock-user-sub",
}
[90mstdout[2m | src/components/ChatSidebar.stories.jsx[2m > [22m[2mWith File Attachments
[22m[39m[UnitContext] Fetching unit data for id: mock-unit-id
[90mstdout[2m | src/components/ChatSidebar.stories.jsx[2m > [22m[2mWith File Attachments
[22m[39m[Mock Data] generateClient() called - returning mock client
[90mstdout[2m | src/components/ChatSidebar.stories.jsx[2m > [22m[2mWith File Attachments
[22m[39m[Mock amplifyClient] getAmplifyClient() called - returning mock client
[90mstdout[2m | src/components/ChatSidebar.stories.jsx[2m > [22m[2mWith File Attachments
[22m[39m[Mock Data] Unit.observeQuery() called with filter: {
  "filter": {
    "id": {
      "eq": "mock-unit-id",
    },
  },
}
[90mstdout[2m | src/components/ChatSidebar.stories.jsx[2m > [22m[2mWith File Attachments
[22m[39m[Mock Data] Unit.observeQuery() applying filter: {
  "id": {
    "eq": "mock-unit-id",
  },
}
[90mstdout[2m | src/components/ChatSidebar.stories.jsx[2m > [22m[2mWith File Attachments
[22m[39m[Mock Data] Unit.observeQuery() items before filter: 0
[90mstdout[2m | src/components/ChatSidebar.stories.jsx[2m > [22m[2mWith File Attachments
[22m[39m[Mock Data] Unit.observeQuery() items after filter: 0
[90mstdout[2m | src/components/ChatSidebar.stories.jsx[2m > [22m[2mWith File Attachments
[22m[39m[Mock Data] Unit.observeQuery() returning 0 items (filter applied) {
  "filter": {
    "id": {
      "eq": "mock-unit-id",
    },
  },
}
[90mstdout[2m | src/components/ChatSidebar.stories.jsx[2m > [22m[2mWith File Attachments
[22m[39m[Mock Data] Unit subscription added. Total subscriptions: 1
[90mstdout[2m | src/components/ChatSidebar.stories.jsx[2m > [22m[2mWith File Attachments
[22m[39m[Mock Data] generateClient() called - returning mock client
[90mstdout[2m | src/components/ChatSidebar.stories.jsx[2m > [22m[2mWith File Attachments
[22m[39m[Mock amplifyClient] getAmplifyClient() called - returning mock client
[90mstdout[2m | src/components/ChatSidebar.stories.jsx[2m > [22m[2mWith File Attachments
[22m[39m[Mock Data] Word.observeQuery() called with filter: undefined
[90mstdout[2m | src/components/ChatSidebar.stories.jsx[2m > [22m[2mWith File Attachments
[22m[39m[Mock Data] Word.observeQuery() returning 0 items (filter applied) undefined
[90mstdout[2m | src/components/ChatSidebar.stories.jsx[2m > [22m[2mWith File Attachments
[22m[39m[Mock Data] Word subscription added. Total subscriptions: 1
[90mstdout[2m | src/components/ChatSidebar.stories.jsx[2m > [22m[2mWith File Attachments
[22m[39m[Mock Data] generateClient() called - returning mock client
[90mstdout[2m | src/components/ChatSidebar.stories.jsx[2m > [22m[2mWith File Attachments
[22m[39m[Mock amplifyClient] getAmplifyClient() called - returning mock client
[90mstdout[2m | src/components/ChatSidebar.stories.jsx[2m > [22m[2mWith File Attachments
[22m[39m[Mock Data] Question.observeQuery() called with filter: undefined
[90mstdout[2m | src/components/ChatSidebar.stories.jsx[2m > [22m[2mWith File Attachments
[22m[39m[Mock Data] Question.observeQuery() returning 0 items (filter applied) undefined
[90mstdout[2m | src/components/ChatSidebar.stories.jsx[2m > [22m[2mWith File Attachments
[22m[39m[Mock Data] Question subscription added. Total subscriptions: 1
[90mstdout[2m | src/components/ChatSidebar.stories.jsx[2m > [22m[2mWith File Attachments
[22m[39m[FilesContext] Initializing vector store from IndexedDB
[90mstdout[2m | src/components/ChatSidebar.stories.jsx[2m > [22m[2mWith File Attachments
[22m[39m[FilesContext] fetchFiles called
[90mstdout[2m | src/components/ChatSidebar.stories.jsx[2m > [22m[2mWith File Attachments
[22m[39m[FilesContext] User authenticated: mock-user-sub
[90mstdout[2m | src/components/ChatSidebar.stories.jsx[2m > [22m[2mWith File Attachments
[22m[39m[FilesContext] Identity ID: us-east-1:mock-identity-123
[90mstdout[2m | src/components/ChatSidebar.stories.jsx[2m > [22m[2mWith File Attachments
[22m[39m[FilesContext] About to subscribe to File model
[90mstdout[2m | src/components/ChatSidebar.stories.jsx[2m > [22m[2mWith File Attachments
[22m[39m[Mock Data] generateClient() called - returning mock client
[90mstdout[2m | src/components/ChatSidebar.stories.jsx[2m > [22m[2mWith File Attachments
[22m[39m[Mock amplifyClient] getAmplifyClient() called - returning mock client
[90mstdout[2m | src/components/ChatSidebar.stories.jsx[2m > [22m[2mWith File Attachments
[22m[39m[Mock Data] File.observeQuery() called with filter: undefined
[90mstdout[2m | src/components/ChatSidebar.stories.jsx[2m > [22m[2mWith File Attachments
[22m[39m[Mock Data] File.observeQuery() returning 0 items (filter applied) undefined
[90mstdout[2m | src/components/ChatSidebar.stories.jsx[2m > [22m[2mWith File Attachments
[22m[39m[Mock Data] File subscription added. Total subscriptions: 1
[90mstdout[2m | src/components/ChatSidebar.stories.jsx[2m > [22m[2mWith File Attachments
[22m[39m[Mock Data] generateClient() called - returning mock client
[90mstdout[2m | src/components/ChatSidebar.stories.jsx[2m > [22m[2mWith File Attachments
[22m[39m[Mock amplifyClient] getAmplifyClient() called - returning mock client
[90mstdout[2m | src/components/ChatSidebar.stories.jsx[2m > [22m[2mWith File Attachments
[22m[39m[Mock Data] Document.observeQuery() called with filter: undefined
[90mstdout[2m | src/components/ChatSidebar.stories.jsx[2m > [22m[2mWith File Attachments
[22m[39m[Mock Data] Document.observeQuery() returning 0 items (filter applied) undefined
[90mstdout[2m | src/components/ChatSidebar.stories.jsx[2m > [22m[2mWith File Attachments
[22m[39m[Mock Data] Document subscription added. Total subscriptions: 1
[90mstdout[2m | src/components/ChatSidebar.stories.jsx[2m > [22m[2mWith File Attachments
[22m[39m[ChatContext] Setting up observeQuery for AssistantChat
[90mstdout[2m | src/components/ChatSidebar.stories.jsx[2m > [22m[2mWith File Attachments
[22m[39m[Mock Data] AssistantChat.observeQuery() called with filter: {
  "sortDirection": "DESC",
  "sortField": "createdAt",
}
[90mstdout[2m | src/components/ChatSidebar.stories.jsx[2m > [22m[2mWith File Attachments
[22m[39m[Mock Data] AssistantChat.observeQuery() returning 0 items (filter applied) {
  "sortDirection": "DESC",
  "sortField": "createdAt",
}
[90mstdout[2m | src/components/ChatSidebar.stories.jsx[2m > [22m[2mWith File Attachments
[22m[39m[Mock Data] AssistantChat subscription added. Total subscriptions: 1
[90mstdout[2m | src/components/ChatSidebar.stories.jsx[2m > [22m[2mWith File Attachments
[22m[39m[ChatContext] Waiting for subscription to initialize
[90mstdout[2m | src/components/ChatSidebar.stories.jsx[2m > [22m[2mWith File Attachments
[22m[39m[SettingsContext] Setting up Settings subscription for user: mock-user-sub
[90mstdout[2m | src/components/ChatSidebar.stories.jsx[2m > [22m[2mWith File Attachments
[22m[39m[Mock Data] generateClient() called - returning mock client
[90mstdout[2m | src/components/ChatSidebar.stories.jsx[2m > [22m[2mWith File Attachments
[22m[39m[Mock amplifyClient] getAmplifyClient() called - returning mock client
[90mstdout[2m | src/components/ChatSidebar.stories.jsx[2m > [22m[2mWith File Attachments
[22m[39m[Mock Data] Settings.observeQuery() called with filter: undefined
[90mstdout[2m | src/components/ChatSidebar.stories.jsx[2m > [22m[2mWith File Attachments
[22m[39m[Mock Data] Settings.observeQuery() returning 0 items (filter applied) undefined
[90mstdout[2m | src/components/ChatSidebar.stories.jsx[2m > [22m[2mWith File Attachments
[22m[39m[Mock Data] Settings subscription added. Total subscriptions: 1
[90mstdout[2m | src/components/ChatSidebar.stories.jsx[2m > [22m[2mWith File Attachments
[22m[39m[SectionContext] Initial sections: 0 []
[90mstdout[2m | src/components/ChatSidebar.stories.jsx[2m > [22m[2mWith File Attachments
[22m[39m[Mock Data] Section.onCreate() called with filter: undefined
[90mstdout[2m | src/components/ChatSidebar.stories.jsx[2m > [22m[2mWith File Attachments
[22m[39m[Mock Data] Section.onCreate() subscription added. Total: 1
[90mstdout[2m | src/components/ChatSidebar.stories.jsx[2m > [22m[2mWith File Attachments
[22m[39m[Mock Data] Section.onUpdate() called with filter: undefined
[90mstdout[2m | src/components/ChatSidebar.stories.jsx[2m > [22m[2mWith File Attachments
[22m[39m[Mock Data] Section.onUpdate() subscription added. Total: 1
[90mstdout[2m | src/components/ChatSidebar.stories.jsx[2m > [22m[2mWith File Attachments
[22m[39m[Mock Data] Section.onDelete() called with filter: undefined
[90mstdout[2m | src/components/ChatSidebar.stories.jsx[2m > [22m[2mWith File Attachments
[22m[39m[Mock Data] Section.onDelete() subscription added. Total: 1
[90mstdout[2m | src/components/ChatSidebar.stories.jsx[2m > [22m[2mWith File Attachments
[22m[39m[Mock Data] Assignment.onCreate() called with filter: {
  "filter": {
    "unitID": {
      "eq": "mock-unit-id",
    },
  },
}
[90mstdout[2m | src/components/ChatSidebar.stories.jsx[2m > [22m[2mWith File Attachments
[22m[39m[Mock Data] Assignment.onCreate() subscription added. Total: 1
[90mstdout[2m | src/components/ChatSidebar.stories.jsx[2m > [22m[2mWith File Attachments
[22m[39m[Mock Data] Assignment.onUpdate() called with filter: {
  "filter": {
    "unitID": {
      "eq": "mock-unit-id",
    },
  },
}
[90mstdout[2m | src/components/ChatSidebar.stories.jsx[2m > [22m[2mWith File Attachments
[22m[39m[Mock Data] Assignment.onUpdate() subscription added. Total: 1
[90mstdout[2m | src/components/ChatSidebar.stories.jsx[2m > [22m[2mWith File Attachments
[22m[39m[Mock Data] Assignment.onDelete() called with filter: {
  "filter": {
    "unitID": {
      "eq": "mock-unit-id",
    },
  },
}
[90mstdout[2m | src/components/ChatSidebar.stories.jsx[2m > [22m[2mWith File Attachments
[22m[39m[Mock Data] Assignment.onDelete() subscription added. Total: 1
[90mstdout[2m | src/components/ChatSidebar.stories.jsx[2m > [22m[2mWith File Attachments
[22m[39m[Mock Data] generateClient() called - returning mock client
[90mstdout[2m | src/components/ChatSidebar.stories.jsx[2m > [22m[2mWith File Attachments
[22m[39m[Mock amplifyClient] getAmplifyClient() called - returning mock client
[90mstdout[2m | src/components/ChatSidebar.stories.jsx[2m > [22m[2mWith File Attachments
[22m[39m[Mock Data] AssistantChat.update() called with: {
  "draft": "Help me create a Japanese greeting lesso",
  "id": "mock-assistant-chat-1",
  "messages": "[]",
}
[90mstdout[2m | src/components/ChatSidebar.stories.jsx[2m > [22m[2mWith File Attachments
[22m[39m[Mock Data] generateClient() called - returning mock client
[90mstdout[2m | src/components/ChatSidebar.stories.jsx[2m > [22m[2mWith File Attachments
[22m[39m[Mock amplifyClient] getAmplifyClient() called - returning mock client
[90mstdout[2m | src/components/ChatSidebar.stories.jsx[2m > [22m[2mWith File Attachments
[22m[39m[Mock Data] AssistantChat.update() called with: {
  "draft": "Help me create a Japanese greeting lesson",
  "id": "mock-assistant-chat-1",
  "messages": "[]",
}
[90mstdout[2m | src/components/ChatSidebar.stories.jsx[2m > [22m[2mWith File Attachments
[22m[39m[FilesContext] File observeQuery subscription triggered:
[90mstdout[2m | src/components/ChatSidebar.stories.jsx[2m > [22m[2mWith File Attachments
[22m[39m  - items.length: 0
[90mstdout[2m | src/components/ChatSidebar.stories.jsx[2m > [22m[2mWith File Attachments
[22m[39m  - isSynced: true
[90mstdout[2m | src/components/ChatSidebar.stories.jsx[2m > [22m[2mWith File Attachments
[22m[39m  - items: []
[90mstdout[2m | src/components/ChatSidebar.stories.jsx[2m > [22m[2mWith File Attachments
[22m[39m[Mock Data] seedMockAssistantChats: Replacing with 1 assistant chats
[90mstdout[2m | src/components/ChatSidebar.stories.jsx[2m > [22m[2mWith File Attachments
[22m[39m[Mock Data] Notifying 1 AssistantChat subscriptions
[90mstderr[2m | src/components/ChatSidebar.stories.jsx[2m > [22m[2mWith File Attachments
[22m[39m[useTabContext] Used outside of TabProvider, returning default values
[90mstdout[2m | src/components/ChatSidebar.stories.jsx[2m > [22m[2mWith File Attachments
[22m[39m[ChatSidebar] Registered client-side tools: [
  "search_content",
  "create_section",
  "create_unit",
  "create_assignment",
  "add_timer_to_unit",
  "create_vocabulary_word",
  "create_question",
  "list_sections",
  "list_units",
  "get_unit_details",
  "update_unit",
  "delete_assignment",
]
[90mstdout[2m | src/components/ChatSidebar.stories.jsx[2m > [22m[2mWith File Attachments
[22m[39m[useTranslationWithCapture] t() called: {
  "key": "chatSidebar.aiAssistant",
  "mode": "off",
  "namespace": "components",
  "value": "AI Assistant",
}
[90mstdout[2m | src/components/ChatSidebar.stories.jsx[2m > [22m[2mWith File Attachments
[22m[39m[useTranslationWithCapture] t() called: {
  "key": "chatSidebar.newChat",
  "mode": "off",
  "namespace": "components",
  "value": "New chat",
}
[90mstdout[2m | src/components/ChatSidebar.stories.jsx[2m > [22m[2mWith File Attachments
[22m[39m[useTranslationWithCapture] t() called: {
  "key": "chatSidebar.archiveChat",
  "mode": "off",
  "namespace": "components",
  "value": "Archive chat",
}
[90mstdout[2m | src/components/ChatSidebar.stories.jsx[2m > [22m[2mWith File Attachments
[22m[39m[useTranslationWithCapture] t() called: {
  "key": "chatSidebar.welcomeMessage",
  "mode": "off",
  "namespace": "components",
  "value": "Ask me anything about your curriculum, files, or content!",
}
[90mstdout[2m | src/components/ChatSidebar.stories.jsx[2m > [22m[2mWith File Attachments
[22m[39m[useTranslationWithCapture] t() called: {
  "key": "chatSidebar.settingUpChat",
  "mode": "off",
  "namespace": "components",
  "value": "Setting up chat...",
}
[90mstdout[2m | src/components/ChatSidebar.stories.jsx[2m > [22m[2mWith File Attachments
[22m[39m[useTranslationWithCapture] t() called: {
  "key": "actions.send",
  "mode": "off",
  "namespace": "components",
  "value": "Send",
}
[90mstdout[2m | src/components/ChatSidebar.stories.jsx[2m > [22m[2mWith File Attachments
[22m[39m[useTranslationWithCapture] t() called: {
  "key": "chatSidebar.reviewImportVocabulary",
  "mode": "off",
  "namespace": "components",
  "value": "Review & Import Vocabulary",
}
[90mstdout[2m | src/components/ChatSidebar.stories.jsx[2m > [22m[2mWith File Attachments
[22m[39m[useTranslationWithCapture] t() called: {
  "key": "chatSidebar.confirm",
  "mode": "off",
  "namespace": "components",
  "value": "Confirm",
}
[90mstdout[2m | src/components/ChatSidebar.stories.jsx[2m > [22m[2mWith File Attachments
[22m[39m[useTranslationWithCapture] t() called: {
  "key": "chatSidebar.cancel",
  "mode": "off",
  "namespace": "components",
  "value": "Cancel",
}
[90mstdout[2m | src/components/ChatSidebar.stories.jsx[2m > [22m[2mWith File Attachments
[22m[39m[chatTools] Vector store search function registered: true
[90mstdout[2m | src/components/ChatSidebar.stories.jsx[2m > [22m[2mWith File Attachments
[22m[39m[ChatSidebar] Registered vector store search, isReady: false
[90mstdout[2m | src/components/ChatSidebar.stories.jsx[2m > [22m[2mWith File Attachments
[22m[39m[ChatSidebar] Setting up Document subscription for user: undefined
[90mstdout[2m | src/components/ChatSidebar.stories.jsx[2m > [22m[2mWith File Attachments
[22m[39m[Mock Data] generateClient() called - returning mock client
[90mstdout[2m | src/components/ChatSidebar.stories.jsx[2m > [22m[2mWith File Attachments
[22m[39m[Mock amplifyClient] getAmplifyClient() called - returning mock client
[90mstdout[2m | src/components/ChatSidebar.stories.jsx[2m > [22m[2mWith File Attachments
[22m[39m[Mock Data] Document.observeQuery() called with filter: undefined
[90mstdout[2m | src/components/ChatSidebar.stories.jsx[2m > [22m[2mWith File Attachments
[22m[39m[Mock Data] Document.observeQuery() returning 0 items (filter applied) undefined
[90mstdout[2m | src/components/ChatSidebar.stories.jsx[2m > [22m[2mWith File Attachments
[22m[39m[Mock Data] Document subscription added. Total subscriptions: 2
[90mstdout[2m | src/components/ChatSidebar.stories.jsx[2m > [22m[2mWith File Attachments
[22m[39m[ChatContext] AssistantChat query update: 0 items (synced)
[90mstdout[2m | src/components/ChatSidebar.stories.jsx[2m > [22m[2mWith File Attachments
[22m[39m[ChatContext] AssistantChat subscription initialized
[90mstdout[2m | src/components/ChatSidebar.stories.jsx[2m > [22m[2mWith File Attachments
[22m[39m[ChatContext] AssistantChat list updated: 0 chats
[90mstdout[2m | src/components/ChatSidebar.stories.jsx[2m > [22m[2mWith File Attachments
[22m[39m[Mock Data] Settings.create() called with: {
  "assistantVoice": "shimmer",
  "autoAnalyzeDocuments": true,
  "defaultAIModel": "gpt-4",
  "documentAnalysisModel": "gpt-4",
  "editorFontSize": 14,
  "editorTheme": "auto",
  "emailNotifications": true,
  "language": "en",
  "webhookNotifications": false,
}
[90mstdout[2m | src/components/ChatSidebar.stories.jsx[2m > [22m[2mWith File Attachments
[22m[39m[Mock Data] Settings created: mock-settings-1776336977898 - notified 1 subscribers
[90mstdout[2m | src/components/ChatSidebar.stories.jsx[2m > [22m[2mWith File Attachments
[22m[39m[ChatContext] AssistantChat query update: 1 items (synced)
[90mstdout[2m | src/components/ChatSidebar.stories.jsx[2m > [22m[2mWith File Attachments
[22m[39m[ChatContext] First item details: {
  "id": "file-chat",
  "updatedAt": "2026-04-16T10:56:17.873Z",
}
[90mstdout[2m | src/components/ChatSidebar.stories.jsx[2m > [22m[2mWith File Attachments
[22m[39m[ChatContext] AssistantChat list updated: 1 chats
[90mstdout[2m | src/components/ChatSidebar.stories.jsx[2m > [22m[2mWith File Attachments
[22m[39m[ChatContext] No chats found, clearing current chat - new one will be created
[90mstdout[2m | src/components/ChatSidebar.stories.jsx[2m > [22m[2mWith File Attachments
[22m[39m[ChatContext] Setting initial chat: file-chat
[90mstderr[2m | src/components/ChatSidebar.stories.jsx[2m > [22m[2mWith File Attachments
[22m[39m[useTabContext] Used outside of TabProvider, returning default values
[90mstdout[2m | src/components/ChatSidebar.stories.jsx[2m > [22m[2mWith File Attachments
[22m[39m[useTranslationWithCapture] t() called: {
  "key": "chatSidebar.aiAssistant",
  "mode": "off",
  "namespace": "components",
  "value": "AI Assistant",
}
[90mstdout[2m | src/components/ChatSidebar.stories.jsx[2m > [22m[2mWith File Attachments
[22m[39m[useTranslationWithCapture] t() called: {
  "key": "chatSidebar.newChat",
  "mode": "off",
  "namespace": "components",
  "value": "New chat",
}
[90mstdout[2m | src/components/ChatSidebar.stories.jsx[2m > [22m[2mWith File Attachments
[22m[39m[useTranslationWithCapture] t() called: {
  "key": "chatSidebar.archiveChat",
  "mode": "off",
  "namespace": "components",
  "value": "Archive chat",
}
[90mstdout[2m | src/components/ChatSidebar.stories.jsx[2m > [22m[2mWith File Attachments
[22m[39m[useTranslationWithCapture] t() called: {
  "key": "chatSidebar.welcomeMessage",
  "mode": "off",
  "namespace": "components",
  "value": "Ask me anything about your curriculum, files, or content!",
}
[90mstdout[2m | src/components/ChatSidebar.stories.jsx[2m > [22m[2mWith File Attachments
[22m[39m[useTranslationWithCapture] t() called: {
  "key": "chatSidebar.askMeAnything",
  "mode": "off",
  "namespace": "components",
  "value": "Ask me anything...",
}
[90mstdout[2m | src/components/ChatSidebar.stories.jsx[2m > [22m[2mWith File Attachments
[22m[39m[useTranslationWithCapture] t() called: {
  "key": "actions.send",
  "mode": "off",
  "namespace": "components",
  "value": "Send",
}
[90mstdout[2m | src/components/ChatSidebar.stories.jsx[2m > [22m[2mWith File Attachments
[22m[39m[useTranslationWithCapture] t() called: {
  "key": "chatSidebar.reviewImportVocabulary",
  "mode": "off",
  "namespace": "components",
  "value": "Review & Import Vocabulary",
}
[90mstdout[2m | src/components/ChatSidebar.stories.jsx[2m > [22m[2mWith File Attachments
[22m[39m[useTranslationWithCapture] t() called: {
  "key": "chatSidebar.confirm",
  "mode": "off",
  "namespace": "components",
  "value": "Confirm",
}
[90mstdout[2m | src/components/ChatSidebar.stories.jsx[2m > [22m[2mWith File Attachments
[22m[39m[useTranslationWithCapture] t() called: {
  "key": "chatSidebar.cancel",
  "mode": "off",
  "namespace": "components",
  "value": "Cancel",
}
[90mstdout[2m | src/components/ChatSidebar.stories.jsx[2m > [22m[2mWith File Attachments
[22m[39m[ChatSidebar] Loading messages for chat: file-chat count: 2
[90mstdout[2m | src/components/ChatSidebar.stories.jsx[2m > [22m[2mWith File Attachments
[22m[39m[ChatSidebar] deepCloneMessages: cloned 2 messages
[90mstdout[2m | src/components/ChatSidebar.stories.jsx[2m > [22m[2mWith File Attachments
[22m[39m[Mock Data] generateClient() called - returning mock client
[90mstdout[2m | src/components/ChatSidebar.stories.jsx[2m > [22m[2mWith File Attachments
[22m[39m[Mock amplifyClient] getAmplifyClient() called - returning mock client
[90mstdout[2m | src/components/ChatSidebar.stories.jsx[2m > [22m[2mWith File Attachments
[22m[39m[Mock Data] AssistantChatFile.list() called with options: {
  "filter": {
    "chatID": {
      "eq": "file-chat",
    },
  },
}
[90mstdout[2m | src/components/ChatSidebar.stories.jsx[2m > [22m[2mWith File Attachments
[22m[39m[ChatContext] Chat exists and not archived, skipping creation
[90mstderr[2m | src/components/ChatSidebar.stories.jsx[2m > [22m[2mWith File Attachments
[22m[39m[useTabContext] Used outside of TabProvider, returning default values
[90mstdout[2m | src/components/ChatSidebar.stories.jsx[2m > [22m[2mWith File Attachments
[22m[39m[ChatSidebar] useChat status: ready messages: 2 toolCalls: 0
[90mstdout[2m | src/components/ChatSidebar.stories.jsx[2m > [22m[2mWith File Attachments
[22m[39m[useTranslationWithCapture] t() called: {
  "key": "chatSidebar.aiAssistant",
  "mode": "off",
  "namespace": "components",
  "value": "AI Assistant",
}
[90mstdout[2m | src/components/ChatSidebar.stories.jsx[2m > [22m[2mWith File Attachments
[22m[39m[useTranslationWithCapture] t() called: {
  "key": "chatSidebar.newChat",
  "mode": "off",
  "namespace": "components",
  "value": "New chat",
}
[90mstdout[2m | src/components/ChatSidebar.stories.jsx[2m > [22m[2mWith File Attachments
[22m[39m[useTranslationWithCapture] t() called: {
  "key": "chatSidebar.archiveChat",
  "mode": "off",
  "namespace": "components",
  "value": "Archive chat",
}
[90mstdout[2m | src/components/ChatSidebar.stories.jsx[2m > [22m[2mWith File Attachments
[22m[39m[useTranslationWithCapture] t() called: {
  "key": "chatSidebar.welcomeMessage",
  "mode": "off",
  "namespace": "components",
  "value": "Ask me anything about your curriculum, files, or content!",
}
[90mstdout[2m | src/components/ChatSidebar.stories.jsx[2m > [22m[2mWith File Attachments
[22m[39m[useTranslationWithCapture] t() called: {
  "key": "chatSidebar.askMeAnything",
  "mode": "off",
  "namespace": "components",
  "value": "Ask me anything...",
}
[90mstdout[2m | src/components/ChatSidebar.stories.jsx[2m > [22m[2mWith File Attachments
[22m[39m[useTranslationWithCapture] t() called: {
  "key": "actions.send",
  "mode": "off",
  "namespace": "components",
  "value": "Send",
}
[90mstdout[2m | src/components/ChatSidebar.stories.jsx[2m > [22m[2mWith File Attachments
[22m[39m[useTranslationWithCapture] t() called: {
  "key": "chatSidebar.reviewImportVocabulary",
  "mode": "off",
  "namespace": "components",
  "value": "Review & Import Vocabulary",
}
[90mstdout[2m | src/components/ChatSidebar.stories.jsx[2m > [22m[2mWith File Attachments
[22m[39m[useTranslationWithCapture] t() called: {
  "key": "chatSidebar.confirm",
  "mode": "off",
  "namespace": "components",
  "value": "Confirm",
}
[90mstdout[2m | src/components/ChatSidebar.stories.jsx[2m > [22m[2mWith File Attachments
[22m[39m[useTranslationWithCapture] t() called: {
  "key": "chatSidebar.cancel",
  "mode": "off",
  "namespace": "components",
  "value": "Cancel",
}
[90mstdout[2m | src/components/ChatSidebar.stories.jsx[2m > [22m[2mWith File Attachments
[22m[39m[useTranslationWithCapture] t() called: {
  "key": "chatSidebar.messageList.chatMessagesLabel",
  "mode": "off",
  "namespace": "components",
  "value": "Chat messages",
}
[90mstdout[2m | src/components/ChatSidebar.stories.jsx[2m > [22m[2mWith File Attachments
[22m[39m[useTranslationWithCapture] t() called: {
  "key": "chatSidebar.messageList.chatMessagesLabel",
  "mode": "off",
  "namespace": "components",
  "value": "Chat messages",
}
[90mstdout[2m | src/components/ChatSidebar.stories.jsx[2m > [22m[2mWith File Attachments
[22m[39m[useTranslationWithCapture] t() called: {
  "key": "aiFeedbackWidget.whatToImprove",
  "mode": "off",
  "namespace": "components",
  "value": "What could be improved?",
}
[90mstdout[2m | src/components/ChatSidebar.stories.jsx[2m > [22m[2mWith File Attachments
[22m[39m[useTranslationWithCapture] t() called: {
  "key": "aiFeedbackWidget.selectAllThatApply",
  "mode": "off",
  "namespace": "components",
  "value": "Select all that apply:",
}
[90mstdout[2m | src/components/ChatSidebar.stories.jsx[2m > [22m[2mWith File Attachments
[22m[39m[useTranslationWithCapture] t() called: {
  "key": "aiFeedbackWidget.cancel",
  "mode": "off",
  "namespace": "components",
  "value": "Cancel",
}
[90mstdout[2m | src/components/ChatSidebar.stories.jsx[2m > [22m[2mWith File Attachments
[22m[39m[useTranslationWithCapture] t() called: {
  "key": "aiFeedbackWidget.submit",
  "mode": "off",
  "namespace": "components",
  "value": "Submit",
}
[90mstdout[2m | src/components/ChatSidebar.stories.jsx[2m > [22m[2mWith File Attachments
[22m[39m[useTranslationWithCapture] t() called: {
  "key": "chatSidebar.messageList.chatMessagesLabel",
  "mode": "off",
  "namespace": "components",
  "value": "Chat messages",
}
[90mstdout[2m | src/components/ChatSidebar.stories.jsx[2m > [22m[2mWith File Attachments
[22m[39m[useTranslationWithCapture] t() called: {
  "key": "aiFeedbackWidget.whatToImprove",
  "mode": "off",
  "namespace": "components",
  "value": "What could be improved?",
}
[90mstdout[2m | src/components/ChatSidebar.stories.jsx[2m > [22m[2mWith File Attachments
[22m[39m[useTranslationWithCapture] t() called: {
  "key": "aiFeedbackWidget.selectAllThatApply",
  "mode": "off",
  "namespace": "components",
  "value": "Select all that apply:",
}
[90mstdout[2m | src/components/ChatSidebar.stories.jsx[2m > [22m[2mWith File Attachments
[22m[39m[useTranslationWithCapture] t() called: {
  "key": "aiFeedbackWidget.cancel",
  "mode": "off",
  "namespace": "components",
  "value": "Cancel",
}
[90mstdout[2m | src/components/ChatSidebar.stories.jsx[2m > [22m[2mWith File Attachments
[22m[39m[useTranslationWithCapture] t() called: {
  "key": "aiFeedbackWidget.submit",
  "mode": "off",
  "namespace": "components",
  "value": "Submit",
}
[90mstderr[2m | src/components/ChatSidebar.stories.jsx[2m > [22m[2mWith File Attachments
[22m[39m[useTabContext] Used outside of TabProvider, returning default values
[90mstdout[2m | src/components/ChatSidebar.stories.jsx[2m > [22m[2mWith File Attachments
[22m[39m[ChatSidebar] useChat status: ready messages: 2 toolCalls: 0
[90mstdout[2m | src/components/ChatSidebar.stories.jsx[2m > [22m[2mWith File Attachments
[22m[39m[useTranslationWithCapture] t() called: {
  "key": "chatSidebar.aiAssistant",
  "mode": "off",
  "namespace": "components",
  "value": "AI Assistant",
}
[90mstdout[2m | src/components/ChatSidebar.stories.jsx[2m > [22m[2mWith File Attachments
[22m[39m[useTranslationWithCapture] t() called: {
  "key": "chatSidebar.newChat",
  "mode": "off",
  "namespace": "components",
  "value": "New chat",
}
[90mstdout[2m | src/components/ChatSidebar.stories.jsx[2m > [22m[2mWith File Attachments
[22m[39m[useTranslationWithCapture] t() called: {
  "key": "chatSidebar.archiveChat",
  "mode": "off",
  "namespace": "components",
  "value": "Archive chat",
}
[90mstdout[2m | src/components/ChatSidebar.stories.jsx[2m > [22m[2mWith File Attachments
[22m[39m[useTranslationWithCapture] t() called: {
  "key": "chatSidebar.welcomeMessage",
  "mode": "off",
  "namespace": "components",
  "value": "Ask me anything about your curriculum, files, or content!",
}
[90mstdout[2m | src/components/ChatSidebar.stories.jsx[2m > [22m[2mWith File Attachments
[22m[39m[useTranslationWithCapture] t() called: {
  "key": "chatSidebar.askMeAnything",
  "mode": "off",
  "namespace": "components",
  "value": "Ask me anything...",
}
[90mstdout[2m | src/components/ChatSidebar.stories.jsx[2m > [22m[2mWith File Attachments
[22m[39m[useTranslationWithCapture] t() called: {
  "key": "actions.send",
  "mode": "off",
  "namespace": "components",
  "value": "Send",
}
[90mstdout[2m | src/components/ChatSidebar.stories.jsx[2m > [22m[2mWith File Attachments
[22m[39m[useTranslationWithCapture] t() called: {
  "key": "chatSidebar.reviewImportVocabulary",
  "mode": "off",
  "namespace": "components",
  "value": "Review & Import Vocabulary",
}
[90mstdout[2m | src/components/ChatSidebar.stories.jsx[2m > [22m[2mWith File Attachments
[22m[39m[useTranslationWithCapture] t() called: {
  "key": "chatSidebar.confirm",
  "mode": "off",
  "namespace": "components",
  "value": "Confirm",
}
[90mstdout[2m | src/components/ChatSidebar.stories.jsx[2m > [22m[2mWith File Attachments
[22m[39m[useTranslationWithCapture] t() called: {
  "key": "chatSidebar.cancel",
  "mode": "off",
  "namespace": "components",
  "value": "Cancel",
}
[90mstdout[2m | src/components/ChatSidebar.stories.jsx[2m > [22m[2mWith File Attachments
[22m[39m[useTranslationWithCapture] t() called: {
  "key": "chatSidebar.messageList.chatMessagesLabel",
  "mode": "off",
  "namespace": "components",
  "value": "Chat messages",
}
[90mstdout[2m | src/components/ChatSidebar.stories.jsx[2m > [22m[2mWith File Attachments
[22m[39m[useTranslationWithCapture] t() called: {
  "key": "aiFeedbackWidget.whatToImprove",
  "mode": "off",
  "namespace": "components",
  "value": "What could be improved?",
}
[90mstdout[2m | src/components/ChatSidebar.stories.jsx[2m > [22m[2mWith File Attachments
[22m[39m[useTranslationWithCapture] t() called: {
  "key": "aiFeedbackWidget.selectAllThatApply",
  "mode": "off",
  "namespace": "components",
  "value": "Select all that apply:",
}
[90mstdout[2m | src/components/ChatSidebar.stories.jsx[2m > [22m[2mWith File Attachments
[22m[39m[useTranslationWithCapture] t() called: {
  "key": "aiFeedbackWidget.cancel",
  "mode": "off",
  "namespace": "components",
  "value": "Cancel",
}
[90mstdout[2m | src/components/ChatSidebar.stories.jsx[2m > [22m[2mWith File Attachments
[22m[39m[useTranslationWithCapture] t() called: {
  "key": "aiFeedbackWidget.submit",
  "mode": "off",
  "namespace": "components",
  "value": "Submit",
}
[90mstdout[2m | src/components/ChatSidebar.stories.jsx[2m > [22m[2mWith File Attachments
[22m[39m[Mock Data] generateClient() called - returning mock client
[90mstdout[2m | src/components/ChatSidebar.stories.jsx[2m > [22m[2mWith File Attachments
[22m[39m[Mock amplifyClient] getAmplifyClient() called - returning mock client
[90mstdout[2m | src/components/ChatSidebar.stories.jsx[2m > [22m[2mWith File Attachments
[22m[39m[Mock Data] AssistantChatFile.list() called with options: {
  "filter": {
    "chatID": {
      "eq": "file-chat",
    },
  },
}
[90mstderr[2m | src/components/ChatSidebar.stories.jsx[2m > [22m[2mWith File Attachments
[22m[39mAn update to DictionaryProvider inside a test was not wrapped in act(...).

When testing, code that causes React state updates should be wrapped into act(...):

act(() => {
  /* fire events that update state */
});
/* assert on the output */

This ensures that you're testing the behavior the user would see in the browser. Learn more at https://react.dev/link/wrap-tests-with-act
[90mstderr[2m | src/components/ChatSidebar.stories.jsx[2m > [22m[2mWith File Attachments
[22m[39mAn update to DictionaryProvider inside a test was not wrapped in act(...).

When testing, code that causes React state updates should be wrapped into act(...):

act(() => {
  /* fire events that update state */
});
/* assert on the output */

This ensures that you're testing the behavior the user would see in the browser. Learn more at https://react.dev/link/wrap-tests-with-act
[90mstdout[2m | src/components/ChatSidebar.stories.jsx[2m > [22m[2mQuiz Generator
[22m[39m[Mock Data] Settings subscription unsubscribed. Remaining: 0
[90mstdout[2m | src/components/ChatSidebar.stories.jsx[2m > [22m[2mQuiz Generator
[22m[39m[ChatContext] Cleaning up subscription
[90mstdout[2m | src/components/ChatSidebar.stories.jsx[2m > [22m[2mQuiz Generator
[22m[39m[Mock Data] AssistantChat subscription unsubscribed. Remaining: 0
[90mstdout[2m | src/components/ChatSidebar.stories.jsx[2m > [22m[2mQuiz Generator
[22m[39m[Mock Data] File subscription unsubscribed. Remaining: 0
[90mstdout[2m | src/components/ChatSidebar.stories.jsx[2m > [22m[2mQuiz Generator
[22m[39m[Mock Data] Document subscription unsubscribed. Remaining: 1
[90mstdout[2m | src/components/ChatSidebar.stories.jsx[2m > [22m[2mQuiz Generator
[22m[39m[Mock Data] Word subscription unsubscribed. Remaining: 0
[90mstdout[2m | src/components/ChatSidebar.stories.jsx[2m > [22m[2mQuiz Generator
[22m[39m[Mock Data] Question subscription unsubscribed. Remaining: 0
[90mstdout[2m | src/components/ChatSidebar.stories.jsx[2m > [22m[2mQuiz Generator
[22m[39m[Mock Data] Grade subscription unsubscribed. Remaining: 0
[90mstdout[2m | src/components/ChatSidebar.stories.jsx[2m > [22m[2mQuiz Generator
[22m[39m[Mock Data] Unit subscription unsubscribed. Remaining: 0
[90mstdout[2m | src/components/ChatSidebar.stories.jsx[2m > [22m[2mQuiz Generator
[22m[39m[SectionContext] Cleaning up subscriptions
[90mstdout[2m | src/components/ChatSidebar.stories.jsx[2m > [22m[2mQuiz Generator
[22m[39m[Mock Data] Section.onCreate() subscription removed. Remaining: 0
[90mstdout[2m | src/components/ChatSidebar.stories.jsx[2m > [22m[2mQuiz Generator
[22m[39m[Mock Data] Section.onUpdate() subscription removed. Remaining: 0
[90mstdout[2m | src/components/ChatSidebar.stories.jsx[2m > [22m[2mQuiz Generator
[22m[39m[Mock Data] Section.onDelete() subscription removed. Remaining: 0
[90mstdout[2m | src/components/ChatSidebar.stories.jsx[2m > [22m[2mQuiz Generator
[22m[39m[Mock Data] Assignment.onCreate() subscription removed. Remaining: 0
[90mstdout[2m | src/components/ChatSidebar.stories.jsx[2m > [22m[2mQuiz Generator
[22m[39m[Mock Data] Assignment.onUpdate() subscription removed. Remaining: 0
[90mstdout[2m | src/components/ChatSidebar.stories.jsx[2m > [22m[2mQuiz Generator
[22m[39m[Mock Data] Assignment.onDelete() subscription removed. Remaining: 0
[90mstdout[2m | src/components/ChatSidebar.stories.jsx[2m > [22m[2mQuiz Generator
[22m[39m[chatTools] Vector store search function registered: false
[90mstdout[2m | src/components/ChatSidebar.stories.jsx[2m > [22m[2mQuiz Generator
[22m[39m[Mock Data] Document subscription unsubscribed. Remaining: 0
[90mstdout[2m | src/components/ChatSidebar.stories.jsx[2m > [22m[2mQuiz Generator
[22m[39m[Mock Data] Clearing all data stores
[90mstdout[2m | src/components/ChatSidebar.stories.jsx[2m > [22m[2mQuiz Generator
[22m[39m[Mock Data] All data stores cleared
[90mstdout[2m | src/components/ChatSidebar.stories.jsx[2m > [22m[2mQuiz Generator
[22m[39m[Preview] Cleared mock data for story
[90mstdout[2m | src/components/ChatSidebar.stories.jsx[2m > [22m[2mQuiz Generator
[22m[39m[Preview] Skipped initializing default mock data (initializeMockData=false)
[90mstdout[2m | src/components/ChatSidebar.stories.jsx[2m > [22m[2mQuiz Generator
[22m[39m[Mock AuthContext] Providing auth: {
  "error": undefined,
  "isLoading": false,
  "session": {
    "idToken": {
      "toString": [Function toString],
    },
    "identityId": "us-east-1:mock-identity-123",
    "username": "mock-user-sub",
  },
  "user": {
    "attributes": {
      "email": "alice@example.com",
      "name": "Alice Student",
      "sub": "mock-user-sub",
    },
  },
}
[90mstdout[2m | src/components/ChatSidebar.stories.jsx[2m > [22m[2mQuiz Generator
[22m[39m[Mock Data] generateClient() called - returning mock client
[90mstdout[2m | src/components/ChatSidebar.stories.jsx[2m > [22m[2mQuiz Generator
[22m[39m[Mock amplifyClient] getAmplifyClient() called - returning mock client
[90mstdout[2m | src/components/ChatSidebar.stories.jsx[2m > [22m[2mQuiz Generator
[22m[39m[MOCK CourseVectorStore] Initialized with mock data
[90mstdout[2m | src/components/ChatSidebar.stories.jsx[2m > [22m[2mQuiz Generator
[22m[39m[TranslationModeController] Setting mode to: off
[90mstdout[2m | src/components/ChatSidebar.stories.jsx[2m > [22m[2mQuiz Generator
[22m[39m[SectionContext] useEffect triggered {
  "authLoading": false,
  "hasUser": true,
  "userSub": "mock-user-sub",
}
[90mstdout[2m | src/components/ChatSidebar.stories.jsx[2m > [22m[2mQuiz Generator
[22m[39m[SectionContext] Fetching sections for userId: mock-user-sub
[90mstdout[2m | src/components/ChatSidebar.stories.jsx[2m > [22m[2mQuiz Generator
[22m[39m[Mock Data] generateClient() called - returning mock client
[90mstdout[2m | src/components/ChatSidebar.stories.jsx[2m > [22m[2mQuiz Generator
[22m[39m[Mock amplifyClient] getAmplifyClient() called - returning mock client
[90mstdout[2m | src/components/ChatSidebar.stories.jsx[2m > [22m[2mQuiz Generator
[22m[39m[Mock Data] Section.list() called with options: undefined
[90mstdout[2m | src/components/ChatSidebar.stories.jsx[2m > [22m[2mQuiz Generator
[22m[39m[Mock Data] generateClient() called - returning mock client
[90mstdout[2m | src/components/ChatSidebar.stories.jsx[2m > [22m[2mQuiz Generator
[22m[39m[Mock amplifyClient] getAmplifyClient() called - returning mock client
[90mstdout[2m | src/components/ChatSidebar.stories.jsx[2m > [22m[2mQuiz Generator
[22m[39m[Mock Data] Assignment.list() called with options: {
  "filter": {
    "unitID": {
      "eq": "mock-unit-id",
    },
  },
}
[90mstdout[2m | src/components/ChatSidebar.stories.jsx[2m > [22m[2mQuiz Generator
[22m[39m[Mock Data] generateClient() called - returning mock client
[90mstdout[2m | src/components/ChatSidebar.stories.jsx[2m > [22m[2mQuiz Generator
[22m[39m[Mock amplifyClient] getAmplifyClient() called - returning mock client
[90mstdout[2m | src/components/ChatSidebar.stories.jsx[2m > [22m[2mQuiz Generator
[22m[39m[Mock Data] Grade.observeQuery() called with filter: {
  "filter": {
    "unitID": {
      "eq": "mock-unit-id",
    },
  },
}
[90mstdout[2m | src/components/ChatSidebar.stories.jsx[2m > [22m[2mQuiz Generator
[22m[39m[Mock Data] Grade.observeQuery() applying filter: {
  "unitID": {
    "eq": "mock-unit-id",
  },
}
[90mstdout[2m | src/components/ChatSidebar.stories.jsx[2m > [22m[2mQuiz Generator
[22m[39m[Mock Data] Grade.observeQuery() items before filter: 0
[90mstdout[2m | src/components/ChatSidebar.stories.jsx[2m > [22m[2mQuiz Generator
[22m[39m[Mock Data] Grade.observeQuery() items after filter: 0
[90mstdout[2m | src/components/ChatSidebar.stories.jsx[2m > [22m[2mQuiz Generator
[22m[39m[Mock Data] Grade.observeQuery() returning 0 items (filter applied) {
  "filter": {
    "unitID": {
      "eq": "mock-unit-id",
    },
  },
}
[90mstdout[2m | src/components/ChatSidebar.stories.jsx[2m > [22m[2mQuiz Generator
[22m[39m[Mock Data] Grade subscription added. Total subscriptions: 1
[90mstdout[2m | src/components/ChatSidebar.stories.jsx[2m > [22m[2mQuiz Generator
[22m[39m[UnitContext] useEffect triggered {
  "authLoading": false,
  "hasUser": true,
  "id": "mock-unit-id",
  "userSub": "mock-user-sub",
}
[90mstdout[2m | src/components/ChatSidebar.stories.jsx[2m > [22m[2mQuiz Generator
[22m[39m[UnitContext] Fetching unit data for id: mock-unit-id
[90mstdout[2m | src/components/ChatSidebar.stories.jsx[2m > [22m[2mQuiz Generator
[22m[39m[Mock Data] generateClient() called - returning mock client
[90mstdout[2m | src/components/ChatSidebar.stories.jsx[2m > [22m[2mQuiz Generator
[22m[39m[Mock amplifyClient] getAmplifyClient() called - returning mock client
[90mstdout[2m | src/components/ChatSidebar.stories.jsx[2m > [22m[2mQuiz Generator
[22m[39m[Mock Data] Unit.observeQuery() called with filter: {
  "filter": {
    "id": {
      "eq": "mock-unit-id",
    },
  },
}
[90mstdout[2m | src/components/ChatSidebar.stories.jsx[2m > [22m[2mQuiz Generator
[22m[39m[Mock Data] Unit.observeQuery() applying filter: {
  "id": {
    "eq": "mock-unit-id",
  },
}
[90mstdout[2m | src/components/ChatSidebar.stories.jsx[2m > [22m[2mQuiz Generator
[22m[39m[Mock Data] Unit.observeQuery() items before filter: 0
[90mstdout[2m | src/components/ChatSidebar.stories.jsx[2m > [22m[2mQuiz Generator
[22m[39m[Mock Data] Unit.observeQuery() items after filter: 0
[90mstdout[2m | src/components/ChatSidebar.stories.jsx[2m > [22m[2mQuiz Generator
[22m[39m[Mock Data] Unit.observeQuery() returning 0 items (filter applied) {
  "filter": {
    "id": {
      "eq": "mock-unit-id",
    },
  },
}
[90mstdout[2m | src/components/ChatSidebar.stories.jsx[2m > [22m[2mQuiz Generator
[22m[39m[Mock Data] Unit subscription added. Total subscriptions: 1
[90mstdout[2m | src/components/ChatSidebar.stories.jsx[2m > [22m[2mQuiz Generator
[22m[39m[Mock Data] generateClient() called - returning mock client
[90mstdout[2m | src/components/ChatSidebar.stories.jsx[2m > [22m[2mQuiz Generator
[22m[39m[Mock amplifyClient] getAmplifyClient() called - returning mock client
[90mstdout[2m | src/components/ChatSidebar.stories.jsx[2m > [22m[2mQuiz Generator
[22m[39m[Mock Data] Word.observeQuery() called with filter: undefined
[90mstdout[2m | src/components/ChatSidebar.stories.jsx[2m > [22m[2mQuiz Generator
[22m[39m[Mock Data] Word.observeQuery() returning 0 items (filter applied) undefined
[90mstdout[2m | src/components/ChatSidebar.stories.jsx[2m > [22m[2mQuiz Generator
[22m[39m[Mock Data] Word subscription added. Total subscriptions: 1
[90mstdout[2m | src/components/ChatSidebar.stories.jsx[2m > [22m[2mQuiz Generator
[22m[39m[Mock Data] generateClient() called - returning mock client
[90mstdout[2m | src/components/ChatSidebar.stories.jsx[2m > [22m[2mQuiz Generator
[22m[39m[Mock amplifyClient] getAmplifyClient() called - returning mock client
[90mstdout[2m | src/components/ChatSidebar.stories.jsx[2m > [22m[2mQuiz Generator
[22m[39m[Mock Data] Question.observeQuery() called with filter: undefined
[90mstdout[2m | src/components/ChatSidebar.stories.jsx[2m > [22m[2mQuiz Generator
[22m[39m[Mock Data] Question.observeQuery() returning 0 items (filter applied) undefined
[90mstdout[2m | src/components/ChatSidebar.stories.jsx[2m > [22m[2mQuiz Generator
[22m[39m[Mock Data] Question subscription added. Total subscriptions: 1
[90mstdout[2m | src/components/ChatSidebar.stories.jsx[2m > [22m[2mQuiz Generator
[22m[39m[FilesContext] Initializing vector store from IndexedDB
[90mstdout[2m | src/components/ChatSidebar.stories.jsx[2m > [22m[2mQuiz Generator
[22m[39m[FilesContext] fetchFiles called
[90mstdout[2m | src/components/ChatSidebar.stories.jsx[2m > [22m[2mQuiz Generator
[22m[39m[FilesContext] User authenticated: mock-user-sub
[90mstdout[2m | src/components/ChatSidebar.stories.jsx[2m > [22m[2mQuiz Generator
[22m[39m[FilesContext] Identity ID: us-east-1:mock-identity-123
[90mstdout[2m | src/components/ChatSidebar.stories.jsx[2m > [22m[2mQuiz Generator
[22m[39m[FilesContext] About to subscribe to File model
[90mstdout[2m | src/components/ChatSidebar.stories.jsx[2m > [22m[2mQuiz Generator
[22m[39m[Mock Data] generateClient() called - returning mock client
[90mstdout[2m | src/components/ChatSidebar.stories.jsx[2m > [22m[2mQuiz Generator
[22m[39m[Mock amplifyClient] getAmplifyClient() called - returning mock client
[90mstdout[2m | src/components/ChatSidebar.stories.jsx[2m > [22m[2mQuiz Generator
[22m[39m[Mock Data] File.observeQuery() called with filter: undefined
[90mstdout[2m | src/components/ChatSidebar.stories.jsx[2m > [22m[2mQuiz Generator
[22m[39m[Mock Data] File.observeQuery() returning 0 items (filter applied) undefined
[90mstdout[2m | src/components/ChatSidebar.stories.jsx[2m > [22m[2mQuiz Generator
[22m[39m[Mock Data] File subscription added. Total subscriptions: 1
[90mstdout[2m | src/components/ChatSidebar.stories.jsx[2m > [22m[2mQuiz Generator
[22m[39m[Mock Data] generateClient() called - returning mock client
[90mstdout[2m | src/components/ChatSidebar.stories.jsx[2m > [22m[2mQuiz Generator
[22m[39m[Mock amplifyClient] getAmplifyClient() called - returning mock client
[90mstdout[2m | src/components/ChatSidebar.stories.jsx[2m > [22m[2mQuiz Generator
[22m[39m[Mock Data] Document.observeQuery() called with filter: undefined
[90mstdout[2m | src/components/ChatSidebar.stories.jsx[2m > [22m[2mQuiz Generator
[22m[39m[Mock Data] Document.observeQuery() returning 0 items (filter applied) undefined
[90mstdout[2m | src/components/ChatSidebar.stories.jsx[2m > [22m[2mQuiz Generator
[22m[39m[Mock Data] Document subscription added. Total subscriptions: 1
[90mstdout[2m | src/components/ChatSidebar.stories.jsx[2m > [22m[2mQuiz Generator
[22m[39m[ChatContext] Setting up observeQuery for AssistantChat
[90mstdout[2m | src/components/ChatSidebar.stories.jsx[2m > [22m[2mQuiz Generator
[22m[39m[Mock Data] AssistantChat.observeQuery() called with filter: {
  "sortDirection": "DESC",
  "sortField": "createdAt",
}
[90mstdout[2m | src/components/ChatSidebar.stories.jsx[2m > [22m[2mQuiz Generator
[22m[39m[Mock Data] AssistantChat.observeQuery() returning 0 items (filter applied) {
  "sortDirection": "DESC",
  "sortField": "createdAt",
}
[90mstdout[2m | src/components/ChatSidebar.stories.jsx[2m > [22m[2mQuiz Generator
[22m[39m[Mock Data] AssistantChat subscription added. Total subscriptions: 1
[90mstdout[2m | src/components/ChatSidebar.stories.jsx[2m > [22m[2mQuiz Generator
[22m[39m[ChatContext] Waiting for subscription to initialize
[90mstdout[2m | src/components/ChatSidebar.stories.jsx[2m > [22m[2mQuiz Generator
[22m[39m[SettingsContext] Setting up Settings subscription for user: mock-user-sub
[90mstdout[2m | src/components/ChatSidebar.stories.jsx[2m > [22m[2mQuiz Generator
[22m[39m[Mock Data] generateClient() called - returning mock client
[90mstdout[2m | src/components/ChatSidebar.stories.jsx[2m > [22m[2mQuiz Generator
[22m[39m[Mock amplifyClient] getAmplifyClient() called - returning mock client
[90mstdout[2m | src/components/ChatSidebar.stories.jsx[2m > [22m[2mQuiz Generator
[22m[39m[Mock Data] Settings.observeQuery() called with filter: undefined
[90mstdout[2m | src/components/ChatSidebar.stories.jsx[2m > [22m[2mQuiz Generator
[22m[39m[Mock Data] Settings.observeQuery() returning 0 items (filter applied) undefined
[90mstdout[2m | src/components/ChatSidebar.stories.jsx[2m > [22m[2mQuiz Generator
[22m[39m[Mock Data] Settings subscription added. Total subscriptions: 1
[90mstdout[2m | src/components/ChatSidebar.stories.jsx[2m > [22m[2mQuiz Generator
[22m[39m[SectionContext] Initial sections: 0 []
[90mstdout[2m | src/components/ChatSidebar.stories.jsx[2m > [22m[2mQuiz Generator
[22m[39m[Mock Data] Section.onCreate() called with filter: undefined
[90mstdout[2m | src/components/ChatSidebar.stories.jsx[2m > [22m[2mQuiz Generator
[22m[39m[Mock Data] Section.onCreate() subscription added. Total: 1
[90mstdout[2m | src/components/ChatSidebar.stories.jsx[2m > [22m[2mQuiz Generator
[22m[39m[Mock Data] Section.onUpdate() called with filter: undefined
[90mstdout[2m | src/components/ChatSidebar.stories.jsx[2m > [22m[2mQuiz Generator
[22m[39m[Mock Data] Section.onUpdate() subscription added. Total: 1
[90mstdout[2m | src/components/ChatSidebar.stories.jsx[2m > [22m[2mQuiz Generator
[22m[39m[Mock Data] Section.onDelete() called with filter: undefined
[90mstdout[2m | src/components/ChatSidebar.stories.jsx[2m > [22m[2mQuiz Generator
[22m[39m[Mock Data] Section.onDelete() subscription added. Total: 1
[90mstdout[2m | src/components/ChatSidebar.stories.jsx[2m > [22m[2mQuiz Generator
[22m[39m[Mock Data] Assignment.onCreate() called with filter: {
  "filter": {
    "unitID": {
      "eq": "mock-unit-id",
    },
  },
}
[90mstdout[2m | src/components/ChatSidebar.stories.jsx[2m > [22m[2mQuiz Generator
[22m[39m[Mock Data] Assignment.onCreate() subscription added. Total: 1
[90mstdout[2m | src/components/ChatSidebar.stories.jsx[2m > [22m[2mQuiz Generator
[22m[39m[Mock Data] Assignment.onUpdate() called with filter: {
  "filter": {
    "unitID": {
      "eq": "mock-unit-id",
    },
  },
}
[90mstdout[2m | src/components/ChatSidebar.stories.jsx[2m > [22m[2mQuiz Generator
[22m[39m[Mock Data] Assignment.onUpdate() subscription added. Total: 1
[90mstdout[2m | src/components/ChatSidebar.stories.jsx[2m > [22m[2mQuiz Generator
[22m[39m[Mock Data] Assignment.onDelete() called with filter: {
  "filter": {
    "unitID": {
      "eq": "mock-unit-id",
    },
  },
}
[90mstdout[2m | src/components/ChatSidebar.stories.jsx[2m > [22m[2mQuiz Generator
[22m[39m[Mock Data] Assignment.onDelete() subscription added. Total: 1
[90mstdout[2m | src/components/ChatSidebar.stories.jsx[2m > [22m[2mQuiz Generator
[22m[39m[FilesContext] File observeQuery subscription triggered:
[90mstdout[2m | src/components/ChatSidebar.stories.jsx[2m > [22m[2mQuiz Generator
[22m[39m  - items.length: 0
[90mstdout[2m | src/components/ChatSidebar.stories.jsx[2m > [22m[2mQuiz Generator
[22m[39m  - isSynced: true
[90mstdout[2m | src/components/ChatSidebar.stories.jsx[2m > [22m[2mQuiz Generator
[22m[39m  - items: []
[90mstdout[2m | src/components/ChatSidebar.stories.jsx[2m > [22m[2mQuiz Generator
[22m[39m[Mock Data] seedMockAssistantChats: Replacing with 1 assistant chats
[90mstdout[2m | src/components/ChatSidebar.stories.jsx[2m > [22m[2mQuiz Generator
[22m[39m[Mock Data] Notifying 1 AssistantChat subscriptions
[90mstderr[2m | src/components/ChatSidebar.stories.jsx[2m > [22m[2mQuiz Generator
[22m[39m[useTabContext] Used outside of TabProvider, returning default values
[90mstdout[2m | src/components/ChatSidebar.stories.jsx[2m > [22m[2mQuiz Generator
[22m[39m[ChatSidebar] Registered client-side tools: [
  "search_content",
  "create_section",
  "create_unit",
  "create_assignment",
  "add_timer_to_unit",
  "create_vocabulary_word",
  "create_question",
  "list_sections",
  "list_units",
  "get_unit_details",
  "update_unit",
  "delete_assignment",
]
[90mstdout[2m | src/components/ChatSidebar.stories.jsx[2m > [22m[2mQuiz Generator
[22m[39m[useTranslationWithCapture] t() called: {
  "key": "chatSidebar.aiAssistant",
  "mode": "off",
  "namespace": "components",
  "value": "AI Assistant",
}
[90mstdout[2m | src/components/ChatSidebar.stories.jsx[2m > [22m[2mQuiz Generator
[22m[39m[useTranslationWithCapture] t() called: {
  "key": "chatSidebar.newChat",
  "mode": "off",
  "namespace": "components",
  "value": "New chat",
}
[90mstdout[2m | src/components/ChatSidebar.stories.jsx[2m > [22m[2mQuiz Generator
[22m[39m[useTranslationWithCapture] t() called: {
  "key": "chatSidebar.archiveChat",
  "mode": "off",
  "namespace": "components",
  "value": "Archive chat",
}
[90mstdout[2m | src/components/ChatSidebar.stories.jsx[2m > [22m[2mQuiz Generator
[22m[39m[useTranslationWithCapture] t() called: {
  "key": "chatSidebar.welcomeMessage",
  "mode": "off",
  "namespace": "components",
  "value": "Ask me anything about your curriculum, files, or content!",
}
[90mstdout[2m | src/components/ChatSidebar.stories.jsx[2m > [22m[2mQuiz Generator
[22m[39m[useTranslationWithCapture] t() called: {
  "key": "chatSidebar.settingUpChat",
  "mode": "off",
  "namespace": "components",
  "value": "Setting up chat...",
}
[90mstdout[2m | src/components/ChatSidebar.stories.jsx[2m > [22m[2mQuiz Generator
[22m[39m[useTranslationWithCapture] t() called: {
  "key": "actions.send",
  "mode": "off",
  "namespace": "components",
  "value": "Send",
}
[90mstdout[2m | src/components/ChatSidebar.stories.jsx[2m > [22m[2mQuiz Generator
[22m[39m[useTranslationWithCapture] t() called: {
  "key": "chatSidebar.reviewImportVocabulary",
  "mode": "off",
  "namespace": "components",
  "value": "Review & Import Vocabulary",
}
[90mstdout[2m | src/components/ChatSidebar.stories.jsx[2m > [22m[2mQuiz Generator
[22m[39m[useTranslationWithCapture] t() called: {
  "key": "chatSidebar.confirm",
  "mode": "off",
  "namespace": "components",
  "value": "Confirm",
}
[90mstdout[2m | src/components/ChatSidebar.stories.jsx[2m > [22m[2mQuiz Generator
[22m[39m[useTranslationWithCapture] t() called: {
  "key": "chatSidebar.cancel",
  "mode": "off",
  "namespace": "components",
  "value": "Cancel",
}
[90mstdout[2m | src/components/ChatSidebar.stories.jsx[2m > [22m[2mQuiz Generator
[22m[39m[chatTools] Vector store search function registered: true
[90mstdout[2m | src/components/ChatSidebar.stories.jsx[2m > [22m[2mQuiz Generator
[22m[39m[ChatSidebar] Registered vector store search, isReady: false
[90mstdout[2m | src/components/ChatSidebar.stories.jsx[2m > [22m[2mQuiz Generator
[22m[39m[ChatSidebar] Setting up Document subscription for user: undefined
[90mstdout[2m | src/components/ChatSidebar.stories.jsx[2m > [22m[2mQuiz Generator
[22m[39m[Mock Data] generateClient() called - returning mock client
[90mstdout[2m | src/components/ChatSidebar.stories.jsx[2m > [22m[2mQuiz Generator
[22m[39m[Mock amplifyClient] getAmplifyClient() called - returning mock client
[90mstdout[2m | src/components/ChatSidebar.stories.jsx[2m > [22m[2mQuiz Generator
[22m[39m[Mock Data] Document.observeQuery() called with filter: undefined
[90mstdout[2m | src/components/ChatSidebar.stories.jsx[2m > [22m[2mQuiz Generator
[22m[39m[Mock Data] Document.observeQuery() returning 0 items (filter applied) undefined
[90mstdout[2m | src/components/ChatSidebar.stories.jsx[2m > [22m[2mQuiz Generator
[22m[39m[Mock Data] Document subscription added. Total subscriptions: 2
[90mstdout[2m | src/components/ChatSidebar.stories.jsx[2m > [22m[2mQuiz Generator
[22m[39m[ChatContext] AssistantChat query update: 0 items (synced)
[90mstdout[2m | src/components/ChatSidebar.stories.jsx[2m > [22m[2mQuiz Generator
[22m[39m[ChatContext] AssistantChat subscription initialized
[90mstdout[2m | src/components/ChatSidebar.stories.jsx[2m > [22m[2mQuiz Generator
[22m[39m[ChatContext] AssistantChat list updated: 0 chats
[90mstdout[2m | src/components/ChatSidebar.stories.jsx[2m > [22m[2mQuiz Generator
[22m[39m[ChatContext] AssistantChat query update: 1 items (synced)
[90mstdout[2m | src/components/ChatSidebar.stories.jsx[2m > [22m[2mQuiz Generator
[22m[39m[ChatContext] First item details: {
  "id": "quiz-chat",
  "updatedAt": "2026-04-16T10:56:18.168Z",
}
[90mstdout[2m | src/components/ChatSidebar.stories.jsx[2m > [22m[2mQuiz Generator
[22m[39m[ChatContext] AssistantChat list updated: 1 chats
[90mstdout[2m | src/components/ChatSidebar.stories.jsx[2m > [22m[2mQuiz Generator
[22m[39m[ChatContext] No chats found, clearing current chat - new one will be created
[90mstdout[2m | src/components/ChatSidebar.stories.jsx[2m > [22m[2mQuiz Generator
[22m[39m[ChatContext] Setting initial chat: quiz-chat
[90mstderr[2m | src/components/ChatSidebar.stories.jsx[2m > [22m[2mQuiz Generator
[22m[39m[useTabContext] Used outside of TabProvider, returning default values
[90mstdout[2m | src/components/ChatSidebar.stories.jsx[2m > [22m[2mQuiz Generator
[22m[39m[useTranslationWithCapture] t() called: {
  "key": "chatSidebar.aiAssistant",
  "mode": "off",
  "namespace": "components",
  "value": "AI Assistant",
}
[90mstdout[2m | src/components/ChatSidebar.stories.jsx[2m > [22m[2mQuiz Generator
[22m[39m[useTranslationWithCapture] t() called: {
  "key": "chatSidebar.newChat",
  "mode": "off",
  "namespace": "components",
  "value": "New chat",
}
[90mstdout[2m | src/components/ChatSidebar.stories.jsx[2m > [22m[2mQuiz Generator
[22m[39m[useTranslationWithCapture] t() called: {
  "key": "chatSidebar.archiveChat",
  "mode": "off",
  "namespace": "components",
  "value": "Archive chat",
}
[90mstdout[2m | src/components/ChatSidebar.stories.jsx[2m > [22m[2mQuiz Generator
[22m[39m[useTranslationWithCapture] t() called: {
  "key": "chatSidebar.welcomeMessage",
  "mode": "off",
  "namespace": "components",
  "value": "Ask me anything about your curriculum, files, or content!",
}
[90mstdout[2m | src/components/ChatSidebar.stories.jsx[2m > [22m[2mQuiz Generator
[22m[39m[useTranslationWithCapture] t() called: {
  "key": "chatSidebar.askMeAnything",
  "mode": "off",
  "namespace": "components",
  "value": "Ask me anything...",
}
[90mstdout[2m | src/components/ChatSidebar.stories.jsx[2m > [22m[2mQuiz Generator
[22m[39m[useTranslationWithCapture] t() called: {
  "key": "actions.send",
  "mode": "off",
  "namespace": "components",
  "value": "Send",
}
[90mstdout[2m | src/components/ChatSidebar.stories.jsx[2m > [22m[2mQuiz Generator
[22m[39m[useTranslationWithCapture] t() called: {
  "key": "chatSidebar.reviewImportVocabulary",
  "mode": "off",
  "namespace": "components",
  "value": "Review & Import Vocabulary",
}
[90mstdout[2m | src/components/ChatSidebar.stories.jsx[2m > [22m[2mQuiz Generator
[22m[39m[useTranslationWithCapture] t() called: {
  "key": "chatSidebar.confirm",
  "mode": "off",
  "namespace": "components",
  "value": "Confirm",
}
[90mstdout[2m | src/components/ChatSidebar.stories.jsx[2m > [22m[2mQuiz Generator
[22m[39m[useTranslationWithCapture] t() called: {
  "key": "chatSidebar.cancel",
  "mode": "off",
  "namespace": "components",
  "value": "Cancel",
}
[90mstdout[2m | src/components/ChatSidebar.stories.jsx[2m > [22m[2mQuiz Generator
[22m[39m[ChatSidebar] Loading messages for chat: quiz-chat count: 3
[90mstdout[2m | src/components/ChatSidebar.stories.jsx[2m > [22m[2mQuiz Generator
[22m[39m[ChatSidebar] deepCloneMessages: cloned 3 messages
[90mstdout[2m | src/components/ChatSidebar.stories.jsx[2m > [22m[2mQuiz Generator
[22m[39m[Mock Data] generateClient() called - returning mock client
[90mstdout[2m | src/components/ChatSidebar.stories.jsx[2m > [22m[2mQuiz Generator
[22m[39m[Mock amplifyClient] getAmplifyClient() called - returning mock client
[90mstdout[2m | src/components/ChatSidebar.stories.jsx[2m > [22m[2mQuiz Generator
[22m[39m[Mock Data] AssistantChatFile.list() called with options: {
  "filter": {
    "chatID": {
      "eq": "quiz-chat",
    },
  },
}
[90mstdout[2m | src/components/ChatSidebar.stories.jsx[2m > [22m[2mQuiz Generator
[22m[39m[ChatContext] Chat exists and not archived, skipping creation
[90mstderr[2m | src/components/ChatSidebar.stories.jsx[2m > [22m[2mQuiz Generator
[22m[39m[useTabContext] Used outside of TabProvider, returning default values
[90mstdout[2m | src/components/ChatSidebar.stories.jsx[2m > [22m[2mQuiz Generator
[22m[39m[ChatSidebar] useChat status: ready messages: 3 toolCalls: 0
[90mstdout[2m | src/components/ChatSidebar.stories.jsx[2m > [22m[2mQuiz Generator
[22m[39m[useTranslationWithCapture] t() called: {
  "key": "chatSidebar.aiAssistant",
  "mode": "off",
  "namespace": "components",
  "value": "AI Assistant",
}
[90mstdout[2m | src/components/ChatSidebar.stories.jsx[2m > [22m[2mQuiz Generator
[22m[39m[useTranslationWithCapture] t() called: {
  "key": "chatSidebar.newChat",
  "mode": "off",
  "namespace": "components",
  "value": "New chat",
}
[90mstdout[2m | src/components/ChatSidebar.stories.jsx[2m > [22m[2mQuiz Generator
[22m[39m[useTranslationWithCapture] t() called: {
  "key": "chatSidebar.archiveChat",
  "mode": "off",
  "namespace": "components",
  "value": "Archive chat",
}
[90mstdout[2m | src/components/ChatSidebar.stories.jsx[2m > [22m[2mQuiz Generator
[22m[39m[useTranslationWithCapture] t() called: {
  "key": "chatSidebar.welcomeMessage",
  "mode": "off",
  "namespace": "components",
  "value": "Ask me anything about your curriculum, files, or content!",
}
[90mstdout[2m | src/components/ChatSidebar.stories.jsx[2m > [22m[2mQuiz Generator
[22m[39m[useTranslationWithCapture] t() called: {
  "key": "chatSidebar.askMeAnything",
  "mode": "off",
  "namespace": "components",
  "value": "Ask me anything...",
}
[90mstdout[2m | src/components/ChatSidebar.stories.jsx[2m > [22m[2mQuiz Generator
[22m[39m[useTranslationWithCapture] t() called: {
  "key": "actions.send",
  "mode": "off",
  "namespace": "components",
  "value": "Send",
}
[90mstdout[2m | src/components/ChatSidebar.stories.jsx[2m > [22m[2mQuiz Generator
[22m[39m[useTranslationWithCapture] t() called: {
  "key": "chatSidebar.reviewImportVocabulary",
  "mode": "off",
  "namespace": "components",
  "value": "Review & Import Vocabulary",
}
[90mstdout[2m | src/components/ChatSidebar.stories.jsx[2m > [22m[2mQuiz Generator
[22m[39m[useTranslationWithCapture] t() called: {
  "key": "chatSidebar.confirm",
  "mode": "off",
  "namespace": "components",
  "value": "Confirm",
}
[90mstdout[2m | src/components/ChatSidebar.stories.jsx[2m > [22m[2mQuiz Generator
[22m[39m[useTranslationWithCapture] t() called: {
  "key": "chatSidebar.cancel",
  "mode": "off",
  "namespace": "components",
  "value": "Cancel",
}
[90mstdout[2m | src/components/ChatSidebar.stories.jsx[2m > [22m[2mQuiz Generator
[22m[39m[useTranslationWithCapture] t() called: {
  "key": "chatSidebar.messageList.chatMessagesLabel",
  "mode": "off",
  "namespace": "components",
  "value": "Chat messages",
}
[90mstdout[2m | src/components/ChatSidebar.stories.jsx[2m > [22m[2mQuiz Generator
[22m[39m[useTranslationWithCapture] t() called: {
  "key": "chatSidebar.messageList.chatMessagesLabel",
  "mode": "off",
  "namespace": "components",
  "value": "Chat messages",
}
[90mstdout[2m | src/components/ChatSidebar.stories.jsx[2m > [22m[2mQuiz Generator
[22m[39m[useTranslationWithCapture] t() called: {
  "key": "aiFeedbackWidget.whatToImprove",
  "mode": "off",
  "namespace": "components",
  "value": "What could be improved?",
}
[90mstdout[2m | src/components/ChatSidebar.stories.jsx[2m > [22m[2mQuiz Generator
[22m[39m[useTranslationWithCapture] t() called: {
  "key": "aiFeedbackWidget.selectAllThatApply",
  "mode": "off",
  "namespace": "components",
  "value": "Select all that apply:",
}
[90mstdout[2m | src/components/ChatSidebar.stories.jsx[2m > [22m[2mQuiz Generator
[22m[39m[useTranslationWithCapture] t() called: {
  "key": "aiFeedbackWidget.cancel",
  "mode": "off",
  "namespace": "components",
  "value": "Cancel",
}
[90mstdout[2m | src/components/ChatSidebar.stories.jsx[2m > [22m[2mQuiz Generator
[22m[39m[useTranslationWithCapture] t() called: {
  "key": "aiFeedbackWidget.submit",
  "mode": "off",
  "namespace": "components",
  "value": "Submit",
}
[90mstdout[2m | src/components/ChatSidebar.stories.jsx[2m > [22m[2mQuiz Generator
[22m[39mQuestionBlockRo.grade undefined
[90mstdout[2m | src/components/ChatSidebar.stories.jsx[2m > [22m[2mQuiz Generator
[22m[39m......!q {
  "answer": "き (ki)",
  "correct": false,
  "id": "q1-a",
  "question": "Which hiragana character represents the sound "ka"?",
}
[90mstdout[2m | src/components/ChatSidebar.stories.jsx[2m > [22m[2mQuiz Generator
[22m[39m......!q {
  "answer": "か (ka)",
  "correct": true,
  "id": "q1-b",
  "question": "Which hiragana character represents the sound "ka"?",
}
[90mstdout[2m | src/components/ChatSidebar.stories.jsx[2m > [22m[2mQuiz Generator
[22m[39m......!q {
  "answer": "く (ku)",
  "correct": false,
  "id": "q1-c",
  "question": "Which hiragana character represents the sound "ka"?",
}
[90mstdout[2m | src/components/ChatSidebar.stories.jsx[2m > [22m[2mQuiz Generator
[22m[39m......!q {
  "answer": "け (ke)",
  "correct": false,
  "id": "q1-d",
  "question": "Which hiragana character represents the sound "ka"?",
}
[90mstdout[2m | src/components/ChatSidebar.stories.jsx[2m > [22m[2mQuiz Generator
[22m[39mQuestionBlock.nodeKey preview-quiz-0 type: string
[90mstdout[2m | src/components/ChatSidebar.stories.jsx[2m > [22m[2mQuiz Generator
[22m[39mQuestionBlock.questionContent [
  {
    "answer": "き (ki)",
    "correct": false,
    "id": "q1-a",
    "question": "Which hiragana character represents the sound "ka"?",
  },
  {
    "answer": "か (ka)",
    "correct": true,
    "id": "q1-b",
    "question": "Which hiragana character represents the sound "ka"?",
  },
  {
    "answer": "く (ku)",
    "correct": false,
    "id": "q1-c",
    "question": "Which hiragana character represents the sound "ka"?",
  },
  {
    "answer": "け (ke)",
    "correct": false,
    "id": "q1-d",
    "question": "Which hiragana character represents the sound "ka"?",
  },
]
[90mstdout[2m | src/components/ChatSidebar.stories.jsx[2m > [22m[2mQuiz Generator
[22m[39mQuestionBlock.grade.data keys: []
[90mstdout[2m | src/components/ChatSidebar.stories.jsx[2m > [22m[2mQuiz Generator
[22m[39mQuestionBlock.grade.data[nodeKey]: undefined
[90mstdout[2m | src/components/ChatSidebar.stories.jsx[2m > [22m[2mQuiz Generator
[22m[39mQuestionBlockRo.inProgress {}
[90mstdout[2m | src/components/ChatSidebar.stories.jsx[2m > [22m[2mQuiz Generator
[22m[39m[useTranslationWithCapture] t() called: {
  "key": "quizComponent.gradeDisplay",
  "mode": "off",
  "namespace": "workbook",
  "value": "Grade: 0%",
}
[90mstdout[2m | src/components/ChatSidebar.stories.jsx[2m > [22m[2mQuiz Generator
[22m[39mQuestionBlockRo.grade undefined
[90mstdout[2m | src/components/ChatSidebar.stories.jsx[2m > [22m[2mQuiz Generator
[22m[39m......!q {
  "answer": "shi",
  "correct": false,
  "id": "q2-a",
  "question": "What sound does the hiragana "す" make?",
}
[90mstdout[2m | src/components/ChatSidebar.stories.jsx[2m > [22m[2mQuiz Generator
[22m[39m......!q {
  "answer": "su",
  "correct": true,
  "id": "q2-b",
  "question": "What sound does the hiragana "す" make?",
}
[90mstdout[2m | src/components/ChatSidebar.stories.jsx[2m > [22m[2mQuiz Generator
[22m[39m......!q {
  "answer": "sa",
  "correct": false,
  "id": "q2-c",
  "question": "What sound does the hiragana "す" make?",
}
[90mstdout[2m | src/components/ChatSidebar.stories.jsx[2m > [22m[2mQuiz Generator
[22m[39m......!q {
  "answer": "se",
  "correct": false,
  "id": "q2-d",
  "question": "What sound does the hiragana "す" make?",
}
[90mstdout[2m | src/components/ChatSidebar.stories.jsx[2m > [22m[2mQuiz Generator
[22m[39mQuestionBlock.nodeKey preview-quiz-1 type: string
[90mstdout[2m | src/components/ChatSidebar.stories.jsx[2m > [22m[2mQuiz Generator
[22m[39mQuestionBlock.questionContent [
  {
    "answer": "shi",
    "correct": false,
    "id": "q2-a",
    "question": "What sound does the hiragana "す" make?",
  },
  {
    "answer": "su",
    "correct": true,
    "id": "q2-b",
    "question": "What sound does the hiragana "す" make?",
  },
  {
    "answer": "sa",
    "correct": false,
    "id": "q2-c",
    "question": "What sound does the hiragana "す" make?",
  },
  {
    "answer": "se",
    "correct": false,
    "id": "q2-d",
    "question": "What sound does the hiragana "す" make?",
  },
]
[90mstdout[2m | src/components/ChatSidebar.stories.jsx[2m > [22m[2mQuiz Generator
[22m[39mQuestionBlock.grade.data keys: []
[90mstdout[2m | src/components/ChatSidebar.stories.jsx[2m > [22m[2mQuiz Generator
[22m[39mQuestionBlock.grade.data[nodeKey]: undefined
[90mstdout[2m | src/components/ChatSidebar.stories.jsx[2m > [22m[2mQuiz Generator
[22m[39mQuestionBlockRo.inProgress {}
[90mstdout[2m | src/components/ChatSidebar.stories.jsx[2m > [22m[2mQuiz Generator
[22m[39m[useTranslationWithCapture] t() called: {
  "key": "quizComponent.gradeDisplay",
  "mode": "off",
  "namespace": "workbook",
  "value": "Grade: 0%",
}
[90mstdout[2m | src/components/ChatSidebar.stories.jsx[2m > [22m[2mQuiz Generator
[22m[39mQuestionBlockRo.grade undefined
[90mstdout[2m | src/components/ChatSidebar.stories.jsx[2m > [22m[2mQuiz Generator
[22m[39m......!q {
  "answer": "ん",
  "correct": true,
  "id": "q3-a",
  "question": "Which of these is the correct hiragana for "n"?",
}
[90mstdout[2m | src/components/ChatSidebar.stories.jsx[2m > [22m[2mQuiz Generator
[22m[39m......!q {
  "answer": "を",
  "correct": false,
  "id": "q3-b",
  "question": "Which of these is the correct hiragana for "n"?",
}
[90mstdout[2m | src/components/ChatSidebar.stories.jsx[2m > [22m[2mQuiz Generator
[22m[39m......!q {
  "answer": "ね",
  "correct": false,
  "id": "q3-c",
  "question": "Which of these is the correct hiragana for "n"?",
}
[90mstdout[2m | src/components/ChatSidebar.stories.jsx[2m > [22m[2mQuiz Generator
[22m[39m......!q {
  "answer": "に",
  "correct": false,
  "id": "q3-d",
  "question": "Which of these is the correct hiragana for "n"?",
}
[90mstdout[2m | src/components/ChatSidebar.stories.jsx[2m > [22m[2mQuiz Generator
[22m[39mQuestionBlock.nodeKey preview-quiz-2 type: string
[90mstdout[2m | src/components/ChatSidebar.stories.jsx[2m > [22m[2mQuiz Generator
[22m[39mQuestionBlock.questionContent [
  {
    "answer": "ん",
    "correct": true,
    "id": "q3-a",
    "question": "Which of these is the correct hiragana for "n"?",
  },
  {
    "answer": "を",
    "correct": false,
    "id": "q3-b",
    "question": "Which of these is the correct hiragana for "n"?",
  },
  {
    "answer": "ね",
    "correct": false,
    "id": "q3-c",
    "question": "Which of these is the correct hiragana for "n"?",
  },
  {
    "answer": "に",
    "correct": false,
    "id": "q3-d",
    "question": "Which of these is the correct hiragana for "n"?",
  },
]
[90mstdout[2m | src/components/ChatSidebar.stories.jsx[2m > [22m[2mQuiz Generator
[22m[39mQuestionBlock.grade.data keys: []
[90mstdout[2m | src/components/ChatSidebar.stories.jsx[2m > [22m[2mQuiz Generator
[22m[39mQuestionBlock.grade.data[nodeKey]: undefined
[90mstdout[2m | src/components/ChatSidebar.stories.jsx[2m > [22m[2mQuiz Generator
[22m[39mQuestionBlockRo.inProgress {}
[90mstdout[2m | src/components/ChatSidebar.stories.jsx[2m > [22m[2mQuiz Generator
[22m[39m[useTranslationWithCapture] t() called: {
  "key": "quizComponent.gradeDisplay",
  "mode": "off",
  "namespace": "workbook",
  "value": "Grade: 0%",
}
[90mstdout[2m | src/components/ChatSidebar.stories.jsx[2m > [22m[2mQuiz Generator
[22m[39m[useTranslationWithCapture] t() called: {
  "key": "aiFeedbackWidget.whatToImprove",
  "mode": "off",
  "namespace": "components",
  "value": "What could be improved?",
}
[90mstdout[2m | src/components/ChatSidebar.stories.jsx[2m > [22m[2mQuiz Generator
[22m[39m[useTranslationWithCapture] t() called: {
  "key": "aiFeedbackWidget.selectAllThatApply",
  "mode": "off",
  "namespace": "components",
  "value": "Select all that apply:",
}
[90mstdout[2m | src/components/ChatSidebar.stories.jsx[2m > [22m[2mQuiz Generator
[22m[39m[useTranslationWithCapture] t() called: {
  "key": "aiFeedbackWidget.cancel",
  "mode": "off",
  "namespace": "components",
  "value": "Cancel",
}
[90mstdout[2m | src/components/ChatSidebar.stories.jsx[2m > [22m[2mQuiz Generator
[22m[39m[useTranslationWithCapture] t() called: {
  "key": "aiFeedbackWidget.submit",
  "mode": "off",
  "namespace": "components",
  "value": "Submit",
}
[90mstdout[2m | src/components/ChatSidebar.stories.jsx[2m > [22m[2mQuiz Generator
[22m[39m[useTranslationWithCapture] t() called: {
  "key": "chatSidebar.messageList.chatMessagesLabel",
  "mode": "off",
  "namespace": "components",
  "value": "Chat messages",
}
[90mstdout[2m | src/components/ChatSidebar.stories.jsx[2m > [22m[2mQuiz Generator
[22m[39m[useTranslationWithCapture] t() called: {
  "key": "aiFeedbackWidget.whatToImprove",
  "mode": "off",
  "namespace": "components",
  "value": "What could be improved?",
}
[90mstdout[2m | src/components/ChatSidebar.stories.jsx[2m > [22m[2mQuiz Generator
[22m[39m[useTranslationWithCapture] t() called: {
  "key": "aiFeedbackWidget.selectAllThatApply",
  "mode": "off",
  "namespace": "components",
  "value": "Select all that apply:",
}
[90mstdout[2m | src/components/ChatSidebar.stories.jsx[2m > [22m[2mQuiz Generator
[22m[39m[useTranslationWithCapture] t() called: {
  "key": "aiFeedbackWidget.cancel",
  "mode": "off",
  "namespace": "components",
  "value": "Cancel",
}
[90mstdout[2m | src/components/ChatSidebar.stories.jsx[2m > [22m[2mQuiz Generator
[22m[39m[useTranslationWithCapture] t() called: {
  "key": "aiFeedbackWidget.submit",
  "mode": "off",
  "namespace": "components",
  "value": "Submit",
}
[90mstdout[2m | src/components/ChatSidebar.stories.jsx[2m > [22m[2mQuiz Generator
[22m[39mQuestionBlockRo.grade undefined
[90mstdout[2m | src/components/ChatSidebar.stories.jsx[2m > [22m[2mQuiz Generator
[22m[39m......!q {
  "answer": "き (ki)",
  "correct": false,
  "id": "q1-a",
  "question": "Which hiragana character represents the sound "ka"?",
}
[90mstdout[2m | src/components/ChatSidebar.stories.jsx[2m > [22m[2mQuiz Generator
[22m[39m......!q {
  "answer": "か (ka)",
  "correct": true,
  "id": "q1-b",
  "question": "Which hiragana character represents the sound "ka"?",
}
[90mstdout[2m | src/components/ChatSidebar.stories.jsx[2m > [22m[2mQuiz Generator
[22m[39m......!q {
  "answer": "く (ku)",
  "correct": false,
  "id": "q1-c",
  "question": "Which hiragana character represents the sound "ka"?",
}
[90mstdout[2m | src/components/ChatSidebar.stories.jsx[2m > [22m[2mQuiz Generator
[22m[39m......!q {
  "answer": "け (ke)",
  "correct": false,
  "id": "q1-d",
  "question": "Which hiragana character represents the sound "ka"?",
}
[90mstdout[2m | src/components/ChatSidebar.stories.jsx[2m > [22m[2mQuiz Generator
[22m[39mQuestionBlock.nodeKey preview-quiz-0 type: string
[90mstdout[2m | src/components/ChatSidebar.stories.jsx[2m > [22m[2mQuiz Generator
[22m[39mQuestionBlock.questionContent [
  {
    "answer": "き (ki)",
    "correct": false,
    "id": "q1-a",
    "question": "Which hiragana character represents the sound "ka"?",
  },
  {
    "answer": "か (ka)",
    "correct": true,
    "id": "q1-b",
    "question": "Which hiragana character represents the sound "ka"?",
  },
  {
    "answer": "く (ku)",
    "correct": false,
    "id": "q1-c",
    "question": "Which hiragana character represents the sound "ka"?",
  },
  {
    "answer": "け (ke)",
    "correct": false,
    "id": "q1-d",
    "question": "Which hiragana character represents the sound "ka"?",
  },
]
[90mstdout[2m | src/components/ChatSidebar.stories.jsx[2m > [22m[2mQuiz Generator
[22m[39mQuestionBlock.grade.data keys: []
[90mstdout[2m | src/components/ChatSidebar.stories.jsx[2m > [22m[2mQuiz Generator
[22m[39mQuestionBlock.grade.data[nodeKey]: undefined
[90mstdout[2m | src/components/ChatSidebar.stories.jsx[2m > [22m[2mQuiz Generator
[22m[39mQuestionBlockRo.inProgress {}
[90mstdout[2m | src/components/ChatSidebar.stories.jsx[2m > [22m[2mQuiz Generator
[22m[39m[useTranslationWithCapture] t() called: {
  "key": "quizComponent.gradeDisplay",
  "mode": "off",
  "namespace": "workbook",
  "value": "Grade: 0%",
}
[90mstdout[2m | src/components/ChatSidebar.stories.jsx[2m > [22m[2mQuiz Generator
[22m[39mQuestionBlockRo.grade undefined
[90mstdout[2m | src/components/ChatSidebar.stories.jsx[2m > [22m[2mQuiz Generator
[22m[39m......!q {
  "answer": "shi",
  "correct": false,
  "id": "q2-a",
  "question": "What sound does the hiragana "す" make?",
}
[90mstdout[2m | src/components/ChatSidebar.stories.jsx[2m > [22m[2mQuiz Generator
[22m[39m......!q {
  "answer": "su",
  "correct": true,
  "id": "q2-b",
  "question": "What sound does the hiragana "す" make?",
}
[90mstdout[2m | src/components/ChatSidebar.stories.jsx[2m > [22m[2mQuiz Generator
[22m[39m......!q {
  "answer": "sa",
  "correct": false,
  "id": "q2-c",
  "question": "What sound does the hiragana "す" make?",
}
[90mstdout[2m | src/components/ChatSidebar.stories.jsx[2m > [22m[2mQuiz Generator
[22m[39m......!q {
  "answer": "se",
  "correct": false,
  "id": "q2-d",
  "question": "What sound does the hiragana "す" make?",
}
[90mstdout[2m | src/components/ChatSidebar.stories.jsx[2m > [22m[2mQuiz Generator
[22m[39mQuestionBlock.nodeKey preview-quiz-1 type: string
[90mstdout[2m | src/components/ChatSidebar.stories.jsx[2m > [22m[2mQuiz Generator
[22m[39mQuestionBlock.questionContent [
  {
    "answer": "shi",
    "correct": false,
    "id": "q2-a",
    "question": "What sound does the hiragana "す" make?",
  },
  {
    "answer": "su",
    "correct": true,
    "id": "q2-b",
    "question": "What sound does the hiragana "す" make?",
  },
  {
    "answer": "sa",
    "correct": false,
    "id": "q2-c",
    "question": "What sound does the hiragana "す" make?",
  },
  {
    "answer": "se",
    "correct": false,
    "id": "q2-d",
    "question": "What sound does the hiragana "す" make?",
  },
]
[90mstdout[2m | src/components/ChatSidebar.stories.jsx[2m > [22m[2mQuiz Generator
[22m[39mQuestionBlock.grade.data keys: []
[90mstdout[2m | src/components/ChatSidebar.stories.jsx[2m > [22m[2mQuiz Generator
[22m[39mQuestionBlock.grade.data[nodeKey]: undefined
[90mstdout[2m | src/components/ChatSidebar.stories.jsx[2m > [22m[2mQuiz Generator
[22m[39mQuestionBlockRo.inProgress {}
[90mstdout[2m | src/components/ChatSidebar.stories.jsx[2m > [22m[2mQuiz Generator
[22m[39m[useTranslationWithCapture] t() called: {
  "key": "quizComponent.gradeDisplay",
  "mode": "off",
  "namespace": "workbook",
  "value": "Grade: 0%",
}
[90mstdout[2m | src/components/ChatSidebar.stories.jsx[2m > [22m[2mQuiz Generator
[22m[39mQuestionBlockRo.grade undefined
[90mstdout[2m | src/components/ChatSidebar.stories.jsx[2m > [22m[2mQuiz Generator
[22m[39m......!q {
  "answer": "ん",
  "correct": true,
  "id": "q3-a",
  "question": "Which of these is the correct hiragana for "n"?",
}
[90mstdout[2m | src/components/ChatSidebar.stories.jsx[2m > [22m[2mQuiz Generator
[22m[39m......!q {
  "answer": "を",
  "correct": false,
  "id": "q3-b",
  "question": "Which of these is the correct hiragana for "n"?",
}
[90mstdout[2m | src/components/ChatSidebar.stories.jsx[2m > [22m[2mQuiz Generator
[22m[39m......!q {
  "answer": "ね",
  "correct": false,
  "id": "q3-c",
  "question": "Which of these is the correct hiragana for "n"?",
}
[90mstdout[2m | src/components/ChatSidebar.stories.jsx[2m > [22m[2mQuiz Generator
[22m[39m......!q {
  "answer": "に",
  "correct": false,
  "id": "q3-d",
  "question": "Which of these is the correct hiragana for "n"?",
}
[90mstdout[2m | src/components/ChatSidebar.stories.jsx[2m > [22m[2mQuiz Generator
[22m[39mQuestionBlock.nodeKey preview-quiz-2 type: string
[90mstdout[2m | src/components/ChatSidebar.stories.jsx[2m > [22m[2mQuiz Generator
[22m[39mQuestionBlock.questionContent [
  {
    "answer": "ん",
    "correct": true,
    "id": "q3-a",
    "question": "Which of these is the correct hiragana for "n"?",
  },
  {
    "answer": "を",
    "correct": false,
    "id": "q3-b",
    "question": "Which of these is the correct hiragana for "n"?",
  },
  {
    "answer": "ね",
    "correct": false,
    "id": "q3-c",
    "question": "Which of these is the correct hiragana for "n"?",
  },
  {
    "answer": "に",
    "correct": false,
    "id": "q3-d",
    "question": "Which of these is the correct hiragana for "n"?",
  },
]
[90mstdout[2m | src/components/ChatSidebar.stories.jsx[2m > [22m[2mQuiz Generator
[22m[39mQuestionBlock.grade.data keys: []
[90mstdout[2m | src/components/ChatSidebar.stories.jsx[2m > [22m[2mQuiz Generator
[22m[39mQuestionBlock.grade.data[nodeKey]: undefined
[90mstdout[2m | src/components/ChatSidebar.stories.jsx[2m > [22m[2mQuiz Generator
[22m[39mQuestionBlockRo.inProgress {}
[90mstdout[2m | src/components/ChatSidebar.stories.jsx[2m > [22m[2mQuiz Generator
[22m[39m[useTranslationWithCapture] t() called: {
  "key": "quizComponent.gradeDisplay",
  "mode": "off",
  "namespace": "workbook",
  "value": "Grade: 0%",
}
[90mstdout[2m | src/components/ChatSidebar.stories.jsx[2m > [22m[2mQuiz Generator
[22m[39m[useTranslationWithCapture] t() called: {
  "key": "aiFeedbackWidget.whatToImprove",
  "mode": "off",
  "namespace": "components",
  "value": "What could be improved?",
}
[90mstdout[2m | src/components/ChatSidebar.stories.jsx[2m > [22m[2mQuiz Generator
[22m[39m[useTranslationWithCapture] t() called: {
  "key": "aiFeedbackWidget.selectAllThatApply",
  "mode": "off",
  "namespace": "components",
  "value": "Select all that apply:",
}
[90mstdout[2m | src/components/ChatSidebar.stories.jsx[2m > [22m[2mQuiz Generator
[22m[39m[useTranslationWithCapture] t() called: {
  "key": "aiFeedbackWidget.cancel",
  "mode": "off",
  "namespace": "components",
  "value": "Cancel",
}
[90mstdout[2m | src/components/ChatSidebar.stories.jsx[2m > [22m[2mQuiz Generator
[22m[39m[useTranslationWithCapture] t() called: {
  "key": "aiFeedbackWidget.submit",
  "mode": "off",
  "namespace": "components",
  "value": "Submit",
}
[90mstdout[2m | src/components/ChatSidebar.stories.jsx[2m > [22m[2mQuiz Generator
[22m[39m[Mock Data] Settings.create() called with: {
  "assistantVoice": "shimmer",
  "autoAnalyzeDocuments": true,
  "defaultAIModel": "gpt-4",
  "documentAnalysisModel": "gpt-4",
  "editorFontSize": 14,
  "editorTheme": "auto",
  "emailNotifications": true,
  "language": "en",
  "webhookNotifications": false,
}
[90mstdout[2m | src/components/ChatSidebar.stories.jsx[2m > [22m[2mQuiz Generator
[22m[39m[Mock Data] Settings created: mock-settings-1776336978389 - notified 1 subscribers
[90mstderr[2m | src/components/ChatSidebar.stories.jsx[2m > [22m[2mQuiz Generator
[22m[39m[useTabContext] Used outside of TabProvider, returning default values
[90mstdout[2m | src/components/ChatSidebar.stories.jsx[2m > [22m[2mQuiz Generator
[22m[39m[ChatSidebar] useChat status: ready messages: 3 toolCalls: 0
[90mstdout[2m | src/components/ChatSidebar.stories.jsx[2m > [22m[2mQuiz Generator
[22m[39m[useTranslationWithCapture] t() called: {
  "key": "chatSidebar.aiAssistant",
  "mode": "off",
  "namespace": "components",
  "value": "AI Assistant",
}
[90mstdout[2m | src/components/ChatSidebar.stories.jsx[2m > [22m[2mQuiz Generator
[22m[39m[useTranslationWithCapture] t() called: {
  "key": "chatSidebar.newChat",
  "mode": "off",
  "namespace": "components",
  "value": "New chat",
}
[90mstdout[2m | src/components/ChatSidebar.stories.jsx[2m > [22m[2mQuiz Generator
[22m[39m[useTranslationWithCapture] t() called: {
  "key": "chatSidebar.archiveChat",
  "mode": "off",
  "namespace": "components",
  "value": "Archive chat",
}
[90mstdout[2m | src/components/ChatSidebar.stories.jsx[2m > [22m[2mQuiz Generator
[22m[39m[useTranslationWithCapture] t() called: {
  "key": "chatSidebar.welcomeMessage",
  "mode": "off",
  "namespace": "components",
  "value": "Ask me anything about your curriculum, files, or content!",
}
[90mstdout[2m | src/components/ChatSidebar.stories.jsx[2m > [22m[2mQuiz Generator
[22m[39m[useTranslationWithCapture] t() called: {
  "key": "chatSidebar.askMeAnything",
  "mode": "off",
  "namespace": "components",
  "value": "Ask me anything...",
}
[90mstdout[2m | src/components/ChatSidebar.stories.jsx[2m > [22m[2mQuiz Generator
[22m[39m[useTranslationWithCapture] t() called: {
  "key": "actions.send",
  "mode": "off",
  "namespace": "components",
  "value": "Send",
}
[90mstdout[2m | src/components/ChatSidebar.stories.jsx[2m > [22m[2mQuiz Generator
[22m[39m[useTranslationWithCapture] t() called: {
  "key": "chatSidebar.reviewImportVocabulary",
  "mode": "off",
  "namespace": "components",
  "value": "Review & Import Vocabulary",
}
[90mstdout[2m | src/components/ChatSidebar.stories.jsx[2m > [22m[2mQuiz Generator
[22m[39m[useTranslationWithCapture] t() called: {
  "key": "chatSidebar.confirm",
  "mode": "off",
  "namespace": "components",
  "value": "Confirm",
}
[90mstdout[2m | src/components/ChatSidebar.stories.jsx[2m > [22m[2mQuiz Generator
[22m[39m[useTranslationWithCapture] t() called: {
  "key": "chatSidebar.cancel",
  "mode": "off",
  "namespace": "components",
  "value": "Cancel",
}
[90mstdout[2m | src/components/ChatSidebar.stories.jsx[2m > [22m[2mQuiz Generator
[22m[39m[useTranslationWithCapture] t() called: {
  "key": "chatSidebar.messageList.chatMessagesLabel",
  "mode": "off",
  "namespace": "components",
  "value": "Chat messages",
}
[90mstdout[2m | src/components/ChatSidebar.stories.jsx[2m > [22m[2mQuiz Generator
[22m[39m[useTranslationWithCapture] t() called: {
  "key": "aiFeedbackWidget.whatToImprove",
  "mode": "off",
  "namespace": "components",
  "value": "What could be improved?",
}
[90mstdout[2m | src/components/ChatSidebar.stories.jsx[2m > [22m[2mQuiz Generator
[22m[39m[useTranslationWithCapture] t() called: {
  "key": "aiFeedbackWidget.selectAllThatApply",
  "mode": "off",
  "namespace": "components",
  "value": "Select all that apply:",
}
[90mstdout[2m | src/components/ChatSidebar.stories.jsx[2m > [22m[2mQuiz Generator
[22m[39m[useTranslationWithCapture] t() called: {
  "key": "aiFeedbackWidget.cancel",
  "mode": "off",
  "namespace": "components",
  "value": "Cancel",
}
[90mstdout[2m | src/components/ChatSidebar.stories.jsx[2m > [22m[2mQuiz Generator
[22m[39m[useTranslationWithCapture] t() called: {
  "key": "aiFeedbackWidget.submit",
  "mode": "off",
  "namespace": "components",
  "value": "Submit",
}
[90mstdout[2m | src/components/ChatSidebar.stories.jsx[2m > [22m[2mQuiz Generator
[22m[39mQuestionBlockRo.grade undefined
[90mstdout[2m | src/components/ChatSidebar.stories.jsx[2m > [22m[2mQuiz Generator
[22m[39m......!q {
  "answer": "き (ki)",
  "correct": false,
  "id": "q1-a",
  "question": "Which hiragana character represents the sound "ka"?",
}
[90mstdout[2m | src/components/ChatSidebar.stories.jsx[2m > [22m[2mQuiz Generator
[22m[39m......!q {
  "answer": "か (ka)",
  "correct": true,
  "id": "q1-b",
  "question": "Which hiragana character represents the sound "ka"?",
}
[90mstdout[2m | src/components/ChatSidebar.stories.jsx[2m > [22m[2mQuiz Generator
[22m[39m......!q {
  "answer": "く (ku)",
  "correct": false,
  "id": "q1-c",
  "question": "Which hiragana character represents the sound "ka"?",
}
[90mstdout[2m | src/components/ChatSidebar.stories.jsx[2m > [22m[2mQuiz Generator
[22m[39m......!q {
  "answer": "け (ke)",
  "correct": false,
  "id": "q1-d",
  "question": "Which hiragana character represents the sound "ka"?",
}
[90mstdout[2m | src/components/ChatSidebar.stories.jsx[2m > [22m[2mQuiz Generator
[22m[39mQuestionBlock.nodeKey preview-quiz-0 type: string
[90mstdout[2m | src/components/ChatSidebar.stories.jsx[2m > [22m[2mQuiz Generator
[22m[39mQuestionBlock.questionContent [
  {
    "answer": "き (ki)",
    "correct": false,
    "id": "q1-a",
    "question": "Which hiragana character represents the sound "ka"?",
  },
  {
    "answer": "か (ka)",
    "correct": true,
    "id": "q1-b",
    "question": "Which hiragana character represents the sound "ka"?",
  },
  {
    "answer": "く (ku)",
    "correct": false,
    "id": "q1-c",
    "question": "Which hiragana character represents the sound "ka"?",
  },
  {
    "answer": "け (ke)",
    "correct": false,
    "id": "q1-d",
    "question": "Which hiragana character represents the sound "ka"?",
  },
]
[90mstdout[2m | src/components/ChatSidebar.stories.jsx[2m > [22m[2mQuiz Generator
[22m[39mQuestionBlock.grade.data keys: []
[90mstdout[2m | src/components/ChatSidebar.stories.jsx[2m > [22m[2mQuiz Generator
[22m[39mQuestionBlock.grade.data[nodeKey]: undefined
[90mstdout[2m | src/components/ChatSidebar.stories.jsx[2m > [22m[2mQuiz Generator
[22m[39mQuestionBlockRo.inProgress {}
[90mstdout[2m | src/components/ChatSidebar.stories.jsx[2m > [22m[2mQuiz Generator
[22m[39m[useTranslationWithCapture] t() called: {
  "key": "quizComponent.gradeDisplay",
  "mode": "off",
  "namespace": "workbook",
  "value": "Grade: 0%",
}
[90mstdout[2m | src/components/ChatSidebar.stories.jsx[2m > [22m[2mQuiz Generator
[22m[39mQuestionBlockRo.grade undefined
[90mstdout[2m | src/components/ChatSidebar.stories.jsx[2m > [22m[2mQuiz Generator
[22m[39m......!q {
  "answer": "shi",
  "correct": false,
  "id": "q2-a",
  "question": "What sound does the hiragana "す" make?",
}
[90mstdout[2m | src/components/ChatSidebar.stories.jsx[2m > [22m[2mQuiz Generator
[22m[39m......!q {
  "answer": "su",
  "correct": true,
  "id": "q2-b",
  "question": "What sound does the hiragana "す" make?",
}
[90mstdout[2m | src/components/ChatSidebar.stories.jsx[2m > [22m[2mQuiz Generator
[22m[39m......!q {
  "answer": "sa",
  "correct": false,
  "id": "q2-c",
  "question": "What sound does the hiragana "す" make?",
}
[90mstdout[2m | src/components/ChatSidebar.stories.jsx[2m > [22m[2mQuiz Generator
[22m[39m......!q {
  "answer": "se",
  "correct": false,
  "id": "q2-d",
  "question": "What sound does the hiragana "す" make?",
}
[90mstdout[2m | src/components/ChatSidebar.stories.jsx[2m > [22m[2mQuiz Generator
[22m[39mQuestionBlock.nodeKey preview-quiz-1 type: string
[90mstdout[2m | src/components/ChatSidebar.stories.jsx[2m > [22m[2mQuiz Generator
[22m[39mQuestionBlock.questionContent [
  {
    "answer": "shi",
    "correct": false,
    "id": "q2-a",
    "question": "What sound does the hiragana "す" make?",
  },
  {
    "answer": "su",
    "correct": true,
    "id": "q2-b",
    "question": "What sound does the hiragana "す" make?",
  },
  {
    "answer": "sa",
    "correct": false,
    "id": "q2-c",
    "question": "What sound does the hiragana "す" make?",
  },
  {
    "answer": "se",
    "correct": false,
    "id": "q2-d",
    "question": "What sound does the hiragana "す" make?",
  },
]
[90mstdout[2m | src/components/ChatSidebar.stories.jsx[2m > [22m[2mQuiz Generator
[22m[39mQuestionBlock.grade.data keys: []
[90mstdout[2m | src/components/ChatSidebar.stories.jsx[2m > [22m[2mQuiz Generator
[22m[39mQuestionBlock.grade.data[nodeKey]: undefined
[90mstdout[2m | src/components/ChatSidebar.stories.jsx[2m > [22m[2mQuiz Generator
[22m[39mQuestionBlockRo.inProgress {}
[90mstdout[2m | src/components/ChatSidebar.stories.jsx[2m > [22m[2mQuiz Generator
[22m[39m[useTranslationWithCapture] t() called: {
  "key": "quizComponent.gradeDisplay",
  "mode": "off",
  "namespace": "workbook",
  "value": "Grade: 0%",
}
[90mstdout[2m | src/components/ChatSidebar.stories.jsx[2m > [22m[2mQuiz Generator
[22m[39mQuestionBlockRo.grade undefined
[90mstdout[2m | src/components/ChatSidebar.stories.jsx[2m > [22m[2mQuiz Generator
[22m[39m......!q {
  "answer": "ん",
  "correct": true,
  "id": "q3-a",
  "question": "Which of these is the correct hiragana for "n"?",
}
[90mstdout[2m | src/components/ChatSidebar.stories.jsx[2m > [22m[2mQuiz Generator
[22m[39m......!q {
  "answer": "を",
  "correct": false,
  "id": "q3-b",
  "question": "Which of these is the correct hiragana for "n"?",
}
[90mstdout[2m | src/components/ChatSidebar.stories.jsx[2m > [22m[2mQuiz Generator
[22m[39m......!q {
  "answer": "ね",
  "correct": false,
  "id": "q3-c",
  "question": "Which of these is the correct hiragana for "n"?",
}
[90mstdout[2m | src/components/ChatSidebar.stories.jsx[2m > [22m[2mQuiz Generator
[22m[39m......!q {
  "answer": "に",
  "correct": false,
  "id": "q3-d",
  "question": "Which of these is the correct hiragana for "n"?",
}
[90mstdout[2m | src/components/ChatSidebar.stories.jsx[2m > [22m[2mQuiz Generator
[22m[39mQuestionBlock.nodeKey preview-quiz-2 type: string
[90mstdout[2m | src/components/ChatSidebar.stories.jsx[2m > [22m[2mQuiz Generator
[22m[39mQuestionBlock.questionContent [
  {
    "answer": "ん",
    "correct": true,
    "id": "q3-a",
    "question": "Which of these is the correct hiragana for "n"?",
  },
  {
    "answer": "を",
    "correct": false,
    "id": "q3-b",
    "question": "Which of these is the correct hiragana for "n"?",
  },
  {
    "answer": "ね",
    "correct": false,
    "id": "q3-c",
    "question": "Which of these is the correct hiragana for "n"?",
  },
  {
    "answer": "に",
    "correct": false,
    "id": "q3-d",
    "question": "Which of these is the correct hiragana for "n"?",
  },
]
[90mstdout[2m | src/components/ChatSidebar.stories.jsx[2m > [22m[2mQuiz Generator
[22m[39mQuestionBlock.grade.data keys: []
[90mstdout[2m | src/components/ChatSidebar.stories.jsx[2m > [22m[2mQuiz Generator
[22m[39mQuestionBlock.grade.data[nodeKey]: undefined
[90mstdout[2m | src/components/ChatSidebar.stories.jsx[2m > [22m[2mQuiz Generator
[22m[39mQuestionBlockRo.inProgress {}
[90mstdout[2m | src/components/ChatSidebar.stories.jsx[2m > [22m[2mQuiz Generator
[22m[39m[useTranslationWithCapture] t() called: {
  "key": "quizComponent.gradeDisplay",
  "mode": "off",
  "namespace": "workbook",
  "value": "Grade: 0%",
}
[90mstdout[2m | src/components/ChatSidebar.stories.jsx[2m > [22m[2mQuiz Generator
[22m[39m[useTranslationWithCapture] t() called: {
  "key": "aiFeedbackWidget.whatToImprove",
  "mode": "off",
  "namespace": "components",
  "value": "What could be improved?",
}
[90mstdout[2m | src/components/ChatSidebar.stories.jsx[2m > [22m[2mQuiz Generator
[22m[39m[useTranslationWithCapture] t() called: {
  "key": "aiFeedbackWidget.selectAllThatApply",
  "mode": "off",
  "namespace": "components",
  "value": "Select all that apply:",
}
[90mstdout[2m | src/components/ChatSidebar.stories.jsx[2m > [22m[2mQuiz Generator
[22m[39m[useTranslationWithCapture] t() called: {
  "key": "aiFeedbackWidget.cancel",
  "mode": "off",
  "namespace": "components",
  "value": "Cancel",
}
[90mstdout[2m | src/components/ChatSidebar.stories.jsx[2m > [22m[2mQuiz Generator
[22m[39m[useTranslationWithCapture] t() called: {
  "key": "aiFeedbackWidget.submit",
  "mode": "off",
  "namespace": "components",
  "value": "Submit",
}
[90mstdout[2m | src/components/ChatSidebar.stories.jsx[2m > [22m[2mQuiz Generator
[22m[39m[Mock Data] generateClient() called - returning mock client
[90mstdout[2m | src/components/ChatSidebar.stories.jsx[2m > [22m[2mQuiz Generator
[22m[39m[Mock amplifyClient] getAmplifyClient() called - returning mock client
[90mstdout[2m | src/components/ChatSidebar.stories.jsx[2m > [22m[2mQuiz Generator
[22m[39m[Mock Data] AssistantChatFile.list() called with options: {
  "filter": {
    "chatID": {
      "eq": "quiz-chat",
    },
  },
}
[90mstderr[2m | src/components/ChatSidebar.stories.jsx[2m > [22m[2mQuiz Generator
[22m[39mAn update to DictionaryProvider inside a test was not wrapped in act(...).

When testing, code that causes React state updates should be wrapped into act(...):

act(() => {
  /* fire events that update state */
});
/* assert on the output */

This ensures that you're testing the behavior the user would see in the browser. Learn more at https://react.dev/link/wrap-tests-with-act
[90mstderr[2m | src/components/ChatSidebar.stories.jsx[2m > [22m[2mQuiz Generator
[22m[39mAn update to DictionaryProvider inside a test was not wrapped in act(...).

When testing, code that causes React state updates should be wrapped into act(...):

act(() => {
  /* fire events that update state */
});
/* assert on the output */

This ensures that you're testing the behavior the user would see in the browser. Learn more at https://react.dev/link/wrap-tests-with-act
[90mstderr[2m | src/components/ChatSidebar.stories.jsx[2m > [22m[2mQuiz Generator
[22m[39mAn update to VirtualizedMessageList inside a test was not wrapped in act(...).

When testing, code that causes React state updates should be wrapped into act(...):

act(() => {
  /* fire events that update state */
});
/* assert on the output */

This ensures that you're testing the behavior the user would see in the browser. Learn more at https://react.dev/link/wrap-tests-with-act
[90mstderr[2m | src/components/ChatSidebar.stories.jsx[2m > [22m[2mQuiz Generator
[22m[39mAn update to VirtualizedMessageList inside a test was not wrapped in act(...).

When testing, code that causes React state updates should be wrapped into act(...):

act(() => {
  /* fire events that update state */
});
/* assert on the output */

This ensures that you're testing the behavior the user would see in the browser. Learn more at https://react.dev/link/wrap-tests-with-act
[90mstdout[2m | src/components/ChatSidebar.stories.jsx[2m > [22m[2mQuiz Generator
[22m[39m[useTranslationWithCapture] t() called: {
  "key": "chatSidebar.messageList.chatMessagesLabel",
  "mode": "off",
  "namespace": "components",
  "value": "Chat messages",
}
[90mstdout[2m | src/components/ChatSidebar.stories.jsx[2m > [22m[2mQuiz Generator
[22m[39m[useTranslationWithCapture] t() called: {
  "key": "aiFeedbackWidget.whatToImprove",
  "mode": "off",
  "namespace": "components",
  "value": "What could be improved?",
}
[90mstdout[2m | src/components/ChatSidebar.stories.jsx[2m > [22m[2mQuiz Generator
[22m[39m[useTranslationWithCapture] t() called: {
  "key": "aiFeedbackWidget.selectAllThatApply",
  "mode": "off",
  "namespace": "components",
  "value": "Select all that apply:",
}
[90mstdout[2m | src/components/ChatSidebar.stories.jsx[2m > [22m[2mQuiz Generator
[22m[39m[useTranslationWithCapture] t() called: {
  "key": "aiFeedbackWidget.cancel",
  "mode": "off",
  "namespace": "components",
  "value": "Cancel",
}
[90mstdout[2m | src/components/ChatSidebar.stories.jsx[2m > [22m[2mQuiz Generator
[22m[39m[useTranslationWithCapture] t() called: {
  "key": "aiFeedbackWidget.submit",
  "mode": "off",
  "namespace": "components",
  "value": "Submit",
}
[90mstdout[2m | src/components/ChatSidebar.stories.jsx[2m > [22m[2mQuiz Generator
[22m[39mQuestionBlockRo.grade undefined
[90mstdout[2m | src/components/ChatSidebar.stories.jsx[2m > [22m[2mQuiz Generator
[22m[39m......!q {
  "answer": "き (ki)",
  "correct": false,
  "id": "q1-a",
  "question": "Which hiragana character represents the sound "ka"?",
}
[90mstdout[2m | src/components/ChatSidebar.stories.jsx[2m > [22m[2mQuiz Generator
[22m[39m......!q {
  "answer": "か (ka)",
  "correct": true,
  "id": "q1-b",
  "question": "Which hiragana character represents the sound "ka"?",
}
[90mstdout[2m | src/components/ChatSidebar.stories.jsx[2m > [22m[2mQuiz Generator
[22m[39m......!q {
  "answer": "く (ku)",
  "correct": false,
  "id": "q1-c",
  "question": "Which hiragana character represents the sound "ka"?",
}
[90mstdout[2m | src/components/ChatSidebar.stories.jsx[2m > [22m[2mQuiz Generator
[22m[39m......!q {
  "answer": "け (ke)",
  "correct": false,
  "id": "q1-d",
  "question": "Which hiragana character represents the sound "ka"?",
}
[90mstdout[2m | src/components/ChatSidebar.stories.jsx[2m > [22m[2mQuiz Generator
[22m[39mQuestionBlock.nodeKey preview-quiz-0 type: string
[90mstdout[2m | src/components/ChatSidebar.stories.jsx[2m > [22m[2mQuiz Generator
[22m[39mQuestionBlock.questionContent [
  {
    "answer": "き (ki)",
    "correct": false,
    "id": "q1-a",
    "question": "Which hiragana character represents the sound "ka"?",
  },
  {
    "answer": "か (ka)",
    "correct": true,
    "id": "q1-b",
    "question": "Which hiragana character represents the sound "ka"?",
  },
  {
    "answer": "く (ku)",
    "correct": false,
    "id": "q1-c",
    "question": "Which hiragana character represents the sound "ka"?",
  },
  {
    "answer": "け (ke)",
    "correct": false,
    "id": "q1-d",
    "question": "Which hiragana character represents the sound "ka"?",
  },
]
[90mstdout[2m | src/components/ChatSidebar.stories.jsx[2m > [22m[2mQuiz Generator
[22m[39mQuestionBlock.grade.data keys: []
[90mstdout[2m | src/components/ChatSidebar.stories.jsx[2m > [22m[2mQuiz Generator
[22m[39mQuestionBlock.grade.data[nodeKey]: undefined
[90mstdout[2m | src/components/ChatSidebar.stories.jsx[2m > [22m[2mQuiz Generator
[22m[39mQuestionBlockRo.inProgress {}
[90mstdout[2m | src/components/ChatSidebar.stories.jsx[2m > [22m[2mQuiz Generator
[22m[39m[useTranslationWithCapture] t() called: {
  "key": "quizComponent.gradeDisplay",
  "mode": "off",
  "namespace": "workbook",
  "value": "Grade: 0%",
}
[90mstdout[2m | src/components/ChatSidebar.stories.jsx[2m > [22m[2mQuiz Generator
[22m[39mQuestionBlockRo.grade undefined
[90mstdout[2m | src/components/ChatSidebar.stories.jsx[2m > [22m[2mQuiz Generator
[22m[39m......!q {
  "answer": "shi",
  "correct": false,
  "id": "q2-a",
  "question": "What sound does the hiragana "す" make?",
}
[90mstdout[2m | src/components/ChatSidebar.stories.jsx[2m > [22m[2mQuiz Generator
[22m[39m......!q {
  "answer": "su",
  "correct": true,
  "id": "q2-b",
  "question": "What sound does the hiragana "す" make?",
}
[90mstdout[2m | src/components/ChatSidebar.stories.jsx[2m > [22m[2mQuiz Generator
[22m[39m......!q {
  "answer": "sa",
  "correct": false,
  "id": "q2-c",
  "question": "What sound does the hiragana "す" make?",
}
[90mstdout[2m | src/components/ChatSidebar.stories.jsx[2m > [22m[2mQuiz Generator
[22m[39m......!q {
  "answer": "se",
  "correct": false,
  "id": "q2-d",
  "question": "What sound does the hiragana "す" make?",
}
[90mstdout[2m | src/components/ChatSidebar.stories.jsx[2m > [22m[2mQuiz Generator
[22m[39mQuestionBlock.nodeKey preview-quiz-1 type: string
[90mstdout[2m | src/components/ChatSidebar.stories.jsx[2m > [22m[2mQuiz Generator
[22m[39mQuestionBlock.questionContent [
  {
    "answer": "shi",
    "correct": false,
    "id": "q2-a",
    "question": "What sound does the hiragana "す" make?",
  },
  {
    "answer": "su",
    "correct": true,
    "id": "q2-b",
    "question": "What sound does the hiragana "す" make?",
  },
  {
    "answer": "sa",
    "correct": false,
    "id": "q2-c",
    "question": "What sound does the hiragana "す" make?",
  },
  {
    "answer": "se",
    "correct": false,
    "id": "q2-d",
    "question": "What sound does the hiragana "す" make?",
  },
]
[90mstdout[2m | src/components/ChatSidebar.stories.jsx[2m > [22m[2mQuiz Generator
[22m[39mQuestionBlock.grade.data keys: []
[90mstdout[2m | src/components/ChatSidebar.stories.jsx[2m > [22m[2mQuiz Generator
[22m[39mQuestionBlock.grade.data[nodeKey]: undefined
[90mstdout[2m | src/components/ChatSidebar.stories.jsx[2m > [22m[2mQuiz Generator
[22m[39mQuestionBlockRo.inProgress {}
[90mstdout[2m | src/components/ChatSidebar.stories.jsx[2m > [22m[2mQuiz Generator
[22m[39m[useTranslationWithCapture] t() called: {
  "key": "quizComponent.gradeDisplay",
  "mode": "off",
  "namespace": "workbook",
  "value": "Grade: 0%",
}
[90mstdout[2m | src/components/ChatSidebar.stories.jsx[2m > [22m[2mQuiz Generator
[22m[39mQuestionBlockRo.grade undefined
[90mstdout[2m | src/components/ChatSidebar.stories.jsx[2m > [22m[2mQuiz Generator
[22m[39m......!q {
  "answer": "ん",
  "correct": true,
  "id": "q3-a",
  "question": "Which of these is the correct hiragana for "n"?",
}
[90mstdout[2m | src/components/ChatSidebar.stories.jsx[2m > [22m[2mQuiz Generator
[22m[39m......!q {
  "answer": "を",
  "correct": false,
  "id": "q3-b",
  "question": "Which of these is the correct hiragana for "n"?",
}
[90mstdout[2m | src/components/ChatSidebar.stories.jsx[2m > [22m[2mQuiz Generator
[22m[39m......!q {
  "answer": "ね",
  "correct": false,
  "id": "q3-c",
  "question": "Which of these is the correct hiragana for "n"?",
}
[90mstdout[2m | src/components/ChatSidebar.stories.jsx[2m > [22m[2mQuiz Generator
[22m[39m......!q {
  "answer": "に",
  "correct": false,
  "id": "q3-d",
  "question": "Which of these is the correct hiragana for "n"?",
}
[90mstdout[2m | src/components/ChatSidebar.stories.jsx[2m > [22m[2mQuiz Generator
[22m[39mQuestionBlock.nodeKey preview-quiz-2 type: string
[90mstdout[2m | src/components/ChatSidebar.stories.jsx[2m > [22m[2mQuiz Generator
[22m[39mQuestionBlock.questionContent [
  {
    "answer": "ん",
    "correct": true,
    "id": "q3-a",
    "question": "Which of these is the correct hiragana for "n"?",
  },
  {
    "answer": "を",
    "correct": false,
    "id": "q3-b",
    "question": "Which of these is the correct hiragana for "n"?",
  },
  {
    "answer": "ね",
    "correct": false,
    "id": "q3-c",
    "question": "Which of these is the correct hiragana for "n"?",
  },
  {
    "answer": "に",
    "correct": false,
    "id": "q3-d",
    "question": "Which of these is the correct hiragana for "n"?",
  },
]
[90mstdout[2m | src/components/ChatSidebar.stories.jsx[2m > [22m[2mQuiz Generator
[22m[39mQuestionBlock.grade.data keys: []
[90mstdout[2m | src/components/ChatSidebar.stories.jsx[2m > [22m[2mQuiz Generator
[22m[39mQuestionBlock.grade.data[nodeKey]: undefined
[90mstdout[2m | src/components/ChatSidebar.stories.jsx[2m > [22m[2mQuiz Generator
[22m[39mQuestionBlockRo.inProgress {}
[90mstdout[2m | src/components/ChatSidebar.stories.jsx[2m > [22m[2mQuiz Generator
[22m[39m[useTranslationWithCapture] t() called: {
  "key": "quizComponent.gradeDisplay",
  "mode": "off",
  "namespace": "workbook",
  "value": "Grade: 0%",
}
[90mstdout[2m | src/components/ChatSidebar.stories.jsx[2m > [22m[2mQuiz Generator
[22m[39m[useTranslationWithCapture] t() called: {
  "key": "aiFeedbackWidget.whatToImprove",
  "mode": "off",
  "namespace": "components",
  "value": "What could be improved?",
}
[90mstdout[2m | src/components/ChatSidebar.stories.jsx[2m > [22m[2mQuiz Generator
[22m[39m[useTranslationWithCapture] t() called: {
  "key": "aiFeedbackWidget.selectAllThatApply",
  "mode": "off",
  "namespace": "components",
  "value": "Select all that apply:",
}
[90mstdout[2m | src/components/ChatSidebar.stories.jsx[2m > [22m[2mQuiz Generator
[22m[39m[useTranslationWithCapture] t() called: {
  "key": "aiFeedbackWidget.cancel",
  "mode": "off",
  "namespace": "components",
  "value": "Cancel",
}
[90mstdout[2m | src/components/ChatSidebar.stories.jsx[2m > [22m[2mQuiz Generator
[22m[39m[useTranslationWithCapture] t() called: {
  "key": "aiFeedbackWidget.submit",
  "mode": "off",
  "namespace": "components",
  "value": "Submit",
}
[90mstderr[2m | src/components/ChatSidebar.stories.jsx[2m > [22m[2mQuiz Generator
[22m[39mAn update to VirtualizedMessageList inside a test was not wrapped in act(...).

When testing, code that causes React state updates should be wrapped into act(...):

act(() => {
  /* fire events that update state */
});
/* assert on the output */

This ensures that you're testing the behavior the user would see in the browser. Learn more at https://react.dev/link/wrap-tests-with-act
[90mstderr[2m | src/components/ChatSidebar.stories.jsx[2m > [22m[2mQuiz Generator
[22m[39mAn update to VirtualizedMessageList inside a test was not wrapped in act(...).

When testing, code that causes React state updates should be wrapped into act(...):

act(() => {
  /* fire events that update state */
});
/* assert on the output */

This ensures that you're testing the behavior the user would see in the browser. Learn more at https://react.dev/link/wrap-tests-with-act
[90mstdout[2m | src/components/ChatSidebar.stories.jsx[2m > [22m[2mQuiz Generator
[22m[39m[useTranslationWithCapture] t() called: {
  "key": "chatSidebar.messageList.chatMessagesLabel",
  "mode": "off",
  "namespace": "components",
  "value": "Chat messages",
}
[90mstdout[2m | src/components/ChatSidebar.stories.jsx[2m > [22m[2mQuiz Generator
[22m[39m[useTranslationWithCapture] t() called: {
  "key": "aiFeedbackWidget.whatToImprove",
  "mode": "off",
  "namespace": "components",
  "value": "What could be improved?",
}
[90mstdout[2m | src/components/ChatSidebar.stories.jsx[2m > [22m[2mQuiz Generator
[22m[39m[useTranslationWithCapture] t() called: {
  "key": "aiFeedbackWidget.selectAllThatApply",
  "mode": "off",
  "namespace": "components",
  "value": "Select all that apply:",
}
[90mstdout[2m | src/components/ChatSidebar.stories.jsx[2m > [22m[2mQuiz Generator
[22m[39m[useTranslationWithCapture] t() called: {
  "key": "aiFeedbackWidget.cancel",
  "mode": "off",
  "namespace": "components",
  "value": "Cancel",
}
[90mstdout[2m | src/components/ChatSidebar.stories.jsx[2m > [22m[2mQuiz Generator
[22m[39m[useTranslationWithCapture] t() called: {
  "key": "aiFeedbackWidget.submit",
  "mode": "off",
  "namespace": "components",
  "value": "Submit",
}
[90mstdout[2m | src/components/ChatSidebar.stories.jsx[2m > [22m[2mQuiz Generator
[22m[39mQuestionBlockRo.grade undefined
[90mstdout[2m | src/components/ChatSidebar.stories.jsx[2m > [22m[2mQuiz Generator
[22m[39m......!q {
  "answer": "き (ki)",
  "correct": false,
  "id": "q1-a",
  "question": "Which hiragana character represents the sound "ka"?",
}
[90mstdout[2m | src/components/ChatSidebar.stories.jsx[2m > [22m[2mQuiz Generator
[22m[39m......!q {
  "answer": "か (ka)",
  "correct": true,
  "id": "q1-b",
  "question": "Which hiragana character represents the sound "ka"?",
}
[90mstdout[2m | src/components/ChatSidebar.stories.jsx[2m > [22m[2mQuiz Generator
[22m[39m......!q {
  "answer": "く (ku)",
  "correct": false,
  "id": "q1-c",
  "question": "Which hiragana character represents the sound "ka"?",
}
[90mstdout[2m | src/components/ChatSidebar.stories.jsx[2m > [22m[2mQuiz Generator
[22m[39m......!q {
  "answer": "け (ke)",
  "correct": false,
  "id": "q1-d",
  "question": "Which hiragana character represents the sound "ka"?",
}
[90mstdout[2m | src/components/ChatSidebar.stories.jsx[2m > [22m[2mQuiz Generator
[22m[39mQuestionBlock.nodeKey preview-quiz-0 type: string
[90mstdout[2m | src/components/ChatSidebar.stories.jsx[2m > [22m[2mQuiz Generator
[22m[39mQuestionBlock.questionContent [
  {
    "answer": "き (ki)",
    "correct": false,
    "id": "q1-a",
    "question": "Which hiragana character represents the sound "ka"?",
  },
  {
    "answer": "か (ka)",
    "correct": true,
    "id": "q1-b",
    "question": "Which hiragana character represents the sound "ka"?",
  },
  {
    "answer": "く (ku)",
    "correct": false,
    "id": "q1-c",
    "question": "Which hiragana character represents the sound "ka"?",
  },
  {
    "answer": "け (ke)",
    "correct": false,
    "id": "q1-d",
    "question": "Which hiragana character represents the sound "ka"?",
  },
]
[90mstdout[2m | src/components/ChatSidebar.stories.jsx[2m > [22m[2mQuiz Generator
[22m[39mQuestionBlock.grade.data keys: []
[90mstdout[2m | src/components/ChatSidebar.stories.jsx[2m > [22m[2mQuiz Generator
[22m[39mQuestionBlock.grade.data[nodeKey]: undefined
[90mstdout[2m | src/components/ChatSidebar.stories.jsx[2m > [22m[2mQuiz Generator
[22m[39mQuestionBlockRo.inProgress {}
[90mstdout[2m | src/components/ChatSidebar.stories.jsx[2m > [22m[2mQuiz Generator
[22m[39m[useTranslationWithCapture] t() called: {
  "key": "quizComponent.gradeDisplay",
  "mode": "off",
  "namespace": "workbook",
  "value": "Grade: 0%",
}
[90mstdout[2m | src/components/ChatSidebar.stories.jsx[2m > [22m[2mQuiz Generator
[22m[39mQuestionBlockRo.grade undefined
[90mstdout[2m | src/components/ChatSidebar.stories.jsx[2m > [22m[2mQuiz Generator
[22m[39m......!q {
  "answer": "shi",
  "correct": false,
  "id": "q2-a",
  "question": "What sound does the hiragana "す" make?",
}
[90mstdout[2m | src/components/ChatSidebar.stories.jsx[2m > [22m[2mQuiz Generator
[22m[39m......!q {
  "answer": "su",
  "correct": true,
  "id": "q2-b",
  "question": "What sound does the hiragana "す" make?",
}
[90mstdout[2m | src/components/ChatSidebar.stories.jsx[2m > [22m[2mQuiz Generator
[22m[39m......!q {
  "answer": "sa",
  "correct": false,
  "id": "q2-c",
  "question": "What sound does the hiragana "す" make?",
}
[90mstdout[2m | src/components/ChatSidebar.stories.jsx[2m > [22m[2mQuiz Generator
[22m[39m......!q {
  "answer": "se",
  "correct": false,
  "id": "q2-d",
  "question": "What sound does the hiragana "す" make?",
}
[90mstdout[2m | src/components/ChatSidebar.stories.jsx[2m > [22m[2mQuiz Generator
[22m[39mQuestionBlock.nodeKey preview-quiz-1 type: string
[90mstdout[2m | src/components/ChatSidebar.stories.jsx[2m > [22m[2mQuiz Generator
[22m[39mQuestionBlock.questionContent [
  {
    "answer": "shi",
    "correct": false,
    "id": "q2-a",
    "question": "What sound does the hiragana "す" make?",
  },
  {
    "answer": "su",
    "correct": true,
    "id": "q2-b",
    "question": "What sound does the hiragana "す" make?",
  },
  {
    "answer": "sa",
    "correct": false,
    "id": "q2-c",
    "question": "What sound does the hiragana "す" make?",
  },
  {
    "answer": "se",
    "correct": false,
    "id": "q2-d",
    "question": "What sound does the hiragana "す" make?",
  },
]
[90mstdout[2m | src/components/ChatSidebar.stories.jsx[2m > [22m[2mQuiz Generator
[22m[39mQuestionBlock.grade.data keys: []
[90mstdout[2m | src/components/ChatSidebar.stories.jsx[2m > [22m[2mQuiz Generator
[22m[39mQuestionBlock.grade.data[nodeKey]: undefined
[90mstdout[2m | src/components/ChatSidebar.stories.jsx[2m > [22m[2mQuiz Generator
[22m[39mQuestionBlockRo.inProgress {}
[90mstdout[2m | src/components/ChatSidebar.stories.jsx[2m > [22m[2mQuiz Generator
[22m[39m[useTranslationWithCapture] t() called: {
  "key": "quizComponent.gradeDisplay",
  "mode": "off",
  "namespace": "workbook",
  "value": "Grade: 0%",
}
[90mstdout[2m | src/components/ChatSidebar.stories.jsx[2m > [22m[2mQuiz Generator
[22m[39mQuestionBlockRo.grade undefined
[90mstdout[2m | src/components/ChatSidebar.stories.jsx[2m > [22m[2mQuiz Generator
[22m[39m......!q {
  "answer": "ん",
  "correct": true,
  "id": "q3-a",
  "question": "Which of these is the correct hiragana for "n"?",
}
[90mstdout[2m | src/components/ChatSidebar.stories.jsx[2m > [22m[2mQuiz Generator
[22m[39m......!q {
  "answer": "を",
  "correct": false,
  "id": "q3-b",
  "question": "Which of these is the correct hiragana for "n"?",
}
[90mstdout[2m | src/components/ChatSidebar.stories.jsx[2m > [22m[2mQuiz Generator
[22m[39m......!q {
  "answer": "ね",
  "correct": false,
  "id": "q3-c",
  "question": "Which of these is the correct hiragana for "n"?",
}
[90mstdout[2m | src/components/ChatSidebar.stories.jsx[2m > [22m[2mQuiz Generator
[22m[39m......!q {
  "answer": "に",
  "correct": false,
  "id": "q3-d",
  "question": "Which of these is the correct hiragana for "n"?",
}
[90mstdout[2m | src/components/ChatSidebar.stories.jsx[2m > [22m[2mQuiz Generator
[22m[39mQuestionBlock.nodeKey preview-quiz-2 type: string
[90mstdout[2m | src/components/ChatSidebar.stories.jsx[2m > [22m[2mQuiz Generator
[22m[39mQuestionBlock.questionContent [
  {
    "answer": "ん",
    "correct": true,
    "id": "q3-a",
    "question": "Which of these is the correct hiragana for "n"?",
  },
  {
    "answer": "を",
    "correct": false,
    "id": "q3-b",
    "question": "Which of these is the correct hiragana for "n"?",
  },
  {
    "answer": "ね",
    "correct": false,
    "id": "q3-c",
    "question": "Which of these is the correct hiragana for "n"?",
  },
  {
    "answer": "に",
    "correct": false,
    "id": "q3-d",
    "question": "Which of these is the correct hiragana for "n"?",
  },
]
[90mstdout[2m | src/components/ChatSidebar.stories.jsx[2m > [22m[2mQuiz Generator
[22m[39mQuestionBlock.grade.data keys: []
[90mstdout[2m | src/components/ChatSidebar.stories.jsx[2m > [22m[2mQuiz Generator
[22m[39mQuestionBlock.grade.data[nodeKey]: undefined
[90mstdout[2m | src/components/ChatSidebar.stories.jsx[2m > [22m[2mQuiz Generator
[22m[39mQuestionBlockRo.inProgress {}
[90mstdout[2m | src/components/ChatSidebar.stories.jsx[2m > [22m[2mQuiz Generator
[22m[39m[useTranslationWithCapture] t() called: {
  "key": "quizComponent.gradeDisplay",
  "mode": "off",
  "namespace": "workbook",
  "value": "Grade: 0%",
}
[90mstdout[2m | src/components/ChatSidebar.stories.jsx[2m > [22m[2mQuiz Generator
[22m[39m[useTranslationWithCapture] t() called: {
  "key": "aiFeedbackWidget.whatToImprove",
  "mode": "off",
  "namespace": "components",
  "value": "What could be improved?",
}
[90mstdout[2m | src/components/ChatSidebar.stories.jsx[2m > [22m[2mQuiz Generator
[22m[39m[useTranslationWithCapture] t() called: {
  "key": "aiFeedbackWidget.selectAllThatApply",
  "mode": "off",
  "namespace": "components",
  "value": "Select all that apply:",
}
[90mstdout[2m | src/components/ChatSidebar.stories.jsx[2m > [22m[2mQuiz Generator
[22m[39m[useTranslationWithCapture] t() called: {
  "key": "aiFeedbackWidget.cancel",
  "mode": "off",
  "namespace": "components",
  "value": "Cancel",
}
[90mstdout[2m | src/components/ChatSidebar.stories.jsx[2m > [22m[2mQuiz Generator
[22m[39m[useTranslationWithCapture] t() called: {
  "key": "aiFeedbackWidget.submit",
  "mode": "off",
  "namespace": "components",
  "value": "Submit",
}
[90mstderr[2m | src/components/ChatSidebar.stories.jsx[2m > [22m[2mAnswer Block Generator
[22m[39mAn update to VirtualizedMessageList inside a test was not wrapped in act(...).

When testing, code that causes React state updates should be wrapped into act(...):

act(() => {
  /* fire events that update state */
});
/* assert on the output */

This ensures that you're testing the behavior the user would see in the browser. Learn more at https://react.dev/link/wrap-tests-with-act
[90mstdout[2m | src/components/ChatSidebar.stories.jsx[2m > [22m[2mAnswer Block Generator
[22m[39m[useTranslationWithCapture] t() called: {
  "key": "chatSidebar.messageList.chatMessagesLabel",
  "mode": "off",
  "namespace": "components",
  "value": "Chat messages",
}
[90mstdout[2m | src/components/ChatSidebar.stories.jsx[2m > [22m[2mAnswer Block Generator
[22m[39m[Mock Data] Settings subscription unsubscribed. Remaining: 0
[90mstdout[2m | src/components/ChatSidebar.stories.jsx[2m > [22m[2mAnswer Block Generator
[22m[39m[ChatContext] Cleaning up subscription
[90mstdout[2m | src/components/ChatSidebar.stories.jsx[2m > [22m[2mAnswer Block Generator
[22m[39m[Mock Data] AssistantChat subscription unsubscribed. Remaining: 0
[90mstdout[2m | src/components/ChatSidebar.stories.jsx[2m > [22m[2mAnswer Block Generator
[22m[39m[Mock Data] File subscription unsubscribed. Remaining: 0
[90mstdout[2m | src/components/ChatSidebar.stories.jsx[2m > [22m[2mAnswer Block Generator
[22m[39m[Mock Data] Document subscription unsubscribed. Remaining: 1
[90mstdout[2m | src/components/ChatSidebar.stories.jsx[2m > [22m[2mAnswer Block Generator
[22m[39m[Mock Data] Word subscription unsubscribed. Remaining: 0
[90mstdout[2m | src/components/ChatSidebar.stories.jsx[2m > [22m[2mAnswer Block Generator
[22m[39m[Mock Data] Question subscription unsubscribed. Remaining: 0
[90mstdout[2m | src/components/ChatSidebar.stories.jsx[2m > [22m[2mAnswer Block Generator
[22m[39m[Mock Data] Grade subscription unsubscribed. Remaining: 0
[90mstdout[2m | src/components/ChatSidebar.stories.jsx[2m > [22m[2mAnswer Block Generator
[22m[39m[Mock Data] Unit subscription unsubscribed. Remaining: 0
[90mstdout[2m | src/components/ChatSidebar.stories.jsx[2m > [22m[2mAnswer Block Generator
[22m[39m[SectionContext] Cleaning up subscriptions
[90mstdout[2m | src/components/ChatSidebar.stories.jsx[2m > [22m[2mAnswer Block Generator
[22m[39m[Mock Data] Section.onCreate() subscription removed. Remaining: 0
[90mstdout[2m | src/components/ChatSidebar.stories.jsx[2m > [22m[2mAnswer Block Generator
[22m[39m[Mock Data] Section.onUpdate() subscription removed. Remaining: 0
[90mstdout[2m | src/components/ChatSidebar.stories.jsx[2m > [22m[2mAnswer Block Generator
[22m[39m[Mock Data] Section.onDelete() subscription removed. Remaining: 0
[90mstdout[2m | src/components/ChatSidebar.stories.jsx[2m > [22m[2mAnswer Block Generator
[22m[39m[Mock Data] Assignment.onCreate() subscription removed. Remaining: 0
[90mstdout[2m | src/components/ChatSidebar.stories.jsx[2m > [22m[2mAnswer Block Generator
[22m[39m[Mock Data] Assignment.onUpdate() subscription removed. Remaining: 0
[90mstdout[2m | src/components/ChatSidebar.stories.jsx[2m > [22m[2mAnswer Block Generator
[22m[39m[Mock Data] Assignment.onDelete() subscription removed. Remaining: 0
[90mstdout[2m | src/components/ChatSidebar.stories.jsx[2m > [22m[2mAnswer Block Generator
[22m[39m[chatTools] Vector store search function registered: false
[90mstdout[2m | src/components/ChatSidebar.stories.jsx[2m > [22m[2mAnswer Block Generator
[22m[39m[Mock Data] Document subscription unsubscribed. Remaining: 0
[90mstdout[2m | src/components/ChatSidebar.stories.jsx[2m > [22m[2mAnswer Block Generator
[22m[39m[Mock Data] Clearing all data stores
[90mstdout[2m | src/components/ChatSidebar.stories.jsx[2m > [22m[2mAnswer Block Generator
[22m[39m[Mock Data] All data stores cleared
[90mstdout[2m | src/components/ChatSidebar.stories.jsx[2m > [22m[2mAnswer Block Generator
[22m[39m[Preview] Cleared mock data for story
[90mstdout[2m | src/components/ChatSidebar.stories.jsx[2m > [22m[2mAnswer Block Generator
[22m[39m[Preview] Skipped initializing default mock data (initializeMockData=false)
[90mstdout[2m | src/components/ChatSidebar.stories.jsx[2m > [22m[2mAnswer Block Generator
[22m[39m[Mock AuthContext] Providing auth: {
  "error": undefined,
  "isLoading": false,
  "session": {
    "idToken": {
      "toString": [Function toString],
    },
    "identityId": "us-east-1:mock-identity-123",
    "username": "mock-user-sub",
  },
  "user": {
    "attributes": {
      "email": "alice@example.com",
      "name": "Alice Student",
      "sub": "mock-user-sub",
    },
  },
}
[90mstdout[2m | src/components/ChatSidebar.stories.jsx[2m > [22m[2mAnswer Block Generator
[22m[39m[Mock Data] generateClient() called - returning mock client
[90mstdout[2m | src/components/ChatSidebar.stories.jsx[2m > [22m[2mAnswer Block Generator
[22m[39m[Mock amplifyClient] getAmplifyClient() called - returning mock client
[90mstdout[2m | src/components/ChatSidebar.stories.jsx[2m > [22m[2mAnswer Block Generator
[22m[39m[MOCK CourseVectorStore] Initialized with mock data
[90mstdout[2m | src/components/ChatSidebar.stories.jsx[2m > [22m[2mAnswer Block Generator
[22m[39m[TranslationModeController] Setting mode to: off
[90mstdout[2m | src/components/ChatSidebar.stories.jsx[2m > [22m[2mAnswer Block Generator
[22m[39m[SectionContext] useEffect triggered {
  "authLoading": false,
  "hasUser": true,
  "userSub": "mock-user-sub",
}
[90mstdout[2m | src/components/ChatSidebar.stories.jsx[2m > [22m[2mAnswer Block Generator
[22m[39m[SectionContext] Fetching sections for userId: mock-user-sub
[90mstdout[2m | src/components/ChatSidebar.stories.jsx[2m > [22m[2mAnswer Block Generator
[22m[39m[Mock Data] generateClient() called - returning mock client
[90mstdout[2m | src/components/ChatSidebar.stories.jsx[2m > [22m[2mAnswer Block Generator
[22m[39m[Mock amplifyClient] getAmplifyClient() called - returning mock client
[90mstdout[2m | src/components/ChatSidebar.stories.jsx[2m > [22m[2mAnswer Block Generator
[22m[39m[Mock Data] Section.list() called with options: undefined
[90mstdout[2m | src/components/ChatSidebar.stories.jsx[2m > [22m[2mAnswer Block Generator
[22m[39m[Mock Data] generateClient() called - returning mock client
[90mstdout[2m | src/components/ChatSidebar.stories.jsx[2m > [22m[2mAnswer Block Generator
[22m[39m[Mock amplifyClient] getAmplifyClient() called - returning mock client
[90mstdout[2m | src/components/ChatSidebar.stories.jsx[2m > [22m[2mAnswer Block Generator
[22m[39m[Mock Data] Assignment.list() called with options: {
  "filter": {
    "unitID": {
      "eq": "mock-unit-id",
    },
  },
}
[90mstdout[2m | src/components/ChatSidebar.stories.jsx[2m > [22m[2mAnswer Block Generator
[22m[39m[Mock Data] generateClient() called - returning mock client
[90mstdout[2m | src/components/ChatSidebar.stories.jsx[2m > [22m[2mAnswer Block Generator
[22m[39m[Mock amplifyClient] getAmplifyClient() called - returning mock client
[90mstdout[2m | src/components/ChatSidebar.stories.jsx[2m > [22m[2mAnswer Block Generator
[22m[39m[Mock Data] Grade.observeQuery() called with filter: {
  "filter": {
    "unitID": {
      "eq": "mock-unit-id",
    },
  },
}
[90mstdout[2m | src/components/ChatSidebar.stories.jsx[2m > [22m[2mAnswer Block Generator
[22m[39m[Mock Data] Grade.observeQuery() applying filter: {
  "unitID": {
    "eq": "mock-unit-id",
  },
}
[90mstdout[2m | src/components/ChatSidebar.stories.jsx[2m > [22m[2mAnswer Block Generator
[22m[39m[Mock Data] Grade.observeQuery() items before filter: 0
[90mstdout[2m | src/components/ChatSidebar.stories.jsx[2m > [22m[2mAnswer Block Generator
[22m[39m[Mock Data] Grade.observeQuery() items after filter: 0
[90mstdout[2m | src/components/ChatSidebar.stories.jsx[2m > [22m[2mAnswer Block Generator
[22m[39m[Mock Data] Grade.observeQuery() returning 0 items (filter applied) {
  "filter": {
    "unitID": {
      "eq": "mock-unit-id",
    },
  },
}
[90mstdout[2m | src/components/ChatSidebar.stories.jsx[2m > [22m[2mAnswer Block Generator
[22m[39m[Mock Data] Grade subscription added. Total subscriptions: 1
[90mstdout[2m | src/components/ChatSidebar.stories.jsx[2m > [22m[2mAnswer Block Generator
[22m[39m[UnitContext] useEffect triggered {
  "authLoading": false,
  "hasUser": true,
  "id": "mock-unit-id",
  "userSub": "mock-user-sub",
}
[90mstdout[2m | src/components/ChatSidebar.stories.jsx[2m > [22m[2mAnswer Block Generator
[22m[39m[UnitContext] Fetching unit data for id: mock-unit-id
[90mstdout[2m | src/components/ChatSidebar.stories.jsx[2m > [22m[2mAnswer Block Generator
[22m[39m[Mock Data] generateClient() called - returning mock client
[90mstdout[2m | src/components/ChatSidebar.stories.jsx[2m > [22m[2mAnswer Block Generator
[22m[39m[Mock amplifyClient] getAmplifyClient() called - returning mock client
[90mstdout[2m | src/components/ChatSidebar.stories.jsx[2m > [22m[2mAnswer Block Generator
[22m[39m[Mock Data] Unit.observeQuery() called with filter: {
  "filter": {
    "id": {
      "eq": "mock-unit-id",
    },
  },
}
[90mstdout[2m | src/components/ChatSidebar.stories.jsx[2m > [22m[2mAnswer Block Generator
[22m[39m[Mock Data] Unit.observeQuery() applying filter: {
  "id": {
    "eq": "mock-unit-id",
  },
}
[90mstdout[2m | src/components/ChatSidebar.stories.jsx[2m > [22m[2mAnswer Block Generator
[22m[39m[Mock Data] Unit.observeQuery() items before filter: 0
[90mstdout[2m | src/components/ChatSidebar.stories.jsx[2m > [22m[2mAnswer Block Generator
[22m[39m[Mock Data] Unit.observeQuery() items after filter: 0
[90mstdout[2m | src/components/ChatSidebar.stories.jsx[2m > [22m[2mAnswer Block Generator
[22m[39m[Mock Data] Unit.observeQuery() returning 0 items (filter applied) {
  "filter": {
    "id": {
      "eq": "mock-unit-id",
    },
  },
}
[90mstdout[2m | src/components/ChatSidebar.stories.jsx[2m > [22m[2mAnswer Block Generator
[22m[39m[Mock Data] Unit subscription added. Total subscriptions: 1
[90mstdout[2m | src/components/ChatSidebar.stories.jsx[2m > [22m[2mAnswer Block Generator
[22m[39m[Mock Data] generateClient() called - returning mock client
[90mstdout[2m | src/components/ChatSidebar.stories.jsx[2m > [22m[2mAnswer Block Generator
[22m[39m[Mock amplifyClient] getAmplifyClient() called - returning mock client
[90mstdout[2m | src/components/ChatSidebar.stories.jsx[2m > [22m[2mAnswer Block Generator
[22m[39m[Mock Data] Word.observeQuery() called with filter: undefined
[90mstdout[2m | src/components/ChatSidebar.stories.jsx[2m > [22m[2mAnswer Block Generator
[22m[39m[Mock Data] Word.observeQuery() returning 0 items (filter applied) undefined
[90mstdout[2m | src/components/ChatSidebar.stories.jsx[2m > [22m[2mAnswer Block Generator
[22m[39m[Mock Data] Word subscription added. Total subscriptions: 1
[90mstdout[2m | src/components/ChatSidebar.stories.jsx[2m > [22m[2mAnswer Block Generator
[22m[39m[Mock Data] generateClient() called - returning mock client
[90mstdout[2m | src/components/ChatSidebar.stories.jsx[2m > [22m[2mAnswer Block Generator
[22m[39m[Mock amplifyClient] getAmplifyClient() called - returning mock client
[90mstdout[2m | src/components/ChatSidebar.stories.jsx[2m > [22m[2mAnswer Block Generator
[22m[39m[Mock Data] Question.observeQuery() called with filter: undefined
[90mstdout[2m | src/components/ChatSidebar.stories.jsx[2m > [22m[2mAnswer Block Generator
[22m[39m[Mock Data] Question.observeQuery() returning 0 items (filter applied) undefined
[90mstdout[2m | src/components/ChatSidebar.stories.jsx[2m > [22m[2mAnswer Block Generator
[22m[39m[Mock Data] Question subscription added. Total subscriptions: 1
[90mstdout[2m | src/components/ChatSidebar.stories.jsx[2m > [22m[2mAnswer Block Generator
[22m[39m[FilesContext] Initializing vector store from IndexedDB
[90mstdout[2m | src/components/ChatSidebar.stories.jsx[2m > [22m[2mAnswer Block Generator
[22m[39m[FilesContext] fetchFiles called
[90mstdout[2m | src/components/ChatSidebar.stories.jsx[2m > [22m[2mAnswer Block Generator
[22m[39m[FilesContext] User authenticated: mock-user-sub
[90mstdout[2m | src/components/ChatSidebar.stories.jsx[2m > [22m[2mAnswer Block Generator
[22m[39m[FilesContext] Identity ID: us-east-1:mock-identity-123
[90mstdout[2m | src/components/ChatSidebar.stories.jsx[2m > [22m[2mAnswer Block Generator
[22m[39m[FilesContext] About to subscribe to File model
[90mstdout[2m | src/components/ChatSidebar.stories.jsx[2m > [22m[2mAnswer Block Generator
[22m[39m[Mock Data] generateClient() called - returning mock client
[90mstdout[2m | src/components/ChatSidebar.stories.jsx[2m > [22m[2mAnswer Block Generator
[22m[39m[Mock amplifyClient] getAmplifyClient() called - returning mock client
[90mstdout[2m | src/components/ChatSidebar.stories.jsx[2m > [22m[2mAnswer Block Generator
[22m[39m[Mock Data] File.observeQuery() called with filter: undefined
[90mstdout[2m | src/components/ChatSidebar.stories.jsx[2m > [22m[2mAnswer Block Generator
[22m[39m[Mock Data] File.observeQuery() returning 0 items (filter applied) undefined
[90mstdout[2m | src/components/ChatSidebar.stories.jsx[2m > [22m[2mAnswer Block Generator
[22m[39m[Mock Data] File subscription added. Total subscriptions: 1
[90mstdout[2m | src/components/ChatSidebar.stories.jsx[2m > [22m[2mAnswer Block Generator
[22m[39m[Mock Data] generateClient() called - returning mock client
[90mstdout[2m | src/components/ChatSidebar.stories.jsx[2m > [22m[2mAnswer Block Generator
[22m[39m[Mock amplifyClient] getAmplifyClient() called - returning mock client
[90mstdout[2m | src/components/ChatSidebar.stories.jsx[2m > [22m[2mAnswer Block Generator
[22m[39m[Mock Data] Document.observeQuery() called with filter: undefined
[90mstdout[2m | src/components/ChatSidebar.stories.jsx[2m > [22m[2mAnswer Block Generator
[22m[39m[Mock Data] Document.observeQuery() returning 0 items (filter applied) undefined
[90mstdout[2m | src/components/ChatSidebar.stories.jsx[2m > [22m[2mAnswer Block Generator
[22m[39m[Mock Data] Document subscription added. Total subscriptions: 1
[90mstdout[2m | src/components/ChatSidebar.stories.jsx[2m > [22m[2mAnswer Block Generator
[22m[39m[ChatContext] Setting up observeQuery for AssistantChat
[90mstdout[2m | src/components/ChatSidebar.stories.jsx[2m > [22m[2mAnswer Block Generator
[22m[39m[Mock Data] AssistantChat.observeQuery() called with filter: {
  "sortDirection": "DESC",
  "sortField": "createdAt",
}
[90mstdout[2m | src/components/ChatSidebar.stories.jsx[2m > [22m[2mAnswer Block Generator
[22m[39m[Mock Data] AssistantChat.observeQuery() returning 0 items (filter applied) {
  "sortDirection": "DESC",
  "sortField": "createdAt",
}
[90mstdout[2m | src/components/ChatSidebar.stories.jsx[2m > [22m[2mAnswer Block Generator
[22m[39m[Mock Data] AssistantChat subscription added. Total subscriptions: 1
[90mstdout[2m | src/components/ChatSidebar.stories.jsx[2m > [22m[2mAnswer Block Generator
[22m[39m[ChatContext] Waiting for subscription to initialize
[90mstdout[2m | src/components/ChatSidebar.stories.jsx[2m > [22m[2mAnswer Block Generator
[22m[39m[SettingsContext] Setting up Settings subscription for user: mock-user-sub
[90mstdout[2m | src/components/ChatSidebar.stories.jsx[2m > [22m[2mAnswer Block Generator
[22m[39m[Mock Data] generateClient() called - returning mock client
[90mstdout[2m | src/components/ChatSidebar.stories.jsx[2m > [22m[2mAnswer Block Generator
[22m[39m[Mock amplifyClient] getAmplifyClient() called - returning mock client
[90mstdout[2m | src/components/ChatSidebar.stories.jsx[2m > [22m[2mAnswer Block Generator
[22m[39m[Mock Data] Settings.observeQuery() called with filter: undefined
[90mstdout[2m | src/components/ChatSidebar.stories.jsx[2m > [22m[2mAnswer Block Generator
[22m[39m[Mock Data] Settings.observeQuery() returning 0 items (filter applied) undefined
[90mstdout[2m | src/components/ChatSidebar.stories.jsx[2m > [22m[2mAnswer Block Generator
[22m[39m[Mock Data] Settings subscription added. Total subscriptions: 1
[90mstdout[2m | src/components/ChatSidebar.stories.jsx[2m > [22m[2mAnswer Block Generator
[22m[39m[SectionContext] Initial sections: 0 []
[90mstdout[2m | src/components/ChatSidebar.stories.jsx[2m > [22m[2mAnswer Block Generator
[22m[39m[Mock Data] Section.onCreate() called with filter: undefined
[90mstdout[2m | src/components/ChatSidebar.stories.jsx[2m > [22m[2mAnswer Block Generator
[22m[39m[Mock Data] Section.onCreate() subscription added. Total: 1
[90mstdout[2m | src/components/ChatSidebar.stories.jsx[2m > [22m[2mAnswer Block Generator
[22m[39m[Mock Data] Section.onUpdate() called with filter: undefined
[90mstdout[2m | src/components/ChatSidebar.stories.jsx[2m > [22m[2mAnswer Block Generator
[22m[39m[Mock Data] Section.onUpdate() subscription added. Total: 1
[90mstdout[2m | src/components/ChatSidebar.stories.jsx[2m > [22m[2mAnswer Block Generator
[22m[39m[Mock Data] Section.onDelete() called with filter: undefined
[90mstdout[2m | src/components/ChatSidebar.stories.jsx[2m > [22m[2mAnswer Block Generator
[22m[39m[Mock Data] Section.onDelete() subscription added. Total: 1
[90mstdout[2m | src/components/ChatSidebar.stories.jsx[2m > [22m[2mAnswer Block Generator
[22m[39m[Mock Data] Assignment.onCreate() called with filter: {
  "filter": {
    "unitID": {
      "eq": "mock-unit-id",
    },
  },
}
[90mstdout[2m | src/components/ChatSidebar.stories.jsx[2m > [22m[2mAnswer Block Generator
[22m[39m[Mock Data] Assignment.onCreate() subscription added. Total: 1
[90mstdout[2m | src/components/ChatSidebar.stories.jsx[2m > [22m[2mAnswer Block Generator
[22m[39m[Mock Data] Assignment.onUpdate() called with filter: {
  "filter": {
    "unitID": {
      "eq": "mock-unit-id",
    },
  },
}
[90mstdout[2m | src/components/ChatSidebar.stories.jsx[2m > [22m[2mAnswer Block Generator
[22m[39m[Mock Data] Assignment.onUpdate() subscription added. Total: 1
[90mstdout[2m | src/components/ChatSidebar.stories.jsx[2m > [22m[2mAnswer Block Generator
[22m[39m[Mock Data] Assignment.onDelete() called with filter: {
  "filter": {
    "unitID": {
      "eq": "mock-unit-id",
    },
  },
}
[90mstdout[2m | src/components/ChatSidebar.stories.jsx[2m > [22m[2mAnswer Block Generator
[22m[39m[Mock Data] Assignment.onDelete() subscription added. Total: 1
[90mstdout[2m | src/components/ChatSidebar.stories.jsx[2m > [22m[2mAnswer Block Generator
[22m[39m[FilesContext] File observeQuery subscription triggered:
[90mstdout[2m | src/components/ChatSidebar.stories.jsx[2m > [22m[2mAnswer Block Generator
[22m[39m  - items.length: 0
[90mstdout[2m | src/components/ChatSidebar.stories.jsx[2m > [22m[2mAnswer Block Generator
[22m[39m  - isSynced: true
[90mstdout[2m | src/components/ChatSidebar.stories.jsx[2m > [22m[2mAnswer Block Generator
[22m[39m  - items: []
[90mstdout[2m | src/components/ChatSidebar.stories.jsx[2m > [22m[2mAnswer Block Generator
[22m[39m[Mock Data] seedMockWords: Adding 3 words
[90mstdout[2m | src/components/ChatSidebar.stories.jsx[2m > [22m[2mAnswer Block Generator
[22m[39m[Mock Data] Notifying Word subscriber with 3 words
[90mstderr[2m | src/components/ChatSidebar.stories.jsx[2m > [22m[2mAnswer Block Generator
[22m[39mCannot update a component (`DictionaryProvider`) while rendering a different component (`Unknown`). To locate the bad setState() call inside `Unknown`, follow the stack trace as described in https://react.dev/link/setstate-in-render
[90mstdout[2m | src/components/ChatSidebar.stories.jsx[2m > [22m[2mAnswer Block Generator
[22m[39m[Mock Data] seedMockAssistantChats: Replacing with 1 assistant chats
[90mstdout[2m | src/components/ChatSidebar.stories.jsx[2m > [22m[2mAnswer Block Generator
[22m[39m[Mock Data] Notifying 1 AssistantChat subscriptions
[90mstderr[2m | src/components/ChatSidebar.stories.jsx[2m > [22m[2mAnswer Block Generator
[22m[39m[useTabContext] Used outside of TabProvider, returning default values
[90mstdout[2m | src/components/ChatSidebar.stories.jsx[2m > [22m[2mAnswer Block Generator
[22m[39m[ChatSidebar] Registered client-side tools: [
  "search_content",
  "create_section",
  "create_unit",
  "create_assignment",
  "add_timer_to_unit",
  "create_vocabulary_word",
  "create_question",
  "list_sections",
  "list_units",
  "get_unit_details",
  "update_unit",
  "delete_assignment",
]
[90mstdout[2m | src/components/ChatSidebar.stories.jsx[2m > [22m[2mAnswer Block Generator
[22m[39m[useTranslationWithCapture] t() called: {
  "key": "chatSidebar.aiAssistant",
  "mode": "off",
  "namespace": "components",
  "value": "AI Assistant",
}
[90mstdout[2m | src/components/ChatSidebar.stories.jsx[2m > [22m[2mAnswer Block Generator
[22m[39m[useTranslationWithCapture] t() called: {
  "key": "chatSidebar.newChat",
  "mode": "off",
  "namespace": "components",
  "value": "New chat",
}
[90mstdout[2m | src/components/ChatSidebar.stories.jsx[2m > [22m[2mAnswer Block Generator
[22m[39m[useTranslationWithCapture] t() called: {
  "key": "chatSidebar.archiveChat",
  "mode": "off",
  "namespace": "components",
  "value": "Archive chat",
}
[90mstdout[2m | src/components/ChatSidebar.stories.jsx[2m > [22m[2mAnswer Block Generator
[22m[39m[useTranslationWithCapture] t() called: {
  "key": "chatSidebar.welcomeMessage",
  "mode": "off",
  "namespace": "components",
  "value": "Ask me anything about your curriculum, files, or content!",
}
[90mstdout[2m | src/components/ChatSidebar.stories.jsx[2m > [22m[2mAnswer Block Generator
[22m[39m[useTranslationWithCapture] t() called: {
  "key": "chatSidebar.settingUpChat",
  "mode": "off",
  "namespace": "components",
  "value": "Setting up chat...",
}
[90mstdout[2m | src/components/ChatSidebar.stories.jsx[2m > [22m[2mAnswer Block Generator
[22m[39m[useTranslationWithCapture] t() called: {
  "key": "actions.send",
  "mode": "off",
  "namespace": "components",
  "value": "Send",
}
[90mstdout[2m | src/components/ChatSidebar.stories.jsx[2m > [22m[2mAnswer Block Generator
[22m[39m[useTranslationWithCapture] t() called: {
  "key": "chatSidebar.reviewImportVocabulary",
  "mode": "off",
  "namespace": "components",
  "value": "Review & Import Vocabulary",
}
[90mstdout[2m | src/components/ChatSidebar.stories.jsx[2m > [22m[2mAnswer Block Generator
[22m[39m[useTranslationWithCapture] t() called: {
  "key": "chatSidebar.confirm",
  "mode": "off",
  "namespace": "components",
  "value": "Confirm",
}
[90mstdout[2m | src/components/ChatSidebar.stories.jsx[2m > [22m[2mAnswer Block Generator
[22m[39m[useTranslationWithCapture] t() called: {
  "key": "chatSidebar.cancel",
  "mode": "off",
  "namespace": "components",
  "value": "Cancel",
}
[90mstdout[2m | src/components/ChatSidebar.stories.jsx[2m > [22m[2mAnswer Block Generator
[22m[39m[chatTools] Vector store search function registered: true
[90mstdout[2m | src/components/ChatSidebar.stories.jsx[2m > [22m[2mAnswer Block Generator
[22m[39m[ChatSidebar] Registered vector store search, isReady: false
[90mstdout[2m | src/components/ChatSidebar.stories.jsx[2m > [22m[2mAnswer Block Generator
[22m[39m[ChatSidebar] Setting up Document subscription for user: undefined
[90mstdout[2m | src/components/ChatSidebar.stories.jsx[2m > [22m[2mAnswer Block Generator
[22m[39m[Mock Data] generateClient() called - returning mock client
[90mstdout[2m | src/components/ChatSidebar.stories.jsx[2m > [22m[2mAnswer Block Generator
[22m[39m[Mock amplifyClient] getAmplifyClient() called - returning mock client
[90mstdout[2m | src/components/ChatSidebar.stories.jsx[2m > [22m[2mAnswer Block Generator
[22m[39m[Mock Data] Document.observeQuery() called with filter: undefined
[90mstdout[2m | src/components/ChatSidebar.stories.jsx[2m > [22m[2mAnswer Block Generator
[22m[39m[Mock Data] Document.observeQuery() returning 0 items (filter applied) undefined
[90mstdout[2m | src/components/ChatSidebar.stories.jsx[2m > [22m[2mAnswer Block Generator
[22m[39m[Mock Data] Document subscription added. Total subscriptions: 2
[90mstdout[2m | src/components/ChatSidebar.stories.jsx[2m > [22m[2mAnswer Block Generator
[22m[39m[ChatContext] AssistantChat query update: 0 items (synced)
[90mstdout[2m | src/components/ChatSidebar.stories.jsx[2m > [22m[2mAnswer Block Generator
[22m[39m[ChatContext] AssistantChat subscription initialized
[90mstdout[2m | src/components/ChatSidebar.stories.jsx[2m > [22m[2mAnswer Block Generator
[22m[39m[ChatContext] AssistantChat list updated: 0 chats
[90mstdout[2m | src/components/ChatSidebar.stories.jsx[2m > [22m[2mAnswer Block Generator
[22m[39m[ChatContext] AssistantChat query update: 1 items (synced)
[90mstdout[2m | src/components/ChatSidebar.stories.jsx[2m > [22m[2mAnswer Block Generator
[22m[39m[ChatContext] First item details: {
  "id": "answer-block-chat",
  "updatedAt": "2026-04-16T10:56:18.770Z",
}
[90mstdout[2m | src/components/ChatSidebar.stories.jsx[2m > [22m[2mAnswer Block Generator
[22m[39m[ChatContext] AssistantChat list updated: 1 chats
[90mstdout[2m | src/components/ChatSidebar.stories.jsx[2m > [22m[2mAnswer Block Generator
[22m[39m[ChatContext] No chats found, clearing current chat - new one will be created
[90mstdout[2m | src/components/ChatSidebar.stories.jsx[2m > [22m[2mAnswer Block Generator
[22m[39m[ChatContext] Setting initial chat: answer-block-chat
[90mstderr[2m | src/components/ChatSidebar.stories.jsx[2m > [22m[2mAnswer Block Generator
[22m[39m[useTabContext] Used outside of TabProvider, returning default values
[90mstdout[2m | src/components/ChatSidebar.stories.jsx[2m > [22m[2mAnswer Block Generator
[22m[39m[useTranslationWithCapture] t() called: {
  "key": "chatSidebar.aiAssistant",
  "mode": "off",
  "namespace": "components",
  "value": "AI Assistant",
}
[90mstdout[2m | src/components/ChatSidebar.stories.jsx[2m > [22m[2mAnswer Block Generator
[22m[39m[useTranslationWithCapture] t() called: {
  "key": "chatSidebar.newChat",
  "mode": "off",
  "namespace": "components",
  "value": "New chat",
}
[90mstdout[2m | src/components/ChatSidebar.stories.jsx[2m > [22m[2mAnswer Block Generator
[22m[39m[useTranslationWithCapture] t() called: {
  "key": "chatSidebar.archiveChat",
  "mode": "off",
  "namespace": "components",
  "value": "Archive chat",
}
[90mstdout[2m | src/components/ChatSidebar.stories.jsx[2m > [22m[2mAnswer Block Generator
[22m[39m[useTranslationWithCapture] t() called: {
  "key": "chatSidebar.welcomeMessage",
  "mode": "off",
  "namespace": "components",
  "value": "Ask me anything about your curriculum, files, or content!",
}
[90mstdout[2m | src/components/ChatSidebar.stories.jsx[2m > [22m[2mAnswer Block Generator
[22m[39m[useTranslationWithCapture] t() called: {
  "key": "chatSidebar.askMeAnything",
  "mode": "off",
  "namespace": "components",
  "value": "Ask me anything...",
}
[90mstdout[2m | src/components/ChatSidebar.stories.jsx[2m > [22m[2mAnswer Block Generator
[22m[39m[useTranslationWithCapture] t() called: {
  "key": "actions.send",
  "mode": "off",
  "namespace": "components",
  "value": "Send",
}
[90mstdout[2m | src/components/ChatSidebar.stories.jsx[2m > [22m[2mAnswer Block Generator
[22m[39m[useTranslationWithCapture] t() called: {
  "key": "chatSidebar.reviewImportVocabulary",
  "mode": "off",
  "namespace": "components",
  "value": "Review & Import Vocabulary",
}
[90mstdout[2m | src/components/ChatSidebar.stories.jsx[2m > [22m[2mAnswer Block Generator
[22m[39m[useTranslationWithCapture] t() called: {
  "key": "chatSidebar.confirm",
  "mode": "off",
  "namespace": "components",
  "value": "Confirm",
}
[90mstdout[2m | src/components/ChatSidebar.stories.jsx[2m > [22m[2mAnswer Block Generator
[22m[39m[useTranslationWithCapture] t() called: {
  "key": "chatSidebar.cancel",
  "mode": "off",
  "namespace": "components",
  "value": "Cancel",
}
[90mstdout[2m | src/components/ChatSidebar.stories.jsx[2m > [22m[2mAnswer Block Generator
[22m[39m[ChatSidebar] Loading messages for chat: answer-block-chat count: 3
[90mstdout[2m | src/components/ChatSidebar.stories.jsx[2m > [22m[2mAnswer Block Generator
[22m[39m[ChatSidebar] deepCloneMessages: cloned 3 messages
[90mstdout[2m | src/components/ChatSidebar.stories.jsx[2m > [22m[2mAnswer Block Generator
[22m[39m[Mock Data] generateClient() called - returning mock client
[90mstdout[2m | src/components/ChatSidebar.stories.jsx[2m > [22m[2mAnswer Block Generator
[22m[39m[Mock amplifyClient] getAmplifyClient() called - returning mock client
[90mstdout[2m | src/components/ChatSidebar.stories.jsx[2m > [22m[2mAnswer Block Generator
[22m[39m[Mock Data] AssistantChatFile.list() called with options: {
  "filter": {
    "chatID": {
      "eq": "answer-block-chat",
    },
  },
}
[90mstdout[2m | src/components/ChatSidebar.stories.jsx[2m > [22m[2mAnswer Block Generator
[22m[39m[ChatContext] Chat exists and not archived, skipping creation
[90mstderr[2m | src/components/ChatSidebar.stories.jsx[2m > [22m[2mAnswer Block Generator
[22m[39m[useTabContext] Used outside of TabProvider, returning default values
[90mstdout[2m | src/components/ChatSidebar.stories.jsx[2m > [22m[2mAnswer Block Generator
[22m[39m[ChatSidebar] useChat status: ready messages: 3 toolCalls: 0
[90mstdout[2m | src/components/ChatSidebar.stories.jsx[2m > [22m[2mAnswer Block Generator
[22m[39m[useTranslationWithCapture] t() called: {
  "key": "chatSidebar.aiAssistant",
  "mode": "off",
  "namespace": "components",
  "value": "AI Assistant",
}
[90mstdout[2m | src/components/ChatSidebar.stories.jsx[2m > [22m[2mAnswer Block Generator
[22m[39m[useTranslationWithCapture] t() called: {
  "key": "chatSidebar.newChat",
  "mode": "off",
  "namespace": "components",
  "value": "New chat",
}
[90mstdout[2m | src/components/ChatSidebar.stories.jsx[2m > [22m[2mAnswer Block Generator
[22m[39m[useTranslationWithCapture] t() called: {
  "key": "chatSidebar.archiveChat",
  "mode": "off",
  "namespace": "components",
  "value": "Archive chat",
}
[90mstdout[2m | src/components/ChatSidebar.stories.jsx[2m > [22m[2mAnswer Block Generator
[22m[39m[useTranslationWithCapture] t() called: {
  "key": "chatSidebar.welcomeMessage",
  "mode": "off",
  "namespace": "components",
  "value": "Ask me anything about your curriculum, files, or content!",
}
[90mstdout[2m | src/components/ChatSidebar.stories.jsx[2m > [22m[2mAnswer Block Generator
[22m[39m[useTranslationWithCapture] t() called: {
  "key": "chatSidebar.askMeAnything",
  "mode": "off",
  "namespace": "components",
  "value": "Ask me anything...",
}
[90mstdout[2m | src/components/ChatSidebar.stories.jsx[2m > [22m[2mAnswer Block Generator
[22m[39m[useTranslationWithCapture] t() called: {
  "key": "actions.send",
  "mode": "off",
  "namespace": "components",
  "value": "Send",
}
[90mstdout[2m | src/components/ChatSidebar.stories.jsx[2m > [22m[2mAnswer Block Generator
[22m[39m[useTranslationWithCapture] t() called: {
  "key": "chatSidebar.reviewImportVocabulary",
  "mode": "off",
  "namespace": "components",
  "value": "Review & Import Vocabulary",
}
[90mstdout[2m | src/components/ChatSidebar.stories.jsx[2m > [22m[2mAnswer Block Generator
[22m[39m[useTranslationWithCapture] t() called: {
  "key": "chatSidebar.confirm",
  "mode": "off",
  "namespace": "components",
  "value": "Confirm",
}
[90mstdout[2m | src/components/ChatSidebar.stories.jsx[2m > [22m[2mAnswer Block Generator
[22m[39m[useTranslationWithCapture] t() called: {
  "key": "chatSidebar.cancel",
  "mode": "off",
  "namespace": "components",
  "value": "Cancel",
}
[90mstdout[2m | src/components/ChatSidebar.stories.jsx[2m > [22m[2mAnswer Block Generator
[22m[39m[useTranslationWithCapture] t() called: {
  "key": "chatSidebar.messageList.chatMessagesLabel",
  "mode": "off",
  "namespace": "components",
  "value": "Chat messages",
}
[90mstdout[2m | src/components/ChatSidebar.stories.jsx[2m > [22m[2mAnswer Block Generator
[22m[39m[useTranslationWithCapture] t() called: {
  "key": "chatSidebar.messageList.chatMessagesLabel",
  "mode": "off",
  "namespace": "components",
  "value": "Chat messages",
}
[90mstdout[2m | src/components/ChatSidebar.stories.jsx[2m > [22m[2mAnswer Block Generator
[22m[39m[useTranslationWithCapture] t() called: {
  "key": "aiFeedbackWidget.whatToImprove",
  "mode": "off",
  "namespace": "components",
  "value": "What could be improved?",
}
[90mstdout[2m | src/components/ChatSidebar.stories.jsx[2m > [22m[2mAnswer Block Generator
[22m[39m[useTranslationWithCapture] t() called: {
  "key": "aiFeedbackWidget.selectAllThatApply",
  "mode": "off",
  "namespace": "components",
  "value": "Select all that apply:",
}
[90mstdout[2m | src/components/ChatSidebar.stories.jsx[2m > [22m[2mAnswer Block Generator
[22m[39m[useTranslationWithCapture] t() called: {
  "key": "aiFeedbackWidget.cancel",
  "mode": "off",
  "namespace": "components",
  "value": "Cancel",
}
[90mstdout[2m | src/components/ChatSidebar.stories.jsx[2m > [22m[2mAnswer Block Generator
[22m[39m[useTranslationWithCapture] t() called: {
  "key": "aiFeedbackWidget.submit",
  "mode": "off",
  "namespace": "components",
  "value": "Submit",
}
[90mstdout[2m | src/components/ChatSidebar.stories.jsx[2m > [22m[2mAnswer Block Generator
[22m[39mAnswerComponent    [
  "word-1",
  "word-2",
  "word-3",
] {}
[90mstdout[2m | src/components/ChatSidebar.stories.jsx[2m > [22m[2mAnswer Block Generator
[22m[39m[useTranslationWithCapture] t() called: {
  "key": "answerComponent.inputMethods.text",
  "mode": "off",
  "namespace": "workbook",
  "value": "Text",
}
[90mstdout[2m | src/components/ChatSidebar.stories.jsx[2m > [22m[2mAnswer Block Generator
[22m[39mcurrentPromptMethod text
[90mstdout[2m | src/components/ChatSidebar.stories.jsx[2m > [22m[2mAnswer Block Generator
[22m[39mdictionary[wordId]?.phrase undefined
[90mstderr[2m | src/components/ChatSidebar.stories.jsx[2m > [22m[2mAnswer Block Generator
[22m[39mWord word-1 not found in dictionary
[90mstdout[2m | src/components/ChatSidebar.stories.jsx[2m > [22m[2mAnswer Block Generator
[22m[39mcurrentPromptMethod text
[90mstdout[2m | src/components/ChatSidebar.stories.jsx[2m > [22m[2mAnswer Block Generator
[22m[39mdictionary[wordId]?.phrase undefined
[90mstderr[2m | src/components/ChatSidebar.stories.jsx[2m > [22m[2mAnswer Block Generator
[22m[39mWord word-2 not found in dictionary
[90mstdout[2m | src/components/ChatSidebar.stories.jsx[2m > [22m[2mAnswer Block Generator
[22m[39mcurrentPromptMethod text
[90mstdout[2m | src/components/ChatSidebar.stories.jsx[2m > [22m[2mAnswer Block Generator
[22m[39mdictionary[wordId]?.phrase undefined
[90mstderr[2m | src/components/ChatSidebar.stories.jsx[2m > [22m[2mAnswer Block Generator
[22m[39mWord word-3 not found in dictionary
[90mstdout[2m | src/components/ChatSidebar.stories.jsx[2m > [22m[2mAnswer Block Generator
[22m[39m[useTranslationWithCapture] t() called: {
  "key": "aiFeedbackWidget.whatToImprove",
  "mode": "off",
  "namespace": "components",
  "value": "What could be improved?",
}
[90mstdout[2m | src/components/ChatSidebar.stories.jsx[2m > [22m[2mAnswer Block Generator
[22m[39m[useTranslationWithCapture] t() called: {
  "key": "aiFeedbackWidget.selectAllThatApply",
  "mode": "off",
  "namespace": "components",
  "value": "Select all that apply:",
}
[90mstdout[2m | src/components/ChatSidebar.stories.jsx[2m > [22m[2mAnswer Block Generator
[22m[39m[useTranslationWithCapture] t() called: {
  "key": "aiFeedbackWidget.cancel",
  "mode": "off",
  "namespace": "components",
  "value": "Cancel",
}
[90mstdout[2m | src/components/ChatSidebar.stories.jsx[2m > [22m[2mAnswer Block Generator
[22m[39m[useTranslationWithCapture] t() called: {
  "key": "aiFeedbackWidget.submit",
  "mode": "off",
  "namespace": "components",
  "value": "Submit",
}
[90mstdout[2m | src/components/ChatSidebar.stories.jsx[2m > [22m[2mAnswer Block Generator
[22m[39m[Mock Data] generateClient() called - returning mock client
[90mstdout[2m | src/components/ChatSidebar.stories.jsx[2m > [22m[2mAnswer Block Generator
[22m[39m[Mock amplifyClient] getAmplifyClient() called - returning mock client
[90mstdout[2m | src/components/ChatSidebar.stories.jsx[2m > [22m[2mAnswer Block Generator
[22m[39m[useTranslationWithCapture] t() called: {
  "key": "chatSidebar.messageList.chatMessagesLabel",
  "mode": "off",
  "namespace": "components",
  "value": "Chat messages",
}
[90mstdout[2m | src/components/ChatSidebar.stories.jsx[2m > [22m[2mAnswer Block Generator
[22m[39m[useTranslationWithCapture] t() called: {
  "key": "aiFeedbackWidget.whatToImprove",
  "mode": "off",
  "namespace": "components",
  "value": "What could be improved?",
}
[90mstdout[2m | src/components/ChatSidebar.stories.jsx[2m > [22m[2mAnswer Block Generator
[22m[39m[useTranslationWithCapture] t() called: {
  "key": "aiFeedbackWidget.selectAllThatApply",
  "mode": "off",
  "namespace": "components",
  "value": "Select all that apply:",
}
[90mstdout[2m | src/components/ChatSidebar.stories.jsx[2m > [22m[2mAnswer Block Generator
[22m[39m[useTranslationWithCapture] t() called: {
  "key": "aiFeedbackWidget.cancel",
  "mode": "off",
  "namespace": "components",
  "value": "Cancel",
}
[90mstdout[2m | src/components/ChatSidebar.stories.jsx[2m > [22m[2mAnswer Block Generator
[22m[39m[useTranslationWithCapture] t() called: {
  "key": "aiFeedbackWidget.submit",
  "mode": "off",
  "namespace": "components",
  "value": "Submit",
}
[90mstdout[2m | src/components/ChatSidebar.stories.jsx[2m > [22m[2mAnswer Block Generator
[22m[39mAnswerComponent    [
  "word-1",
  "word-2",
  "word-3",
] {}
[90mstdout[2m | src/components/ChatSidebar.stories.jsx[2m > [22m[2mAnswer Block Generator
[22m[39m[useTranslationWithCapture] t() called: {
  "key": "answerComponent.inputMethods.text",
  "mode": "off",
  "namespace": "workbook",
  "value": "Text",
}
[90mstdout[2m | src/components/ChatSidebar.stories.jsx[2m > [22m[2mAnswer Block Generator
[22m[39mcurrentPromptMethod text
[90mstdout[2m | src/components/ChatSidebar.stories.jsx[2m > [22m[2mAnswer Block Generator
[22m[39mdictionary[wordId]?.phrase undefined
[90mstderr[2m | src/components/ChatSidebar.stories.jsx[2m > [22m[2mAnswer Block Generator
[22m[39mWord word-1 not found in dictionary
[90mstdout[2m | src/components/ChatSidebar.stories.jsx[2m > [22m[2mAnswer Block Generator
[22m[39mcurrentPromptMethod text
[90mstdout[2m | src/components/ChatSidebar.stories.jsx[2m > [22m[2mAnswer Block Generator
[22m[39mdictionary[wordId]?.phrase undefined
[90mstderr[2m | src/components/ChatSidebar.stories.jsx[2m > [22m[2mAnswer Block Generator
[22m[39mWord word-2 not found in dictionary
[90mstdout[2m | src/components/ChatSidebar.stories.jsx[2m > [22m[2mAnswer Block Generator
[22m[39mcurrentPromptMethod text
[90mstdout[2m | src/components/ChatSidebar.stories.jsx[2m > [22m[2mAnswer Block Generator
[22m[39mdictionary[wordId]?.phrase undefined
[90mstderr[2m | src/components/ChatSidebar.stories.jsx[2m > [22m[2mAnswer Block Generator
[22m[39mWord word-3 not found in dictionary
[90mstdout[2m | src/components/ChatSidebar.stories.jsx[2m > [22m[2mAnswer Block Generator
[22m[39m[useTranslationWithCapture] t() called: {
  "key": "aiFeedbackWidget.whatToImprove",
  "mode": "off",
  "namespace": "components",
  "value": "What could be improved?",
}
[90mstdout[2m | src/components/ChatSidebar.stories.jsx[2m > [22m[2mAnswer Block Generator
[22m[39m[useTranslationWithCapture] t() called: {
  "key": "aiFeedbackWidget.selectAllThatApply",
  "mode": "off",
  "namespace": "components",
  "value": "Select all that apply:",
}
[90mstdout[2m | src/components/ChatSidebar.stories.jsx[2m > [22m[2mAnswer Block Generator
[22m[39m[useTranslationWithCapture] t() called: {
  "key": "aiFeedbackWidget.cancel",
  "mode": "off",
  "namespace": "components",
  "value": "Cancel",
}
[90mstdout[2m | src/components/ChatSidebar.stories.jsx[2m > [22m[2mAnswer Block Generator
[22m[39m[useTranslationWithCapture] t() called: {
  "key": "aiFeedbackWidget.submit",
  "mode": "off",
  "namespace": "components",
  "value": "Submit",
}
[90mstdout[2m | src/components/ChatSidebar.stories.jsx[2m > [22m[2mAnswer Block Generator
[22m[39m[Mock Data] Settings.create() called with: {
  "assistantVoice": "shimmer",
  "autoAnalyzeDocuments": true,
  "defaultAIModel": "gpt-4",
  "documentAnalysisModel": "gpt-4",
  "editorFontSize": 14,
  "editorTheme": "auto",
  "emailNotifications": true,
  "language": "en",
  "webhookNotifications": false,
}
[90mstdout[2m | src/components/ChatSidebar.stories.jsx[2m > [22m[2mAnswer Block Generator
[22m[39m[Mock Data] Settings created: mock-settings-1776336978926 - notified 1 subscribers
[90mstderr[2m | src/components/ChatSidebar.stories.jsx[2m > [22m[2mAnswer Block Generator
[22m[39m[useTabContext] Used outside of TabProvider, returning default values
[90mstdout[2m | src/components/ChatSidebar.stories.jsx[2m > [22m[2mAnswer Block Generator
[22m[39m[ChatSidebar] useChat status: ready messages: 3 toolCalls: 0
[90mstdout[2m | src/components/ChatSidebar.stories.jsx[2m > [22m[2mAnswer Block Generator
[22m[39m[useTranslationWithCapture] t() called: {
  "key": "chatSidebar.aiAssistant",
  "mode": "off",
  "namespace": "components",
  "value": "AI Assistant",
}
[90mstdout[2m | src/components/ChatSidebar.stories.jsx[2m > [22m[2mAnswer Block Generator
[22m[39m[useTranslationWithCapture] t() called: {
  "key": "chatSidebar.newChat",
  "mode": "off",
  "namespace": "components",
  "value": "New chat",
}
[90mstdout[2m | src/components/ChatSidebar.stories.jsx[2m > [22m[2mAnswer Block Generator
[22m[39m[useTranslationWithCapture] t() called: {
  "key": "chatSidebar.archiveChat",
  "mode": "off",
  "namespace": "components",
  "value": "Archive chat",
}
[90mstdout[2m | src/components/ChatSidebar.stories.jsx[2m > [22m[2mAnswer Block Generator
[22m[39m[useTranslationWithCapture] t() called: {
  "key": "chatSidebar.welcomeMessage",
  "mode": "off",
  "namespace": "components",
  "value": "Ask me anything about your curriculum, files, or content!",
}
[90mstdout[2m | src/components/ChatSidebar.stories.jsx[2m > [22m[2mAnswer Block Generator
[22m[39m[useTranslationWithCapture] t() called: {
  "key": "chatSidebar.askMeAnything",
  "mode": "off",
  "namespace": "components",
  "value": "Ask me anything...",
}
[90mstdout[2m | src/components/ChatSidebar.stories.jsx[2m > [22m[2mAnswer Block Generator
[22m[39m[useTranslationWithCapture] t() called: {
  "key": "actions.send",
  "mode": "off",
  "namespace": "components",
  "value": "Send",
}
[90mstdout[2m | src/components/ChatSidebar.stories.jsx[2m > [22m[2mAnswer Block Generator
[22m[39m[useTranslationWithCapture] t() called: {
  "key": "chatSidebar.reviewImportVocabulary",
  "mode": "off",
  "namespace": "components",
  "value": "Review & Import Vocabulary",
}
[90mstdout[2m | src/components/ChatSidebar.stories.jsx[2m > [22m[2mAnswer Block Generator
[22m[39m[useTranslationWithCapture] t() called: {
  "key": "chatSidebar.confirm",
  "mode": "off",
  "namespace": "components",
  "value": "Confirm",
}
[90mstdout[2m | src/components/ChatSidebar.stories.jsx[2m > [22m[2mAnswer Block Generator
[22m[39m[useTranslationWithCapture] t() called: {
  "key": "chatSidebar.cancel",
  "mode": "off",
  "namespace": "components",
  "value": "Cancel",
}
[90mstdout[2m | src/components/ChatSidebar.stories.jsx[2m > [22m[2mAnswer Block Generator
[22m[39m[useTranslationWithCapture] t() called: {
  "key": "chatSidebar.messageList.chatMessagesLabel",
  "mode": "off",
  "namespace": "components",
  "value": "Chat messages",
}
[90mstdout[2m | src/components/ChatSidebar.stories.jsx[2m > [22m[2mAnswer Block Generator
[22m[39m[useTranslationWithCapture] t() called: {
  "key": "aiFeedbackWidget.whatToImprove",
  "mode": "off",
  "namespace": "components",
  "value": "What could be improved?",
}
[90mstdout[2m | src/components/ChatSidebar.stories.jsx[2m > [22m[2mAnswer Block Generator
[22m[39m[useTranslationWithCapture] t() called: {
  "key": "aiFeedbackWidget.selectAllThatApply",
  "mode": "off",
  "namespace": "components",
  "value": "Select all that apply:",
}
[90mstdout[2m | src/components/ChatSidebar.stories.jsx[2m > [22m[2mAnswer Block Generator
[22m[39m[useTranslationWithCapture] t() called: {
  "key": "aiFeedbackWidget.cancel",
  "mode": "off",
  "namespace": "components",
  "value": "Cancel",
}
[90mstdout[2m | src/components/ChatSidebar.stories.jsx[2m > [22m[2mAnswer Block Generator
[22m[39m[useTranslationWithCapture] t() called: {
  "key": "aiFeedbackWidget.submit",
  "mode": "off",
  "namespace": "components",
  "value": "Submit",
}
[90mstdout[2m | src/components/ChatSidebar.stories.jsx[2m > [22m[2mAnswer Block Generator
[22m[39mAnswerComponent    [
  "word-1",
  "word-2",
  "word-3",
] {}
[90mstdout[2m | src/components/ChatSidebar.stories.jsx[2m > [22m[2mAnswer Block Generator
[22m[39m[useTranslationWithCapture] t() called: {
  "key": "answerComponent.inputMethods.text",
  "mode": "off",
  "namespace": "workbook",
  "value": "Text",
}
[90mstdout[2m | src/components/ChatSidebar.stories.jsx[2m > [22m[2mAnswer Block Generator
[22m[39mcurrentPromptMethod text
[90mstdout[2m | src/components/ChatSidebar.stories.jsx[2m > [22m[2mAnswer Block Generator
[22m[39mdictionary[wordId]?.phrase undefined
[90mstderr[2m | src/components/ChatSidebar.stories.jsx[2m > [22m[2mAnswer Block Generator
[22m[39mWord word-1 not found in dictionary
[90mstdout[2m | src/components/ChatSidebar.stories.jsx[2m > [22m[2mAnswer Block Generator
[22m[39mcurrentPromptMethod text
[90mstdout[2m | src/components/ChatSidebar.stories.jsx[2m > [22m[2mAnswer Block Generator
[22m[39mdictionary[wordId]?.phrase undefined
[90mstderr[2m | src/components/ChatSidebar.stories.jsx[2m > [22m[2mAnswer Block Generator
[22m[39mWord word-2 not found in dictionary
[90mstdout[2m | src/components/ChatSidebar.stories.jsx[2m > [22m[2mAnswer Block Generator
[22m[39mcurrentPromptMethod text
[90mstdout[2m | src/components/ChatSidebar.stories.jsx[2m > [22m[2mAnswer Block Generator
[22m[39mdictionary[wordId]?.phrase undefined
[90mstderr[2m | src/components/ChatSidebar.stories.jsx[2m > [22m[2mAnswer Block Generator
[22m[39mWord word-3 not found in dictionary
[90mstdout[2m | src/components/ChatSidebar.stories.jsx[2m > [22m[2mAnswer Block Generator
[22m[39m[useTranslationWithCapture] t() called: {
  "key": "aiFeedbackWidget.whatToImprove",
  "mode": "off",
  "namespace": "components",
  "value": "What could be improved?",
}
[90mstdout[2m | src/components/ChatSidebar.stories.jsx[2m > [22m[2mAnswer Block Generator
[22m[39m[useTranslationWithCapture] t() called: {
  "key": "aiFeedbackWidget.selectAllThatApply",
  "mode": "off",
  "namespace": "components",
  "value": "Select all that apply:",
}
[90mstdout[2m | src/components/ChatSidebar.stories.jsx[2m > [22m[2mAnswer Block Generator
[22m[39m[useTranslationWithCapture] t() called: {
  "key": "aiFeedbackWidget.cancel",
  "mode": "off",
  "namespace": "components",
  "value": "Cancel",
}
[90mstdout[2m | src/components/ChatSidebar.stories.jsx[2m > [22m[2mAnswer Block Generator
[22m[39m[useTranslationWithCapture] t() called: {
  "key": "aiFeedbackWidget.submit",
  "mode": "off",
  "namespace": "components",
  "value": "Submit",
}
[90mstdout[2m | src/components/ChatSidebar.stories.jsx[2m > [22m[2mAnswer Block Generator
[22m[39m[Mock Data] generateClient() called - returning mock client
[90mstdout[2m | src/components/ChatSidebar.stories.jsx[2m > [22m[2mAnswer Block Generator
[22m[39m[Mock amplifyClient] getAmplifyClient() called - returning mock client
[90mstdout[2m | src/components/ChatSidebar.stories.jsx[2m > [22m[2mAnswer Block Generator
[22m[39m[Mock Data] AssistantChatFile.list() called with options: {
  "filter": {
    "chatID": {
      "eq": "answer-block-chat",
    },
  },
}
[90mstderr[2m | src/components/ChatSidebar.stories.jsx[2m > [22m[2mAnswer Block Generator
[22m[39mAn update to VirtualizedMessageList inside a test was not wrapped in act(...).

When testing, code that causes React state updates should be wrapped into act(...):

act(() => {
  /* fire events that update state */
});
/* assert on the output */

This ensures that you're testing the behavior the user would see in the browser. Learn more at https://react.dev/link/wrap-tests-with-act
[90mstderr[2m | src/components/ChatSidebar.stories.jsx[2m > [22m[2mAnswer Block Generator
[22m[39mAn update to VirtualizedMessageList inside a test was not wrapped in act(...).

When testing, code that causes React state updates should be wrapped into act(...):

act(() => {
  /* fire events that update state */
});
/* assert on the output */

This ensures that you're testing the behavior the user would see in the browser. Learn more at https://react.dev/link/wrap-tests-with-act
[90mstdout[2m | src/components/ChatSidebar.stories.jsx[2m > [22m[2mAnswer Block Generator
[22m[39m[useTranslationWithCapture] t() called: {
  "key": "chatSidebar.messageList.chatMessagesLabel",
  "mode": "off",
  "namespace": "components",
  "value": "Chat messages",
}
[90mstdout[2m | src/components/ChatSidebar.stories.jsx[2m > [22m[2mAnswer Block Generator
[22m[39m[useTranslationWithCapture] t() called: {
  "key": "aiFeedbackWidget.whatToImprove",
  "mode": "off",
  "namespace": "components",
  "value": "What could be improved?",
}
[90mstdout[2m | src/components/ChatSidebar.stories.jsx[2m > [22m[2mAnswer Block Generator
[22m[39m[useTranslationWithCapture] t() called: {
  "key": "aiFeedbackWidget.selectAllThatApply",
  "mode": "off",
  "namespace": "components",
  "value": "Select all that apply:",
}
[90mstdout[2m | src/components/ChatSidebar.stories.jsx[2m > [22m[2mAnswer Block Generator
[22m[39m[useTranslationWithCapture] t() called: {
  "key": "aiFeedbackWidget.cancel",
  "mode": "off",
  "namespace": "components",
  "value": "Cancel",
}
[90mstdout[2m | src/components/ChatSidebar.stories.jsx[2m > [22m[2mAnswer Block Generator
[22m[39m[useTranslationWithCapture] t() called: {
  "key": "aiFeedbackWidget.submit",
  "mode": "off",
  "namespace": "components",
  "value": "Submit",
}
[90mstdout[2m | src/components/ChatSidebar.stories.jsx[2m > [22m[2mAnswer Block Generator
[22m[39mAnswerComponent    [
  "word-1",
  "word-2",
  "word-3",
] {}
[90mstdout[2m | src/components/ChatSidebar.stories.jsx[2m > [22m[2mAnswer Block Generator
[22m[39m[useTranslationWithCapture] t() called: {
  "key": "answerComponent.inputMethods.text",
  "mode": "off",
  "namespace": "workbook",
  "value": "Text",
}
[90mstdout[2m | src/components/ChatSidebar.stories.jsx[2m > [22m[2mAnswer Block Generator
[22m[39mcurrentPromptMethod text
[90mstdout[2m | src/components/ChatSidebar.stories.jsx[2m > [22m[2mAnswer Block Generator
[22m[39mdictionary[wordId]?.phrase undefined
[90mstderr[2m | src/components/ChatSidebar.stories.jsx[2m > [22m[2mAnswer Block Generator
[22m[39mWord word-1 not found in dictionary
[90mstdout[2m | src/components/ChatSidebar.stories.jsx[2m > [22m[2mAnswer Block Generator
[22m[39mcurrentPromptMethod text
[90mstdout[2m | src/components/ChatSidebar.stories.jsx[2m > [22m[2mAnswer Block Generator
[22m[39mdictionary[wordId]?.phrase undefined
[90mstderr[2m | src/components/ChatSidebar.stories.jsx[2m > [22m[2mAnswer Block Generator
[22m[39mWord word-2 not found in dictionary
[90mstdout[2m | src/components/ChatSidebar.stories.jsx[2m > [22m[2mAnswer Block Generator
[22m[39mcurrentPromptMethod text
[90mstdout[2m | src/components/ChatSidebar.stories.jsx[2m > [22m[2mAnswer Block Generator
[22m[39mdictionary[wordId]?.phrase undefined
[90mstderr[2m | src/components/ChatSidebar.stories.jsx[2m > [22m[2mAnswer Block Generator
[22m[39mWord word-3 not found in dictionary
[90mstdout[2m | src/components/ChatSidebar.stories.jsx[2m > [22m[2mAnswer Block Generator
[22m[39m[useTranslationWithCapture] t() called: {
  "key": "aiFeedbackWidget.whatToImprove",
  "mode": "off",
  "namespace": "components",
  "value": "What could be improved?",
}
[90mstdout[2m | src/components/ChatSidebar.stories.jsx[2m > [22m[2mAnswer Block Generator
[22m[39m[useTranslationWithCapture] t() called: {
  "key": "aiFeedbackWidget.selectAllThatApply",
  "mode": "off",
  "namespace": "components",
  "value": "Select all that apply:",
}
[90mstdout[2m | src/components/ChatSidebar.stories.jsx[2m > [22m[2mAnswer Block Generator
[22m[39m[useTranslationWithCapture] t() called: {
  "key": "aiFeedbackWidget.cancel",
  "mode": "off",
  "namespace": "components",
  "value": "Cancel",
}
[90mstdout[2m | src/components/ChatSidebar.stories.jsx[2m > [22m[2mAnswer Block Generator
[22m[39m[useTranslationWithCapture] t() called: {
  "key": "aiFeedbackWidget.submit",
  "mode": "off",
  "namespace": "components",
  "value": "Submit",
}
[90mstderr[2m | src/components/ChatSidebar.stories.jsx[2m > [22m[2mAnswer Block Generator
[22m[39mAn update to VirtualizedMessageList inside a test was not wrapped in act(...).

When testing, code that causes React state updates should be wrapped into act(...):

act(() => {
  /* fire events that update state */
});
/* assert on the output */

This ensures that you're testing the behavior the user would see in the browser. Learn more at https://react.dev/link/wrap-tests-with-act
[90mstderr[2m | src/components/ChatSidebar.stories.jsx[2m > [22m[2mAnswer Block Generator
[22m[39mAn update to VirtualizedMessageList inside a test was not wrapped in act(...).

When testing, code that causes React state updates should be wrapped into act(...):

act(() => {
  /* fire events that update state */
});
/* assert on the output */

This ensures that you're testing the behavior the user would see in the browser. Learn more at https://react.dev/link/wrap-tests-with-act
[90mstdout[2m | src/components/ChatSidebar.stories.jsx[2m > [22m[2mAnswer Block Generator
[22m[39m[useTranslationWithCapture] t() called: {
  "key": "chatSidebar.messageList.chatMessagesLabel",
  "mode": "off",
  "namespace": "components",
  "value": "Chat messages",
}
[90mstdout[2m | src/components/ChatSidebar.stories.jsx[2m > [22m[2mAnswer Block Generator
[22m[39m[useTranslationWithCapture] t() called: {
  "key": "aiFeedbackWidget.whatToImprove",
  "mode": "off",
  "namespace": "components",
  "value": "What could be improved?",
}
[90mstdout[2m | src/components/ChatSidebar.stories.jsx[2m > [22m[2mAnswer Block Generator
[22m[39m[useTranslationWithCapture] t() called: {
  "key": "aiFeedbackWidget.selectAllThatApply",
  "mode": "off",
  "namespace": "components",
  "value": "Select all that apply:",
}
[90mstdout[2m | src/components/ChatSidebar.stories.jsx[2m > [22m[2mAnswer Block Generator
[22m[39m[useTranslationWithCapture] t() called: {
  "key": "aiFeedbackWidget.cancel",
  "mode": "off",
  "namespace": "components",
  "value": "Cancel",
}
[90mstdout[2m | src/components/ChatSidebar.stories.jsx[2m > [22m[2mAnswer Block Generator
[22m[39m[useTranslationWithCapture] t() called: {
  "key": "aiFeedbackWidget.submit",
  "mode": "off",
  "namespace": "components",
  "value": "Submit",
}
[90mstdout[2m | src/components/ChatSidebar.stories.jsx[2m > [22m[2mAnswer Block Generator
[22m[39mAnswerComponent    [
  "word-1",
  "word-2",
  "word-3",
] {}
[90mstdout[2m | src/components/ChatSidebar.stories.jsx[2m > [22m[2mAnswer Block Generator
[22m[39m[useTranslationWithCapture] t() called: {
  "key": "answerComponent.inputMethods.text",
  "mode": "off",
  "namespace": "workbook",
  "value": "Text",
}
[90mstdout[2m | src/components/ChatSidebar.stories.jsx[2m > [22m[2mAnswer Block Generator
[22m[39mcurrentPromptMethod text
[90mstdout[2m | src/components/ChatSidebar.stories.jsx[2m > [22m[2mAnswer Block Generator
[22m[39mdictionary[wordId]?.phrase undefined
[90mstderr[2m | src/components/ChatSidebar.stories.jsx[2m > [22m[2mAnswer Block Generator
[22m[39mWord word-1 not found in dictionary
[90mstdout[2m | src/components/ChatSidebar.stories.jsx[2m > [22m[2mAnswer Block Generator
[22m[39mcurrentPromptMethod text
[90mstdout[2m | src/components/ChatSidebar.stories.jsx[2m > [22m[2mAnswer Block Generator
[22m[39mdictionary[wordId]?.phrase undefined
[90mstderr[2m | src/components/ChatSidebar.stories.jsx[2m > [22m[2mAnswer Block Generator
[22m[39mWord word-2 not found in dictionary
[90mstdout[2m | src/components/ChatSidebar.stories.jsx[2m > [22m[2mAnswer Block Generator
[22m[39mcurrentPromptMethod text
[90mstdout[2m | src/components/ChatSidebar.stories.jsx[2m > [22m[2mAnswer Block Generator
[22m[39mdictionary[wordId]?.phrase undefined
[90mstderr[2m | src/components/ChatSidebar.stories.jsx[2m > [22m[2mAnswer Block Generator
[22m[39mWord word-3 not found in dictionary
[90mstdout[2m | src/components/ChatSidebar.stories.jsx[2m > [22m[2mAnswer Block Generator
[22m[39m[useTranslationWithCapture] t() called: {
  "key": "aiFeedbackWidget.whatToImprove",
  "mode": "off",
  "namespace": "components",
  "value": "What could be improved?",
}
[90mstdout[2m | src/components/ChatSidebar.stories.jsx[2m > [22m[2mAnswer Block Generator
[22m[39m[useTranslationWithCapture] t() called: {
  "key": "aiFeedbackWidget.selectAllThatApply",
  "mode": "off",
  "namespace": "components",
  "value": "Select all that apply:",
}
[90mstdout[2m | src/components/ChatSidebar.stories.jsx[2m > [22m[2mAnswer Block Generator
[22m[39m[useTranslationWithCapture] t() called: {
  "key": "aiFeedbackWidget.cancel",
  "mode": "off",
  "namespace": "components",
  "value": "Cancel",
}
[90mstdout[2m | src/components/ChatSidebar.stories.jsx[2m > [22m[2mAnswer Block Generator
[22m[39m[useTranslationWithCapture] t() called: {
  "key": "aiFeedbackWidget.submit",
  "mode": "off",
  "namespace": "components",
  "value": "Submit",
}
[90mstderr[2m | src/components/ChatSidebar.stories.jsx[2m > [22m[2mMeaning Association Generator
[22m[39mAn update to VirtualizedMessageList inside a test was not wrapped in act(...).

When testing, code that causes React state updates should be wrapped into act(...):

act(() => {
  /* fire events that update state */
});
/* assert on the output */

This ensures that you're testing the behavior the user would see in the browser. Learn more at https://react.dev/link/wrap-tests-with-act
[90mstderr[2m | src/components/ChatSidebar.stories.jsx[2m > [22m[2mMeaning Association Generator
[22m[39mAn update to VirtualizedMessageList inside a test was not wrapped in act(...).

When testing, code that causes React state updates should be wrapped into act(...):

act(() => {
  /* fire events that update state */
});
/* assert on the output */

This ensures that you're testing the behavior the user would see in the browser. Learn more at https://react.dev/link/wrap-tests-with-act
[90mstdout[2m | src/components/ChatSidebar.stories.jsx[2m > [22m[2mMeaning Association Generator
[22m[39m[useTranslationWithCapture] t() called: {
  "key": "chatSidebar.messageList.chatMessagesLabel",
  "mode": "off",
  "namespace": "components",
  "value": "Chat messages",
}
[90mstdout[2m | src/components/ChatSidebar.stories.jsx[2m > [22m[2mMeaning Association Generator
[22m[39m[useTranslationWithCapture] t() called: {
  "key": "aiFeedbackWidget.whatToImprove",
  "mode": "off",
  "namespace": "components",
  "value": "What could be improved?",
}
[90mstdout[2m | src/components/ChatSidebar.stories.jsx[2m > [22m[2mMeaning Association Generator
[22m[39m[useTranslationWithCapture] t() called: {
  "key": "aiFeedbackWidget.selectAllThatApply",
  "mode": "off",
  "namespace": "components",
  "value": "Select all that apply:",
}
[90mstdout[2m | src/components/ChatSidebar.stories.jsx[2m > [22m[2mMeaning Association Generator
[22m[39m[useTranslationWithCapture] t() called: {
  "key": "aiFeedbackWidget.cancel",
  "mode": "off",
  "namespace": "components",
  "value": "Cancel",
}
[90mstdout[2m | src/components/ChatSidebar.stories.jsx[2m > [22m[2mMeaning Association Generator
[22m[39m[useTranslationWithCapture] t() called: {
  "key": "aiFeedbackWidget.submit",
  "mode": "off",
  "namespace": "components",
  "value": "Submit",
}
[90mstdout[2m | src/components/ChatSidebar.stories.jsx[2m > [22m[2mMeaning Association Generator
[22m[39mAnswerComponent    [
  "word-1",
  "word-2",
  "word-3",
] {}
[90mstdout[2m | src/components/ChatSidebar.stories.jsx[2m > [22m[2mMeaning Association Generator
[22m[39m[useTranslationWithCapture] t() called: {
  "key": "answerComponent.inputMethods.text",
  "mode": "off",
  "namespace": "workbook",
  "value": "Text",
}
[90mstdout[2m | src/components/ChatSidebar.stories.jsx[2m > [22m[2mMeaning Association Generator
[22m[39mcurrentPromptMethod text
[90mstdout[2m | src/components/ChatSidebar.stories.jsx[2m > [22m[2mMeaning Association Generator
[22m[39mdictionary[wordId]?.phrase undefined
[90mstderr[2m | src/components/ChatSidebar.stories.jsx[2m > [22m[2mMeaning Association Generator
[22m[39mWord word-1 not found in dictionary
[90mstdout[2m | src/components/ChatSidebar.stories.jsx[2m > [22m[2mMeaning Association Generator
[22m[39mcurrentPromptMethod text
[90mstdout[2m | src/components/ChatSidebar.stories.jsx[2m > [22m[2mMeaning Association Generator
[22m[39mdictionary[wordId]?.phrase undefined
[90mstderr[2m | src/components/ChatSidebar.stories.jsx[2m > [22m[2mMeaning Association Generator
[22m[39mWord word-2 not found in dictionary
[90mstdout[2m | src/components/ChatSidebar.stories.jsx[2m > [22m[2mMeaning Association Generator
[22m[39mcurrentPromptMethod text
[90mstdout[2m | src/components/ChatSidebar.stories.jsx[2m > [22m[2mMeaning Association Generator
[22m[39mdictionary[wordId]?.phrase undefined
[90mstderr[2m | src/components/ChatSidebar.stories.jsx[2m > [22m[2mMeaning Association Generator
[22m[39mWord word-3 not found in dictionary
[90mstdout[2m | src/components/ChatSidebar.stories.jsx[2m > [22m[2mMeaning Association Generator
[22m[39m[useTranslationWithCapture] t() called: {
  "key": "aiFeedbackWidget.whatToImprove",
  "mode": "off",
  "namespace": "components",
  "value": "What could be improved?",
}
[90mstdout[2m | src/components/ChatSidebar.stories.jsx[2m > [22m[2mMeaning Association Generator
[22m[39m[useTranslationWithCapture] t() called: {
  "key": "aiFeedbackWidget.selectAllThatApply",
  "mode": "off",
  "namespace": "components",
  "value": "Select all that apply:",
}
[90mstdout[2m | src/components/ChatSidebar.stories.jsx[2m > [22m[2mMeaning Association Generator
[22m[39m[useTranslationWithCapture] t() called: {
  "key": "aiFeedbackWidget.cancel",
  "mode": "off",
  "namespace": "components",
  "value": "Cancel",
}
[90mstdout[2m | src/components/ChatSidebar.stories.jsx[2m > [22m[2mMeaning Association Generator
[22m[39m[useTranslationWithCapture] t() called: {
  "key": "aiFeedbackWidget.submit",
  "mode": "off",
  "namespace": "components",
  "value": "Submit",
}
[90mstderr[2m | src/components/ChatSidebar.stories.jsx[2m > [22m[2mMeaning Association Generator
[22m[39mAn update to VirtualizedMessageList inside a test was not wrapped in act(...).

When testing, code that causes React state updates should be wrapped into act(...):

act(() => {
  /* fire events that update state */
});
/* assert on the output */

This ensures that you're testing the behavior the user would see in the browser. Learn more at https://react.dev/link/wrap-tests-with-act
[90mstdout[2m | src/components/ChatSidebar.stories.jsx[2m > [22m[2mMeaning Association Generator
[22m[39m[useTranslationWithCapture] t() called: {
  "key": "chatSidebar.messageList.chatMessagesLabel",
  "mode": "off",
  "namespace": "components",
  "value": "Chat messages",
}
[90mstdout[2m | src/components/ChatSidebar.stories.jsx[2m > [22m[2mMeaning Association Generator
[22m[39m[Mock Data] Settings subscription unsubscribed. Remaining: 0
[90mstdout[2m | src/components/ChatSidebar.stories.jsx[2m > [22m[2mMeaning Association Generator
[22m[39m[ChatContext] Cleaning up subscription
[90mstdout[2m | src/components/ChatSidebar.stories.jsx[2m > [22m[2mMeaning Association Generator
[22m[39m[Mock Data] AssistantChat subscription unsubscribed. Remaining: 0
[90mstdout[2m | src/components/ChatSidebar.stories.jsx[2m > [22m[2mMeaning Association Generator
[22m[39m[Mock Data] File subscription unsubscribed. Remaining: 0
[90mstdout[2m | src/components/ChatSidebar.stories.jsx[2m > [22m[2mMeaning Association Generator
[22m[39m[Mock Data] Document subscription unsubscribed. Remaining: 1
[90mstdout[2m | src/components/ChatSidebar.stories.jsx[2m > [22m[2mMeaning Association Generator
[22m[39m[Mock Data] Word subscription unsubscribed. Remaining: 0
[90mstdout[2m | src/components/ChatSidebar.stories.jsx[2m > [22m[2mMeaning Association Generator
[22m[39m[Mock Data] Question subscription unsubscribed. Remaining: 0
[90mstdout[2m | src/components/ChatSidebar.stories.jsx[2m > [22m[2mMeaning Association Generator
[22m[39m[Mock Data] Grade subscription unsubscribed. Remaining: 0
[90mstdout[2m | src/components/ChatSidebar.stories.jsx[2m > [22m[2mMeaning Association Generator
[22m[39m[Mock Data] Unit subscription unsubscribed. Remaining: 0
[90mstdout[2m | src/components/ChatSidebar.stories.jsx[2m > [22m[2mMeaning Association Generator
[22m[39m[SectionContext] Cleaning up subscriptions
[90mstdout[2m | src/components/ChatSidebar.stories.jsx[2m > [22m[2mMeaning Association Generator
[22m[39m[Mock Data] Section.onCreate() subscription removed. Remaining: 0
[90mstdout[2m | src/components/ChatSidebar.stories.jsx[2m > [22m[2mMeaning Association Generator
[22m[39m[Mock Data] Section.onUpdate() subscription removed. Remaining: 0
[90mstdout[2m | src/components/ChatSidebar.stories.jsx[2m > [22m[2mMeaning Association Generator
[22m[39m[Mock Data] Section.onDelete() subscription removed. Remaining: 0
[90mstdout[2m | src/components/ChatSidebar.stories.jsx[2m > [22m[2mMeaning Association Generator
[22m[39m[Mock Data] Assignment.onCreate() subscription removed. Remaining: 0
[90mstdout[2m | src/components/ChatSidebar.stories.jsx[2m > [22m[2mMeaning Association Generator
[22m[39m[Mock Data] Assignment.onUpdate() subscription removed. Remaining: 0
[90mstdout[2m | src/components/ChatSidebar.stories.jsx[2m > [22m[2mMeaning Association Generator
[22m[39m[Mock Data] Assignment.onDelete() subscription removed. Remaining: 0
[90mstdout[2m | src/components/ChatSidebar.stories.jsx[2m > [22m[2mMeaning Association Generator
[22m[39m[chatTools] Vector store search function registered: false
[90mstdout[2m | src/components/ChatSidebar.stories.jsx[2m > [22m[2mMeaning Association Generator
[22m[39m[Mock Data] Document subscription unsubscribed. Remaining: 0
[90mstdout[2m | src/components/ChatSidebar.stories.jsx[2m > [22m[2mMeaning Association Generator
[22m[39m[Mock Data] Clearing all data stores
[90mstdout[2m | src/components/ChatSidebar.stories.jsx[2m > [22m[2mMeaning Association Generator
[22m[39m[Mock Data] All data stores cleared
[90mstdout[2m | src/components/ChatSidebar.stories.jsx[2m > [22m[2mMeaning Association Generator
[22m[39m[Preview] Cleared mock data for story
[90mstdout[2m | src/components/ChatSidebar.stories.jsx[2m > [22m[2mMeaning Association Generator
[22m[39m[Preview] Skipped initializing default mock data (initializeMockData=false)
[90mstdout[2m | src/components/ChatSidebar.stories.jsx[2m > [22m[2mMeaning Association Generator
[22m[39m[Mock AuthContext] Providing auth: {
  "error": undefined,
  "isLoading": false,
  "session": {
    "idToken": {
      "toString": [Function toString],
    },
    "identityId": "us-east-1:mock-identity-123",
    "username": "mock-user-sub",
  },
  "user": {
    "attributes": {
      "email": "alice@example.com",
      "name": "Alice Student",
      "sub": "mock-user-sub",
    },
  },
}
[90mstdout[2m | src/components/ChatSidebar.stories.jsx[2m > [22m[2mMeaning Association Generator
[22m[39m[Mock Data] generateClient() called - returning mock client
[90mstdout[2m | src/components/ChatSidebar.stories.jsx[2m > [22m[2mMeaning Association Generator
[22m[39m[Mock amplifyClient] getAmplifyClient() called - returning mock client
[90mstdout[2m | src/components/ChatSidebar.stories.jsx[2m > [22m[2mMeaning Association Generator
[22m[39m[MOCK CourseVectorStore] Initialized with mock data
[90mstdout[2m | src/components/ChatSidebar.stories.jsx[2m > [22m[2mMeaning Association Generator
[22m[39m[TranslationModeController] Setting mode to: off
[90mstdout[2m | src/components/ChatSidebar.stories.jsx[2m > [22m[2mMeaning Association Generator
[22m[39m[SectionContext] useEffect triggered {
  "authLoading": false,
  "hasUser": true,
  "userSub": "mock-user-sub",
}
[90mstdout[2m | src/components/ChatSidebar.stories.jsx[2m > [22m[2mMeaning Association Generator
[22m[39m[SectionContext] Fetching sections for userId: mock-user-sub
[90mstdout[2m | src/components/ChatSidebar.stories.jsx[2m > [22m[2mMeaning Association Generator
[22m[39m[Mock Data] generateClient() called - returning mock client
[90mstdout[2m | src/components/ChatSidebar.stories.jsx[2m > [22m[2mMeaning Association Generator
[22m[39m[Mock amplifyClient] getAmplifyClient() called - returning mock client
[90mstdout[2m | src/components/ChatSidebar.stories.jsx[2m > [22m[2mMeaning Association Generator
[22m[39m[Mock Data] Section.list() called with options: undefined
[90mstdout[2m | src/components/ChatSidebar.stories.jsx[2m > [22m[2mMeaning Association Generator
[22m[39m[Mock Data] generateClient() called - returning mock client
[90mstdout[2m | src/components/ChatSidebar.stories.jsx[2m > [22m[2mMeaning Association Generator
[22m[39m[Mock amplifyClient] getAmplifyClient() called - returning mock client
[90mstdout[2m | src/components/ChatSidebar.stories.jsx[2m > [22m[2mMeaning Association Generator
[22m[39m[Mock Data] Assignment.list() called with options: {
  "filter": {
    "unitID": {
      "eq": "mock-unit-id",
    },
  },
}
[90mstdout[2m | src/components/ChatSidebar.stories.jsx[2m > [22m[2mMeaning Association Generator
[22m[39m[Mock Data] generateClient() called - returning mock client
[90mstdout[2m | src/components/ChatSidebar.stories.jsx[2m > [22m[2mMeaning Association Generator
[22m[39m[Mock amplifyClient] getAmplifyClient() called - returning mock client
[90mstdout[2m | src/components/ChatSidebar.stories.jsx[2m > [22m[2mMeaning Association Generator
[22m[39m[Mock Data] Grade.observeQuery() called with filter: {
  "filter": {
    "unitID": {
      "eq": "mock-unit-id",
    },
  },
}
[90mstdout[2m | src/components/ChatSidebar.stories.jsx[2m > [22m[2mMeaning Association Generator
[22m[39m[Mock Data] Grade.observeQuery() applying filter: {
  "unitID": {
    "eq": "mock-unit-id",
  },
}
[90mstdout[2m | src/components/ChatSidebar.stories.jsx[2m > [22m[2mMeaning Association Generator
[22m[39m[Mock Data] Grade.observeQuery() items before filter: 0
[90mstdout[2m | src/components/ChatSidebar.stories.jsx[2m > [22m[2mMeaning Association Generator
[22m[39m[Mock Data] Grade.observeQuery() items after filter: 0
[90mstdout[2m | src/components/ChatSidebar.stories.jsx[2m > [22m[2mMeaning Association Generator
[22m[39m[Mock Data] Grade.observeQuery() returning 0 items (filter applied) {
  "filter": {
    "unitID": {
      "eq": "mock-unit-id",
    },
  },
}
[90mstdout[2m | src/components/ChatSidebar.stories.jsx[2m > [22m[2mMeaning Association Generator
[22m[39m[Mock Data] Grade subscription added. Total subscriptions: 1
[90mstdout[2m | src/components/ChatSidebar.stories.jsx[2m > [22m[2mMeaning Association Generator
[22m[39m[UnitContext] useEffect triggered {
  "authLoading": false,
  "hasUser": true,
  "id": "mock-unit-id",
  "userSub": "mock-user-sub",
}
[90mstdout[2m | src/components/ChatSidebar.stories.jsx[2m > [22m[2mMeaning Association Generator
[22m[39m[UnitContext] Fetching unit data for id: mock-unit-id
[90mstdout[2m | src/components/ChatSidebar.stories.jsx[2m > [22m[2mMeaning Association Generator
[22m[39m[Mock Data] generateClient() called - returning mock client
[90mstdout[2m | src/components/ChatSidebar.stories.jsx[2m > [22m[2mMeaning Association Generator
[22m[39m[Mock amplifyClient] getAmplifyClient() called - returning mock client
[90mstdout[2m | src/components/ChatSidebar.stories.jsx[2m > [22m[2mMeaning Association Generator
[22m[39m[Mock Data] Unit.observeQuery() called with filter: {
  "filter": {
    "id": {
      "eq": "mock-unit-id",
    },
  },
}
[90mstdout[2m | src/components/ChatSidebar.stories.jsx[2m > [22m[2mMeaning Association Generator
[22m[39m[Mock Data] Unit.observeQuery() applying filter: {
  "id": {
    "eq": "mock-unit-id",
  },
}
[90mstdout[2m | src/components/ChatSidebar.stories.jsx[2m > [22m[2mMeaning Association Generator
[22m[39m[Mock Data] Unit.observeQuery() items before filter: 0
[90mstdout[2m | src/components/ChatSidebar.stories.jsx[2m > [22m[2mMeaning Association Generator
[22m[39m[Mock Data] Unit.observeQuery() items after filter: 0
[90mstdout[2m | src/components/ChatSidebar.stories.jsx[2m > [22m[2mMeaning Association Generator
[22m[39m[Mock Data] Unit.observeQuery() returning 0 items (filter applied) {
  "filter": {
    "id": {
      "eq": "mock-unit-id",
    },
  },
}
[90mstdout[2m | src/components/ChatSidebar.stories.jsx[2m > [22m[2mMeaning Association Generator
[22m[39m[Mock Data] Unit subscription added. Total subscriptions: 1
[90mstdout[2m | src/components/ChatSidebar.stories.jsx[2m > [22m[2mMeaning Association Generator
[22m[39m[Mock Data] generateClient() called - returning mock client
[90mstdout[2m | src/components/ChatSidebar.stories.jsx[2m > [22m[2mMeaning Association Generator
[22m[39m[Mock amplifyClient] getAmplifyClient() called - returning mock client
[90mstdout[2m | src/components/ChatSidebar.stories.jsx[2m > [22m[2mMeaning Association Generator
[22m[39m[Mock Data] Word.observeQuery() called with filter: undefined
[90mstdout[2m | src/components/ChatSidebar.stories.jsx[2m > [22m[2mMeaning Association Generator
[22m[39m[Mock Data] Word.observeQuery() returning 0 items (filter applied) undefined
[90mstdout[2m | src/components/ChatSidebar.stories.jsx[2m > [22m[2mMeaning Association Generator
[22m[39m[Mock Data] Word subscription added. Total subscriptions: 1
[90mstdout[2m | src/components/ChatSidebar.stories.jsx[2m > [22m[2mMeaning Association Generator
[22m[39m[Mock Data] generateClient() called - returning mock client
[90mstdout[2m | src/components/ChatSidebar.stories.jsx[2m > [22m[2mMeaning Association Generator
[22m[39m[Mock amplifyClient] getAmplifyClient() called - returning mock client
[90mstdout[2m | src/components/ChatSidebar.stories.jsx[2m > [22m[2mMeaning Association Generator
[22m[39m[Mock Data] Question.observeQuery() called with filter: undefined
[90mstdout[2m | src/components/ChatSidebar.stories.jsx[2m > [22m[2mMeaning Association Generator
[22m[39m[Mock Data] Question.observeQuery() returning 0 items (filter applied) undefined
[90mstdout[2m | src/components/ChatSidebar.stories.jsx[2m > [22m[2mMeaning Association Generator
[22m[39m[Mock Data] Question subscription added. Total subscriptions: 1
[90mstdout[2m | src/components/ChatSidebar.stories.jsx[2m > [22m[2mMeaning Association Generator
[22m[39m[FilesContext] Initializing vector store from IndexedDB
[90mstdout[2m | src/components/ChatSidebar.stories.jsx[2m > [22m[2mMeaning Association Generator
[22m[39m[FilesContext] fetchFiles called
[90mstdout[2m | src/components/ChatSidebar.stories.jsx[2m > [22m[2mMeaning Association Generator
[22m[39m[FilesContext] User authenticated: mock-user-sub
[90mstdout[2m | src/components/ChatSidebar.stories.jsx[2m > [22m[2mMeaning Association Generator
[22m[39m[FilesContext] Identity ID: us-east-1:mock-identity-123
[90mstdout[2m | src/components/ChatSidebar.stories.jsx[2m > [22m[2mMeaning Association Generator
[22m[39m[FilesContext] About to subscribe to File model
[90mstdout[2m | src/components/ChatSidebar.stories.jsx[2m > [22m[2mMeaning Association Generator
[22m[39m[Mock Data] generateClient() called - returning mock client
[90mstdout[2m | src/components/ChatSidebar.stories.jsx[2m > [22m[2mMeaning Association Generator
[22m[39m[Mock amplifyClient] getAmplifyClient() called - returning mock client
[90mstdout[2m | src/components/ChatSidebar.stories.jsx[2m > [22m[2mMeaning Association Generator
[22m[39m[Mock Data] File.observeQuery() called with filter: undefined
[90mstdout[2m | src/components/ChatSidebar.stories.jsx[2m > [22m[2mMeaning Association Generator
[22m[39m[Mock Data] File.observeQuery() returning 0 items (filter applied) undefined
[90mstdout[2m | src/components/ChatSidebar.stories.jsx[2m > [22m[2mMeaning Association Generator
[22m[39m[Mock Data] File subscription added. Total subscriptions: 1
[90mstdout[2m | src/components/ChatSidebar.stories.jsx[2m > [22m[2mMeaning Association Generator
[22m[39m[Mock Data] generateClient() called - returning mock client
[90mstdout[2m | src/components/ChatSidebar.stories.jsx[2m > [22m[2mMeaning Association Generator
[22m[39m[Mock amplifyClient] getAmplifyClient() called - returning mock client
[90mstdout[2m | src/components/ChatSidebar.stories.jsx[2m > [22m[2mMeaning Association Generator
[22m[39m[Mock Data] Document.observeQuery() called with filter: undefined
[90mstdout[2m | src/components/ChatSidebar.stories.jsx[2m > [22m[2mMeaning Association Generator
[22m[39m[Mock Data] Document.observeQuery() returning 0 items (filter applied) undefined
[90mstdout[2m | src/components/ChatSidebar.stories.jsx[2m > [22m[2mMeaning Association Generator
[22m[39m[Mock Data] Document subscription added. Total subscriptions: 1
[90mstdout[2m | src/components/ChatSidebar.stories.jsx[2m > [22m[2mMeaning Association Generator
[22m[39m[ChatContext] Setting up observeQuery for AssistantChat
[90mstdout[2m | src/components/ChatSidebar.stories.jsx[2m > [22m[2mMeaning Association Generator
[22m[39m[Mock Data] AssistantChat.observeQuery() called with filter: {
  "sortDirection": "DESC",
  "sortField": "createdAt",
}
[90mstdout[2m | src/components/ChatSidebar.stories.jsx[2m > [22m[2mMeaning Association Generator
[22m[39m[Mock Data] AssistantChat.observeQuery() returning 0 items (filter applied) {
  "sortDirection": "DESC",
  "sortField": "createdAt",
}
[90mstdout[2m | src/components/ChatSidebar.stories.jsx[2m > [22m[2mMeaning Association Generator
[22m[39m[Mock Data] AssistantChat subscription added. Total subscriptions: 1
[90mstdout[2m | src/components/ChatSidebar.stories.jsx[2m > [22m[2mMeaning Association Generator
[22m[39m[ChatContext] Waiting for subscription to initialize
[90mstdout[2m | src/components/ChatSidebar.stories.jsx[2m > [22m[2mMeaning Association Generator
[22m[39m[SettingsContext] Setting up Settings subscription for user: mock-user-sub
[90mstdout[2m | src/components/ChatSidebar.stories.jsx[2m > [22m[2mMeaning Association Generator
[22m[39m[Mock Data] generateClient() called - returning mock client
[90mstdout[2m | src/components/ChatSidebar.stories.jsx[2m > [22m[2mMeaning Association Generator
[22m[39m[Mock amplifyClient] getAmplifyClient() called - returning mock client
[90mstdout[2m | src/components/ChatSidebar.stories.jsx[2m > [22m[2mMeaning Association Generator
[22m[39m[Mock Data] Settings.observeQuery() called with filter: undefined
[90mstdout[2m | src/components/ChatSidebar.stories.jsx[2m > [22m[2mMeaning Association Generator
[22m[39m[Mock Data] Settings.observeQuery() returning 0 items (filter applied) undefined
[90mstdout[2m | src/components/ChatSidebar.stories.jsx[2m > [22m[2mMeaning Association Generator
[22m[39m[Mock Data] Settings subscription added. Total subscriptions: 1
[90mstdout[2m | src/components/ChatSidebar.stories.jsx[2m > [22m[2mMeaning Association Generator
[22m[39m[SectionContext] Initial sections: 0 []
[90mstdout[2m | src/components/ChatSidebar.stories.jsx[2m > [22m[2mMeaning Association Generator
[22m[39m[Mock Data] Section.onCreate() called with filter: undefined
[90mstdout[2m | src/components/ChatSidebar.stories.jsx[2m > [22m[2mMeaning Association Generator
[22m[39m[Mock Data] Section.onCreate() subscription added. Total: 1
[90mstdout[2m | src/components/ChatSidebar.stories.jsx[2m > [22m[2mMeaning Association Generator
[22m[39m[Mock Data] Section.onUpdate() called with filter: undefined
[90mstdout[2m | src/components/ChatSidebar.stories.jsx[2m > [22m[2mMeaning Association Generator
[22m[39m[Mock Data] Section.onUpdate() subscription added. Total: 1
[90mstdout[2m | src/components/ChatSidebar.stories.jsx[2m > [22m[2mMeaning Association Generator
[22m[39m[Mock Data] Section.onDelete() called with filter: undefined
[90mstdout[2m | src/components/ChatSidebar.stories.jsx[2m > [22m[2mMeaning Association Generator
[22m[39m[Mock Data] Section.onDelete() subscription added. Total: 1
[90mstdout[2m | src/components/ChatSidebar.stories.jsx[2m > [22m[2mMeaning Association Generator
[22m[39m[Mock Data] Assignment.onCreate() called with filter: {
  "filter": {
    "unitID": {
      "eq": "mock-unit-id",
    },
  },
}
[90mstdout[2m | src/components/ChatSidebar.stories.jsx[2m > [22m[2mMeaning Association Generator
[22m[39m[Mock Data] Assignment.onCreate() subscription added. Total: 1
[90mstdout[2m | src/components/ChatSidebar.stories.jsx[2m > [22m[2mMeaning Association Generator
[22m[39m[Mock Data] Assignment.onUpdate() called with filter: {
  "filter": {
    "unitID": {
      "eq": "mock-unit-id",
    },
  },
}
[90mstdout[2m | src/components/ChatSidebar.stories.jsx[2m > [22m[2mMeaning Association Generator
[22m[39m[Mock Data] Assignment.onUpdate() subscription added. Total: 1
[90mstdout[2m | src/components/ChatSidebar.stories.jsx[2m > [22m[2mMeaning Association Generator
[22m[39m[Mock Data] Assignment.onDelete() called with filter: {
  "filter": {
    "unitID": {
      "eq": "mock-unit-id",
    },
  },
}
[90mstdout[2m | src/components/ChatSidebar.stories.jsx[2m > [22m[2mMeaning Association Generator
[22m[39m[Mock Data] Assignment.onDelete() subscription added. Total: 1
[90mstdout[2m | src/components/ChatSidebar.stories.jsx[2m > [22m[2mMeaning Association Generator
[22m[39m[FilesContext] File observeQuery subscription triggered:
[90mstdout[2m | src/components/ChatSidebar.stories.jsx[2m > [22m[2mMeaning Association Generator
[22m[39m  - items.length: 0
[90mstdout[2m | src/components/ChatSidebar.stories.jsx[2m > [22m[2mMeaning Association Generator
[22m[39m  - isSynced: true
[90mstdout[2m | src/components/ChatSidebar.stories.jsx[2m > [22m[2mMeaning Association Generator
[22m[39m  - items: []
[90mstdout[2m | src/components/ChatSidebar.stories.jsx[2m > [22m[2mMeaning Association Generator
[22m[39m[ChatContext] AssistantChat query update: 0 items (synced)
[90mstdout[2m | src/components/ChatSidebar.stories.jsx[2m > [22m[2mMeaning Association Generator
[22m[39m[ChatContext] AssistantChat subscription initialized
[90mstdout[2m | src/components/ChatSidebar.stories.jsx[2m > [22m[2mMeaning Association Generator
[22m[39m[ChatContext] AssistantChat list updated: 0 chats
[90mstdout[2m | src/components/ChatSidebar.stories.jsx[2m > [22m[2mMeaning Association Generator
[22m[39m[ChatContext] No chats found, clearing current chat - new one will be created
[90mstdout[2m | src/components/ChatSidebar.stories.jsx[2m > [22m[2mMeaning Association Generator
[22m[39m[Mock Data] seedMockWords: Adding 4 words
[90mstdout[2m | src/components/ChatSidebar.stories.jsx[2m > [22m[2mMeaning Association Generator
[22m[39m[Mock Data] Notifying Word subscriber with 4 words
[90mstdout[2m | src/components/ChatSidebar.stories.jsx[2m > [22m[2mMeaning Association Generator
[22m[39m[Mock Data] seedMockAssistantChats: Replacing with 1 assistant chats
[90mstdout[2m | src/components/ChatSidebar.stories.jsx[2m > [22m[2mMeaning Association Generator
[22m[39m[Mock Data] Notifying 1 AssistantChat subscriptions
[90mstderr[2m | src/components/ChatSidebar.stories.jsx[2m > [22m[2mMeaning Association Generator
[22m[39m[useTabContext] Used outside of TabProvider, returning default values
[90mstdout[2m | src/components/ChatSidebar.stories.jsx[2m > [22m[2mMeaning Association Generator
[22m[39m[ChatSidebar] Registered client-side tools: [
  "search_content",
  "create_section",
  "create_unit",
  "create_assignment",
  "add_timer_to_unit",
  "create_vocabulary_word",
  "create_question",
  "list_sections",
  "list_units",
  "get_unit_details",
  "update_unit",
  "delete_assignment",
]
[90mstdout[2m | src/components/ChatSidebar.stories.jsx[2m > [22m[2mMeaning Association Generator
[22m[39m[useTranslationWithCapture] t() called: {
  "key": "chatSidebar.aiAssistant",
  "mode": "off",
  "namespace": "components",
  "value": "AI Assistant",
}
[90mstdout[2m | src/components/ChatSidebar.stories.jsx[2m > [22m[2mMeaning Association Generator
[22m[39m[useTranslationWithCapture] t() called: {
  "key": "chatSidebar.newChat",
  "mode": "off",
  "namespace": "components",
  "value": "New chat",
}
[90mstdout[2m | src/components/ChatSidebar.stories.jsx[2m > [22m[2mMeaning Association Generator
[22m[39m[useTranslationWithCapture] t() called: {
  "key": "chatSidebar.archiveChat",
  "mode": "off",
  "namespace": "components",
  "value": "Archive chat",
}
[90mstdout[2m | src/components/ChatSidebar.stories.jsx[2m > [22m[2mMeaning Association Generator
[22m[39m[useTranslationWithCapture] t() called: {
  "key": "chatSidebar.welcomeMessage",
  "mode": "off",
  "namespace": "components",
  "value": "Ask me anything about your curriculum, files, or content!",
}
[90mstdout[2m | src/components/ChatSidebar.stories.jsx[2m > [22m[2mMeaning Association Generator
[22m[39m[useTranslationWithCapture] t() called: {
  "key": "chatSidebar.settingUpChat",
  "mode": "off",
  "namespace": "components",
  "value": "Setting up chat...",
}
[90mstdout[2m | src/components/ChatSidebar.stories.jsx[2m > [22m[2mMeaning Association Generator
[22m[39m[useTranslationWithCapture] t() called: {
  "key": "actions.send",
  "mode": "off",
  "namespace": "components",
  "value": "Send",
}
[90mstdout[2m | src/components/ChatSidebar.stories.jsx[2m > [22m[2mMeaning Association Generator
[22m[39m[useTranslationWithCapture] t() called: {
  "key": "chatSidebar.reviewImportVocabulary",
  "mode": "off",
  "namespace": "components",
  "value": "Review & Import Vocabulary",
}
[90mstdout[2m | src/components/ChatSidebar.stories.jsx[2m > [22m[2mMeaning Association Generator
[22m[39m[useTranslationWithCapture] t() called: {
  "key": "chatSidebar.confirm",
  "mode": "off",
  "namespace": "components",
  "value": "Confirm",
}
[90mstdout[2m | src/components/ChatSidebar.stories.jsx[2m > [22m[2mMeaning Association Generator
[22m[39m[useTranslationWithCapture] t() called: {
  "key": "chatSidebar.cancel",
  "mode": "off",
  "namespace": "components",
  "value": "Cancel",
}
[90mstdout[2m | src/components/ChatSidebar.stories.jsx[2m > [22m[2mMeaning Association Generator
[22m[39m[chatTools] Vector store search function registered: true
[90mstdout[2m | src/components/ChatSidebar.stories.jsx[2m > [22m[2mMeaning Association Generator
[22m[39m[ChatSidebar] Registered vector store search, isReady: false
[90mstdout[2m | src/components/ChatSidebar.stories.jsx[2m > [22m[2mMeaning Association Generator
[22m[39m[ChatSidebar] Setting up Document subscription for user: undefined
[90mstdout[2m | src/components/ChatSidebar.stories.jsx[2m > [22m[2mMeaning Association Generator
[22m[39m[Mock Data] generateClient() called - returning mock client
[90mstdout[2m | src/components/ChatSidebar.stories.jsx[2m > [22m[2mMeaning Association Generator
[22m[39m[Mock amplifyClient] getAmplifyClient() called - returning mock client
[90mstdout[2m | src/components/ChatSidebar.stories.jsx[2m > [22m[2mMeaning Association Generator
[22m[39m[Mock Data] Document.observeQuery() called with filter: undefined
[90mstdout[2m | src/components/ChatSidebar.stories.jsx[2m > [22m[2mMeaning Association Generator
[22m[39m[Mock Data] Document.observeQuery() returning 0 items (filter applied) undefined
[90mstdout[2m | src/components/ChatSidebar.stories.jsx[2m > [22m[2mMeaning Association Generator
[22m[39m[Mock Data] Document subscription added. Total subscriptions: 2
[90mstdout[2m | src/components/ChatSidebar.stories.jsx[2m > [22m[2mMeaning Association Generator
[22m[39m[ChatContext] No current chat available, will create one
[90mstdout[2m | src/components/ChatSidebar.stories.jsx[2m > [22m[2mMeaning Association Generator
[22m[39m[ChatContext] Creating AssistantChat with user: undefined
[90mstdout[2m | src/components/ChatSidebar.stories.jsx[2m > [22m[2mMeaning Association Generator
[22m[39m[Mock Data] AssistantChat.create() called with: {
  "archived": false,
  "model": "gpt-4",
}
[90mstdout[2m | src/components/ChatSidebar.stories.jsx[2m > [22m[2mMeaning Association Generator
[22m[39m[Mock Data] AssistantChat created: mock-assistantchat-1776336979270 - notified 1 subscribers
[90mstderr[2m | src/components/ChatSidebar.stories.jsx[2m > [22m[2mMeaning Association Generator
[22m[39m[useTabContext] Used outside of TabProvider, returning default values
[90mstdout[2m | src/components/ChatSidebar.stories.jsx[2m > [22m[2mMeaning Association Generator
[22m[39m[useTranslationWithCapture] t() called: {
  "key": "chatSidebar.aiAssistant",
  "mode": "off",
  "namespace": "components",
  "value": "AI Assistant",
}
[90mstdout[2m | src/components/ChatSidebar.stories.jsx[2m > [22m[2mMeaning Association Generator
[22m[39m[useTranslationWithCapture] t() called: {
  "key": "chatSidebar.newChat",
  "mode": "off",
  "namespace": "components",
  "value": "New chat",
}
[90mstdout[2m | src/components/ChatSidebar.stories.jsx[2m > [22m[2mMeaning Association Generator
[22m[39m[useTranslationWithCapture] t() called: {
  "key": "chatSidebar.archiveChat",
  "mode": "off",
  "namespace": "components",
  "value": "Archive chat",
}
[90mstdout[2m | src/components/ChatSidebar.stories.jsx[2m > [22m[2mMeaning Association Generator
[22m[39m[useTranslationWithCapture] t() called: {
  "key": "chatSidebar.welcomeMessage",
  "mode": "off",
  "namespace": "components",
  "value": "Ask me anything about your curriculum, files, or content!",
}
[90mstdout[2m | src/components/ChatSidebar.stories.jsx[2m > [22m[2mMeaning Association Generator
[22m[39m[useTranslationWithCapture] t() called: {
  "key": "chatSidebar.settingUpChat",
  "mode": "off",
  "namespace": "components",
  "value": "Setting up chat...",
}
[90mstdout[2m | src/components/ChatSidebar.stories.jsx[2m > [22m[2mMeaning Association Generator
[22m[39m[useTranslationWithCapture] t() called: {
  "key": "actions.send",
  "mode": "off",
  "namespace": "components",
  "value": "Send",
}
[90mstdout[2m | src/components/ChatSidebar.stories.jsx[2m > [22m[2mMeaning Association Generator
[22m[39m[useTranslationWithCapture] t() called: {
  "key": "chatSidebar.reviewImportVocabulary",
  "mode": "off",
  "namespace": "components",
  "value": "Review & Import Vocabulary",
}
[90mstdout[2m | src/components/ChatSidebar.stories.jsx[2m > [22m[2mMeaning Association Generator
[22m[39m[useTranslationWithCapture] t() called: {
  "key": "chatSidebar.confirm",
  "mode": "off",
  "namespace": "components",
  "value": "Confirm",
}
[90mstdout[2m | src/components/ChatSidebar.stories.jsx[2m > [22m[2mMeaning Association Generator
[22m[39m[useTranslationWithCapture] t() called: {
  "key": "chatSidebar.cancel",
  "mode": "off",
  "namespace": "components",
  "value": "Cancel",
}
[90mstdout[2m | src/components/ChatSidebar.stories.jsx[2m > [22m[2mMeaning Association Generator
[22m[39m[ChatContext] Create result: {
  "data": {
    "_version": 1,
    "archived": false,
    "chatFiles": [Function anonymous],
    "createdAt": "2026-04-16T10:56:19.270Z",
    "id": "mock-assistantchat-1776336979270",
    "model": "gpt-4",
    "updatedAt": "2026-04-16T10:56:19.270Z",
  },
  "errors": [],
  "hasData": true,
  "hasErrors": true,
}
[90mstdout[2m | src/components/ChatSidebar.stories.jsx[2m > [22m[2mMeaning Association Generator
[22m[39m[ChatContext] Created AssistantChat: mock-assistantchat-1776336979270 at: 2026-04-16T10:56:19.270Z
[90mstdout[2m | src/components/ChatSidebar.stories.jsx[2m > [22m[2mMeaning Association Generator
[22m[39m[Mock Data] Settings.create() called with: {
  "assistantVoice": "shimmer",
  "autoAnalyzeDocuments": true,
  "defaultAIModel": "gpt-4",
  "documentAnalysisModel": "gpt-4",
  "editorFontSize": 14,
  "editorTheme": "auto",
  "emailNotifications": true,
  "language": "en",
  "webhookNotifications": false,
}
[90mstdout[2m | src/components/ChatSidebar.stories.jsx[2m > [22m[2mMeaning Association Generator
[22m[39m[Mock Data] Settings created: mock-settings-1776336979294 - notified 1 subscribers
[90mstdout[2m | src/components/ChatSidebar.stories.jsx[2m > [22m[2mMeaning Association Generator
[22m[39m[ChatContext] AssistantChat query update: 1 items (synced)
[90mstdout[2m | src/components/ChatSidebar.stories.jsx[2m > [22m[2mMeaning Association Generator
[22m[39m[ChatContext] First item details: {
  "id": "meaning-chat",
  "updatedAt": "2026-04-16T10:56:19.242Z",
}
[90mstdout[2m | src/components/ChatSidebar.stories.jsx[2m > [22m[2mMeaning Association Generator
[22m[39m[ChatContext] AssistantChat list updated: 1 chats
[90mstdout[2m | src/components/ChatSidebar.stories.jsx[2m > [22m[2mMeaning Association Generator
[22m[39m[ChatContext] AssistantChat query update: 2 items (synced)
[90mstdout[2m | src/components/ChatSidebar.stories.jsx[2m > [22m[2mMeaning Association Generator
[22m[39m[ChatContext] First item details: {
  "id": "meaning-chat",
  "updatedAt": "2026-04-16T10:56:19.242Z",
}
[90mstdout[2m | src/components/ChatSidebar.stories.jsx[2m > [22m[2mMeaning Association Generator
[22m[39m[ChatContext] AssistantChat list updated: 2 chats
[90mstdout[2m | src/components/ChatSidebar.stories.jsx[2m > [22m[2mMeaning Association Generator
[22m[39m[ChatContext] Setting initial chat: meaning-chat
[90mstderr[2m | src/components/ChatSidebar.stories.jsx[2m > [22m[2mMeaning Association Generator
[22m[39m[useTabContext] Used outside of TabProvider, returning default values
[90mstdout[2m | src/components/ChatSidebar.stories.jsx[2m > [22m[2mMeaning Association Generator
[22m[39m[useTranslationWithCapture] t() called: {
  "key": "chatSidebar.aiAssistant",
  "mode": "off",
  "namespace": "components",
  "value": "AI Assistant",
}
[90mstdout[2m | src/components/ChatSidebar.stories.jsx[2m > [22m[2mMeaning Association Generator
[22m[39m[useTranslationWithCapture] t() called: {
  "key": "chatSidebar.newChat",
  "mode": "off",
  "namespace": "components",
  "value": "New chat",
}
[90mstdout[2m | src/components/ChatSidebar.stories.jsx[2m > [22m[2mMeaning Association Generator
[22m[39m[useTranslationWithCapture] t() called: {
  "key": "chatSidebar.archiveChat",
  "mode": "off",
  "namespace": "components",
  "value": "Archive chat",
}
[90mstdout[2m | src/components/ChatSidebar.stories.jsx[2m > [22m[2mMeaning Association Generator
[22m[39m[useTranslationWithCapture] t() called: {
  "key": "chatSidebar.welcomeMessage",
  "mode": "off",
  "namespace": "components",
  "value": "Ask me anything about your curriculum, files, or content!",
}
[90mstdout[2m | src/components/ChatSidebar.stories.jsx[2m > [22m[2mMeaning Association Generator
[22m[39m[useTranslationWithCapture] t() called: {
  "key": "chatSidebar.askMeAnything",
  "mode": "off",
  "namespace": "components",
  "value": "Ask me anything...",
}
[90mstdout[2m | src/components/ChatSidebar.stories.jsx[2m > [22m[2mMeaning Association Generator
[22m[39m[useTranslationWithCapture] t() called: {
  "key": "actions.send",
  "mode": "off",
  "namespace": "components",
  "value": "Send",
}
[90mstdout[2m | src/components/ChatSidebar.stories.jsx[2m > [22m[2mMeaning Association Generator
[22m[39m[useTranslationWithCapture] t() called: {
  "key": "chatSidebar.reviewImportVocabulary",
  "mode": "off",
  "namespace": "components",
  "value": "Review & Import Vocabulary",
}
[90mstdout[2m | src/components/ChatSidebar.stories.jsx[2m > [22m[2mMeaning Association Generator
[22m[39m[useTranslationWithCapture] t() called: {
  "key": "chatSidebar.confirm",
  "mode": "off",
  "namespace": "components",
  "value": "Confirm",
}
[90mstdout[2m | src/components/ChatSidebar.stories.jsx[2m > [22m[2mMeaning Association Generator
[22m[39m[useTranslationWithCapture] t() called: {
  "key": "chatSidebar.cancel",
  "mode": "off",
  "namespace": "components",
  "value": "Cancel",
}
[90mstdout[2m | src/components/ChatSidebar.stories.jsx[2m > [22m[2mMeaning Association Generator
[22m[39m[ChatSidebar] Loading messages for chat: meaning-chat count: 3
[90mstdout[2m | src/components/ChatSidebar.stories.jsx[2m > [22m[2mMeaning Association Generator
[22m[39m[ChatSidebar] deepCloneMessages: cloned 3 messages
[90mstdout[2m | src/components/ChatSidebar.stories.jsx[2m > [22m[2mMeaning Association Generator
[22m[39m[Mock Data] generateClient() called - returning mock client
[90mstdout[2m | src/components/ChatSidebar.stories.jsx[2m > [22m[2mMeaning Association Generator
[22m[39m[Mock amplifyClient] getAmplifyClient() called - returning mock client
[90mstdout[2m | src/components/ChatSidebar.stories.jsx[2m > [22m[2mMeaning Association Generator
[22m[39m[Mock Data] AssistantChatFile.list() called with options: {
  "filter": {
    "chatID": {
      "eq": "meaning-chat",
    },
  },
}
[90mstdout[2m | src/components/ChatSidebar.stories.jsx[2m > [22m[2mMeaning Association Generator
[22m[39m[ChatContext] Chat exists and not archived, skipping creation
[90mstderr[2m | src/components/ChatSidebar.stories.jsx[2m > [22m[2mMeaning Association Generator
[22m[39m[useTabContext] Used outside of TabProvider, returning default values
[90mstdout[2m | src/components/ChatSidebar.stories.jsx[2m > [22m[2mMeaning Association Generator
[22m[39m[ChatSidebar] useChat status: ready messages: 3 toolCalls: 0
[90mstdout[2m | src/components/ChatSidebar.stories.jsx[2m > [22m[2mMeaning Association Generator
[22m[39m[useTranslationWithCapture] t() called: {
  "key": "chatSidebar.aiAssistant",
  "mode": "off",
  "namespace": "components",
  "value": "AI Assistant",
}
[90mstdout[2m | src/components/ChatSidebar.stories.jsx[2m > [22m[2mMeaning Association Generator
[22m[39m[useTranslationWithCapture] t() called: {
  "key": "chatSidebar.newChat",
  "mode": "off",
  "namespace": "components",
  "value": "New chat",
}
[90mstdout[2m | src/components/ChatSidebar.stories.jsx[2m > [22m[2mMeaning Association Generator
[22m[39m[useTranslationWithCapture] t() called: {
  "key": "chatSidebar.archiveChat",
  "mode": "off",
  "namespace": "components",
  "value": "Archive chat",
}
[90mstdout[2m | src/components/ChatSidebar.stories.jsx[2m > [22m[2mMeaning Association Generator
[22m[39m[useTranslationWithCapture] t() called: {
  "key": "chatSidebar.welcomeMessage",
  "mode": "off",
  "namespace": "components",
  "value": "Ask me anything about your curriculum, files, or content!",
}
[90mstdout[2m | src/components/ChatSidebar.stories.jsx[2m > [22m[2mMeaning Association Generator
[22m[39m[useTranslationWithCapture] t() called: {
  "key": "chatSidebar.askMeAnything",
  "mode": "off",
  "namespace": "components",
  "value": "Ask me anything...",
}
[90mstdout[2m | src/components/ChatSidebar.stories.jsx[2m > [22m[2mMeaning Association Generator
[22m[39m[useTranslationWithCapture] t() called: {
  "key": "actions.send",
  "mode": "off",
  "namespace": "components",
  "value": "Send",
}
[90mstdout[2m | src/components/ChatSidebar.stories.jsx[2m > [22m[2mMeaning Association Generator
[22m[39m[useTranslationWithCapture] t() called: {
  "key": "chatSidebar.reviewImportVocabulary",
  "mode": "off",
  "namespace": "components",
  "value": "Review & Import Vocabulary",
}
[90mstdout[2m | src/components/ChatSidebar.stories.jsx[2m > [22m[2mMeaning Association Generator
[22m[39m[useTranslationWithCapture] t() called: {
  "key": "chatSidebar.confirm",
  "mode": "off",
  "namespace": "components",
  "value": "Confirm",
}
[90mstdout[2m | src/components/ChatSidebar.stories.jsx[2m > [22m[2mMeaning Association Generator
[22m[39m[useTranslationWithCapture] t() called: {
  "key": "chatSidebar.cancel",
  "mode": "off",
  "namespace": "components",
  "value": "Cancel",
}
[90mstdout[2m | src/components/ChatSidebar.stories.jsx[2m > [22m[2mMeaning Association Generator
[22m[39m[useTranslationWithCapture] t() called: {
  "key": "chatSidebar.messageList.chatMessagesLabel",
  "mode": "off",
  "namespace": "components",
  "value": "Chat messages",
}
[90mstdout[2m | src/components/ChatSidebar.stories.jsx[2m > [22m[2mMeaning Association Generator
[22m[39m[useTranslationWithCapture] t() called: {
  "key": "chatSidebar.messageList.chatMessagesLabel",
  "mode": "off",
  "namespace": "components",
  "value": "Chat messages",
}
[90mstdout[2m | src/components/ChatSidebar.stories.jsx[2m > [22m[2mMeaning Association Generator
[22m[39m[useTranslationWithCapture] t() called: {
  "key": "aiFeedbackWidget.whatToImprove",
  "mode": "off",
  "namespace": "components",
  "value": "What could be improved?",
}
[90mstdout[2m | src/components/ChatSidebar.stories.jsx[2m > [22m[2mMeaning Association Generator
[22m[39m[useTranslationWithCapture] t() called: {
  "key": "aiFeedbackWidget.selectAllThatApply",
  "mode": "off",
  "namespace": "components",
  "value": "Select all that apply:",
}
[90mstdout[2m | src/components/ChatSidebar.stories.jsx[2m > [22m[2mMeaning Association Generator
[22m[39m[useTranslationWithCapture] t() called: {
  "key": "aiFeedbackWidget.cancel",
  "mode": "off",
  "namespace": "components",
  "value": "Cancel",
}
[90mstdout[2m | src/components/ChatSidebar.stories.jsx[2m > [22m[2mMeaning Association Generator
[22m[39m[useTranslationWithCapture] t() called: {
  "key": "aiFeedbackWidget.submit",
  "mode": "off",
  "namespace": "components",
  "value": "Submit",
}
[90mstdout[2m | src/components/ChatSidebar.stories.jsx[2m > [22m[2mMeaning Association Generator
[22m[39m[useTranslationWithCapture] t() called: {
  "key": "common.filter",
  "mode": "off",
  "namespace": "common",
  "value": "Filter",
}
[90mstderr[2m | src/components/ChatSidebar.stories.jsx[2m > [22m[2mMeaning Association Generator
[22m[39mMUI Grid: The `item` prop has been removed and is no longer necessary. You can safely remove it.

[90mstderr[2m | src/components/ChatSidebar.stories.jsx[2m > [22m[2mMeaning Association Generator
[22m[39mMUI Grid: The `xs` prop has been removed. See https://mui.com/material-ui/migration/upgrade-to-grid-v2/ for migration instructions.

[90mstderr[2m | src/components/ChatSidebar.stories.jsx[2m > [22m[2mMeaning Association Generator
[22m[39mMUI Grid: The `sm` prop has been removed. See https://mui.com/material-ui/migration/upgrade-to-grid-v2/ for migration instructions.

[90mstderr[2m | src/components/ChatSidebar.stories.jsx[2m > [22m[2mMeaning Association Generator
[22m[39mMUI Grid: The `md` prop has been removed. See https://mui.com/material-ui/migration/upgrade-to-grid-v2/ for migration instructions.

[90mstderr[2m | src/components/ChatSidebar.stories.jsx[2m > [22m[2mMeaning Association Generator
[22m[39mMUI Grid: The `lg` prop has been removed. See https://mui.com/material-ui/migration/upgrade-to-grid-v2/ for migration instructions.

[90mstdout[2m | src/components/ChatSidebar.stories.jsx[2m > [22m[2mMeaning Association Generator
[22m[39mEasy.nodeKey preview-meaning-association type: string
[90mstdout[2m | src/components/ChatSidebar.stories.jsx[2m > [22m[2mMeaning Association Generator
[22m[39mEasy.grade: undefined
[90mstdout[2m | src/components/ChatSidebar.stories.jsx[2m > [22m[2mMeaning Association Generator
[22m[39mEasy.grade.data: undefined
[90mstdout[2m | src/components/ChatSidebar.stories.jsx[2m > [22m[2mMeaning Association Generator
[22m[39mEasy.grade.data === grade? true
[90mstdout[2m | src/components/ChatSidebar.stories.jsx[2m > [22m[2mMeaning Association Generator
[22m[39mEasy.grade.data keys: no data
[90mstdout[2m | src/components/ChatSidebar.stories.jsx[2m > [22m[2mMeaning Association Generator
[22m[39mEasy.grade.data[nodeKey]: undefined
[90mstdout[2m | src/components/ChatSidebar.stories.jsx[2m > [22m[2mMeaning Association Generator
[22m[39mEasy.inProgress {}
[90mstdout[2m | src/components/ChatSidebar.stories.jsx[2m > [22m[2mMeaning Association Generator
[22m[39mHard.loadAttemptedAnswers {}
[90mstdout[2m | src/components/ChatSidebar.stories.jsx[2m > [22m[2mMeaning Association Generator
[22m[39m[useTranslationWithCapture] t() called: {
  "key": "aiFeedbackWidget.whatToImprove",
  "mode": "off",
  "namespace": "components",
  "value": "What could be improved?",
}
[90mstdout[2m | src/components/ChatSidebar.stories.jsx[2m > [22m[2mMeaning Association Generator
[22m[39m[useTranslationWithCapture] t() called: {
  "key": "aiFeedbackWidget.selectAllThatApply",
  "mode": "off",
  "namespace": "components",
  "value": "Select all that apply:",
}
[90mstdout[2m | src/components/ChatSidebar.stories.jsx[2m > [22m[2mMeaning Association Generator
[22m[39m[useTranslationWithCapture] t() called: {
  "key": "aiFeedbackWidget.cancel",
  "mode": "off",
  "namespace": "components",
  "value": "Cancel",
}
[90mstdout[2m | src/components/ChatSidebar.stories.jsx[2m > [22m[2mMeaning Association Generator
[22m[39m[useTranslationWithCapture] t() called: {
  "key": "aiFeedbackWidget.submit",
  "mode": "off",
  "namespace": "components",
  "value": "Submit",
}
[90mstdout[2m | src/components/ChatSidebar.stories.jsx[2m > [22m[2mMeaning Association Generator
[22m[39mLearn._vocabulary [
  {
    "definition": "red",
    "id": "word-1",
    "owner": "mock-user",
    "phonetic": "aka",
    "phrase": "赤",
  },
  {
    "definition": "blue",
    "id": "word-2",
    "owner": "mock-user",
    "phonetic": "ao",
    "phrase": "青",
  },
  {
    "definition": "green",
    "id": "word-3",
    "owner": "mock-user",
    "phonetic": "midori",
    "phrase": "緑",
  },
  {
    "definition": "yellow",
    "id": "word-4",
    "owner": "mock-user",
    "phonetic": "kiiro",
    "phrase": "黄色",
  },
]
[90mstdout[2m | src/components/ChatSidebar.stories.jsx[2m > [22m[2mMeaning Association Generator
[22m[39mMeaningAssociationExercise._vocabulary [
  {
    "definition": "red",
    "id": "word-1",
    "owner": "mock-user",
    "phonetic": "aka",
    "phrase": "赤",
  },
  {
    "definition": "blue",
    "id": "word-2",
    "owner": "mock-user",
    "phonetic": "ao",
    "phrase": "青",
  },
  {
    "definition": "green",
    "id": "word-3",
    "owner": "mock-user",
    "phonetic": "midori",
    "phrase": "緑",
  },
  {
    "definition": "yellow",
    "id": "word-4",
    "owner": "mock-user",
    "phonetic": "kiiro",
    "phrase": "黄色",
  },
]
[90mstdout[2m | src/components/ChatSidebar.stories.jsx[2m > [22m[2mMeaning Association Generator
[22m[39mHard._vocabulary [
  {
    "definition": "red",
    "id": "word-1",
    "owner": "mock-user",
    "phonetic": "aka",
    "phrase": "赤",
  },
  {
    "definition": "blue",
    "id": "word-2",
    "owner": "mock-user",
    "phonetic": "ao",
    "phrase": "青",
  },
  {
    "definition": "green",
    "id": "word-3",
    "owner": "mock-user",
    "phonetic": "midori",
    "phrase": "緑",
  },
  {
    "definition": "yellow",
    "id": "word-4",
    "owner": "mock-user",
    "phonetic": "kiiro",
    "phrase": "黄色",
  },
]
[90mstdout[2m | src/components/ChatSidebar.stories.jsx[2m > [22m[2mMeaning Association Generator
[22m[39m[useTranslationWithCapture] t() called: {
  "key": "chatSidebar.messageList.chatMessagesLabel",
  "mode": "off",
  "namespace": "components",
  "value": "Chat messages",
}
[90mstdout[2m | src/components/ChatSidebar.stories.jsx[2m > [22m[2mMeaning Association Generator
[22m[39m[useTranslationWithCapture] t() called: {
  "key": "aiFeedbackWidget.whatToImprove",
  "mode": "off",
  "namespace": "components",
  "value": "What could be improved?",
}
[90mstdout[2m | src/components/ChatSidebar.stories.jsx[2m > [22m[2mMeaning Association Generator
[22m[39m[useTranslationWithCapture] t() called: {
  "key": "aiFeedbackWidget.selectAllThatApply",
  "mode": "off",
  "namespace": "components",
  "value": "Select all that apply:",
}
[90mstdout[2m | src/components/ChatSidebar.stories.jsx[2m > [22m[2mMeaning Association Generator
[22m[39m[useTranslationWithCapture] t() called: {
  "key": "aiFeedbackWidget.cancel",
  "mode": "off",
  "namespace": "components",
  "value": "Cancel",
}
[90mstdout[2m | src/components/ChatSidebar.stories.jsx[2m > [22m[2mMeaning Association Generator
[22m[39m[useTranslationWithCapture] t() called: {
  "key": "aiFeedbackWidget.submit",
  "mode": "off",
  "namespace": "components",
  "value": "Submit",
}
[90mstdout[2m | src/components/ChatSidebar.stories.jsx[2m > [22m[2mMeaning Association Generator
[22m[39m[useTranslationWithCapture] t() called: {
  "key": "common.filter",
  "mode": "off",
  "namespace": "common",
  "value": "Filter",
}
[90mstdout[2m | src/components/ChatSidebar.stories.jsx[2m > [22m[2mMeaning Association Generator
[22m[39mEasy.nodeKey preview-meaning-association type: string
[90mstdout[2m | src/components/ChatSidebar.stories.jsx[2m > [22m[2mMeaning Association Generator
[22m[39mEasy.grade: undefined
[90mstdout[2m | src/components/ChatSidebar.stories.jsx[2m > [22m[2mMeaning Association Generator
[22m[39mEasy.grade.data: undefined
[90mstdout[2m | src/components/ChatSidebar.stories.jsx[2m > [22m[2mMeaning Association Generator
[22m[39mEasy.grade.data === grade? true
[90mstdout[2m | src/components/ChatSidebar.stories.jsx[2m > [22m[2mMeaning Association Generator
[22m[39mEasy.grade.data keys: no data
[90mstdout[2m | src/components/ChatSidebar.stories.jsx[2m > [22m[2mMeaning Association Generator
[22m[39mEasy.grade.data[nodeKey]: undefined
[90mstdout[2m | src/components/ChatSidebar.stories.jsx[2m > [22m[2mMeaning Association Generator
[22m[39mEasy.inProgress {}
[90mstdout[2m | src/components/ChatSidebar.stories.jsx[2m > [22m[2mMeaning Association Generator
[22m[39mHard.loadAttemptedAnswers {}
[90mstdout[2m | src/components/ChatSidebar.stories.jsx[2m > [22m[2mMeaning Association Generator
[22m[39m[useTranslationWithCapture] t() called: {
  "key": "aiFeedbackWidget.whatToImprove",
  "mode": "off",
  "namespace": "components",
  "value": "What could be improved?",
}
[90mstdout[2m | src/components/ChatSidebar.stories.jsx[2m > [22m[2mMeaning Association Generator
[22m[39m[useTranslationWithCapture] t() called: {
  "key": "aiFeedbackWidget.selectAllThatApply",
  "mode": "off",
  "namespace": "components",
  "value": "Select all that apply:",
}
[90mstdout[2m | src/components/ChatSidebar.stories.jsx[2m > [22m[2mMeaning Association Generator
[22m[39m[useTranslationWithCapture] t() called: {
  "key": "aiFeedbackWidget.cancel",
  "mode": "off",
  "namespace": "components",
  "value": "Cancel",
}
[90mstdout[2m | src/components/ChatSidebar.stories.jsx[2m > [22m[2mMeaning Association Generator
[22m[39m[useTranslationWithCapture] t() called: {
  "key": "aiFeedbackWidget.submit",
  "mode": "off",
  "namespace": "components",
  "value": "Submit",
}
[90mstderr[2m | src/components/ChatSidebar.stories.jsx[2m > [22m[2mMeaning Association Generator
[22m[39m[useTabContext] Used outside of TabProvider, returning default values
[90mstdout[2m | src/components/ChatSidebar.stories.jsx[2m > [22m[2mMeaning Association Generator
[22m[39m[ChatSidebar] useChat status: ready messages: 3 toolCalls: 0
[90mstdout[2m | src/components/ChatSidebar.stories.jsx[2m > [22m[2mMeaning Association Generator
[22m[39m[useTranslationWithCapture] t() called: {
  "key": "chatSidebar.aiAssistant",
  "mode": "off",
  "namespace": "components",
  "value": "AI Assistant",
}
[90mstdout[2m | src/components/ChatSidebar.stories.jsx[2m > [22m[2mMeaning Association Generator
[22m[39m[useTranslationWithCapture] t() called: {
  "key": "chatSidebar.newChat",
  "mode": "off",
  "namespace": "components",
  "value": "New chat",
}
[90mstdout[2m | src/components/ChatSidebar.stories.jsx[2m > [22m[2mMeaning Association Generator
[22m[39m[useTranslationWithCapture] t() called: {
  "key": "chatSidebar.archiveChat",
  "mode": "off",
  "namespace": "components",
  "value": "Archive chat",
}
[90mstdout[2m | src/components/ChatSidebar.stories.jsx[2m > [22m[2mMeaning Association Generator
[22m[39m[useTranslationWithCapture] t() called: {
  "key": "chatSidebar.welcomeMessage",
  "mode": "off",
  "namespace": "components",
  "value": "Ask me anything about your curriculum, files, or content!",
}
[90mstdout[2m | src/components/ChatSidebar.stories.jsx[2m > [22m[2mMeaning Association Generator
[22m[39m[useTranslationWithCapture] t() called: {
  "key": "chatSidebar.askMeAnything",
  "mode": "off",
  "namespace": "components",
  "value": "Ask me anything...",
}
[90mstdout[2m | src/components/ChatSidebar.stories.jsx[2m > [22m[2mMeaning Association Generator
[22m[39m[useTranslationWithCapture] t() called: {
  "key": "actions.send",
  "mode": "off",
  "namespace": "components",
  "value": "Send",
}
[90mstdout[2m | src/components/ChatSidebar.stories.jsx[2m > [22m[2mMeaning Association Generator
[22m[39m[useTranslationWithCapture] t() called: {
  "key": "chatSidebar.reviewImportVocabulary",
  "mode": "off",
  "namespace": "components",
  "value": "Review & Import Vocabulary",
}
[90mstdout[2m | src/components/ChatSidebar.stories.jsx[2m > [22m[2mMeaning Association Generator
[22m[39m[useTranslationWithCapture] t() called: {
  "key": "chatSidebar.confirm",
  "mode": "off",
  "namespace": "components",
  "value": "Confirm",
}
[90mstdout[2m | src/components/ChatSidebar.stories.jsx[2m > [22m[2mMeaning Association Generator
[22m[39m[useTranslationWithCapture] t() called: {
  "key": "chatSidebar.cancel",
  "mode": "off",
  "namespace": "components",
  "value": "Cancel",
}
[90mstdout[2m | src/components/ChatSidebar.stories.jsx[2m > [22m[2mMeaning Association Generator
[22m[39m[useTranslationWithCapture] t() called: {
  "key": "chatSidebar.messageList.chatMessagesLabel",
  "mode": "off",
  "namespace": "components",
  "value": "Chat messages",
}
[90mstdout[2m | src/components/ChatSidebar.stories.jsx[2m > [22m[2mMeaning Association Generator
[22m[39m[useTranslationWithCapture] t() called: {
  "key": "aiFeedbackWidget.whatToImprove",
  "mode": "off",
  "namespace": "components",
  "value": "What could be improved?",
}
[90mstdout[2m | src/components/ChatSidebar.stories.jsx[2m > [22m[2mMeaning Association Generator
[22m[39m[useTranslationWithCapture] t() called: {
  "key": "aiFeedbackWidget.selectAllThatApply",
  "mode": "off",
  "namespace": "components",
  "value": "Select all that apply:",
}
[90mstdout[2m | src/components/ChatSidebar.stories.jsx[2m > [22m[2mMeaning Association Generator
[22m[39m[useTranslationWithCapture] t() called: {
  "key": "aiFeedbackWidget.cancel",
  "mode": "off",
  "namespace": "components",
  "value": "Cancel",
}
[90mstdout[2m | src/components/ChatSidebar.stories.jsx[2m > [22m[2mMeaning Association Generator
[22m[39m[useTranslationWithCapture] t() called: {
  "key": "aiFeedbackWidget.submit",
  "mode": "off",
  "namespace": "components",
  "value": "Submit",
}
[90mstdout[2m | src/components/ChatSidebar.stories.jsx[2m > [22m[2mMeaning Association Generator
[22m[39m[useTranslationWithCapture] t() called: {
  "key": "common.filter",
  "mode": "off",
  "namespace": "common",
  "value": "Filter",
}
[90mstdout[2m | src/components/ChatSidebar.stories.jsx[2m > [22m[2mMeaning Association Generator
[22m[39mEasy.nodeKey preview-meaning-association type: string
[90mstdout[2m | src/components/ChatSidebar.stories.jsx[2m > [22m[2mMeaning Association Generator
[22m[39mEasy.grade: undefined
[90mstdout[2m | src/components/ChatSidebar.stories.jsx[2m > [22m[2mMeaning Association Generator
[22m[39mEasy.grade.data: undefined
[90mstdout[2m | src/components/ChatSidebar.stories.jsx[2m > [22m[2mMeaning Association Generator
[22m[39mEasy.grade.data === grade? true
[90mstdout[2m | src/components/ChatSidebar.stories.jsx[2m > [22m[2mMeaning Association Generator
[22m[39mEasy.grade.data keys: no data
[90mstdout[2m | src/components/ChatSidebar.stories.jsx[2m > [22m[2mMeaning Association Generator
[22m[39mEasy.grade.data[nodeKey]: undefined
[90mstdout[2m | src/components/ChatSidebar.stories.jsx[2m > [22m[2mMeaning Association Generator
[22m[39mEasy.inProgress {}
[90mstdout[2m | src/components/ChatSidebar.stories.jsx[2m > [22m[2mMeaning Association Generator
[22m[39mHard.loadAttemptedAnswers {}
[90mstdout[2m | src/components/ChatSidebar.stories.jsx[2m > [22m[2mMeaning Association Generator
[22m[39m[useTranslationWithCapture] t() called: {
  "key": "aiFeedbackWidget.whatToImprove",
  "mode": "off",
  "namespace": "components",
  "value": "What could be improved?",
}
[90mstdout[2m | src/components/ChatSidebar.stories.jsx[2m > [22m[2mMeaning Association Generator
[22m[39m[useTranslationWithCapture] t() called: {
  "key": "aiFeedbackWidget.selectAllThatApply",
  "mode": "off",
  "namespace": "components",
  "value": "Select all that apply:",
}
[90mstdout[2m | src/components/ChatSidebar.stories.jsx[2m > [22m[2mMeaning Association Generator
[22m[39m[useTranslationWithCapture] t() called: {
  "key": "aiFeedbackWidget.cancel",
  "mode": "off",
  "namespace": "components",
  "value": "Cancel",
}
[90mstdout[2m | src/components/ChatSidebar.stories.jsx[2m > [22m[2mMeaning Association Generator
[22m[39m[useTranslationWithCapture] t() called: {
  "key": "aiFeedbackWidget.submit",
  "mode": "off",
  "namespace": "components",
  "value": "Submit",
}
[90mstdout[2m | src/components/ChatSidebar.stories.jsx[2m > [22m[2mMeaning Association Generator
[22m[39m[Mock Data] generateClient() called - returning mock client
[90mstdout[2m | src/components/ChatSidebar.stories.jsx[2m > [22m[2mMeaning Association Generator
[22m[39m[Mock amplifyClient] getAmplifyClient() called - returning mock client
[90mstdout[2m | src/components/ChatSidebar.stories.jsx[2m > [22m[2mMeaning Association Generator
[22m[39m[Mock Data] AssistantChatFile.list() called with options: {
  "filter": {
    "chatID": {
      "eq": "meaning-chat",
    },
  },
}
[90mstderr[2m | src/components/ChatSidebar.stories.jsx[2m > [22m[2mMeaning Association Generator
[22m[39mAn update to VirtualizedMessageList inside a test was not wrapped in act(...).

When testing, code that causes React state updates should be wrapped into act(...):

act(() => {
  /* fire events that update state */
});
/* assert on the output */

This ensures that you're testing the behavior the user would see in the browser. Learn more at https://react.dev/link/wrap-tests-with-act
[90mstderr[2m | src/components/ChatSidebar.stories.jsx[2m > [22m[2mMeaning Association Generator
[22m[39mAn update to VirtualizedMessageList inside a test was not wrapped in act(...).

When testing, code that causes React state updates should be wrapped into act(...):

act(() => {
  /* fire events that update state */
});
/* assert on the output */

This ensures that you're testing the behavior the user would see in the browser. Learn more at https://react.dev/link/wrap-tests-with-act
[90mstdout[2m | src/components/ChatSidebar.stories.jsx[2m > [22m[2mMeaning Association Generator
[22m[39m[useTranslationWithCapture] t() called: {
  "key": "chatSidebar.messageList.chatMessagesLabel",
  "mode": "off",
  "namespace": "components",
  "value": "Chat messages",
}
[90mstdout[2m | src/components/ChatSidebar.stories.jsx[2m > [22m[2mMeaning Association Generator
[22m[39m[useTranslationWithCapture] t() called: {
  "key": "aiFeedbackWidget.whatToImprove",
  "mode": "off",
  "namespace": "components",
  "value": "What could be improved?",
}
[90mstdout[2m | src/components/ChatSidebar.stories.jsx[2m > [22m[2mMeaning Association Generator
[22m[39m[useTranslationWithCapture] t() called: {
  "key": "aiFeedbackWidget.selectAllThatApply",
  "mode": "off",
  "namespace": "components",
  "value": "Select all that apply:",
}
[90mstdout[2m | src/components/ChatSidebar.stories.jsx[2m > [22m[2mMeaning Association Generator
[22m[39m[useTranslationWithCapture] t() called: {
  "key": "aiFeedbackWidget.cancel",
  "mode": "off",
  "namespace": "components",
  "value": "Cancel",
}
[90mstdout[2m | src/components/ChatSidebar.stories.jsx[2m > [22m[2mMeaning Association Generator
[22m[39m[useTranslationWithCapture] t() called: {
  "key": "aiFeedbackWidget.submit",
  "mode": "off",
  "namespace": "components",
  "value": "Submit",
}
[90mstdout[2m | src/components/ChatSidebar.stories.jsx[2m > [22m[2mMeaning Association Generator
[22m[39m[useTranslationWithCapture] t() called: {
  "key": "common.filter",
  "mode": "off",
  "namespace": "common",
  "value": "Filter",
}
[90mstdout[2m | src/components/ChatSidebar.stories.jsx[2m > [22m[2mMeaning Association Generator
[22m[39mEasy.nodeKey preview-meaning-association type: string
[90mstdout[2m | src/components/ChatSidebar.stories.jsx[2m > [22m[2mMeaning Association Generator
[22m[39mEasy.grade: undefined
[90mstdout[2m | src/components/ChatSidebar.stories.jsx[2m > [22m[2mMeaning Association Generator
[22m[39mEasy.grade.data: undefined
[90mstdout[2m | src/components/ChatSidebar.stories.jsx[2m > [22m[2mMeaning Association Generator
[22m[39mEasy.grade.data === grade? true
[90mstdout[2m | src/components/ChatSidebar.stories.jsx[2m > [22m[2mMeaning Association Generator
[22m[39mEasy.grade.data keys: no data
[90mstdout[2m | src/components/ChatSidebar.stories.jsx[2m > [22m[2mMeaning Association Generator
[22m[39mEasy.grade.data[nodeKey]: undefined
[90mstdout[2m | src/components/ChatSidebar.stories.jsx[2m > [22m[2mMeaning Association Generator
[22m[39mEasy.inProgress {}
[90mstdout[2m | src/components/ChatSidebar.stories.jsx[2m > [22m[2mMeaning Association Generator
[22m[39mHard.loadAttemptedAnswers {}
[90mstdout[2m | src/components/ChatSidebar.stories.jsx[2m > [22m[2mMeaning Association Generator
[22m[39m[useTranslationWithCapture] t() called: {
  "key": "aiFeedbackWidget.whatToImprove",
  "mode": "off",
  "namespace": "components",
  "value": "What could be improved?",
}
[90mstdout[2m | src/components/ChatSidebar.stories.jsx[2m > [22m[2mMeaning Association Generator
[22m[39m[useTranslationWithCapture] t() called: {
  "key": "aiFeedbackWidget.selectAllThatApply",
  "mode": "off",
  "namespace": "components",
  "value": "Select all that apply:",
}
[90mstdout[2m | src/components/ChatSidebar.stories.jsx[2m > [22m[2mMeaning Association Generator
[22m[39m[useTranslationWithCapture] t() called: {
  "key": "aiFeedbackWidget.cancel",
  "mode": "off",
  "namespace": "components",
  "value": "Cancel",
}
[90mstdout[2m | src/components/ChatSidebar.stories.jsx[2m > [22m[2mMeaning Association Generator
[22m[39m[useTranslationWithCapture] t() called: {
  "key": "aiFeedbackWidget.submit",
  "mode": "off",
  "namespace": "components",
  "value": "Submit",
}
[90mstderr[2m | src/components/ChatSidebar.stories.jsx[2m > [22m[2mMeaning Association Generator
[22m[39mAn update to VirtualizedMessageList inside a test was not wrapped in act(...).

When testing, code that causes React state updates should be wrapped into act(...):

act(() => {
  /* fire events that update state */
});
/* assert on the output */

This ensures that you're testing the behavior the user would see in the browser. Learn more at https://react.dev/link/wrap-tests-with-act
[90mstdout[2m | src/components/ChatSidebar.stories.jsx[2m > [22m[2mMeaning Association Generator
[22m[39m[useTranslationWithCapture] t() called: {
  "key": "chatSidebar.messageList.chatMessagesLabel",
  "mode": "off",
  "namespace": "components",
  "value": "Chat messages",
}
[90mstdout[2m | src/components/ChatSidebar.stories.jsx[2m > [22m[2mMeaning Association Generator
[22m[39m[useTranslationWithCapture] t() called: {
  "key": "aiFeedbackWidget.whatToImprove",
  "mode": "off",
  "namespace": "components",
  "value": "What could be improved?",
}
[90mstdout[2m | src/components/ChatSidebar.stories.jsx[2m > [22m[2mMeaning Association Generator
[22m[39m[useTranslationWithCapture] t() called: {
  "key": "aiFeedbackWidget.selectAllThatApply",
  "mode": "off",
  "namespace": "components",
  "value": "Select all that apply:",
}
[90mstdout[2m | src/components/ChatSidebar.stories.jsx[2m > [22m[2mMeaning Association Generator
[22m[39m[useTranslationWithCapture] t() called: {
  "key": "aiFeedbackWidget.cancel",
  "mode": "off",
  "namespace": "components",
  "value": "Cancel",
}
[90mstdout[2m | src/components/ChatSidebar.stories.jsx[2m > [22m[2mMeaning Association Generator
[22m[39m[useTranslationWithCapture] t() called: {
  "key": "aiFeedbackWidget.submit",
  "mode": "off",
  "namespace": "components",
  "value": "Submit",
}
[90mstdout[2m | src/components/ChatSidebar.stories.jsx[2m > [22m[2mMeaning Association Generator
[22m[39m[useTranslationWithCapture] t() called: {
  "key": "common.filter",
  "mode": "off",
  "namespace": "common",
  "value": "Filter",
}
[90mstdout[2m | src/components/ChatSidebar.stories.jsx[2m > [22m[2mMeaning Association Generator
[22m[39mEasy.nodeKey preview-meaning-association type: string
[90mstdout[2m | src/components/ChatSidebar.stories.jsx[2m > [22m[2mMeaning Association Generator
[22m[39mEasy.grade: undefined
[90mstdout[2m | src/components/ChatSidebar.stories.jsx[2m > [22m[2mMeaning Association Generator
[22m[39mEasy.grade.data: undefined
[90mstdout[2m | src/components/ChatSidebar.stories.jsx[2m > [22m[2mMeaning Association Generator
[22m[39mEasy.grade.data === grade? true
[90mstdout[2m | src/components/ChatSidebar.stories.jsx[2m > [22m[2mMeaning Association Generator
[22m[39mEasy.grade.data keys: no data
[90mstdout[2m | src/components/ChatSidebar.stories.jsx[2m > [22m[2mMeaning Association Generator
[22m[39mEasy.grade.data[nodeKey]: undefined
[90mstdout[2m | src/components/ChatSidebar.stories.jsx[2m > [22m[2mMeaning Association Generator
[22m[39mEasy.inProgress {}
[90mstdout[2m | src/components/ChatSidebar.stories.jsx[2m > [22m[2mMeaning Association Generator
[22m[39mHard.loadAttemptedAnswers {}
[90mstdout[2m | src/components/ChatSidebar.stories.jsx[2m > [22m[2mMeaning Association Generator
[22m[39m[useTranslationWithCapture] t() called: {
  "key": "aiFeedbackWidget.whatToImprove",
  "mode": "off",
  "namespace": "components",
  "value": "What could be improved?",
}
[90mstdout[2m | src/components/ChatSidebar.stories.jsx[2m > [22m[2mMeaning Association Generator
[22m[39m[useTranslationWithCapture] t() called: {
  "key": "aiFeedbackWidget.selectAllThatApply",
  "mode": "off",
  "namespace": "components",
  "value": "Select all that apply:",
}
[90mstdout[2m | src/components/ChatSidebar.stories.jsx[2m > [22m[2mMeaning Association Generator
[22m[39m[useTranslationWithCapture] t() called: {
  "key": "aiFeedbackWidget.cancel",
  "mode": "off",
  "namespace": "components",
  "value": "Cancel",
}
[90mstdout[2m | src/components/ChatSidebar.stories.jsx[2m > [22m[2mMeaning Association Generator
[22m[39m[useTranslationWithCapture] t() called: {
  "key": "aiFeedbackWidget.submit",
  "mode": "off",
  "namespace": "components",
  "value": "Submit",
}
[90mstdout[2m | src/components/ChatSidebar.stories.jsx[2m > [22m[2mCustom Answer Generator
[22m[39m[useTranslationWithCapture] t() called: {
  "key": "chatSidebar.messageList.chatMessagesLabel",
  "mode": "off",
  "namespace": "components",
  "value": "Chat messages",
}
[90mstderr[2m | src/components/ChatSidebar.stories.jsx[2m > [22m[2mCustom Answer Generator
[22m[39mAn update to VirtualizedMessageList inside a test was not wrapped in act(...).

When testing, code that causes React state updates should be wrapped into act(...):

act(() => {
  /* fire events that update state */
});
/* assert on the output */

This ensures that you're testing the behavior the user would see in the browser. Learn more at https://react.dev/link/wrap-tests-with-act
[90mstdout[2m | src/components/ChatSidebar.stories.jsx[2m > [22m[2mCustom Answer Generator
[22m[39m[useTranslationWithCapture] t() called: {
  "key": "chatSidebar.messageList.chatMessagesLabel",
  "mode": "off",
  "namespace": "components",
  "value": "Chat messages",
}
[90mstdout[2m | src/components/ChatSidebar.stories.jsx[2m > [22m[2mCustom Answer Generator
[22m[39m[useTranslationWithCapture] t() called: {
  "key": "aiFeedbackWidget.whatToImprove",
  "mode": "off",
  "namespace": "components",
  "value": "What could be improved?",
}
[90mstdout[2m | src/components/ChatSidebar.stories.jsx[2m > [22m[2mCustom Answer Generator
[22m[39m[useTranslationWithCapture] t() called: {
  "key": "aiFeedbackWidget.selectAllThatApply",
  "mode": "off",
  "namespace": "components",
  "value": "Select all that apply:",
}
[90mstdout[2m | src/components/ChatSidebar.stories.jsx[2m > [22m[2mCustom Answer Generator
[22m[39m[useTranslationWithCapture] t() called: {
  "key": "aiFeedbackWidget.cancel",
  "mode": "off",
  "namespace": "components",
  "value": "Cancel",
}
[90mstdout[2m | src/components/ChatSidebar.stories.jsx[2m > [22m[2mCustom Answer Generator
[22m[39m[useTranslationWithCapture] t() called: {
  "key": "aiFeedbackWidget.submit",
  "mode": "off",
  "namespace": "components",
  "value": "Submit",
}
[90mstdout[2m | src/components/ChatSidebar.stories.jsx[2m > [22m[2mCustom Answer Generator
[22m[39m[useTranslationWithCapture] t() called: {
  "key": "common.filter",
  "mode": "off",
  "namespace": "common",
  "value": "Filter",
}
[90mstdout[2m | src/components/ChatSidebar.stories.jsx[2m > [22m[2mCustom Answer Generator
[22m[39mEasy.nodeKey preview-meaning-association type: string
[90mstdout[2m | src/components/ChatSidebar.stories.jsx[2m > [22m[2mCustom Answer Generator
[22m[39mEasy.grade: undefined
[90mstdout[2m | src/components/ChatSidebar.stories.jsx[2m > [22m[2mCustom Answer Generator
[22m[39mEasy.grade.data: undefined
[90mstdout[2m | src/components/ChatSidebar.stories.jsx[2m > [22m[2mCustom Answer Generator
[22m[39mEasy.grade.data === grade? true
[90mstdout[2m | src/components/ChatSidebar.stories.jsx[2m > [22m[2mCustom Answer Generator
[22m[39mEasy.grade.data keys: no data
[90mstdout[2m | src/components/ChatSidebar.stories.jsx[2m > [22m[2mCustom Answer Generator
[22m[39mEasy.grade.data[nodeKey]: undefined
[90mstdout[2m | src/components/ChatSidebar.stories.jsx[2m > [22m[2mCustom Answer Generator
[22m[39mEasy.inProgress {}
[90mstdout[2m | src/components/ChatSidebar.stories.jsx[2m > [22m[2mCustom Answer Generator
[22m[39mHard.loadAttemptedAnswers {}
[90mstdout[2m | src/components/ChatSidebar.stories.jsx[2m > [22m[2mCustom Answer Generator
[22m[39m[useTranslationWithCapture] t() called: {
  "key": "aiFeedbackWidget.whatToImprove",
  "mode": "off",
  "namespace": "components",
  "value": "What could be improved?",
}
[90mstdout[2m | src/components/ChatSidebar.stories.jsx[2m > [22m[2mCustom Answer Generator
[22m[39m[useTranslationWithCapture] t() called: {
  "key": "aiFeedbackWidget.selectAllThatApply",
  "mode": "off",
  "namespace": "components",
  "value": "Select all that apply:",
}
[90mstdout[2m | src/components/ChatSidebar.stories.jsx[2m > [22m[2mCustom Answer Generator
[22m[39m[useTranslationWithCapture] t() called: {
  "key": "aiFeedbackWidget.cancel",
  "mode": "off",
  "namespace": "components",
  "value": "Cancel",
}
[90mstdout[2m | src/components/ChatSidebar.stories.jsx[2m > [22m[2mCustom Answer Generator
[22m[39m[useTranslationWithCapture] t() called: {
  "key": "aiFeedbackWidget.submit",
  "mode": "off",
  "namespace": "components",
  "value": "Submit",
}
[90mstdout[2m | src/components/ChatSidebar.stories.jsx[2m > [22m[2mCustom Answer Generator
[22m[39m[useTranslationWithCapture] t() called: {
  "key": "chatSidebar.messageList.chatMessagesLabel",
  "mode": "off",
  "namespace": "components",
  "value": "Chat messages",
}
[90mstdout[2m | src/components/ChatSidebar.stories.jsx[2m > [22m[2mCustom Answer Generator
[22m[39m[Mock Data] Settings subscription unsubscribed. Remaining: 0
[90mstdout[2m | src/components/ChatSidebar.stories.jsx[2m > [22m[2mCustom Answer Generator
[22m[39m[ChatContext] Cleaning up subscription
[90mstdout[2m | src/components/ChatSidebar.stories.jsx[2m > [22m[2mCustom Answer Generator
[22m[39m[Mock Data] AssistantChat subscription unsubscribed. Remaining: 0
[90mstdout[2m | src/components/ChatSidebar.stories.jsx[2m > [22m[2mCustom Answer Generator
[22m[39m[Mock Data] File subscription unsubscribed. Remaining: 0
[90mstdout[2m | src/components/ChatSidebar.stories.jsx[2m > [22m[2mCustom Answer Generator
[22m[39m[Mock Data] Document subscription unsubscribed. Remaining: 1
[90mstdout[2m | src/components/ChatSidebar.stories.jsx[2m > [22m[2mCustom Answer Generator
[22m[39m[Mock Data] Word subscription unsubscribed. Remaining: 0
[90mstdout[2m | src/components/ChatSidebar.stories.jsx[2m > [22m[2mCustom Answer Generator
[22m[39m[Mock Data] Question subscription unsubscribed. Remaining: 0
[90mstdout[2m | src/components/ChatSidebar.stories.jsx[2m > [22m[2mCustom Answer Generator
[22m[39m[Mock Data] Grade subscription unsubscribed. Remaining: 0
[90mstdout[2m | src/components/ChatSidebar.stories.jsx[2m > [22m[2mCustom Answer Generator
[22m[39m[Mock Data] Unit subscription unsubscribed. Remaining: 0
[90mstdout[2m | src/components/ChatSidebar.stories.jsx[2m > [22m[2mCustom Answer Generator
[22m[39m[SectionContext] Cleaning up subscriptions
[90mstdout[2m | src/components/ChatSidebar.stories.jsx[2m > [22m[2mCustom Answer Generator
[22m[39m[Mock Data] Section.onCreate() subscription removed. Remaining: 0
[90mstdout[2m | src/components/ChatSidebar.stories.jsx[2m > [22m[2mCustom Answer Generator
[22m[39m[Mock Data] Section.onUpdate() subscription removed. Remaining: 0
[90mstdout[2m | src/components/ChatSidebar.stories.jsx[2m > [22m[2mCustom Answer Generator
[22m[39m[Mock Data] Section.onDelete() subscription removed. Remaining: 0
[90mstdout[2m | src/components/ChatSidebar.stories.jsx[2m > [22m[2mCustom Answer Generator
[22m[39m[Mock Data] Assignment.onCreate() subscription removed. Remaining: 0
[90mstdout[2m | src/components/ChatSidebar.stories.jsx[2m > [22m[2mCustom Answer Generator
[22m[39m[Mock Data] Assignment.onUpdate() subscription removed. Remaining: 0
[90mstdout[2m | src/components/ChatSidebar.stories.jsx[2m > [22m[2mCustom Answer Generator
[22m[39m[Mock Data] Assignment.onDelete() subscription removed. Remaining: 0
[90mstdout[2m | src/components/ChatSidebar.stories.jsx[2m > [22m[2mCustom Answer Generator
[22m[39m[chatTools] Vector store search function registered: false
[90mstdout[2m | src/components/ChatSidebar.stories.jsx[2m > [22m[2mCustom Answer Generator
[22m[39m[Mock Data] Document subscription unsubscribed. Remaining: 0
[90mstdout[2m | src/components/ChatSidebar.stories.jsx[2m > [22m[2mCustom Answer Generator
[22m[39m[Mock Data] Clearing all data stores
[90mstdout[2m | src/components/ChatSidebar.stories.jsx[2m > [22m[2mCustom Answer Generator
[22m[39m[Mock Data] All data stores cleared
[90mstdout[2m | src/components/ChatSidebar.stories.jsx[2m > [22m[2mCustom Answer Generator
[22m[39m[Preview] Cleared mock data for story
[90mstdout[2m | src/components/ChatSidebar.stories.jsx[2m > [22m[2mCustom Answer Generator
[22m[39m[Preview] Skipped initializing default mock data (initializeMockData=false)
[90mstdout[2m | src/components/ChatSidebar.stories.jsx[2m > [22m[2mCustom Answer Generator
[22m[39m[Mock AuthContext] Providing auth: {
  "error": undefined,
  "isLoading": false,
  "session": {
    "idToken": {
      "toString": [Function toString],
    },
    "identityId": "us-east-1:mock-identity-123",
    "username": "mock-user-sub",
  },
  "user": {
    "attributes": {
      "email": "alice@example.com",
      "name": "Alice Student",
      "sub": "mock-user-sub",
    },
  },
}
[90mstdout[2m | src/components/ChatSidebar.stories.jsx[2m > [22m[2mCustom Answer Generator
[22m[39m[Mock Data] generateClient() called - returning mock client
[90mstdout[2m | src/components/ChatSidebar.stories.jsx[2m > [22m[2mCustom Answer Generator
[22m[39m[Mock amplifyClient] getAmplifyClient() called - returning mock client
[90mstdout[2m | src/components/ChatSidebar.stories.jsx[2m > [22m[2mCustom Answer Generator
[22m[39m[MOCK CourseVectorStore] Initialized with mock data
[90mstdout[2m | src/components/ChatSidebar.stories.jsx[2m > [22m[2mCustom Answer Generator
[22m[39m[TranslationModeController] Setting mode to: off
[90mstdout[2m | src/components/ChatSidebar.stories.jsx[2m > [22m[2mCustom Answer Generator
[22m[39m[SectionContext] useEffect triggered {
  "authLoading": false,
  "hasUser": true,
  "userSub": "mock-user-sub",
}
[90mstdout[2m | src/components/ChatSidebar.stories.jsx[2m > [22m[2mCustom Answer Generator
[22m[39m[SectionContext] Fetching sections for userId: mock-user-sub
[90mstdout[2m | src/components/ChatSidebar.stories.jsx[2m > [22m[2mCustom Answer Generator
[22m[39m[Mock Data] generateClient() called - returning mock client
[90mstdout[2m | src/components/ChatSidebar.stories.jsx[2m > [22m[2mCustom Answer Generator
[22m[39m[Mock amplifyClient] getAmplifyClient() called - returning mock client
[90mstdout[2m | src/components/ChatSidebar.stories.jsx[2m > [22m[2mCustom Answer Generator
[22m[39m[Mock Data] Section.list() called with options: undefined
[90mstdout[2m | src/components/ChatSidebar.stories.jsx[2m > [22m[2mCustom Answer Generator
[22m[39m[Mock Data] generateClient() called - returning mock client
[90mstdout[2m | src/components/ChatSidebar.stories.jsx[2m > [22m[2mCustom Answer Generator
[22m[39m[Mock amplifyClient] getAmplifyClient() called - returning mock client
[90mstdout[2m | src/components/ChatSidebar.stories.jsx[2m > [22m[2mCustom Answer Generator
[22m[39m[Mock Data] Assignment.list() called with options: {
  "filter": {
    "unitID": {
      "eq": "mock-unit-id",
    },
  },
}
[90mstdout[2m | src/components/ChatSidebar.stories.jsx[2m > [22m[2mCustom Answer Generator
[22m[39m[Mock Data] generateClient() called - returning mock client
[90mstdout[2m | src/components/ChatSidebar.stories.jsx[2m > [22m[2mCustom Answer Generator
[22m[39m[Mock amplifyClient] getAmplifyClient() called - returning mock client
[90mstdout[2m | src/components/ChatSidebar.stories.jsx[2m > [22m[2mCustom Answer Generator
[22m[39m[Mock Data] Grade.observeQuery() called with filter: {
  "filter": {
    "unitID": {
      "eq": "mock-unit-id",
    },
  },
}
[90mstdout[2m | src/components/ChatSidebar.stories.jsx[2m > [22m[2mCustom Answer Generator
[22m[39m[Mock Data] Grade.observeQuery() applying filter: {
  "unitID": {
    "eq": "mock-unit-id",
  },
}
[90mstdout[2m | src/components/ChatSidebar.stories.jsx[2m > [22m[2mCustom Answer Generator
[22m[39m[Mock Data] Grade.observeQuery() items before filter: 0
[90mstdout[2m | src/components/ChatSidebar.stories.jsx[2m > [22m[2mCustom Answer Generator
[22m[39m[Mock Data] Grade.observeQuery() items after filter: 0
[90mstdout[2m | src/components/ChatSidebar.stories.jsx[2m > [22m[2mCustom Answer Generator
[22m[39m[Mock Data] Grade.observeQuery() returning 0 items (filter applied) {
  "filter": {
    "unitID": {
      "eq": "mock-unit-id",
    },
  },
}
[90mstdout[2m | src/components/ChatSidebar.stories.jsx[2m > [22m[2mCustom Answer Generator
[22m[39m[Mock Data] Grade subscription added. Total subscriptions: 1
[90mstdout[2m | src/components/ChatSidebar.stories.jsx[2m > [22m[2mCustom Answer Generator
[22m[39m[UnitContext] useEffect triggered {
  "authLoading": false,
  "hasUser": true,
  "id": "mock-unit-id",
  "userSub": "mock-user-sub",
}
[90mstdout[2m | src/components/ChatSidebar.stories.jsx[2m > [22m[2mCustom Answer Generator
[22m[39m[UnitContext] Fetching unit data for id: mock-unit-id
[90mstdout[2m | src/components/ChatSidebar.stories.jsx[2m > [22m[2mCustom Answer Generator
[22m[39m[Mock Data] generateClient() called - returning mock client
[90mstdout[2m | src/components/ChatSidebar.stories.jsx[2m > [22m[2mCustom Answer Generator
[22m[39m[Mock amplifyClient] getAmplifyClient() called - returning mock client
[90mstdout[2m | src/components/ChatSidebar.stories.jsx[2m > [22m[2mCustom Answer Generator
[22m[39m[Mock Data] Unit.observeQuery() called with filter: {
  "filter": {
    "id": {
      "eq": "mock-unit-id",
    },
  },
}
[90mstdout[2m | src/components/ChatSidebar.stories.jsx[2m > [22m[2mCustom Answer Generator
[22m[39m[Mock Data] Unit.observeQuery() applying filter: {
  "id": {
    "eq": "mock-unit-id",
  },
}
[90mstdout[2m | src/components/ChatSidebar.stories.jsx[2m > [22m[2mCustom Answer Generator
[22m[39m[Mock Data] Unit.observeQuery() items before filter: 0
[90mstdout[2m | src/components/ChatSidebar.stories.jsx[2m > [22m[2mCustom Answer Generator
[22m[39m[Mock Data] Unit.observeQuery() items after filter: 0
[90mstdout[2m | src/components/ChatSidebar.stories.jsx[2m > [22m[2mCustom Answer Generator
[22m[39m[Mock Data] Unit.observeQuery() returning 0 items (filter applied) {
  "filter": {
    "id": {
      "eq": "mock-unit-id",
    },
  },
}
[90mstdout[2m | src/components/ChatSidebar.stories.jsx[2m > [22m[2mCustom Answer Generator
[22m[39m[Mock Data] Unit subscription added. Total subscriptions: 1
[90mstdout[2m | src/components/ChatSidebar.stories.jsx[2m > [22m[2mCustom Answer Generator
[22m[39m[Mock Data] generateClient() called - returning mock client
[90mstdout[2m | src/components/ChatSidebar.stories.jsx[2m > [22m[2mCustom Answer Generator
[22m[39m[Mock amplifyClient] getAmplifyClient() called - returning mock client
[90mstdout[2m | src/components/ChatSidebar.stories.jsx[2m > [22m[2mCustom Answer Generator
[22m[39m[Mock Data] Word.observeQuery() called with filter: undefined
[90mstdout[2m | src/components/ChatSidebar.stories.jsx[2m > [22m[2mCustom Answer Generator
[22m[39m[Mock Data] Word.observeQuery() returning 0 items (filter applied) undefined
[90mstdout[2m | src/components/ChatSidebar.stories.jsx[2m > [22m[2mCustom Answer Generator
[22m[39m[Mock Data] Word subscription added. Total subscriptions: 1
[90mstdout[2m | src/components/ChatSidebar.stories.jsx[2m > [22m[2mCustom Answer Generator
[22m[39m[Mock Data] generateClient() called - returning mock client
[90mstdout[2m | src/components/ChatSidebar.stories.jsx[2m > [22m[2mCustom Answer Generator
[22m[39m[Mock amplifyClient] getAmplifyClient() called - returning mock client
[90mstdout[2m | src/components/ChatSidebar.stories.jsx[2m > [22m[2mCustom Answer Generator
[22m[39m[Mock Data] Question.observeQuery() called with filter: undefined
[90mstdout[2m | src/components/ChatSidebar.stories.jsx[2m > [22m[2mCustom Answer Generator
[22m[39m[Mock Data] Question.observeQuery() returning 0 items (filter applied) undefined
[90mstdout[2m | src/components/ChatSidebar.stories.jsx[2m > [22m[2mCustom Answer Generator
[22m[39m[Mock Data] Question subscription added. Total subscriptions: 1
[90mstdout[2m | src/components/ChatSidebar.stories.jsx[2m > [22m[2mCustom Answer Generator
[22m[39m[FilesContext] Initializing vector store from IndexedDB
[90mstdout[2m | src/components/ChatSidebar.stories.jsx[2m > [22m[2mCustom Answer Generator
[22m[39m[FilesContext] fetchFiles called
[90mstdout[2m | src/components/ChatSidebar.stories.jsx[2m > [22m[2mCustom Answer Generator
[22m[39m[FilesContext] User authenticated: mock-user-sub
[90mstdout[2m | src/components/ChatSidebar.stories.jsx[2m > [22m[2mCustom Answer Generator
[22m[39m[FilesContext] Identity ID: us-east-1:mock-identity-123
[90mstdout[2m | src/components/ChatSidebar.stories.jsx[2m > [22m[2mCustom Answer Generator
[22m[39m[FilesContext] About to subscribe to File model
[90mstdout[2m | src/components/ChatSidebar.stories.jsx[2m > [22m[2mCustom Answer Generator
[22m[39m[Mock Data] generateClient() called - returning mock client
[90mstdout[2m | src/components/ChatSidebar.stories.jsx[2m > [22m[2mCustom Answer Generator
[22m[39m[Mock amplifyClient] getAmplifyClient() called - returning mock client
[90mstdout[2m | src/components/ChatSidebar.stories.jsx[2m > [22m[2mCustom Answer Generator
[22m[39m[Mock Data] File.observeQuery() called with filter: undefined
[90mstdout[2m | src/components/ChatSidebar.stories.jsx[2m > [22m[2mCustom Answer Generator
[22m[39m[Mock Data] File.observeQuery() returning 0 items (filter applied) undefined
[90mstdout[2m | src/components/ChatSidebar.stories.jsx[2m > [22m[2mCustom Answer Generator
[22m[39m[Mock Data] File subscription added. Total subscriptions: 1
[90mstdout[2m | src/components/ChatSidebar.stories.jsx[2m > [22m[2mCustom Answer Generator
[22m[39m[Mock Data] generateClient() called - returning mock client
[90mstdout[2m | src/components/ChatSidebar.stories.jsx[2m > [22m[2mCustom Answer Generator
[22m[39m[Mock amplifyClient] getAmplifyClient() called - returning mock client
[90mstdout[2m | src/components/ChatSidebar.stories.jsx[2m > [22m[2mCustom Answer Generator
[22m[39m[Mock Data] Document.observeQuery() called with filter: undefined
[90mstdout[2m | src/components/ChatSidebar.stories.jsx[2m > [22m[2mCustom Answer Generator
[22m[39m[Mock Data] Document.observeQuery() returning 0 items (filter applied) undefined
[90mstdout[2m | src/components/ChatSidebar.stories.jsx[2m > [22m[2mCustom Answer Generator
[22m[39m[Mock Data] Document subscription added. Total subscriptions: 1
[90mstdout[2m | src/components/ChatSidebar.stories.jsx[2m > [22m[2mCustom Answer Generator
[22m[39m[ChatContext] Setting up observeQuery for AssistantChat
[90mstdout[2m | src/components/ChatSidebar.stories.jsx[2m > [22m[2mCustom Answer Generator
[22m[39m[Mock Data] AssistantChat.observeQuery() called with filter: {
  "sortDirection": "DESC",
  "sortField": "createdAt",
}
[90mstdout[2m | src/components/ChatSidebar.stories.jsx[2m > [22m[2mCustom Answer Generator
[22m[39m[Mock Data] AssistantChat.observeQuery() returning 0 items (filter applied) {
  "sortDirection": "DESC",
  "sortField": "createdAt",
}
[90mstdout[2m | src/components/ChatSidebar.stories.jsx[2m > [22m[2mCustom Answer Generator
[22m[39m[Mock Data] AssistantChat subscription added. Total subscriptions: 1
[90mstdout[2m | src/components/ChatSidebar.stories.jsx[2m > [22m[2mCustom Answer Generator
[22m[39m[ChatContext] Waiting for subscription to initialize
[90mstdout[2m | src/components/ChatSidebar.stories.jsx[2m > [22m[2mCustom Answer Generator
[22m[39m[SettingsContext] Setting up Settings subscription for user: mock-user-sub
[90mstdout[2m | src/components/ChatSidebar.stories.jsx[2m > [22m[2mCustom Answer Generator
[22m[39m[Mock Data] generateClient() called - returning mock client
[90mstdout[2m | src/components/ChatSidebar.stories.jsx[2m > [22m[2mCustom Answer Generator
[22m[39m[Mock amplifyClient] getAmplifyClient() called - returning mock client
[90mstdout[2m | src/components/ChatSidebar.stories.jsx[2m > [22m[2mCustom Answer Generator
[22m[39m[Mock Data] Settings.observeQuery() called with filter: undefined
[90mstdout[2m | src/components/ChatSidebar.stories.jsx[2m > [22m[2mCustom Answer Generator
[22m[39m[Mock Data] Settings.observeQuery() returning 0 items (filter applied) undefined
[90mstdout[2m | src/components/ChatSidebar.stories.jsx[2m > [22m[2mCustom Answer Generator
[22m[39m[Mock Data] Settings subscription added. Total subscriptions: 1
[90mstdout[2m | src/components/ChatSidebar.stories.jsx[2m > [22m[2mCustom Answer Generator
[22m[39m[SectionContext] Initial sections: 0 []
[90mstdout[2m | src/components/ChatSidebar.stories.jsx[2m > [22m[2mCustom Answer Generator
[22m[39m[Mock Data] Section.onCreate() called with filter: undefined
[90mstdout[2m | src/components/ChatSidebar.stories.jsx[2m > [22m[2mCustom Answer Generator
[22m[39m[Mock Data] Section.onCreate() subscription added. Total: 1
[90mstdout[2m | src/components/ChatSidebar.stories.jsx[2m > [22m[2mCustom Answer Generator
[22m[39m[Mock Data] Section.onUpdate() called with filter: undefined
[90mstdout[2m | src/components/ChatSidebar.stories.jsx[2m > [22m[2mCustom Answer Generator
[22m[39m[Mock Data] Section.onUpdate() subscription added. Total: 1
[90mstdout[2m | src/components/ChatSidebar.stories.jsx[2m > [22m[2mCustom Answer Generator
[22m[39m[Mock Data] Section.onDelete() called with filter: undefined
[90mstdout[2m | src/components/ChatSidebar.stories.jsx[2m > [22m[2mCustom Answer Generator
[22m[39m[Mock Data] Section.onDelete() subscription added. Total: 1
[90mstdout[2m | src/components/ChatSidebar.stories.jsx[2m > [22m[2mCustom Answer Generator
[22m[39m[Mock Data] Assignment.onCreate() called with filter: {
  "filter": {
    "unitID": {
      "eq": "mock-unit-id",
    },
  },
}
[90mstdout[2m | src/components/ChatSidebar.stories.jsx[2m > [22m[2mCustom Answer Generator
[22m[39m[Mock Data] Assignment.onCreate() subscription added. Total: 1
[90mstdout[2m | src/components/ChatSidebar.stories.jsx[2m > [22m[2mCustom Answer Generator
[22m[39m[Mock Data] Assignment.onUpdate() called with filter: {
  "filter": {
    "unitID": {
      "eq": "mock-unit-id",
    },
  },
}
[90mstdout[2m | src/components/ChatSidebar.stories.jsx[2m > [22m[2mCustom Answer Generator
[22m[39m[Mock Data] Assignment.onUpdate() subscription added. Total: 1
[90mstdout[2m | src/components/ChatSidebar.stories.jsx[2m > [22m[2mCustom Answer Generator
[22m[39m[Mock Data] Assignment.onDelete() called with filter: {
  "filter": {
    "unitID": {
      "eq": "mock-unit-id",
    },
  },
}
[90mstdout[2m | src/components/ChatSidebar.stories.jsx[2m > [22m[2mCustom Answer Generator
[22m[39m[Mock Data] Assignment.onDelete() subscription added. Total: 1
[90mstdout[2m | src/components/ChatSidebar.stories.jsx[2m > [22m[2mCustom Answer Generator
[22m[39m[ChatSidebar] Message finished: {
  "finishReason": undefined,
  "isAbort": false,
  "isDisconnect": false,
  "isError": false,
  "message": {
    "id": "sjbCHiDjHrdz63rA",
    "metadata": undefined,
    "parts": [],
    "role": "assistant",
  },
  "messages": [
    {
      "id": "AQQXZlfIZWCHX2ww",
      "metadata": undefined,
      "parts": [
        {
          "text": "Help me create a Japanese greeting lesson",
          "type": "text",
        },
      ],
      "role": "user",
    },
  ],
}
[90mstdout[2m | src/components/ChatSidebar.stories.jsx[2m > [22m[2mCustom Answer Generator
[22m[39m[ChatSidebar] deepCloneMessages: cloned 1 messages
[90mstdout[2m | src/components/ChatSidebar.stories.jsx[2m > [22m[2mCustom Answer Generator
[22m[39m[Mock Data] generateClient() called - returning mock client
[90mstdout[2m | src/components/ChatSidebar.stories.jsx[2m > [22m[2mCustom Answer Generator
[22m[39m[Mock amplifyClient] getAmplifyClient() called - returning mock client
[90mstdout[2m | src/components/ChatSidebar.stories.jsx[2m > [22m[2mCustom Answer Generator
[22m[39m[Mock Data] AssistantChat.update() called with: {
  "draft": "",
  "id": "mock-assistant-chat-1",
  "messages": "[{"parts":[{"type":"text","text":"Help me create a Japanese greeting lesson"}],"id":"AQQXZlfIZWCHX2ww","role":"user"}]",
}
[90mstdout[2m | src/components/ChatSidebar.stories.jsx[2m > [22m[2mCustom Answer Generator
[22m[39m[FilesContext] File observeQuery subscription triggered:
[90mstdout[2m | src/components/ChatSidebar.stories.jsx[2m > [22m[2mCustom Answer Generator
[22m[39m  - items.length: 0
[90mstdout[2m | src/components/ChatSidebar.stories.jsx[2m > [22m[2mCustom Answer Generator
[22m[39m  - isSynced: true
[90mstdout[2m | src/components/ChatSidebar.stories.jsx[2m > [22m[2mCustom Answer Generator
[22m[39m  - items: []
[90mstdout[2m | src/components/ChatSidebar.stories.jsx[2m > [22m[2mCustom Answer Generator
[22m[39m[ChatContext] AssistantChat query update: 0 items (synced)
[90mstdout[2m | src/components/ChatSidebar.stories.jsx[2m > [22m[2mCustom Answer Generator
[22m[39m[ChatContext] AssistantChat subscription initialized
[90mstdout[2m | src/components/ChatSidebar.stories.jsx[2m > [22m[2mCustom Answer Generator
[22m[39m[ChatContext] AssistantChat list updated: 0 chats
[90mstdout[2m | src/components/ChatSidebar.stories.jsx[2m > [22m[2mCustom Answer Generator
[22m[39m[ChatContext] No chats found, clearing current chat - new one will be created
[90mstdout[2m | src/components/ChatSidebar.stories.jsx[2m > [22m[2mCustom Answer Generator
[22m[39m[Mock Data] seedMockQuestions: Adding 2 questions
[90mstdout[2m | src/components/ChatSidebar.stories.jsx[2m > [22m[2mCustom Answer Generator
[22m[39m[Mock Data] Notifying Question subscriber with 2 questions
[90mstdout[2m | src/components/ChatSidebar.stories.jsx[2m > [22m[2mCustom Answer Generator
[22m[39m[Mock Data] seedMockAssistantChats: Replacing with 1 assistant chats
[90mstdout[2m | src/components/ChatSidebar.stories.jsx[2m > [22m[2mCustom Answer Generator
[22m[39m[Mock Data] Notifying 1 AssistantChat subscriptions
[90mstderr[2m | src/components/ChatSidebar.stories.jsx[2m > [22m[2mCustom Answer Generator
[22m[39m[useTabContext] Used outside of TabProvider, returning default values
[90mstdout[2m | src/components/ChatSidebar.stories.jsx[2m > [22m[2mCustom Answer Generator
[22m[39m[ChatSidebar] Registered client-side tools: [
  "search_content",
  "create_section",
  "create_unit",
  "create_assignment",
  "add_timer_to_unit",
  "create_vocabulary_word",
  "create_question",
  "list_sections",
  "list_units",
  "get_unit_details",
  "update_unit",
  "delete_assignment",
]
[90mstdout[2m | src/components/ChatSidebar.stories.jsx[2m > [22m[2mCustom Answer Generator
[22m[39m[useTranslationWithCapture] t() called: {
  "key": "chatSidebar.aiAssistant",
  "mode": "off",
  "namespace": "components",
  "value": "AI Assistant",
}
[90mstdout[2m | src/components/ChatSidebar.stories.jsx[2m > [22m[2mCustom Answer Generator
[22m[39m[useTranslationWithCapture] t() called: {
  "key": "chatSidebar.newChat",
  "mode": "off",
  "namespace": "components",
  "value": "New chat",
}
[90mstdout[2m | src/components/ChatSidebar.stories.jsx[2m > [22m[2mCustom Answer Generator
[22m[39m[useTranslationWithCapture] t() called: {
  "key": "chatSidebar.archiveChat",
  "mode": "off",
  "namespace": "components",
  "value": "Archive chat",
}
[90mstdout[2m | src/components/ChatSidebar.stories.jsx[2m > [22m[2mCustom Answer Generator
[22m[39m[useTranslationWithCapture] t() called: {
  "key": "chatSidebar.welcomeMessage",
  "mode": "off",
  "namespace": "components",
  "value": "Ask me anything about your curriculum, files, or content!",
}
[90mstdout[2m | src/components/ChatSidebar.stories.jsx[2m > [22m[2mCustom Answer Generator
[22m[39m[useTranslationWithCapture] t() called: {
  "key": "chatSidebar.settingUpChat",
  "mode": "off",
  "namespace": "components",
  "value": "Setting up chat...",
}
[90mstdout[2m | src/components/ChatSidebar.stories.jsx[2m > [22m[2mCustom Answer Generator
[22m[39m[useTranslationWithCapture] t() called: {
  "key": "actions.send",
  "mode": "off",
  "namespace": "components",
  "value": "Send",
}
[90mstdout[2m | src/components/ChatSidebar.stories.jsx[2m > [22m[2mCustom Answer Generator
[22m[39m[useTranslationWithCapture] t() called: {
  "key": "chatSidebar.reviewImportVocabulary",
  "mode": "off",
  "namespace": "components",
  "value": "Review & Import Vocabulary",
}
[90mstdout[2m | src/components/ChatSidebar.stories.jsx[2m > [22m[2mCustom Answer Generator
[22m[39m[useTranslationWithCapture] t() called: {
  "key": "chatSidebar.confirm",
  "mode": "off",
  "namespace": "components",
  "value": "Confirm",
}
[90mstdout[2m | src/components/ChatSidebar.stories.jsx[2m > [22m[2mCustom Answer Generator
[22m[39m[useTranslationWithCapture] t() called: {
  "key": "chatSidebar.cancel",
  "mode": "off",
  "namespace": "components",
  "value": "Cancel",
}
[90mstdout[2m | src/components/ChatSidebar.stories.jsx[2m > [22m[2mCustom Answer Generator
[22m[39m[chatTools] Vector store search function registered: true
[90mstdout[2m | src/components/ChatSidebar.stories.jsx[2m > [22m[2mCustom Answer Generator
[22m[39m[ChatSidebar] Registered vector store search, isReady: false
[90mstdout[2m | src/components/ChatSidebar.stories.jsx[2m > [22m[2mCustom Answer Generator
[22m[39m[ChatSidebar] Setting up Document subscription for user: undefined
[90mstdout[2m | src/components/ChatSidebar.stories.jsx[2m > [22m[2mCustom Answer Generator
[22m[39m[Mock Data] generateClient() called - returning mock client
[90mstdout[2m | src/components/ChatSidebar.stories.jsx[2m > [22m[2mCustom Answer Generator
[22m[39m[Mock amplifyClient] getAmplifyClient() called - returning mock client
[90mstdout[2m | src/components/ChatSidebar.stories.jsx[2m > [22m[2mCustom Answer Generator
[22m[39m[Mock Data] Document.observeQuery() called with filter: undefined
[90mstdout[2m | src/components/ChatSidebar.stories.jsx[2m > [22m[2mCustom Answer Generator
[22m[39m[Mock Data] Document.observeQuery() returning 0 items (filter applied) undefined
[90mstdout[2m | src/components/ChatSidebar.stories.jsx[2m > [22m[2mCustom Answer Generator
[22m[39m[Mock Data] Document subscription added. Total subscriptions: 2
[90mstdout[2m | src/components/ChatSidebar.stories.jsx[2m > [22m[2mCustom Answer Generator
[22m[39m[ChatContext] No current chat available, will create one
[90mstdout[2m | src/components/ChatSidebar.stories.jsx[2m > [22m[2mCustom Answer Generator
[22m[39m[ChatContext] Creating AssistantChat with user: undefined
[90mstdout[2m | src/components/ChatSidebar.stories.jsx[2m > [22m[2mCustom Answer Generator
[22m[39m[Mock Data] AssistantChat.create() called with: {
  "archived": false,
  "model": "gpt-4",
}
[90mstdout[2m | src/components/ChatSidebar.stories.jsx[2m > [22m[2mCustom Answer Generator
[22m[39m[Mock Data] AssistantChat created: mock-assistantchat-1776336979955 - notified 1 subscribers
[90mstderr[2m | src/components/ChatSidebar.stories.jsx[2m > [22m[2mCustom Answer Generator
[22m[39m[useTabContext] Used outside of TabProvider, returning default values
[90mstdout[2m | src/components/ChatSidebar.stories.jsx[2m > [22m[2mCustom Answer Generator
[22m[39m[useTranslationWithCapture] t() called: {
  "key": "chatSidebar.aiAssistant",
  "mode": "off",
  "namespace": "components",
  "value": "AI Assistant",
}
[90mstdout[2m | src/components/ChatSidebar.stories.jsx[2m > [22m[2mCustom Answer Generator
[22m[39m[useTranslationWithCapture] t() called: {
  "key": "chatSidebar.newChat",
  "mode": "off",
  "namespace": "components",
  "value": "New chat",
}
[90mstdout[2m | src/components/ChatSidebar.stories.jsx[2m > [22m[2mCustom Answer Generator
[22m[39m[useTranslationWithCapture] t() called: {
  "key": "chatSidebar.archiveChat",
  "mode": "off",
  "namespace": "components",
  "value": "Archive chat",
}
[90mstdout[2m | src/components/ChatSidebar.stories.jsx[2m > [22m[2mCustom Answer Generator
[22m[39m[useTranslationWithCapture] t() called: {
  "key": "chatSidebar.welcomeMessage",
  "mode": "off",
  "namespace": "components",
  "value": "Ask me anything about your curriculum, files, or content!",
}
[90mstdout[2m | src/components/ChatSidebar.stories.jsx[2m > [22m[2mCustom Answer Generator
[22m[39m[useTranslationWithCapture] t() called: {
  "key": "chatSidebar.settingUpChat",
  "mode": "off",
  "namespace": "components",
  "value": "Setting up chat...",
}
[90mstdout[2m | src/components/ChatSidebar.stories.jsx[2m > [22m[2mCustom Answer Generator
[22m[39m[useTranslationWithCapture] t() called: {
  "key": "actions.send",
  "mode": "off",
  "namespace": "components",
  "value": "Send",
}
[90mstdout[2m | src/components/ChatSidebar.stories.jsx[2m > [22m[2mCustom Answer Generator
[22m[39m[useTranslationWithCapture] t() called: {
  "key": "chatSidebar.reviewImportVocabulary",
  "mode": "off",
  "namespace": "components",
  "value": "Review & Import Vocabulary",
}
[90mstdout[2m | src/components/ChatSidebar.stories.jsx[2m > [22m[2mCustom Answer Generator
[22m[39m[useTranslationWithCapture] t() called: {
  "key": "chatSidebar.confirm",
  "mode": "off",
  "namespace": "components",
  "value": "Confirm",
}
[90mstdout[2m | src/components/ChatSidebar.stories.jsx[2m > [22m[2mCustom Answer Generator
[22m[39m[useTranslationWithCapture] t() called: {
  "key": "chatSidebar.cancel",
  "mode": "off",
  "namespace": "components",
  "value": "Cancel",
}
[90mstdout[2m | src/components/ChatSidebar.stories.jsx[2m > [22m[2mCustom Answer Generator
[22m[39m[ChatContext] Create result: {
  "data": {
    "_version": 1,
    "archived": false,
    "chatFiles": [Function anonymous],
    "createdAt": "2026-04-16T10:56:19.955Z",
    "id": "mock-assistantchat-1776336979955",
    "model": "gpt-4",
    "updatedAt": "2026-04-16T10:56:19.955Z",
  },
  "errors": [],
  "hasData": true,
  "hasErrors": true,
}
[90mstdout[2m | src/components/ChatSidebar.stories.jsx[2m > [22m[2mCustom Answer Generator
[22m[39m[ChatContext] Created AssistantChat: mock-assistantchat-1776336979955 at: 2026-04-16T10:56:19.955Z
[90mstdout[2m | src/components/ChatSidebar.stories.jsx[2m > [22m[2mCustom Answer Generator
[22m[39m[Mock Data] Settings.create() called with: {
  "assistantVoice": "shimmer",
  "autoAnalyzeDocuments": true,
  "defaultAIModel": "gpt-4",
  "documentAnalysisModel": "gpt-4",
  "editorFontSize": 14,
  "editorTheme": "auto",
  "emailNotifications": true,
  "language": "en",
  "webhookNotifications": false,
}
[90mstdout[2m | src/components/ChatSidebar.stories.jsx[2m > [22m[2mCustom Answer Generator
[22m[39m[Mock Data] Settings created: mock-settings-1776336979974 - notified 1 subscribers
[90mstdout[2m | src/components/ChatSidebar.stories.jsx[2m > [22m[2mCustom Answer Generator
[22m[39m[ChatContext] AssistantChat query update: 1 items (synced)
[90mstdout[2m | src/components/ChatSidebar.stories.jsx[2m > [22m[2mCustom Answer Generator
[22m[39m[ChatContext] First item details: {
  "id": "custom-answer-chat",
  "updatedAt": "2026-04-16T10:56:19.932Z",
}
[90mstdout[2m | src/components/ChatSidebar.stories.jsx[2m > [22m[2mCustom Answer Generator
[22m[39m[ChatContext] AssistantChat list updated: 1 chats
[90mstdout[2m | src/components/ChatSidebar.stories.jsx[2m > [22m[2mCustom Answer Generator
[22m[39m[ChatContext] AssistantChat query update: 2 items (synced)
[90mstdout[2m | src/components/ChatSidebar.stories.jsx[2m > [22m[2mCustom Answer Generator
[22m[39m[ChatContext] First item details: {
  "id": "custom-answer-chat",
  "updatedAt": "2026-04-16T10:56:19.932Z",
}
[90mstdout[2m | src/components/ChatSidebar.stories.jsx[2m > [22m[2mCustom Answer Generator
[22m[39m[ChatContext] AssistantChat list updated: 2 chats
[90mstdout[2m | src/components/ChatSidebar.stories.jsx[2m > [22m[2mCustom Answer Generator
[22m[39m[ChatContext] Setting initial chat: custom-answer-chat
[90mstderr[2m | src/components/ChatSidebar.stories.jsx[2m > [22m[2mCustom Answer Generator
[22m[39m[useTabContext] Used outside of TabProvider, returning default values
[90mstdout[2m | src/components/ChatSidebar.stories.jsx[2m > [22m[2mCustom Answer Generator
[22m[39m[useTranslationWithCapture] t() called: {
  "key": "chatSidebar.aiAssistant",
  "mode": "off",
  "namespace": "components",
  "value": "AI Assistant",
}
[90mstdout[2m | src/components/ChatSidebar.stories.jsx[2m > [22m[2mCustom Answer Generator
[22m[39m[useTranslationWithCapture] t() called: {
  "key": "chatSidebar.newChat",
  "mode": "off",
  "namespace": "components",
  "value": "New chat",
}
[90mstdout[2m | src/components/ChatSidebar.stories.jsx[2m > [22m[2mCustom Answer Generator
[22m[39m[useTranslationWithCapture] t() called: {
  "key": "chatSidebar.archiveChat",
  "mode": "off",
  "namespace": "components",
  "value": "Archive chat",
}
[90mstdout[2m | src/components/ChatSidebar.stories.jsx[2m > [22m[2mCustom Answer Generator
[22m[39m[useTranslationWithCapture] t() called: {
  "key": "chatSidebar.welcomeMessage",
  "mode": "off",
  "namespace": "components",
  "value": "Ask me anything about your curriculum, files, or content!",
}
[90mstdout[2m | src/components/ChatSidebar.stories.jsx[2m > [22m[2mCustom Answer Generator
[22m[39m[useTranslationWithCapture] t() called: {
  "key": "chatSidebar.askMeAnything",
  "mode": "off",
  "namespace": "components",
  "value": "Ask me anything...",
}
[90mstdout[2m | src/components/ChatSidebar.stories.jsx[2m > [22m[2mCustom Answer Generator
[22m[39m[useTranslationWithCapture] t() called: {
  "key": "actions.send",
  "mode": "off",
  "namespace": "components",
  "value": "Send",
}
[90mstdout[2m | src/components/ChatSidebar.stories.jsx[2m > [22m[2mCustom Answer Generator
[22m[39m[useTranslationWithCapture] t() called: {
  "key": "chatSidebar.reviewImportVocabulary",
  "mode": "off",
  "namespace": "components",
  "value": "Review & Import Vocabulary",
}
[90mstdout[2m | src/components/ChatSidebar.stories.jsx[2m > [22m[2mCustom Answer Generator
[22m[39m[useTranslationWithCapture] t() called: {
  "key": "chatSidebar.confirm",
  "mode": "off",
  "namespace": "components",
  "value": "Confirm",
}
[90mstdout[2m | src/components/ChatSidebar.stories.jsx[2m > [22m[2mCustom Answer Generator
[22m[39m[useTranslationWithCapture] t() called: {
  "key": "chatSidebar.cancel",
  "mode": "off",
  "namespace": "components",
  "value": "Cancel",
}
[90mstdout[2m | src/components/ChatSidebar.stories.jsx[2m > [22m[2mCustom Answer Generator
[22m[39m[ChatSidebar] Loading messages for chat: custom-answer-chat count: 3
[90mstdout[2m | src/components/ChatSidebar.stories.jsx[2m > [22m[2mCustom Answer Generator
[22m[39m[ChatSidebar] deepCloneMessages: cloned 3 messages
[90mstdout[2m | src/components/ChatSidebar.stories.jsx[2m > [22m[2mCustom Answer Generator
[22m[39m[Mock Data] generateClient() called - returning mock client
[90mstdout[2m | src/components/ChatSidebar.stories.jsx[2m > [22m[2mCustom Answer Generator
[22m[39m[Mock amplifyClient] getAmplifyClient() called - returning mock client
[90mstdout[2m | src/components/ChatSidebar.stories.jsx[2m > [22m[2mCustom Answer Generator
[22m[39m[Mock Data] AssistantChatFile.list() called with options: {
  "filter": {
    "chatID": {
      "eq": "custom-answer-chat",
    },
  },
}
[90mstdout[2m | src/components/ChatSidebar.stories.jsx[2m > [22m[2mCustom Answer Generator
[22m[39m[ChatContext] Chat exists and not archived, skipping creation
[90mstderr[2m | src/components/ChatSidebar.stories.jsx[2m > [22m[2mCustom Answer Generator
[22m[39m[useTabContext] Used outside of TabProvider, returning default values
[90mstdout[2m | src/components/ChatSidebar.stories.jsx[2m > [22m[2mCustom Answer Generator
[22m[39m[ChatSidebar] useChat status: ready messages: 3 toolCalls: 0
[90mstdout[2m | src/components/ChatSidebar.stories.jsx[2m > [22m[2mCustom Answer Generator
[22m[39m[useTranslationWithCapture] t() called: {
  "key": "chatSidebar.aiAssistant",
  "mode": "off",
  "namespace": "components",
  "value": "AI Assistant",
}
[90mstdout[2m | src/components/ChatSidebar.stories.jsx[2m > [22m[2mCustom Answer Generator
[22m[39m[useTranslationWithCapture] t() called: {
  "key": "chatSidebar.newChat",
  "mode": "off",
  "namespace": "components",
  "value": "New chat",
}
[90mstdout[2m | src/components/ChatSidebar.stories.jsx[2m > [22m[2mCustom Answer Generator
[22m[39m[useTranslationWithCapture] t() called: {
  "key": "chatSidebar.archiveChat",
  "mode": "off",
  "namespace": "components",
  "value": "Archive chat",
}
[90mstdout[2m | src/components/ChatSidebar.stories.jsx[2m > [22m[2mCustom Answer Generator
[22m[39m[useTranslationWithCapture] t() called: {
  "key": "chatSidebar.welcomeMessage",
  "mode": "off",
  "namespace": "components",
  "value": "Ask me anything about your curriculum, files, or content!",
}
[90mstdout[2m | src/components/ChatSidebar.stories.jsx[2m > [22m[2mCustom Answer Generator
[22m[39m[useTranslationWithCapture] t() called: {
  "key": "chatSidebar.askMeAnything",
  "mode": "off",
  "namespace": "components",
  "value": "Ask me anything...",
}
[90mstdout[2m | src/components/ChatSidebar.stories.jsx[2m > [22m[2mCustom Answer Generator
[22m[39m[useTranslationWithCapture] t() called: {
  "key": "actions.send",
  "mode": "off",
  "namespace": "components",
  "value": "Send",
}
[90mstdout[2m | src/components/ChatSidebar.stories.jsx[2m > [22m[2mCustom Answer Generator
[22m[39m[useTranslationWithCapture] t() called: {
  "key": "chatSidebar.reviewImportVocabulary",
  "mode": "off",
  "namespace": "components",
  "value": "Review & Import Vocabulary",
}
[90mstdout[2m | src/components/ChatSidebar.stories.jsx[2m > [22m[2mCustom Answer Generator
[22m[39m[useTranslationWithCapture] t() called: {
  "key": "chatSidebar.confirm",
  "mode": "off",
  "namespace": "components",
  "value": "Confirm",
}
[90mstdout[2m | src/components/ChatSidebar.stories.jsx[2m > [22m[2mCustom Answer Generator
[22m[39m[useTranslationWithCapture] t() called: {
  "key": "chatSidebar.cancel",
  "mode": "off",
  "namespace": "components",
  "value": "Cancel",
}
[90mstdout[2m | src/components/ChatSidebar.stories.jsx[2m > [22m[2mCustom Answer Generator
[22m[39m[useTranslationWithCapture] t() called: {
  "key": "chatSidebar.messageList.chatMessagesLabel",
  "mode": "off",
  "namespace": "components",
  "value": "Chat messages",
}
[90mstdout[2m | src/components/ChatSidebar.stories.jsx[2m > [22m[2mCustom Answer Generator
[22m[39m[useTranslationWithCapture] t() called: {
  "key": "chatSidebar.messageList.chatMessagesLabel",
  "mode": "off",
  "namespace": "components",
  "value": "Chat messages",
}
[90mstdout[2m | src/components/ChatSidebar.stories.jsx[2m > [22m[2mCustom Answer Generator
[22m[39m[useTranslationWithCapture] t() called: {
  "key": "aiFeedbackWidget.whatToImprove",
  "mode": "off",
  "namespace": "components",
  "value": "What could be improved?",
}
[90mstdout[2m | src/components/ChatSidebar.stories.jsx[2m > [22m[2mCustom Answer Generator
[22m[39m[useTranslationWithCapture] t() called: {
  "key": "aiFeedbackWidget.selectAllThatApply",
  "mode": "off",
  "namespace": "components",
  "value": "Select all that apply:",
}
[90mstdout[2m | src/components/ChatSidebar.stories.jsx[2m > [22m[2mCustom Answer Generator
[22m[39m[useTranslationWithCapture] t() called: {
  "key": "aiFeedbackWidget.cancel",
  "mode": "off",
  "namespace": "components",
  "value": "Cancel",
}
[90mstdout[2m | src/components/ChatSidebar.stories.jsx[2m > [22m[2mCustom Answer Generator
[22m[39m[useTranslationWithCapture] t() called: {
  "key": "aiFeedbackWidget.submit",
  "mode": "off",
  "namespace": "components",
  "value": "Submit",
}
[90mstdout[2m | src/components/ChatSidebar.stories.jsx[2m > [22m[2mCustom Answer Generator
[22m[39m[useTranslationWithCapture] t() called: {
  "key": "customAnswerComponent.answerQuestions",
  "mode": "off",
  "namespace": "workbook",
  "value": "Answer Questions",
}
[90mstdout[2m | src/components/ChatSidebar.stories.jsx[2m > [22m[2mCustom Answer Generator
[22m[39m[useTranslationWithCapture] t() called: {
  "key": "promptMethodSelector.inputButton",
  "mode": "off",
  "namespace": "workbook",
  "value": "Input",
}
[90mstdout[2m | src/components/ChatSidebar.stories.jsx[2m > [22m[2mCustom Answer Generator
[22m[39m[i18next] Missing key: editor:customAnswerComponent.text for [
  "en",
]
[90mstdout[2m | src/components/ChatSidebar.stories.jsx[2m > [22m[2mCustom Answer Generator
[22m[39m[useTranslationWithCapture] t() called: {
  "key": "customAnswerComponent.text",
  "mode": "off",
  "namespace": "workbook",
  "value": "customAnswerComponent.text",
}
[90mstdout[2m | src/components/ChatSidebar.stories.jsx[2m > [22m[2mCustom Answer Generator
[22m[39m[useTranslationWithCapture] t() called: {
  "key": "customAnswerComponent.text",
  "mode": "off",
  "namespace": "workbook",
  "value": "Text",
}
[90mstdout[2m | src/components/ChatSidebar.stories.jsx[2m > [22m[2mCustom Answer Generator
[22m[39m[i18next] Missing key: editor:customAnswerComponent.audio for [
  "en",
]
[90mstdout[2m | src/components/ChatSidebar.stories.jsx[2m > [22m[2mCustom Answer Generator
[22m[39m[useTranslationWithCapture] t() called: {
  "key": "customAnswerComponent.audio",
  "mode": "off",
  "namespace": "workbook",
  "value": "customAnswerComponent.audio",
}
[90mstdout[2m | src/components/ChatSidebar.stories.jsx[2m > [22m[2mCustom Answer Generator
[22m[39m[useTranslationWithCapture] t() called: {
  "key": "customAnswerComponent.audio",
  "mode": "off",
  "namespace": "workbook",
  "value": "Audio",
}
[90mstdout[2m | src/components/ChatSidebar.stories.jsx[2m > [22m[2mCustom Answer Generator
[22m[39m[i18next] Missing key: editor:customAnswerComponent.writing for [
  "en",
]
[90mstdout[2m | src/components/ChatSidebar.stories.jsx[2m > [22m[2mCustom Answer Generator
[22m[39m[useTranslationWithCapture] t() called: {
  "key": "customAnswerComponent.writing",
  "mode": "off",
  "namespace": "workbook",
  "value": "customAnswerComponent.writing",
}
[90mstdout[2m | src/components/ChatSidebar.stories.jsx[2m > [22m[2mCustom Answer Generator
[22m[39m[useTranslationWithCapture] t() called: {
  "key": "customAnswerComponent.writing",
  "mode": "off",
  "namespace": "workbook",
  "value": "Writing",
}
[90mstdout[2m | src/components/ChatSidebar.stories.jsx[2m > [22m[2mCustom Answer Generator
[22m[39mCustomAnswerComponent.questionID q-1
[90mstdout[2m | src/components/ChatSidebar.stories.jsx[2m > [22m[2mCustom Answer Generator
[22m[39mCustomAnswerComponent.questionBank {
  "q-1": {
    "answer": "おはよう",
    "audioKey": "public/audio/ohayou.mp3",
    "id": "q-1",
    "owner": "mock-user",
    "phonetic": "ohayou",
    "prompt": "Listen and type what you hear",
  },
  "q-2": {
    "answer": "おやすみ",
    "audioKey": "public/audio/oyasumi.mp3",
    "id": "q-2",
    "owner": "mock-user",
    "phonetic": "oyasumi",
    "prompt": "Listen and type what you hear",
  },
}
[90mstdout[2m | src/components/ChatSidebar.stories.jsx[2m > [22m[2mCustom Answer Generator
[22m[39mCustomAnswerComponent.question {
  "answer": "おはよう",
  "audioKey": "public/audio/ohayou.mp3",
  "id": "q-1",
  "owner": "mock-user",
  "phonetic": "ohayou",
  "prompt": "Listen and type what you hear",
}
[90mstdout[2m | src/components/ChatSidebar.stories.jsx[2m > [22m[2mCustom Answer Generator
[22m[39mCustomAnswerComponent.question {
  "answer": "おはよう",
  "audioKey": "public/audio/ohayou.mp3",
  "id": "q-1",
  "owner": "mock-user",
  "phonetic": "ohayou",
  "prompt": "Listen and type what you hear",
}
[90mstdout[2m | src/components/ChatSidebar.stories.jsx[2m > [22m[2mCustom Answer Generator
[22m[39mCustomAnswerComponent.prompt Listen and type what you hear
[90mstdout[2m | src/components/ChatSidebar.stories.jsx[2m > [22m[2mCustom Answer Generator
[22m[39mCustomAnswerComponent.feedback[questionID] undefined
[90mstdout[2m | src/components/ChatSidebar.stories.jsx[2m > [22m[2mCustom Answer Generator
[22m[39mCustomAnswerComponent.isCompleted undefined
[90mstdout[2m | src/components/ChatSidebar.stories.jsx[2m > [22m[2mCustom Answer Generator
[22m[39mCustomAnswerComponent.currentPromptMethod audio
[90mstdout[2m | src/components/ChatSidebar.stories.jsx[2m > [22m[2mCustom Answer Generator
[22m[39mCustomAnswerComponent.displayPrompt Listen and type what you hear
[90mstdout[2m | src/components/ChatSidebar.stories.jsx[2m > [22m[2mCustom Answer Generator
[22m[39m[useTranslationWithCapture] t() called: {
  "key": "customAnswerComponent.answerPlaceholder",
  "mode": "off",
  "namespace": "workbook",
  "value": "Answer Placeholder",
}
[90mstdout[2m | src/components/ChatSidebar.stories.jsx[2m > [22m[2mCustom Answer Generator
[22m[39m[i18next] Missing key: editor:customAnswerComponent.yourAnswer for [
  "en",
]
[90mstdout[2m | src/components/ChatSidebar.stories.jsx[2m > [22m[2mCustom Answer Generator
[22m[39m[useTranslationWithCapture] t() called: {
  "key": "customAnswerComponent.yourAnswer",
  "mode": "off",
  "namespace": "workbook",
  "value": "customAnswerComponent.yourAnswer",
}
[90mstdout[2m | src/components/ChatSidebar.stories.jsx[2m > [22m[2mCustom Answer Generator
[22m[39mCustomAnswerComponent.questionID q-2
[90mstdout[2m | src/components/ChatSidebar.stories.jsx[2m > [22m[2mCustom Answer Generator
[22m[39mCustomAnswerComponent.questionBank {
  "q-1": {
    "answer": "おはよう",
    "audioKey": "public/audio/ohayou.mp3",
    "id": "q-1",
    "owner": "mock-user",
    "phonetic": "ohayou",
    "prompt": "Listen and type what you hear",
  },
  "q-2": {
    "answer": "おやすみ",
    "audioKey": "public/audio/oyasumi.mp3",
    "id": "q-2",
    "owner": "mock-user",
    "phonetic": "oyasumi",
    "prompt": "Listen and type what you hear",
  },
}
[90mstdout[2m | src/components/ChatSidebar.stories.jsx[2m > [22m[2mCustom Answer Generator
[22m[39mCustomAnswerComponent.question {
  "answer": "おやすみ",
  "audioKey": "public/audio/oyasumi.mp3",
  "id": "q-2",
  "owner": "mock-user",
  "phonetic": "oyasumi",
  "prompt": "Listen and type what you hear",
}
[90mstdout[2m | src/components/ChatSidebar.stories.jsx[2m > [22m[2mCustom Answer Generator
[22m[39mCustomAnswerComponent.question {
  "answer": "おやすみ",
  "audioKey": "public/audio/oyasumi.mp3",
  "id": "q-2",
  "owner": "mock-user",
  "phonetic": "oyasumi",
  "prompt": "Listen and type what you hear",
}
[90mstdout[2m | src/components/ChatSidebar.stories.jsx[2m > [22m[2mCustom Answer Generator
[22m[39mCustomAnswerComponent.prompt Listen and type what you hear
[90mstdout[2m | src/components/ChatSidebar.stories.jsx[2m > [22m[2mCustom Answer Generator
[22m[39mCustomAnswerComponent.feedback[questionID] undefined
[90mstdout[2m | src/components/ChatSidebar.stories.jsx[2m > [22m[2mCustom Answer Generator
[22m[39mCustomAnswerComponent.isCompleted undefined
[90mstdout[2m | src/components/ChatSidebar.stories.jsx[2m > [22m[2mCustom Answer Generator
[22m[39mCustomAnswerComponent.currentPromptMethod audio
[90mstdout[2m | src/components/ChatSidebar.stories.jsx[2m > [22m[2mCustom Answer Generator
[22m[39mCustomAnswerComponent.displayPrompt Listen and type what you hear
[90mstdout[2m | src/components/ChatSidebar.stories.jsx[2m > [22m[2mCustom Answer Generator
[22m[39m[useTranslationWithCapture] t() called: {
  "key": "customAnswerComponent.answerPlaceholder",
  "mode": "off",
  "namespace": "workbook",
  "value": "Answer Placeholder",
}
[90mstdout[2m | src/components/ChatSidebar.stories.jsx[2m > [22m[2mCustom Answer Generator
[22m[39m[i18next] Missing key: editor:customAnswerComponent.yourAnswer for [
  "en",
]
[90mstdout[2m | src/components/ChatSidebar.stories.jsx[2m > [22m[2mCustom Answer Generator
[22m[39m[useTranslationWithCapture] t() called: {
  "key": "customAnswerComponent.yourAnswer",
  "mode": "off",
  "namespace": "workbook",
  "value": "customAnswerComponent.yourAnswer",
}
[90mstdout[2m | src/components/ChatSidebar.stories.jsx[2m > [22m[2mCustom Answer Generator
[22m[39m[useTranslationWithCapture] t() called: {
  "key": "aiFeedbackWidget.whatToImprove",
  "mode": "off",
  "namespace": "components",
  "value": "What could be improved?",
}
[90mstdout[2m | src/components/ChatSidebar.stories.jsx[2m > [22m[2mCustom Answer Generator
[22m[39m[useTranslationWithCapture] t() called: {
  "key": "aiFeedbackWidget.selectAllThatApply",
  "mode": "off",
  "namespace": "components",
  "value": "Select all that apply:",
}
[90mstdout[2m | src/components/ChatSidebar.stories.jsx[2m > [22m[2mCustom Answer Generator
[22m[39m[useTranslationWithCapture] t() called: {
  "key": "aiFeedbackWidget.cancel",
  "mode": "off",
  "namespace": "components",
  "value": "Cancel",
}
[90mstdout[2m | src/components/ChatSidebar.stories.jsx[2m > [22m[2mCustom Answer Generator
[22m[39m[useTranslationWithCapture] t() called: {
  "key": "aiFeedbackWidget.submit",
  "mode": "off",
  "namespace": "components",
  "value": "Submit",
}
[90mstdout[2m | src/components/ChatSidebar.stories.jsx[2m > [22m[2mCustom Answer Generator
[22m[39m[Mock Data] generateClient() called - returning mock client
[90mstdout[2m | src/components/ChatSidebar.stories.jsx[2m > [22m[2mCustom Answer Generator
[22m[39m[Mock amplifyClient] getAmplifyClient() called - returning mock client
[90mstdout[2m | src/components/ChatSidebar.stories.jsx[2m > [22m[2mCustom Answer Generator
[22m[39mallowedInput [
  "text",
]
[90mstdout[2m | src/components/ChatSidebar.stories.jsx[2m > [22m[2mCustom Answer Generator
[22m[39mpromptMethod [
  "audio",
]
[90mstdout[2m | src/components/ChatSidebar.stories.jsx[2m > [22m[2mCustom Answer Generator
[22m[39mAnswerComponent.currentPromptMethod audio
[90mstdout[2m | src/components/ChatSidebar.stories.jsx[2m > [22m[2mCustom Answer Generator
[22m[39mAnswerComponent.promptMethod [
  "audio",
]
[90mstdout[2m | src/components/ChatSidebar.stories.jsx[2m > [22m[2mCustom Answer Generator
[22m[39mallowedInput [
  "text",
]
[90mstdout[2m | src/components/ChatSidebar.stories.jsx[2m > [22m[2mCustom Answer Generator
[22m[39mpromptMethod [
  "audio",
]
[90mstdout[2m | src/components/ChatSidebar.stories.jsx[2m > [22m[2mCustom Answer Generator
[22m[39mAnswerComponent.currentPromptMethod audio
[90mstdout[2m | src/components/ChatSidebar.stories.jsx[2m > [22m[2mCustom Answer Generator
[22m[39m[useTranslationWithCapture] t() called: {
  "key": "chatSidebar.messageList.chatMessagesLabel",
  "mode": "off",
  "namespace": "components",
  "value": "Chat messages",
}
[90mstdout[2m | src/components/ChatSidebar.stories.jsx[2m > [22m[2mCustom Answer Generator
[22m[39m[useTranslationWithCapture] t() called: {
  "key": "aiFeedbackWidget.whatToImprove",
  "mode": "off",
  "namespace": "components",
  "value": "What could be improved?",
}
[90mstdout[2m | src/components/ChatSidebar.stories.jsx[2m > [22m[2mCustom Answer Generator
[22m[39m[useTranslationWithCapture] t() called: {
  "key": "aiFeedbackWidget.selectAllThatApply",
  "mode": "off",
  "namespace": "components",
  "value": "Select all that apply:",
}
[90mstdout[2m | src/components/ChatSidebar.stories.jsx[2m > [22m[2mCustom Answer Generator
[22m[39m[useTranslationWithCapture] t() called: {
  "key": "aiFeedbackWidget.cancel",
  "mode": "off",
  "namespace": "components",
  "value": "Cancel",
}
[90mstdout[2m | src/components/ChatSidebar.stories.jsx[2m > [22m[2mCustom Answer Generator
[22m[39m[useTranslationWithCapture] t() called: {
  "key": "aiFeedbackWidget.submit",
  "mode": "off",
  "namespace": "components",
  "value": "Submit",
}
[90mstdout[2m | src/components/ChatSidebar.stories.jsx[2m > [22m[2mCustom Answer Generator
[22m[39m[useTranslationWithCapture] t() called: {
  "key": "customAnswerComponent.answerQuestions",
  "mode": "off",
  "namespace": "workbook",
  "value": "Answer Questions",
}
[90mstdout[2m | src/components/ChatSidebar.stories.jsx[2m > [22m[2mCustom Answer Generator
[22m[39m[useTranslationWithCapture] t() called: {
  "key": "promptMethodSelector.inputButton",
  "mode": "off",
  "namespace": "workbook",
  "value": "Input",
}
[90mstdout[2m | src/components/ChatSidebar.stories.jsx[2m > [22m[2mCustom Answer Generator
[22m[39m[i18next] Missing key: editor:customAnswerComponent.text for [
  "en",
]
[90mstdout[2m | src/components/ChatSidebar.stories.jsx[2m > [22m[2mCustom Answer Generator
[22m[39m[useTranslationWithCapture] t() called: {
  "key": "customAnswerComponent.text",
  "mode": "off",
  "namespace": "workbook",
  "value": "customAnswerComponent.text",
}
[90mstdout[2m | src/components/ChatSidebar.stories.jsx[2m > [22m[2mCustom Answer Generator
[22m[39m[useTranslationWithCapture] t() called: {
  "key": "customAnswerComponent.text",
  "mode": "off",
  "namespace": "workbook",
  "value": "Text",
}
[90mstdout[2m | src/components/ChatSidebar.stories.jsx[2m > [22m[2mCustom Answer Generator
[22m[39m[i18next] Missing key: editor:customAnswerComponent.audio for [
  "en",
]
[90mstdout[2m | src/components/ChatSidebar.stories.jsx[2m > [22m[2mCustom Answer Generator
[22m[39m[useTranslationWithCapture] t() called: {
  "key": "customAnswerComponent.audio",
  "mode": "off",
  "namespace": "workbook",
  "value": "customAnswerComponent.audio",
}
[90mstdout[2m | src/components/ChatSidebar.stories.jsx[2m > [22m[2mCustom Answer Generator
[22m[39m[useTranslationWithCapture] t() called: {
  "key": "customAnswerComponent.audio",
  "mode": "off",
  "namespace": "workbook",
  "value": "Audio",
}
[90mstdout[2m | src/components/ChatSidebar.stories.jsx[2m > [22m[2mCustom Answer Generator
[22m[39m[i18next] Missing key: editor:customAnswerComponent.writing for [
  "en",
]
[90mstdout[2m | src/components/ChatSidebar.stories.jsx[2m > [22m[2mCustom Answer Generator
[22m[39m[useTranslationWithCapture] t() called: {
  "key": "customAnswerComponent.writing",
  "mode": "off",
  "namespace": "workbook",
  "value": "customAnswerComponent.writing",
}
[90mstdout[2m | src/components/ChatSidebar.stories.jsx[2m > [22m[2mCustom Answer Generator
[22m[39m[useTranslationWithCapture] t() called: {
  "key": "customAnswerComponent.writing",
  "mode": "off",
  "namespace": "workbook",
  "value": "Writing",
}
[90mstdout[2m | src/components/ChatSidebar.stories.jsx[2m > [22m[2mCustom Answer Generator
[22m[39mCustomAnswerComponent.questionID q-1
[90mstdout[2m | src/components/ChatSidebar.stories.jsx[2m > [22m[2mCustom Answer Generator
[22m[39mCustomAnswerComponent.questionBank {
  "q-1": {
    "answer": "おはよう",
    "audioKey": "public/audio/ohayou.mp3",
    "id": "q-1",
    "owner": "mock-user",
    "phonetic": "ohayou",
    "prompt": "Listen and type what you hear",
  },
  "q-2": {
    "answer": "おやすみ",
    "audioKey": "public/audio/oyasumi.mp3",
    "id": "q-2",
    "owner": "mock-user",
    "phonetic": "oyasumi",
    "prompt": "Listen and type what you hear",
  },
}
[90mstdout[2m | src/components/ChatSidebar.stories.jsx[2m > [22m[2mCustom Answer Generator
[22m[39mCustomAnswerComponent.question {
  "answer": "おはよう",
  "audioKey": "public/audio/ohayou.mp3",
  "id": "q-1",
  "owner": "mock-user",
  "phonetic": "ohayou",
  "prompt": "Listen and type what you hear",
}
[90mstdout[2m | src/components/ChatSidebar.stories.jsx[2m > [22m[2mCustom Answer Generator
[22m[39mCustomAnswerComponent.question {
  "answer": "おはよう",
  "audioKey": "public/audio/ohayou.mp3",
  "id": "q-1",
  "owner": "mock-user",
  "phonetic": "ohayou",
  "prompt": "Listen and type what you hear",
}
[90mstdout[2m | src/components/ChatSidebar.stories.jsx[2m > [22m[2mCustom Answer Generator
[22m[39mCustomAnswerComponent.prompt Listen and type what you hear
[90mstdout[2m | src/components/ChatSidebar.stories.jsx[2m > [22m[2mCustom Answer Generator
[22m[39mCustomAnswerComponent.feedback[questionID] undefined
[90mstdout[2m | src/components/ChatSidebar.stories.jsx[2m > [22m[2mCustom Answer Generator
[22m[39mCustomAnswerComponent.isCompleted undefined
[90mstdout[2m | src/components/ChatSidebar.stories.jsx[2m > [22m[2mCustom Answer Generator
[22m[39mCustomAnswerComponent.currentPromptMethod audio
[90mstdout[2m | src/components/ChatSidebar.stories.jsx[2m > [22m[2mCustom Answer Generator
[22m[39mCustomAnswerComponent.displayPrompt Listen and type what you hear
[90mstdout[2m | src/components/ChatSidebar.stories.jsx[2m > [22m[2mCustom Answer Generator
[22m[39m[useTranslationWithCapture] t() called: {
  "key": "customAnswerComponent.answerPlaceholder",
  "mode": "off",
  "namespace": "workbook",
  "value": "Answer Placeholder",
}
[90mstdout[2m | src/components/ChatSidebar.stories.jsx[2m > [22m[2mCustom Answer Generator
[22m[39m[i18next] Missing key: editor:customAnswerComponent.yourAnswer for [
  "en",
]
[90mstdout[2m | src/components/ChatSidebar.stories.jsx[2m > [22m[2mCustom Answer Generator
[22m[39m[useTranslationWithCapture] t() called: {
  "key": "customAnswerComponent.yourAnswer",
  "mode": "off",
  "namespace": "workbook",
  "value": "customAnswerComponent.yourAnswer",
}
[90mstdout[2m | src/components/ChatSidebar.stories.jsx[2m > [22m[2mCustom Answer Generator
[22m[39mCustomAnswerComponent.questionID q-2
[90mstdout[2m | src/components/ChatSidebar.stories.jsx[2m > [22m[2mCustom Answer Generator
[22m[39mCustomAnswerComponent.questionBank {
  "q-1": {
    "answer": "おはよう",
    "audioKey": "public/audio/ohayou.mp3",
    "id": "q-1",
    "owner": "mock-user",
    "phonetic": "ohayou",
    "prompt": "Listen and type what you hear",
  },
  "q-2": {
    "answer": "おやすみ",
    "audioKey": "public/audio/oyasumi.mp3",
    "id": "q-2",
    "owner": "mock-user",
    "phonetic": "oyasumi",
    "prompt": "Listen and type what you hear",
  },
}
[90mstdout[2m | src/components/ChatSidebar.stories.jsx[2m > [22m[2mCustom Answer Generator
[22m[39mCustomAnswerComponent.question {
  "answer": "おやすみ",
  "audioKey": "public/audio/oyasumi.mp3",
  "id": "q-2",
  "owner": "mock-user",
  "phonetic": "oyasumi",
  "prompt": "Listen and type what you hear",
}
[90mstdout[2m | src/components/ChatSidebar.stories.jsx[2m > [22m[2mCustom Answer Generator
[22m[39mCustomAnswerComponent.question {
  "answer": "おやすみ",
  "audioKey": "public/audio/oyasumi.mp3",
  "id": "q-2",
  "owner": "mock-user",
  "phonetic": "oyasumi",
  "prompt": "Listen and type what you hear",
}
[90mstdout[2m | src/components/ChatSidebar.stories.jsx[2m > [22m[2mCustom Answer Generator
[22m[39mCustomAnswerComponent.prompt Listen and type what you hear
[90mstdout[2m | src/components/ChatSidebar.stories.jsx[2m > [22m[2mCustom Answer Generator
[22m[39mCustomAnswerComponent.feedback[questionID] undefined
[90mstdout[2m | src/components/ChatSidebar.stories.jsx[2m > [22m[2mCustom Answer Generator
[22m[39mCustomAnswerComponent.isCompleted undefined
[90mstdout[2m | src/components/ChatSidebar.stories.jsx[2m > [22m[2mCustom Answer Generator
[22m[39mCustomAnswerComponent.currentPromptMethod audio
[90mstdout[2m | src/components/ChatSidebar.stories.jsx[2m > [22m[2mCustom Answer Generator
[22m[39mCustomAnswerComponent.displayPrompt Listen and type what you hear
[90mstdout[2m | src/components/ChatSidebar.stories.jsx[2m > [22m[2mCustom Answer Generator
[22m[39m[useTranslationWithCapture] t() called: {
  "key": "customAnswerComponent.answerPlaceholder",
  "mode": "off",
  "namespace": "workbook",
  "value": "Answer Placeholder",
}
[90mstdout[2m | src/components/ChatSidebar.stories.jsx[2m > [22m[2mCustom Answer Generator
[22m[39m[i18next] Missing key: editor:customAnswerComponent.yourAnswer for [
  "en",
]
[90mstdout[2m | src/components/ChatSidebar.stories.jsx[2m > [22m[2mCustom Answer Generator
[22m[39m[useTranslationWithCapture] t() called: {
  "key": "customAnswerComponent.yourAnswer",
  "mode": "off",
  "namespace": "workbook",
  "value": "customAnswerComponent.yourAnswer",
}
[90mstdout[2m | src/components/ChatSidebar.stories.jsx[2m > [22m[2mCustom Answer Generator
[22m[39m[useTranslationWithCapture] t() called: {
  "key": "aiFeedbackWidget.whatToImprove",
  "mode": "off",
  "namespace": "components",
  "value": "What could be improved?",
}
[90mstdout[2m | src/components/ChatSidebar.stories.jsx[2m > [22m[2mCustom Answer Generator
[22m[39m[useTranslationWithCapture] t() called: {
  "key": "aiFeedbackWidget.selectAllThatApply",
  "mode": "off",
  "namespace": "components",
  "value": "Select all that apply:",
}
[90mstdout[2m | src/components/ChatSidebar.stories.jsx[2m > [22m[2mCustom Answer Generator
[22m[39m[useTranslationWithCapture] t() called: {
  "key": "aiFeedbackWidget.cancel",
  "mode": "off",
  "namespace": "components",
  "value": "Cancel",
}
[90mstdout[2m | src/components/ChatSidebar.stories.jsx[2m > [22m[2mCustom Answer Generator
[22m[39m[useTranslationWithCapture] t() called: {
  "key": "aiFeedbackWidget.submit",
  "mode": "off",
  "namespace": "components",
  "value": "Submit",
}
[90mstderr[2m | src/components/ChatSidebar.stories.jsx[2m > [22m[2mCustom Answer Generator
[22m[39m[useTabContext] Used outside of TabProvider, returning default values
[90mstdout[2m | src/components/ChatSidebar.stories.jsx[2m > [22m[2mCustom Answer Generator
[22m[39m[ChatSidebar] useChat status: ready messages: 3 toolCalls: 0
[90mstdout[2m | src/components/ChatSidebar.stories.jsx[2m > [22m[2mCustom Answer Generator
[22m[39m[useTranslationWithCapture] t() called: {
  "key": "chatSidebar.aiAssistant",
  "mode": "off",
  "namespace": "components",
  "value": "AI Assistant",
}
[90mstdout[2m | src/components/ChatSidebar.stories.jsx[2m > [22m[2mCustom Answer Generator
[22m[39m[useTranslationWithCapture] t() called: {
  "key": "chatSidebar.newChat",
  "mode": "off",
  "namespace": "components",
  "value": "New chat",
}
[90mstdout[2m | src/components/ChatSidebar.stories.jsx[2m > [22m[2mCustom Answer Generator
[22m[39m[useTranslationWithCapture] t() called: {
  "key": "chatSidebar.archiveChat",
  "mode": "off",
  "namespace": "components",
  "value": "Archive chat",
}
[90mstdout[2m | src/components/ChatSidebar.stories.jsx[2m > [22m[2mCustom Answer Generator
[22m[39m[useTranslationWithCapture] t() called: {
  "key": "chatSidebar.welcomeMessage",
  "mode": "off",
  "namespace": "components",
  "value": "Ask me anything about your curriculum, files, or content!",
}
[90mstdout[2m | src/components/ChatSidebar.stories.jsx[2m > [22m[2mCustom Answer Generator
[22m[39m[useTranslationWithCapture] t() called: {
  "key": "chatSidebar.askMeAnything",
  "mode": "off",
  "namespace": "components",
  "value": "Ask me anything...",
}
[90mstdout[2m | src/components/ChatSidebar.stories.jsx[2m > [22m[2mCustom Answer Generator
[22m[39m[useTranslationWithCapture] t() called: {
  "key": "actions.send",
  "mode": "off",
  "namespace": "components",
  "value": "Send",
}
[90mstdout[2m | src/components/ChatSidebar.stories.jsx[2m > [22m[2mCustom Answer Generator
[22m[39m[useTranslationWithCapture] t() called: {
  "key": "chatSidebar.reviewImportVocabulary",
  "mode": "off",
  "namespace": "components",
  "value": "Review & Import Vocabulary",
}
[90mstdout[2m | src/components/ChatSidebar.stories.jsx[2m > [22m[2mCustom Answer Generator
[22m[39m[useTranslationWithCapture] t() called: {
  "key": "chatSidebar.confirm",
  "mode": "off",
  "namespace": "components",
  "value": "Confirm",
}
[90mstdout[2m | src/components/ChatSidebar.stories.jsx[2m > [22m[2mCustom Answer Generator
[22m[39m[useTranslationWithCapture] t() called: {
  "key": "chatSidebar.cancel",
  "mode": "off",
  "namespace": "components",
  "value": "Cancel",
}
[90mstdout[2m | src/components/ChatSidebar.stories.jsx[2m > [22m[2mCustom Answer Generator
[22m[39m[useTranslationWithCapture] t() called: {
  "key": "chatSidebar.messageList.chatMessagesLabel",
  "mode": "off",
  "namespace": "components",
  "value": "Chat messages",
}
[90mstdout[2m | src/components/ChatSidebar.stories.jsx[2m > [22m[2mCustom Answer Generator
[22m[39m[useTranslationWithCapture] t() called: {
  "key": "aiFeedbackWidget.whatToImprove",
  "mode": "off",
  "namespace": "components",
  "value": "What could be improved?",
}
[90mstdout[2m | src/components/ChatSidebar.stories.jsx[2m > [22m[2mCustom Answer Generator
[22m[39m[useTranslationWithCapture] t() called: {
  "key": "aiFeedbackWidget.selectAllThatApply",
  "mode": "off",
  "namespace": "components",
  "value": "Select all that apply:",
}
[90mstdout[2m | src/components/ChatSidebar.stories.jsx[2m > [22m[2mCustom Answer Generator
[22m[39m[useTranslationWithCapture] t() called: {
  "key": "aiFeedbackWidget.cancel",
  "mode": "off",
  "namespace": "components",
  "value": "Cancel",
}
[90mstdout[2m | src/components/ChatSidebar.stories.jsx[2m > [22m[2mCustom Answer Generator
[22m[39m[useTranslationWithCapture] t() called: {
  "key": "aiFeedbackWidget.submit",
  "mode": "off",
  "namespace": "components",
  "value": "Submit",
}
[90mstdout[2m | src/components/ChatSidebar.stories.jsx[2m > [22m[2mCustom Answer Generator
[22m[39m[useTranslationWithCapture] t() called: {
  "key": "customAnswerComponent.answerQuestions",
  "mode": "off",
  "namespace": "workbook",
  "value": "Answer Questions",
}
[90mstdout[2m | src/components/ChatSidebar.stories.jsx[2m > [22m[2mCustom Answer Generator
[22m[39m[useTranslationWithCapture] t() called: {
  "key": "promptMethodSelector.inputButton",
  "mode": "off",
  "namespace": "workbook",
  "value": "Input",
}
[90mstdout[2m | src/components/ChatSidebar.stories.jsx[2m > [22m[2mCustom Answer Generator
[22m[39m[i18next] Missing key: editor:customAnswerComponent.text for [
  "en",
]
[90mstdout[2m | src/components/ChatSidebar.stories.jsx[2m > [22m[2mCustom Answer Generator
[22m[39m[useTranslationWithCapture] t() called: {
  "key": "customAnswerComponent.text",
  "mode": "off",
  "namespace": "workbook",
  "value": "customAnswerComponent.text",
}
[90mstdout[2m | src/components/ChatSidebar.stories.jsx[2m > [22m[2mCustom Answer Generator
[22m[39m[useTranslationWithCapture] t() called: {
  "key": "customAnswerComponent.text",
  "mode": "off",
  "namespace": "workbook",
  "value": "Text",
}
[90mstdout[2m | src/components/ChatSidebar.stories.jsx[2m > [22m[2mCustom Answer Generator
[22m[39m[i18next] Missing key: editor:customAnswerComponent.audio for [
  "en",
]
[90mstdout[2m | src/components/ChatSidebar.stories.jsx[2m > [22m[2mCustom Answer Generator
[22m[39m[useTranslationWithCapture] t() called: {
  "key": "customAnswerComponent.audio",
  "mode": "off",
  "namespace": "workbook",
  "value": "customAnswerComponent.audio",
}
[90mstdout[2m | src/components/ChatSidebar.stories.jsx[2m > [22m[2mCustom Answer Generator
[22m[39m[useTranslationWithCapture] t() called: {
  "key": "customAnswerComponent.audio",
  "mode": "off",
  "namespace": "workbook",
  "value": "Audio",
}
[90mstdout[2m | src/components/ChatSidebar.stories.jsx[2m > [22m[2mCustom Answer Generator
[22m[39m[i18next] Missing key: editor:customAnswerComponent.writing for [
  "en",
]
[90mstdout[2m | src/components/ChatSidebar.stories.jsx[2m > [22m[2mCustom Answer Generator
[22m[39m[useTranslationWithCapture] t() called: {
  "key": "customAnswerComponent.writing",
  "mode": "off",
  "namespace": "workbook",
  "value": "customAnswerComponent.writing",
}
[90mstdout[2m | src/components/ChatSidebar.stories.jsx[2m > [22m[2mCustom Answer Generator
[22m[39m[useTranslationWithCapture] t() called: {
  "key": "customAnswerComponent.writing",
  "mode": "off",
  "namespace": "workbook",
  "value": "Writing",
}
[90mstdout[2m | src/components/ChatSidebar.stories.jsx[2m > [22m[2mCustom Answer Generator
[22m[39mCustomAnswerComponent.questionID q-1
[90mstdout[2m | src/components/ChatSidebar.stories.jsx[2m > [22m[2mCustom Answer Generator
[22m[39mCustomAnswerComponent.questionBank {
  "q-1": {
    "answer": "おはよう",
    "audioKey": "public/audio/ohayou.mp3",
    "id": "q-1",
    "owner": "mock-user",
    "phonetic": "ohayou",
    "prompt": "Listen and type what you hear",
  },
  "q-2": {
    "answer": "おやすみ",
    "audioKey": "public/audio/oyasumi.mp3",
    "id": "q-2",
    "owner": "mock-user",
    "phonetic": "oyasumi",
    "prompt": "Listen and type what you hear",
  },
}
[90mstdout[2m | src/components/ChatSidebar.stories.jsx[2m > [22m[2mCustom Answer Generator
[22m[39mCustomAnswerComponent.question {
  "answer": "おはよう",
  "audioKey": "public/audio/ohayou.mp3",
  "id": "q-1",
  "owner": "mock-user",
  "phonetic": "ohayou",
  "prompt": "Listen and type what you hear",
}
[90mstdout[2m | src/components/ChatSidebar.stories.jsx[2m > [22m[2mCustom Answer Generator
[22m[39mCustomAnswerComponent.question {
  "answer": "おはよう",
  "audioKey": "public/audio/ohayou.mp3",
  "id": "q-1",
  "owner": "mock-user",
  "phonetic": "ohayou",
  "prompt": "Listen and type what you hear",
}
[90mstdout[2m | src/components/ChatSidebar.stories.jsx[2m > [22m[2mCustom Answer Generator
[22m[39mCustomAnswerComponent.prompt Listen and type what you hear
[90mstdout[2m | src/components/ChatSidebar.stories.jsx[2m > [22m[2mCustom Answer Generator
[22m[39mCustomAnswerComponent.feedback[questionID] undefined
[90mstdout[2m | src/components/ChatSidebar.stories.jsx[2m > [22m[2mCustom Answer Generator
[22m[39mCustomAnswerComponent.isCompleted undefined
[90mstdout[2m | src/components/ChatSidebar.stories.jsx[2m > [22m[2mCustom Answer Generator
[22m[39mCustomAnswerComponent.currentPromptMethod audio
[90mstdout[2m | src/components/ChatSidebar.stories.jsx[2m > [22m[2mCustom Answer Generator
[22m[39mCustomAnswerComponent.displayPrompt Listen and type what you hear
[90mstdout[2m | src/components/ChatSidebar.stories.jsx[2m > [22m[2mCustom Answer Generator
[22m[39m[useTranslationWithCapture] t() called: {
  "key": "customAnswerComponent.answerPlaceholder",
  "mode": "off",
  "namespace": "workbook",
  "value": "Answer Placeholder",
}
[90mstdout[2m | src/components/ChatSidebar.stories.jsx[2m > [22m[2mCustom Answer Generator
[22m[39m[i18next] Missing key: editor:customAnswerComponent.yourAnswer for [
  "en",
]
[90mstdout[2m | src/components/ChatSidebar.stories.jsx[2m > [22m[2mCustom Answer Generator
[22m[39m[useTranslationWithCapture] t() called: {
  "key": "customAnswerComponent.yourAnswer",
  "mode": "off",
  "namespace": "workbook",
  "value": "customAnswerComponent.yourAnswer",
}
[90mstdout[2m | src/components/ChatSidebar.stories.jsx[2m > [22m[2mCustom Answer Generator
[22m[39mCustomAnswerComponent.questionID q-2
[90mstdout[2m | src/components/ChatSidebar.stories.jsx[2m > [22m[2mCustom Answer Generator
[22m[39mCustomAnswerComponent.questionBank {
  "q-1": {
    "answer": "おはよう",
    "audioKey": "public/audio/ohayou.mp3",
    "id": "q-1",
    "owner": "mock-user",
    "phonetic": "ohayou",
    "prompt": "Listen and type what you hear",
  },
  "q-2": {
    "answer": "おやすみ",
    "audioKey": "public/audio/oyasumi.mp3",
    "id": "q-2",
    "owner": "mock-user",
    "phonetic": "oyasumi",
    "prompt": "Listen and type what you hear",
  },
}
[90mstdout[2m | src/components/ChatSidebar.stories.jsx[2m > [22m[2mCustom Answer Generator
[22m[39mCustomAnswerComponent.question {
  "answer": "おやすみ",
  "audioKey": "public/audio/oyasumi.mp3",
  "id": "q-2",
  "owner": "mock-user",
  "phonetic": "oyasumi",
  "prompt": "Listen and type what you hear",
}
[90mstdout[2m | src/components/ChatSidebar.stories.jsx[2m > [22m[2mCustom Answer Generator
[22m[39mCustomAnswerComponent.question {
  "answer": "おやすみ",
  "audioKey": "public/audio/oyasumi.mp3",
  "id": "q-2",
  "owner": "mock-user",
  "phonetic": "oyasumi",
  "prompt": "Listen and type what you hear",
}
[90mstdout[2m | src/components/ChatSidebar.stories.jsx[2m > [22m[2mCustom Answer Generator
[22m[39mCustomAnswerComponent.prompt Listen and type what you hear
[90mstdout[2m | src/components/ChatSidebar.stories.jsx[2m > [22m[2mCustom Answer Generator
[22m[39mCustomAnswerComponent.feedback[questionID] undefined
[90mstdout[2m | src/components/ChatSidebar.stories.jsx[2m > [22m[2mCustom Answer Generator
[22m[39mCustomAnswerComponent.isCompleted undefined
[90mstdout[2m | src/components/ChatSidebar.stories.jsx[2m > [22m[2mCustom Answer Generator
[22m[39mCustomAnswerComponent.currentPromptMethod audio
[90mstdout[2m | src/components/ChatSidebar.stories.jsx[2m > [22m[2mCustom Answer Generator
[22m[39mCustomAnswerComponent.displayPrompt Listen and type what you hear
[90mstdout[2m | src/components/ChatSidebar.stories.jsx[2m > [22m[2mCustom Answer Generator
[22m[39m[useTranslationWithCapture] t() called: {
  "key": "customAnswerComponent.answerPlaceholder",
  "mode": "off",
  "namespace": "workbook",
  "value": "Answer Placeholder",
}
[90mstdout[2m | src/components/ChatSidebar.stories.jsx[2m > [22m[2mCustom Answer Generator
[22m[39m[i18next] Missing key: editor:customAnswerComponent.yourAnswer for [
  "en",
]
[90mstdout[2m | src/components/ChatSidebar.stories.jsx[2m > [22m[2mCustom Answer Generator
[22m[39m[useTranslationWithCapture] t() called: {
  "key": "customAnswerComponent.yourAnswer",
  "mode": "off",
  "namespace": "workbook",
  "value": "customAnswerComponent.yourAnswer",
}
[90mstdout[2m | src/components/ChatSidebar.stories.jsx[2m > [22m[2mCustom Answer Generator
[22m[39m[useTranslationWithCapture] t() called: {
  "key": "aiFeedbackWidget.whatToImprove",
  "mode": "off",
  "namespace": "components",
  "value": "What could be improved?",
}
[90mstdout[2m | src/components/ChatSidebar.stories.jsx[2m > [22m[2mCustom Answer Generator
[22m[39m[useTranslationWithCapture] t() called: {
  "key": "aiFeedbackWidget.selectAllThatApply",
  "mode": "off",
  "namespace": "components",
  "value": "Select all that apply:",
}
[90mstdout[2m | src/components/ChatSidebar.stories.jsx[2m > [22m[2mCustom Answer Generator
[22m[39m[useTranslationWithCapture] t() called: {
  "key": "aiFeedbackWidget.cancel",
  "mode": "off",
  "namespace": "components",
  "value": "Cancel",
}
[90mstdout[2m | src/components/ChatSidebar.stories.jsx[2m > [22m[2mCustom Answer Generator
[22m[39m[useTranslationWithCapture] t() called: {
  "key": "aiFeedbackWidget.submit",
  "mode": "off",
  "namespace": "components",
  "value": "Submit",
}
[90mstdout[2m | src/components/ChatSidebar.stories.jsx[2m > [22m[2mCustom Answer Generator
[22m[39m[Mock Data] generateClient() called - returning mock client
[90mstdout[2m | src/components/ChatSidebar.stories.jsx[2m > [22m[2mCustom Answer Generator
[22m[39m[Mock amplifyClient] getAmplifyClient() called - returning mock client
[90mstdout[2m | src/components/ChatSidebar.stories.jsx[2m > [22m[2mCustom Answer Generator
[22m[39m[Mock Data] AssistantChatFile.list() called with options: {
  "filter": {
    "chatID": {
      "eq": "custom-answer-chat",
    },
  },
}
[90mstderr[2m | src/components/ChatSidebar.stories.jsx[2m > [22m[2mGrammar Explainer
[22m[39mAn update to VirtualizedMessageList inside a test was not wrapped in act(...).

When testing, code that causes React state updates should be wrapped into act(...):

act(() => {
  /* fire events that update state */
});
/* assert on the output */

This ensures that you're testing the behavior the user would see in the browser. Learn more at https://react.dev/link/wrap-tests-with-act
[90mstderr[2m | src/components/ChatSidebar.stories.jsx[2m > [22m[2mGrammar Explainer
[22m[39mAn update to VirtualizedMessageList inside a test was not wrapped in act(...).

When testing, code that causes React state updates should be wrapped into act(...):

act(() => {
  /* fire events that update state */
});
/* assert on the output */

This ensures that you're testing the behavior the user would see in the browser. Learn more at https://react.dev/link/wrap-tests-with-act
[90mstdout[2m | src/components/ChatSidebar.stories.jsx[2m > [22m[2mGrammar Explainer
[22m[39m[useTranslationWithCapture] t() called: {
  "key": "chatSidebar.messageList.chatMessagesLabel",
  "mode": "off",
  "namespace": "components",
  "value": "Chat messages",
}
[90mstdout[2m | src/components/ChatSidebar.stories.jsx[2m > [22m[2mGrammar Explainer
[22m[39m[useTranslationWithCapture] t() called: {
  "key": "aiFeedbackWidget.whatToImprove",
  "mode": "off",
  "namespace": "components",
  "value": "What could be improved?",
}
[90mstdout[2m | src/components/ChatSidebar.stories.jsx[2m > [22m[2mGrammar Explainer
[22m[39m[useTranslationWithCapture] t() called: {
  "key": "aiFeedbackWidget.selectAllThatApply",
  "mode": "off",
  "namespace": "components",
  "value": "Select all that apply:",
}
[90mstdout[2m | src/components/ChatSidebar.stories.jsx[2m > [22m[2mGrammar Explainer
[22m[39m[useTranslationWithCapture] t() called: {
  "key": "aiFeedbackWidget.cancel",
  "mode": "off",
  "namespace": "components",
  "value": "Cancel",
}
[90mstdout[2m | src/components/ChatSidebar.stories.jsx[2m > [22m[2mGrammar Explainer
[22m[39m[useTranslationWithCapture] t() called: {
  "key": "aiFeedbackWidget.submit",
  "mode": "off",
  "namespace": "components",
  "value": "Submit",
}
[90mstdout[2m | src/components/ChatSidebar.stories.jsx[2m > [22m[2mGrammar Explainer
[22m[39m[useTranslationWithCapture] t() called: {
  "key": "customAnswerComponent.answerQuestions",
  "mode": "off",
  "namespace": "workbook",
  "value": "Answer Questions",
}
[90mstdout[2m | src/components/ChatSidebar.stories.jsx[2m > [22m[2mGrammar Explainer
[22m[39m[useTranslationWithCapture] t() called: {
  "key": "promptMethodSelector.inputButton",
  "mode": "off",
  "namespace": "workbook",
  "value": "Input",
}
[90mstdout[2m | src/components/ChatSidebar.stories.jsx[2m > [22m[2mGrammar Explainer
[22m[39m[i18next] Missing key: editor:customAnswerComponent.text for [
  "en",
]
[90mstdout[2m | src/components/ChatSidebar.stories.jsx[2m > [22m[2mGrammar Explainer
[22m[39m[useTranslationWithCapture] t() called: {
  "key": "customAnswerComponent.text",
  "mode": "off",
  "namespace": "workbook",
  "value": "customAnswerComponent.text",
}
[90mstdout[2m | src/components/ChatSidebar.stories.jsx[2m > [22m[2mGrammar Explainer
[22m[39m[useTranslationWithCapture] t() called: {
  "key": "customAnswerComponent.text",
  "mode": "off",
  "namespace": "workbook",
  "value": "Text",
}
[90mstdout[2m | src/components/ChatSidebar.stories.jsx[2m > [22m[2mGrammar Explainer
[22m[39m[i18next] Missing key: editor:customAnswerComponent.audio for [
  "en",
]
[90mstdout[2m | src/components/ChatSidebar.stories.jsx[2m > [22m[2mGrammar Explainer
[22m[39m[useTranslationWithCapture] t() called: {
  "key": "customAnswerComponent.audio",
  "mode": "off",
  "namespace": "workbook",
  "value": "customAnswerComponent.audio",
}
[90mstdout[2m | src/components/ChatSidebar.stories.jsx[2m > [22m[2mGrammar Explainer
[22m[39m[useTranslationWithCapture] t() called: {
  "key": "customAnswerComponent.audio",
  "mode": "off",
  "namespace": "workbook",
  "value": "Audio",
}
[90mstdout[2m | src/components/ChatSidebar.stories.jsx[2m > [22m[2mGrammar Explainer
[22m[39m[i18next] Missing key: editor:customAnswerComponent.writing for [
  "en",
]
[90mstdout[2m | src/components/ChatSidebar.stories.jsx[2m > [22m[2mGrammar Explainer
[22m[39m[useTranslationWithCapture] t() called: {
  "key": "customAnswerComponent.writing",
  "mode": "off",
  "namespace": "workbook",
  "value": "customAnswerComponent.writing",
}
[90mstdout[2m | src/components/ChatSidebar.stories.jsx[2m > [22m[2mGrammar Explainer
[22m[39m[useTranslationWithCapture] t() called: {
  "key": "customAnswerComponent.writing",
  "mode": "off",
  "namespace": "workbook",
  "value": "Writing",
}
[90mstdout[2m | src/components/ChatSidebar.stories.jsx[2m > [22m[2mGrammar Explainer
[22m[39mCustomAnswerComponent.questionID q-1
[90mstdout[2m | src/components/ChatSidebar.stories.jsx[2m > [22m[2mGrammar Explainer
[22m[39mCustomAnswerComponent.questionBank {
  "q-1": {
    "answer": "おはよう",
    "audioKey": "public/audio/ohayou.mp3",
    "id": "q-1",
    "owner": "mock-user",
    "phonetic": "ohayou",
    "prompt": "Listen and type what you hear",
  },
  "q-2": {
    "answer": "おやすみ",
    "audioKey": "public/audio/oyasumi.mp3",
    "id": "q-2",
    "owner": "mock-user",
    "phonetic": "oyasumi",
    "prompt": "Listen and type what you hear",
  },
}
[90mstdout[2m | src/components/ChatSidebar.stories.jsx[2m > [22m[2mGrammar Explainer
[22m[39mCustomAnswerComponent.question {
  "answer": "おはよう",
  "audioKey": "public/audio/ohayou.mp3",
  "id": "q-1",
  "owner": "mock-user",
  "phonetic": "ohayou",
  "prompt": "Listen and type what you hear",
}
[90mstdout[2m | src/components/ChatSidebar.stories.jsx[2m > [22m[2mGrammar Explainer
[22m[39mCustomAnswerComponent.question {
  "answer": "おはよう",
  "audioKey": "public/audio/ohayou.mp3",
  "id": "q-1",
  "owner": "mock-user",
  "phonetic": "ohayou",
  "prompt": "Listen and type what you hear",
}
[90mstdout[2m | src/components/ChatSidebar.stories.jsx[2m > [22m[2mGrammar Explainer
[22m[39mCustomAnswerComponent.prompt Listen and type what you hear
[90mstdout[2m | src/components/ChatSidebar.stories.jsx[2m > [22m[2mGrammar Explainer
[22m[39mCustomAnswerComponent.feedback[questionID] undefined
[90mstdout[2m | src/components/ChatSidebar.stories.jsx[2m > [22m[2mGrammar Explainer
[22m[39mCustomAnswerComponent.isCompleted undefined
[90mstdout[2m | src/components/ChatSidebar.stories.jsx[2m > [22m[2mGrammar Explainer
[22m[39mCustomAnswerComponent.currentPromptMethod audio
[90mstdout[2m | src/components/ChatSidebar.stories.jsx[2m > [22m[2mGrammar Explainer
[22m[39mCustomAnswerComponent.displayPrompt Listen and type what you hear
[90mstdout[2m | src/components/ChatSidebar.stories.jsx[2m > [22m[2mGrammar Explainer
[22m[39m[useTranslationWithCapture] t() called: {
  "key": "customAnswerComponent.answerPlaceholder",
  "mode": "off",
  "namespace": "workbook",
  "value": "Answer Placeholder",
}
[90mstdout[2m | src/components/ChatSidebar.stories.jsx[2m > [22m[2mGrammar Explainer
[22m[39m[i18next] Missing key: editor:customAnswerComponent.yourAnswer for [
  "en",
]
[90mstdout[2m | src/components/ChatSidebar.stories.jsx[2m > [22m[2mGrammar Explainer
[22m[39m[useTranslationWithCapture] t() called: {
  "key": "customAnswerComponent.yourAnswer",
  "mode": "off",
  "namespace": "workbook",
  "value": "customAnswerComponent.yourAnswer",
}
[90mstdout[2m | src/components/ChatSidebar.stories.jsx[2m > [22m[2mGrammar Explainer
[22m[39mCustomAnswerComponent.questionID q-2
[90mstdout[2m | src/components/ChatSidebar.stories.jsx[2m > [22m[2mGrammar Explainer
[22m[39mCustomAnswerComponent.questionBank {
  "q-1": {
    "answer": "おはよう",
    "audioKey": "public/audio/ohayou.mp3",
    "id": "q-1",
    "owner": "mock-user",
    "phonetic": "ohayou",
    "prompt": "Listen and type what you hear",
  },
  "q-2": {
    "answer": "おやすみ",
    "audioKey": "public/audio/oyasumi.mp3",
    "id": "q-2",
    "owner": "mock-user",
    "phonetic": "oyasumi",
    "prompt": "Listen and type what you hear",
  },
}
[90mstdout[2m | src/components/ChatSidebar.stories.jsx[2m > [22m[2mGrammar Explainer
[22m[39mCustomAnswerComponent.question {
  "answer": "おやすみ",
  "audioKey": "public/audio/oyasumi.mp3",
  "id": "q-2",
  "owner": "mock-user",
  "phonetic": "oyasumi",
  "prompt": "Listen and type what you hear",
}
[90mstdout[2m | src/components/ChatSidebar.stories.jsx[2m > [22m[2mGrammar Explainer
[22m[39mCustomAnswerComponent.question {
  "answer": "おやすみ",
  "audioKey": "public/audio/oyasumi.mp3",
  "id": "q-2",
  "owner": "mock-user",
  "phonetic": "oyasumi",
  "prompt": "Listen and type what you hear",
}
[90mstdout[2m | src/components/ChatSidebar.stories.jsx[2m > [22m[2mGrammar Explainer
[22m[39mCustomAnswerComponent.prompt Listen and type what you hear
[90mstdout[2m | src/components/ChatSidebar.stories.jsx[2m > [22m[2mGrammar Explainer
[22m[39mCustomAnswerComponent.feedback[questionID] undefined
[90mstdout[2m | src/components/ChatSidebar.stories.jsx[2m > [22m[2mGrammar Explainer
[22m[39mCustomAnswerComponent.isCompleted undefined
[90mstdout[2m | src/components/ChatSidebar.stories.jsx[2m > [22m[2mGrammar Explainer
[22m[39mCustomAnswerComponent.currentPromptMethod audio
[90mstdout[2m | src/components/ChatSidebar.stories.jsx[2m > [22m[2mGrammar Explainer
[22m[39mCustomAnswerComponent.displayPrompt Listen and type what you hear
[90mstdout[2m | src/components/ChatSidebar.stories.jsx[2m > [22m[2mGrammar Explainer
[22m[39m[useTranslationWithCapture] t() called: {
  "key": "customAnswerComponent.answerPlaceholder",
  "mode": "off",
  "namespace": "workbook",
  "value": "Answer Placeholder",
}
[90mstdout[2m | src/components/ChatSidebar.stories.jsx[2m > [22m[2mGrammar Explainer
[22m[39m[i18next] Missing key: editor:customAnswerComponent.yourAnswer for [
  "en",
]
[90mstdout[2m | src/components/ChatSidebar.stories.jsx[2m > [22m[2mGrammar Explainer
[22m[39m[useTranslationWithCapture] t() called: {
  "key": "customAnswerComponent.yourAnswer",
  "mode": "off",
  "namespace": "workbook",
  "value": "customAnswerComponent.yourAnswer",
}
[90mstdout[2m | src/components/ChatSidebar.stories.jsx[2m > [22m[2mGrammar Explainer
[22m[39m[useTranslationWithCapture] t() called: {
  "key": "aiFeedbackWidget.whatToImprove",
  "mode": "off",
  "namespace": "components",
  "value": "What could be improved?",
}
[90mstdout[2m | src/components/ChatSidebar.stories.jsx[2m > [22m[2mGrammar Explainer
[22m[39m[useTranslationWithCapture] t() called: {
  "key": "aiFeedbackWidget.selectAllThatApply",
  "mode": "off",
  "namespace": "components",
  "value": "Select all that apply:",
}
[90mstdout[2m | src/components/ChatSidebar.stories.jsx[2m > [22m[2mGrammar Explainer
[22m[39m[useTranslationWithCapture] t() called: {
  "key": "aiFeedbackWidget.cancel",
  "mode": "off",
  "namespace": "components",
  "value": "Cancel",
}
[90mstdout[2m | src/components/ChatSidebar.stories.jsx[2m > [22m[2mGrammar Explainer
[22m[39m[useTranslationWithCapture] t() called: {
  "key": "aiFeedbackWidget.submit",
  "mode": "off",
  "namespace": "components",
  "value": "Submit",
}
[90mstderr[2m | src/components/ChatSidebar.stories.jsx[2m > [22m[2mGrammar Explainer
[22m[39mAn update to VirtualizedMessageList inside a test was not wrapped in act(...).

When testing, code that causes React state updates should be wrapped into act(...):

act(() => {
  /* fire events that update state */
});
/* assert on the output */

This ensures that you're testing the behavior the user would see in the browser. Learn more at https://react.dev/link/wrap-tests-with-act
[90mstdout[2m | src/components/ChatSidebar.stories.jsx[2m > [22m[2mGrammar Explainer
[22m[39m[useTranslationWithCapture] t() called: {
  "key": "chatSidebar.messageList.chatMessagesLabel",
  "mode": "off",
  "namespace": "components",
  "value": "Chat messages",
}
[90mstdout[2m | src/components/ChatSidebar.stories.jsx[2m > [22m[2mGrammar Explainer
[22m[39m[Mock Data] Settings subscription unsubscribed. Remaining: 0
[90mstdout[2m | src/components/ChatSidebar.stories.jsx[2m > [22m[2mGrammar Explainer
[22m[39m[ChatContext] Cleaning up subscription
[90mstdout[2m | src/components/ChatSidebar.stories.jsx[2m > [22m[2mGrammar Explainer
[22m[39m[Mock Data] AssistantChat subscription unsubscribed. Remaining: 0
[90mstdout[2m | src/components/ChatSidebar.stories.jsx[2m > [22m[2mGrammar Explainer
[22m[39m[Mock Data] File subscription unsubscribed. Remaining: 0
[90mstdout[2m | src/components/ChatSidebar.stories.jsx[2m > [22m[2mGrammar Explainer
[22m[39m[Mock Data] Document subscription unsubscribed. Remaining: 1
[90mstdout[2m | src/components/ChatSidebar.stories.jsx[2m > [22m[2mGrammar Explainer
[22m[39m[Mock Data] Word subscription unsubscribed. Remaining: 0
[90mstdout[2m | src/components/ChatSidebar.stories.jsx[2m > [22m[2mGrammar Explainer
[22m[39m[Mock Data] Question subscription unsubscribed. Remaining: 0
[90mstdout[2m | src/components/ChatSidebar.stories.jsx[2m > [22m[2mGrammar Explainer
[22m[39m[Mock Data] Grade subscription unsubscribed. Remaining: 0
[90mstdout[2m | src/components/ChatSidebar.stories.jsx[2m > [22m[2mGrammar Explainer
[22m[39m[Mock Data] Unit subscription unsubscribed. Remaining: 0
[90mstdout[2m | src/components/ChatSidebar.stories.jsx[2m > [22m[2mGrammar Explainer
[22m[39m[SectionContext] Cleaning up subscriptions
[90mstdout[2m | src/components/ChatSidebar.stories.jsx[2m > [22m[2mGrammar Explainer
[22m[39m[Mock Data] Section.onCreate() subscription removed. Remaining: 0
[90mstdout[2m | src/components/ChatSidebar.stories.jsx[2m > [22m[2mGrammar Explainer
[22m[39m[Mock Data] Section.onUpdate() subscription removed. Remaining: 0
[90mstdout[2m | src/components/ChatSidebar.stories.jsx[2m > [22m[2mGrammar Explainer
[22m[39m[Mock Data] Section.onDelete() subscription removed. Remaining: 0
[90mstdout[2m | src/components/ChatSidebar.stories.jsx[2m > [22m[2mGrammar Explainer
[22m[39m[Mock Data] Assignment.onCreate() subscription removed. Remaining: 0
[90mstdout[2m | src/components/ChatSidebar.stories.jsx[2m > [22m[2mGrammar Explainer
[22m[39m[Mock Data] Assignment.onUpdate() subscription removed. Remaining: 0
[90mstdout[2m | src/components/ChatSidebar.stories.jsx[2m > [22m[2mGrammar Explainer
[22m[39m[Mock Data] Assignment.onDelete() subscription removed. Remaining: 0
[90mstdout[2m | src/components/ChatSidebar.stories.jsx[2m > [22m[2mGrammar Explainer
[22m[39m[chatTools] Vector store search function registered: false
[90mstdout[2m | src/components/ChatSidebar.stories.jsx[2m > [22m[2mGrammar Explainer
[22m[39m[Mock Data] Document subscription unsubscribed. Remaining: 0
[90mstdout[2m | src/components/ChatSidebar.stories.jsx[2m > [22m[2mGrammar Explainer
[22m[39m[Mock Data] Clearing all data stores
[90mstdout[2m | src/components/ChatSidebar.stories.jsx[2m > [22m[2mGrammar Explainer
[22m[39m[Mock Data] All data stores cleared
[90mstdout[2m | src/components/ChatSidebar.stories.jsx[2m > [22m[2mGrammar Explainer
[22m[39m[Preview] Cleared mock data for story
[90mstdout[2m | src/components/ChatSidebar.stories.jsx[2m > [22m[2mGrammar Explainer
[22m[39m[Preview] Skipped initializing default mock data (initializeMockData=false)
[90mstdout[2m | src/components/ChatSidebar.stories.jsx[2m > [22m[2mGrammar Explainer
[22m[39m[Mock AuthContext] Providing auth: {
  "error": undefined,
  "isLoading": false,
  "session": {
    "idToken": {
      "toString": [Function toString],
    },
    "identityId": "us-east-1:mock-identity-123",
    "username": "mock-user-sub",
  },
  "user": {
    "attributes": {
      "email": "alice@example.com",
      "name": "Alice Student",
      "sub": "mock-user-sub",
    },
  },
}
[90mstdout[2m | src/components/ChatSidebar.stories.jsx[2m > [22m[2mGrammar Explainer
[22m[39m[Mock Data] generateClient() called - returning mock client
[90mstdout[2m | src/components/ChatSidebar.stories.jsx[2m > [22m[2mGrammar Explainer
[22m[39m[Mock amplifyClient] getAmplifyClient() called - returning mock client
[90mstdout[2m | src/components/ChatSidebar.stories.jsx[2m > [22m[2mGrammar Explainer
[22m[39m[MOCK CourseVectorStore] Initialized with mock data
[90mstdout[2m | src/components/ChatSidebar.stories.jsx[2m > [22m[2mGrammar Explainer
[22m[39m[TranslationModeController] Setting mode to: off
[90mstdout[2m | src/components/ChatSidebar.stories.jsx[2m > [22m[2mGrammar Explainer
[22m[39m[SectionContext] useEffect triggered {
  "authLoading": false,
  "hasUser": true,
  "userSub": "mock-user-sub",
}
[90mstdout[2m | src/components/ChatSidebar.stories.jsx[2m > [22m[2mGrammar Explainer
[22m[39m[SectionContext] Fetching sections for userId: mock-user-sub
[90mstdout[2m | src/components/ChatSidebar.stories.jsx[2m > [22m[2mGrammar Explainer
[22m[39m[Mock Data] generateClient() called - returning mock client
[90mstdout[2m | src/components/ChatSidebar.stories.jsx[2m > [22m[2mGrammar Explainer
[22m[39m[Mock amplifyClient] getAmplifyClient() called - returning mock client
[90mstdout[2m | src/components/ChatSidebar.stories.jsx[2m > [22m[2mGrammar Explainer
[22m[39m[Mock Data] Section.list() called with options: undefined
[90mstdout[2m | src/components/ChatSidebar.stories.jsx[2m > [22m[2mGrammar Explainer
[22m[39m[Mock Data] generateClient() called - returning mock client
[90mstdout[2m | src/components/ChatSidebar.stories.jsx[2m > [22m[2mGrammar Explainer
[22m[39m[Mock amplifyClient] getAmplifyClient() called - returning mock client
[90mstdout[2m | src/components/ChatSidebar.stories.jsx[2m > [22m[2mGrammar Explainer
[22m[39m[Mock Data] Assignment.list() called with options: {
  "filter": {
    "unitID": {
      "eq": "mock-unit-id",
    },
  },
}
[90mstdout[2m | src/components/ChatSidebar.stories.jsx[2m > [22m[2mGrammar Explainer
[22m[39m[Mock Data] generateClient() called - returning mock client
[90mstdout[2m | src/components/ChatSidebar.stories.jsx[2m > [22m[2mGrammar Explainer
[22m[39m[Mock amplifyClient] getAmplifyClient() called - returning mock client
[90mstdout[2m | src/components/ChatSidebar.stories.jsx[2m > [22m[2mGrammar Explainer
[22m[39m[Mock Data] Grade.observeQuery() called with filter: {
  "filter": {
    "unitID": {
      "eq": "mock-unit-id",
    },
  },
}
[90mstdout[2m | src/components/ChatSidebar.stories.jsx[2m > [22m[2mGrammar Explainer
[22m[39m[Mock Data] Grade.observeQuery() applying filter: {
  "unitID": {
    "eq": "mock-unit-id",
  },
}
[90mstdout[2m | src/components/ChatSidebar.stories.jsx[2m > [22m[2mGrammar Explainer
[22m[39m[Mock Data] Grade.observeQuery() items before filter: 0
[90mstdout[2m | src/components/ChatSidebar.stories.jsx[2m > [22m[2mGrammar Explainer
[22m[39m[Mock Data] Grade.observeQuery() items after filter: 0
[90mstdout[2m | src/components/ChatSidebar.stories.jsx[2m > [22m[2mGrammar Explainer
[22m[39m[Mock Data] Grade.observeQuery() returning 0 items (filter applied) {
  "filter": {
    "unitID": {
      "eq": "mock-unit-id",
    },
  },
}
[90mstdout[2m | src/components/ChatSidebar.stories.jsx[2m > [22m[2mGrammar Explainer
[22m[39m[Mock Data] Grade subscription added. Total subscriptions: 1
[90mstdout[2m | src/components/ChatSidebar.stories.jsx[2m > [22m[2mGrammar Explainer
[22m[39m[UnitContext] useEffect triggered {
  "authLoading": false,
  "hasUser": true,
  "id": "mock-unit-id",
  "userSub": "mock-user-sub",
}
[90mstdout[2m | src/components/ChatSidebar.stories.jsx[2m > [22m[2mGrammar Explainer
[22m[39m[UnitContext] Fetching unit data for id: mock-unit-id
[90mstdout[2m | src/components/ChatSidebar.stories.jsx[2m > [22m[2mGrammar Explainer
[22m[39m[Mock Data] generateClient() called - returning mock client
[90mstdout[2m | src/components/ChatSidebar.stories.jsx[2m > [22m[2mGrammar Explainer
[22m[39m[Mock amplifyClient] getAmplifyClient() called - returning mock client
[90mstdout[2m | src/components/ChatSidebar.stories.jsx[2m > [22m[2mGrammar Explainer
[22m[39m[Mock Data] Unit.observeQuery() called with filter: {
  "filter": {
    "id": {
      "eq": "mock-unit-id",
    },
  },
}
[90mstdout[2m | src/components/ChatSidebar.stories.jsx[2m > [22m[2mGrammar Explainer
[22m[39m[Mock Data] Unit.observeQuery() applying filter: {
  "id": {
    "eq": "mock-unit-id",
  },
}
[90mstdout[2m | src/components/ChatSidebar.stories.jsx[2m > [22m[2mGrammar Explainer
[22m[39m[Mock Data] Unit.observeQuery() items before filter: 0
[90mstdout[2m | src/components/ChatSidebar.stories.jsx[2m > [22m[2mGrammar Explainer
[22m[39m[Mock Data] Unit.observeQuery() items after filter: 0
[90mstdout[2m | src/components/ChatSidebar.stories.jsx[2m > [22m[2mGrammar Explainer
[22m[39m[Mock Data] Unit.observeQuery() returning 0 items (filter applied) {
  "filter": {
    "id": {
      "eq": "mock-unit-id",
    },
  },
}
[90mstdout[2m | src/components/ChatSidebar.stories.jsx[2m > [22m[2mGrammar Explainer
[22m[39m[Mock Data] Unit subscription added. Total subscriptions: 1
[90mstdout[2m | src/components/ChatSidebar.stories.jsx[2m > [22m[2mGrammar Explainer
[22m[39m[Mock Data] generateClient() called - returning mock client
[90mstdout[2m | src/components/ChatSidebar.stories.jsx[2m > [22m[2mGrammar Explainer
[22m[39m[Mock amplifyClient] getAmplifyClient() called - returning mock client
[90mstdout[2m | src/components/ChatSidebar.stories.jsx[2m > [22m[2mGrammar Explainer
[22m[39m[Mock Data] Word.observeQuery() called with filter: undefined
[90mstdout[2m | src/components/ChatSidebar.stories.jsx[2m > [22m[2mGrammar Explainer
[22m[39m[Mock Data] Word.observeQuery() returning 0 items (filter applied) undefined
[90mstdout[2m | src/components/ChatSidebar.stories.jsx[2m > [22m[2mGrammar Explainer
[22m[39m[Mock Data] Word subscription added. Total subscriptions: 1
[90mstdout[2m | src/components/ChatSidebar.stories.jsx[2m > [22m[2mGrammar Explainer
[22m[39m[Mock Data] generateClient() called - returning mock client
[90mstdout[2m | src/components/ChatSidebar.stories.jsx[2m > [22m[2mGrammar Explainer
[22m[39m[Mock amplifyClient] getAmplifyClient() called - returning mock client
[90mstdout[2m | src/components/ChatSidebar.stories.jsx[2m > [22m[2mGrammar Explainer
[22m[39m[Mock Data] Question.observeQuery() called with filter: undefined
[90mstdout[2m | src/components/ChatSidebar.stories.jsx[2m > [22m[2mGrammar Explainer
[22m[39m[Mock Data] Question.observeQuery() returning 0 items (filter applied) undefined
[90mstdout[2m | src/components/ChatSidebar.stories.jsx[2m > [22m[2mGrammar Explainer
[22m[39m[Mock Data] Question subscription added. Total subscriptions: 1
[90mstdout[2m | src/components/ChatSidebar.stories.jsx[2m > [22m[2mGrammar Explainer
[22m[39m[FilesContext] Initializing vector store from IndexedDB
[90mstdout[2m | src/components/ChatSidebar.stories.jsx[2m > [22m[2mGrammar Explainer
[22m[39m[FilesContext] fetchFiles called
[90mstdout[2m | src/components/ChatSidebar.stories.jsx[2m > [22m[2mGrammar Explainer
[22m[39m[FilesContext] User authenticated: mock-user-sub
[90mstdout[2m | src/components/ChatSidebar.stories.jsx[2m > [22m[2mGrammar Explainer
[22m[39m[FilesContext] Identity ID: us-east-1:mock-identity-123
[90mstdout[2m | src/components/ChatSidebar.stories.jsx[2m > [22m[2mGrammar Explainer
[22m[39m[FilesContext] About to subscribe to File model
[90mstdout[2m | src/components/ChatSidebar.stories.jsx[2m > [22m[2mGrammar Explainer
[22m[39m[Mock Data] generateClient() called - returning mock client
[90mstdout[2m | src/components/ChatSidebar.stories.jsx[2m > [22m[2mGrammar Explainer
[22m[39m[Mock amplifyClient] getAmplifyClient() called - returning mock client
[90mstdout[2m | src/components/ChatSidebar.stories.jsx[2m > [22m[2mGrammar Explainer
[22m[39m[Mock Data] File.observeQuery() called with filter: undefined
[90mstdout[2m | src/components/ChatSidebar.stories.jsx[2m > [22m[2mGrammar Explainer
[22m[39m[Mock Data] File.observeQuery() returning 0 items (filter applied) undefined
[90mstdout[2m | src/components/ChatSidebar.stories.jsx[2m > [22m[2mGrammar Explainer
[22m[39m[Mock Data] File subscription added. Total subscriptions: 1
[90mstdout[2m | src/components/ChatSidebar.stories.jsx[2m > [22m[2mGrammar Explainer
[22m[39m[Mock Data] generateClient() called - returning mock client
[90mstdout[2m | src/components/ChatSidebar.stories.jsx[2m > [22m[2mGrammar Explainer
[22m[39m[Mock amplifyClient] getAmplifyClient() called - returning mock client
[90mstdout[2m | src/components/ChatSidebar.stories.jsx[2m > [22m[2mGrammar Explainer
[22m[39m[Mock Data] Document.observeQuery() called with filter: undefined
[90mstdout[2m | src/components/ChatSidebar.stories.jsx[2m > [22m[2mGrammar Explainer
[22m[39m[Mock Data] Document.observeQuery() returning 0 items (filter applied) undefined
[90mstdout[2m | src/components/ChatSidebar.stories.jsx[2m > [22m[2mGrammar Explainer
[22m[39m[Mock Data] Document subscription added. Total subscriptions: 1
[90mstdout[2m | src/components/ChatSidebar.stories.jsx[2m > [22m[2mGrammar Explainer
[22m[39m[ChatContext] Setting up observeQuery for AssistantChat
[90mstdout[2m | src/components/ChatSidebar.stories.jsx[2m > [22m[2mGrammar Explainer
[22m[39m[Mock Data] AssistantChat.observeQuery() called with filter: {
  "sortDirection": "DESC",
  "sortField": "createdAt",
}
[90mstdout[2m | src/components/ChatSidebar.stories.jsx[2m > [22m[2mGrammar Explainer
[22m[39m[Mock Data] AssistantChat.observeQuery() returning 0 items (filter applied) {
  "sortDirection": "DESC",
  "sortField": "createdAt",
}
[90mstdout[2m | src/components/ChatSidebar.stories.jsx[2m > [22m[2mGrammar Explainer
[22m[39m[Mock Data] AssistantChat subscription added. Total subscriptions: 1
[90mstdout[2m | src/components/ChatSidebar.stories.jsx[2m > [22m[2mGrammar Explainer
[22m[39m[ChatContext] Waiting for subscription to initialize
[90mstdout[2m | src/components/ChatSidebar.stories.jsx[2m > [22m[2mGrammar Explainer
[22m[39m[SettingsContext] Setting up Settings subscription for user: mock-user-sub
[90mstdout[2m | src/components/ChatSidebar.stories.jsx[2m > [22m[2mGrammar Explainer
[22m[39m[Mock Data] generateClient() called - returning mock client
[90mstdout[2m | src/components/ChatSidebar.stories.jsx[2m > [22m[2mGrammar Explainer
[22m[39m[Mock amplifyClient] getAmplifyClient() called - returning mock client
[90mstdout[2m | src/components/ChatSidebar.stories.jsx[2m > [22m[2mGrammar Explainer
[22m[39m[Mock Data] Settings.observeQuery() called with filter: undefined
[90mstdout[2m | src/components/ChatSidebar.stories.jsx[2m > [22m[2mGrammar Explainer
[22m[39m[Mock Data] Settings.observeQuery() returning 0 items (filter applied) undefined
[90mstdout[2m | src/components/ChatSidebar.stories.jsx[2m > [22m[2mGrammar Explainer
[22m[39m[Mock Data] Settings subscription added. Total subscriptions: 1
[90mstdout[2m | src/components/ChatSidebar.stories.jsx[2m > [22m[2mGrammar Explainer
[22m[39m[SectionContext] Initial sections: 0 []
[90mstdout[2m | src/components/ChatSidebar.stories.jsx[2m > [22m[2mGrammar Explainer
[22m[39m[Mock Data] Section.onCreate() called with filter: undefined
[90mstdout[2m | src/components/ChatSidebar.stories.jsx[2m > [22m[2mGrammar Explainer
[22m[39m[Mock Data] Section.onCreate() subscription added. Total: 1
[90mstdout[2m | src/components/ChatSidebar.stories.jsx[2m > [22m[2mGrammar Explainer
[22m[39m[Mock Data] Section.onUpdate() called with filter: undefined
[90mstdout[2m | src/components/ChatSidebar.stories.jsx[2m > [22m[2mGrammar Explainer
[22m[39m[Mock Data] Section.onUpdate() subscription added. Total: 1
[90mstdout[2m | src/components/ChatSidebar.stories.jsx[2m > [22m[2mGrammar Explainer
[22m[39m[Mock Data] Section.onDelete() called with filter: undefined
[90mstdout[2m | src/components/ChatSidebar.stories.jsx[2m > [22m[2mGrammar Explainer
[22m[39m[Mock Data] Section.onDelete() subscription added. Total: 1
[90mstdout[2m | src/components/ChatSidebar.stories.jsx[2m > [22m[2mGrammar Explainer
[22m[39m[Mock Data] Assignment.onCreate() called with filter: {
  "filter": {
    "unitID": {
      "eq": "mock-unit-id",
    },
  },
}
[90mstdout[2m | src/components/ChatSidebar.stories.jsx[2m > [22m[2mGrammar Explainer
[22m[39m[Mock Data] Assignment.onCreate() subscription added. Total: 1
[90mstdout[2m | src/components/ChatSidebar.stories.jsx[2m > [22m[2mGrammar Explainer
[22m[39m[Mock Data] Assignment.onUpdate() called with filter: {
  "filter": {
    "unitID": {
      "eq": "mock-unit-id",
    },
  },
}
[90mstdout[2m | src/components/ChatSidebar.stories.jsx[2m > [22m[2mGrammar Explainer
[22m[39m[Mock Data] Assignment.onUpdate() subscription added. Total: 1
[90mstdout[2m | src/components/ChatSidebar.stories.jsx[2m > [22m[2mGrammar Explainer
[22m[39m[Mock Data] Assignment.onDelete() called with filter: {
  "filter": {
    "unitID": {
      "eq": "mock-unit-id",
    },
  },
}
[90mstdout[2m | src/components/ChatSidebar.stories.jsx[2m > [22m[2mGrammar Explainer
[22m[39m[Mock Data] Assignment.onDelete() subscription added. Total: 1
[90mstdout[2m | src/components/ChatSidebar.stories.jsx[2m > [22m[2mGrammar Explainer
[22m[39m[FilesContext] File observeQuery subscription triggered:
[90mstdout[2m | src/components/ChatSidebar.stories.jsx[2m > [22m[2mGrammar Explainer
[22m[39m  - items.length: 0
[90mstdout[2m | src/components/ChatSidebar.stories.jsx[2m > [22m[2mGrammar Explainer
[22m[39m  - isSynced: true
[90mstdout[2m | src/components/ChatSidebar.stories.jsx[2m > [22m[2mGrammar Explainer
[22m[39m  - items: []
[90mstdout[2m | src/components/ChatSidebar.stories.jsx[2m > [22m[2mGrammar Explainer
[22m[39m[Mock Data] seedMockAssistantChats: Replacing with 1 assistant chats
[90mstdout[2m | src/components/ChatSidebar.stories.jsx[2m > [22m[2mGrammar Explainer
[22m[39m[Mock Data] Notifying 1 AssistantChat subscriptions
[90mstderr[2m | src/components/ChatSidebar.stories.jsx[2m > [22m[2mGrammar Explainer
[22m[39m[useTabContext] Used outside of TabProvider, returning default values
[90mstdout[2m | src/components/ChatSidebar.stories.jsx[2m > [22m[2mGrammar Explainer
[22m[39m[ChatSidebar] Registered client-side tools: [
  "search_content",
  "create_section",
  "create_unit",
  "create_assignment",
  "add_timer_to_unit",
  "create_vocabulary_word",
  "create_question",
  "list_sections",
  "list_units",
  "get_unit_details",
  "update_unit",
  "delete_assignment",
]
[90mstdout[2m | src/components/ChatSidebar.stories.jsx[2m > [22m[2mGrammar Explainer
[22m[39m[useTranslationWithCapture] t() called: {
  "key": "chatSidebar.aiAssistant",
  "mode": "off",
  "namespace": "components",
  "value": "AI Assistant",
}
[90mstdout[2m | src/components/ChatSidebar.stories.jsx[2m > [22m[2mGrammar Explainer
[22m[39m[useTranslationWithCapture] t() called: {
  "key": "chatSidebar.newChat",
  "mode": "off",
  "namespace": "components",
  "value": "New chat",
}
[90mstdout[2m | src/components/ChatSidebar.stories.jsx[2m > [22m[2mGrammar Explainer
[22m[39m[useTranslationWithCapture] t() called: {
  "key": "chatSidebar.archiveChat",
  "mode": "off",
  "namespace": "components",
  "value": "Archive chat",
}
[90mstdout[2m | src/components/ChatSidebar.stories.jsx[2m > [22m[2mGrammar Explainer
[22m[39m[useTranslationWithCapture] t() called: {
  "key": "chatSidebar.welcomeMessage",
  "mode": "off",
  "namespace": "components",
  "value": "Ask me anything about your curriculum, files, or content!",
}
[90mstdout[2m | src/components/ChatSidebar.stories.jsx[2m > [22m[2mGrammar Explainer
[22m[39m[useTranslationWithCapture] t() called: {
  "key": "chatSidebar.settingUpChat",
  "mode": "off",
  "namespace": "components",
  "value": "Setting up chat...",
}
[90mstdout[2m | src/components/ChatSidebar.stories.jsx[2m > [22m[2mGrammar Explainer
[22m[39m[useTranslationWithCapture] t() called: {
  "key": "actions.send",
  "mode": "off",
  "namespace": "components",
  "value": "Send",
}
[90mstdout[2m | src/components/ChatSidebar.stories.jsx[2m > [22m[2mGrammar Explainer
[22m[39m[useTranslationWithCapture] t() called: {
  "key": "chatSidebar.reviewImportVocabulary",
  "mode": "off",
  "namespace": "components",
  "value": "Review & Import Vocabulary",
}
[90mstdout[2m | src/components/ChatSidebar.stories.jsx[2m > [22m[2mGrammar Explainer
[22m[39m[useTranslationWithCapture] t() called: {
  "key": "chatSidebar.confirm",
  "mode": "off",
  "namespace": "components",
  "value": "Confirm",
}
[90mstdout[2m | src/components/ChatSidebar.stories.jsx[2m > [22m[2mGrammar Explainer
[22m[39m[useTranslationWithCapture] t() called: {
  "key": "chatSidebar.cancel",
  "mode": "off",
  "namespace": "components",
  "value": "Cancel",
}
[90mstdout[2m | src/components/ChatSidebar.stories.jsx[2m > [22m[2mGrammar Explainer
[22m[39m[chatTools] Vector store search function registered: true
[90mstdout[2m | src/components/ChatSidebar.stories.jsx[2m > [22m[2mGrammar Explainer
[22m[39m[ChatSidebar] Registered vector store search, isReady: false
[90mstdout[2m | src/components/ChatSidebar.stories.jsx[2m > [22m[2mGrammar Explainer
[22m[39m[ChatSidebar] Setting up Document subscription for user: undefined
[90mstdout[2m | src/components/ChatSidebar.stories.jsx[2m > [22m[2mGrammar Explainer
[22m[39m[Mock Data] generateClient() called - returning mock client
[90mstdout[2m | src/components/ChatSidebar.stories.jsx[2m > [22m[2mGrammar Explainer
[22m[39m[Mock amplifyClient] getAmplifyClient() called - returning mock client
[90mstdout[2m | src/components/ChatSidebar.stories.jsx[2m > [22m[2mGrammar Explainer
[22m[39m[Mock Data] Document.observeQuery() called with filter: undefined
[90mstdout[2m | src/components/ChatSidebar.stories.jsx[2m > [22m[2mGrammar Explainer
[22m[39m[Mock Data] Document.observeQuery() returning 0 items (filter applied) undefined
[90mstdout[2m | src/components/ChatSidebar.stories.jsx[2m > [22m[2mGrammar Explainer
[22m[39m[Mock Data] Document subscription added. Total subscriptions: 2
[90mstdout[2m | src/components/ChatSidebar.stories.jsx[2m > [22m[2mGrammar Explainer
[22m[39m[ChatContext] AssistantChat query update: 0 items (synced)
[90mstdout[2m | src/components/ChatSidebar.stories.jsx[2m > [22m[2mGrammar Explainer
[22m[39m[ChatContext] AssistantChat subscription initialized
[90mstdout[2m | src/components/ChatSidebar.stories.jsx[2m > [22m[2mGrammar Explainer
[22m[39m[ChatContext] AssistantChat list updated: 0 chats
[90mstdout[2m | src/components/ChatSidebar.stories.jsx[2m > [22m[2mGrammar Explainer
[22m[39m[Mock Data] Settings.create() called with: {
  "assistantVoice": "shimmer",
  "autoAnalyzeDocuments": true,
  "defaultAIModel": "gpt-4",
  "documentAnalysisModel": "gpt-4",
  "editorFontSize": 14,
  "editorTheme": "auto",
  "emailNotifications": true,
  "language": "en",
  "webhookNotifications": false,
}
[90mstdout[2m | src/components/ChatSidebar.stories.jsx[2m > [22m[2mGrammar Explainer
[22m[39m[Mock Data] Settings created: mock-settings-1776336980499 - notified 1 subscribers
[90mstdout[2m | src/components/ChatSidebar.stories.jsx[2m > [22m[2mGrammar Explainer
[22m[39m[ChatContext] AssistantChat query update: 1 items (synced)
[90mstdout[2m | src/components/ChatSidebar.stories.jsx[2m > [22m[2mGrammar Explainer
[22m[39m[ChatContext] First item details: {
  "id": "grammar-chat",
  "updatedAt": "2026-04-16T10:56:20.466Z",
}
[90mstdout[2m | src/components/ChatSidebar.stories.jsx[2m > [22m[2mGrammar Explainer
[22m[39m[ChatContext] AssistantChat list updated: 1 chats
[90mstdout[2m | src/components/ChatSidebar.stories.jsx[2m > [22m[2mGrammar Explainer
[22m[39m[ChatContext] No chats found, clearing current chat - new one will be created
[90mstdout[2m | src/components/ChatSidebar.stories.jsx[2m > [22m[2mGrammar Explainer
[22m[39m[ChatContext] Setting initial chat: grammar-chat
[90mstderr[2m | src/components/ChatSidebar.stories.jsx[2m > [22m[2mGrammar Explainer
[22m[39m[useTabContext] Used outside of TabProvider, returning default values
[90mstdout[2m | src/components/ChatSidebar.stories.jsx[2m > [22m[2mGrammar Explainer
[22m[39m[useTranslationWithCapture] t() called: {
  "key": "chatSidebar.aiAssistant",
  "mode": "off",
  "namespace": "components",
  "value": "AI Assistant",
}
[90mstdout[2m | src/components/ChatSidebar.stories.jsx[2m > [22m[2mGrammar Explainer
[22m[39m[useTranslationWithCapture] t() called: {
  "key": "chatSidebar.newChat",
  "mode": "off",
  "namespace": "components",
  "value": "New chat",
}
[90mstdout[2m | src/components/ChatSidebar.stories.jsx[2m > [22m[2mGrammar Explainer
[22m[39m[useTranslationWithCapture] t() called: {
  "key": "chatSidebar.archiveChat",
  "mode": "off",
  "namespace": "components",
  "value": "Archive chat",
}
[90mstdout[2m | src/components/ChatSidebar.stories.jsx[2m > [22m[2mGrammar Explainer
[22m[39m[useTranslationWithCapture] t() called: {
  "key": "chatSidebar.welcomeMessage",
  "mode": "off",
  "namespace": "components",
  "value": "Ask me anything about your curriculum, files, or content!",
}
[90mstdout[2m | src/components/ChatSidebar.stories.jsx[2m > [22m[2mGrammar Explainer
[22m[39m[useTranslationWithCapture] t() called: {
  "key": "chatSidebar.askMeAnything",
  "mode": "off",
  "namespace": "components",
  "value": "Ask me anything...",
}
[90mstdout[2m | src/components/ChatSidebar.stories.jsx[2m > [22m[2mGrammar Explainer
[22m[39m[useTranslationWithCapture] t() called: {
  "key": "actions.send",
  "mode": "off",
  "namespace": "components",
  "value": "Send",
}
[90mstdout[2m | src/components/ChatSidebar.stories.jsx[2m > [22m[2mGrammar Explainer
[22m[39m[useTranslationWithCapture] t() called: {
  "key": "chatSidebar.reviewImportVocabulary",
  "mode": "off",
  "namespace": "components",
  "value": "Review & Import Vocabulary",
}
[90mstdout[2m | src/components/ChatSidebar.stories.jsx[2m > [22m[2mGrammar Explainer
[22m[39m[useTranslationWithCapture] t() called: {
  "key": "chatSidebar.confirm",
  "mode": "off",
  "namespace": "components",
  "value": "Confirm",
}
[90mstdout[2m | src/components/ChatSidebar.stories.jsx[2m > [22m[2mGrammar Explainer
[22m[39m[useTranslationWithCapture] t() called: {
  "key": "chatSidebar.cancel",
  "mode": "off",
  "namespace": "components",
  "value": "Cancel",
}
[90mstdout[2m | src/components/ChatSidebar.stories.jsx[2m > [22m[2mGrammar Explainer
[22m[39m[ChatSidebar] Loading messages for chat: grammar-chat count: 2
[90mstdout[2m | src/components/ChatSidebar.stories.jsx[2m > [22m[2mGrammar Explainer
[22m[39m[ChatSidebar] deepCloneMessages: cloned 2 messages
[90mstdout[2m | src/components/ChatSidebar.stories.jsx[2m > [22m[2mGrammar Explainer
[22m[39m[Mock Data] generateClient() called - returning mock client
[90mstdout[2m | src/components/ChatSidebar.stories.jsx[2m > [22m[2mGrammar Explainer
[22m[39m[Mock amplifyClient] getAmplifyClient() called - returning mock client
[90mstdout[2m | src/components/ChatSidebar.stories.jsx[2m > [22m[2mGrammar Explainer
[22m[39m[Mock Data] AssistantChatFile.list() called with options: {
  "filter": {
    "chatID": {
      "eq": "grammar-chat",
    },
  },
}
[90mstdout[2m | src/components/ChatSidebar.stories.jsx[2m > [22m[2mGrammar Explainer
[22m[39m[ChatContext] Chat exists and not archived, skipping creation
[90mstderr[2m | src/components/ChatSidebar.stories.jsx[2m > [22m[2mGrammar Explainer
[22m[39m[useTabContext] Used outside of TabProvider, returning default values
[90mstdout[2m | src/components/ChatSidebar.stories.jsx[2m > [22m[2mGrammar Explainer
[22m[39m[ChatSidebar] useChat status: ready messages: 2 toolCalls: 0
[90mstdout[2m | src/components/ChatSidebar.stories.jsx[2m > [22m[2mGrammar Explainer
[22m[39m[useTranslationWithCapture] t() called: {
  "key": "chatSidebar.aiAssistant",
  "mode": "off",
  "namespace": "components",
  "value": "AI Assistant",
}
[90mstdout[2m | src/components/ChatSidebar.stories.jsx[2m > [22m[2mGrammar Explainer
[22m[39m[useTranslationWithCapture] t() called: {
  "key": "chatSidebar.newChat",
  "mode": "off",
  "namespace": "components",
  "value": "New chat",
}
[90mstdout[2m | src/components/ChatSidebar.stories.jsx[2m > [22m[2mGrammar Explainer
[22m[39m[useTranslationWithCapture] t() called: {
  "key": "chatSidebar.archiveChat",
  "mode": "off",
  "namespace": "components",
  "value": "Archive chat",
}
[90mstdout[2m | src/components/ChatSidebar.stories.jsx[2m > [22m[2mGrammar Explainer
[22m[39m[useTranslationWithCapture] t() called: {
  "key": "chatSidebar.welcomeMessage",
  "mode": "off",
  "namespace": "components",
  "value": "Ask me anything about your curriculum, files, or content!",
}
[90mstdout[2m | src/components/ChatSidebar.stories.jsx[2m > [22m[2mGrammar Explainer
[22m[39m[useTranslationWithCapture] t() called: {
  "key": "chatSidebar.askMeAnything",
  "mode": "off",
  "namespace": "components",
  "value": "Ask me anything...",
}
[90mstdout[2m | src/components/ChatSidebar.stories.jsx[2m > [22m[2mGrammar Explainer
[22m[39m[useTranslationWithCapture] t() called: {
  "key": "actions.send",
  "mode": "off",
  "namespace": "components",
  "value": "Send",
}
[90mstdout[2m | src/components/ChatSidebar.stories.jsx[2m > [22m[2mGrammar Explainer
[22m[39m[useTranslationWithCapture] t() called: {
  "key": "chatSidebar.reviewImportVocabulary",
  "mode": "off",
  "namespace": "components",
  "value": "Review & Import Vocabulary",
}
[90mstdout[2m | src/components/ChatSidebar.stories.jsx[2m > [22m[2mGrammar Explainer
[22m[39m[useTranslationWithCapture] t() called: {
  "key": "chatSidebar.confirm",
  "mode": "off",
  "namespace": "components",
  "value": "Confirm",
}
[90mstdout[2m | src/components/ChatSidebar.stories.jsx[2m > [22m[2mGrammar Explainer
[22m[39m[useTranslationWithCapture] t() called: {
  "key": "chatSidebar.cancel",
  "mode": "off",
  "namespace": "components",
  "value": "Cancel",
}
[90mstdout[2m | src/components/ChatSidebar.stories.jsx[2m > [22m[2mGrammar Explainer
[22m[39m[useTranslationWithCapture] t() called: {
  "key": "chatSidebar.messageList.chatMessagesLabel",
  "mode": "off",
  "namespace": "components",
  "value": "Chat messages",
}
[90mstdout[2m | src/components/ChatSidebar.stories.jsx[2m > [22m[2mGrammar Explainer
[22m[39m[useTranslationWithCapture] t() called: {
  "key": "chatSidebar.messageList.chatMessagesLabel",
  "mode": "off",
  "namespace": "components",
  "value": "Chat messages",
}
[90mstdout[2m | src/components/ChatSidebar.stories.jsx[2m > [22m[2mGrammar Explainer
[22m[39m[useTranslationWithCapture] t() called: {
  "key": "aiFeedbackWidget.whatToImprove",
  "mode": "off",
  "namespace": "components",
  "value": "What could be improved?",
}
[90mstdout[2m | src/components/ChatSidebar.stories.jsx[2m > [22m[2mGrammar Explainer
[22m[39m[useTranslationWithCapture] t() called: {
  "key": "aiFeedbackWidget.selectAllThatApply",
  "mode": "off",
  "namespace": "components",
  "value": "Select all that apply:",
}
[90mstdout[2m | src/components/ChatSidebar.stories.jsx[2m > [22m[2mGrammar Explainer
[22m[39m[useTranslationWithCapture] t() called: {
  "key": "aiFeedbackWidget.cancel",
  "mode": "off",
  "namespace": "components",
  "value": "Cancel",
}
[90mstdout[2m | src/components/ChatSidebar.stories.jsx[2m > [22m[2mGrammar Explainer
[22m[39m[useTranslationWithCapture] t() called: {
  "key": "aiFeedbackWidget.submit",
  "mode": "off",
  "namespace": "components",
  "value": "Submit",
}
[90mstdout[2m | src/components/ChatSidebar.stories.jsx[2m > [22m[2mGrammar Explainer
[22m[39m[useTranslationWithCapture] t() called: {
  "key": "chatSidebar.messageList.chatMessagesLabel",
  "mode": "off",
  "namespace": "components",
  "value": "Chat messages",
}
[90mstdout[2m | src/components/ChatSidebar.stories.jsx[2m > [22m[2mGrammar Explainer
[22m[39m[useTranslationWithCapture] t() called: {
  "key": "aiFeedbackWidget.whatToImprove",
  "mode": "off",
  "namespace": "components",
  "value": "What could be improved?",
}
[90mstdout[2m | src/components/ChatSidebar.stories.jsx[2m > [22m[2mGrammar Explainer
[22m[39m[useTranslationWithCapture] t() called: {
  "key": "aiFeedbackWidget.selectAllThatApply",
  "mode": "off",
  "namespace": "components",
  "value": "Select all that apply:",
}
[90mstdout[2m | src/components/ChatSidebar.stories.jsx[2m > [22m[2mGrammar Explainer
[22m[39m[useTranslationWithCapture] t() called: {
  "key": "aiFeedbackWidget.cancel",
  "mode": "off",
  "namespace": "components",
  "value": "Cancel",
}
[90mstdout[2m | src/components/ChatSidebar.stories.jsx[2m > [22m[2mGrammar Explainer
[22m[39m[useTranslationWithCapture] t() called: {
  "key": "aiFeedbackWidget.submit",
  "mode": "off",
  "namespace": "components",
  "value": "Submit",
}
[90mstderr[2m | src/components/ChatSidebar.stories.jsx[2m > [22m[2mGrammar Explainer
[22m[39m[useTabContext] Used outside of TabProvider, returning default values
[90mstdout[2m | src/components/ChatSidebar.stories.jsx[2m > [22m[2mGrammar Explainer
[22m[39m[ChatSidebar] useChat status: ready messages: 2 toolCalls: 0
[90mstdout[2m | src/components/ChatSidebar.stories.jsx[2m > [22m[2mGrammar Explainer
[22m[39m[useTranslationWithCapture] t() called: {
  "key": "chatSidebar.aiAssistant",
  "mode": "off",
  "namespace": "components",
  "value": "AI Assistant",
}
[90mstdout[2m | src/components/ChatSidebar.stories.jsx[2m > [22m[2mGrammar Explainer
[22m[39m[useTranslationWithCapture] t() called: {
  "key": "chatSidebar.newChat",
  "mode": "off",
  "namespace": "components",
  "value": "New chat",
}
[90mstdout[2m | src/components/ChatSidebar.stories.jsx[2m > [22m[2mGrammar Explainer
[22m[39m[useTranslationWithCapture] t() called: {
  "key": "chatSidebar.archiveChat",
  "mode": "off",
  "namespace": "components",
  "value": "Archive chat",
}
[90mstdout[2m | src/components/ChatSidebar.stories.jsx[2m > [22m[2mGrammar Explainer
[22m[39m[useTranslationWithCapture] t() called: {
  "key": "chatSidebar.welcomeMessage",
  "mode": "off",
  "namespace": "components",
  "value": "Ask me anything about your curriculum, files, or content!",
}
[90mstdout[2m | src/components/ChatSidebar.stories.jsx[2m > [22m[2mGrammar Explainer
[22m[39m[useTranslationWithCapture] t() called: {
  "key": "chatSidebar.askMeAnything",
  "mode": "off",
  "namespace": "components",
  "value": "Ask me anything...",
}
[90mstdout[2m | src/components/ChatSidebar.stories.jsx[2m > [22m[2mGrammar Explainer
[22m[39m[useTranslationWithCapture] t() called: {
  "key": "actions.send",
  "mode": "off",
  "namespace": "components",
  "value": "Send",
}
[90mstdout[2m | src/components/ChatSidebar.stories.jsx[2m > [22m[2mGrammar Explainer
[22m[39m[useTranslationWithCapture] t() called: {
  "key": "chatSidebar.reviewImportVocabulary",
  "mode": "off",
  "namespace": "components",
  "value": "Review & Import Vocabulary",
}
[90mstdout[2m | src/components/ChatSidebar.stories.jsx[2m > [22m[2mGrammar Explainer
[22m[39m[useTranslationWithCapture] t() called: {
  "key": "chatSidebar.confirm",
  "mode": "off",
  "namespace": "components",
  "value": "Confirm",
}
[90mstdout[2m | src/components/ChatSidebar.stories.jsx[2m > [22m[2mGrammar Explainer
[22m[39m[useTranslationWithCapture] t() called: {
  "key": "chatSidebar.cancel",
  "mode": "off",
  "namespace": "components",
  "value": "Cancel",
}
[90mstdout[2m | src/components/ChatSidebar.stories.jsx[2m > [22m[2mGrammar Explainer
[22m[39m[useTranslationWithCapture] t() called: {
  "key": "chatSidebar.messageList.chatMessagesLabel",
  "mode": "off",
  "namespace": "components",
  "value": "Chat messages",
}
[90mstdout[2m | src/components/ChatSidebar.stories.jsx[2m > [22m[2mGrammar Explainer
[22m[39m[useTranslationWithCapture] t() called: {
  "key": "aiFeedbackWidget.whatToImprove",
  "mode": "off",
  "namespace": "components",
  "value": "What could be improved?",
}
[90mstdout[2m | src/components/ChatSidebar.stories.jsx[2m > [22m[2mGrammar Explainer
[22m[39m[useTranslationWithCapture] t() called: {
  "key": "aiFeedbackWidget.selectAllThatApply",
  "mode": "off",
  "namespace": "components",
  "value": "Select all that apply:",
}
[90mstdout[2m | src/components/ChatSidebar.stories.jsx[2m > [22m[2mGrammar Explainer
[22m[39m[useTranslationWithCapture] t() called: {
  "key": "aiFeedbackWidget.cancel",
  "mode": "off",
  "namespace": "components",
  "value": "Cancel",
}
[90mstdout[2m | src/components/ChatSidebar.stories.jsx[2m > [22m[2mGrammar Explainer
[22m[39m[useTranslationWithCapture] t() called: {
  "key": "aiFeedbackWidget.submit",
  "mode": "off",
  "namespace": "components",
  "value": "Submit",
}
[90mstdout[2m | src/components/ChatSidebar.stories.jsx[2m > [22m[2mGrammar Explainer
[22m[39m[Mock Data] generateClient() called - returning mock client
[90mstdout[2m | src/components/ChatSidebar.stories.jsx[2m > [22m[2mGrammar Explainer
[22m[39m[Mock amplifyClient] getAmplifyClient() called - returning mock client
[90mstdout[2m | src/components/ChatSidebar.stories.jsx[2m > [22m[2mGrammar Explainer
[22m[39m[Mock Data] AssistantChatFile.list() called with options: {
  "filter": {
    "chatID": {
      "eq": "grammar-chat",
    },
  },
}
[90mstderr[2m | src/components/ChatSidebar.stories.jsx[2m > [22m[2mGrammar Explainer
[22m[39mAn update to DictionaryProvider inside a test was not wrapped in act(...).

When testing, code that causes React state updates should be wrapped into act(...):

act(() => {
  /* fire events that update state */
});
/* assert on the output */

This ensures that you're testing the behavior the user would see in the browser. Learn more at https://react.dev/link/wrap-tests-with-act
[90mstderr[2m | src/components/ChatSidebar.stories.jsx[2m > [22m[2mGrammar Explainer
[22m[39mAn update to DictionaryProvider inside a test was not wrapped in act(...).

When testing, code that causes React state updates should be wrapped into act(...):

act(() => {
  /* fire events that update state */
});
/* assert on the output */

This ensures that you're testing the behavior the user would see in the browser. Learn more at https://react.dev/link/wrap-tests-with-act
[90mstderr[2m | src/components/ChatSidebar.stories.jsx[2m > [22m[2mGrammar Explainer
[22m[39mAn update to VirtualizedMessageList inside a test was not wrapped in act(...).

When testing, code that causes React state updates should be wrapped into act(...):

act(() => {
  /* fire events that update state */
});
/* assert on the output */

This ensures that you're testing the behavior the user would see in the browser. Learn more at https://react.dev/link/wrap-tests-with-act
[90mstderr[2m | src/components/ChatSidebar.stories.jsx[2m > [22m[2mGrammar Explainer
[22m[39mAn update to VirtualizedMessageList inside a test was not wrapped in act(...).

When testing, code that causes React state updates should be wrapped into act(...):

act(() => {
  /* fire events that update state */
});
/* assert on the output */

This ensures that you're testing the behavior the user would see in the browser. Learn more at https://react.dev/link/wrap-tests-with-act
[90mstdout[2m | src/components/ChatSidebar.stories.jsx[2m > [22m[2mGrammar Explainer
[22m[39m[useTranslationWithCapture] t() called: {
  "key": "chatSidebar.messageList.chatMessagesLabel",
  "mode": "off",
  "namespace": "components",
  "value": "Chat messages",
}
[90mstdout[2m | src/components/ChatSidebar.stories.jsx[2m > [22m[2mGrammar Explainer
[22m[39m[useTranslationWithCapture] t() called: {
  "key": "aiFeedbackWidget.whatToImprove",
  "mode": "off",
  "namespace": "components",
  "value": "What could be improved?",
}
[90mstdout[2m | src/components/ChatSidebar.stories.jsx[2m > [22m[2mGrammar Explainer
[22m[39m[useTranslationWithCapture] t() called: {
  "key": "aiFeedbackWidget.selectAllThatApply",
  "mode": "off",
  "namespace": "components",
  "value": "Select all that apply:",
}
[90mstdout[2m | src/components/ChatSidebar.stories.jsx[2m > [22m[2mGrammar Explainer
[22m[39m[useTranslationWithCapture] t() called: {
  "key": "aiFeedbackWidget.cancel",
  "mode": "off",
  "namespace": "components",
  "value": "Cancel",
}
[90mstdout[2m | src/components/ChatSidebar.stories.jsx[2m > [22m[2mGrammar Explainer
[22m[39m[useTranslationWithCapture] t() called: {
  "key": "aiFeedbackWidget.submit",
  "mode": "off",
  "namespace": "components",
  "value": "Submit",
}
[90mstderr[2m | src/components/ChatSidebar.stories.jsx[2m > [22m[2mGrammar Explainer
[22m[39mAn update to VirtualizedMessageList inside a test was not wrapped in act(...).

When testing, code that causes React state updates should be wrapped into act(...):

act(() => {
  /* fire events that update state */
});
/* assert on the output */

This ensures that you're testing the behavior the user would see in the browser. Learn more at https://react.dev/link/wrap-tests-with-act
[90mstderr[2m | src/components/ChatSidebar.stories.jsx[2m > [22m[2mGrammar Explainer
[22m[39mAn update to VirtualizedMessageList inside a test was not wrapped in act(...).

When testing, code that causes React state updates should be wrapped into act(...):

act(() => {
  /* fire events that update state */
});
/* assert on the output */

This ensures that you're testing the behavior the user would see in the browser. Learn more at https://react.dev/link/wrap-tests-with-act
[90mstdout[2m | src/components/ChatSidebar.stories.jsx[2m > [22m[2mGrammar Explainer
[22m[39m[useTranslationWithCapture] t() called: {
  "key": "chatSidebar.messageList.chatMessagesLabel",
  "mode": "off",
  "namespace": "components",
  "value": "Chat messages",
}
[90mstdout[2m | src/components/ChatSidebar.stories.jsx[2m > [22m[2mGrammar Explainer
[22m[39m[useTranslationWithCapture] t() called: {
  "key": "aiFeedbackWidget.whatToImprove",
  "mode": "off",
  "namespace": "components",
  "value": "What could be improved?",
}
[90mstdout[2m | src/components/ChatSidebar.stories.jsx[2m > [22m[2mGrammar Explainer
[22m[39m[useTranslationWithCapture] t() called: {
  "key": "aiFeedbackWidget.selectAllThatApply",
  "mode": "off",
  "namespace": "components",
  "value": "Select all that apply:",
}
[90mstdout[2m | src/components/ChatSidebar.stories.jsx[2m > [22m[2mGrammar Explainer
[22m[39m[useTranslationWithCapture] t() called: {
  "key": "aiFeedbackWidget.cancel",
  "mode": "off",
  "namespace": "components",
  "value": "Cancel",
}
[90mstdout[2m | src/components/ChatSidebar.stories.jsx[2m > [22m[2mGrammar Explainer
[22m[39m[useTranslationWithCapture] t() called: {
  "key": "aiFeedbackWidget.submit",
  "mode": "off",
  "namespace": "components",
  "value": "Submit",
}
[90mstderr[2m | src/components/ChatSidebar.stories.jsx[2m > [22m[2mConversation History
[22m[39mAn update to VirtualizedMessageList inside a test was not wrapped in act(...).

When testing, code that causes React state updates should be wrapped into act(...):

act(() => {
  /* fire events that update state */
});
/* assert on the output */

This ensures that you're testing the behavior the user would see in the browser. Learn more at https://react.dev/link/wrap-tests-with-act
[90mstdout[2m | src/components/ChatSidebar.stories.jsx[2m > [22m[2mConversation History
[22m[39m[useTranslationWithCapture] t() called: {
  "key": "chatSidebar.messageList.chatMessagesLabel",
  "mode": "off",
  "namespace": "components",
  "value": "Chat messages",
}
[90mstderr[2m | src/components/ChatSidebar.stories.jsx[2m > [22m[2mConversation History
[22m[39mAn update to VirtualizedMessageList inside a test was not wrapped in act(...).

When testing, code that causes React state updates should be wrapped into act(...):

act(() => {
  /* fire events that update state */
});
/* assert on the output */

This ensures that you're testing the behavior the user would see in the browser. Learn more at https://react.dev/link/wrap-tests-with-act
[90mstderr[2m | src/components/ChatSidebar.stories.jsx[2m > [22m[2mConversation History
[22m[39mAn update to VirtualizedMessageList inside a test was not wrapped in act(...).

When testing, code that causes React state updates should be wrapped into act(...):

act(() => {
  /* fire events that update state */
});
/* assert on the output */

This ensures that you're testing the behavior the user would see in the browser. Learn more at https://react.dev/link/wrap-tests-with-act
[90mstdout[2m | src/components/ChatSidebar.stories.jsx[2m > [22m[2mConversation History
[22m[39m[useTranslationWithCapture] t() called: {
  "key": "chatSidebar.messageList.chatMessagesLabel",
  "mode": "off",
  "namespace": "components",
  "value": "Chat messages",
}
[90mstdout[2m | src/components/ChatSidebar.stories.jsx[2m > [22m[2mConversation History
[22m[39m[useTranslationWithCapture] t() called: {
  "key": "aiFeedbackWidget.whatToImprove",
  "mode": "off",
  "namespace": "components",
  "value": "What could be improved?",
}
[90mstdout[2m | src/components/ChatSidebar.stories.jsx[2m > [22m[2mConversation History
[22m[39m[useTranslationWithCapture] t() called: {
  "key": "aiFeedbackWidget.selectAllThatApply",
  "mode": "off",
  "namespace": "components",
  "value": "Select all that apply:",
}
[90mstdout[2m | src/components/ChatSidebar.stories.jsx[2m > [22m[2mConversation History
[22m[39m[useTranslationWithCapture] t() called: {
  "key": "aiFeedbackWidget.cancel",
  "mode": "off",
  "namespace": "components",
  "value": "Cancel",
}
[90mstdout[2m | src/components/ChatSidebar.stories.jsx[2m > [22m[2mConversation History
[22m[39m[useTranslationWithCapture] t() called: {
  "key": "aiFeedbackWidget.submit",
  "mode": "off",
  "namespace": "components",
  "value": "Submit",
}
[90mstderr[2m | src/components/ChatSidebar.stories.jsx[2m > [22m[2mConversation History
[22m[39mAn update to VirtualizedMessageList inside a test was not wrapped in act(...).

When testing, code that causes React state updates should be wrapped into act(...):

act(() => {
  /* fire events that update state */
});
/* assert on the output */

This ensures that you're testing the behavior the user would see in the browser. Learn more at https://react.dev/link/wrap-tests-with-act
[90mstderr[2m | src/components/ChatSidebar.stories.jsx[2m > [22m[2mConversation History
[22m[39mAn update to VirtualizedMessageList inside a test was not wrapped in act(...).

When testing, code that causes React state updates should be wrapped into act(...):

act(() => {
  /* fire events that update state */
});
/* assert on the output */

This ensures that you're testing the behavior the user would see in the browser. Learn more at https://react.dev/link/wrap-tests-with-act
[90mstdout[2m | src/components/ChatSidebar.stories.jsx[2m > [22m[2mConversation History
[22m[39m[useTranslationWithCapture] t() called: {
  "key": "chatSidebar.messageList.chatMessagesLabel",
  "mode": "off",
  "namespace": "components",
  "value": "Chat messages",
}
[90mstdout[2m | src/components/ChatSidebar.stories.jsx[2m > [22m[2mConversation History
[22m[39m[Mock Data] Settings subscription unsubscribed. Remaining: 0
[90mstdout[2m | src/components/ChatSidebar.stories.jsx[2m > [22m[2mConversation History
[22m[39m[ChatContext] Cleaning up subscription
[90mstdout[2m | src/components/ChatSidebar.stories.jsx[2m > [22m[2mConversation History
[22m[39m[Mock Data] AssistantChat subscription unsubscribed. Remaining: 0
[90mstdout[2m | src/components/ChatSidebar.stories.jsx[2m > [22m[2mConversation History
[22m[39m[Mock Data] File subscription unsubscribed. Remaining: 0
[90mstdout[2m | src/components/ChatSidebar.stories.jsx[2m > [22m[2mConversation History
[22m[39m[Mock Data] Document subscription unsubscribed. Remaining: 1
[90mstdout[2m | src/components/ChatSidebar.stories.jsx[2m > [22m[2mConversation History
[22m[39m[Mock Data] Word subscription unsubscribed. Remaining: 0
[90mstdout[2m | src/components/ChatSidebar.stories.jsx[2m > [22m[2mConversation History
[22m[39m[Mock Data] Question subscription unsubscribed. Remaining: 0
[90mstdout[2m | src/components/ChatSidebar.stories.jsx[2m > [22m[2mConversation History
[22m[39m[Mock Data] Grade subscription unsubscribed. Remaining: 0
[90mstdout[2m | src/components/ChatSidebar.stories.jsx[2m > [22m[2mConversation History
[22m[39m[Mock Data] Unit subscription unsubscribed. Remaining: 0
[90mstdout[2m | src/components/ChatSidebar.stories.jsx[2m > [22m[2mConversation History
[22m[39m[SectionContext] Cleaning up subscriptions
[90mstdout[2m | src/components/ChatSidebar.stories.jsx[2m > [22m[2mConversation History
[22m[39m[Mock Data] Section.onCreate() subscription removed. Remaining: 0
[90mstdout[2m | src/components/ChatSidebar.stories.jsx[2m > [22m[2mConversation History
[22m[39m[Mock Data] Section.onUpdate() subscription removed. Remaining: 0
[90mstdout[2m | src/components/ChatSidebar.stories.jsx[2m > [22m[2mConversation History
[22m[39m[Mock Data] Section.onDelete() subscription removed. Remaining: 0
[90mstdout[2m | src/components/ChatSidebar.stories.jsx[2m > [22m[2mConversation History
[22m[39m[Mock Data] Assignment.onCreate() subscription removed. Remaining: 0
[90mstdout[2m | src/components/ChatSidebar.stories.jsx[2m > [22m[2mConversation History
[22m[39m[Mock Data] Assignment.onUpdate() subscription removed. Remaining: 0
[90mstdout[2m | src/components/ChatSidebar.stories.jsx[2m > [22m[2mConversation History
[22m[39m[Mock Data] Assignment.onDelete() subscription removed. Remaining: 0
[90mstdout[2m | src/components/ChatSidebar.stories.jsx[2m > [22m[2mConversation History
[22m[39m[chatTools] Vector store search function registered: false
[90mstdout[2m | src/components/ChatSidebar.stories.jsx[2m > [22m[2mConversation History
[22m[39m[Mock Data] Document subscription unsubscribed. Remaining: 0
[90mstdout[2m | src/components/ChatSidebar.stories.jsx[2m > [22m[2mConversation History
[22m[39m[Mock Data] Clearing all data stores
[90mstdout[2m | src/components/ChatSidebar.stories.jsx[2m > [22m[2mConversation History
[22m[39m[Mock Data] All data stores cleared
[90mstdout[2m | src/components/ChatSidebar.stories.jsx[2m > [22m[2mConversation History
[22m[39m[Preview] Cleared mock data for story
[90mstdout[2m | src/components/ChatSidebar.stories.jsx[2m > [22m[2mConversation History
[22m[39m[Preview] Skipped initializing default mock data (initializeMockData=false)
[90mstdout[2m | src/components/ChatSidebar.stories.jsx[2m > [22m[2mConversation History
[22m[39m[Mock AuthContext] Providing auth: {
  "error": undefined,
  "isLoading": false,
  "session": {
    "idToken": {
      "toString": [Function toString],
    },
    "identityId": "us-east-1:mock-identity-123",
    "username": "mock-user-sub",
  },
  "user": {
    "attributes": {
      "email": "alice@example.com",
      "name": "Alice Student",
      "sub": "mock-user-sub",
    },
  },
}
[90mstdout[2m | src/components/ChatSidebar.stories.jsx[2m > [22m[2mConversation History
[22m[39m[Mock Data] generateClient() called - returning mock client
[90mstdout[2m | src/components/ChatSidebar.stories.jsx[2m > [22m[2mConversation History
[22m[39m[Mock amplifyClient] getAmplifyClient() called - returning mock client
[90mstdout[2m | src/components/ChatSidebar.stories.jsx[2m > [22m[2mConversation History
[22m[39m[MOCK CourseVectorStore] Initialized with mock data
[90mstdout[2m | src/components/ChatSidebar.stories.jsx[2m > [22m[2mConversation History
[22m[39m[TranslationModeController] Setting mode to: off
[90mstdout[2m | src/components/ChatSidebar.stories.jsx[2m > [22m[2mConversation History
[22m[39m[SectionContext] useEffect triggered {
  "authLoading": false,
  "hasUser": true,
  "userSub": "mock-user-sub",
}
[90mstdout[2m | src/components/ChatSidebar.stories.jsx[2m > [22m[2mConversation History
[22m[39m[SectionContext] Fetching sections for userId: mock-user-sub
[90mstdout[2m | src/components/ChatSidebar.stories.jsx[2m > [22m[2mConversation History
[22m[39m[Mock Data] generateClient() called - returning mock client
[90mstdout[2m | src/components/ChatSidebar.stories.jsx[2m > [22m[2mConversation History
[22m[39m[Mock amplifyClient] getAmplifyClient() called - returning mock client
[90mstdout[2m | src/components/ChatSidebar.stories.jsx[2m > [22m[2mConversation History
[22m[39m[Mock Data] Section.list() called with options: undefined
[90mstdout[2m | src/components/ChatSidebar.stories.jsx[2m > [22m[2mConversation History
[22m[39m[Mock Data] generateClient() called - returning mock client
[90mstdout[2m | src/components/ChatSidebar.stories.jsx[2m > [22m[2mConversation History
[22m[39m[Mock amplifyClient] getAmplifyClient() called - returning mock client
[90mstdout[2m | src/components/ChatSidebar.stories.jsx[2m > [22m[2mConversation History
[22m[39m[Mock Data] Assignment.list() called with options: {
  "filter": {
    "unitID": {
      "eq": "mock-unit-id",
    },
  },
}
[90mstdout[2m | src/components/ChatSidebar.stories.jsx[2m > [22m[2mConversation History
[22m[39m[Mock Data] generateClient() called - returning mock client
[90mstdout[2m | src/components/ChatSidebar.stories.jsx[2m > [22m[2mConversation History
[22m[39m[Mock amplifyClient] getAmplifyClient() called - returning mock client
[90mstdout[2m | src/components/ChatSidebar.stories.jsx[2m > [22m[2mConversation History
[22m[39m[Mock Data] Grade.observeQuery() called with filter: {
  "filter": {
    "unitID": {
      "eq": "mock-unit-id",
    },
  },
}
[90mstdout[2m | src/components/ChatSidebar.stories.jsx[2m > [22m[2mConversation History
[22m[39m[Mock Data] Grade.observeQuery() applying filter: {
  "unitID": {
    "eq": "mock-unit-id",
  },
}
[90mstdout[2m | src/components/ChatSidebar.stories.jsx[2m > [22m[2mConversation History
[22m[39m[Mock Data] Grade.observeQuery() items before filter: 0
[90mstdout[2m | src/components/ChatSidebar.stories.jsx[2m > [22m[2mConversation History
[22m[39m[Mock Data] Grade.observeQuery() items after filter: 0
[90mstdout[2m | src/components/ChatSidebar.stories.jsx[2m > [22m[2mConversation History
[22m[39m[Mock Data] Grade.observeQuery() returning 0 items (filter applied) {
  "filter": {
    "unitID": {
      "eq": "mock-unit-id",
    },
  },
}
[90mstdout[2m | src/components/ChatSidebar.stories.jsx[2m > [22m[2mConversation History
[22m[39m[Mock Data] Grade subscription added. Total subscriptions: 1
[90mstdout[2m | src/components/ChatSidebar.stories.jsx[2m > [22m[2mConversation History
[22m[39m[UnitContext] useEffect triggered {
  "authLoading": false,
  "hasUser": true,
  "id": "mock-unit-id",
  "userSub": "mock-user-sub",
}
[90mstdout[2m | src/components/ChatSidebar.stories.jsx[2m > [22m[2mConversation History
[22m[39m[UnitContext] Fetching unit data for id: mock-unit-id
[90mstdout[2m | src/components/ChatSidebar.stories.jsx[2m > [22m[2mConversation History
[22m[39m[Mock Data] generateClient() called - returning mock client
[90mstdout[2m | src/components/ChatSidebar.stories.jsx[2m > [22m[2mConversation History
[22m[39m[Mock amplifyClient] getAmplifyClient() called - returning mock client
[90mstdout[2m | src/components/ChatSidebar.stories.jsx[2m > [22m[2mConversation History
[22m[39m[Mock Data] Unit.observeQuery() called with filter: {
  "filter": {
    "id": {
      "eq": "mock-unit-id",
    },
  },
}
[90mstdout[2m | src/components/ChatSidebar.stories.jsx[2m > [22m[2mConversation History
[22m[39m[Mock Data] Unit.observeQuery() applying filter: {
  "id": {
    "eq": "mock-unit-id",
  },
}
[90mstdout[2m | src/components/ChatSidebar.stories.jsx[2m > [22m[2mConversation History
[22m[39m[Mock Data] Unit.observeQuery() items before filter: 0
[90mstdout[2m | src/components/ChatSidebar.stories.jsx[2m > [22m[2mConversation History
[22m[39m[Mock Data] Unit.observeQuery() items after filter: 0
[90mstdout[2m | src/components/ChatSidebar.stories.jsx[2m > [22m[2mConversation History
[22m[39m[Mock Data] Unit.observeQuery() returning 0 items (filter applied) {
  "filter": {
    "id": {
      "eq": "mock-unit-id",
    },
  },
}
[90mstdout[2m | src/components/ChatSidebar.stories.jsx[2m > [22m[2mConversation History
[22m[39m[Mock Data] Unit subscription added. Total subscriptions: 1
[90mstdout[2m | src/components/ChatSidebar.stories.jsx[2m > [22m[2mConversation History
[22m[39m[Mock Data] generateClient() called - returning mock client
[90mstdout[2m | src/components/ChatSidebar.stories.jsx[2m > [22m[2mConversation History
[22m[39m[Mock amplifyClient] getAmplifyClient() called - returning mock client
[90mstdout[2m | src/components/ChatSidebar.stories.jsx[2m > [22m[2mConversation History
[22m[39m[Mock Data] Word.observeQuery() called with filter: undefined
[90mstdout[2m | src/components/ChatSidebar.stories.jsx[2m > [22m[2mConversation History
[22m[39m[Mock Data] Word.observeQuery() returning 0 items (filter applied) undefined
[90mstdout[2m | src/components/ChatSidebar.stories.jsx[2m > [22m[2mConversation History
[22m[39m[Mock Data] Word subscription added. Total subscriptions: 1
[90mstdout[2m | src/components/ChatSidebar.stories.jsx[2m > [22m[2mConversation History
[22m[39m[Mock Data] generateClient() called - returning mock client
[90mstdout[2m | src/components/ChatSidebar.stories.jsx[2m > [22m[2mConversation History
[22m[39m[Mock amplifyClient] getAmplifyClient() called - returning mock client
[90mstdout[2m | src/components/ChatSidebar.stories.jsx[2m > [22m[2mConversation History
[22m[39m[Mock Data] Question.observeQuery() called with filter: undefined
[90mstdout[2m | src/components/ChatSidebar.stories.jsx[2m > [22m[2mConversation History
[22m[39m[Mock Data] Question.observeQuery() returning 0 items (filter applied) undefined
[90mstdout[2m | src/components/ChatSidebar.stories.jsx[2m > [22m[2mConversation History
[22m[39m[Mock Data] Question subscription added. Total subscriptions: 1
[90mstdout[2m | src/components/ChatSidebar.stories.jsx[2m > [22m[2mConversation History
[22m[39m[FilesContext] Initializing vector store from IndexedDB
[90mstdout[2m | src/components/ChatSidebar.stories.jsx[2m > [22m[2mConversation History
[22m[39m[FilesContext] fetchFiles called
[90mstdout[2m | src/components/ChatSidebar.stories.jsx[2m > [22m[2mConversation History
[22m[39m[FilesContext] User authenticated: mock-user-sub
[90mstdout[2m | src/components/ChatSidebar.stories.jsx[2m > [22m[2mConversation History
[22m[39m[FilesContext] Identity ID: us-east-1:mock-identity-123
[90mstdout[2m | src/components/ChatSidebar.stories.jsx[2m > [22m[2mConversation History
[22m[39m[FilesContext] About to subscribe to File model
[90mstdout[2m | src/components/ChatSidebar.stories.jsx[2m > [22m[2mConversation History
[22m[39m[Mock Data] generateClient() called - returning mock client
[90mstdout[2m | src/components/ChatSidebar.stories.jsx[2m > [22m[2mConversation History
[22m[39m[Mock amplifyClient] getAmplifyClient() called - returning mock client
[90mstdout[2m | src/components/ChatSidebar.stories.jsx[2m > [22m[2mConversation History
[22m[39m[Mock Data] File.observeQuery() called with filter: undefined
[90mstdout[2m | src/components/ChatSidebar.stories.jsx[2m > [22m[2mConversation History
[22m[39m[Mock Data] File.observeQuery() returning 0 items (filter applied) undefined
[90mstdout[2m | src/components/ChatSidebar.stories.jsx[2m > [22m[2mConversation History
[22m[39m[Mock Data] File subscription added. Total subscriptions: 1
[90mstdout[2m | src/components/ChatSidebar.stories.jsx[2m > [22m[2mConversation History
[22m[39m[Mock Data] generateClient() called - returning mock client
[90mstdout[2m | src/components/ChatSidebar.stories.jsx[2m > [22m[2mConversation History
[22m[39m[Mock amplifyClient] getAmplifyClient() called - returning mock client
[90mstdout[2m | src/components/ChatSidebar.stories.jsx[2m > [22m[2mConversation History
[22m[39m[Mock Data] Document.observeQuery() called with filter: undefined
[90mstdout[2m | src/components/ChatSidebar.stories.jsx[2m > [22m[2mConversation History
[22m[39m[Mock Data] Document.observeQuery() returning 0 items (filter applied) undefined
[90mstdout[2m | src/components/ChatSidebar.stories.jsx[2m > [22m[2mConversation History
[22m[39m[Mock Data] Document subscription added. Total subscriptions: 1
[90mstdout[2m | src/components/ChatSidebar.stories.jsx[2m > [22m[2mConversation History
[22m[39m[ChatContext] Setting up observeQuery for AssistantChat
[90mstdout[2m | src/components/ChatSidebar.stories.jsx[2m > [22m[2mConversation History
[22m[39m[Mock Data] AssistantChat.observeQuery() called with filter: {
  "sortDirection": "DESC",
  "sortField": "createdAt",
}
[90mstdout[2m | src/components/ChatSidebar.stories.jsx[2m > [22m[2mConversation History
[22m[39m[Mock Data] AssistantChat.observeQuery() returning 0 items (filter applied) {
  "sortDirection": "DESC",
  "sortField": "createdAt",
}
[90mstdout[2m | src/components/ChatSidebar.stories.jsx[2m > [22m[2mConversation History
[22m[39m[Mock Data] AssistantChat subscription added. Total subscriptions: 1
[90mstdout[2m | src/components/ChatSidebar.stories.jsx[2m > [22m[2mConversation History
[22m[39m[ChatContext] Waiting for subscription to initialize
[90mstdout[2m | src/components/ChatSidebar.stories.jsx[2m > [22m[2mConversation History
[22m[39m[SettingsContext] Setting up Settings subscription for user: mock-user-sub
[90mstdout[2m | src/components/ChatSidebar.stories.jsx[2m > [22m[2mConversation History
[22m[39m[Mock Data] generateClient() called - returning mock client
[90mstdout[2m | src/components/ChatSidebar.stories.jsx[2m > [22m[2mConversation History
[22m[39m[Mock amplifyClient] getAmplifyClient() called - returning mock client
[90mstdout[2m | src/components/ChatSidebar.stories.jsx[2m > [22m[2mConversation History
[22m[39m[Mock Data] Settings.observeQuery() called with filter: undefined
[90mstdout[2m | src/components/ChatSidebar.stories.jsx[2m > [22m[2mConversation History
[22m[39m[Mock Data] Settings.observeQuery() returning 0 items (filter applied) undefined
[90mstdout[2m | src/components/ChatSidebar.stories.jsx[2m > [22m[2mConversation History
[22m[39m[Mock Data] Settings subscription added. Total subscriptions: 1
[90mstdout[2m | src/components/ChatSidebar.stories.jsx[2m > [22m[2mConversation History
[22m[39m[SectionContext] Initial sections: 0 []
[90mstdout[2m | src/components/ChatSidebar.stories.jsx[2m > [22m[2mConversation History
[22m[39m[Mock Data] Section.onCreate() called with filter: undefined
[90mstdout[2m | src/components/ChatSidebar.stories.jsx[2m > [22m[2mConversation History
[22m[39m[Mock Data] Section.onCreate() subscription added. Total: 1
[90mstdout[2m | src/components/ChatSidebar.stories.jsx[2m > [22m[2mConversation History
[22m[39m[Mock Data] Section.onUpdate() called with filter: undefined
[90mstdout[2m | src/components/ChatSidebar.stories.jsx[2m > [22m[2mConversation History
[22m[39m[Mock Data] Section.onUpdate() subscription added. Total: 1
[90mstdout[2m | src/components/ChatSidebar.stories.jsx[2m > [22m[2mConversation History
[22m[39m[Mock Data] Section.onDelete() called with filter: undefined
[90mstdout[2m | src/components/ChatSidebar.stories.jsx[2m > [22m[2mConversation History
[22m[39m[Mock Data] Section.onDelete() subscription added. Total: 1
[90mstdout[2m | src/components/ChatSidebar.stories.jsx[2m > [22m[2mConversation History
[22m[39m[Mock Data] Assignment.onCreate() called with filter: {
  "filter": {
    "unitID": {
      "eq": "mock-unit-id",
    },
  },
}
[90mstdout[2m | src/components/ChatSidebar.stories.jsx[2m > [22m[2mConversation History
[22m[39m[Mock Data] Assignment.onCreate() subscription added. Total: 1
[90mstdout[2m | src/components/ChatSidebar.stories.jsx[2m > [22m[2mConversation History
[22m[39m[Mock Data] Assignment.onUpdate() called with filter: {
  "filter": {
    "unitID": {
      "eq": "mock-unit-id",
    },
  },
}
[90mstdout[2m | src/components/ChatSidebar.stories.jsx[2m > [22m[2mConversation History
[22m[39m[Mock Data] Assignment.onUpdate() subscription added. Total: 1
[90mstdout[2m | src/components/ChatSidebar.stories.jsx[2m > [22m[2mConversation History
[22m[39m[Mock Data] Assignment.onDelete() called with filter: {
  "filter": {
    "unitID": {
      "eq": "mock-unit-id",
    },
  },
}
[90mstdout[2m | src/components/ChatSidebar.stories.jsx[2m > [22m[2mConversation History
[22m[39m[Mock Data] Assignment.onDelete() subscription added. Total: 1
[90mstderr[2m | src/components/ChatSidebar.stories.jsx[2m > [22m[2mConversation History
[22m[39mAn update to UnitProvider inside a test was not wrapped in act(...).

When testing, code that causes React state updates should be wrapped into act(...):

act(() => {
  /* fire events that update state */
});
/* assert on the output */

This ensures that you're testing the behavior the user would see in the browser. Learn more at https://react.dev/link/wrap-tests-with-act
[90mstderr[2m | src/components/ChatSidebar.stories.jsx[2m > [22m[2mConversation History
[22m[39mAn update to UnitProvider inside a test was not wrapped in act(...).

When testing, code that causes React state updates should be wrapped into act(...):

act(() => {
  /* fire events that update state */
});
/* assert on the output */

This ensures that you're testing the behavior the user would see in the browser. Learn more at https://react.dev/link/wrap-tests-with-act
[90mstderr[2m | src/components/ChatSidebar.stories.jsx[2m > [22m[2mConversation History
[22m[39mAn update to UnitProvider inside a test was not wrapped in act(...).

When testing, code that causes React state updates should be wrapped into act(...):

act(() => {
  /* fire events that update state */
});
/* assert on the output */

This ensures that you're testing the behavior the user would see in the browser. Learn more at https://react.dev/link/wrap-tests-with-act
[90mstderr[2m | src/components/ChatSidebar.stories.jsx[2m > [22m[2mConversation History
[22m[39mAn update to UnitProvider inside a test was not wrapped in act(...).

When testing, code that causes React state updates should be wrapped into act(...):

act(() => {
  /* fire events that update state */
});
/* assert on the output */

This ensures that you're testing the behavior the user would see in the browser. Learn more at https://react.dev/link/wrap-tests-with-act
[90mstderr[2m | src/components/ChatSidebar.stories.jsx[2m > [22m[2mConversation History
[22m[39mAn update to UnitProvider inside a test was not wrapped in act(...).

When testing, code that causes React state updates should be wrapped into act(...):

act(() => {
  /* fire events that update state */
});
/* assert on the output */

This ensures that you're testing the behavior the user would see in the browser. Learn more at https://react.dev/link/wrap-tests-with-act
[90mstderr[2m | src/components/ChatSidebar.stories.jsx[2m > [22m[2mConversation History
[22m[39mAn update to UnitProvider inside a test was not wrapped in act(...).

When testing, code that causes React state updates should be wrapped into act(...):

act(() => {
  /* fire events that update state */
});
/* assert on the output */

This ensures that you're testing the behavior the user would see in the browser. Learn more at https://react.dev/link/wrap-tests-with-act
[90mstderr[2m | src/components/ChatSidebar.stories.jsx[2m > [22m[2mConversation History
[22m[39mAn update to DeferredStory inside a test was not wrapped in act(...).

When testing, code that causes React state updates should be wrapped into act(...):

act(() => {
  /* fire events that update state */
});
/* assert on the output */

This ensures that you're testing the behavior the user would see in the browser. Learn more at https://react.dev/link/wrap-tests-with-act
[90mstderr[2m | src/components/ChatSidebar.stories.jsx[2m > [22m[2mConversation History
[22m[39mAn update to DictionaryProvider inside a test was not wrapped in act(...).

When testing, code that causes React state updates should be wrapped into act(...):

act(() => {
  /* fire events that update state */
});
/* assert on the output */

This ensures that you're testing the behavior the user would see in the browser. Learn more at https://react.dev/link/wrap-tests-with-act
[90mstdout[2m | src/components/ChatSidebar.stories.jsx[2m > [22m[2mConversation History
[22m[39m[FilesContext] File observeQuery subscription triggered:
[90mstdout[2m | src/components/ChatSidebar.stories.jsx[2m > [22m[2mConversation History
[22m[39m  - items.length: 0
[90mstdout[2m | src/components/ChatSidebar.stories.jsx[2m > [22m[2mConversation History
[22m[39m  - isSynced: true
[90mstdout[2m | src/components/ChatSidebar.stories.jsx[2m > [22m[2mConversation History
[22m[39m  - items: []
[90mstdout[2m | src/components/ChatSidebar.stories.jsx[2m > [22m[2mConversation History
[22m[39m[ChatContext] AssistantChat query update: 0 items (synced)
[90mstderr[2m | src/components/ChatSidebar.stories.jsx[2m > [22m[2mConversation History
[22m[39mAn update to ChatContextProvider inside a test was not wrapped in act(...).

When testing, code that causes React state updates should be wrapped into act(...):

act(() => {
  /* fire events that update state */
});
/* assert on the output */

This ensures that you're testing the behavior the user would see in the browser. Learn more at https://react.dev/link/wrap-tests-with-act
[90mstdout[2m | src/components/ChatSidebar.stories.jsx[2m > [22m[2mConversation History
[22m[39m[ChatContext] AssistantChat subscription initialized
[90mstderr[2m | src/components/ChatSidebar.stories.jsx[2m > [22m[2mConversation History
[22m[39mAn update to ChatContextProvider inside a test was not wrapped in act(...).

When testing, code that causes React state updates should be wrapped into act(...):

act(() => {
  /* fire events that update state */
});
/* assert on the output */

This ensures that you're testing the behavior the user would see in the browser. Learn more at https://react.dev/link/wrap-tests-with-act
[90mstdout[2m | src/components/ChatSidebar.stories.jsx[2m > [22m[2mConversation History
[22m[39m[ChatContext] AssistantChat list updated: 0 chats
[90mstderr[2m | src/components/ChatSidebar.stories.jsx[2m > [22m[2mConversation History
[22m[39mAn update to ChatContextProvider inside a test was not wrapped in act(...).

When testing, code that causes React state updates should be wrapped into act(...):

act(() => {
  /* fire events that update state */
});
/* assert on the output */

This ensures that you're testing the behavior the user would see in the browser. Learn more at https://react.dev/link/wrap-tests-with-act
[90mstdout[2m | src/components/ChatSidebar.stories.jsx[2m > [22m[2mConversation History
[22m[39m[Mock Data] Settings.create() called with: {
  "assistantVoice": "shimmer",
  "autoAnalyzeDocuments": true,
  "defaultAIModel": "gpt-4",
  "documentAnalysisModel": "gpt-4",
  "editorFontSize": 14,
  "editorTheme": "auto",
  "emailNotifications": true,
  "language": "en",
  "webhookNotifications": false,
}
[90mstdout[2m | src/components/ChatSidebar.stories.jsx[2m > [22m[2mConversation History
[22m[39m[Mock Data] Settings created: mock-settings-1776336980973 - notified 1 subscribers
[90mstderr[2m | src/components/ChatSidebar.stories.jsx[2m > [22m[2mConversation History
[22m[39mAn update to SettingsProvider inside a test was not wrapped in act(...).

When testing, code that causes React state updates should be wrapped into act(...):

act(() => {
  /* fire events that update state */
});
/* assert on the output */

This ensures that you're testing the behavior the user would see in the browser. Learn more at https://react.dev/link/wrap-tests-with-act
[90mstderr[2m | src/components/ChatSidebar.stories.jsx[2m > [22m[2mConversation History
[22m[39mAn update to SettingsProvider inside a test was not wrapped in act(...).

When testing, code that causes React state updates should be wrapped into act(...):

act(() => {
  /* fire events that update state */
});
/* assert on the output */

This ensures that you're testing the behavior the user would see in the browser. Learn more at https://react.dev/link/wrap-tests-with-act
[90mstdout[2m | src/components/ChatSidebar.stories.jsx[2m > [22m[2mConversation History
[22m[39m[ChatContext] No chats found, clearing current chat - new one will be created
[90mstdout[2m | src/components/ChatSidebar.stories.jsx[2m > [22m[2mConversation History
[22m[39m[Mock Data] seedMockAssistantChats: Replacing with 1 assistant chats
[90mstdout[2m | src/components/ChatSidebar.stories.jsx[2m > [22m[2mConversation History
[22m[39m[Mock Data] Notifying 1 AssistantChat subscriptions
[90mstderr[2m | src/components/ChatSidebar.stories.jsx[2m > [22m[2mConversation History
[22m[39m[useTabContext] Used outside of TabProvider, returning default values
[90mstdout[2m | src/components/ChatSidebar.stories.jsx[2m > [22m[2mConversation History
[22m[39m[ChatSidebar] Registered client-side tools: [
  "search_content",
  "create_section",
  "create_unit",
  "create_assignment",
  "add_timer_to_unit",
  "create_vocabulary_word",
  "create_question",
  "list_sections",
  "list_units",
  "get_unit_details",
  "update_unit",
  "delete_assignment",
]
[90mstdout[2m | src/components/ChatSidebar.stories.jsx[2m > [22m[2mConversation History
[22m[39m[useTranslationWithCapture] t() called: {
  "key": "chatSidebar.aiAssistant",
  "mode": "off",
  "namespace": "components",
  "value": "AI Assistant",
}
[90mstdout[2m | src/components/ChatSidebar.stories.jsx[2m > [22m[2mConversation History
[22m[39m[useTranslationWithCapture] t() called: {
  "key": "chatSidebar.newChat",
  "mode": "off",
  "namespace": "components",
  "value": "New chat",
}
[90mstdout[2m | src/components/ChatSidebar.stories.jsx[2m > [22m[2mConversation History
[22m[39m[useTranslationWithCapture] t() called: {
  "key": "chatSidebar.archiveChat",
  "mode": "off",
  "namespace": "components",
  "value": "Archive chat",
}
[90mstdout[2m | src/components/ChatSidebar.stories.jsx[2m > [22m[2mConversation History
[22m[39m[useTranslationWithCapture] t() called: {
  "key": "chatSidebar.welcomeMessage",
  "mode": "off",
  "namespace": "components",
  "value": "Ask me anything about your curriculum, files, or content!",
}
[90mstdout[2m | src/components/ChatSidebar.stories.jsx[2m > [22m[2mConversation History
[22m[39m[useTranslationWithCapture] t() called: {
  "key": "chatSidebar.settingUpChat",
  "mode": "off",
  "namespace": "components",
  "value": "Setting up chat...",
}
[90mstdout[2m | src/components/ChatSidebar.stories.jsx[2m > [22m[2mConversation History
[22m[39m[useTranslationWithCapture] t() called: {
  "key": "actions.send",
  "mode": "off",
  "namespace": "components",
  "value": "Send",
}
[90mstdout[2m | src/components/ChatSidebar.stories.jsx[2m > [22m[2mConversation History
[22m[39m[useTranslationWithCapture] t() called: {
  "key": "chatSidebar.reviewImportVocabulary",
  "mode": "off",
  "namespace": "components",
  "value": "Review & Import Vocabulary",
}
[90mstdout[2m | src/components/ChatSidebar.stories.jsx[2m > [22m[2mConversation History
[22m[39m[useTranslationWithCapture] t() called: {
  "key": "chatSidebar.confirm",
  "mode": "off",
  "namespace": "components",
  "value": "Confirm",
}
[90mstdout[2m | src/components/ChatSidebar.stories.jsx[2m > [22m[2mConversation History
[22m[39m[useTranslationWithCapture] t() called: {
  "key": "chatSidebar.cancel",
  "mode": "off",
  "namespace": "components",
  "value": "Cancel",
}
[90mstderr[2m | src/components/ChatSidebar.stories.jsx[2m > [22m[2mConversation History
[22m[39mAn update to ForwardRef(Portal2) inside a test was not wrapped in act(...).

When testing, code that causes React state updates should be wrapped into act(...):

act(() => {
  /* fire events that update state */
});
/* assert on the output */

This ensures that you're testing the behavior the user would see in the browser. Learn more at https://react.dev/link/wrap-tests-with-act
[90mstdout[2m | src/components/ChatSidebar.stories.jsx[2m > [22m[2mConversation History
[22m[39m[chatTools] Vector store search function registered: true
[90mstdout[2m | src/components/ChatSidebar.stories.jsx[2m > [22m[2mConversation History
[22m[39m[ChatSidebar] Registered vector store search, isReady: false
[90mstdout[2m | src/components/ChatSidebar.stories.jsx[2m > [22m[2mConversation History
[22m[39m[ChatSidebar] Setting up Document subscription for user: undefined
[90mstdout[2m | src/components/ChatSidebar.stories.jsx[2m > [22m[2mConversation History
[22m[39m[Mock Data] generateClient() called - returning mock client
[90mstdout[2m | src/components/ChatSidebar.stories.jsx[2m > [22m[2mConversation History
[22m[39m[Mock amplifyClient] getAmplifyClient() called - returning mock client
[90mstdout[2m | src/components/ChatSidebar.stories.jsx[2m > [22m[2mConversation History
[22m[39m[Mock Data] Document.observeQuery() called with filter: undefined
[90mstdout[2m | src/components/ChatSidebar.stories.jsx[2m > [22m[2mConversation History
[22m[39m[Mock Data] Document.observeQuery() returning 0 items (filter applied) undefined
[90mstdout[2m | src/components/ChatSidebar.stories.jsx[2m > [22m[2mConversation History
[22m[39m[Mock Data] Document subscription added. Total subscriptions: 2
[90mstdout[2m | src/components/ChatSidebar.stories.jsx[2m > [22m[2mConversation History
[22m[39m[ChatContext] No current chat available, will create one
[90mstdout[2m | src/components/ChatSidebar.stories.jsx[2m > [22m[2mConversation History
[22m[39m[ChatContext] Creating AssistantChat with user: undefined
[90mstderr[2m | src/components/ChatSidebar.stories.jsx[2m > [22m[2mConversation History
[22m[39mAn update to ChatContextProvider inside a test was not wrapped in act(...).

When testing, code that causes React state updates should be wrapped into act(...):

act(() => {
  /* fire events that update state */
});
/* assert on the output */

This ensures that you're testing the behavior the user would see in the browser. Learn more at https://react.dev/link/wrap-tests-with-act
[90mstdout[2m | src/components/ChatSidebar.stories.jsx[2m > [22m[2mConversation History
[22m[39m[Mock Data] AssistantChat.create() called with: {
  "archived": false,
  "model": "gpt-4",
}
[90mstdout[2m | src/components/ChatSidebar.stories.jsx[2m > [22m[2mConversation History
[22m[39m[Mock Data] AssistantChat created: mock-assistantchat-1776336981012 - notified 1 subscribers
[90mstderr[2m | src/components/ChatSidebar.stories.jsx[2m > [22m[2mConversation History
[22m[39m[useTabContext] Used outside of TabProvider, returning default values
[90mstdout[2m | src/components/ChatSidebar.stories.jsx[2m > [22m[2mConversation History
[22m[39m[useTranslationWithCapture] t() called: {
  "key": "chatSidebar.aiAssistant",
  "mode": "off",
  "namespace": "components",
  "value": "AI Assistant",
}
[90mstdout[2m | src/components/ChatSidebar.stories.jsx[2m > [22m[2mConversation History
[22m[39m[useTranslationWithCapture] t() called: {
  "key": "chatSidebar.newChat",
  "mode": "off",
  "namespace": "components",
  "value": "New chat",
}
[90mstdout[2m | src/components/ChatSidebar.stories.jsx[2m > [22m[2mConversation History
[22m[39m[useTranslationWithCapture] t() called: {
  "key": "chatSidebar.archiveChat",
  "mode": "off",
  "namespace": "components",
  "value": "Archive chat",
}
[90mstdout[2m | src/components/ChatSidebar.stories.jsx[2m > [22m[2mConversation History
[22m[39m[useTranslationWithCapture] t() called: {
  "key": "chatSidebar.welcomeMessage",
  "mode": "off",
  "namespace": "components",
  "value": "Ask me anything about your curriculum, files, or content!",
}
[90mstdout[2m | src/components/ChatSidebar.stories.jsx[2m > [22m[2mConversation History
[22m[39m[useTranslationWithCapture] t() called: {
  "key": "chatSidebar.settingUpChat",
  "mode": "off",
  "namespace": "components",
  "value": "Setting up chat...",
}
[90mstdout[2m | src/components/ChatSidebar.stories.jsx[2m > [22m[2mConversation History
[22m[39m[useTranslationWithCapture] t() called: {
  "key": "actions.send",
  "mode": "off",
  "namespace": "components",
  "value": "Send",
}
[90mstdout[2m | src/components/ChatSidebar.stories.jsx[2m > [22m[2mConversation History
[22m[39m[useTranslationWithCapture] t() called: {
  "key": "chatSidebar.reviewImportVocabulary",
  "mode": "off",
  "namespace": "components",
  "value": "Review & Import Vocabulary",
}
[90mstdout[2m | src/components/ChatSidebar.stories.jsx[2m > [22m[2mConversation History
[22m[39m[useTranslationWithCapture] t() called: {
  "key": "chatSidebar.confirm",
  "mode": "off",
  "namespace": "components",
  "value": "Confirm",
}
[90mstdout[2m | src/components/ChatSidebar.stories.jsx[2m > [22m[2mConversation History
[22m[39m[useTranslationWithCapture] t() called: {
  "key": "chatSidebar.cancel",
  "mode": "off",
  "namespace": "components",
  "value": "Cancel",
}
[90mstdout[2m | src/components/ChatSidebar.stories.jsx[2m > [22m[2mConversation History
[22m[39m[ChatContext] Create result: {
  "data": {
    "_version": 1,
    "archived": false,
    "chatFiles": [Function anonymous],
    "createdAt": "2026-04-16T10:56:21.012Z",
    "id": "mock-assistantchat-1776336981012",
    "model": "gpt-4",
    "updatedAt": "2026-04-16T10:56:21.012Z",
  },
  "errors": [],
  "hasData": true,
  "hasErrors": true,
}
[90mstdout[2m | src/components/ChatSidebar.stories.jsx[2m > [22m[2mConversation History
[22m[39m[ChatContext] Created AssistantChat: mock-assistantchat-1776336981012 at: 2026-04-16T10:56:21.012Z
[90mstderr[2m | src/components/ChatSidebar.stories.jsx[2m > [22m[2mConversation History
[22m[39mAn update to ChatContextProvider inside a test was not wrapped in act(...).

When testing, code that causes React state updates should be wrapped into act(...):

act(() => {
  /* fire events that update state */
});
/* assert on the output */

This ensures that you're testing the behavior the user would see in the browser. Learn more at https://react.dev/link/wrap-tests-with-act
[90mstderr[2m | src/components/ChatSidebar.stories.jsx[2m > [22m[2mConversation History
[22m[39mAn update to DeferredStory inside a test was not wrapped in act(...).

When testing, code that causes React state updates should be wrapped into act(...):

act(() => {
  /* fire events that update state */
});
/* assert on the output */

This ensures that you're testing the behavior the user would see in the browser. Learn more at https://react.dev/link/wrap-tests-with-act
[90mstdout[2m | src/components/ChatSidebar.stories.jsx[2m > [22m[2mConversation History
[22m[39m[ChatContext] AssistantChat query update: 1 items (synced)
[90mstdout[2m | src/components/ChatSidebar.stories.jsx[2m > [22m[2mConversation History
[22m[39m[ChatContext] First item details: {
  "id": "chat-with-history",
  "updatedAt": 1776336980978,
}
[90mstderr[2m | src/components/ChatSidebar.stories.jsx[2m > [22m[2mConversation History
[22m[39mAn update to ChatContextProvider inside a test was not wrapped in act(...).

When testing, code that causes React state updates should be wrapped into act(...):

act(() => {
  /* fire events that update state */
});
/* assert on the output */

This ensures that you're testing the behavior the user would see in the browser. Learn more at https://react.dev/link/wrap-tests-with-act
[90mstdout[2m | src/components/ChatSidebar.stories.jsx[2m > [22m[2mConversation History
[22m[39m[ChatContext] AssistantChat list updated: 1 chats
[90mstderr[2m | src/components/ChatSidebar.stories.jsx[2m > [22m[2mConversation History
[22m[39mAn update to ChatContextProvider inside a test was not wrapped in act(...).

When testing, code that causes React state updates should be wrapped into act(...):

act(() => {
  /* fire events that update state */
});
/* assert on the output */

This ensures that you're testing the behavior the user would see in the browser. Learn more at https://react.dev/link/wrap-tests-with-act
[90mstdout[2m | src/components/ChatSidebar.stories.jsx[2m > [22m[2mConversation History
[22m[39m[ChatContext] AssistantChat query update: 2 items (synced)
[90mstdout[2m | src/components/ChatSidebar.stories.jsx[2m > [22m[2mConversation History
[22m[39m[ChatContext] First item details: {
  "id": "chat-with-history",
  "updatedAt": 1776336980978,
}
[90mstderr[2m | src/components/ChatSidebar.stories.jsx[2m > [22m[2mConversation History
[22m[39mAn update to ChatContextProvider inside a test was not wrapped in act(...).

When testing, code that causes React state updates should be wrapped into act(...):

act(() => {
  /* fire events that update state */
});
/* assert on the output */

This ensures that you're testing the behavior the user would see in the browser. Learn more at https://react.dev/link/wrap-tests-with-act
[90mstdout[2m | src/components/ChatSidebar.stories.jsx[2m > [22m[2mConversation History
[22m[39m[ChatContext] AssistantChat list updated: 2 chats
[90mstderr[2m | src/components/ChatSidebar.stories.jsx[2m > [22m[2mConversation History
[22m[39mAn update to ChatContextProvider inside a test was not wrapped in act(...).

When testing, code that causes React state updates should be wrapped into act(...):

act(() => {
  /* fire events that update state */
});
/* assert on the output */

This ensures that you're testing the behavior the user would see in the browser. Learn more at https://react.dev/link/wrap-tests-with-act
[90mstdout[2m | src/components/ChatSidebar.stories.jsx[2m > [22m[2mConversation History
[22m[39m[ChatContext] Setting initial chat: chat-with-history
[90mstderr[2m | src/components/ChatSidebar.stories.jsx[2m > [22m[2mConversation History
[22m[39m[useTabContext] Used outside of TabProvider, returning default values
[90mstdout[2m | src/components/ChatSidebar.stories.jsx[2m > [22m[2mConversation History
[22m[39m[useTranslationWithCapture] t() called: {
  "key": "chatSidebar.aiAssistant",
  "mode": "off",
  "namespace": "components",
  "value": "AI Assistant",
}
[90mstdout[2m | src/components/ChatSidebar.stories.jsx[2m > [22m[2mConversation History
[22m[39m[useTranslationWithCapture] t() called: {
  "key": "chatSidebar.newChat",
  "mode": "off",
  "namespace": "components",
  "value": "New chat",
}
[90mstdout[2m | src/components/ChatSidebar.stories.jsx[2m > [22m[2mConversation History
[22m[39m[useTranslationWithCapture] t() called: {
  "key": "chatSidebar.archiveChat",
  "mode": "off",
  "namespace": "components",
  "value": "Archive chat",
}
[90mstdout[2m | src/components/ChatSidebar.stories.jsx[2m > [22m[2mConversation History
[22m[39m[useTranslationWithCapture] t() called: {
  "key": "chatSidebar.welcomeMessage",
  "mode": "off",
  "namespace": "components",
  "value": "Ask me anything about your curriculum, files, or content!",
}
[90mstdout[2m | src/components/ChatSidebar.stories.jsx[2m > [22m[2mConversation History
[22m[39m[useTranslationWithCapture] t() called: {
  "key": "chatSidebar.askMeAnything",
  "mode": "off",
  "namespace": "components",
  "value": "Ask me anything...",
}
[90mstdout[2m | src/components/ChatSidebar.stories.jsx[2m > [22m[2mConversation History
[22m[39m[useTranslationWithCapture] t() called: {
  "key": "actions.send",
  "mode": "off",
  "namespace": "components",
  "value": "Send",
}
[90mstdout[2m | src/components/ChatSidebar.stories.jsx[2m > [22m[2mConversation History
[22m[39m[useTranslationWithCapture] t() called: {
  "key": "chatSidebar.reviewImportVocabulary",
  "mode": "off",
  "namespace": "components",
  "value": "Review & Import Vocabulary",
}
[90mstdout[2m | src/components/ChatSidebar.stories.jsx[2m > [22m[2mConversation History
[22m[39m[useTranslationWithCapture] t() called: {
  "key": "chatSidebar.confirm",
  "mode": "off",
  "namespace": "components",
  "value": "Confirm",
}
[90mstdout[2m | src/components/ChatSidebar.stories.jsx[2m > [22m[2mConversation History
[22m[39m[useTranslationWithCapture] t() called: {
  "key": "chatSidebar.cancel",
  "mode": "off",
  "namespace": "components",
  "value": "Cancel",
}
[90mstderr[2m | src/components/ChatSidebar.stories.jsx[2m > [22m[2mConversation History
[22m[39mAn update to DictionaryProvider inside a test was not wrapped in act(...).

When testing, code that causes React state updates should be wrapped into act(...):

act(() => {
  /* fire events that update state */
});
/* assert on the output */

This ensures that you're testing the behavior the user would see in the browser. Learn more at https://react.dev/link/wrap-tests-with-act
[90mstderr[2m | src/components/ChatSidebar.stories.jsx[2m > [22m[2mConversation History
[22m[39mAn update to DictionaryProvider inside a test was not wrapped in act(...).

When testing, code that causes React state updates should be wrapped into act(...):

act(() => {
  /* fire events that update state */
});
/* assert on the output */

This ensures that you're testing the behavior the user would see in the browser. Learn more at https://react.dev/link/wrap-tests-with-act
[90mstderr[2m | src/components/ChatSidebar.stories.jsx[2m > [22m[2mConversation History
[22m[39mAn update to ChatSidebar inside a test was not wrapped in act(...).

When testing, code that causes React state updates should be wrapped into act(...):

act(() => {
  /* fire events that update state */
});
/* assert on the output */

This ensures that you're testing the behavior the user would see in the browser. Learn more at https://react.dev/link/wrap-tests-with-act
[90mstdout[2m | src/components/ChatSidebar.stories.jsx[2m > [22m[2mConversation History
[22m[39m[ChatSidebar] Loading messages for chat: chat-with-history count: 0
[90mstdout[2m | src/components/ChatSidebar.stories.jsx[2m > [22m[2mConversation History
[22m[39m[ChatSidebar] deepCloneMessages: returning empty array
[90mstderr[2m | src/components/ChatSidebar.stories.jsx[2m > [22m[2mConversation History
[22m[39mAn update to ChatSidebar inside a test was not wrapped in act(...).

When testing, code that causes React state updates should be wrapped into act(...):

act(() => {
  /* fire events that update state */
});
/* assert on the output */

This ensures that you're testing the behavior the user would see in the browser. Learn more at https://react.dev/link/wrap-tests-with-act
[90mstderr[2m | src/components/ChatSidebar.stories.jsx[2m > [22m[2mConversation History
[22m[39mAn update to ChatSidebar inside a test was not wrapped in act(...).

When testing, code that causes React state updates should be wrapped into act(...):

act(() => {
  /* fire events that update state */
});
/* assert on the output */

This ensures that you're testing the behavior the user would see in the browser. Learn more at https://react.dev/link/wrap-tests-with-act
[90mstderr[2m | src/components/ChatSidebar.stories.jsx[2m > [22m[2mConversation History
[22m[39mAn update to ChatSidebar inside a test was not wrapped in act(...).

When testing, code that causes React state updates should be wrapped into act(...):

act(() => {
  /* fire events that update state */
});
/* assert on the output */

This ensures that you're testing the behavior the user would see in the browser. Learn more at https://react.dev/link/wrap-tests-with-act
[90mstdout[2m | src/components/ChatSidebar.stories.jsx[2m > [22m[2mConversation History
[22m[39m[Mock Data] generateClient() called - returning mock client
[90mstdout[2m | src/components/ChatSidebar.stories.jsx[2m > [22m[2mConversation History
[22m[39m[Mock amplifyClient] getAmplifyClient() called - returning mock client
[90mstdout[2m | src/components/ChatSidebar.stories.jsx[2m > [22m[2mConversation History
[22m[39m[Mock Data] AssistantChatFile.list() called with options: {
  "filter": {
    "chatID": {
      "eq": "chat-with-history",
    },
  },
}
[90mstdout[2m | src/components/ChatSidebar.stories.jsx[2m > [22m[2mConversation History
[22m[39m[ChatContext] Chat exists and not archived, skipping creation
[90mstderr[2m | src/components/ChatSidebar.stories.jsx[2m > [22m[2mConversation History
[22m[39m[useTabContext] Used outside of TabProvider, returning default values
[90mstdout[2m | src/components/ChatSidebar.stories.jsx[2m > [22m[2mConversation History
[22m[39m[useTranslationWithCapture] t() called: {
  "key": "chatSidebar.aiAssistant",
  "mode": "off",
  "namespace": "components",
  "value": "AI Assistant",
}
[90mstdout[2m | src/components/ChatSidebar.stories.jsx[2m > [22m[2mConversation History
[22m[39m[useTranslationWithCapture] t() called: {
  "key": "chatSidebar.newChat",
  "mode": "off",
  "namespace": "components",
  "value": "New chat",
}
[90mstdout[2m | src/components/ChatSidebar.stories.jsx[2m > [22m[2mConversation History
[22m[39m[useTranslationWithCapture] t() called: {
  "key": "chatSidebar.archiveChat",
  "mode": "off",
  "namespace": "components",
  "value": "Archive chat",
}
[90mstdout[2m | src/components/ChatSidebar.stories.jsx[2m > [22m[2mConversation History
[22m[39m[useTranslationWithCapture] t() called: {
  "key": "chatSidebar.welcomeMessage",
  "mode": "off",
  "namespace": "components",
  "value": "Ask me anything about your curriculum, files, or content!",
}
[90mstdout[2m | src/components/ChatSidebar.stories.jsx[2m > [22m[2mConversation History
[22m[39m[useTranslationWithCapture] t() called: {
  "key": "chatSidebar.askMeAnything",
  "mode": "off",
  "namespace": "components",
  "value": "Ask me anything...",
}
[90mstdout[2m | src/components/ChatSidebar.stories.jsx[2m > [22m[2mConversation History
[22m[39m[useTranslationWithCapture] t() called: {
  "key": "actions.send",
  "mode": "off",
  "namespace": "components",
  "value": "Send",
}
[90mstdout[2m | src/components/ChatSidebar.stories.jsx[2m > [22m[2mConversation History
[22m[39m[useTranslationWithCapture] t() called: {
  "key": "chatSidebar.reviewImportVocabulary",
  "mode": "off",
  "namespace": "components",
  "value": "Review & Import Vocabulary",
}
[90mstdout[2m | src/components/ChatSidebar.stories.jsx[2m > [22m[2mConversation History
[22m[39m[useTranslationWithCapture] t() called: {
  "key": "chatSidebar.confirm",
  "mode": "off",
  "namespace": "components",
  "value": "Confirm",
}
[90mstdout[2m | src/components/ChatSidebar.stories.jsx[2m > [22m[2mConversation History
[22m[39m[useTranslationWithCapture] t() called: {
  "key": "chatSidebar.cancel",
  "mode": "off",
  "namespace": "components",
  "value": "Cancel",
}
[90mstderr[2m | src/components/ChatSidebar.stories.jsx[2m > [22m[2mConversation History
[22m[39mAn update to ChatSidebar inside a test was not wrapped in act(...).

When testing, code that causes React state updates should be wrapped into act(...):

act(() => {
  /* fire events that update state */
});
/* assert on the output */

This ensures that you're testing the behavior the user would see in the browser. Learn more at https://react.dev/link/wrap-tests-with-act
[90mstderr[2m | src/components/ChatSidebar.stories.jsx[2m > [22m[2mTool Call Search
[22m[39m[useTabContext] Used outside of TabProvider, returning default values
[90mstdout[2m | src/components/ChatSidebar.stories.jsx[2m > [22m[2mTool Call Search
[22m[39m[useTranslationWithCapture] t() called: {
  "key": "chatSidebar.aiAssistant",
  "mode": "off",
  "namespace": "components",
  "value": "AI Assistant",
}
[90mstdout[2m | src/components/ChatSidebar.stories.jsx[2m > [22m[2mTool Call Search
[22m[39m[useTranslationWithCapture] t() called: {
  "key": "chatSidebar.newChat",
  "mode": "off",
  "namespace": "components",
  "value": "New chat",
}
[90mstdout[2m | src/components/ChatSidebar.stories.jsx[2m > [22m[2mTool Call Search
[22m[39m[useTranslationWithCapture] t() called: {
  "key": "chatSidebar.archiveChat",
  "mode": "off",
  "namespace": "components",
  "value": "Archive chat",
}
[90mstdout[2m | src/components/ChatSidebar.stories.jsx[2m > [22m[2mTool Call Search
[22m[39m[useTranslationWithCapture] t() called: {
  "key": "chatSidebar.welcomeMessage",
  "mode": "off",
  "namespace": "components",
  "value": "Ask me anything about your curriculum, files, or content!",
}
[90mstdout[2m | src/components/ChatSidebar.stories.jsx[2m > [22m[2mTool Call Search
[22m[39m[useTranslationWithCapture] t() called: {
  "key": "chatSidebar.askMeAnything",
  "mode": "off",
  "namespace": "components",
  "value": "Ask me anything...",
}
[90mstdout[2m | src/components/ChatSidebar.stories.jsx[2m > [22m[2mTool Call Search
[22m[39m[useTranslationWithCapture] t() called: {
  "key": "actions.send",
  "mode": "off",
  "namespace": "components",
  "value": "Send",
}
[90mstdout[2m | src/components/ChatSidebar.stories.jsx[2m > [22m[2mTool Call Search
[22m[39m[useTranslationWithCapture] t() called: {
  "key": "chatSidebar.reviewImportVocabulary",
  "mode": "off",
  "namespace": "components",
  "value": "Review & Import Vocabulary",
}
[90mstdout[2m | src/components/ChatSidebar.stories.jsx[2m > [22m[2mTool Call Search
[22m[39m[useTranslationWithCapture] t() called: {
  "key": "chatSidebar.confirm",
  "mode": "off",
  "namespace": "components",
  "value": "Confirm",
}
[90mstdout[2m | src/components/ChatSidebar.stories.jsx[2m > [22m[2mTool Call Search
[22m[39m[useTranslationWithCapture] t() called: {
  "key": "chatSidebar.cancel",
  "mode": "off",
  "namespace": "components",
  "value": "Cancel",
}
[90mstdout[2m | src/components/ChatSidebar.stories.jsx[2m > [22m[2mTool Call Search
[22m[39m[Mock Data] generateClient() called - returning mock client
[90mstdout[2m | src/components/ChatSidebar.stories.jsx[2m > [22m[2mTool Call Search
[22m[39m[Mock amplifyClient] getAmplifyClient() called - returning mock client
[90mstdout[2m | src/components/ChatSidebar.stories.jsx[2m > [22m[2mTool Call Search
[22m[39m[Mock Data] AssistantChatFile.list() called with options: {
  "filter": {
    "chatID": {
      "eq": "chat-with-history",
    },
  },
}
[90mstdout[2m | src/components/ChatSidebar.stories.jsx[2m > [22m[2mTool Call Search
[22m[39m[Mock Data] Settings subscription unsubscribed. Remaining: 0
[90mstdout[2m | src/components/ChatSidebar.stories.jsx[2m > [22m[2mTool Call Search
[22m[39m[ChatContext] Cleaning up subscription
[90mstdout[2m | src/components/ChatSidebar.stories.jsx[2m > [22m[2mTool Call Search
[22m[39m[Mock Data] AssistantChat subscription unsubscribed. Remaining: 0
[90mstdout[2m | src/components/ChatSidebar.stories.jsx[2m > [22m[2mTool Call Search
[22m[39m[Mock Data] File subscription unsubscribed. Remaining: 0
[90mstdout[2m | src/components/ChatSidebar.stories.jsx[2m > [22m[2mTool Call Search
[22m[39m[Mock Data] Document subscription unsubscribed. Remaining: 1
[90mstdout[2m | src/components/ChatSidebar.stories.jsx[2m > [22m[2mTool Call Search
[22m[39m[Mock Data] Word subscription unsubscribed. Remaining: 0
[90mstdout[2m | src/components/ChatSidebar.stories.jsx[2m > [22m[2mTool Call Search
[22m[39m[Mock Data] Question subscription unsubscribed. Remaining: 0
[90mstdout[2m | src/components/ChatSidebar.stories.jsx[2m > [22m[2mTool Call Search
[22m[39m[Mock Data] Grade subscription unsubscribed. Remaining: 0
[90mstdout[2m | src/components/ChatSidebar.stories.jsx[2m > [22m[2mTool Call Search
[22m[39m[Mock Data] Unit subscription unsubscribed. Remaining: 0
[90mstdout[2m | src/components/ChatSidebar.stories.jsx[2m > [22m[2mTool Call Search
[22m[39m[SectionContext] Cleaning up subscriptions
[90mstdout[2m | src/components/ChatSidebar.stories.jsx[2m > [22m[2mTool Call Search
[22m[39m[Mock Data] Section.onCreate() subscription removed. Remaining: 0
[90mstdout[2m | src/components/ChatSidebar.stories.jsx[2m > [22m[2mTool Call Search
[22m[39m[Mock Data] Section.onUpdate() subscription removed. Remaining: 0
[90mstdout[2m | src/components/ChatSidebar.stories.jsx[2m > [22m[2mTool Call Search
[22m[39m[Mock Data] Section.onDelete() subscription removed. Remaining: 0
[90mstdout[2m | src/components/ChatSidebar.stories.jsx[2m > [22m[2mTool Call Search
[22m[39m[Mock Data] Assignment.onCreate() subscription removed. Remaining: 0
[90mstdout[2m | src/components/ChatSidebar.stories.jsx[2m > [22m[2mTool Call Search
[22m[39m[Mock Data] Assignment.onUpdate() subscription removed. Remaining: 0
[90mstdout[2m | src/components/ChatSidebar.stories.jsx[2m > [22m[2mTool Call Search
[22m[39m[Mock Data] Assignment.onDelete() subscription removed. Remaining: 0
[90mstdout[2m | src/components/ChatSidebar.stories.jsx[2m > [22m[2mTool Call Search
[22m[39m[chatTools] Vector store search function registered: false
[90mstdout[2m | src/components/ChatSidebar.stories.jsx[2m > [22m[2mTool Call Search
[22m[39m[Mock Data] Document subscription unsubscribed. Remaining: 0
[90mstdout[2m | src/components/ChatSidebar.stories.jsx[2m > [22m[2mTool Call Search
[22m[39m[Mock Data] Clearing all data stores
[90mstdout[2m | src/components/ChatSidebar.stories.jsx[2m > [22m[2mTool Call Search
[22m[39m[Mock Data] All data stores cleared
[90mstdout[2m | src/components/ChatSidebar.stories.jsx[2m > [22m[2mTool Call Search
[22m[39m[Preview] Cleared mock data for story
[90mstdout[2m | src/components/ChatSidebar.stories.jsx[2m > [22m[2mTool Call Search
[22m[39m[Preview] Skipped initializing default mock data (initializeMockData=false)
[90mstdout[2m | src/components/ChatSidebar.stories.jsx[2m > [22m[2mTool Call Search
[22m[39m[Mock AuthContext] Providing auth: {
  "error": undefined,
  "isLoading": false,
  "session": {
    "idToken": {
      "toString": [Function toString],
    },
    "identityId": "us-east-1:mock-identity-123",
    "username": "mock-user-sub",
  },
  "user": {
    "attributes": {
      "email": "alice@example.com",
      "name": "Alice Student",
      "sub": "mock-user-sub",
    },
  },
}
[90mstdout[2m | src/components/ChatSidebar.stories.jsx[2m > [22m[2mTool Call Search
[22m[39m[Mock Data] generateClient() called - returning mock client
[90mstdout[2m | src/components/ChatSidebar.stories.jsx[2m > [22m[2mTool Call Search
[22m[39m[Mock amplifyClient] getAmplifyClient() called - returning mock client
[90mstdout[2m | src/components/ChatSidebar.stories.jsx[2m > [22m[2mTool Call Search
[22m[39m[MOCK CourseVectorStore] Initialized with mock data
[90mstdout[2m | src/components/ChatSidebar.stories.jsx[2m > [22m[2mTool Call Search
[22m[39m[TranslationModeController] Setting mode to: off
[90mstdout[2m | src/components/ChatSidebar.stories.jsx[2m > [22m[2mTool Call Search
[22m[39m[SectionContext] useEffect triggered {
  "authLoading": false,
  "hasUser": true,
  "userSub": "mock-user-sub",
}
[90mstdout[2m | src/components/ChatSidebar.stories.jsx[2m > [22m[2mTool Call Search
[22m[39m[SectionContext] Fetching sections for userId: mock-user-sub
[90mstdout[2m | src/components/ChatSidebar.stories.jsx[2m > [22m[2mTool Call Search
[22m[39m[Mock Data] generateClient() called - returning mock client
[90mstdout[2m | src/components/ChatSidebar.stories.jsx[2m > [22m[2mTool Call Search
[22m[39m[Mock amplifyClient] getAmplifyClient() called - returning mock client
[90mstdout[2m | src/components/ChatSidebar.stories.jsx[2m > [22m[2mTool Call Search
[22m[39m[Mock Data] Section.list() called with options: undefined
[90mstdout[2m | src/components/ChatSidebar.stories.jsx[2m > [22m[2mTool Call Search
[22m[39m[Mock Data] generateClient() called - returning mock client
[90mstdout[2m | src/components/ChatSidebar.stories.jsx[2m > [22m[2mTool Call Search
[22m[39m[Mock amplifyClient] getAmplifyClient() called - returning mock client
[90mstdout[2m | src/components/ChatSidebar.stories.jsx[2m > [22m[2mTool Call Search
[22m[39m[Mock Data] Assignment.list() called with options: {
  "filter": {
    "unitID": {
      "eq": "mock-unit-id",
    },
  },
}
[90mstdout[2m | src/components/ChatSidebar.stories.jsx[2m > [22m[2mTool Call Search
[22m[39m[Mock Data] generateClient() called - returning mock client
[90mstdout[2m | src/components/ChatSidebar.stories.jsx[2m > [22m[2mTool Call Search
[22m[39m[Mock amplifyClient] getAmplifyClient() called - returning mock client
[90mstdout[2m | src/components/ChatSidebar.stories.jsx[2m > [22m[2mTool Call Search
[22m[39m[Mock Data] Grade.observeQuery() called with filter: {
  "filter": {
    "unitID": {
      "eq": "mock-unit-id",
    },
  },
}
[90mstdout[2m | src/components/ChatSidebar.stories.jsx[2m > [22m[2mTool Call Search
[22m[39m[Mock Data] Grade.observeQuery() applying filter: {
  "unitID": {
    "eq": "mock-unit-id",
  },
}
[90mstdout[2m | src/components/ChatSidebar.stories.jsx[2m > [22m[2mTool Call Search
[22m[39m[Mock Data] Grade.observeQuery() items before filter: 0
[90mstdout[2m | src/components/ChatSidebar.stories.jsx[2m > [22m[2mTool Call Search
[22m[39m[Mock Data] Grade.observeQuery() items after filter: 0
[90mstdout[2m | src/components/ChatSidebar.stories.jsx[2m > [22m[2mTool Call Search
[22m[39m[Mock Data] Grade.observeQuery() returning 0 items (filter applied) {
  "filter": {
    "unitID": {
      "eq": "mock-unit-id",
    },
  },
}
[90mstdout[2m | src/components/ChatSidebar.stories.jsx[2m > [22m[2mTool Call Search
[22m[39m[Mock Data] Grade subscription added. Total subscriptions: 1
[90mstdout[2m | src/components/ChatSidebar.stories.jsx[2m > [22m[2mTool Call Search
[22m[39m[UnitContext] useEffect triggered {
  "authLoading": false,
  "hasUser": true,
  "id": "mock-unit-id",
  "userSub": "mock-user-sub",
}
[90mstdout[2m | src/components/ChatSidebar.stories.jsx[2m > [22m[2mTool Call Search
[22m[39m[UnitContext] Fetching unit data for id: mock-unit-id
[90mstdout[2m | src/components/ChatSidebar.stories.jsx[2m > [22m[2mTool Call Search
[22m[39m[Mock Data] generateClient() called - returning mock client
[90mstdout[2m | src/components/ChatSidebar.stories.jsx[2m > [22m[2mTool Call Search
[22m[39m[Mock amplifyClient] getAmplifyClient() called - returning mock client
[90mstdout[2m | src/components/ChatSidebar.stories.jsx[2m > [22m[2mTool Call Search
[22m[39m[Mock Data] Unit.observeQuery() called with filter: {
  "filter": {
    "id": {
      "eq": "mock-unit-id",
    },
  },
}
[90mstdout[2m | src/components/ChatSidebar.stories.jsx[2m > [22m[2mTool Call Search
[22m[39m[Mock Data] Unit.observeQuery() applying filter: {
  "id": {
    "eq": "mock-unit-id",
  },
}
[90mstdout[2m | src/components/ChatSidebar.stories.jsx[2m > [22m[2mTool Call Search
[22m[39m[Mock Data] Unit.observeQuery() items before filter: 0
[90mstdout[2m | src/components/ChatSidebar.stories.jsx[2m > [22m[2mTool Call Search
[22m[39m[Mock Data] Unit.observeQuery() items after filter: 0
[90mstdout[2m | src/components/ChatSidebar.stories.jsx[2m > [22m[2mTool Call Search
[22m[39m[Mock Data] Unit.observeQuery() returning 0 items (filter applied) {
  "filter": {
    "id": {
      "eq": "mock-unit-id",
    },
  },
}
[90mstdout[2m | src/components/ChatSidebar.stories.jsx[2m > [22m[2mTool Call Search
[22m[39m[Mock Data] Unit subscription added. Total subscriptions: 1
[90mstdout[2m | src/components/ChatSidebar.stories.jsx[2m > [22m[2mTool Call Search
[22m[39m[Mock Data] generateClient() called - returning mock client
[90mstdout[2m | src/components/ChatSidebar.stories.jsx[2m > [22m[2mTool Call Search
[22m[39m[Mock amplifyClient] getAmplifyClient() called - returning mock client
[90mstdout[2m | src/components/ChatSidebar.stories.jsx[2m > [22m[2mTool Call Search
[22m[39m[Mock Data] Word.observeQuery() called with filter: undefined
[90mstdout[2m | src/components/ChatSidebar.stories.jsx[2m > [22m[2mTool Call Search
[22m[39m[Mock Data] Word.observeQuery() returning 0 items (filter applied) undefined
[90mstdout[2m | src/components/ChatSidebar.stories.jsx[2m > [22m[2mTool Call Search
[22m[39m[Mock Data] Word subscription added. Total subscriptions: 1
[90mstdout[2m | src/components/ChatSidebar.stories.jsx[2m > [22m[2mTool Call Search
[22m[39m[Mock Data] generateClient() called - returning mock client
[90mstdout[2m | src/components/ChatSidebar.stories.jsx[2m > [22m[2mTool Call Search
[22m[39m[Mock amplifyClient] getAmplifyClient() called - returning mock client
[90mstdout[2m | src/components/ChatSidebar.stories.jsx[2m > [22m[2mTool Call Search
[22m[39m[Mock Data] Question.observeQuery() called with filter: undefined
[90mstdout[2m | src/components/ChatSidebar.stories.jsx[2m > [22m[2mTool Call Search
[22m[39m[Mock Data] Question.observeQuery() returning 0 items (filter applied) undefined
[90mstdout[2m | src/components/ChatSidebar.stories.jsx[2m > [22m[2mTool Call Search
[22m[39m[Mock Data] Question subscription added. Total subscriptions: 1
[90mstdout[2m | src/components/ChatSidebar.stories.jsx[2m > [22m[2mTool Call Search
[22m[39m[FilesContext] Initializing vector store from IndexedDB
[90mstdout[2m | src/components/ChatSidebar.stories.jsx[2m > [22m[2mTool Call Search
[22m[39m[FilesContext] fetchFiles called
[90mstdout[2m | src/components/ChatSidebar.stories.jsx[2m > [22m[2mTool Call Search
[22m[39m[FilesContext] User authenticated: mock-user-sub
[90mstdout[2m | src/components/ChatSidebar.stories.jsx[2m > [22m[2mTool Call Search
[22m[39m[FilesContext] Identity ID: us-east-1:mock-identity-123
[90mstdout[2m | src/components/ChatSidebar.stories.jsx[2m > [22m[2mTool Call Search
[22m[39m[FilesContext] About to subscribe to File model
[90mstdout[2m | src/components/ChatSidebar.stories.jsx[2m > [22m[2mTool Call Search
[22m[39m[Mock Data] generateClient() called - returning mock client
[90mstdout[2m | src/components/ChatSidebar.stories.jsx[2m > [22m[2mTool Call Search
[22m[39m[Mock amplifyClient] getAmplifyClient() called - returning mock client
[90mstdout[2m | src/components/ChatSidebar.stories.jsx[2m > [22m[2mTool Call Search
[22m[39m[Mock Data] File.observeQuery() called with filter: undefined
[90mstdout[2m | src/components/ChatSidebar.stories.jsx[2m > [22m[2mTool Call Search
[22m[39m[Mock Data] File.observeQuery() returning 0 items (filter applied) undefined
[90mstdout[2m | src/components/ChatSidebar.stories.jsx[2m > [22m[2mTool Call Search
[22m[39m[Mock Data] File subscription added. Total subscriptions: 1
[90mstdout[2m | src/components/ChatSidebar.stories.jsx[2m > [22m[2mTool Call Search
[22m[39m[Mock Data] generateClient() called - returning mock client
[90mstdout[2m | src/components/ChatSidebar.stories.jsx[2m > [22m[2mTool Call Search
[22m[39m[Mock amplifyClient] getAmplifyClient() called - returning mock client
[90mstdout[2m | src/components/ChatSidebar.stories.jsx[2m > [22m[2mTool Call Search
[22m[39m[Mock Data] Document.observeQuery() called with filter: undefined
[90mstdout[2m | src/components/ChatSidebar.stories.jsx[2m > [22m[2mTool Call Search
[22m[39m[Mock Data] Document.observeQuery() returning 0 items (filter applied) undefined
[90mstdout[2m | src/components/ChatSidebar.stories.jsx[2m > [22m[2mTool Call Search
[22m[39m[Mock Data] Document subscription added. Total subscriptions: 1
[90mstdout[2m | src/components/ChatSidebar.stories.jsx[2m > [22m[2mTool Call Search
[22m[39m[ChatContext] Setting up observeQuery for AssistantChat
[90mstdout[2m | src/components/ChatSidebar.stories.jsx[2m > [22m[2mTool Call Search
[22m[39m[Mock Data] AssistantChat.observeQuery() called with filter: {
  "sortDirection": "DESC",
  "sortField": "createdAt",
}
[90mstdout[2m | src/components/ChatSidebar.stories.jsx[2m > [22m[2mTool Call Search
[22m[39m[Mock Data] AssistantChat.observeQuery() returning 0 items (filter applied) {
  "sortDirection": "DESC",
  "sortField": "createdAt",
}
[90mstdout[2m | src/components/ChatSidebar.stories.jsx[2m > [22m[2mTool Call Search
[22m[39m[Mock Data] AssistantChat subscription added. Total subscriptions: 1
[90mstdout[2m | src/components/ChatSidebar.stories.jsx[2m > [22m[2mTool Call Search
[22m[39m[ChatContext] Waiting for subscription to initialize
[90mstdout[2m | src/components/ChatSidebar.stories.jsx[2m > [22m[2mTool Call Search
[22m[39m[SettingsContext] Setting up Settings subscription for user: mock-user-sub
[90mstdout[2m | src/components/ChatSidebar.stories.jsx[2m > [22m[2mTool Call Search
[22m[39m[Mock Data] generateClient() called - returning mock client
[90mstdout[2m | src/components/ChatSidebar.stories.jsx[2m > [22m[2mTool Call Search
[22m[39m[Mock amplifyClient] getAmplifyClient() called - returning mock client
[90mstdout[2m | src/components/ChatSidebar.stories.jsx[2m > [22m[2mTool Call Search
[22m[39m[Mock Data] Settings.observeQuery() called with filter: undefined
[90mstdout[2m | src/components/ChatSidebar.stories.jsx[2m > [22m[2mTool Call Search
[22m[39m[Mock Data] Settings.observeQuery() returning 0 items (filter applied) undefined
[90mstdout[2m | src/components/ChatSidebar.stories.jsx[2m > [22m[2mTool Call Search
[22m[39m[Mock Data] Settings subscription added. Total subscriptions: 1
[90mstdout[2m | src/components/ChatSidebar.stories.jsx[2m > [22m[2mTool Call Search
[22m[39m[SectionContext] Initial sections: 0 []
[90mstdout[2m | src/components/ChatSidebar.stories.jsx[2m > [22m[2mTool Call Search
[22m[39m[Mock Data] Section.onCreate() called with filter: undefined
[90mstdout[2m | src/components/ChatSidebar.stories.jsx[2m > [22m[2mTool Call Search
[22m[39m[Mock Data] Section.onCreate() subscription added. Total: 1
[90mstdout[2m | src/components/ChatSidebar.stories.jsx[2m > [22m[2mTool Call Search
[22m[39m[Mock Data] Section.onUpdate() called with filter: undefined
[90mstdout[2m | src/components/ChatSidebar.stories.jsx[2m > [22m[2mTool Call Search
[22m[39m[Mock Data] Section.onUpdate() subscription added. Total: 1
[90mstdout[2m | src/components/ChatSidebar.stories.jsx[2m > [22m[2mTool Call Search
[22m[39m[Mock Data] Section.onDelete() called with filter: undefined
[90mstdout[2m | src/components/ChatSidebar.stories.jsx[2m > [22m[2mTool Call Search
[22m[39m[Mock Data] Section.onDelete() subscription added. Total: 1
[90mstdout[2m | src/components/ChatSidebar.stories.jsx[2m > [22m[2mTool Call Search
[22m[39m[Mock Data] Assignment.onCreate() called with filter: {
  "filter": {
    "unitID": {
      "eq": "mock-unit-id",
    },
  },
}
[90mstdout[2m | src/components/ChatSidebar.stories.jsx[2m > [22m[2mTool Call Search
[22m[39m[Mock Data] Assignment.onCreate() subscription added. Total: 1
[90mstdout[2m | src/components/ChatSidebar.stories.jsx[2m > [22m[2mTool Call Search
[22m[39m[Mock Data] Assignment.onUpdate() called with filter: {
  "filter": {
    "unitID": {
      "eq": "mock-unit-id",
    },
  },
}
[90mstdout[2m | src/components/ChatSidebar.stories.jsx[2m > [22m[2mTool Call Search
[22m[39m[Mock Data] Assignment.onUpdate() subscription added. Total: 1
[90mstdout[2m | src/components/ChatSidebar.stories.jsx[2m > [22m[2mTool Call Search
[22m[39m[Mock Data] Assignment.onDelete() called with filter: {
  "filter": {
    "unitID": {
      "eq": "mock-unit-id",
    },
  },
}
[90mstdout[2m | src/components/ChatSidebar.stories.jsx[2m > [22m[2mTool Call Search
[22m[39m[Mock Data] Assignment.onDelete() subscription added. Total: 1
[90mstderr[2m | src/components/ChatSidebar.stories.jsx[2m > [22m[2mTool Call Search
[22m[39mAn update to UnitProvider inside a test was not wrapped in act(...).

When testing, code that causes React state updates should be wrapped into act(...):

act(() => {
  /* fire events that update state */
});
/* assert on the output */

This ensures that you're testing the behavior the user would see in the browser. Learn more at https://react.dev/link/wrap-tests-with-act
[90mstderr[2m | src/components/ChatSidebar.stories.jsx[2m > [22m[2mTool Call Search
[22m[39mAn update to UnitProvider inside a test was not wrapped in act(...).

When testing, code that causes React state updates should be wrapped into act(...):

act(() => {
  /* fire events that update state */
});
/* assert on the output */

This ensures that you're testing the behavior the user would see in the browser. Learn more at https://react.dev/link/wrap-tests-with-act
[90mstderr[2m | src/components/ChatSidebar.stories.jsx[2m > [22m[2mTool Call Search
[22m[39mAn update to UnitProvider inside a test was not wrapped in act(...).

When testing, code that causes React state updates should be wrapped into act(...):

act(() => {
  /* fire events that update state */
});
/* assert on the output */

This ensures that you're testing the behavior the user would see in the browser. Learn more at https://react.dev/link/wrap-tests-with-act
[90mstderr[2m | src/components/ChatSidebar.stories.jsx[2m > [22m[2mTool Call Search
[22m[39mAn update to UnitProvider inside a test was not wrapped in act(...).

When testing, code that causes React state updates should be wrapped into act(...):

act(() => {
  /* fire events that update state */
});
/* assert on the output */

This ensures that you're testing the behavior the user would see in the browser. Learn more at https://react.dev/link/wrap-tests-with-act
[90mstderr[2m | src/components/ChatSidebar.stories.jsx[2m > [22m[2mTool Call Search
[22m[39mAn update to UnitProvider inside a test was not wrapped in act(...).

When testing, code that causes React state updates should be wrapped into act(...):

act(() => {
  /* fire events that update state */
});
/* assert on the output */

This ensures that you're testing the behavior the user would see in the browser. Learn more at https://react.dev/link/wrap-tests-with-act
[90mstderr[2m | src/components/ChatSidebar.stories.jsx[2m > [22m[2mTool Call Search
[22m[39mAn update to UnitProvider inside a test was not wrapped in act(...).

When testing, code that causes React state updates should be wrapped into act(...):

act(() => {
  /* fire events that update state */
});
/* assert on the output */

This ensures that you're testing the behavior the user would see in the browser. Learn more at https://react.dev/link/wrap-tests-with-act
[90mstderr[2m | src/components/ChatSidebar.stories.jsx[2m > [22m[2mTool Call Search
[22m[39mAn update to DictionaryProvider inside a test was not wrapped in act(...).

When testing, code that causes React state updates should be wrapped into act(...):

act(() => {
  /* fire events that update state */
});
/* assert on the output */

This ensures that you're testing the behavior the user would see in the browser. Learn more at https://react.dev/link/wrap-tests-with-act
[90mstderr[2m | src/components/ChatSidebar.stories.jsx[2m > [22m[2mTool Call Search
[22m[39mAn update to DeferredStory inside a test was not wrapped in act(...).

When testing, code that causes React state updates should be wrapped into act(...):

act(() => {
  /* fire events that update state */
});
/* assert on the output */

This ensures that you're testing the behavior the user would see in the browser. Learn more at https://react.dev/link/wrap-tests-with-act
[90mstdout[2m | src/components/ChatSidebar.stories.jsx[2m > [22m[2mTool Call Search
[22m[39m[FilesContext] File observeQuery subscription triggered:
[90mstdout[2m | src/components/ChatSidebar.stories.jsx[2m > [22m[2mTool Call Search
[22m[39m  - items.length: 0
[90mstdout[2m | src/components/ChatSidebar.stories.jsx[2m > [22m[2mTool Call Search
[22m[39m  - isSynced: true
[90mstdout[2m | src/components/ChatSidebar.stories.jsx[2m > [22m[2mTool Call Search
[22m[39m  - items: []
[90mstdout[2m | src/components/ChatSidebar.stories.jsx[2m > [22m[2mTool Call Search
[22m[39m[Mock Data] seedMockAssistantChats: Replacing with 1 assistant chats
[90mstdout[2m | src/components/ChatSidebar.stories.jsx[2m > [22m[2mTool Call Search
[22m[39m[Mock Data] Notifying 1 AssistantChat subscriptions
[90mstderr[2m | src/components/ChatSidebar.stories.jsx[2m > [22m[2mTool Call Search
[22m[39m[useTabContext] Used outside of TabProvider, returning default values
[90mstdout[2m | src/components/ChatSidebar.stories.jsx[2m > [22m[2mTool Call Search
[22m[39m[ChatSidebar] Registered client-side tools: [
  "search_content",
  "create_section",
  "create_unit",
  "create_assignment",
  "add_timer_to_unit",
  "create_vocabulary_word",
  "create_question",
  "list_sections",
  "list_units",
  "get_unit_details",
  "update_unit",
  "delete_assignment",
]
[90mstdout[2m | src/components/ChatSidebar.stories.jsx[2m > [22m[2mTool Call Search
[22m[39m[useTranslationWithCapture] t() called: {
  "key": "chatSidebar.aiAssistant",
  "mode": "off",
  "namespace": "components",
  "value": "AI Assistant",
}
[90mstdout[2m | src/components/ChatSidebar.stories.jsx[2m > [22m[2mTool Call Search
[22m[39m[useTranslationWithCapture] t() called: {
  "key": "chatSidebar.newChat",
  "mode": "off",
  "namespace": "components",
  "value": "New chat",
}
[90mstdout[2m | src/components/ChatSidebar.stories.jsx[2m > [22m[2mTool Call Search
[22m[39m[useTranslationWithCapture] t() called: {
  "key": "chatSidebar.archiveChat",
  "mode": "off",
  "namespace": "components",
  "value": "Archive chat",
}
[90mstdout[2m | src/components/ChatSidebar.stories.jsx[2m > [22m[2mTool Call Search
[22m[39m[useTranslationWithCapture] t() called: {
  "key": "chatSidebar.welcomeMessage",
  "mode": "off",
  "namespace": "components",
  "value": "Ask me anything about your curriculum, files, or content!",
}
[90mstdout[2m | src/components/ChatSidebar.stories.jsx[2m > [22m[2mTool Call Search
[22m[39m[useTranslationWithCapture] t() called: {
  "key": "chatSidebar.settingUpChat",
  "mode": "off",
  "namespace": "components",
  "value": "Setting up chat...",
}
[90mstdout[2m | src/components/ChatSidebar.stories.jsx[2m > [22m[2mTool Call Search
[22m[39m[useTranslationWithCapture] t() called: {
  "key": "actions.send",
  "mode": "off",
  "namespace": "components",
  "value": "Send",
}
[90mstdout[2m | src/components/ChatSidebar.stories.jsx[2m > [22m[2mTool Call Search
[22m[39m[useTranslationWithCapture] t() called: {
  "key": "chatSidebar.reviewImportVocabulary",
  "mode": "off",
  "namespace": "components",
  "value": "Review & Import Vocabulary",
}
[90mstdout[2m | src/components/ChatSidebar.stories.jsx[2m > [22m[2mTool Call Search
[22m[39m[useTranslationWithCapture] t() called: {
  "key": "chatSidebar.confirm",
  "mode": "off",
  "namespace": "components",
  "value": "Confirm",
}
[90mstdout[2m | src/components/ChatSidebar.stories.jsx[2m > [22m[2mTool Call Search
[22m[39m[useTranslationWithCapture] t() called: {
  "key": "chatSidebar.cancel",
  "mode": "off",
  "namespace": "components",
  "value": "Cancel",
}
[90mstderr[2m | src/components/ChatSidebar.stories.jsx[2m > [22m[2mTool Call Search
[22m[39mAn update to ForwardRef(Portal2) inside a test was not wrapped in act(...).

When testing, code that causes React state updates should be wrapped into act(...):

act(() => {
  /* fire events that update state */
});
/* assert on the output */

This ensures that you're testing the behavior the user would see in the browser. Learn more at https://react.dev/link/wrap-tests-with-act
[90mstdout[2m | src/components/ChatSidebar.stories.jsx[2m > [22m[2mTool Call Search
[22m[39m[chatTools] Vector store search function registered: true
[90mstdout[2m | src/components/ChatSidebar.stories.jsx[2m > [22m[2mTool Call Search
[22m[39m[ChatSidebar] Registered vector store search, isReady: false
[90mstdout[2m | src/components/ChatSidebar.stories.jsx[2m > [22m[2mTool Call Search
[22m[39m[ChatSidebar] Setting up Document subscription for user: undefined
[90mstdout[2m | src/components/ChatSidebar.stories.jsx[2m > [22m[2mTool Call Search
[22m[39m[Mock Data] generateClient() called - returning mock client
[90mstdout[2m | src/components/ChatSidebar.stories.jsx[2m > [22m[2mTool Call Search
[22m[39m[Mock amplifyClient] getAmplifyClient() called - returning mock client
[90mstdout[2m | src/components/ChatSidebar.stories.jsx[2m > [22m[2mTool Call Search
[22m[39m[Mock Data] Document.observeQuery() called with filter: undefined
[90mstdout[2m | src/components/ChatSidebar.stories.jsx[2m > [22m[2mTool Call Search
[22m[39m[Mock Data] Document.observeQuery() returning 0 items (filter applied) undefined
[90mstdout[2m | src/components/ChatSidebar.stories.jsx[2m > [22m[2mTool Call Search
[22m[39m[Mock Data] Document subscription added. Total subscriptions: 2
[90mstdout[2m | src/components/ChatSidebar.stories.jsx[2m > [22m[2mTool Call Search
[22m[39m[ChatContext] AssistantChat query update: 0 items (synced)
[90mstderr[2m | src/components/ChatSidebar.stories.jsx[2m > [22m[2mTool Call Search
[22m[39mAn update to ChatContextProvider inside a test was not wrapped in act(...).

When testing, code that causes React state updates should be wrapped into act(...):

act(() => {
  /* fire events that update state */
});
/* assert on the output */

This ensures that you're testing the behavior the user would see in the browser. Learn more at https://react.dev/link/wrap-tests-with-act
[90mstdout[2m | src/components/ChatSidebar.stories.jsx[2m > [22m[2mTool Call Search
[22m[39m[ChatContext] AssistantChat subscription initialized
[90mstderr[2m | src/components/ChatSidebar.stories.jsx[2m > [22m[2mTool Call Search
[22m[39mAn update to ChatContextProvider inside a test was not wrapped in act(...).

When testing, code that causes React state updates should be wrapped into act(...):

act(() => {
  /* fire events that update state */
});
/* assert on the output */

This ensures that you're testing the behavior the user would see in the browser. Learn more at https://react.dev/link/wrap-tests-with-act
[90mstdout[2m | src/components/ChatSidebar.stories.jsx[2m > [22m[2mTool Call Search
[22m[39m[ChatContext] AssistantChat list updated: 0 chats
[90mstderr[2m | src/components/ChatSidebar.stories.jsx[2m > [22m[2mTool Call Search
[22m[39mAn update to ChatContextProvider inside a test was not wrapped in act(...).

When testing, code that causes React state updates should be wrapped into act(...):

act(() => {
  /* fire events that update state */
});
/* assert on the output */

This ensures that you're testing the behavior the user would see in the browser. Learn more at https://react.dev/link/wrap-tests-with-act
[90mstdout[2m | src/components/ChatSidebar.stories.jsx[2m > [22m[2mTool Call Search
[22m[39m[Mock Data] Settings.create() called with: {
  "assistantVoice": "shimmer",
  "autoAnalyzeDocuments": true,
  "defaultAIModel": "gpt-4",
  "documentAnalysisModel": "gpt-4",
  "editorFontSize": 14,
  "editorTheme": "auto",
  "emailNotifications": true,
  "language": "en",
  "webhookNotifications": false,
}
[90mstdout[2m | src/components/ChatSidebar.stories.jsx[2m > [22m[2mTool Call Search
[22m[39m[Mock Data] Settings created: mock-settings-1776336981263 - notified 1 subscribers
[90mstderr[2m | src/components/ChatSidebar.stories.jsx[2m > [22m[2mTool Call Search
[22m[39mAn update to SettingsProvider inside a test was not wrapped in act(...).

When testing, code that causes React state updates should be wrapped into act(...):

act(() => {
  /* fire events that update state */
});
/* assert on the output */

This ensures that you're testing the behavior the user would see in the browser. Learn more at https://react.dev/link/wrap-tests-with-act
[90mstderr[2m | src/components/ChatSidebar.stories.jsx[2m > [22m[2mTool Call Search
[22m[39mAn update to SettingsProvider inside a test was not wrapped in act(...).

When testing, code that causes React state updates should be wrapped into act(...):

act(() => {
  /* fire events that update state */
});
/* assert on the output */

This ensures that you're testing the behavior the user would see in the browser. Learn more at https://react.dev/link/wrap-tests-with-act
[90mstderr[2m | src/components/ChatSidebar.stories.jsx[2m > [22m[2mTool Call Search
[22m[39mAn update to DeferredStory inside a test was not wrapped in act(...).

When testing, code that causes React state updates should be wrapped into act(...):

act(() => {
  /* fire events that update state */
});
/* assert on the output */

This ensures that you're testing the behavior the user would see in the browser. Learn more at https://react.dev/link/wrap-tests-with-act
[90mstdout[2m | src/components/ChatSidebar.stories.jsx[2m > [22m[2mTool Call Search
[22m[39m[ChatContext] AssistantChat query update: 1 items (synced)
[90mstdout[2m | src/components/ChatSidebar.stories.jsx[2m > [22m[2mTool Call Search
[22m[39m[ChatContext] First item details: {
  "id": "search-tool-chat",
  "updatedAt": "2026-04-16T10:56:21.238Z",
}
[90mstderr[2m | src/components/ChatSidebar.stories.jsx[2m > [22m[2mTool Call Search
[22m[39mAn update to ChatContextProvider inside a test was not wrapped in act(...).

When testing, code that causes React state updates should be wrapped into act(...):

act(() => {
  /* fire events that update state */
});
/* assert on the output */

This ensures that you're testing the behavior the user would see in the browser. Learn more at https://react.dev/link/wrap-tests-with-act
[90mstdout[2m | src/components/ChatSidebar.stories.jsx[2m > [22m[2mTool Call Search
[22m[39m[ChatContext] AssistantChat list updated: 1 chats
[90mstderr[2m | src/components/ChatSidebar.stories.jsx[2m > [22m[2mTool Call Search
[22m[39mAn update to ChatContextProvider inside a test was not wrapped in act(...).

When testing, code that causes React state updates should be wrapped into act(...):

act(() => {
  /* fire events that update state */
});
/* assert on the output */

This ensures that you're testing the behavior the user would see in the browser. Learn more at https://react.dev/link/wrap-tests-with-act
[90mstdout[2m | src/components/ChatSidebar.stories.jsx[2m > [22m[2mTool Call Search
[22m[39m[ChatContext] No chats found, clearing current chat - new one will be created
[90mstdout[2m | src/components/ChatSidebar.stories.jsx[2m > [22m[2mTool Call Search
[22m[39m[ChatContext] Setting initial chat: search-tool-chat
[90mstderr[2m | src/components/ChatSidebar.stories.jsx[2m > [22m[2mTool Call Search
[22m[39m[useTabContext] Used outside of TabProvider, returning default values
[90mstdout[2m | src/components/ChatSidebar.stories.jsx[2m > [22m[2mTool Call Search
[22m[39m[useTranslationWithCapture] t() called: {
  "key": "chatSidebar.aiAssistant",
  "mode": "off",
  "namespace": "components",
  "value": "AI Assistant",
}
[90mstdout[2m | src/components/ChatSidebar.stories.jsx[2m > [22m[2mTool Call Search
[22m[39m[useTranslationWithCapture] t() called: {
  "key": "chatSidebar.newChat",
  "mode": "off",
  "namespace": "components",
  "value": "New chat",
}
[90mstdout[2m | src/components/ChatSidebar.stories.jsx[2m > [22m[2mTool Call Search
[22m[39m[useTranslationWithCapture] t() called: {
  "key": "chatSidebar.archiveChat",
  "mode": "off",
  "namespace": "components",
  "value": "Archive chat",
}
[90mstdout[2m | src/components/ChatSidebar.stories.jsx[2m > [22m[2mTool Call Search
[22m[39m[useTranslationWithCapture] t() called: {
  "key": "chatSidebar.welcomeMessage",
  "mode": "off",
  "namespace": "components",
  "value": "Ask me anything about your curriculum, files, or content!",
}
[90mstdout[2m | src/components/ChatSidebar.stories.jsx[2m > [22m[2mTool Call Search
[22m[39m[useTranslationWithCapture] t() called: {
  "key": "chatSidebar.askMeAnything",
  "mode": "off",
  "namespace": "components",
  "value": "Ask me anything...",
}
[90mstdout[2m | src/components/ChatSidebar.stories.jsx[2m > [22m[2mTool Call Search
[22m[39m[useTranslationWithCapture] t() called: {
  "key": "actions.send",
  "mode": "off",
  "namespace": "components",
  "value": "Send",
}
[90mstdout[2m | src/components/ChatSidebar.stories.jsx[2m > [22m[2mTool Call Search
[22m[39m[useTranslationWithCapture] t() called: {
  "key": "chatSidebar.reviewImportVocabulary",
  "mode": "off",
  "namespace": "components",
  "value": "Review & Import Vocabulary",
}
[90mstdout[2m | src/components/ChatSidebar.stories.jsx[2m > [22m[2mTool Call Search
[22m[39m[useTranslationWithCapture] t() called: {
  "key": "chatSidebar.confirm",
  "mode": "off",
  "namespace": "components",
  "value": "Confirm",
}
[90mstdout[2m | src/components/ChatSidebar.stories.jsx[2m > [22m[2mTool Call Search
[22m[39m[useTranslationWithCapture] t() called: {
  "key": "chatSidebar.cancel",
  "mode": "off",
  "namespace": "components",
  "value": "Cancel",
}
[90mstderr[2m | src/components/ChatSidebar.stories.jsx[2m > [22m[2mTool Call Search
[22m[39mAn update to ForwardRef(FormControl2) inside a test was not wrapped in act(...).

When testing, code that causes React state updates should be wrapped into act(...):

act(() => {
  /* fire events that update state */
});
/* assert on the output */

This ensures that you're testing the behavior the user would see in the browser. Learn more at https://react.dev/link/wrap-tests-with-act
[90mstderr[2m | src/components/ChatSidebar.stories.jsx[2m > [22m[2mTool Call Search
[22m[39mAn update to ChatSidebar inside a test was not wrapped in act(...).

When testing, code that causes React state updates should be wrapped into act(...):

act(() => {
  /* fire events that update state */
});
/* assert on the output */

This ensures that you're testing the behavior the user would see in the browser. Learn more at https://react.dev/link/wrap-tests-with-act
[90mstdout[2m | src/components/ChatSidebar.stories.jsx[2m > [22m[2mTool Call Search
[22m[39m[ChatSidebar] Loading messages for chat: search-tool-chat count: 3
[90mstdout[2m | src/components/ChatSidebar.stories.jsx[2m > [22m[2mTool Call Search
[22m[39m[ChatSidebar] deepCloneMessages: cloned 3 messages
[90mstderr[2m | src/components/ChatSidebar.stories.jsx[2m > [22m[2mTool Call Search
[22m[39mAn update to ChatSidebar inside a test was not wrapped in act(...).

When testing, code that causes React state updates should be wrapped into act(...):

act(() => {
  /* fire events that update state */
});
/* assert on the output */

This ensures that you're testing the behavior the user would see in the browser. Learn more at https://react.dev/link/wrap-tests-with-act
[90mstderr[2m | src/components/ChatSidebar.stories.jsx[2m > [22m[2mTool Call Search
[22m[39mAn update to ChatSidebar inside a test was not wrapped in act(...).

When testing, code that causes React state updates should be wrapped into act(...):

act(() => {
  /* fire events that update state */
});
/* assert on the output */

This ensures that you're testing the behavior the user would see in the browser. Learn more at https://react.dev/link/wrap-tests-with-act
[90mstderr[2m | src/components/ChatSidebar.stories.jsx[2m > [22m[2mTool Call Search
[22m[39mAn update to ChatSidebar inside a test was not wrapped in act(...).

When testing, code that causes React state updates should be wrapped into act(...):

act(() => {
  /* fire events that update state */
});
/* assert on the output */

This ensures that you're testing the behavior the user would see in the browser. Learn more at https://react.dev/link/wrap-tests-with-act
[90mstdout[2m | src/components/ChatSidebar.stories.jsx[2m > [22m[2mTool Call Search
[22m[39m[Mock Data] generateClient() called - returning mock client
[90mstdout[2m | src/components/ChatSidebar.stories.jsx[2m > [22m[2mTool Call Search
[22m[39m[Mock amplifyClient] getAmplifyClient() called - returning mock client
[90mstdout[2m | src/components/ChatSidebar.stories.jsx[2m > [22m[2mTool Call Search
[22m[39m[Mock Data] AssistantChatFile.list() called with options: {
  "filter": {
    "chatID": {
      "eq": "search-tool-chat",
    },
  },
}
[90mstdout[2m | src/components/ChatSidebar.stories.jsx[2m > [22m[2mTool Call Search
[22m[39m[ChatContext] Chat exists and not archived, skipping creation
[90mstderr[2m | src/components/ChatSidebar.stories.jsx[2m > [22m[2mTool Call Search
[22m[39m[useTabContext] Used outside of TabProvider, returning default values
[90mstdout[2m | src/components/ChatSidebar.stories.jsx[2m > [22m[2mTool Call Search
[22m[39m[ChatSidebar] useChat status: ready messages: 3 toolCalls: 0
[90mstdout[2m | src/components/ChatSidebar.stories.jsx[2m > [22m[2mTool Call Search
[22m[39m[useTranslationWithCapture] t() called: {
  "key": "chatSidebar.aiAssistant",
  "mode": "off",
  "namespace": "components",
  "value": "AI Assistant",
}
[90mstdout[2m | src/components/ChatSidebar.stories.jsx[2m > [22m[2mTool Call Search
[22m[39m[useTranslationWithCapture] t() called: {
  "key": "chatSidebar.newChat",
  "mode": "off",
  "namespace": "components",
  "value": "New chat",
}
[90mstdout[2m | src/components/ChatSidebar.stories.jsx[2m > [22m[2mTool Call Search
[22m[39m[useTranslationWithCapture] t() called: {
  "key": "chatSidebar.archiveChat",
  "mode": "off",
  "namespace": "components",
  "value": "Archive chat",
}
[90mstdout[2m | src/components/ChatSidebar.stories.jsx[2m > [22m[2mTool Call Search
[22m[39m[useTranslationWithCapture] t() called: {
  "key": "chatSidebar.welcomeMessage",
  "mode": "off",
  "namespace": "components",
  "value": "Ask me anything about your curriculum, files, or content!",
}
[90mstdout[2m | src/components/ChatSidebar.stories.jsx[2m > [22m[2mTool Call Search
[22m[39m[useTranslationWithCapture] t() called: {
  "key": "chatSidebar.askMeAnything",
  "mode": "off",
  "namespace": "components",
  "value": "Ask me anything...",
}
[90mstdout[2m | src/components/ChatSidebar.stories.jsx[2m > [22m[2mTool Call Search
[22m[39m[useTranslationWithCapture] t() called: {
  "key": "actions.send",
  "mode": "off",
  "namespace": "components",
  "value": "Send",
}
[90mstdout[2m | src/components/ChatSidebar.stories.jsx[2m > [22m[2mTool Call Search
[22m[39m[useTranslationWithCapture] t() called: {
  "key": "chatSidebar.reviewImportVocabulary",
  "mode": "off",
  "namespace": "components",
  "value": "Review & Import Vocabulary",
}
[90mstdout[2m | src/components/ChatSidebar.stories.jsx[2m > [22m[2mTool Call Search
[22m[39m[useTranslationWithCapture] t() called: {
  "key": "chatSidebar.confirm",
  "mode": "off",
  "namespace": "components",
  "value": "Confirm",
}
[90mstdout[2m | src/components/ChatSidebar.stories.jsx[2m > [22m[2mTool Call Search
[22m[39m[useTranslationWithCapture] t() called: {
  "key": "chatSidebar.cancel",
  "mode": "off",
  "namespace": "components",
  "value": "Cancel",
}
[90mstdout[2m | src/components/ChatSidebar.stories.jsx[2m > [22m[2mTool Call Search
[22m[39m[useTranslationWithCapture] t() called: {
  "key": "chatSidebar.messageList.chatMessagesLabel",
  "mode": "off",
  "namespace": "components",
  "value": "Chat messages",
}
[90mstderr[2m | src/components/ChatSidebar.stories.jsx[2m > [22m[2mTool Call Search
[22m[39mAn update to VirtualizedMessageList inside a test was not wrapped in act(...).

When testing, code that causes React state updates should be wrapped into act(...):

act(() => {
  /* fire events that update state */
});
/* assert on the output */

This ensures that you're testing the behavior the user would see in the browser. Learn more at https://react.dev/link/wrap-tests-with-act
[90mstderr[2m | src/components/ChatSidebar.stories.jsx[2m > [22m[2mTool Call Search
[22m[39mAn update to ForwardRef(FormControl2) inside a test was not wrapped in act(...).

When testing, code that causes React state updates should be wrapped into act(...):

act(() => {
  /* fire events that update state */
});
/* assert on the output */

This ensures that you're testing the behavior the user would see in the browser. Learn more at https://react.dev/link/wrap-tests-with-act
[90mstdout[2m | src/components/ChatSidebar.stories.jsx[2m > [22m[2mTool Call Search
[22m[39m[useTranslationWithCapture] t() called: {
  "key": "chatSidebar.messageList.chatMessagesLabel",
  "mode": "off",
  "namespace": "components",
  "value": "Chat messages",
}
[90mstdout[2m | src/components/ChatSidebar.stories.jsx[2m > [22m[2mTool Call Search
[22m[39m[useTranslationWithCapture] t() called: {
  "key": "chatSidebar.searchResultsHeader",
  "mode": "off",
  "namespace": "components",
  "value": "🔍 Search Results",
}
[90mstdout[2m | src/components/ChatSidebar.stories.jsx[2m > [22m[2mTool Call Search
[22m[39m[useTranslationWithCapture] t() called: {
  "key": "chatSidebar.foundResults",
  "mode": "off",
  "namespace": "components",
  "value": "Found 3 result",
}
[90mstdout[2m | src/components/ChatSidebar.stories.jsx[2m > [22m[2mTool Call Search
[22m[39m[useTranslationWithCapture] t() called: {
  "key": "aiFeedbackWidget.whatToImprove",
  "mode": "off",
  "namespace": "components",
  "value": "What could be improved?",
}
[90mstdout[2m | src/components/ChatSidebar.stories.jsx[2m > [22m[2mTool Call Search
[22m[39m[useTranslationWithCapture] t() called: {
  "key": "aiFeedbackWidget.selectAllThatApply",
  "mode": "off",
  "namespace": "components",
  "value": "Select all that apply:",
}
[90mstdout[2m | src/components/ChatSidebar.stories.jsx[2m > [22m[2mTool Call Search
[22m[39m[useTranslationWithCapture] t() called: {
  "key": "aiFeedbackWidget.cancel",
  "mode": "off",
  "namespace": "components",
  "value": "Cancel",
}
[90mstdout[2m | src/components/ChatSidebar.stories.jsx[2m > [22m[2mTool Call Search
[22m[39m[useTranslationWithCapture] t() called: {
  "key": "aiFeedbackWidget.submit",
  "mode": "off",
  "namespace": "components",
  "value": "Submit",
}
[90mstdout[2m | src/components/ChatSidebar.stories.jsx[2m > [22m[2mTool Call Search
[22m[39m[useTranslationWithCapture] t() called: {
  "key": "chatSidebar.searchResults.sections.files",
  "mode": "off",
  "namespace": "components",
  "value": "Files",
}
[90mstdout[2m | src/components/ChatSidebar.stories.jsx[2m > [22m[2mTool Call Search
[22m[39m[useTranslationWithCapture] t() called: {
  "key": "chatSidebar.searchResults.openFile",
  "mode": "off",
  "namespace": "components",
  "value": "Open file",
}
[90mstdout[2m | src/components/ChatSidebar.stories.jsx[2m > [22m[2mTool Call Search
[22m[39m[useTranslationWithCapture] t() called: {
  "key": "chatSidebar.searchResults.sections.vocabulary",
  "mode": "off",
  "namespace": "components",
  "value": "Vocabulary",
}
[90mstdout[2m | src/components/ChatSidebar.stories.jsx[2m > [22m[2mTool Call Search
[22m[39m[useTranslationWithCapture] t() called: {
  "key": "chatSidebar.searchResults.insertIntoEditor",
  "mode": "off",
  "namespace": "components",
  "value": "Insert into editor",
}
[90mstdout[2m | src/components/ChatSidebar.stories.jsx[2m > [22m[2mTool Call Search
[22m[39m[useTranslationWithCapture] t() called: {
  "key": "chatSidebar.searchResults.editWord",
  "mode": "off",
  "namespace": "components",
  "value": "Edit word",
}
[90mstdout[2m | src/components/ChatSidebar.stories.jsx[2m > [22m[2mTool Call Search
[22m[39m[useTranslationWithCapture] t() called: {
  "key": "chatSidebar.searchResults.sections.questions",
  "mode": "off",
  "namespace": "components",
  "value": "Questions",
}
[90mstdout[2m | src/components/ChatSidebar.stories.jsx[2m > [22m[2mTool Call Search
[22m[39m[useTranslationWithCapture] t() called: {
  "key": "chatSidebar.searchResults.insertIntoEditor",
  "mode": "off",
  "namespace": "components",
  "value": "Insert into editor",
}
[90mstdout[2m | src/components/ChatSidebar.stories.jsx[2m > [22m[2mTool Call Search
[22m[39m[useTranslationWithCapture] t() called: {
  "key": "chatSidebar.searchResults.editQuestion",
  "mode": "off",
  "namespace": "components",
  "value": "Edit question",
}
[90mstdout[2m | src/components/ChatSidebar.stories.jsx[2m > [22m[2mTool Call Search
[22m[39m[useTranslationWithCapture] t() called: {
  "key": "aiFeedbackWidget.whatToImprove",
  "mode": "off",
  "namespace": "components",
  "value": "What could be improved?",
}
[90mstdout[2m | src/components/ChatSidebar.stories.jsx[2m > [22m[2mTool Call Search
[22m[39m[useTranslationWithCapture] t() called: {
  "key": "aiFeedbackWidget.selectAllThatApply",
  "mode": "off",
  "namespace": "components",
  "value": "Select all that apply:",
}
[90mstdout[2m | src/components/ChatSidebar.stories.jsx[2m > [22m[2mTool Call Search
[22m[39m[useTranslationWithCapture] t() called: {
  "key": "aiFeedbackWidget.cancel",
  "mode": "off",
  "namespace": "components",
  "value": "Cancel",
}
[90mstdout[2m | src/components/ChatSidebar.stories.jsx[2m > [22m[2mTool Call Search
[22m[39m[useTranslationWithCapture] t() called: {
  "key": "aiFeedbackWidget.submit",
  "mode": "off",
  "namespace": "components",
  "value": "Submit",
}
[90mstderr[2m | src/components/ChatSidebar.stories.jsx[2m > [22m[2mTool Call Search
[22m[39mAn update to VirtualizedMessageList inside a test was not wrapped in act(...).

When testing, code that causes React state updates should be wrapped into act(...):

act(() => {
  /* fire events that update state */
});
/* assert on the output */

This ensures that you're testing the behavior the user would see in the browser. Learn more at https://react.dev/link/wrap-tests-with-act
[90mstderr[2m | src/components/ChatSidebar.stories.jsx[2m > [22m[2mTool Call Search
[22m[39mAn update to ForwardRef(Tooltip2) inside a test was not wrapped in act(...).

When testing, code that causes React state updates should be wrapped into act(...):

act(() => {
  /* fire events that update state */
});
/* assert on the output */

This ensures that you're testing the behavior the user would see in the browser. Learn more at https://react.dev/link/wrap-tests-with-act
[90mstderr[2m | src/components/ChatSidebar.stories.jsx[2m > [22m[2mTool Call Search
[22m[39mAn update to ForwardRef(Tooltip2) inside a test was not wrapped in act(...).

When testing, code that causes React state updates should be wrapped into act(...):

act(() => {
  /* fire events that update state */
});
/* assert on the output */

This ensures that you're testing the behavior the user would see in the browser. Learn more at https://react.dev/link/wrap-tests-with-act
[90mstderr[2m | src/components/ChatSidebar.stories.jsx[2m > [22m[2mTool Call Search
[22m[39mAn update to ForwardRef(Tooltip2) inside a test was not wrapped in act(...).

When testing, code that causes React state updates should be wrapped into act(...):

act(() => {
  /* fire events that update state */
});
/* assert on the output */

This ensures that you're testing the behavior the user would see in the browser. Learn more at https://react.dev/link/wrap-tests-with-act
[90mstderr[2m | src/components/ChatSidebar.stories.jsx[2m > [22m[2mTool Call Search
[22m[39mAn update to ForwardRef(Tooltip2) inside a test was not wrapped in act(...).

When testing, code that causes React state updates should be wrapped into act(...):

act(() => {
  /* fire events that update state */
});
/* assert on the output */

This ensures that you're testing the behavior the user would see in the browser. Learn more at https://react.dev/link/wrap-tests-with-act
[90mstderr[2m | src/components/ChatSidebar.stories.jsx[2m > [22m[2mTool Call Search
[22m[39mAn update to ForwardRef(Tooltip2) inside a test was not wrapped in act(...).

When testing, code that causes React state updates should be wrapped into act(...):

act(() => {
  /* fire events that update state */
});
/* assert on the output */

This ensures that you're testing the behavior the user would see in the browser. Learn more at https://react.dev/link/wrap-tests-with-act
[90mstderr[2m | src/components/ChatSidebar.stories.jsx[2m > [22m[2mTool Call Search
[22m[39mAn update to ForwardRef(Tooltip2) inside a test was not wrapped in act(...).

When testing, code that causes React state updates should be wrapped into act(...):

act(() => {
  /* fire events that update state */
});
/* assert on the output */

This ensures that you're testing the behavior the user would see in the browser. Learn more at https://react.dev/link/wrap-tests-with-act
[90mstderr[2m | src/components/ChatSidebar.stories.jsx[2m > [22m[2mTool Call Search
[22m[39mAn update to ForwardRef(Tooltip2) inside a test was not wrapped in act(...).

When testing, code that causes React state updates should be wrapped into act(...):

act(() => {
  /* fire events that update state */
});
/* assert on the output */

This ensures that you're testing the behavior the user would see in the browser. Learn more at https://react.dev/link/wrap-tests-with-act
[90mstderr[2m | src/components/ChatSidebar.stories.jsx[2m > [22m[2mTool Call Search
[22m[39mAn update to VirtualizedMessageList inside a test was not wrapped in act(...).

When testing, code that causes React state updates should be wrapped into act(...):

act(() => {
  /* fire events that update state */
});
/* assert on the output */

This ensures that you're testing the behavior the user would see in the browser. Learn more at https://react.dev/link/wrap-tests-with-act
[90mstderr[2m | src/components/ChatSidebar.stories.jsx[2m > [22m[2mTool Call Search
[22m[39mAn update to ForwardRef(Tooltip2) inside a test was not wrapped in act(...).

When testing, code that causes React state updates should be wrapped into act(...):

act(() => {
  /* fire events that update state */
});
/* assert on the output */

This ensures that you're testing the behavior the user would see in the browser. Learn more at https://react.dev/link/wrap-tests-with-act
[90mstderr[2m | src/components/ChatSidebar.stories.jsx[2m > [22m[2mTool Call Search
[22m[39mAn update to ForwardRef(Tooltip2) inside a test was not wrapped in act(...).

When testing, code that causes React state updates should be wrapped into act(...):

act(() => {
  /* fire events that update state */
});
/* assert on the output */

This ensures that you're testing the behavior the user would see in the browser. Learn more at https://react.dev/link/wrap-tests-with-act
[90mstderr[2m | src/components/ChatSidebar.stories.jsx[2m > [22m[2mTool Call Search
[22m[39mAn update to VirtualizedMessageList inside a test was not wrapped in act(...).

When testing, code that causes React state updates should be wrapped into act(...):

act(() => {
  /* fire events that update state */
});
/* assert on the output */

This ensures that you're testing the behavior the user would see in the browser. Learn more at https://react.dev/link/wrap-tests-with-act
[90mstdout[2m | src/components/ChatSidebar.stories.jsx[2m > [22m[2mTool Call Search
[22m[39m[useTranslationWithCapture] t() called: {
  "key": "chatSidebar.messageList.chatMessagesLabel",
  "mode": "off",
  "namespace": "components",
  "value": "Chat messages",
}
[90mstdout[2m | src/components/ChatSidebar.stories.jsx[2m > [22m[2mTool Call Search
[22m[39m[useTranslationWithCapture] t() called: {
  "key": "chatSidebar.searchResultsHeader",
  "mode": "off",
  "namespace": "components",
  "value": "🔍 Search Results",
}
[90mstdout[2m | src/components/ChatSidebar.stories.jsx[2m > [22m[2mTool Call Search
[22m[39m[useTranslationWithCapture] t() called: {
  "key": "chatSidebar.foundResults",
  "mode": "off",
  "namespace": "components",
  "value": "Found 3 result",
}
[90mstdout[2m | src/components/ChatSidebar.stories.jsx[2m > [22m[2mTool Call Search
[22m[39m[useTranslationWithCapture] t() called: {
  "key": "aiFeedbackWidget.whatToImprove",
  "mode": "off",
  "namespace": "components",
  "value": "What could be improved?",
}
[90mstdout[2m | src/components/ChatSidebar.stories.jsx[2m > [22m[2mTool Call Search
[22m[39m[useTranslationWithCapture] t() called: {
  "key": "aiFeedbackWidget.selectAllThatApply",
  "mode": "off",
  "namespace": "components",
  "value": "Select all that apply:",
}
[90mstdout[2m | src/components/ChatSidebar.stories.jsx[2m > [22m[2mTool Call Search
[22m[39m[useTranslationWithCapture] t() called: {
  "key": "aiFeedbackWidget.cancel",
  "mode": "off",
  "namespace": "components",
  "value": "Cancel",
}
[90mstdout[2m | src/components/ChatSidebar.stories.jsx[2m > [22m[2mTool Call Search
[22m[39m[useTranslationWithCapture] t() called: {
  "key": "aiFeedbackWidget.submit",
  "mode": "off",
  "namespace": "components",
  "value": "Submit",
}
[90mstdout[2m | src/components/ChatSidebar.stories.jsx[2m > [22m[2mTool Call Search
[22m[39m[useTranslationWithCapture] t() called: {
  "key": "chatSidebar.searchResults.sections.files",
  "mode": "off",
  "namespace": "components",
  "value": "Files",
}
[90mstdout[2m | src/components/ChatSidebar.stories.jsx[2m > [22m[2mTool Call Search
[22m[39m[useTranslationWithCapture] t() called: {
  "key": "chatSidebar.searchResults.openFile",
  "mode": "off",
  "namespace": "components",
  "value": "Open file",
}
[90mstdout[2m | src/components/ChatSidebar.stories.jsx[2m > [22m[2mTool Call Search
[22m[39m[useTranslationWithCapture] t() called: {
  "key": "chatSidebar.searchResults.sections.vocabulary",
  "mode": "off",
  "namespace": "components",
  "value": "Vocabulary",
}
[90mstdout[2m | src/components/ChatSidebar.stories.jsx[2m > [22m[2mTool Call Search
[22m[39m[useTranslationWithCapture] t() called: {
  "key": "chatSidebar.searchResults.insertIntoEditor",
  "mode": "off",
  "namespace": "components",
  "value": "Insert into editor",
}
[90mstdout[2m | src/components/ChatSidebar.stories.jsx[2m > [22m[2mTool Call Search
[22m[39m[useTranslationWithCapture] t() called: {
  "key": "chatSidebar.searchResults.editWord",
  "mode": "off",
  "namespace": "components",
  "value": "Edit word",
}
[90mstdout[2m | src/components/ChatSidebar.stories.jsx[2m > [22m[2mTool Call Search
[22m[39m[useTranslationWithCapture] t() called: {
  "key": "chatSidebar.searchResults.sections.questions",
  "mode": "off",
  "namespace": "components",
  "value": "Questions",
}
[90mstdout[2m | src/components/ChatSidebar.stories.jsx[2m > [22m[2mTool Call Search
[22m[39m[useTranslationWithCapture] t() called: {
  "key": "chatSidebar.searchResults.insertIntoEditor",
  "mode": "off",
  "namespace": "components",
  "value": "Insert into editor",
}
[90mstdout[2m | src/components/ChatSidebar.stories.jsx[2m > [22m[2mTool Call Search
[22m[39m[useTranslationWithCapture] t() called: {
  "key": "chatSidebar.searchResults.editQuestion",
  "mode": "off",
  "namespace": "components",
  "value": "Edit question",
}
[90mstdout[2m | src/components/ChatSidebar.stories.jsx[2m > [22m[2mTool Call Search
[22m[39m[useTranslationWithCapture] t() called: {
  "key": "aiFeedbackWidget.whatToImprove",
  "mode": "off",
  "namespace": "components",
  "value": "What could be improved?",
}
[90mstdout[2m | src/components/ChatSidebar.stories.jsx[2m > [22m[2mTool Call Search
[22m[39m[useTranslationWithCapture] t() called: {
  "key": "aiFeedbackWidget.selectAllThatApply",
  "mode": "off",
  "namespace": "components",
  "value": "Select all that apply:",
}
[90mstdout[2m | src/components/ChatSidebar.stories.jsx[2m > [22m[2mTool Call Search
[22m[39m[useTranslationWithCapture] t() called: {
  "key": "aiFeedbackWidget.cancel",
  "mode": "off",
  "namespace": "components",
  "value": "Cancel",
}
[90mstdout[2m | src/components/ChatSidebar.stories.jsx[2m > [22m[2mTool Call Search
[22m[39m[useTranslationWithCapture] t() called: {
  "key": "aiFeedbackWidget.submit",
  "mode": "off",
  "namespace": "components",
  "value": "Submit",
}
[90mstderr[2m | src/components/ChatSidebar.stories.jsx[2m > [22m[2mTool Call Search
[22m[39mAn update to ChatSidebar inside a test was not wrapped in act(...).

When testing, code that causes React state updates should be wrapped into act(...):

act(() => {
  /* fire events that update state */
});
/* assert on the output */

This ensures that you're testing the behavior the user would see in the browser. Learn more at https://react.dev/link/wrap-tests-with-act
[90mstderr[2m | src/components/ChatSidebar.stories.jsx[2m > [22m[2mTool Call Search
[22m[39mAn update to Placeholder inside a test was not wrapped in act(...).

When testing, code that causes React state updates should be wrapped into act(...):

act(() => {
  /* fire events that update state */
});
/* assert on the output */

This ensures that you're testing the behavior the user would see in the browser. Learn more at https://react.dev/link/wrap-tests-with-act
[90mstderr[2m | src/components/ChatSidebar.stories.jsx[2m > [22m[2mTool Call Search
[22m[39mAn update to Placeholder inside a test was not wrapped in act(...).

When testing, code that causes React state updates should be wrapped into act(...):

act(() => {
  /* fire events that update state */
});
/* assert on the output */

This ensures that you're testing the behavior the user would see in the browser. Learn more at https://react.dev/link/wrap-tests-with-act
[90mstderr[2m | src/components/ChatSidebar.stories.jsx[2m > [22m[2mTool Call Search
[22m[39mAn update to Placeholder inside a test was not wrapped in act(...).

When testing, code that causes React state updates should be wrapped into act(...):

act(() => {
  /* fire events that update state */
});
/* assert on the output */

This ensures that you're testing the behavior the user would see in the browser. Learn more at https://react.dev/link/wrap-tests-with-act
[90mstderr[2m | src/components/ChatSidebar.stories.jsx[2m > [22m[2mTool Call Search
[22m[39mAn update to VirtualizedMessageList inside a test was not wrapped in act(...).

When testing, code that causes React state updates should be wrapped into act(...):

act(() => {
  /* fire events that update state */
});
/* assert on the output */

This ensures that you're testing the behavior the user would see in the browser. Learn more at https://react.dev/link/wrap-tests-with-act
[90mstderr[2m | src/components/ChatSidebar.stories.jsx[2m > [22m[2mTool Call Search
[22m[39mAn update to VirtualizedMessageList inside a test was not wrapped in act(...).

When testing, code that causes React state updates should be wrapped into act(...):

act(() => {
  /* fire events that update state */
});
/* assert on the output */

This ensures that you're testing the behavior the user would see in the browser. Learn more at https://react.dev/link/wrap-tests-with-act
[90mstderr[2m | src/components/ChatSidebar.stories.jsx[2m > [22m[2mTool Call Search
[22m[39mAn update to VirtualizedMessageList inside a test was not wrapped in act(...).

When testing, code that causes React state updates should be wrapped into act(...):

act(() => {
  /* fire events that update state */
});
/* assert on the output */

This ensures that you're testing the behavior the user would see in the browser. Learn more at https://react.dev/link/wrap-tests-with-act
[90mstdout[2m | src/components/ChatSidebar.stories.jsx[2m > [22m[2mTool Call Search
[22m[39mfilterWords {
  "filter": "",
  "wordsCount": 0,
}
[90mstderr[2m | src/components/ChatSidebar.stories.jsx[2m > [22m[2mTool Call Search
[22m[39mAn update to DictionaryProvider inside a test was not wrapped in act(...).

When testing, code that causes React state updates should be wrapped into act(...):

act(() => {
  /* fire events that update state */
});
/* assert on the output */

This ensures that you're testing the behavior the user would see in the browser. Learn more at https://react.dev/link/wrap-tests-with-act
[90mstderr[2m | src/components/ChatSidebar.stories.jsx[2m > [22m[2mTool Call Search
[22m[39mAn update to DictionaryProvider inside a test was not wrapped in act(...).

When testing, code that causes React state updates should be wrapped into act(...):

act(() => {
  /* fire events that update state */
});
/* assert on the output */

This ensures that you're testing the behavior the user would see in the browser. Learn more at https://react.dev/link/wrap-tests-with-act
[90mstderr[2m | src/components/ChatSidebar.stories.jsx[2m > [22m[2mTool Call Search
[22m[39mAn update to VirtualizedMessageList inside a test was not wrapped in act(...).

When testing, code that causes React state updates should be wrapped into act(...):

act(() => {
  /* fire events that update state */
});
/* assert on the output */

This ensures that you're testing the behavior the user would see in the browser. Learn more at https://react.dev/link/wrap-tests-with-act
[90mstderr[2m | src/components/ChatSidebar.stories.jsx[2m > [22m[2mTool Call Search
[22m[39mAn update to VirtualizedMessageList inside a test was not wrapped in act(...).

When testing, code that causes React state updates should be wrapped into act(...):

act(() => {
  /* fire events that update state */
});
/* assert on the output */

This ensures that you're testing the behavior the user would see in the browser. Learn more at https://react.dev/link/wrap-tests-with-act
[90mstderr[2m | src/components/ChatSidebar.stories.jsx[2m > [22m[2mTool Call Search
[22m[39m[useTabContext] Used outside of TabProvider, returning default values
[90mstdout[2m | src/components/ChatSidebar.stories.jsx[2m > [22m[2mTool Call Search
[22m[39m[ChatSidebar] useChat status: ready messages: 3 toolCalls: 0
[90mstdout[2m | src/components/ChatSidebar.stories.jsx[2m > [22m[2mTool Call Search
[22m[39m[useTranslationWithCapture] t() called: {
  "key": "chatSidebar.aiAssistant",
  "mode": "off",
  "namespace": "components",
  "value": "AI Assistant",
}
[90mstdout[2m | src/components/ChatSidebar.stories.jsx[2m > [22m[2mTool Call Search
[22m[39m[useTranslationWithCapture] t() called: {
  "key": "chatSidebar.newChat",
  "mode": "off",
  "namespace": "components",
  "value": "New chat",
}
[90mstdout[2m | src/components/ChatSidebar.stories.jsx[2m > [22m[2mTool Call Search
[22m[39m[useTranslationWithCapture] t() called: {
  "key": "chatSidebar.archiveChat",
  "mode": "off",
  "namespace": "components",
  "value": "Archive chat",
}
[90mstdout[2m | src/components/ChatSidebar.stories.jsx[2m > [22m[2mTool Call Search
[22m[39m[useTranslationWithCapture] t() called: {
  "key": "chatSidebar.welcomeMessage",
  "mode": "off",
  "namespace": "components",
  "value": "Ask me anything about your curriculum, files, or content!",
}
[90mstdout[2m | src/components/ChatSidebar.stories.jsx[2m > [22m[2mTool Call Search
[22m[39m[useTranslationWithCapture] t() called: {
  "key": "chatSidebar.askMeAnything",
  "mode": "off",
  "namespace": "components",
  "value": "Ask me anything...",
}
[90mstdout[2m | src/components/ChatSidebar.stories.jsx[2m > [22m[2mTool Call Search
[22m[39m[useTranslationWithCapture] t() called: {
  "key": "actions.send",
  "mode": "off",
  "namespace": "components",
  "value": "Send",
}
[90mstdout[2m | src/components/ChatSidebar.stories.jsx[2m > [22m[2mTool Call Search
[22m[39m[useTranslationWithCapture] t() called: {
  "key": "chatSidebar.reviewImportVocabulary",
  "mode": "off",
  "namespace": "components",
  "value": "Review & Import Vocabulary",
}
[90mstdout[2m | src/components/ChatSidebar.stories.jsx[2m > [22m[2mTool Call Search
[22m[39m[useTranslationWithCapture] t() called: {
  "key": "chatSidebar.confirm",
  "mode": "off",
  "namespace": "components",
  "value": "Confirm",
}
[90mstdout[2m | src/components/ChatSidebar.stories.jsx[2m > [22m[2mTool Call Search
[22m[39m[useTranslationWithCapture] t() called: {
  "key": "chatSidebar.cancel",
  "mode": "off",
  "namespace": "components",
  "value": "Cancel",
}
[90mstdout[2m | src/components/ChatSidebar.stories.jsx[2m > [22m[2mTool Call Search
[22m[39m[useTranslationWithCapture] t() called: {
  "key": "chatSidebar.messageList.chatMessagesLabel",
  "mode": "off",
  "namespace": "components",
  "value": "Chat messages",
}
[90mstdout[2m | src/components/ChatSidebar.stories.jsx[2m > [22m[2mTool Call Search
[22m[39m[useTranslationWithCapture] t() called: {
  "key": "chatSidebar.searchResultsHeader",
  "mode": "off",
  "namespace": "components",
  "value": "🔍 Search Results",
}
[90mstdout[2m | src/components/ChatSidebar.stories.jsx[2m > [22m[2mTool Call Search
[22m[39m[useTranslationWithCapture] t() called: {
  "key": "chatSidebar.foundResults",
  "mode": "off",
  "namespace": "components",
  "value": "Found 3 result",
}
[90mstdout[2m | src/components/ChatSidebar.stories.jsx[2m > [22m[2mTool Call Search
[22m[39m[useTranslationWithCapture] t() called: {
  "key": "aiFeedbackWidget.whatToImprove",
  "mode": "off",
  "namespace": "components",
  "value": "What could be improved?",
}
[90mstdout[2m | src/components/ChatSidebar.stories.jsx[2m > [22m[2mTool Call Search
[22m[39m[useTranslationWithCapture] t() called: {
  "key": "aiFeedbackWidget.selectAllThatApply",
  "mode": "off",
  "namespace": "components",
  "value": "Select all that apply:",
}
[90mstdout[2m | src/components/ChatSidebar.stories.jsx[2m > [22m[2mTool Call Search
[22m[39m[useTranslationWithCapture] t() called: {
  "key": "aiFeedbackWidget.cancel",
  "mode": "off",
  "namespace": "components",
  "value": "Cancel",
}
[90mstdout[2m | src/components/ChatSidebar.stories.jsx[2m > [22m[2mTool Call Search
[22m[39m[useTranslationWithCapture] t() called: {
  "key": "aiFeedbackWidget.submit",
  "mode": "off",
  "namespace": "components",
  "value": "Submit",
}
[90mstdout[2m | src/components/ChatSidebar.stories.jsx[2m > [22m[2mTool Call Search
[22m[39m[useTranslationWithCapture] t() called: {
  "key": "chatSidebar.searchResults.sections.files",
  "mode": "off",
  "namespace": "components",
  "value": "Files",
}
[90mstdout[2m | src/components/ChatSidebar.stories.jsx[2m > [22m[2mTool Call Search
[22m[39m[useTranslationWithCapture] t() called: {
  "key": "chatSidebar.searchResults.openFile",
  "mode": "off",
  "namespace": "components",
  "value": "Open file",
}
[90mstdout[2m | src/components/ChatSidebar.stories.jsx[2m > [22m[2mTool Call Search
[22m[39m[useTranslationWithCapture] t() called: {
  "key": "chatSidebar.searchResults.sections.vocabulary",
  "mode": "off",
  "namespace": "components",
  "value": "Vocabulary",
}
[90mstdout[2m | src/components/ChatSidebar.stories.jsx[2m > [22m[2mTool Call Search
[22m[39m[useTranslationWithCapture] t() called: {
  "key": "chatSidebar.searchResults.insertIntoEditor",
  "mode": "off",
  "namespace": "components",
  "value": "Insert into editor",
}
[90mstdout[2m | src/components/ChatSidebar.stories.jsx[2m > [22m[2mTool Call Search
[22m[39m[useTranslationWithCapture] t() called: {
  "key": "chatSidebar.searchResults.editWord",
  "mode": "off",
  "namespace": "components",
  "value": "Edit word",
}
[90mstdout[2m | src/components/ChatSidebar.stories.jsx[2m > [22m[2mTool Call Search
[22m[39m[useTranslationWithCapture] t() called: {
  "key": "chatSidebar.searchResults.sections.questions",
  "mode": "off",
  "namespace": "components",
  "value": "Questions",
}
[90mstdout[2m | src/components/ChatSidebar.stories.jsx[2m > [22m[2mTool Call Search
[22m[39m[useTranslationWithCapture] t() called: {
  "key": "chatSidebar.searchResults.insertIntoEditor",
  "mode": "off",
  "namespace": "components",
  "value": "Insert into editor",
}
[90mstdout[2m | src/components/ChatSidebar.stories.jsx[2m > [22m[2mTool Call Search
[22m[39m[useTranslationWithCapture] t() called: {
  "key": "chatSidebar.searchResults.editQuestion",
  "mode": "off",
  "namespace": "components",
  "value": "Edit question",
}
[90mstdout[2m | src/components/ChatSidebar.stories.jsx[2m > [22m[2mTool Call Search
[22m[39m[useTranslationWithCapture] t() called: {
  "key": "aiFeedbackWidget.whatToImprove",
  "mode": "off",
  "namespace": "components",
  "value": "What could be improved?",
}
[90mstdout[2m | src/components/ChatSidebar.stories.jsx[2m > [22m[2mTool Call Search
[22m[39m[useTranslationWithCapture] t() called: {
  "key": "aiFeedbackWidget.selectAllThatApply",
  "mode": "off",
  "namespace": "components",
  "value": "Select all that apply:",
}
[90mstdout[2m | src/components/ChatSidebar.stories.jsx[2m > [22m[2mTool Call Search
[22m[39m[useTranslationWithCapture] t() called: {
  "key": "aiFeedbackWidget.cancel",
  "mode": "off",
  "namespace": "components",
  "value": "Cancel",
}
[90mstdout[2m | src/components/ChatSidebar.stories.jsx[2m > [22m[2mTool Call Search
[22m[39m[useTranslationWithCapture] t() called: {
  "key": "aiFeedbackWidget.submit",
  "mode": "off",
  "namespace": "components",
  "value": "Submit",
}
[90mstdout[2m | src/components/ChatSidebar.stories.jsx[2m > [22m[2mTool Call Search
[22m[39m[Mock Data] generateClient() called - returning mock client
[90mstdout[2m | src/components/ChatSidebar.stories.jsx[2m > [22m[2mTool Call Search
[22m[39m[Mock amplifyClient] getAmplifyClient() called - returning mock client
[90mstdout[2m | src/components/ChatSidebar.stories.jsx[2m > [22m[2mTool Call Search
[22m[39m[Mock Data] AssistantChatFile.list() called with options: {
  "filter": {
    "chatID": {
      "eq": "search-tool-chat",
    },
  },
}
[90mstderr[2m | src/components/ChatSidebar.stories.jsx[2m > [22m[2mTool Call Create Unit
[22m[39mAn update to VirtualizedMessageList inside a test was not wrapped in act(...).

When testing, code that causes React state updates should be wrapped into act(...):

act(() => {
  /* fire events that update state */
});
/* assert on the output */

This ensures that you're testing the behavior the user would see in the browser. Learn more at https://react.dev/link/wrap-tests-with-act
[90mstderr[2m | src/components/ChatSidebar.stories.jsx[2m > [22m[2mTool Call Create Unit
[22m[39mAn update to VirtualizedMessageList inside a test was not wrapped in act(...).

When testing, code that causes React state updates should be wrapped into act(...):

act(() => {
  /* fire events that update state */
});
/* assert on the output */

This ensures that you're testing the behavior the user would see in the browser. Learn more at https://react.dev/link/wrap-tests-with-act
[90mstdout[2m | src/components/ChatSidebar.stories.jsx[2m > [22m[2mTool Call Create Unit
[22m[39m[useTranslationWithCapture] t() called: {
  "key": "chatSidebar.messageList.chatMessagesLabel",
  "mode": "off",
  "namespace": "components",
  "value": "Chat messages",
}
[90mstdout[2m | src/components/ChatSidebar.stories.jsx[2m > [22m[2mTool Call Create Unit
[22m[39m[useTranslationWithCapture] t() called: {
  "key": "chatSidebar.searchResultsHeader",
  "mode": "off",
  "namespace": "components",
  "value": "🔍 Search Results",
}
[90mstdout[2m | src/components/ChatSidebar.stories.jsx[2m > [22m[2mTool Call Create Unit
[22m[39m[useTranslationWithCapture] t() called: {
  "key": "chatSidebar.foundResults",
  "mode": "off",
  "namespace": "components",
  "value": "Found 3 result",
}
[90mstdout[2m | src/components/ChatSidebar.stories.jsx[2m > [22m[2mTool Call Create Unit
[22m[39m[useTranslationWithCapture] t() called: {
  "key": "aiFeedbackWidget.whatToImprove",
  "mode": "off",
  "namespace": "components",
  "value": "What could be improved?",
}
[90mstdout[2m | src/components/ChatSidebar.stories.jsx[2m > [22m[2mTool Call Create Unit
[22m[39m[useTranslationWithCapture] t() called: {
  "key": "aiFeedbackWidget.selectAllThatApply",
  "mode": "off",
  "namespace": "components",
  "value": "Select all that apply:",
}
[90mstdout[2m | src/components/ChatSidebar.stories.jsx[2m > [22m[2mTool Call Create Unit
[22m[39m[useTranslationWithCapture] t() called: {
  "key": "aiFeedbackWidget.cancel",
  "mode": "off",
  "namespace": "components",
  "value": "Cancel",
}
[90mstdout[2m | src/components/ChatSidebar.stories.jsx[2m > [22m[2mTool Call Create Unit
[22m[39m[useTranslationWithCapture] t() called: {
  "key": "aiFeedbackWidget.submit",
  "mode": "off",
  "namespace": "components",
  "value": "Submit",
}
[90mstdout[2m | src/components/ChatSidebar.stories.jsx[2m > [22m[2mTool Call Create Unit
[22m[39m[useTranslationWithCapture] t() called: {
  "key": "chatSidebar.searchResults.sections.files",
  "mode": "off",
  "namespace": "components",
  "value": "Files",
}
[90mstdout[2m | src/components/ChatSidebar.stories.jsx[2m > [22m[2mTool Call Create Unit
[22m[39m[useTranslationWithCapture] t() called: {
  "key": "chatSidebar.searchResults.openFile",
  "mode": "off",
  "namespace": "components",
  "value": "Open file",
}
[90mstdout[2m | src/components/ChatSidebar.stories.jsx[2m > [22m[2mTool Call Create Unit
[22m[39m[useTranslationWithCapture] t() called: {
  "key": "chatSidebar.searchResults.sections.vocabulary",
  "mode": "off",
  "namespace": "components",
  "value": "Vocabulary",
}
[90mstdout[2m | src/components/ChatSidebar.stories.jsx[2m > [22m[2mTool Call Create Unit
[22m[39m[useTranslationWithCapture] t() called: {
  "key": "chatSidebar.searchResults.insertIntoEditor",
  "mode": "off",
  "namespace": "components",
  "value": "Insert into editor",
}
[90mstdout[2m | src/components/ChatSidebar.stories.jsx[2m > [22m[2mTool Call Create Unit
[22m[39m[useTranslationWithCapture] t() called: {
  "key": "chatSidebar.searchResults.editWord",
  "mode": "off",
  "namespace": "components",
  "value": "Edit word",
}
[90mstdout[2m | src/components/ChatSidebar.stories.jsx[2m > [22m[2mTool Call Create Unit
[22m[39m[useTranslationWithCapture] t() called: {
  "key": "chatSidebar.searchResults.sections.questions",
  "mode": "off",
  "namespace": "components",
  "value": "Questions",
}
[90mstdout[2m | src/components/ChatSidebar.stories.jsx[2m > [22m[2mTool Call Create Unit
[22m[39m[useTranslationWithCapture] t() called: {
  "key": "chatSidebar.searchResults.insertIntoEditor",
  "mode": "off",
  "namespace": "components",
  "value": "Insert into editor",
}
[90mstdout[2m | src/components/ChatSidebar.stories.jsx[2m > [22m[2mTool Call Create Unit
[22m[39m[useTranslationWithCapture] t() called: {
  "key": "chatSidebar.searchResults.editQuestion",
  "mode": "off",
  "namespace": "components",
  "value": "Edit question",
}
[90mstdout[2m | src/components/ChatSidebar.stories.jsx[2m > [22m[2mTool Call Create Unit
[22m[39m[useTranslationWithCapture] t() called: {
  "key": "aiFeedbackWidget.whatToImprove",
  "mode": "off",
  "namespace": "components",
  "value": "What could be improved?",
}
[90mstdout[2m | src/components/ChatSidebar.stories.jsx[2m > [22m[2mTool Call Create Unit
[22m[39m[useTranslationWithCapture] t() called: {
  "key": "aiFeedbackWidget.selectAllThatApply",
  "mode": "off",
  "namespace": "components",
  "value": "Select all that apply:",
}
[90mstdout[2m | src/components/ChatSidebar.stories.jsx[2m > [22m[2mTool Call Create Unit
[22m[39m[useTranslationWithCapture] t() called: {
  "key": "aiFeedbackWidget.cancel",
  "mode": "off",
  "namespace": "components",
  "value": "Cancel",
}
[90mstdout[2m | src/components/ChatSidebar.stories.jsx[2m > [22m[2mTool Call Create Unit
[22m[39m[useTranslationWithCapture] t() called: {
  "key": "aiFeedbackWidget.submit",
  "mode": "off",
  "namespace": "components",
  "value": "Submit",
}
[90mstderr[2m | src/components/ChatSidebar.stories.jsx[2m > [22m[2mTool Call Create Unit
[22m[39mAn update to VirtualizedMessageList inside a test was not wrapped in act(...).

When testing, code that causes React state updates should be wrapped into act(...):

act(() => {
  /* fire events that update state */
});
/* assert on the output */

This ensures that you're testing the behavior the user would see in the browser. Learn more at https://react.dev/link/wrap-tests-with-act
[90mstdout[2m | src/components/ChatSidebar.stories.jsx[2m > [22m[2mTool Call Create Unit
[22m[39m[useTranslationWithCapture] t() called: {
  "key": "chatSidebar.messageList.chatMessagesLabel",
  "mode": "off",
  "namespace": "components",
  "value": "Chat messages",
}
[90mstdout[2m | src/components/ChatSidebar.stories.jsx[2m > [22m[2mTool Call Create Unit
[22m[39m[useTranslationWithCapture] t() called: {
  "key": "chatSidebar.searchResultsHeader",
  "mode": "off",
  "namespace": "components",
  "value": "🔍 Search Results",
}
[90mstdout[2m | src/components/ChatSidebar.stories.jsx[2m > [22m[2mTool Call Create Unit
[22m[39m[useTranslationWithCapture] t() called: {
  "key": "chatSidebar.foundResults",
  "mode": "off",
  "namespace": "components",
  "value": "Found 3 result",
}
[90mstderr[2m | src/components/ChatSidebar.stories.jsx[2m > [22m[2mTool Call Create Unit
[22m[39mAn update to VirtualizedMessageList inside a test was not wrapped in act(...).

When testing, code that causes React state updates should be wrapped into act(...):

act(() => {
  /* fire events that update state */
});
/* assert on the output */

This ensures that you're testing the behavior the user would see in the browser. Learn more at https://react.dev/link/wrap-tests-with-act
[90mstdout[2m | src/components/ChatSidebar.stories.jsx[2m > [22m[2mTool Call Create Unit
[22m[39m[useTranslationWithCapture] t() called: {
  "key": "chatSidebar.messageList.chatMessagesLabel",
  "mode": "off",
  "namespace": "components",
  "value": "Chat messages",
}
[90mstdout[2m | src/components/ChatSidebar.stories.jsx[2m > [22m[2mTool Call Create Unit
[22m[39m[useTranslationWithCapture] t() called: {
  "key": "chatSidebar.searchResultsHeader",
  "mode": "off",
  "namespace": "components",
  "value": "🔍 Search Results",
}
[90mstdout[2m | src/components/ChatSidebar.stories.jsx[2m > [22m[2mTool Call Create Unit
[22m[39m[useTranslationWithCapture] t() called: {
  "key": "chatSidebar.foundResults",
  "mode": "off",
  "namespace": "components",
  "value": "Found 3 result",
}
[90mstdout[2m | src/components/ChatSidebar.stories.jsx[2m > [22m[2mTool Call Create Unit
[22m[39m[useTranslationWithCapture] t() called: {
  "key": "aiFeedbackWidget.whatToImprove",
  "mode": "off",
  "namespace": "components",
  "value": "What could be improved?",
}
[90mstdout[2m | src/components/ChatSidebar.stories.jsx[2m > [22m[2mTool Call Create Unit
[22m[39m[useTranslationWithCapture] t() called: {
  "key": "aiFeedbackWidget.selectAllThatApply",
  "mode": "off",
  "namespace": "components",
  "value": "Select all that apply:",
}
[90mstdout[2m | src/components/ChatSidebar.stories.jsx[2m > [22m[2mTool Call Create Unit
[22m[39m[useTranslationWithCapture] t() called: {
  "key": "aiFeedbackWidget.cancel",
  "mode": "off",
  "namespace": "components",
  "value": "Cancel",
}
[90mstdout[2m | src/components/ChatSidebar.stories.jsx[2m > [22m[2mTool Call Create Unit
[22m[39m[useTranslationWithCapture] t() called: {
  "key": "aiFeedbackWidget.submit",
  "mode": "off",
  "namespace": "components",
  "value": "Submit",
}
[90mstdout[2m | src/components/ChatSidebar.stories.jsx[2m > [22m[2mTool Call Create Unit
[22m[39m[useTranslationWithCapture] t() called: {
  "key": "chatSidebar.searchResults.sections.files",
  "mode": "off",
  "namespace": "components",
  "value": "Files",
}
[90mstdout[2m | src/components/ChatSidebar.stories.jsx[2m > [22m[2mTool Call Create Unit
[22m[39m[useTranslationWithCapture] t() called: {
  "key": "chatSidebar.searchResults.openFile",
  "mode": "off",
  "namespace": "components",
  "value": "Open file",
}
[90mstdout[2m | src/components/ChatSidebar.stories.jsx[2m > [22m[2mTool Call Create Unit
[22m[39m[useTranslationWithCapture] t() called: {
  "key": "chatSidebar.searchResults.sections.vocabulary",
  "mode": "off",
  "namespace": "components",
  "value": "Vocabulary",
}
[90mstdout[2m | src/components/ChatSidebar.stories.jsx[2m > [22m[2mTool Call Create Unit
[22m[39m[useTranslationWithCapture] t() called: {
  "key": "chatSidebar.searchResults.insertIntoEditor",
  "mode": "off",
  "namespace": "components",
  "value": "Insert into editor",
}
[90mstdout[2m | src/components/ChatSidebar.stories.jsx[2m > [22m[2mTool Call Create Unit
[22m[39m[useTranslationWithCapture] t() called: {
  "key": "chatSidebar.searchResults.editWord",
  "mode": "off",
  "namespace": "components",
  "value": "Edit word",
}
[90mstdout[2m | src/components/ChatSidebar.stories.jsx[2m > [22m[2mTool Call Create Unit
[22m[39m[useTranslationWithCapture] t() called: {
  "key": "chatSidebar.searchResults.sections.questions",
  "mode": "off",
  "namespace": "components",
  "value": "Questions",
}
[90mstdout[2m | src/components/ChatSidebar.stories.jsx[2m > [22m[2mTool Call Create Unit
[22m[39m[useTranslationWithCapture] t() called: {
  "key": "chatSidebar.searchResults.insertIntoEditor",
  "mode": "off",
  "namespace": "components",
  "value": "Insert into editor",
}
[90mstdout[2m | src/components/ChatSidebar.stories.jsx[2m > [22m[2mTool Call Create Unit
[22m[39m[useTranslationWithCapture] t() called: {
  "key": "chatSidebar.searchResults.editQuestion",
  "mode": "off",
  "namespace": "components",
  "value": "Edit question",
}
[90mstdout[2m | src/components/ChatSidebar.stories.jsx[2m > [22m[2mTool Call Create Unit
[22m[39m[useTranslationWithCapture] t() called: {
  "key": "aiFeedbackWidget.whatToImprove",
  "mode": "off",
  "namespace": "components",
  "value": "What could be improved?",
}
[90mstdout[2m | src/components/ChatSidebar.stories.jsx[2m > [22m[2mTool Call Create Unit
[22m[39m[useTranslationWithCapture] t() called: {
  "key": "aiFeedbackWidget.selectAllThatApply",
  "mode": "off",
  "namespace": "components",
  "value": "Select all that apply:",
}
[90mstdout[2m | src/components/ChatSidebar.stories.jsx[2m > [22m[2mTool Call Create Unit
[22m[39m[useTranslationWithCapture] t() called: {
  "key": "aiFeedbackWidget.cancel",
  "mode": "off",
  "namespace": "components",
  "value": "Cancel",
}
[90mstdout[2m | src/components/ChatSidebar.stories.jsx[2m > [22m[2mTool Call Create Unit
[22m[39m[useTranslationWithCapture] t() called: {
  "key": "aiFeedbackWidget.submit",
  "mode": "off",
  "namespace": "components",
  "value": "Submit",
}
[90mstdout[2m | src/components/ChatSidebar.stories.jsx[2m > [22m[2mTool Call Create Unit
[22m[39m[useTranslationWithCapture] t() called: {
  "key": "chatSidebar.messageList.chatMessagesLabel",
  "mode": "off",
  "namespace": "components",
  "value": "Chat messages",
}
[90mstdout[2m | src/components/ChatSidebar.stories.jsx[2m > [22m[2mTool Call Create Unit
[22m[39m[useTranslationWithCapture] t() called: {
  "key": "chatSidebar.searchResultsHeader",
  "mode": "off",
  "namespace": "components",
  "value": "🔍 Search Results",
}
[90mstdout[2m | src/components/ChatSidebar.stories.jsx[2m > [22m[2mTool Call Create Unit
[22m[39m[useTranslationWithCapture] t() called: {
  "key": "chatSidebar.foundResults",
  "mode": "off",
  "namespace": "components",
  "value": "Found 3 result",
}
[90mstdout[2m | src/components/ChatSidebar.stories.jsx[2m > [22m[2mTool Call Create Unit
[22m[39m[Mock Data] Settings subscription unsubscribed. Remaining: 0
[90mstdout[2m | src/components/ChatSidebar.stories.jsx[2m > [22m[2mTool Call Create Unit
[22m[39m[ChatContext] Cleaning up subscription
[90mstdout[2m | src/components/ChatSidebar.stories.jsx[2m > [22m[2mTool Call Create Unit
[22m[39m[Mock Data] AssistantChat subscription unsubscribed. Remaining: 0
[90mstdout[2m | src/components/ChatSidebar.stories.jsx[2m > [22m[2mTool Call Create Unit
[22m[39m[Mock Data] File subscription unsubscribed. Remaining: 0
[90mstdout[2m | src/components/ChatSidebar.stories.jsx[2m > [22m[2mTool Call Create Unit
[22m[39m[Mock Data] Document subscription unsubscribed. Remaining: 1
[90mstdout[2m | src/components/ChatSidebar.stories.jsx[2m > [22m[2mTool Call Create Unit
[22m[39m[Mock Data] Word subscription unsubscribed. Remaining: 0
[90mstdout[2m | src/components/ChatSidebar.stories.jsx[2m > [22m[2mTool Call Create Unit
[22m[39m[Mock Data] Question subscription unsubscribed. Remaining: 0
[90mstdout[2m | src/components/ChatSidebar.stories.jsx[2m > [22m[2mTool Call Create Unit
[22m[39m[Mock Data] Grade subscription unsubscribed. Remaining: 0
[90mstdout[2m | src/components/ChatSidebar.stories.jsx[2m > [22m[2mTool Call Create Unit
[22m[39m[Mock Data] Unit subscription unsubscribed. Remaining: 0
[90mstdout[2m | src/components/ChatSidebar.stories.jsx[2m > [22m[2mTool Call Create Unit
[22m[39m[SectionContext] Cleaning up subscriptions
[90mstdout[2m | src/components/ChatSidebar.stories.jsx[2m > [22m[2mTool Call Create Unit
[22m[39m[Mock Data] Section.onCreate() subscription removed. Remaining: 0
[90mstdout[2m | src/components/ChatSidebar.stories.jsx[2m > [22m[2mTool Call Create Unit
[22m[39m[Mock Data] Section.onUpdate() subscription removed. Remaining: 0
[90mstdout[2m | src/components/ChatSidebar.stories.jsx[2m > [22m[2mTool Call Create Unit
[22m[39m[Mock Data] Section.onDelete() subscription removed. Remaining: 0
[90mstdout[2m | src/components/ChatSidebar.stories.jsx[2m > [22m[2mTool Call Create Unit
[22m[39m[Mock Data] Assignment.onCreate() subscription removed. Remaining: 0
[90mstdout[2m | src/components/ChatSidebar.stories.jsx[2m > [22m[2mTool Call Create Unit
[22m[39m[Mock Data] Assignment.onUpdate() subscription removed. Remaining: 0
[90mstdout[2m | src/components/ChatSidebar.stories.jsx[2m > [22m[2mTool Call Create Unit
[22m[39m[Mock Data] Assignment.onDelete() subscription removed. Remaining: 0
[90mstdout[2m | src/components/ChatSidebar.stories.jsx[2m > [22m[2mTool Call Create Unit
[22m[39m[chatTools] Vector store search function registered: false
[90mstdout[2m | src/components/ChatSidebar.stories.jsx[2m > [22m[2mTool Call Create Unit
[22m[39m[Mock Data] Document subscription unsubscribed. Remaining: 0
[90mstdout[2m | src/components/ChatSidebar.stories.jsx[2m > [22m[2mTool Call Create Unit
[22m[39m[Mock Data] Clearing all data stores
[90mstdout[2m | src/components/ChatSidebar.stories.jsx[2m > [22m[2mTool Call Create Unit
[22m[39m[Mock Data] All data stores cleared
[90mstdout[2m | src/components/ChatSidebar.stories.jsx[2m > [22m[2mTool Call Create Unit
[22m[39m[Preview] Cleared mock data for story
[90mstdout[2m | src/components/ChatSidebar.stories.jsx[2m > [22m[2mTool Call Create Unit
[22m[39m[Preview] Skipped initializing default mock data (initializeMockData=false)
[90mstdout[2m | src/components/ChatSidebar.stories.jsx[2m > [22m[2mTool Call Create Unit
[22m[39m[Mock AuthContext] Providing auth: {
  "error": undefined,
  "isLoading": false,
  "session": {
    "idToken": {
      "toString": [Function toString],
    },
    "identityId": "us-east-1:mock-identity-123",
    "username": "mock-user-sub",
  },
  "user": {
    "attributes": {
      "email": "alice@example.com",
      "name": "Alice Student",
      "sub": "mock-user-sub",
    },
  },
}
[90mstdout[2m | src/components/ChatSidebar.stories.jsx[2m > [22m[2mTool Call Create Unit
[22m[39m[Mock Data] generateClient() called - returning mock client
[90mstdout[2m | src/components/ChatSidebar.stories.jsx[2m > [22m[2mTool Call Create Unit
[22m[39m[Mock amplifyClient] getAmplifyClient() called - returning mock client
[90mstdout[2m | src/components/ChatSidebar.stories.jsx[2m > [22m[2mTool Call Create Unit
[22m[39m[MOCK CourseVectorStore] Initialized with mock data
[90mstdout[2m | src/components/ChatSidebar.stories.jsx[2m > [22m[2mTool Call Create Unit
[22m[39m[TranslationModeController] Setting mode to: off
[90mstdout[2m | src/components/ChatSidebar.stories.jsx[2m > [22m[2mTool Call Create Unit
[22m[39m[SectionContext] useEffect triggered {
  "authLoading": false,
  "hasUser": true,
  "userSub": "mock-user-sub",
}
[90mstdout[2m | src/components/ChatSidebar.stories.jsx[2m > [22m[2mTool Call Create Unit
[22m[39m[SectionContext] Fetching sections for userId: mock-user-sub
[90mstdout[2m | src/components/ChatSidebar.stories.jsx[2m > [22m[2mTool Call Create Unit
[22m[39m[Mock Data] generateClient() called - returning mock client
[90mstdout[2m | src/components/ChatSidebar.stories.jsx[2m > [22m[2mTool Call Create Unit
[22m[39m[Mock amplifyClient] getAmplifyClient() called - returning mock client
[90mstdout[2m | src/components/ChatSidebar.stories.jsx[2m > [22m[2mTool Call Create Unit
[22m[39m[Mock Data] Section.list() called with options: undefined
[90mstdout[2m | src/components/ChatSidebar.stories.jsx[2m > [22m[2mTool Call Create Unit
[22m[39m[Mock Data] generateClient() called - returning mock client
[90mstdout[2m | src/components/ChatSidebar.stories.jsx[2m > [22m[2mTool Call Create Unit
[22m[39m[Mock amplifyClient] getAmplifyClient() called - returning mock client
[90mstdout[2m | src/components/ChatSidebar.stories.jsx[2m > [22m[2mTool Call Create Unit
[22m[39m[Mock Data] Assignment.list() called with options: {
  "filter": {
    "unitID": {
      "eq": "mock-unit-id",
    },
  },
}
[90mstdout[2m | src/components/ChatSidebar.stories.jsx[2m > [22m[2mTool Call Create Unit
[22m[39m[Mock Data] generateClient() called - returning mock client
[90mstdout[2m | src/components/ChatSidebar.stories.jsx[2m > [22m[2mTool Call Create Unit
[22m[39m[Mock amplifyClient] getAmplifyClient() called - returning mock client
[90mstdout[2m | src/components/ChatSidebar.stories.jsx[2m > [22m[2mTool Call Create Unit
[22m[39m[Mock Data] Grade.observeQuery() called with filter: {
  "filter": {
    "unitID": {
      "eq": "mock-unit-id",
    },
  },
}
[90mstdout[2m | src/components/ChatSidebar.stories.jsx[2m > [22m[2mTool Call Create Unit
[22m[39m[Mock Data] Grade.observeQuery() applying filter: {
  "unitID": {
    "eq": "mock-unit-id",
  },
}
[90mstdout[2m | src/components/ChatSidebar.stories.jsx[2m > [22m[2mTool Call Create Unit
[22m[39m[Mock Data] Grade.observeQuery() items before filter: 0
[90mstdout[2m | src/components/ChatSidebar.stories.jsx[2m > [22m[2mTool Call Create Unit
[22m[39m[Mock Data] Grade.observeQuery() items after filter: 0
[90mstdout[2m | src/components/ChatSidebar.stories.jsx[2m > [22m[2mTool Call Create Unit
[22m[39m[Mock Data] Grade.observeQuery() returning 0 items (filter applied) {
  "filter": {
    "unitID": {
      "eq": "mock-unit-id",
    },
  },
}
[90mstdout[2m | src/components/ChatSidebar.stories.jsx[2m > [22m[2mTool Call Create Unit
[22m[39m[Mock Data] Grade subscription added. Total subscriptions: 1
[90mstdout[2m | src/components/ChatSidebar.stories.jsx[2m > [22m[2mTool Call Create Unit
[22m[39m[UnitContext] useEffect triggered {
  "authLoading": false,
  "hasUser": true,
  "id": "mock-unit-id",
  "userSub": "mock-user-sub",
}
[90mstdout[2m | src/components/ChatSidebar.stories.jsx[2m > [22m[2mTool Call Create Unit
[22m[39m[UnitContext] Fetching unit data for id: mock-unit-id
[90mstdout[2m | src/components/ChatSidebar.stories.jsx[2m > [22m[2mTool Call Create Unit
[22m[39m[Mock Data] generateClient() called - returning mock client
[90mstdout[2m | src/components/ChatSidebar.stories.jsx[2m > [22m[2mTool Call Create Unit
[22m[39m[Mock amplifyClient] getAmplifyClient() called - returning mock client
[90mstdout[2m | src/components/ChatSidebar.stories.jsx[2m > [22m[2mTool Call Create Unit
[22m[39m[Mock Data] Unit.observeQuery() called with filter: {
  "filter": {
    "id": {
      "eq": "mock-unit-id",
    },
  },
}
[90mstdout[2m | src/components/ChatSidebar.stories.jsx[2m > [22m[2mTool Call Create Unit
[22m[39m[Mock Data] Unit.observeQuery() applying filter: {
  "id": {
    "eq": "mock-unit-id",
  },
}
[90mstdout[2m | src/components/ChatSidebar.stories.jsx[2m > [22m[2mTool Call Create Unit
[22m[39m[Mock Data] Unit.observeQuery() items before filter: 0
[90mstdout[2m | src/components/ChatSidebar.stories.jsx[2m > [22m[2mTool Call Create Unit
[22m[39m[Mock Data] Unit.observeQuery() items after filter: 0
[90mstdout[2m | src/components/ChatSidebar.stories.jsx[2m > [22m[2mTool Call Create Unit
[22m[39m[Mock Data] Unit.observeQuery() returning 0 items (filter applied) {
  "filter": {
    "id": {
      "eq": "mock-unit-id",
    },
  },
}
[90mstdout[2m | src/components/ChatSidebar.stories.jsx[2m > [22m[2mTool Call Create Unit
[22m[39m[Mock Data] Unit subscription added. Total subscriptions: 1
[90mstdout[2m | src/components/ChatSidebar.stories.jsx[2m > [22m[2mTool Call Create Unit
[22m[39m[Mock Data] generateClient() called - returning mock client
[90mstdout[2m | src/components/ChatSidebar.stories.jsx[2m > [22m[2mTool Call Create Unit
[22m[39m[Mock amplifyClient] getAmplifyClient() called - returning mock client
[90mstdout[2m | src/components/ChatSidebar.stories.jsx[2m > [22m[2mTool Call Create Unit
[22m[39m[Mock Data] Word.observeQuery() called with filter: undefined
[90mstdout[2m | src/components/ChatSidebar.stories.jsx[2m > [22m[2mTool Call Create Unit
[22m[39m[Mock Data] Word.observeQuery() returning 0 items (filter applied) undefined
[90mstdout[2m | src/components/ChatSidebar.stories.jsx[2m > [22m[2mTool Call Create Unit
[22m[39m[Mock Data] Word subscription added. Total subscriptions: 1
[90mstdout[2m | src/components/ChatSidebar.stories.jsx[2m > [22m[2mTool Call Create Unit
[22m[39m[Mock Data] generateClient() called - returning mock client
[90mstdout[2m | src/components/ChatSidebar.stories.jsx[2m > [22m[2mTool Call Create Unit
[22m[39m[Mock amplifyClient] getAmplifyClient() called - returning mock client
[90mstdout[2m | src/components/ChatSidebar.stories.jsx[2m > [22m[2mTool Call Create Unit
[22m[39m[Mock Data] Question.observeQuery() called with filter: undefined
[90mstdout[2m | src/components/ChatSidebar.stories.jsx[2m > [22m[2mTool Call Create Unit
[22m[39m[Mock Data] Question.observeQuery() returning 0 items (filter applied) undefined
[90mstdout[2m | src/components/ChatSidebar.stories.jsx[2m > [22m[2mTool Call Create Unit
[22m[39m[Mock Data] Question subscription added. Total subscriptions: 1
[90mstdout[2m | src/components/ChatSidebar.stories.jsx[2m > [22m[2mTool Call Create Unit
[22m[39m[FilesContext] Initializing vector store from IndexedDB
[90mstdout[2m | src/components/ChatSidebar.stories.jsx[2m > [22m[2mTool Call Create Unit
[22m[39m[FilesContext] fetchFiles called
[90mstdout[2m | src/components/ChatSidebar.stories.jsx[2m > [22m[2mTool Call Create Unit
[22m[39m[FilesContext] User authenticated: mock-user-sub
[90mstdout[2m | src/components/ChatSidebar.stories.jsx[2m > [22m[2mTool Call Create Unit
[22m[39m[FilesContext] Identity ID: us-east-1:mock-identity-123
[90mstdout[2m | src/components/ChatSidebar.stories.jsx[2m > [22m[2mTool Call Create Unit
[22m[39m[FilesContext] About to subscribe to File model
[90mstdout[2m | src/components/ChatSidebar.stories.jsx[2m > [22m[2mTool Call Create Unit
[22m[39m[Mock Data] generateClient() called - returning mock client
[90mstdout[2m | src/components/ChatSidebar.stories.jsx[2m > [22m[2mTool Call Create Unit
[22m[39m[Mock amplifyClient] getAmplifyClient() called - returning mock client
[90mstdout[2m | src/components/ChatSidebar.stories.jsx[2m > [22m[2mTool Call Create Unit
[22m[39m[Mock Data] File.observeQuery() called with filter: undefined
[90mstdout[2m | src/components/ChatSidebar.stories.jsx[2m > [22m[2mTool Call Create Unit
[22m[39m[Mock Data] File.observeQuery() returning 0 items (filter applied) undefined
[90mstdout[2m | src/components/ChatSidebar.stories.jsx[2m > [22m[2mTool Call Create Unit
[22m[39m[Mock Data] File subscription added. Total subscriptions: 1
[90mstdout[2m | src/components/ChatSidebar.stories.jsx[2m > [22m[2mTool Call Create Unit
[22m[39m[Mock Data] generateClient() called - returning mock client
[90mstdout[2m | src/components/ChatSidebar.stories.jsx[2m > [22m[2mTool Call Create Unit
[22m[39m[Mock amplifyClient] getAmplifyClient() called - returning mock client
[90mstdout[2m | src/components/ChatSidebar.stories.jsx[2m > [22m[2mTool Call Create Unit
[22m[39m[Mock Data] Document.observeQuery() called with filter: undefined
[90mstdout[2m | src/components/ChatSidebar.stories.jsx[2m > [22m[2mTool Call Create Unit
[22m[39m[Mock Data] Document.observeQuery() returning 0 items (filter applied) undefined
[90mstdout[2m | src/components/ChatSidebar.stories.jsx[2m > [22m[2mTool Call Create Unit
[22m[39m[Mock Data] Document subscription added. Total subscriptions: 1
[90mstdout[2m | src/components/ChatSidebar.stories.jsx[2m > [22m[2mTool Call Create Unit
[22m[39m[ChatContext] Setting up observeQuery for AssistantChat
[90mstdout[2m | src/components/ChatSidebar.stories.jsx[2m > [22m[2mTool Call Create Unit
[22m[39m[Mock Data] AssistantChat.observeQuery() called with filter: {
  "sortDirection": "DESC",
  "sortField": "createdAt",
}
[90mstdout[2m | src/components/ChatSidebar.stories.jsx[2m > [22m[2mTool Call Create Unit
[22m[39m[Mock Data] AssistantChat.observeQuery() returning 0 items (filter applied) {
  "sortDirection": "DESC",
  "sortField": "createdAt",
}
[90mstdout[2m | src/components/ChatSidebar.stories.jsx[2m > [22m[2mTool Call Create Unit
[22m[39m[Mock Data] AssistantChat subscription added. Total subscriptions: 1
[90mstdout[2m | src/components/ChatSidebar.stories.jsx[2m > [22m[2mTool Call Create Unit
[22m[39m[ChatContext] Waiting for subscription to initialize
[90mstdout[2m | src/components/ChatSidebar.stories.jsx[2m > [22m[2mTool Call Create Unit
[22m[39m[SettingsContext] Setting up Settings subscription for user: mock-user-sub
[90mstdout[2m | src/components/ChatSidebar.stories.jsx[2m > [22m[2mTool Call Create Unit
[22m[39m[Mock Data] generateClient() called - returning mock client
[90mstdout[2m | src/components/ChatSidebar.stories.jsx[2m > [22m[2mTool Call Create Unit
[22m[39m[Mock amplifyClient] getAmplifyClient() called - returning mock client
[90mstdout[2m | src/components/ChatSidebar.stories.jsx[2m > [22m[2mTool Call Create Unit
[22m[39m[Mock Data] Settings.observeQuery() called with filter: undefined
[90mstdout[2m | src/components/ChatSidebar.stories.jsx[2m > [22m[2mTool Call Create Unit
[22m[39m[Mock Data] Settings.observeQuery() returning 0 items (filter applied) undefined
[90mstdout[2m | src/components/ChatSidebar.stories.jsx[2m > [22m[2mTool Call Create Unit
[22m[39m[Mock Data] Settings subscription added. Total subscriptions: 1
[90mstdout[2m | src/components/ChatSidebar.stories.jsx[2m > [22m[2mTool Call Create Unit
[22m[39m[SectionContext] Initial sections: 0 []
[90mstdout[2m | src/components/ChatSidebar.stories.jsx[2m > [22m[2mTool Call Create Unit
[22m[39m[Mock Data] Section.onCreate() called with filter: undefined
[90mstdout[2m | src/components/ChatSidebar.stories.jsx[2m > [22m[2mTool Call Create Unit
[22m[39m[Mock Data] Section.onCreate() subscription added. Total: 1
[90mstdout[2m | src/components/ChatSidebar.stories.jsx[2m > [22m[2mTool Call Create Unit
[22m[39m[Mock Data] Section.onUpdate() called with filter: undefined
[90mstdout[2m | src/components/ChatSidebar.stories.jsx[2m > [22m[2mTool Call Create Unit
[22m[39m[Mock Data] Section.onUpdate() subscription added. Total: 1
[90mstdout[2m | src/components/ChatSidebar.stories.jsx[2m > [22m[2mTool Call Create Unit
[22m[39m[Mock Data] Section.onDelete() called with filter: undefined
[90mstdout[2m | src/components/ChatSidebar.stories.jsx[2m > [22m[2mTool Call Create Unit
[22m[39m[Mock Data] Section.onDelete() subscription added. Total: 1
[90mstdout[2m | src/components/ChatSidebar.stories.jsx[2m > [22m[2mTool Call Create Unit
[22m[39m[Mock Data] Assignment.onCreate() called with filter: {
  "filter": {
    "unitID": {
      "eq": "mock-unit-id",
    },
  },
}
[90mstdout[2m | src/components/ChatSidebar.stories.jsx[2m > [22m[2mTool Call Create Unit
[22m[39m[Mock Data] Assignment.onCreate() subscription added. Total: 1
[90mstdout[2m | src/components/ChatSidebar.stories.jsx[2m > [22m[2mTool Call Create Unit
[22m[39m[Mock Data] Assignment.onUpdate() called with filter: {
  "filter": {
    "unitID": {
      "eq": "mock-unit-id",
    },
  },
}
[90mstdout[2m | src/components/ChatSidebar.stories.jsx[2m > [22m[2mTool Call Create Unit
[22m[39m[Mock Data] Assignment.onUpdate() subscription added. Total: 1
[90mstdout[2m | src/components/ChatSidebar.stories.jsx[2m > [22m[2mTool Call Create Unit
[22m[39m[Mock Data] Assignment.onDelete() called with filter: {
  "filter": {
    "unitID": {
      "eq": "mock-unit-id",
    },
  },
}
[90mstdout[2m | src/components/ChatSidebar.stories.jsx[2m > [22m[2mTool Call Create Unit
[22m[39m[Mock Data] Assignment.onDelete() subscription added. Total: 1
[90mstderr[2m | src/components/ChatSidebar.stories.jsx[2m > [22m[2mTool Call Create Unit
[22m[39mAn update to UnitProvider inside a test was not wrapped in act(...).

When testing, code that causes React state updates should be wrapped into act(...):

act(() => {
  /* fire events that update state */
});
/* assert on the output */

This ensures that you're testing the behavior the user would see in the browser. Learn more at https://react.dev/link/wrap-tests-with-act
[90mstderr[2m | src/components/ChatSidebar.stories.jsx[2m > [22m[2mTool Call Create Unit
[22m[39mAn update to UnitProvider inside a test was not wrapped in act(...).

When testing, code that causes React state updates should be wrapped into act(...):

act(() => {
  /* fire events that update state */
});
/* assert on the output */

This ensures that you're testing the behavior the user would see in the browser. Learn more at https://react.dev/link/wrap-tests-with-act
[90mstderr[2m | src/components/ChatSidebar.stories.jsx[2m > [22m[2mTool Call Create Unit
[22m[39mAn update to UnitProvider inside a test was not wrapped in act(...).

When testing, code that causes React state updates should be wrapped into act(...):

act(() => {
  /* fire events that update state */
});
/* assert on the output */

This ensures that you're testing the behavior the user would see in the browser. Learn more at https://react.dev/link/wrap-tests-with-act
[90mstderr[2m | src/components/ChatSidebar.stories.jsx[2m > [22m[2mTool Call Create Unit
[22m[39mAn update to UnitProvider inside a test was not wrapped in act(...).

When testing, code that causes React state updates should be wrapped into act(...):

act(() => {
  /* fire events that update state */
});
/* assert on the output */

This ensures that you're testing the behavior the user would see in the browser. Learn more at https://react.dev/link/wrap-tests-with-act
[90mstderr[2m | src/components/ChatSidebar.stories.jsx[2m > [22m[2mTool Call Create Unit
[22m[39mAn update to UnitProvider inside a test was not wrapped in act(...).

When testing, code that causes React state updates should be wrapped into act(...):

act(() => {
  /* fire events that update state */
});
/* assert on the output */

This ensures that you're testing the behavior the user would see in the browser. Learn more at https://react.dev/link/wrap-tests-with-act
[90mstderr[2m | src/components/ChatSidebar.stories.jsx[2m > [22m[2mTool Call Create Unit
[22m[39mAn update to UnitProvider inside a test was not wrapped in act(...).

When testing, code that causes React state updates should be wrapped into act(...):

act(() => {
  /* fire events that update state */
});
/* assert on the output */

This ensures that you're testing the behavior the user would see in the browser. Learn more at https://react.dev/link/wrap-tests-with-act
[90mstderr[2m | src/components/ChatSidebar.stories.jsx[2m > [22m[2mTool Call Create Unit
[22m[39mAn update to DictionaryProvider inside a test was not wrapped in act(...).

When testing, code that causes React state updates should be wrapped into act(...):

act(() => {
  /* fire events that update state */
});
/* assert on the output */

This ensures that you're testing the behavior the user would see in the browser. Learn more at https://react.dev/link/wrap-tests-with-act
[90mstderr[2m | src/components/ChatSidebar.stories.jsx[2m > [22m[2mTool Call Create Unit
[22m[39mAn update to DeferredStory inside a test was not wrapped in act(...).

When testing, code that causes React state updates should be wrapped into act(...):

act(() => {
  /* fire events that update state */
});
/* assert on the output */

This ensures that you're testing the behavior the user would see in the browser. Learn more at https://react.dev/link/wrap-tests-with-act
[90mstdout[2m | src/components/ChatSidebar.stories.jsx[2m > [22m[2mTool Call Create Unit
[22m[39m[FilesContext] File observeQuery subscription triggered:
[90mstdout[2m | src/components/ChatSidebar.stories.jsx[2m > [22m[2mTool Call Create Unit
[22m[39m  - items.length: 0
[90mstdout[2m | src/components/ChatSidebar.stories.jsx[2m > [22m[2mTool Call Create Unit
[22m[39m  - isSynced: true
[90mstdout[2m | src/components/ChatSidebar.stories.jsx[2m > [22m[2mTool Call Create Unit
[22m[39m  - items: []
[90mstdout[2m | src/components/ChatSidebar.stories.jsx[2m > [22m[2mTool Call Create Unit
[22m[39m[Mock Data] seedMockAssistantChats: Replacing with 1 assistant chats
[90mstdout[2m | src/components/ChatSidebar.stories.jsx[2m > [22m[2mTool Call Create Unit
[22m[39m[Mock Data] Notifying 1 AssistantChat subscriptions
[90mstderr[2m | src/components/ChatSidebar.stories.jsx[2m > [22m[2mTool Call Create Unit
[22m[39m[useTabContext] Used outside of TabProvider, returning default values
[90mstdout[2m | src/components/ChatSidebar.stories.jsx[2m > [22m[2mTool Call Create Unit
[22m[39m[ChatSidebar] Registered client-side tools: [
  "search_content",
  "create_section",
  "create_unit",
  "create_assignment",
  "add_timer_to_unit",
  "create_vocabulary_word",
  "create_question",
  "list_sections",
  "list_units",
  "get_unit_details",
  "update_unit",
  "delete_assignment",
]
[90mstdout[2m | src/components/ChatSidebar.stories.jsx[2m > [22m[2mTool Call Create Unit
[22m[39m[useTranslationWithCapture] t() called: {
  "key": "chatSidebar.aiAssistant",
  "mode": "off",
  "namespace": "components",
  "value": "AI Assistant",
}
[90mstdout[2m | src/components/ChatSidebar.stories.jsx[2m > [22m[2mTool Call Create Unit
[22m[39m[useTranslationWithCapture] t() called: {
  "key": "chatSidebar.newChat",
  "mode": "off",
  "namespace": "components",
  "value": "New chat",
}
[90mstdout[2m | src/components/ChatSidebar.stories.jsx[2m > [22m[2mTool Call Create Unit
[22m[39m[useTranslationWithCapture] t() called: {
  "key": "chatSidebar.archiveChat",
  "mode": "off",
  "namespace": "components",
  "value": "Archive chat",
}
[90mstdout[2m | src/components/ChatSidebar.stories.jsx[2m > [22m[2mTool Call Create Unit
[22m[39m[useTranslationWithCapture] t() called: {
  "key": "chatSidebar.welcomeMessage",
  "mode": "off",
  "namespace": "components",
  "value": "Ask me anything about your curriculum, files, or content!",
}
[90mstdout[2m | src/components/ChatSidebar.stories.jsx[2m > [22m[2mTool Call Create Unit
[22m[39m[useTranslationWithCapture] t() called: {
  "key": "chatSidebar.settingUpChat",
  "mode": "off",
  "namespace": "components",
  "value": "Setting up chat...",
}
[90mstdout[2m | src/components/ChatSidebar.stories.jsx[2m > [22m[2mTool Call Create Unit
[22m[39m[useTranslationWithCapture] t() called: {
  "key": "actions.send",
  "mode": "off",
  "namespace": "components",
  "value": "Send",
}
[90mstdout[2m | src/components/ChatSidebar.stories.jsx[2m > [22m[2mTool Call Create Unit
[22m[39m[useTranslationWithCapture] t() called: {
  "key": "chatSidebar.reviewImportVocabulary",
  "mode": "off",
  "namespace": "components",
  "value": "Review & Import Vocabulary",
}
[90mstdout[2m | src/components/ChatSidebar.stories.jsx[2m > [22m[2mTool Call Create Unit
[22m[39m[useTranslationWithCapture] t() called: {
  "key": "chatSidebar.confirm",
  "mode": "off",
  "namespace": "components",
  "value": "Confirm",
}
[90mstdout[2m | src/components/ChatSidebar.stories.jsx[2m > [22m[2mTool Call Create Unit
[22m[39m[useTranslationWithCapture] t() called: {
  "key": "chatSidebar.cancel",
  "mode": "off",
  "namespace": "components",
  "value": "Cancel",
}
[90mstderr[2m | src/components/ChatSidebar.stories.jsx[2m > [22m[2mTool Call Create Unit
[22m[39mAn update to ForwardRef(Portal2) inside a test was not wrapped in act(...).

When testing, code that causes React state updates should be wrapped into act(...):

act(() => {
  /* fire events that update state */
});
/* assert on the output */

This ensures that you're testing the behavior the user would see in the browser. Learn more at https://react.dev/link/wrap-tests-with-act
[90mstdout[2m | src/components/ChatSidebar.stories.jsx[2m > [22m[2mTool Call Create Unit
[22m[39m[chatTools] Vector store search function registered: true
[90mstdout[2m | src/components/ChatSidebar.stories.jsx[2m > [22m[2mTool Call Create Unit
[22m[39m[ChatSidebar] Registered vector store search, isReady: false
[90mstdout[2m | src/components/ChatSidebar.stories.jsx[2m > [22m[2mTool Call Create Unit
[22m[39m[ChatSidebar] Setting up Document subscription for user: undefined
[90mstdout[2m | src/components/ChatSidebar.stories.jsx[2m > [22m[2mTool Call Create Unit
[22m[39m[Mock Data] generateClient() called - returning mock client
[90mstdout[2m | src/components/ChatSidebar.stories.jsx[2m > [22m[2mTool Call Create Unit
[22m[39m[Mock amplifyClient] getAmplifyClient() called - returning mock client
[90mstdout[2m | src/components/ChatSidebar.stories.jsx[2m > [22m[2mTool Call Create Unit
[22m[39m[Mock Data] Document.observeQuery() called with filter: undefined
[90mstdout[2m | src/components/ChatSidebar.stories.jsx[2m > [22m[2mTool Call Create Unit
[22m[39m[Mock Data] Document.observeQuery() returning 0 items (filter applied) undefined
[90mstdout[2m | src/components/ChatSidebar.stories.jsx[2m > [22m[2mTool Call Create Unit
[22m[39m[Mock Data] Document subscription added. Total subscriptions: 2
[90mstdout[2m | src/components/ChatSidebar.stories.jsx[2m > [22m[2mTool Call Create Unit
[22m[39m[ChatContext] AssistantChat query update: 0 items (synced)
[90mstderr[2m | src/components/ChatSidebar.stories.jsx[2m > [22m[2mTool Call Create Unit
[22m[39mAn update to ChatContextProvider inside a test was not wrapped in act(...).

When testing, code that causes React state updates should be wrapped into act(...):

act(() => {
  /* fire events that update state */
});
/* assert on the output */

This ensures that you're testing the behavior the user would see in the browser. Learn more at https://react.dev/link/wrap-tests-with-act
[90mstdout[2m | src/components/ChatSidebar.stories.jsx[2m > [22m[2mTool Call Create Unit
[22m[39m[ChatContext] AssistantChat subscription initialized
[90mstderr[2m | src/components/ChatSidebar.stories.jsx[2m > [22m[2mTool Call Create Unit
[22m[39mAn update to ChatContextProvider inside a test was not wrapped in act(...).

When testing, code that causes React state updates should be wrapped into act(...):

act(() => {
  /* fire events that update state */
});
/* assert on the output */

This ensures that you're testing the behavior the user would see in the browser. Learn more at https://react.dev/link/wrap-tests-with-act
[90mstdout[2m | src/components/ChatSidebar.stories.jsx[2m > [22m[2mTool Call Create Unit
[22m[39m[ChatContext] AssistantChat list updated: 0 chats
[90mstderr[2m | src/components/ChatSidebar.stories.jsx[2m > [22m[2mTool Call Create Unit
[22m[39mAn update to ChatContextProvider inside a test was not wrapped in act(...).

When testing, code that causes React state updates should be wrapped into act(...):

act(() => {
  /* fire events that update state */
});
/* assert on the output */

This ensures that you're testing the behavior the user would see in the browser. Learn more at https://react.dev/link/wrap-tests-with-act
[90mstdout[2m | src/components/ChatSidebar.stories.jsx[2m > [22m[2mTool Call Create Unit
[22m[39m[Mock Data] Settings.create() called with: {
  "assistantVoice": "shimmer",
  "autoAnalyzeDocuments": true,
  "defaultAIModel": "gpt-4",
  "documentAnalysisModel": "gpt-4",
  "editorFontSize": 14,
  "editorTheme": "auto",
  "emailNotifications": true,
  "language": "en",
  "webhookNotifications": false,
}
[90mstdout[2m | src/components/ChatSidebar.stories.jsx[2m > [22m[2mTool Call Create Unit
[22m[39m[Mock Data] Settings created: mock-settings-1776336981831 - notified 1 subscribers
[90mstderr[2m | src/components/ChatSidebar.stories.jsx[2m > [22m[2mTool Call Create Unit
[22m[39mAn update to SettingsProvider inside a test was not wrapped in act(...).

When testing, code that causes React state updates should be wrapped into act(...):

act(() => {
  /* fire events that update state */
});
/* assert on the output */

This ensures that you're testing the behavior the user would see in the browser. Learn more at https://react.dev/link/wrap-tests-with-act
[90mstderr[2m | src/components/ChatSidebar.stories.jsx[2m > [22m[2mTool Call Create Unit
[22m[39mAn update to SettingsProvider inside a test was not wrapped in act(...).

When testing, code that causes React state updates should be wrapped into act(...):

act(() => {
  /* fire events that update state */
});
/* assert on the output */

This ensures that you're testing the behavior the user would see in the browser. Learn more at https://react.dev/link/wrap-tests-with-act
[90mstderr[2m | src/components/ChatSidebar.stories.jsx[2m > [22m[2mTool Call Create Unit
[22m[39mAn update to DeferredStory inside a test was not wrapped in act(...).

When testing, code that causes React state updates should be wrapped into act(...):

act(() => {
  /* fire events that update state */
});
/* assert on the output */

This ensures that you're testing the behavior the user would see in the browser. Learn more at https://react.dev/link/wrap-tests-with-act
[90mstdout[2m | src/components/ChatSidebar.stories.jsx[2m > [22m[2mTool Call Create Unit
[22m[39m[ChatContext] AssistantChat query update: 1 items (synced)
[90mstdout[2m | src/components/ChatSidebar.stories.jsx[2m > [22m[2mTool Call Create Unit
[22m[39m[ChatContext] First item details: {
  "id": "create-unit-chat",
  "updatedAt": "2026-04-16T10:56:21.802Z",
}
[90mstderr[2m | src/components/ChatSidebar.stories.jsx[2m > [22m[2mTool Call Create Unit
[22m[39mAn update to ChatContextProvider inside a test was not wrapped in act(...).

When testing, code that causes React state updates should be wrapped into act(...):

act(() => {
  /* fire events that update state */
});
/* assert on the output */

This ensures that you're testing the behavior the user would see in the browser. Learn more at https://react.dev/link/wrap-tests-with-act
[90mstdout[2m | src/components/ChatSidebar.stories.jsx[2m > [22m[2mTool Call Create Unit
[22m[39m[ChatContext] AssistantChat list updated: 1 chats
[90mstderr[2m | src/components/ChatSidebar.stories.jsx[2m > [22m[2mTool Call Create Unit
[22m[39mAn update to ChatContextProvider inside a test was not wrapped in act(...).

When testing, code that causes React state updates should be wrapped into act(...):

act(() => {
  /* fire events that update state */
});
/* assert on the output */

This ensures that you're testing the behavior the user would see in the browser. Learn more at https://react.dev/link/wrap-tests-with-act
[90mstdout[2m | src/components/ChatSidebar.stories.jsx[2m > [22m[2mTool Call Create Unit
[22m[39m[ChatContext] No chats found, clearing current chat - new one will be created
[90mstdout[2m | src/components/ChatSidebar.stories.jsx[2m > [22m[2mTool Call Create Unit
[22m[39m[ChatContext] Setting initial chat: create-unit-chat
[90mstderr[2m | src/components/ChatSidebar.stories.jsx[2m > [22m[2mTool Call Create Unit
[22m[39m[useTabContext] Used outside of TabProvider, returning default values
[90mstdout[2m | src/components/ChatSidebar.stories.jsx[2m > [22m[2mTool Call Create Unit
[22m[39m[useTranslationWithCapture] t() called: {
  "key": "chatSidebar.aiAssistant",
  "mode": "off",
  "namespace": "components",
  "value": "AI Assistant",
}
[90mstdout[2m | src/components/ChatSidebar.stories.jsx[2m > [22m[2mTool Call Create Unit
[22m[39m[useTranslationWithCapture] t() called: {
  "key": "chatSidebar.newChat",
  "mode": "off",
  "namespace": "components",
  "value": "New chat",
}
[90mstdout[2m | src/components/ChatSidebar.stories.jsx[2m > [22m[2mTool Call Create Unit
[22m[39m[useTranslationWithCapture] t() called: {
  "key": "chatSidebar.archiveChat",
  "mode": "off",
  "namespace": "components",
  "value": "Archive chat",
}
[90mstdout[2m | src/components/ChatSidebar.stories.jsx[2m > [22m[2mTool Call Create Unit
[22m[39m[useTranslationWithCapture] t() called: {
  "key": "chatSidebar.welcomeMessage",
  "mode": "off",
  "namespace": "components",
  "value": "Ask me anything about your curriculum, files, or content!",
}
[90mstdout[2m | src/components/ChatSidebar.stories.jsx[2m > [22m[2mTool Call Create Unit
[22m[39m[useTranslationWithCapture] t() called: {
  "key": "chatSidebar.askMeAnything",
  "mode": "off",
  "namespace": "components",
  "value": "Ask me anything...",
}
[90mstdout[2m | src/components/ChatSidebar.stories.jsx[2m > [22m[2mTool Call Create Unit
[22m[39m[useTranslationWithCapture] t() called: {
  "key": "actions.send",
  "mode": "off",
  "namespace": "components",
  "value": "Send",
}
[90mstdout[2m | src/components/ChatSidebar.stories.jsx[2m > [22m[2mTool Call Create Unit
[22m[39m[useTranslationWithCapture] t() called: {
  "key": "chatSidebar.reviewImportVocabulary",
  "mode": "off",
  "namespace": "components",
  "value": "Review & Import Vocabulary",
}
[90mstdout[2m | src/components/ChatSidebar.stories.jsx[2m > [22m[2mTool Call Create Unit
[22m[39m[useTranslationWithCapture] t() called: {
  "key": "chatSidebar.confirm",
  "mode": "off",
  "namespace": "components",
  "value": "Confirm",
}
[90mstdout[2m | src/components/ChatSidebar.stories.jsx[2m > [22m[2mTool Call Create Unit
[22m[39m[useTranslationWithCapture] t() called: {
  "key": "chatSidebar.cancel",
  "mode": "off",
  "namespace": "components",
  "value": "Cancel",
}
[90mstderr[2m | src/components/ChatSidebar.stories.jsx[2m > [22m[2mTool Call Create Unit
[22m[39mAn update to ForwardRef(FormControl2) inside a test was not wrapped in act(...).

When testing, code that causes React state updates should be wrapped into act(...):

act(() => {
  /* fire events that update state */
});
/* assert on the output */

This ensures that you're testing the behavior the user would see in the browser. Learn more at https://react.dev/link/wrap-tests-with-act
[90mstderr[2m | src/components/ChatSidebar.stories.jsx[2m > [22m[2mTool Call Create Unit
[22m[39mAn update to ChatSidebar inside a test was not wrapped in act(...).

When testing, code that causes React state updates should be wrapped into act(...):

act(() => {
  /* fire events that update state */
});
/* assert on the output */

This ensures that you're testing the behavior the user would see in the browser. Learn more at https://react.dev/link/wrap-tests-with-act
[90mstdout[2m | src/components/ChatSidebar.stories.jsx[2m > [22m[2mTool Call Create Unit
[22m[39m[ChatSidebar] Loading messages for chat: create-unit-chat count: 3
[90mstdout[2m | src/components/ChatSidebar.stories.jsx[2m > [22m[2mTool Call Create Unit
[22m[39m[ChatSidebar] deepCloneMessages: cloned 3 messages
[90mstderr[2m | src/components/ChatSidebar.stories.jsx[2m > [22m[2mTool Call Create Unit
[22m[39mAn update to ChatSidebar inside a test was not wrapped in act(...).

When testing, code that causes React state updates should be wrapped into act(...):

act(() => {
  /* fire events that update state */
});
/* assert on the output */

This ensures that you're testing the behavior the user would see in the browser. Learn more at https://react.dev/link/wrap-tests-with-act
[90mstderr[2m | src/components/ChatSidebar.stories.jsx[2m > [22m[2mTool Call Create Unit
[22m[39mAn update to ChatSidebar inside a test was not wrapped in act(...).

When testing, code that causes React state updates should be wrapped into act(...):

act(() => {
  /* fire events that update state */
});
/* assert on the output */

This ensures that you're testing the behavior the user would see in the browser. Learn more at https://react.dev/link/wrap-tests-with-act
[90mstderr[2m | src/components/ChatSidebar.stories.jsx[2m > [22m[2mTool Call Create Unit
[22m[39mAn update to ChatSidebar inside a test was not wrapped in act(...).

When testing, code that causes React state updates should be wrapped into act(...):

act(() => {
  /* fire events that update state */
});
/* assert on the output */

This ensures that you're testing the behavior the user would see in the browser. Learn more at https://react.dev/link/wrap-tests-with-act
[90mstdout[2m | src/components/ChatSidebar.stories.jsx[2m > [22m[2mTool Call Create Unit
[22m[39m[Mock Data] generateClient() called - returning mock client
[90mstdout[2m | src/components/ChatSidebar.stories.jsx[2m > [22m[2mTool Call Create Unit
[22m[39m[Mock amplifyClient] getAmplifyClient() called - returning mock client
[90mstdout[2m | src/components/ChatSidebar.stories.jsx[2m > [22m[2mTool Call Create Unit
[22m[39m[Mock Data] AssistantChatFile.list() called with options: {
  "filter": {
    "chatID": {
      "eq": "create-unit-chat",
    },
  },
}
[90mstdout[2m | src/components/ChatSidebar.stories.jsx[2m > [22m[2mTool Call Create Unit
[22m[39m[ChatContext] Chat exists and not archived, skipping creation
[90mstderr[2m | src/components/ChatSidebar.stories.jsx[2m > [22m[2mTool Call Create Unit
[22m[39m[useTabContext] Used outside of TabProvider, returning default values
[90mstdout[2m | src/components/ChatSidebar.stories.jsx[2m > [22m[2mTool Call Create Unit
[22m[39m[ChatSidebar] useChat status: ready messages: 3 toolCalls: 0
[90mstdout[2m | src/components/ChatSidebar.stories.jsx[2m > [22m[2mTool Call Create Unit
[22m[39m[useTranslationWithCapture] t() called: {
  "key": "chatSidebar.aiAssistant",
  "mode": "off",
  "namespace": "components",
  "value": "AI Assistant",
}
[90mstdout[2m | src/components/ChatSidebar.stories.jsx[2m > [22m[2mTool Call Create Unit
[22m[39m[useTranslationWithCapture] t() called: {
  "key": "chatSidebar.newChat",
  "mode": "off",
  "namespace": "components",
  "value": "New chat",
}
[90mstdout[2m | src/components/ChatSidebar.stories.jsx[2m > [22m[2mTool Call Create Unit
[22m[39m[useTranslationWithCapture] t() called: {
  "key": "chatSidebar.archiveChat",
  "mode": "off",
  "namespace": "components",
  "value": "Archive chat",
}
[90mstdout[2m | src/components/ChatSidebar.stories.jsx[2m > [22m[2mTool Call Create Unit
[22m[39m[useTranslationWithCapture] t() called: {
  "key": "chatSidebar.welcomeMessage",
  "mode": "off",
  "namespace": "components",
  "value": "Ask me anything about your curriculum, files, or content!",
}
[90mstdout[2m | src/components/ChatSidebar.stories.jsx[2m > [22m[2mTool Call Create Unit
[22m[39m[useTranslationWithCapture] t() called: {
  "key": "chatSidebar.askMeAnything",
  "mode": "off",
  "namespace": "components",
  "value": "Ask me anything...",
}
[90mstdout[2m | src/components/ChatSidebar.stories.jsx[2m > [22m[2mTool Call Create Unit
[22m[39m[useTranslationWithCapture] t() called: {
  "key": "actions.send",
  "mode": "off",
  "namespace": "components",
  "value": "Send",
}
[90mstdout[2m | src/components/ChatSidebar.stories.jsx[2m > [22m[2mTool Call Create Unit
[22m[39m[useTranslationWithCapture] t() called: {
  "key": "chatSidebar.reviewImportVocabulary",
  "mode": "off",
  "namespace": "components",
  "value": "Review & Import Vocabulary",
}
[90mstdout[2m | src/components/ChatSidebar.stories.jsx[2m > [22m[2mTool Call Create Unit
[22m[39m[useTranslationWithCapture] t() called: {
  "key": "chatSidebar.confirm",
  "mode": "off",
  "namespace": "components",
  "value": "Confirm",
}
[90mstdout[2m | src/components/ChatSidebar.stories.jsx[2m > [22m[2mTool Call Create Unit
[22m[39m[useTranslationWithCapture] t() called: {
  "key": "chatSidebar.cancel",
  "mode": "off",
  "namespace": "components",
  "value": "Cancel",
}
[90mstdout[2m | src/components/ChatSidebar.stories.jsx[2m > [22m[2mTool Call Create Unit
[22m[39m[useTranslationWithCapture] t() called: {
  "key": "chatSidebar.messageList.chatMessagesLabel",
  "mode": "off",
  "namespace": "components",
  "value": "Chat messages",
}
[90mstderr[2m | src/components/ChatSidebar.stories.jsx[2m > [22m[2mTool Call Create Unit
[22m[39mAn update to VirtualizedMessageList inside a test was not wrapped in act(...).

When testing, code that causes React state updates should be wrapped into act(...):

act(() => {
  /* fire events that update state */
});
/* assert on the output */

This ensures that you're testing the behavior the user would see in the browser. Learn more at https://react.dev/link/wrap-tests-with-act
[90mstderr[2m | src/components/ChatSidebar.stories.jsx[2m > [22m[2mTool Call Create Unit
[22m[39mAn update to ForwardRef(FormControl2) inside a test was not wrapped in act(...).

When testing, code that causes React state updates should be wrapped into act(...):

act(() => {
  /* fire events that update state */
});
/* assert on the output */

This ensures that you're testing the behavior the user would see in the browser. Learn more at https://react.dev/link/wrap-tests-with-act
[90mstdout[2m | src/components/ChatSidebar.stories.jsx[2m > [22m[2mTool Call Create Unit
[22m[39m[useTranslationWithCapture] t() called: {
  "key": "chatSidebar.messageList.chatMessagesLabel",
  "mode": "off",
  "namespace": "components",
  "value": "Chat messages",
}
[90mstdout[2m | src/components/ChatSidebar.stories.jsx[2m > [22m[2mTool Call Create Unit
[22m[39m[useTranslationWithCapture] t() called: {
  "key": "chatSidebar.complete",
  "mode": "off",
  "namespace": "components",
  "value": "✓ Complete",
}
[90mstdout[2m | src/components/ChatSidebar.stories.jsx[2m > [22m[2mTool Call Create Unit
[22m[39m[useTranslationWithCapture] t() called: {
  "key": "aiFeedbackWidget.whatToImprove",
  "mode": "off",
  "namespace": "components",
  "value": "What could be improved?",
}
[90mstdout[2m | src/components/ChatSidebar.stories.jsx[2m > [22m[2mTool Call Create Unit
[22m[39m[useTranslationWithCapture] t() called: {
  "key": "aiFeedbackWidget.selectAllThatApply",
  "mode": "off",
  "namespace": "components",
  "value": "Select all that apply:",
}
[90mstdout[2m | src/components/ChatSidebar.stories.jsx[2m > [22m[2mTool Call Create Unit
[22m[39m[useTranslationWithCapture] t() called: {
  "key": "aiFeedbackWidget.cancel",
  "mode": "off",
  "namespace": "components",
  "value": "Cancel",
}
[90mstdout[2m | src/components/ChatSidebar.stories.jsx[2m > [22m[2mTool Call Create Unit
[22m[39m[useTranslationWithCapture] t() called: {
  "key": "aiFeedbackWidget.submit",
  "mode": "off",
  "namespace": "components",
  "value": "Submit",
}
[90mstdout[2m | src/components/ChatSidebar.stories.jsx[2m > [22m[2mTool Call Create Unit
[22m[39m[useTranslationWithCapture] t() called: {
  "key": "aiFeedbackWidget.whatToImprove",
  "mode": "off",
  "namespace": "components",
  "value": "What could be improved?",
}
[90mstdout[2m | src/components/ChatSidebar.stories.jsx[2m > [22m[2mTool Call Create Unit
[22m[39m[useTranslationWithCapture] t() called: {
  "key": "aiFeedbackWidget.selectAllThatApply",
  "mode": "off",
  "namespace": "components",
  "value": "Select all that apply:",
}
[90mstdout[2m | src/components/ChatSidebar.stories.jsx[2m > [22m[2mTool Call Create Unit
[22m[39m[useTranslationWithCapture] t() called: {
  "key": "aiFeedbackWidget.cancel",
  "mode": "off",
  "namespace": "components",
  "value": "Cancel",
}
[90mstdout[2m | src/components/ChatSidebar.stories.jsx[2m > [22m[2mTool Call Create Unit
[22m[39m[useTranslationWithCapture] t() called: {
  "key": "aiFeedbackWidget.submit",
  "mode": "off",
  "namespace": "components",
  "value": "Submit",
}
[90mstderr[2m | src/components/ChatSidebar.stories.jsx[2m > [22m[2mTool Call Create Unit
[22m[39mAn update to VirtualizedMessageList inside a test was not wrapped in act(...).

When testing, code that causes React state updates should be wrapped into act(...):

act(() => {
  /* fire events that update state */
});
/* assert on the output */

This ensures that you're testing the behavior the user would see in the browser. Learn more at https://react.dev/link/wrap-tests-with-act
[90mstderr[2m | src/components/ChatSidebar.stories.jsx[2m > [22m[2mTool Call Create Unit
[22m[39mAn update to ForwardRef(Tooltip2) inside a test was not wrapped in act(...).

When testing, code that causes React state updates should be wrapped into act(...):

act(() => {
  /* fire events that update state */
});
/* assert on the output */

This ensures that you're testing the behavior the user would see in the browser. Learn more at https://react.dev/link/wrap-tests-with-act
[90mstderr[2m | src/components/ChatSidebar.stories.jsx[2m > [22m[2mTool Call Create Unit
[22m[39mAn update to ForwardRef(Tooltip2) inside a test was not wrapped in act(...).

When testing, code that causes React state updates should be wrapped into act(...):

act(() => {
  /* fire events that update state */
});
/* assert on the output */

This ensures that you're testing the behavior the user would see in the browser. Learn more at https://react.dev/link/wrap-tests-with-act
[90mstderr[2m | src/components/ChatSidebar.stories.jsx[2m > [22m[2mTool Call Create Unit
[22m[39mAn update to VirtualizedMessageList inside a test was not wrapped in act(...).

When testing, code that causes React state updates should be wrapped into act(...):

act(() => {
  /* fire events that update state */
});
/* assert on the output */

This ensures that you're testing the behavior the user would see in the browser. Learn more at https://react.dev/link/wrap-tests-with-act
[90mstderr[2m | src/components/ChatSidebar.stories.jsx[2m > [22m[2mTool Call Create Unit
[22m[39mAn update to ForwardRef(Tooltip2) inside a test was not wrapped in act(...).

When testing, code that causes React state updates should be wrapped into act(...):

act(() => {
  /* fire events that update state */
});
/* assert on the output */

This ensures that you're testing the behavior the user would see in the browser. Learn more at https://react.dev/link/wrap-tests-with-act
[90mstderr[2m | src/components/ChatSidebar.stories.jsx[2m > [22m[2mTool Call Create Unit
[22m[39mAn update to ForwardRef(Tooltip2) inside a test was not wrapped in act(...).

When testing, code that causes React state updates should be wrapped into act(...):

act(() => {
  /* fire events that update state */
});
/* assert on the output */

This ensures that you're testing the behavior the user would see in the browser. Learn more at https://react.dev/link/wrap-tests-with-act
[90mstderr[2m | src/components/ChatSidebar.stories.jsx[2m > [22m[2mTool Call Create Unit
[22m[39mAn update to VirtualizedMessageList inside a test was not wrapped in act(...).

When testing, code that causes React state updates should be wrapped into act(...):

act(() => {
  /* fire events that update state */
});
/* assert on the output */

This ensures that you're testing the behavior the user would see in the browser. Learn more at https://react.dev/link/wrap-tests-with-act
[90mstdout[2m | src/components/ChatSidebar.stories.jsx[2m > [22m[2mTool Call Create Unit
[22m[39m[useTranslationWithCapture] t() called: {
  "key": "chatSidebar.messageList.chatMessagesLabel",
  "mode": "off",
  "namespace": "components",
  "value": "Chat messages",
}
[90mstdout[2m | src/components/ChatSidebar.stories.jsx[2m > [22m[2mTool Call Create Unit
[22m[39m[useTranslationWithCapture] t() called: {
  "key": "chatSidebar.complete",
  "mode": "off",
  "namespace": "components",
  "value": "✓ Complete",
}
[90mstdout[2m | src/components/ChatSidebar.stories.jsx[2m > [22m[2mTool Call Create Unit
[22m[39m[useTranslationWithCapture] t() called: {
  "key": "aiFeedbackWidget.whatToImprove",
  "mode": "off",
  "namespace": "components",
  "value": "What could be improved?",
}
[90mstdout[2m | src/components/ChatSidebar.stories.jsx[2m > [22m[2mTool Call Create Unit
[22m[39m[useTranslationWithCapture] t() called: {
  "key": "aiFeedbackWidget.selectAllThatApply",
  "mode": "off",
  "namespace": "components",
  "value": "Select all that apply:",
}
[90mstdout[2m | src/components/ChatSidebar.stories.jsx[2m > [22m[2mTool Call Create Unit
[22m[39m[useTranslationWithCapture] t() called: {
  "key": "aiFeedbackWidget.cancel",
  "mode": "off",
  "namespace": "components",
  "value": "Cancel",
}
[90mstdout[2m | src/components/ChatSidebar.stories.jsx[2m > [22m[2mTool Call Create Unit
[22m[39m[useTranslationWithCapture] t() called: {
  "key": "aiFeedbackWidget.submit",
  "mode": "off",
  "namespace": "components",
  "value": "Submit",
}
[90mstdout[2m | src/components/ChatSidebar.stories.jsx[2m > [22m[2mTool Call Create Unit
[22m[39m[useTranslationWithCapture] t() called: {
  "key": "aiFeedbackWidget.whatToImprove",
  "mode": "off",
  "namespace": "components",
  "value": "What could be improved?",
}
[90mstdout[2m | src/components/ChatSidebar.stories.jsx[2m > [22m[2mTool Call Create Unit
[22m[39m[useTranslationWithCapture] t() called: {
  "key": "aiFeedbackWidget.selectAllThatApply",
  "mode": "off",
  "namespace": "components",
  "value": "Select all that apply:",
}
[90mstdout[2m | src/components/ChatSidebar.stories.jsx[2m > [22m[2mTool Call Create Unit
[22m[39m[useTranslationWithCapture] t() called: {
  "key": "aiFeedbackWidget.cancel",
  "mode": "off",
  "namespace": "components",
  "value": "Cancel",
}
[90mstdout[2m | src/components/ChatSidebar.stories.jsx[2m > [22m[2mTool Call Create Unit
[22m[39m[useTranslationWithCapture] t() called: {
  "key": "aiFeedbackWidget.submit",
  "mode": "off",
  "namespace": "components",
  "value": "Submit",
}
[90mstderr[2m | src/components/ChatSidebar.stories.jsx[2m > [22m[2mTool Call Create Unit
[22m[39mAn update to ChatSidebar inside a test was not wrapped in act(...).

When testing, code that causes React state updates should be wrapped into act(...):

act(() => {
  /* fire events that update state */
});
/* assert on the output */

This ensures that you're testing the behavior the user would see in the browser. Learn more at https://react.dev/link/wrap-tests-with-act
[90mstderr[2m | src/components/ChatSidebar.stories.jsx[2m > [22m[2mTool Call Create Unit
[22m[39mAn update to Placeholder inside a test was not wrapped in act(...).

When testing, code that causes React state updates should be wrapped into act(...):

act(() => {
  /* fire events that update state */
});
/* assert on the output */

This ensures that you're testing the behavior the user would see in the browser. Learn more at https://react.dev/link/wrap-tests-with-act
[90mstderr[2m | src/components/ChatSidebar.stories.jsx[2m > [22m[2mTool Call Create Unit
[22m[39mAn update to Placeholder inside a test was not wrapped in act(...).

When testing, code that causes React state updates should be wrapped into act(...):

act(() => {
  /* fire events that update state */
});
/* assert on the output */

This ensures that you're testing the behavior the user would see in the browser. Learn more at https://react.dev/link/wrap-tests-with-act
[90mstderr[2m | src/components/ChatSidebar.stories.jsx[2m > [22m[2mTool Call Create Unit
[22m[39mAn update to Placeholder inside a test was not wrapped in act(...).

When testing, code that causes React state updates should be wrapped into act(...):

act(() => {
  /* fire events that update state */
});
/* assert on the output */

This ensures that you're testing the behavior the user would see in the browser. Learn more at https://react.dev/link/wrap-tests-with-act
[90mstderr[2m | src/components/ChatSidebar.stories.jsx[2m > [22m[2mTool Call Create Unit
[22m[39mAn update to VirtualizedMessageList inside a test was not wrapped in act(...).

When testing, code that causes React state updates should be wrapped into act(...):

act(() => {
  /* fire events that update state */
});
/* assert on the output */

This ensures that you're testing the behavior the user would see in the browser. Learn more at https://react.dev/link/wrap-tests-with-act
[90mstderr[2m | src/components/ChatSidebar.stories.jsx[2m > [22m[2mTool Call Create Unit
[22m[39mAn update to VirtualizedMessageList inside a test was not wrapped in act(...).

When testing, code that causes React state updates should be wrapped into act(...):

act(() => {
  /* fire events that update state */
});
/* assert on the output */

This ensures that you're testing the behavior the user would see in the browser. Learn more at https://react.dev/link/wrap-tests-with-act
[90mstderr[2m | src/components/ChatSidebar.stories.jsx[2m > [22m[2mTool Call Create Unit
[22m[39mAn update to VirtualizedMessageList inside a test was not wrapped in act(...).

When testing, code that causes React state updates should be wrapped into act(...):

act(() => {
  /* fire events that update state */
});
/* assert on the output */

This ensures that you're testing the behavior the user would see in the browser. Learn more at https://react.dev/link/wrap-tests-with-act
[90mstderr[2m | src/components/ChatSidebar.stories.jsx[2m > [22m[2mTool Call Create Unit
[22m[39mAn update to DictionaryProvider inside a test was not wrapped in act(...).

When testing, code that causes React state updates should be wrapped into act(...):

act(() => {
  /* fire events that update state */
});
/* assert on the output */

This ensures that you're testing the behavior the user would see in the browser. Learn more at https://react.dev/link/wrap-tests-with-act
[90mstderr[2m | src/components/ChatSidebar.stories.jsx[2m > [22m[2mTool Call Create Unit
[22m[39mAn update to DictionaryProvider inside a test was not wrapped in act(...).

When testing, code that causes React state updates should be wrapped into act(...):

act(() => {
  /* fire events that update state */
});
/* assert on the output */

This ensures that you're testing the behavior the user would see in the browser. Learn more at https://react.dev/link/wrap-tests-with-act
[90mstderr[2m | src/components/ChatSidebar.stories.jsx[2m > [22m[2mTool Call Create Unit
[22m[39mAn update to VirtualizedMessageList inside a test was not wrapped in act(...).

When testing, code that causes React state updates should be wrapped into act(...):

act(() => {
  /* fire events that update state */
});
/* assert on the output */

This ensures that you're testing the behavior the user would see in the browser. Learn more at https://react.dev/link/wrap-tests-with-act
[90mstderr[2m | src/components/ChatSidebar.stories.jsx[2m > [22m[2mTool Call Create Unit
[22m[39mAn update to VirtualizedMessageList inside a test was not wrapped in act(...).

When testing, code that causes React state updates should be wrapped into act(...):

act(() => {
  /* fire events that update state */
});
/* assert on the output */

This ensures that you're testing the behavior the user would see in the browser. Learn more at https://react.dev/link/wrap-tests-with-act
[90mstderr[2m | src/components/ChatSidebar.stories.jsx[2m > [22m[2mTool Call Create Unit
[22m[39m[useTabContext] Used outside of TabProvider, returning default values
[90mstdout[2m | src/components/ChatSidebar.stories.jsx[2m > [22m[2mTool Call Create Unit
[22m[39m[ChatSidebar] useChat status: ready messages: 3 toolCalls: 0
[90mstdout[2m | src/components/ChatSidebar.stories.jsx[2m > [22m[2mTool Call Create Unit
[22m[39m[useTranslationWithCapture] t() called: {
  "key": "chatSidebar.aiAssistant",
  "mode": "off",
  "namespace": "components",
  "value": "AI Assistant",
}
[90mstdout[2m | src/components/ChatSidebar.stories.jsx[2m > [22m[2mTool Call Create Unit
[22m[39m[useTranslationWithCapture] t() called: {
  "key": "chatSidebar.newChat",
  "mode": "off",
  "namespace": "components",
  "value": "New chat",
}
[90mstdout[2m | src/components/ChatSidebar.stories.jsx[2m > [22m[2mTool Call Create Unit
[22m[39m[useTranslationWithCapture] t() called: {
  "key": "chatSidebar.archiveChat",
  "mode": "off",
  "namespace": "components",
  "value": "Archive chat",
}
[90mstdout[2m | src/components/ChatSidebar.stories.jsx[2m > [22m[2mTool Call Create Unit
[22m[39m[useTranslationWithCapture] t() called: {
  "key": "chatSidebar.welcomeMessage",
  "mode": "off",
  "namespace": "components",
  "value": "Ask me anything about your curriculum, files, or content!",
}
[90mstdout[2m | src/components/ChatSidebar.stories.jsx[2m > [22m[2mTool Call Create Unit
[22m[39m[useTranslationWithCapture] t() called: {
  "key": "chatSidebar.askMeAnything",
  "mode": "off",
  "namespace": "components",
  "value": "Ask me anything...",
}
[90mstdout[2m | src/components/ChatSidebar.stories.jsx[2m > [22m[2mTool Call Create Unit
[22m[39m[useTranslationWithCapture] t() called: {
  "key": "actions.send",
  "mode": "off",
  "namespace": "components",
  "value": "Send",
}
[90mstdout[2m | src/components/ChatSidebar.stories.jsx[2m > [22m[2mTool Call Create Unit
[22m[39m[useTranslationWithCapture] t() called: {
  "key": "chatSidebar.reviewImportVocabulary",
  "mode": "off",
  "namespace": "components",
  "value": "Review & Import Vocabulary",
}
[90mstdout[2m | src/components/ChatSidebar.stories.jsx[2m > [22m[2mTool Call Create Unit
[22m[39m[useTranslationWithCapture] t() called: {
  "key": "chatSidebar.confirm",
  "mode": "off",
  "namespace": "components",
  "value": "Confirm",
}
[90mstdout[2m | src/components/ChatSidebar.stories.jsx[2m > [22m[2mTool Call Create Unit
[22m[39m[useTranslationWithCapture] t() called: {
  "key": "chatSidebar.cancel",
  "mode": "off",
  "namespace": "components",
  "value": "Cancel",
}
[90mstdout[2m | src/components/ChatSidebar.stories.jsx[2m > [22m[2mTool Call Create Unit
[22m[39m[useTranslationWithCapture] t() called: {
  "key": "chatSidebar.messageList.chatMessagesLabel",
  "mode": "off",
  "namespace": "components",
  "value": "Chat messages",
}
[90mstdout[2m | src/components/ChatSidebar.stories.jsx[2m > [22m[2mTool Call Create Unit
[22m[39m[useTranslationWithCapture] t() called: {
  "key": "chatSidebar.complete",
  "mode": "off",
  "namespace": "components",
  "value": "✓ Complete",
}
[90mstdout[2m | src/components/ChatSidebar.stories.jsx[2m > [22m[2mTool Call Create Unit
[22m[39m[useTranslationWithCapture] t() called: {
  "key": "aiFeedbackWidget.whatToImprove",
  "mode": "off",
  "namespace": "components",
  "value": "What could be improved?",
}
[90mstdout[2m | src/components/ChatSidebar.stories.jsx[2m > [22m[2mTool Call Create Unit
[22m[39m[useTranslationWithCapture] t() called: {
  "key": "aiFeedbackWidget.selectAllThatApply",
  "mode": "off",
  "namespace": "components",
  "value": "Select all that apply:",
}
[90mstdout[2m | src/components/ChatSidebar.stories.jsx[2m > [22m[2mTool Call Create Unit
[22m[39m[useTranslationWithCapture] t() called: {
  "key": "aiFeedbackWidget.cancel",
  "mode": "off",
  "namespace": "components",
  "value": "Cancel",
}
[90mstdout[2m | src/components/ChatSidebar.stories.jsx[2m > [22m[2mTool Call Create Unit
[22m[39m[useTranslationWithCapture] t() called: {
  "key": "aiFeedbackWidget.submit",
  "mode": "off",
  "namespace": "components",
  "value": "Submit",
}
[90mstdout[2m | src/components/ChatSidebar.stories.jsx[2m > [22m[2mTool Call Create Unit
[22m[39m[useTranslationWithCapture] t() called: {
  "key": "aiFeedbackWidget.whatToImprove",
  "mode": "off",
  "namespace": "components",
  "value": "What could be improved?",
}
[90mstdout[2m | src/components/ChatSidebar.stories.jsx[2m > [22m[2mTool Call Create Unit
[22m[39m[useTranslationWithCapture] t() called: {
  "key": "aiFeedbackWidget.selectAllThatApply",
  "mode": "off",
  "namespace": "components",
  "value": "Select all that apply:",
}
[90mstdout[2m | src/components/ChatSidebar.stories.jsx[2m > [22m[2mTool Call Create Unit
[22m[39m[useTranslationWithCapture] t() called: {
  "key": "aiFeedbackWidget.cancel",
  "mode": "off",
  "namespace": "components",
  "value": "Cancel",
}
[90mstdout[2m | src/components/ChatSidebar.stories.jsx[2m > [22m[2mTool Call Create Unit
[22m[39m[useTranslationWithCapture] t() called: {
  "key": "aiFeedbackWidget.submit",
  "mode": "off",
  "namespace": "components",
  "value": "Submit",
}
[90mstdout[2m | src/components/ChatSidebar.stories.jsx[2m > [22m[2mTool Call Create Unit
[22m[39m[Mock Data] generateClient() called - returning mock client
[90mstdout[2m | src/components/ChatSidebar.stories.jsx[2m > [22m[2mTool Call Create Unit
[22m[39m[Mock amplifyClient] getAmplifyClient() called - returning mock client
[90mstdout[2m | src/components/ChatSidebar.stories.jsx[2m > [22m[2mTool Call Create Unit
[22m[39m[Mock Data] AssistantChatFile.list() called with options: {
  "filter": {
    "chatID": {
      "eq": "create-unit-chat",
    },
  },
}
[90mstderr[2m | src/components/ChatSidebar.stories.jsx[2m > [22m[2mTool Call Generate Content
[22m[39mAn update to VirtualizedMessageList inside a test was not wrapped in act(...).

When testing, code that causes React state updates should be wrapped into act(...):

act(() => {
  /* fire events that update state */
});
/* assert on the output */

This ensures that you're testing the behavior the user would see in the browser. Learn more at https://react.dev/link/wrap-tests-with-act
[90mstderr[2m | src/components/ChatSidebar.stories.jsx[2m > [22m[2mTool Call Generate Content
[22m[39mAn update to VirtualizedMessageList inside a test was not wrapped in act(...).

When testing, code that causes React state updates should be wrapped into act(...):

act(() => {
  /* fire events that update state */
});
/* assert on the output */

This ensures that you're testing the behavior the user would see in the browser. Learn more at https://react.dev/link/wrap-tests-with-act
[90mstdout[2m | src/components/ChatSidebar.stories.jsx[2m > [22m[2mTool Call Generate Content
[22m[39m[useTranslationWithCapture] t() called: {
  "key": "chatSidebar.messageList.chatMessagesLabel",
  "mode": "off",
  "namespace": "components",
  "value": "Chat messages",
}
[90mstdout[2m | src/components/ChatSidebar.stories.jsx[2m > [22m[2mTool Call Generate Content
[22m[39m[useTranslationWithCapture] t() called: {
  "key": "chatSidebar.complete",
  "mode": "off",
  "namespace": "components",
  "value": "✓ Complete",
}
[90mstdout[2m | src/components/ChatSidebar.stories.jsx[2m > [22m[2mTool Call Generate Content
[22m[39m[useTranslationWithCapture] t() called: {
  "key": "aiFeedbackWidget.whatToImprove",
  "mode": "off",
  "namespace": "components",
  "value": "What could be improved?",
}
[90mstdout[2m | src/components/ChatSidebar.stories.jsx[2m > [22m[2mTool Call Generate Content
[22m[39m[useTranslationWithCapture] t() called: {
  "key": "aiFeedbackWidget.selectAllThatApply",
  "mode": "off",
  "namespace": "components",
  "value": "Select all that apply:",
}
[90mstdout[2m | src/components/ChatSidebar.stories.jsx[2m > [22m[2mTool Call Generate Content
[22m[39m[useTranslationWithCapture] t() called: {
  "key": "aiFeedbackWidget.cancel",
  "mode": "off",
  "namespace": "components",
  "value": "Cancel",
}
[90mstdout[2m | src/components/ChatSidebar.stories.jsx[2m > [22m[2mTool Call Generate Content
[22m[39m[useTranslationWithCapture] t() called: {
  "key": "aiFeedbackWidget.submit",
  "mode": "off",
  "namespace": "components",
  "value": "Submit",
}
[90mstdout[2m | src/components/ChatSidebar.stories.jsx[2m > [22m[2mTool Call Generate Content
[22m[39m[useTranslationWithCapture] t() called: {
  "key": "aiFeedbackWidget.whatToImprove",
  "mode": "off",
  "namespace": "components",
  "value": "What could be improved?",
}
[90mstdout[2m | src/components/ChatSidebar.stories.jsx[2m > [22m[2mTool Call Generate Content
[22m[39m[useTranslationWithCapture] t() called: {
  "key": "aiFeedbackWidget.selectAllThatApply",
  "mode": "off",
  "namespace": "components",
  "value": "Select all that apply:",
}
[90mstdout[2m | src/components/ChatSidebar.stories.jsx[2m > [22m[2mTool Call Generate Content
[22m[39m[useTranslationWithCapture] t() called: {
  "key": "aiFeedbackWidget.cancel",
  "mode": "off",
  "namespace": "components",
  "value": "Cancel",
}
[90mstdout[2m | src/components/ChatSidebar.stories.jsx[2m > [22m[2mTool Call Generate Content
[22m[39m[useTranslationWithCapture] t() called: {
  "key": "aiFeedbackWidget.submit",
  "mode": "off",
  "namespace": "components",
  "value": "Submit",
}
[90mstderr[2m | src/components/ChatSidebar.stories.jsx[2m > [22m[2mTool Call Generate Content
[22m[39mAn update to VirtualizedMessageList inside a test was not wrapped in act(...).

When testing, code that causes React state updates should be wrapped into act(...):

act(() => {
  /* fire events that update state */
});
/* assert on the output */

This ensures that you're testing the behavior the user would see in the browser. Learn more at https://react.dev/link/wrap-tests-with-act
[90mstdout[2m | src/components/ChatSidebar.stories.jsx[2m > [22m[2mTool Call Generate Content
[22m[39m[Mock Data] Settings subscription unsubscribed. Remaining: 0
[90mstdout[2m | src/components/ChatSidebar.stories.jsx[2m > [22m[2mTool Call Generate Content
[22m[39m[ChatContext] Cleaning up subscription
[90mstdout[2m | src/components/ChatSidebar.stories.jsx[2m > [22m[2mTool Call Generate Content
[22m[39m[Mock Data] AssistantChat subscription unsubscribed. Remaining: 0
[90mstdout[2m | src/components/ChatSidebar.stories.jsx[2m > [22m[2mTool Call Generate Content
[22m[39m[Mock Data] File subscription unsubscribed. Remaining: 0
[90mstdout[2m | src/components/ChatSidebar.stories.jsx[2m > [22m[2mTool Call Generate Content
[22m[39m[Mock Data] Document subscription unsubscribed. Remaining: 1
[90mstdout[2m | src/components/ChatSidebar.stories.jsx[2m > [22m[2mTool Call Generate Content
[22m[39m[Mock Data] Word subscription unsubscribed. Remaining: 0
[90mstdout[2m | src/components/ChatSidebar.stories.jsx[2m > [22m[2mTool Call Generate Content
[22m[39m[Mock Data] Question subscription unsubscribed. Remaining: 0
[90mstdout[2m | src/components/ChatSidebar.stories.jsx[2m > [22m[2mTool Call Generate Content
[22m[39m[Mock Data] Grade subscription unsubscribed. Remaining: 0
[90mstdout[2m | src/components/ChatSidebar.stories.jsx[2m > [22m[2mTool Call Generate Content
[22m[39m[Mock Data] Unit subscription unsubscribed. Remaining: 0
[90mstdout[2m | src/components/ChatSidebar.stories.jsx[2m > [22m[2mTool Call Generate Content
[22m[39m[SectionContext] Cleaning up subscriptions
[90mstdout[2m | src/components/ChatSidebar.stories.jsx[2m > [22m[2mTool Call Generate Content
[22m[39m[Mock Data] Section.onCreate() subscription removed. Remaining: 0
[90mstdout[2m | src/components/ChatSidebar.stories.jsx[2m > [22m[2mTool Call Generate Content
[22m[39m[Mock Data] Section.onUpdate() subscription removed. Remaining: 0
[90mstdout[2m | src/components/ChatSidebar.stories.jsx[2m > [22m[2mTool Call Generate Content
[22m[39m[Mock Data] Section.onDelete() subscription removed. Remaining: 0
[90mstdout[2m | src/components/ChatSidebar.stories.jsx[2m > [22m[2mTool Call Generate Content
[22m[39m[Mock Data] Assignment.onCreate() subscription removed. Remaining: 0
[90mstdout[2m | src/components/ChatSidebar.stories.jsx[2m > [22m[2mTool Call Generate Content
[22m[39m[Mock Data] Assignment.onUpdate() subscription removed. Remaining: 0
[90mstdout[2m | src/components/ChatSidebar.stories.jsx[2m > [22m[2mTool Call Generate Content
[22m[39m[Mock Data] Assignment.onDelete() subscription removed. Remaining: 0
[90mstdout[2m | src/components/ChatSidebar.stories.jsx[2m > [22m[2mTool Call Generate Content
[22m[39m[chatTools] Vector store search function registered: false
[90mstdout[2m | src/components/ChatSidebar.stories.jsx[2m > [22m[2mTool Call Generate Content
[22m[39m[Mock Data] Document subscription unsubscribed. Remaining: 0
[90mstdout[2m | src/components/ChatSidebar.stories.jsx[2m > [22m[2mTool Call Generate Content
[22m[39m[Mock Data] Clearing all data stores
[90mstdout[2m | src/components/ChatSidebar.stories.jsx[2m > [22m[2mTool Call Generate Content
[22m[39m[Mock Data] All data stores cleared
[90mstdout[2m | src/components/ChatSidebar.stories.jsx[2m > [22m[2mTool Call Generate Content
[22m[39m[Preview] Cleared mock data for story
[90mstdout[2m | src/components/ChatSidebar.stories.jsx[2m > [22m[2mTool Call Generate Content
[22m[39m[Preview] Skipped initializing default mock data (initializeMockData=false)
[90mstdout[2m | src/components/ChatSidebar.stories.jsx[2m > [22m[2mTool Call Generate Content
[22m[39m[Mock AuthContext] Providing auth: {
  "error": undefined,
  "isLoading": false,
  "session": {
    "idToken": {
      "toString": [Function toString],
    },
    "identityId": "us-east-1:mock-identity-123",
    "username": "mock-user-sub",
  },
  "user": {
    "attributes": {
      "email": "alice@example.com",
      "name": "Alice Student",
      "sub": "mock-user-sub",
    },
  },
}
[90mstdout[2m | src/components/ChatSidebar.stories.jsx[2m > [22m[2mTool Call Generate Content
[22m[39m[Mock Data] generateClient() called - returning mock client
[90mstdout[2m | src/components/ChatSidebar.stories.jsx[2m > [22m[2mTool Call Generate Content
[22m[39m[Mock amplifyClient] getAmplifyClient() called - returning mock client
[90mstdout[2m | src/components/ChatSidebar.stories.jsx[2m > [22m[2mTool Call Generate Content
[22m[39m[MOCK CourseVectorStore] Initialized with mock data
[90mstdout[2m | src/components/ChatSidebar.stories.jsx[2m > [22m[2mTool Call Generate Content
[22m[39m[TranslationModeController] Setting mode to: off
[90mstdout[2m | src/components/ChatSidebar.stories.jsx[2m > [22m[2mTool Call Generate Content
[22m[39m[SectionContext] useEffect triggered {
  "authLoading": false,
  "hasUser": true,
  "userSub": "mock-user-sub",
}
[90mstdout[2m | src/components/ChatSidebar.stories.jsx[2m > [22m[2mTool Call Generate Content
[22m[39m[SectionContext] Fetching sections for userId: mock-user-sub
[90mstdout[2m | src/components/ChatSidebar.stories.jsx[2m > [22m[2mTool Call Generate Content
[22m[39m[Mock Data] generateClient() called - returning mock client
[90mstdout[2m | src/components/ChatSidebar.stories.jsx[2m > [22m[2mTool Call Generate Content
[22m[39m[Mock amplifyClient] getAmplifyClient() called - returning mock client
[90mstdout[2m | src/components/ChatSidebar.stories.jsx[2m > [22m[2mTool Call Generate Content
[22m[39m[Mock Data] Section.list() called with options: undefined
[90mstdout[2m | src/components/ChatSidebar.stories.jsx[2m > [22m[2mTool Call Generate Content
[22m[39m[Mock Data] generateClient() called - returning mock client
[90mstdout[2m | src/components/ChatSidebar.stories.jsx[2m > [22m[2mTool Call Generate Content
[22m[39m[Mock amplifyClient] getAmplifyClient() called - returning mock client
[90mstdout[2m | src/components/ChatSidebar.stories.jsx[2m > [22m[2mTool Call Generate Content
[22m[39m[Mock Data] Assignment.list() called with options: {
  "filter": {
    "unitID": {
      "eq": "mock-unit-id",
    },
  },
}
[90mstdout[2m | src/components/ChatSidebar.stories.jsx[2m > [22m[2mTool Call Generate Content
[22m[39m[Mock Data] generateClient() called - returning mock client
[90mstdout[2m | src/components/ChatSidebar.stories.jsx[2m > [22m[2mTool Call Generate Content
[22m[39m[Mock amplifyClient] getAmplifyClient() called - returning mock client
[90mstdout[2m | src/components/ChatSidebar.stories.jsx[2m > [22m[2mTool Call Generate Content
[22m[39m[Mock Data] Grade.observeQuery() called with filter: {
  "filter": {
    "unitID": {
      "eq": "mock-unit-id",
    },
  },
}
[90mstdout[2m | src/components/ChatSidebar.stories.jsx[2m > [22m[2mTool Call Generate Content
[22m[39m[Mock Data] Grade.observeQuery() applying filter: {
  "unitID": {
    "eq": "mock-unit-id",
  },
}
[90mstdout[2m | src/components/ChatSidebar.stories.jsx[2m > [22m[2mTool Call Generate Content
[22m[39m[Mock Data] Grade.observeQuery() items before filter: 0
[90mstdout[2m | src/components/ChatSidebar.stories.jsx[2m > [22m[2mTool Call Generate Content
[22m[39m[Mock Data] Grade.observeQuery() items after filter: 0
[90mstdout[2m | src/components/ChatSidebar.stories.jsx[2m > [22m[2mTool Call Generate Content
[22m[39m[Mock Data] Grade.observeQuery() returning 0 items (filter applied) {
  "filter": {
    "unitID": {
      "eq": "mock-unit-id",
    },
  },
}
[90mstdout[2m | src/components/ChatSidebar.stories.jsx[2m > [22m[2mTool Call Generate Content
[22m[39m[Mock Data] Grade subscription added. Total subscriptions: 1
[90mstdout[2m | src/components/ChatSidebar.stories.jsx[2m > [22m[2mTool Call Generate Content
[22m[39m[UnitContext] useEffect triggered {
  "authLoading": false,
  "hasUser": true,
  "id": "mock-unit-id",
  "userSub": "mock-user-sub",
}
[90mstdout[2m | src/components/ChatSidebar.stories.jsx[2m > [22m[2mTool Call Generate Content
[22m[39m[UnitContext] Fetching unit data for id: mock-unit-id
[90mstdout[2m | src/components/ChatSidebar.stories.jsx[2m > [22m[2mTool Call Generate Content
[22m[39m[Mock Data] generateClient() called - returning mock client
[90mstdout[2m | src/components/ChatSidebar.stories.jsx[2m > [22m[2mTool Call Generate Content
[22m[39m[Mock amplifyClient] getAmplifyClient() called - returning mock client
[90mstdout[2m | src/components/ChatSidebar.stories.jsx[2m > [22m[2mTool Call Generate Content
[22m[39m[Mock Data] Unit.observeQuery() called with filter: {
  "filter": {
    "id": {
      "eq": "mock-unit-id",
    },
  },
}
[90mstdout[2m | src/components/ChatSidebar.stories.jsx[2m > [22m[2mTool Call Generate Content
[22m[39m[Mock Data] Unit.observeQuery() applying filter: {
  "id": {
    "eq": "mock-unit-id",
  },
}
[90mstdout[2m | src/components/ChatSidebar.stories.jsx[2m > [22m[2mTool Call Generate Content
[22m[39m[Mock Data] Unit.observeQuery() items before filter: 0
[90mstdout[2m | src/components/ChatSidebar.stories.jsx[2m > [22m[2mTool Call Generate Content
[22m[39m[Mock Data] Unit.observeQuery() items after filter: 0
[90mstdout[2m | src/components/ChatSidebar.stories.jsx[2m > [22m[2mTool Call Generate Content
[22m[39m[Mock Data] Unit.observeQuery() returning 0 items (filter applied) {
  "filter": {
    "id": {
      "eq": "mock-unit-id",
    },
  },
}
[90mstdout[2m | src/components/ChatSidebar.stories.jsx[2m > [22m[2mTool Call Generate Content
[22m[39m[Mock Data] Unit subscription added. Total subscriptions: 1
[90mstdout[2m | src/components/ChatSidebar.stories.jsx[2m > [22m[2mTool Call Generate Content
[22m[39m[Mock Data] generateClient() called - returning mock client
[90mstdout[2m | src/components/ChatSidebar.stories.jsx[2m > [22m[2mTool Call Generate Content
[22m[39m[Mock amplifyClient] getAmplifyClient() called - returning mock client
[90mstdout[2m | src/components/ChatSidebar.stories.jsx[2m > [22m[2mTool Call Generate Content
[22m[39m[Mock Data] Word.observeQuery() called with filter: undefined
[90mstdout[2m | src/components/ChatSidebar.stories.jsx[2m > [22m[2mTool Call Generate Content
[22m[39m[Mock Data] Word.observeQuery() returning 0 items (filter applied) undefined
[90mstdout[2m | src/components/ChatSidebar.stories.jsx[2m > [22m[2mTool Call Generate Content
[22m[39m[Mock Data] Word subscription added. Total subscriptions: 1
[90mstdout[2m | src/components/ChatSidebar.stories.jsx[2m > [22m[2mTool Call Generate Content
[22m[39m[Mock Data] generateClient() called - returning mock client
[90mstdout[2m | src/components/ChatSidebar.stories.jsx[2m > [22m[2mTool Call Generate Content
[22m[39m[Mock amplifyClient] getAmplifyClient() called - returning mock client
[90mstdout[2m | src/components/ChatSidebar.stories.jsx[2m > [22m[2mTool Call Generate Content
[22m[39m[Mock Data] Question.observeQuery() called with filter: undefined
[90mstdout[2m | src/components/ChatSidebar.stories.jsx[2m > [22m[2mTool Call Generate Content
[22m[39m[Mock Data] Question.observeQuery() returning 0 items (filter applied) undefined
[90mstdout[2m | src/components/ChatSidebar.stories.jsx[2m > [22m[2mTool Call Generate Content
[22m[39m[Mock Data] Question subscription added. Total subscriptions: 1
[90mstdout[2m | src/components/ChatSidebar.stories.jsx[2m > [22m[2mTool Call Generate Content
[22m[39m[FilesContext] Initializing vector store from IndexedDB
[90mstdout[2m | src/components/ChatSidebar.stories.jsx[2m > [22m[2mTool Call Generate Content
[22m[39m[FilesContext] fetchFiles called
[90mstdout[2m | src/components/ChatSidebar.stories.jsx[2m > [22m[2mTool Call Generate Content
[22m[39m[FilesContext] User authenticated: mock-user-sub
[90mstdout[2m | src/components/ChatSidebar.stories.jsx[2m > [22m[2mTool Call Generate Content
[22m[39m[FilesContext] Identity ID: us-east-1:mock-identity-123
[90mstdout[2m | src/components/ChatSidebar.stories.jsx[2m > [22m[2mTool Call Generate Content
[22m[39m[FilesContext] About to subscribe to File model
[90mstdout[2m | src/components/ChatSidebar.stories.jsx[2m > [22m[2mTool Call Generate Content
[22m[39m[Mock Data] generateClient() called - returning mock client
[90mstdout[2m | src/components/ChatSidebar.stories.jsx[2m > [22m[2mTool Call Generate Content
[22m[39m[Mock amplifyClient] getAmplifyClient() called - returning mock client
[90mstdout[2m | src/components/ChatSidebar.stories.jsx[2m > [22m[2mTool Call Generate Content
[22m[39m[Mock Data] File.observeQuery() called with filter: undefined
[90mstdout[2m | src/components/ChatSidebar.stories.jsx[2m > [22m[2mTool Call Generate Content
[22m[39m[Mock Data] File.observeQuery() returning 0 items (filter applied) undefined
[90mstdout[2m | src/components/ChatSidebar.stories.jsx[2m > [22m[2mTool Call Generate Content
[22m[39m[Mock Data] File subscription added. Total subscriptions: 1
[90mstdout[2m | src/components/ChatSidebar.stories.jsx[2m > [22m[2mTool Call Generate Content
[22m[39m[Mock Data] generateClient() called - returning mock client
[90mstdout[2m | src/components/ChatSidebar.stories.jsx[2m > [22m[2mTool Call Generate Content
[22m[39m[Mock amplifyClient] getAmplifyClient() called - returning mock client
[90mstdout[2m | src/components/ChatSidebar.stories.jsx[2m > [22m[2mTool Call Generate Content
[22m[39m[Mock Data] Document.observeQuery() called with filter: undefined
[90mstdout[2m | src/components/ChatSidebar.stories.jsx[2m > [22m[2mTool Call Generate Content
[22m[39m[Mock Data] Document.observeQuery() returning 0 items (filter applied) undefined
[90mstdout[2m | src/components/ChatSidebar.stories.jsx[2m > [22m[2mTool Call Generate Content
[22m[39m[Mock Data] Document subscription added. Total subscriptions: 1
[90mstdout[2m | src/components/ChatSidebar.stories.jsx[2m > [22m[2mTool Call Generate Content
[22m[39m[ChatContext] Setting up observeQuery for AssistantChat
[90mstdout[2m | src/components/ChatSidebar.stories.jsx[2m > [22m[2mTool Call Generate Content
[22m[39m[Mock Data] AssistantChat.observeQuery() called with filter: {
  "sortDirection": "DESC",
  "sortField": "createdAt",
}
[90mstdout[2m | src/components/ChatSidebar.stories.jsx[2m > [22m[2mTool Call Generate Content
[22m[39m[Mock Data] AssistantChat.observeQuery() returning 0 items (filter applied) {
  "sortDirection": "DESC",
  "sortField": "createdAt",
}
[90mstdout[2m | src/components/ChatSidebar.stories.jsx[2m > [22m[2mTool Call Generate Content
[22m[39m[Mock Data] AssistantChat subscription added. Total subscriptions: 1
[90mstdout[2m | src/components/ChatSidebar.stories.jsx[2m > [22m[2mTool Call Generate Content
[22m[39m[ChatContext] Waiting for subscription to initialize
[90mstdout[2m | src/components/ChatSidebar.stories.jsx[2m > [22m[2mTool Call Generate Content
[22m[39m[SettingsContext] Setting up Settings subscription for user: mock-user-sub
[90mstdout[2m | src/components/ChatSidebar.stories.jsx[2m > [22m[2mTool Call Generate Content
[22m[39m[Mock Data] generateClient() called - returning mock client
[90mstdout[2m | src/components/ChatSidebar.stories.jsx[2m > [22m[2mTool Call Generate Content
[22m[39m[Mock amplifyClient] getAmplifyClient() called - returning mock client
[90mstdout[2m | src/components/ChatSidebar.stories.jsx[2m > [22m[2mTool Call Generate Content
[22m[39m[Mock Data] Settings.observeQuery() called with filter: undefined
[90mstdout[2m | src/components/ChatSidebar.stories.jsx[2m > [22m[2mTool Call Generate Content
[22m[39m[Mock Data] Settings.observeQuery() returning 0 items (filter applied) undefined
[90mstdout[2m | src/components/ChatSidebar.stories.jsx[2m > [22m[2mTool Call Generate Content
[22m[39m[Mock Data] Settings subscription added. Total subscriptions: 1
[90mstdout[2m | src/components/ChatSidebar.stories.jsx[2m > [22m[2mTool Call Generate Content
[22m[39m[SectionContext] Initial sections: 0 []
[90mstdout[2m | src/components/ChatSidebar.stories.jsx[2m > [22m[2mTool Call Generate Content
[22m[39m[Mock Data] Section.onCreate() called with filter: undefined
[90mstdout[2m | src/components/ChatSidebar.stories.jsx[2m > [22m[2mTool Call Generate Content
[22m[39m[Mock Data] Section.onCreate() subscription added. Total: 1
[90mstdout[2m | src/components/ChatSidebar.stories.jsx[2m > [22m[2mTool Call Generate Content
[22m[39m[Mock Data] Section.onUpdate() called with filter: undefined
[90mstdout[2m | src/components/ChatSidebar.stories.jsx[2m > [22m[2mTool Call Generate Content
[22m[39m[Mock Data] Section.onUpdate() subscription added. Total: 1
[90mstdout[2m | src/components/ChatSidebar.stories.jsx[2m > [22m[2mTool Call Generate Content
[22m[39m[Mock Data] Section.onDelete() called with filter: undefined
[90mstdout[2m | src/components/ChatSidebar.stories.jsx[2m > [22m[2mTool Call Generate Content
[22m[39m[Mock Data] Section.onDelete() subscription added. Total: 1
[90mstdout[2m | src/components/ChatSidebar.stories.jsx[2m > [22m[2mTool Call Generate Content
[22m[39m[Mock Data] Assignment.onCreate() called with filter: {
  "filter": {
    "unitID": {
      "eq": "mock-unit-id",
    },
  },
}
[90mstdout[2m | src/components/ChatSidebar.stories.jsx[2m > [22m[2mTool Call Generate Content
[22m[39m[Mock Data] Assignment.onCreate() subscription added. Total: 1
[90mstdout[2m | src/components/ChatSidebar.stories.jsx[2m > [22m[2mTool Call Generate Content
[22m[39m[Mock Data] Assignment.onUpdate() called with filter: {
  "filter": {
    "unitID": {
      "eq": "mock-unit-id",
    },
  },
}
[90mstdout[2m | src/components/ChatSidebar.stories.jsx[2m > [22m[2mTool Call Generate Content
[22m[39m[Mock Data] Assignment.onUpdate() subscription added. Total: 1
[90mstdout[2m | src/components/ChatSidebar.stories.jsx[2m > [22m[2mTool Call Generate Content
[22m[39m[Mock Data] Assignment.onDelete() called with filter: {
  "filter": {
    "unitID": {
      "eq": "mock-unit-id",
    },
  },
}
[90mstdout[2m | src/components/ChatSidebar.stories.jsx[2m > [22m[2mTool Call Generate Content
[22m[39m[Mock Data] Assignment.onDelete() subscription added. Total: 1
[90mstderr[2m | src/components/ChatSidebar.stories.jsx[2m > [22m[2mTool Call Generate Content
[22m[39mAn update to UnitProvider inside a test was not wrapped in act(...).

When testing, code that causes React state updates should be wrapped into act(...):

act(() => {
  /* fire events that update state */
});
/* assert on the output */

This ensures that you're testing the behavior the user would see in the browser. Learn more at https://react.dev/link/wrap-tests-with-act
[90mstderr[2m | src/components/ChatSidebar.stories.jsx[2m > [22m[2mTool Call Generate Content
[22m[39mAn update to UnitProvider inside a test was not wrapped in act(...).

When testing, code that causes React state updates should be wrapped into act(...):

act(() => {
  /* fire events that update state */
});
/* assert on the output */

This ensures that you're testing the behavior the user would see in the browser. Learn more at https://react.dev/link/wrap-tests-with-act
[90mstderr[2m | src/components/ChatSidebar.stories.jsx[2m > [22m[2mTool Call Generate Content
[22m[39mAn update to UnitProvider inside a test was not wrapped in act(...).

When testing, code that causes React state updates should be wrapped into act(...):

act(() => {
  /* fire events that update state */
});
/* assert on the output */

This ensures that you're testing the behavior the user would see in the browser. Learn more at https://react.dev/link/wrap-tests-with-act
[90mstderr[2m | src/components/ChatSidebar.stories.jsx[2m > [22m[2mTool Call Generate Content
[22m[39mAn update to UnitProvider inside a test was not wrapped in act(...).

When testing, code that causes React state updates should be wrapped into act(...):

act(() => {
  /* fire events that update state */
});
/* assert on the output */

This ensures that you're testing the behavior the user would see in the browser. Learn more at https://react.dev/link/wrap-tests-with-act
[90mstderr[2m | src/components/ChatSidebar.stories.jsx[2m > [22m[2mTool Call Generate Content
[22m[39mAn update to UnitProvider inside a test was not wrapped in act(...).

When testing, code that causes React state updates should be wrapped into act(...):

act(() => {
  /* fire events that update state */
});
/* assert on the output */

This ensures that you're testing the behavior the user would see in the browser. Learn more at https://react.dev/link/wrap-tests-with-act
[90mstderr[2m | src/components/ChatSidebar.stories.jsx[2m > [22m[2mTool Call Generate Content
[22m[39mAn update to UnitProvider inside a test was not wrapped in act(...).

When testing, code that causes React state updates should be wrapped into act(...):

act(() => {
  /* fire events that update state */
});
/* assert on the output */

This ensures that you're testing the behavior the user would see in the browser. Learn more at https://react.dev/link/wrap-tests-with-act
[90mstderr[2m | src/components/ChatSidebar.stories.jsx[2m > [22m[2mTool Call Generate Content
[22m[39mAn update to DeferredStory inside a test was not wrapped in act(...).

When testing, code that causes React state updates should be wrapped into act(...):

act(() => {
  /* fire events that update state */
});
/* assert on the output */

This ensures that you're testing the behavior the user would see in the browser. Learn more at https://react.dev/link/wrap-tests-with-act
[90mstderr[2m | src/components/ChatSidebar.stories.jsx[2m > [22m[2mTool Call Generate Content
[22m[39mAn update to DictionaryProvider inside a test was not wrapped in act(...).

When testing, code that causes React state updates should be wrapped into act(...):

act(() => {
  /* fire events that update state */
});
/* assert on the output */

This ensures that you're testing the behavior the user would see in the browser. Learn more at https://react.dev/link/wrap-tests-with-act
[90mstdout[2m | src/components/ChatSidebar.stories.jsx[2m > [22m[2mTool Call Generate Content
[22m[39m[FilesContext] File observeQuery subscription triggered:
[90mstdout[2m | src/components/ChatSidebar.stories.jsx[2m > [22m[2mTool Call Generate Content
[22m[39m  - items.length: 0
[90mstdout[2m | src/components/ChatSidebar.stories.jsx[2m > [22m[2mTool Call Generate Content
[22m[39m  - isSynced: true
[90mstdout[2m | src/components/ChatSidebar.stories.jsx[2m > [22m[2mTool Call Generate Content
[22m[39m  - items: []
[90mstdout[2m | src/components/ChatSidebar.stories.jsx[2m > [22m[2mTool Call Generate Content
[22m[39m[Mock Data] seedMockAssistantChats: Replacing with 1 assistant chats
[90mstdout[2m | src/components/ChatSidebar.stories.jsx[2m > [22m[2mTool Call Generate Content
[22m[39m[Mock Data] Notifying 1 AssistantChat subscriptions
[90mstderr[2m | src/components/ChatSidebar.stories.jsx[2m > [22m[2mTool Call Generate Content
[22m[39m[useTabContext] Used outside of TabProvider, returning default values
[90mstdout[2m | src/components/ChatSidebar.stories.jsx[2m > [22m[2mTool Call Generate Content
[22m[39m[ChatSidebar] Registered client-side tools: [
  "search_content",
  "create_section",
  "create_unit",
  "create_assignment",
  "add_timer_to_unit",
  "create_vocabulary_word",
  "create_question",
  "list_sections",
  "list_units",
  "get_unit_details",
  "update_unit",
  "delete_assignment",
]
[90mstdout[2m | src/components/ChatSidebar.stories.jsx[2m > [22m[2mTool Call Generate Content
[22m[39m[useTranslationWithCapture] t() called: {
  "key": "chatSidebar.aiAssistant",
  "mode": "off",
  "namespace": "components",
  "value": "AI Assistant",
}
[90mstdout[2m | src/components/ChatSidebar.stories.jsx[2m > [22m[2mTool Call Generate Content
[22m[39m[useTranslationWithCapture] t() called: {
  "key": "chatSidebar.newChat",
  "mode": "off",
  "namespace": "components",
  "value": "New chat",
}
[90mstdout[2m | src/components/ChatSidebar.stories.jsx[2m > [22m[2mTool Call Generate Content
[22m[39m[useTranslationWithCapture] t() called: {
  "key": "chatSidebar.archiveChat",
  "mode": "off",
  "namespace": "components",
  "value": "Archive chat",
}
[90mstdout[2m | src/components/ChatSidebar.stories.jsx[2m > [22m[2mTool Call Generate Content
[22m[39m[useTranslationWithCapture] t() called: {
  "key": "chatSidebar.welcomeMessage",
  "mode": "off",
  "namespace": "components",
  "value": "Ask me anything about your curriculum, files, or content!",
}
[90mstdout[2m | src/components/ChatSidebar.stories.jsx[2m > [22m[2mTool Call Generate Content
[22m[39m[useTranslationWithCapture] t() called: {
  "key": "chatSidebar.settingUpChat",
  "mode": "off",
  "namespace": "components",
  "value": "Setting up chat...",
}
[90mstdout[2m | src/components/ChatSidebar.stories.jsx[2m > [22m[2mTool Call Generate Content
[22m[39m[useTranslationWithCapture] t() called: {
  "key": "actions.send",
  "mode": "off",
  "namespace": "components",
  "value": "Send",
}
[90mstdout[2m | src/components/ChatSidebar.stories.jsx[2m > [22m[2mTool Call Generate Content
[22m[39m[useTranslationWithCapture] t() called: {
  "key": "chatSidebar.reviewImportVocabulary",
  "mode": "off",
  "namespace": "components",
  "value": "Review & Import Vocabulary",
}
[90mstdout[2m | src/components/ChatSidebar.stories.jsx[2m > [22m[2mTool Call Generate Content
[22m[39m[useTranslationWithCapture] t() called: {
  "key": "chatSidebar.confirm",
  "mode": "off",
  "namespace": "components",
  "value": "Confirm",
}
[90mstdout[2m | src/components/ChatSidebar.stories.jsx[2m > [22m[2mTool Call Generate Content
[22m[39m[useTranslationWithCapture] t() called: {
  "key": "chatSidebar.cancel",
  "mode": "off",
  "namespace": "components",
  "value": "Cancel",
}
[90mstderr[2m | src/components/ChatSidebar.stories.jsx[2m > [22m[2mTool Call Generate Content
[22m[39mAn update to ForwardRef(Portal2) inside a test was not wrapped in act(...).

When testing, code that causes React state updates should be wrapped into act(...):

act(() => {
  /* fire events that update state */
});
/* assert on the output */

This ensures that you're testing the behavior the user would see in the browser. Learn more at https://react.dev/link/wrap-tests-with-act
[90mstdout[2m | src/components/ChatSidebar.stories.jsx[2m > [22m[2mTool Call Generate Content
[22m[39m[chatTools] Vector store search function registered: true
[90mstdout[2m | src/components/ChatSidebar.stories.jsx[2m > [22m[2mTool Call Generate Content
[22m[39m[ChatSidebar] Registered vector store search, isReady: false
[90mstdout[2m | src/components/ChatSidebar.stories.jsx[2m > [22m[2mTool Call Generate Content
[22m[39m[ChatSidebar] Setting up Document subscription for user: undefined
[90mstdout[2m | src/components/ChatSidebar.stories.jsx[2m > [22m[2mTool Call Generate Content
[22m[39m[Mock Data] generateClient() called - returning mock client
[90mstdout[2m | src/components/ChatSidebar.stories.jsx[2m > [22m[2mTool Call Generate Content
[22m[39m[Mock amplifyClient] getAmplifyClient() called - returning mock client
[90mstdout[2m | src/components/ChatSidebar.stories.jsx[2m > [22m[2mTool Call Generate Content
[22m[39m[Mock Data] Document.observeQuery() called with filter: undefined
[90mstdout[2m | src/components/ChatSidebar.stories.jsx[2m > [22m[2mTool Call Generate Content
[22m[39m[Mock Data] Document.observeQuery() returning 0 items (filter applied) undefined
[90mstdout[2m | src/components/ChatSidebar.stories.jsx[2m > [22m[2mTool Call Generate Content
[22m[39m[Mock Data] Document subscription added. Total subscriptions: 2
[90mstdout[2m | src/components/ChatSidebar.stories.jsx[2m > [22m[2mTool Call Generate Content
[22m[39m[ChatContext] AssistantChat query update: 0 items (synced)
[90mstderr[2m | src/components/ChatSidebar.stories.jsx[2m > [22m[2mTool Call Generate Content
[22m[39mAn update to ChatContextProvider inside a test was not wrapped in act(...).

When testing, code that causes React state updates should be wrapped into act(...):

act(() => {
  /* fire events that update state */
});
/* assert on the output */

This ensures that you're testing the behavior the user would see in the browser. Learn more at https://react.dev/link/wrap-tests-with-act
[90mstdout[2m | src/components/ChatSidebar.stories.jsx[2m > [22m[2mTool Call Generate Content
[22m[39m[ChatContext] AssistantChat subscription initialized
[90mstderr[2m | src/components/ChatSidebar.stories.jsx[2m > [22m[2mTool Call Generate Content
[22m[39mAn update to ChatContextProvider inside a test was not wrapped in act(...).

When testing, code that causes React state updates should be wrapped into act(...):

act(() => {
  /* fire events that update state */
});
/* assert on the output */

This ensures that you're testing the behavior the user would see in the browser. Learn more at https://react.dev/link/wrap-tests-with-act
[90mstdout[2m | src/components/ChatSidebar.stories.jsx[2m > [22m[2mTool Call Generate Content
[22m[39m[ChatContext] AssistantChat list updated: 0 chats
[90mstderr[2m | src/components/ChatSidebar.stories.jsx[2m > [22m[2mTool Call Generate Content
[22m[39mAn update to ChatContextProvider inside a test was not wrapped in act(...).

When testing, code that causes React state updates should be wrapped into act(...):

act(() => {
  /* fire events that update state */
});
/* assert on the output */

This ensures that you're testing the behavior the user would see in the browser. Learn more at https://react.dev/link/wrap-tests-with-act
[90mstdout[2m | src/components/ChatSidebar.stories.jsx[2m > [22m[2mTool Call Generate Content
[22m[39m[Mock Data] Settings.create() called with: {
  "assistantVoice": "shimmer",
  "autoAnalyzeDocuments": true,
  "defaultAIModel": "gpt-4",
  "documentAnalysisModel": "gpt-4",
  "editorFontSize": 14,
  "editorTheme": "auto",
  "emailNotifications": true,
  "language": "en",
  "webhookNotifications": false,
}
[90mstdout[2m | src/components/ChatSidebar.stories.jsx[2m > [22m[2mTool Call Generate Content
[22m[39m[Mock Data] Settings created: mock-settings-1776336982157 - notified 1 subscribers
[90mstderr[2m | src/components/ChatSidebar.stories.jsx[2m > [22m[2mTool Call Generate Content
[22m[39mAn update to SettingsProvider inside a test was not wrapped in act(...).

When testing, code that causes React state updates should be wrapped into act(...):

act(() => {
  /* fire events that update state */
});
/* assert on the output */

This ensures that you're testing the behavior the user would see in the browser. Learn more at https://react.dev/link/wrap-tests-with-act
[90mstderr[2m | src/components/ChatSidebar.stories.jsx[2m > [22m[2mTool Call Generate Content
[22m[39mAn update to SettingsProvider inside a test was not wrapped in act(...).

When testing, code that causes React state updates should be wrapped into act(...):

act(() => {
  /* fire events that update state */
});
/* assert on the output */

This ensures that you're testing the behavior the user would see in the browser. Learn more at https://react.dev/link/wrap-tests-with-act
[90mstderr[2m | src/components/ChatSidebar.stories.jsx[2m > [22m[2mTool Call Generate Content
[22m[39mAn update to DeferredStory inside a test was not wrapped in act(...).

When testing, code that causes React state updates should be wrapped into act(...):

act(() => {
  /* fire events that update state */
});
/* assert on the output */

This ensures that you're testing the behavior the user would see in the browser. Learn more at https://react.dev/link/wrap-tests-with-act
[90mstdout[2m | src/components/ChatSidebar.stories.jsx[2m > [22m[2mTool Call Generate Content
[22m[39m[ChatContext] AssistantChat query update: 1 items (synced)
[90mstdout[2m | src/components/ChatSidebar.stories.jsx[2m > [22m[2mTool Call Generate Content
[22m[39m[ChatContext] First item details: {
  "id": "generate-content-chat",
  "updatedAt": "2026-04-16T10:56:22.128Z",
}
[90mstderr[2m | src/components/ChatSidebar.stories.jsx[2m > [22m[2mTool Call Generate Content
[22m[39mAn update to ChatContextProvider inside a test was not wrapped in act(...).

When testing, code that causes React state updates should be wrapped into act(...):

act(() => {
  /* fire events that update state */
});
/* assert on the output */

This ensures that you're testing the behavior the user would see in the browser. Learn more at https://react.dev/link/wrap-tests-with-act
[90mstdout[2m | src/components/ChatSidebar.stories.jsx[2m > [22m[2mTool Call Generate Content
[22m[39m[ChatContext] AssistantChat list updated: 1 chats
[90mstderr[2m | src/components/ChatSidebar.stories.jsx[2m > [22m[2mTool Call Generate Content
[22m[39mAn update to ChatContextProvider inside a test was not wrapped in act(...).

When testing, code that causes React state updates should be wrapped into act(...):

act(() => {
  /* fire events that update state */
});
/* assert on the output */

This ensures that you're testing the behavior the user would see in the browser. Learn more at https://react.dev/link/wrap-tests-with-act
[90mstdout[2m | src/components/ChatSidebar.stories.jsx[2m > [22m[2mTool Call Generate Content
[22m[39m[ChatContext] No chats found, clearing current chat - new one will be created
[90mstdout[2m | src/components/ChatSidebar.stories.jsx[2m > [22m[2mTool Call Generate Content
[22m[39m[ChatContext] Setting initial chat: generate-content-chat
[90mstderr[2m | src/components/ChatSidebar.stories.jsx[2m > [22m[2mTool Call Generate Content
[22m[39m[useTabContext] Used outside of TabProvider, returning default values
[90mstdout[2m | src/components/ChatSidebar.stories.jsx[2m > [22m[2mTool Call Generate Content
[22m[39m[useTranslationWithCapture] t() called: {
  "key": "chatSidebar.aiAssistant",
  "mode": "off",
  "namespace": "components",
  "value": "AI Assistant",
}
[90mstdout[2m | src/components/ChatSidebar.stories.jsx[2m > [22m[2mTool Call Generate Content
[22m[39m[useTranslationWithCapture] t() called: {
  "key": "chatSidebar.newChat",
  "mode": "off",
  "namespace": "components",
  "value": "New chat",
}
[90mstdout[2m | src/components/ChatSidebar.stories.jsx[2m > [22m[2mTool Call Generate Content
[22m[39m[useTranslationWithCapture] t() called: {
  "key": "chatSidebar.archiveChat",
  "mode": "off",
  "namespace": "components",
  "value": "Archive chat",
}
[90mstdout[2m | src/components/ChatSidebar.stories.jsx[2m > [22m[2mTool Call Generate Content
[22m[39m[useTranslationWithCapture] t() called: {
  "key": "chatSidebar.welcomeMessage",
  "mode": "off",
  "namespace": "components",
  "value": "Ask me anything about your curriculum, files, or content!",
}
[90mstdout[2m | src/components/ChatSidebar.stories.jsx[2m > [22m[2mTool Call Generate Content
[22m[39m[useTranslationWithCapture] t() called: {
  "key": "chatSidebar.askMeAnything",
  "mode": "off",
  "namespace": "components",
  "value": "Ask me anything...",
}
[90mstdout[2m | src/components/ChatSidebar.stories.jsx[2m > [22m[2mTool Call Generate Content
[22m[39m[useTranslationWithCapture] t() called: {
  "key": "actions.send",
  "mode": "off",
  "namespace": "components",
  "value": "Send",
}
[90mstdout[2m | src/components/ChatSidebar.stories.jsx[2m > [22m[2mTool Call Generate Content
[22m[39m[useTranslationWithCapture] t() called: {
  "key": "chatSidebar.reviewImportVocabulary",
  "mode": "off",
  "namespace": "components",
  "value": "Review & Import Vocabulary",
}
[90mstdout[2m | src/components/ChatSidebar.stories.jsx[2m > [22m[2mTool Call Generate Content
[22m[39m[useTranslationWithCapture] t() called: {
  "key": "chatSidebar.confirm",
  "mode": "off",
  "namespace": "components",
  "value": "Confirm",
}
[90mstdout[2m | src/components/ChatSidebar.stories.jsx[2m > [22m[2mTool Call Generate Content
[22m[39m[useTranslationWithCapture] t() called: {
  "key": "chatSidebar.cancel",
  "mode": "off",
  "namespace": "components",
  "value": "Cancel",
}
[90mstderr[2m | src/components/ChatSidebar.stories.jsx[2m > [22m[2mTool Call Generate Content
[22m[39mAn update to ForwardRef(FormControl2) inside a test was not wrapped in act(...).

When testing, code that causes React state updates should be wrapped into act(...):

act(() => {
  /* fire events that update state */
});
/* assert on the output */

This ensures that you're testing the behavior the user would see in the browser. Learn more at https://react.dev/link/wrap-tests-with-act
[90mstderr[2m | src/components/ChatSidebar.stories.jsx[2m > [22m[2mTool Call Generate Content
[22m[39mAn update to ChatSidebar inside a test was not wrapped in act(...).

When testing, code that causes React state updates should be wrapped into act(...):

act(() => {
  /* fire events that update state */
});
/* assert on the output */

This ensures that you're testing the behavior the user would see in the browser. Learn more at https://react.dev/link/wrap-tests-with-act
[90mstdout[2m | src/components/ChatSidebar.stories.jsx[2m > [22m[2mTool Call Generate Content
[22m[39m[ChatSidebar] Loading messages for chat: generate-content-chat count: 3
[90mstdout[2m | src/components/ChatSidebar.stories.jsx[2m > [22m[2mTool Call Generate Content
[22m[39m[ChatSidebar] deepCloneMessages: cloned 3 messages
[90mstderr[2m | src/components/ChatSidebar.stories.jsx[2m > [22m[2mTool Call Generate Content
[22m[39mAn update to ChatSidebar inside a test was not wrapped in act(...).

When testing, code that causes React state updates should be wrapped into act(...):

act(() => {
  /* fire events that update state */
});
/* assert on the output */

This ensures that you're testing the behavior the user would see in the browser. Learn more at https://react.dev/link/wrap-tests-with-act
[90mstderr[2m | src/components/ChatSidebar.stories.jsx[2m > [22m[2mTool Call Generate Content
[22m[39mAn update to ChatSidebar inside a test was not wrapped in act(...).

When testing, code that causes React state updates should be wrapped into act(...):

act(() => {
  /* fire events that update state */
});
/* assert on the output */

This ensures that you're testing the behavior the user would see in the browser. Learn more at https://react.dev/link/wrap-tests-with-act
[90mstderr[2m | src/components/ChatSidebar.stories.jsx[2m > [22m[2mTool Call Generate Content
[22m[39mAn update to ChatSidebar inside a test was not wrapped in act(...).

When testing, code that causes React state updates should be wrapped into act(...):

act(() => {
  /* fire events that update state */
});
/* assert on the output */

This ensures that you're testing the behavior the user would see in the browser. Learn more at https://react.dev/link/wrap-tests-with-act
[90mstdout[2m | src/components/ChatSidebar.stories.jsx[2m > [22m[2mTool Call Generate Content
[22m[39m[Mock Data] generateClient() called - returning mock client
[90mstdout[2m | src/components/ChatSidebar.stories.jsx[2m > [22m[2mTool Call Generate Content
[22m[39m[Mock amplifyClient] getAmplifyClient() called - returning mock client
[90mstdout[2m | src/components/ChatSidebar.stories.jsx[2m > [22m[2mTool Call Generate Content
[22m[39m[Mock Data] AssistantChatFile.list() called with options: {
  "filter": {
    "chatID": {
      "eq": "generate-content-chat",
    },
  },
}
[90mstdout[2m | src/components/ChatSidebar.stories.jsx[2m > [22m[2mTool Call Generate Content
[22m[39m[ChatContext] Chat exists and not archived, skipping creation
[90mstderr[2m | src/components/ChatSidebar.stories.jsx[2m > [22m[2mTool Call Generate Content
[22m[39m[useTabContext] Used outside of TabProvider, returning default values
[90mstdout[2m | src/components/ChatSidebar.stories.jsx[2m > [22m[2mTool Call Generate Content
[22m[39m[ChatSidebar] useChat status: ready messages: 3 toolCalls: 0
[90mstdout[2m | src/components/ChatSidebar.stories.jsx[2m > [22m[2mTool Call Generate Content
[22m[39m[useTranslationWithCapture] t() called: {
  "key": "chatSidebar.aiAssistant",
  "mode": "off",
  "namespace": "components",
  "value": "AI Assistant",
}
[90mstdout[2m | src/components/ChatSidebar.stories.jsx[2m > [22m[2mTool Call Generate Content
[22m[39m[useTranslationWithCapture] t() called: {
  "key": "chatSidebar.newChat",
  "mode": "off",
  "namespace": "components",
  "value": "New chat",
}
[90mstdout[2m | src/components/ChatSidebar.stories.jsx[2m > [22m[2mTool Call Generate Content
[22m[39m[useTranslationWithCapture] t() called: {
  "key": "chatSidebar.archiveChat",
  "mode": "off",
  "namespace": "components",
  "value": "Archive chat",
}
[90mstdout[2m | src/components/ChatSidebar.stories.jsx[2m > [22m[2mTool Call Generate Content
[22m[39m[useTranslationWithCapture] t() called: {
  "key": "chatSidebar.welcomeMessage",
  "mode": "off",
  "namespace": "components",
  "value": "Ask me anything about your curriculum, files, or content!",
}
[90mstdout[2m | src/components/ChatSidebar.stories.jsx[2m > [22m[2mTool Call Generate Content
[22m[39m[useTranslationWithCapture] t() called: {
  "key": "chatSidebar.askMeAnything",
  "mode": "off",
  "namespace": "components",
  "value": "Ask me anything...",
}
[90mstdout[2m | src/components/ChatSidebar.stories.jsx[2m > [22m[2mTool Call Generate Content
[22m[39m[useTranslationWithCapture] t() called: {
  "key": "actions.send",
  "mode": "off",
  "namespace": "components",
  "value": "Send",
}
[90mstdout[2m | src/components/ChatSidebar.stories.jsx[2m > [22m[2mTool Call Generate Content
[22m[39m[useTranslationWithCapture] t() called: {
  "key": "chatSidebar.reviewImportVocabulary",
  "mode": "off",
  "namespace": "components",
  "value": "Review & Import Vocabulary",
}
[90mstdout[2m | src/components/ChatSidebar.stories.jsx[2m > [22m[2mTool Call Generate Content
[22m[39m[useTranslationWithCapture] t() called: {
  "key": "chatSidebar.confirm",
  "mode": "off",
  "namespace": "components",
  "value": "Confirm",
}
[90mstdout[2m | src/components/ChatSidebar.stories.jsx[2m > [22m[2mTool Call Generate Content
[22m[39m[useTranslationWithCapture] t() called: {
  "key": "chatSidebar.cancel",
  "mode": "off",
  "namespace": "components",
  "value": "Cancel",
}
[90mstdout[2m | src/components/ChatSidebar.stories.jsx[2m > [22m[2mTool Call Generate Content
[22m[39m[useTranslationWithCapture] t() called: {
  "key": "chatSidebar.messageList.chatMessagesLabel",
  "mode": "off",
  "namespace": "components",
  "value": "Chat messages",
}
[90mstderr[2m | src/components/ChatSidebar.stories.jsx[2m > [22m[2mTool Call Generate Content
[22m[39mAn update to VirtualizedMessageList inside a test was not wrapped in act(...).

When testing, code that causes React state updates should be wrapped into act(...):

act(() => {
  /* fire events that update state */
});
/* assert on the output */

This ensures that you're testing the behavior the user would see in the browser. Learn more at https://react.dev/link/wrap-tests-with-act
[90mstderr[2m | src/components/ChatSidebar.stories.jsx[2m > [22m[2mTool Call Generate Content
[22m[39mAn update to ForwardRef(FormControl2) inside a test was not wrapped in act(...).

When testing, code that causes React state updates should be wrapped into act(...):

act(() => {
  /* fire events that update state */
});
/* assert on the output */

This ensures that you're testing the behavior the user would see in the browser. Learn more at https://react.dev/link/wrap-tests-with-act
[90mstdout[2m | src/components/ChatSidebar.stories.jsx[2m > [22m[2mTool Call Generate Content
[22m[39m[useTranslationWithCapture] t() called: {
  "key": "chatSidebar.messageList.chatMessagesLabel",
  "mode": "off",
  "namespace": "components",
  "value": "Chat messages",
}
[90mstdout[2m | src/components/ChatSidebar.stories.jsx[2m > [22m[2mTool Call Generate Content
[22m[39m[useTranslationWithCapture] t() called: {
  "key": "aiFeedbackWidget.whatToImprove",
  "mode": "off",
  "namespace": "components",
  "value": "What could be improved?",
}
[90mstdout[2m | src/components/ChatSidebar.stories.jsx[2m > [22m[2mTool Call Generate Content
[22m[39m[useTranslationWithCapture] t() called: {
  "key": "aiFeedbackWidget.selectAllThatApply",
  "mode": "off",
  "namespace": "components",
  "value": "Select all that apply:",
}
[90mstdout[2m | src/components/ChatSidebar.stories.jsx[2m > [22m[2mTool Call Generate Content
[22m[39m[useTranslationWithCapture] t() called: {
  "key": "aiFeedbackWidget.cancel",
  "mode": "off",
  "namespace": "components",
  "value": "Cancel",
}
[90mstdout[2m | src/components/ChatSidebar.stories.jsx[2m > [22m[2mTool Call Generate Content
[22m[39m[useTranslationWithCapture] t() called: {
  "key": "aiFeedbackWidget.submit",
  "mode": "off",
  "namespace": "components",
  "value": "Submit",
}
[90mstdout[2m | src/components/ChatSidebar.stories.jsx[2m > [22m[2mTool Call Generate Content
[22m[39m[useTranslationWithCapture] t() called: {
  "key": "aiFeedbackWidget.whatToImprove",
  "mode": "off",
  "namespace": "components",
  "value": "What could be improved?",
}
[90mstdout[2m | src/components/ChatSidebar.stories.jsx[2m > [22m[2mTool Call Generate Content
[22m[39m[useTranslationWithCapture] t() called: {
  "key": "aiFeedbackWidget.selectAllThatApply",
  "mode": "off",
  "namespace": "components",
  "value": "Select all that apply:",
}
[90mstdout[2m | src/components/ChatSidebar.stories.jsx[2m > [22m[2mTool Call Generate Content
[22m[39m[useTranslationWithCapture] t() called: {
  "key": "aiFeedbackWidget.cancel",
  "mode": "off",
  "namespace": "components",
  "value": "Cancel",
}
[90mstdout[2m | src/components/ChatSidebar.stories.jsx[2m > [22m[2mTool Call Generate Content
[22m[39m[useTranslationWithCapture] t() called: {
  "key": "aiFeedbackWidget.submit",
  "mode": "off",
  "namespace": "components",
  "value": "Submit",
}
[90mstderr[2m | src/components/ChatSidebar.stories.jsx[2m > [22m[2mTool Call Generate Content
[22m[39mAn update to VirtualizedMessageList inside a test was not wrapped in act(...).

When testing, code that causes React state updates should be wrapped into act(...):

act(() => {
  /* fire events that update state */
});
/* assert on the output */

This ensures that you're testing the behavior the user would see in the browser. Learn more at https://react.dev/link/wrap-tests-with-act
[90mstderr[2m | src/components/ChatSidebar.stories.jsx[2m > [22m[2mTool Call Generate Content
[22m[39mAn update to ForwardRef(Tooltip2) inside a test was not wrapped in act(...).

When testing, code that causes React state updates should be wrapped into act(...):

act(() => {
  /* fire events that update state */
});
/* assert on the output */

This ensures that you're testing the behavior the user would see in the browser. Learn more at https://react.dev/link/wrap-tests-with-act
[90mstderr[2m | src/components/ChatSidebar.stories.jsx[2m > [22m[2mTool Call Generate Content
[22m[39mAn update to ForwardRef(Tooltip2) inside a test was not wrapped in act(...).

When testing, code that causes React state updates should be wrapped into act(...):

act(() => {
  /* fire events that update state */
});
/* assert on the output */

This ensures that you're testing the behavior the user would see in the browser. Learn more at https://react.dev/link/wrap-tests-with-act
[90mstderr[2m | src/components/ChatSidebar.stories.jsx[2m > [22m[2mTool Call Generate Content
[22m[39mAn update to VirtualizedMessageList inside a test was not wrapped in act(...).

When testing, code that causes React state updates should be wrapped into act(...):

act(() => {
  /* fire events that update state */
});
/* assert on the output */

This ensures that you're testing the behavior the user would see in the browser. Learn more at https://react.dev/link/wrap-tests-with-act
[90mstderr[2m | src/components/ChatSidebar.stories.jsx[2m > [22m[2mTool Call Generate Content
[22m[39mAn update to ForwardRef(Tooltip2) inside a test was not wrapped in act(...).

When testing, code that causes React state updates should be wrapped into act(...):

act(() => {
  /* fire events that update state */
});
/* assert on the output */

This ensures that you're testing the behavior the user would see in the browser. Learn more at https://react.dev/link/wrap-tests-with-act
[90mstderr[2m | src/components/ChatSidebar.stories.jsx[2m > [22m[2mTool Call Generate Content
[22m[39mAn update to ForwardRef(Tooltip2) inside a test was not wrapped in act(...).

When testing, code that causes React state updates should be wrapped into act(...):

act(() => {
  /* fire events that update state */
});
/* assert on the output */

This ensures that you're testing the behavior the user would see in the browser. Learn more at https://react.dev/link/wrap-tests-with-act
[90mstderr[2m | src/components/ChatSidebar.stories.jsx[2m > [22m[2mTool Call Generate Content
[22m[39mAn update to VirtualizedMessageList inside a test was not wrapped in act(...).

When testing, code that causes React state updates should be wrapped into act(...):

act(() => {
  /* fire events that update state */
});
/* assert on the output */

This ensures that you're testing the behavior the user would see in the browser. Learn more at https://react.dev/link/wrap-tests-with-act
[90mstdout[2m | src/components/ChatSidebar.stories.jsx[2m > [22m[2mTool Call Generate Content
[22m[39m[useTranslationWithCapture] t() called: {
  "key": "chatSidebar.messageList.chatMessagesLabel",
  "mode": "off",
  "namespace": "components",
  "value": "Chat messages",
}
[90mstdout[2m | src/components/ChatSidebar.stories.jsx[2m > [22m[2mTool Call Generate Content
[22m[39m[useTranslationWithCapture] t() called: {
  "key": "aiFeedbackWidget.whatToImprove",
  "mode": "off",
  "namespace": "components",
  "value": "What could be improved?",
}
[90mstdout[2m | src/components/ChatSidebar.stories.jsx[2m > [22m[2mTool Call Generate Content
[22m[39m[useTranslationWithCapture] t() called: {
  "key": "aiFeedbackWidget.selectAllThatApply",
  "mode": "off",
  "namespace": "components",
  "value": "Select all that apply:",
}
[90mstdout[2m | src/components/ChatSidebar.stories.jsx[2m > [22m[2mTool Call Generate Content
[22m[39m[useTranslationWithCapture] t() called: {
  "key": "aiFeedbackWidget.cancel",
  "mode": "off",
  "namespace": "components",
  "value": "Cancel",
}
[90mstdout[2m | src/components/ChatSidebar.stories.jsx[2m > [22m[2mTool Call Generate Content
[22m[39m[useTranslationWithCapture] t() called: {
  "key": "aiFeedbackWidget.submit",
  "mode": "off",
  "namespace": "components",
  "value": "Submit",
}
[90mstdout[2m | src/components/ChatSidebar.stories.jsx[2m > [22m[2mTool Call Generate Content
[22m[39m[useTranslationWithCapture] t() called: {
  "key": "aiFeedbackWidget.whatToImprove",
  "mode": "off",
  "namespace": "components",
  "value": "What could be improved?",
}
[90mstdout[2m | src/components/ChatSidebar.stories.jsx[2m > [22m[2mTool Call Generate Content
[22m[39m[useTranslationWithCapture] t() called: {
  "key": "aiFeedbackWidget.selectAllThatApply",
  "mode": "off",
  "namespace": "components",
  "value": "Select all that apply:",
}
[90mstdout[2m | src/components/ChatSidebar.stories.jsx[2m > [22m[2mTool Call Generate Content
[22m[39m[useTranslationWithCapture] t() called: {
  "key": "aiFeedbackWidget.cancel",
  "mode": "off",
  "namespace": "components",
  "value": "Cancel",
}
[90mstdout[2m | src/components/ChatSidebar.stories.jsx[2m > [22m[2mTool Call Generate Content
[22m[39m[useTranslationWithCapture] t() called: {
  "key": "aiFeedbackWidget.submit",
  "mode": "off",
  "namespace": "components",
  "value": "Submit",
}
[90mstderr[2m | src/components/ChatSidebar.stories.jsx[2m > [22m[2mTool Call Generate Content
[22m[39mAn update to ChatSidebar inside a test was not wrapped in act(...).

When testing, code that causes React state updates should be wrapped into act(...):

act(() => {
  /* fire events that update state */
});
/* assert on the output */

This ensures that you're testing the behavior the user would see in the browser. Learn more at https://react.dev/link/wrap-tests-with-act
[90mstderr[2m | src/components/ChatSidebar.stories.jsx[2m > [22m[2mTool Call Generate Content
[22m[39mAn update to Placeholder inside a test was not wrapped in act(...).

When testing, code that causes React state updates should be wrapped into act(...):

act(() => {
  /* fire events that update state */
});
/* assert on the output */

This ensures that you're testing the behavior the user would see in the browser. Learn more at https://react.dev/link/wrap-tests-with-act
[90mstderr[2m | src/components/ChatSidebar.stories.jsx[2m > [22m[2mTool Call Generate Content
[22m[39mAn update to Placeholder inside a test was not wrapped in act(...).

When testing, code that causes React state updates should be wrapped into act(...):

act(() => {
  /* fire events that update state */
});
/* assert on the output */

This ensures that you're testing the behavior the user would see in the browser. Learn more at https://react.dev/link/wrap-tests-with-act
[90mstderr[2m | src/components/ChatSidebar.stories.jsx[2m > [22m[2mTool Call Generate Content
[22m[39mAn update to Placeholder inside a test was not wrapped in act(...).

When testing, code that causes React state updates should be wrapped into act(...):

act(() => {
  /* fire events that update state */
});
/* assert on the output */

This ensures that you're testing the behavior the user would see in the browser. Learn more at https://react.dev/link/wrap-tests-with-act
[90mstderr[2m | src/components/ChatSidebar.stories.jsx[2m > [22m[2mTool Call Generate Content
[22m[39mAn update to VirtualizedMessageList inside a test was not wrapped in act(...).

When testing, code that causes React state updates should be wrapped into act(...):

act(() => {
  /* fire events that update state */
});
/* assert on the output */

This ensures that you're testing the behavior the user would see in the browser. Learn more at https://react.dev/link/wrap-tests-with-act
[90mstderr[2m | src/components/ChatSidebar.stories.jsx[2m > [22m[2mTool Call Generate Content
[22m[39mAn update to VirtualizedMessageList inside a test was not wrapped in act(...).

When testing, code that causes React state updates should be wrapped into act(...):

act(() => {
  /* fire events that update state */
});
/* assert on the output */

This ensures that you're testing the behavior the user would see in the browser. Learn more at https://react.dev/link/wrap-tests-with-act
[90mstderr[2m | src/components/ChatSidebar.stories.jsx[2m > [22m[2mTool Call Generate Content
[22m[39mAn update to VirtualizedMessageList inside a test was not wrapped in act(...).

When testing, code that causes React state updates should be wrapped into act(...):

act(() => {
  /* fire events that update state */
});
/* assert on the output */

This ensures that you're testing the behavior the user would see in the browser. Learn more at https://react.dev/link/wrap-tests-with-act
[90mstderr[2m | src/components/ChatSidebar.stories.jsx[2m > [22m[2mTool Call Generate Content
[22m[39mAn update to DictionaryProvider inside a test was not wrapped in act(...).

When testing, code that causes React state updates should be wrapped into act(...):

act(() => {
  /* fire events that update state */
});
/* assert on the output */

This ensures that you're testing the behavior the user would see in the browser. Learn more at https://react.dev/link/wrap-tests-with-act
[90mstderr[2m | src/components/ChatSidebar.stories.jsx[2m > [22m[2mTool Call Generate Content
[22m[39mAn update to DictionaryProvider inside a test was not wrapped in act(...).

When testing, code that causes React state updates should be wrapped into act(...):

act(() => {
  /* fire events that update state */
});
/* assert on the output */

This ensures that you're testing the behavior the user would see in the browser. Learn more at https://react.dev/link/wrap-tests-with-act
[90mstderr[2m | src/components/ChatSidebar.stories.jsx[2m > [22m[2mTool Call Generate Content
[22m[39mAn update to VirtualizedMessageList inside a test was not wrapped in act(...).

When testing, code that causes React state updates should be wrapped into act(...):

act(() => {
  /* fire events that update state */
});
/* assert on the output */

This ensures that you're testing the behavior the user would see in the browser. Learn more at https://react.dev/link/wrap-tests-with-act
[90mstderr[2m | src/components/ChatSidebar.stories.jsx[2m > [22m[2mTool Call Generate Content
[22m[39mAn update to VirtualizedMessageList inside a test was not wrapped in act(...).

When testing, code that causes React state updates should be wrapped into act(...):

act(() => {
  /* fire events that update state */
});
/* assert on the output */

This ensures that you're testing the behavior the user would see in the browser. Learn more at https://react.dev/link/wrap-tests-with-act
[90mstderr[2m | src/components/ChatSidebar.stories.jsx[2m > [22m[2mTool Call Generate Content
[22m[39m[useTabContext] Used outside of TabProvider, returning default values
[90mstdout[2m | src/components/ChatSidebar.stories.jsx[2m > [22m[2mTool Call Generate Content
[22m[39m[ChatSidebar] useChat status: ready messages: 3 toolCalls: 0
[90mstdout[2m | src/components/ChatSidebar.stories.jsx[2m > [22m[2mTool Call Generate Content
[22m[39m[useTranslationWithCapture] t() called: {
  "key": "chatSidebar.aiAssistant",
  "mode": "off",
  "namespace": "components",
  "value": "AI Assistant",
}
[90mstdout[2m | src/components/ChatSidebar.stories.jsx[2m > [22m[2mTool Call Generate Content
[22m[39m[useTranslationWithCapture] t() called: {
  "key": "chatSidebar.newChat",
  "mode": "off",
  "namespace": "components",
  "value": "New chat",
}
[90mstdout[2m | src/components/ChatSidebar.stories.jsx[2m > [22m[2mTool Call Generate Content
[22m[39m[useTranslationWithCapture] t() called: {
  "key": "chatSidebar.archiveChat",
  "mode": "off",
  "namespace": "components",
  "value": "Archive chat",
}
[90mstdout[2m | src/components/ChatSidebar.stories.jsx[2m > [22m[2mTool Call Generate Content
[22m[39m[useTranslationWithCapture] t() called: {
  "key": "chatSidebar.welcomeMessage",
  "mode": "off",
  "namespace": "components",
  "value": "Ask me anything about your curriculum, files, or content!",
}
[90mstdout[2m | src/components/ChatSidebar.stories.jsx[2m > [22m[2mTool Call Generate Content
[22m[39m[useTranslationWithCapture] t() called: {
  "key": "chatSidebar.askMeAnything",
  "mode": "off",
  "namespace": "components",
  "value": "Ask me anything...",
}
[90mstdout[2m | src/components/ChatSidebar.stories.jsx[2m > [22m[2mTool Call Generate Content
[22m[39m[useTranslationWithCapture] t() called: {
  "key": "actions.send",
  "mode": "off",
  "namespace": "components",
  "value": "Send",
}
[90mstdout[2m | src/components/ChatSidebar.stories.jsx[2m > [22m[2mTool Call Generate Content
[22m[39m[useTranslationWithCapture] t() called: {
  "key": "chatSidebar.reviewImportVocabulary",
  "mode": "off",
  "namespace": "components",
  "value": "Review & Import Vocabulary",
}
[90mstdout[2m | src/components/ChatSidebar.stories.jsx[2m > [22m[2mTool Call Generate Content
[22m[39m[useTranslationWithCapture] t() called: {
  "key": "chatSidebar.confirm",
  "mode": "off",
  "namespace": "components",
  "value": "Confirm",
}
[90mstdout[2m | src/components/ChatSidebar.stories.jsx[2m > [22m[2mTool Call Generate Content
[22m[39m[useTranslationWithCapture] t() called: {
  "key": "chatSidebar.cancel",
  "mode": "off",
  "namespace": "components",
  "value": "Cancel",
}
[90mstdout[2m | src/components/ChatSidebar.stories.jsx[2m > [22m[2mTool Call Generate Content
[22m[39m[useTranslationWithCapture] t() called: {
  "key": "chatSidebar.messageList.chatMessagesLabel",
  "mode": "off",
  "namespace": "components",
  "value": "Chat messages",
}
[90mstdout[2m | src/components/ChatSidebar.stories.jsx[2m > [22m[2mTool Call Generate Content
[22m[39m[useTranslationWithCapture] t() called: {
  "key": "aiFeedbackWidget.whatToImprove",
  "mode": "off",
  "namespace": "components",
  "value": "What could be improved?",
}
[90mstdout[2m | src/components/ChatSidebar.stories.jsx[2m > [22m[2mTool Call Generate Content
[22m[39m[useTranslationWithCapture] t() called: {
  "key": "aiFeedbackWidget.selectAllThatApply",
  "mode": "off",
  "namespace": "components",
  "value": "Select all that apply:",
}
[90mstdout[2m | src/components/ChatSidebar.stories.jsx[2m > [22m[2mTool Call Generate Content
[22m[39m[useTranslationWithCapture] t() called: {
  "key": "aiFeedbackWidget.cancel",
  "mode": "off",
  "namespace": "components",
  "value": "Cancel",
}
[90mstdout[2m | src/components/ChatSidebar.stories.jsx[2m > [22m[2mTool Call Generate Content
[22m[39m[useTranslationWithCapture] t() called: {
  "key": "aiFeedbackWidget.submit",
  "mode": "off",
  "namespace": "components",
  "value": "Submit",
}
[90mstdout[2m | src/components/ChatSidebar.stories.jsx[2m > [22m[2mTool Call Generate Content
[22m[39m[useTranslationWithCapture] t() called: {
  "key": "aiFeedbackWidget.whatToImprove",
  "mode": "off",
  "namespace": "components",
  "value": "What could be improved?",
}
[90mstdout[2m | src/components/ChatSidebar.stories.jsx[2m > [22m[2mTool Call Generate Content
[22m[39m[useTranslationWithCapture] t() called: {
  "key": "aiFeedbackWidget.selectAllThatApply",
  "mode": "off",
  "namespace": "components",
  "value": "Select all that apply:",
}
[90mstdout[2m | src/components/ChatSidebar.stories.jsx[2m > [22m[2mTool Call Generate Content
[22m[39m[useTranslationWithCapture] t() called: {
  "key": "aiFeedbackWidget.cancel",
  "mode": "off",
  "namespace": "components",
  "value": "Cancel",
}
[90mstdout[2m | src/components/ChatSidebar.stories.jsx[2m > [22m[2mTool Call Generate Content
[22m[39m[useTranslationWithCapture] t() called: {
  "key": "aiFeedbackWidget.submit",
  "mode": "off",
  "namespace": "components",
  "value": "Submit",
}
[90mstdout[2m | src/components/ChatSidebar.stories.jsx[2m > [22m[2mTool Call Generate Content
[22m[39m[Mock Data] generateClient() called - returning mock client
[90mstdout[2m | src/components/ChatSidebar.stories.jsx[2m > [22m[2mTool Call Generate Content
[22m[39m[Mock amplifyClient] getAmplifyClient() called - returning mock client
[90mstdout[2m | src/components/ChatSidebar.stories.jsx[2m > [22m[2mTool Call Generate Content
[22m[39m[Mock Data] AssistantChatFile.list() called with options: {
  "filter": {
    "chatID": {
      "eq": "generate-content-chat",
    },
  },
}
[90mstderr[2m | src/components/ChatSidebar.stories.jsx[2m > [22m[2mTool Call Multi Step
[22m[39mAn update to VirtualizedMessageList inside a test was not wrapped in act(...).

When testing, code that causes React state updates should be wrapped into act(...):

act(() => {
  /* fire events that update state */
});
/* assert on the output */

This ensures that you're testing the behavior the user would see in the browser. Learn more at https://react.dev/link/wrap-tests-with-act
[90mstderr[2m | src/components/ChatSidebar.stories.jsx[2m > [22m[2mTool Call Multi Step
[22m[39mAn update to VirtualizedMessageList inside a test was not wrapped in act(...).

When testing, code that causes React state updates should be wrapped into act(...):

act(() => {
  /* fire events that update state */
});
/* assert on the output */

This ensures that you're testing the behavior the user would see in the browser. Learn more at https://react.dev/link/wrap-tests-with-act
[90mstdout[2m | src/components/ChatSidebar.stories.jsx[2m > [22m[2mTool Call Multi Step
[22m[39m[useTranslationWithCapture] t() called: {
  "key": "chatSidebar.messageList.chatMessagesLabel",
  "mode": "off",
  "namespace": "components",
  "value": "Chat messages",
}
[90mstdout[2m | src/components/ChatSidebar.stories.jsx[2m > [22m[2mTool Call Multi Step
[22m[39m[useTranslationWithCapture] t() called: {
  "key": "aiFeedbackWidget.whatToImprove",
  "mode": "off",
  "namespace": "components",
  "value": "What could be improved?",
}
[90mstdout[2m | src/components/ChatSidebar.stories.jsx[2m > [22m[2mTool Call Multi Step
[22m[39m[useTranslationWithCapture] t() called: {
  "key": "aiFeedbackWidget.selectAllThatApply",
  "mode": "off",
  "namespace": "components",
  "value": "Select all that apply:",
}
[90mstdout[2m | src/components/ChatSidebar.stories.jsx[2m > [22m[2mTool Call Multi Step
[22m[39m[useTranslationWithCapture] t() called: {
  "key": "aiFeedbackWidget.cancel",
  "mode": "off",
  "namespace": "components",
  "value": "Cancel",
}
[90mstdout[2m | src/components/ChatSidebar.stories.jsx[2m > [22m[2mTool Call Multi Step
[22m[39m[useTranslationWithCapture] t() called: {
  "key": "aiFeedbackWidget.submit",
  "mode": "off",
  "namespace": "components",
  "value": "Submit",
}
[90mstdout[2m | src/components/ChatSidebar.stories.jsx[2m > [22m[2mTool Call Multi Step
[22m[39m[useTranslationWithCapture] t() called: {
  "key": "aiFeedbackWidget.whatToImprove",
  "mode": "off",
  "namespace": "components",
  "value": "What could be improved?",
}
[90mstdout[2m | src/components/ChatSidebar.stories.jsx[2m > [22m[2mTool Call Multi Step
[22m[39m[useTranslationWithCapture] t() called: {
  "key": "aiFeedbackWidget.selectAllThatApply",
  "mode": "off",
  "namespace": "components",
  "value": "Select all that apply:",
}
[90mstdout[2m | src/components/ChatSidebar.stories.jsx[2m > [22m[2mTool Call Multi Step
[22m[39m[useTranslationWithCapture] t() called: {
  "key": "aiFeedbackWidget.cancel",
  "mode": "off",
  "namespace": "components",
  "value": "Cancel",
}
[90mstdout[2m | src/components/ChatSidebar.stories.jsx[2m > [22m[2mTool Call Multi Step
[22m[39m[useTranslationWithCapture] t() called: {
  "key": "aiFeedbackWidget.submit",
  "mode": "off",
  "namespace": "components",
  "value": "Submit",
}
[90mstderr[2m | src/components/ChatSidebar.stories.jsx[2m > [22m[2mTool Call Multi Step
[22m[39mAn update to VirtualizedMessageList inside a test was not wrapped in act(...).

When testing, code that causes React state updates should be wrapped into act(...):

act(() => {
  /* fire events that update state */
});
/* assert on the output */

This ensures that you're testing the behavior the user would see in the browser. Learn more at https://react.dev/link/wrap-tests-with-act
[90mstdout[2m | src/components/ChatSidebar.stories.jsx[2m > [22m[2mTool Call Multi Step
[22m[39m[Mock Data] Settings subscription unsubscribed. Remaining: 0
[90mstdout[2m | src/components/ChatSidebar.stories.jsx[2m > [22m[2mTool Call Multi Step
[22m[39m[ChatContext] Cleaning up subscription
[90mstdout[2m | src/components/ChatSidebar.stories.jsx[2m > [22m[2mTool Call Multi Step
[22m[39m[Mock Data] AssistantChat subscription unsubscribed. Remaining: 0
[90mstdout[2m | src/components/ChatSidebar.stories.jsx[2m > [22m[2mTool Call Multi Step
[22m[39m[Mock Data] File subscription unsubscribed. Remaining: 0
[90mstdout[2m | src/components/ChatSidebar.stories.jsx[2m > [22m[2mTool Call Multi Step
[22m[39m[Mock Data] Document subscription unsubscribed. Remaining: 1
[90mstdout[2m | src/components/ChatSidebar.stories.jsx[2m > [22m[2mTool Call Multi Step
[22m[39m[Mock Data] Word subscription unsubscribed. Remaining: 0
[90mstdout[2m | src/components/ChatSidebar.stories.jsx[2m > [22m[2mTool Call Multi Step
[22m[39m[Mock Data] Question subscription unsubscribed. Remaining: 0
[90mstdout[2m | src/components/ChatSidebar.stories.jsx[2m > [22m[2mTool Call Multi Step
[22m[39m[Mock Data] Grade subscription unsubscribed. Remaining: 0
[90mstdout[2m | src/components/ChatSidebar.stories.jsx[2m > [22m[2mTool Call Multi Step
[22m[39m[Mock Data] Unit subscription unsubscribed. Remaining: 0
[90mstdout[2m | src/components/ChatSidebar.stories.jsx[2m > [22m[2mTool Call Multi Step
[22m[39m[SectionContext] Cleaning up subscriptions
[90mstdout[2m | src/components/ChatSidebar.stories.jsx[2m > [22m[2mTool Call Multi Step
[22m[39m[Mock Data] Section.onCreate() subscription removed. Remaining: 0
[90mstdout[2m | src/components/ChatSidebar.stories.jsx[2m > [22m[2mTool Call Multi Step
[22m[39m[Mock Data] Section.onUpdate() subscription removed. Remaining: 0
[90mstdout[2m | src/components/ChatSidebar.stories.jsx[2m > [22m[2mTool Call Multi Step
[22m[39m[Mock Data] Section.onDelete() subscription removed. Remaining: 0
[90mstdout[2m | src/components/ChatSidebar.stories.jsx[2m > [22m[2mTool Call Multi Step
[22m[39m[Mock Data] Assignment.onCreate() subscription removed. Remaining: 0
[90mstdout[2m | src/components/ChatSidebar.stories.jsx[2m > [22m[2mTool Call Multi Step
[22m[39m[Mock Data] Assignment.onUpdate() subscription removed. Remaining: 0
[90mstdout[2m | src/components/ChatSidebar.stories.jsx[2m > [22m[2mTool Call Multi Step
[22m[39m[Mock Data] Assignment.onDelete() subscription removed. Remaining: 0
[90mstdout[2m | src/components/ChatSidebar.stories.jsx[2m > [22m[2mTool Call Multi Step
[22m[39m[chatTools] Vector store search function registered: false
[90mstdout[2m | src/components/ChatSidebar.stories.jsx[2m > [22m[2mTool Call Multi Step
[22m[39m[Mock Data] Document subscription unsubscribed. Remaining: 0
[90mstdout[2m | src/components/ChatSidebar.stories.jsx[2m > [22m[2mTool Call Multi Step
[22m[39m[Mock Data] Clearing all data stores
[90mstdout[2m | src/components/ChatSidebar.stories.jsx[2m > [22m[2mTool Call Multi Step
[22m[39m[Mock Data] All data stores cleared
[90mstdout[2m | src/components/ChatSidebar.stories.jsx[2m > [22m[2mTool Call Multi Step
[22m[39m[Preview] Cleared mock data for story
[90mstdout[2m | src/components/ChatSidebar.stories.jsx[2m > [22m[2mTool Call Multi Step
[22m[39m[Preview] Skipped initializing default mock data (initializeMockData=false)
[90mstdout[2m | src/components/ChatSidebar.stories.jsx[2m > [22m[2mTool Call Multi Step
[22m[39m[Mock AuthContext] Providing auth: {
  "error": undefined,
  "isLoading": false,
  "session": {
    "idToken": {
      "toString": [Function toString],
    },
    "identityId": "us-east-1:mock-identity-123",
    "username": "mock-user-sub",
  },
  "user": {
    "attributes": {
      "email": "alice@example.com",
      "name": "Alice Student",
      "sub": "mock-user-sub",
    },
  },
}
[90mstdout[2m | src/components/ChatSidebar.stories.jsx[2m > [22m[2mTool Call Multi Step
[22m[39m[Mock Data] generateClient() called - returning mock client
[90mstdout[2m | src/components/ChatSidebar.stories.jsx[2m > [22m[2mTool Call Multi Step
[22m[39m[Mock amplifyClient] getAmplifyClient() called - returning mock client
[90mstdout[2m | src/components/ChatSidebar.stories.jsx[2m > [22m[2mTool Call Multi Step
[22m[39m[MOCK CourseVectorStore] Initialized with mock data
[90mstdout[2m | src/components/ChatSidebar.stories.jsx[2m > [22m[2mTool Call Multi Step
[22m[39m[TranslationModeController] Setting mode to: off
[90mstdout[2m | src/components/ChatSidebar.stories.jsx[2m > [22m[2mTool Call Multi Step
[22m[39m[SectionContext] useEffect triggered {
  "authLoading": false,
  "hasUser": true,
  "userSub": "mock-user-sub",
}
[90mstdout[2m | src/components/ChatSidebar.stories.jsx[2m > [22m[2mTool Call Multi Step
[22m[39m[SectionContext] Fetching sections for userId: mock-user-sub
[90mstdout[2m | src/components/ChatSidebar.stories.jsx[2m > [22m[2mTool Call Multi Step
[22m[39m[Mock Data] generateClient() called - returning mock client
[90mstdout[2m | src/components/ChatSidebar.stories.jsx[2m > [22m[2mTool Call Multi Step
[22m[39m[Mock amplifyClient] getAmplifyClient() called - returning mock client
[90mstdout[2m | src/components/ChatSidebar.stories.jsx[2m > [22m[2mTool Call Multi Step
[22m[39m[Mock Data] Section.list() called with options: undefined
[90mstdout[2m | src/components/ChatSidebar.stories.jsx[2m > [22m[2mTool Call Multi Step
[22m[39m[Mock Data] generateClient() called - returning mock client
[90mstdout[2m | src/components/ChatSidebar.stories.jsx[2m > [22m[2mTool Call Multi Step
[22m[39m[Mock amplifyClient] getAmplifyClient() called - returning mock client
[90mstdout[2m | src/components/ChatSidebar.stories.jsx[2m > [22m[2mTool Call Multi Step
[22m[39m[Mock Data] Assignment.list() called with options: {
  "filter": {
    "unitID": {
      "eq": "mock-unit-id",
    },
  },
}
[90mstdout[2m | src/components/ChatSidebar.stories.jsx[2m > [22m[2mTool Call Multi Step
[22m[39m[Mock Data] generateClient() called - returning mock client
[90mstdout[2m | src/components/ChatSidebar.stories.jsx[2m > [22m[2mTool Call Multi Step
[22m[39m[Mock amplifyClient] getAmplifyClient() called - returning mock client
[90mstdout[2m | src/components/ChatSidebar.stories.jsx[2m > [22m[2mTool Call Multi Step
[22m[39m[Mock Data] Grade.observeQuery() called with filter: {
  "filter": {
    "unitID": {
      "eq": "mock-unit-id",
    },
  },
}
[90mstdout[2m | src/components/ChatSidebar.stories.jsx[2m > [22m[2mTool Call Multi Step
[22m[39m[Mock Data] Grade.observeQuery() applying filter: {
  "unitID": {
    "eq": "mock-unit-id",
  },
}
[90mstdout[2m | src/components/ChatSidebar.stories.jsx[2m > [22m[2mTool Call Multi Step
[22m[39m[Mock Data] Grade.observeQuery() items before filter: 0
[90mstdout[2m | src/components/ChatSidebar.stories.jsx[2m > [22m[2mTool Call Multi Step
[22m[39m[Mock Data] Grade.observeQuery() items after filter: 0
[90mstdout[2m | src/components/ChatSidebar.stories.jsx[2m > [22m[2mTool Call Multi Step
[22m[39m[Mock Data] Grade.observeQuery() returning 0 items (filter applied) {
  "filter": {
    "unitID": {
      "eq": "mock-unit-id",
    },
  },
}
[90mstdout[2m | src/components/ChatSidebar.stories.jsx[2m > [22m[2mTool Call Multi Step
[22m[39m[Mock Data] Grade subscription added. Total subscriptions: 1
[90mstdout[2m | src/components/ChatSidebar.stories.jsx[2m > [22m[2mTool Call Multi Step
[22m[39m[UnitContext] useEffect triggered {
  "authLoading": false,
  "hasUser": true,
  "id": "mock-unit-id",
  "userSub": "mock-user-sub",
}
[90mstdout[2m | src/components/ChatSidebar.stories.jsx[2m > [22m[2mTool Call Multi Step
[22m[39m[UnitContext] Fetching unit data for id: mock-unit-id
[90mstdout[2m | src/components/ChatSidebar.stories.jsx[2m > [22m[2mTool Call Multi Step
[22m[39m[Mock Data] generateClient() called - returning mock client
[90mstdout[2m | src/components/ChatSidebar.stories.jsx[2m > [22m[2mTool Call Multi Step
[22m[39m[Mock amplifyClient] getAmplifyClient() called - returning mock client
[90mstdout[2m | src/components/ChatSidebar.stories.jsx[2m > [22m[2mTool Call Multi Step
[22m[39m[Mock Data] Unit.observeQuery() called with filter: {
  "filter": {
    "id": {
      "eq": "mock-unit-id",
    },
  },
}
[90mstdout[2m | src/components/ChatSidebar.stories.jsx[2m > [22m[2mTool Call Multi Step
[22m[39m[Mock Data] Unit.observeQuery() applying filter: {
  "id": {
    "eq": "mock-unit-id",
  },
}
[90mstdout[2m | src/components/ChatSidebar.stories.jsx[2m > [22m[2mTool Call Multi Step
[22m[39m[Mock Data] Unit.observeQuery() items before filter: 0
[90mstdout[2m | src/components/ChatSidebar.stories.jsx[2m > [22m[2mTool Call Multi Step
[22m[39m[Mock Data] Unit.observeQuery() items after filter: 0
[90mstdout[2m | src/components/ChatSidebar.stories.jsx[2m > [22m[2mTool Call Multi Step
[22m[39m[Mock Data] Unit.observeQuery() returning 0 items (filter applied) {
  "filter": {
    "id": {
      "eq": "mock-unit-id",
    },
  },
}
[90mstdout[2m | src/components/ChatSidebar.stories.jsx[2m > [22m[2mTool Call Multi Step
[22m[39m[Mock Data] Unit subscription added. Total subscriptions: 1
[90mstdout[2m | src/components/ChatSidebar.stories.jsx[2m > [22m[2mTool Call Multi Step
[22m[39m[Mock Data] generateClient() called - returning mock client
[90mstdout[2m | src/components/ChatSidebar.stories.jsx[2m > [22m[2mTool Call Multi Step
[22m[39m[Mock amplifyClient] getAmplifyClient() called - returning mock client
[90mstdout[2m | src/components/ChatSidebar.stories.jsx[2m > [22m[2mTool Call Multi Step
[22m[39m[Mock Data] Word.observeQuery() called with filter: undefined
[90mstdout[2m | src/components/ChatSidebar.stories.jsx[2m > [22m[2mTool Call Multi Step
[22m[39m[Mock Data] Word.observeQuery() returning 0 items (filter applied) undefined
[90mstdout[2m | src/components/ChatSidebar.stories.jsx[2m > [22m[2mTool Call Multi Step
[22m[39m[Mock Data] Word subscription added. Total subscriptions: 1
[90mstdout[2m | src/components/ChatSidebar.stories.jsx[2m > [22m[2mTool Call Multi Step
[22m[39m[Mock Data] generateClient() called - returning mock client
[90mstdout[2m | src/components/ChatSidebar.stories.jsx[2m > [22m[2mTool Call Multi Step
[22m[39m[Mock amplifyClient] getAmplifyClient() called - returning mock client
[90mstdout[2m | src/components/ChatSidebar.stories.jsx[2m > [22m[2mTool Call Multi Step
[22m[39m[Mock Data] Question.observeQuery() called with filter: undefined
[90mstdout[2m | src/components/ChatSidebar.stories.jsx[2m > [22m[2mTool Call Multi Step
[22m[39m[Mock Data] Question.observeQuery() returning 0 items (filter applied) undefined
[90mstdout[2m | src/components/ChatSidebar.stories.jsx[2m > [22m[2mTool Call Multi Step
[22m[39m[Mock Data] Question subscription added. Total subscriptions: 1
[90mstdout[2m | src/components/ChatSidebar.stories.jsx[2m > [22m[2mTool Call Multi Step
[22m[39m[FilesContext] Initializing vector store from IndexedDB
[90mstdout[2m | src/components/ChatSidebar.stories.jsx[2m > [22m[2mTool Call Multi Step
[22m[39m[FilesContext] fetchFiles called
[90mstdout[2m | src/components/ChatSidebar.stories.jsx[2m > [22m[2mTool Call Multi Step
[22m[39m[FilesContext] User authenticated: mock-user-sub
[90mstdout[2m | src/components/ChatSidebar.stories.jsx[2m > [22m[2mTool Call Multi Step
[22m[39m[FilesContext] Identity ID: us-east-1:mock-identity-123
[90mstdout[2m | src/components/ChatSidebar.stories.jsx[2m > [22m[2mTool Call Multi Step
[22m[39m[FilesContext] About to subscribe to File model
[90mstdout[2m | src/components/ChatSidebar.stories.jsx[2m > [22m[2mTool Call Multi Step
[22m[39m[Mock Data] generateClient() called - returning mock client
[90mstdout[2m | src/components/ChatSidebar.stories.jsx[2m > [22m[2mTool Call Multi Step
[22m[39m[Mock amplifyClient] getAmplifyClient() called - returning mock client
[90mstdout[2m | src/components/ChatSidebar.stories.jsx[2m > [22m[2mTool Call Multi Step
[22m[39m[Mock Data] File.observeQuery() called with filter: undefined
[90mstdout[2m | src/components/ChatSidebar.stories.jsx[2m > [22m[2mTool Call Multi Step
[22m[39m[Mock Data] File.observeQuery() returning 0 items (filter applied) undefined
[90mstdout[2m | src/components/ChatSidebar.stories.jsx[2m > [22m[2mTool Call Multi Step
[22m[39m[Mock Data] File subscription added. Total subscriptions: 1
[90mstdout[2m | src/components/ChatSidebar.stories.jsx[2m > [22m[2mTool Call Multi Step
[22m[39m[Mock Data] generateClient() called - returning mock client
[90mstdout[2m | src/components/ChatSidebar.stories.jsx[2m > [22m[2mTool Call Multi Step
[22m[39m[Mock amplifyClient] getAmplifyClient() called - returning mock client
[90mstdout[2m | src/components/ChatSidebar.stories.jsx[2m > [22m[2mTool Call Multi Step
[22m[39m[Mock Data] Document.observeQuery() called with filter: undefined
[90mstdout[2m | src/components/ChatSidebar.stories.jsx[2m > [22m[2mTool Call Multi Step
[22m[39m[Mock Data] Document.observeQuery() returning 0 items (filter applied) undefined
[90mstdout[2m | src/components/ChatSidebar.stories.jsx[2m > [22m[2mTool Call Multi Step
[22m[39m[Mock Data] Document subscription added. Total subscriptions: 1
[90mstdout[2m | src/components/ChatSidebar.stories.jsx[2m > [22m[2mTool Call Multi Step
[22m[39m[ChatContext] Setting up observeQuery for AssistantChat
[90mstdout[2m | src/components/ChatSidebar.stories.jsx[2m > [22m[2mTool Call Multi Step
[22m[39m[Mock Data] AssistantChat.observeQuery() called with filter: {
  "sortDirection": "DESC",
  "sortField": "createdAt",
}
[90mstdout[2m | src/components/ChatSidebar.stories.jsx[2m > [22m[2mTool Call Multi Step
[22m[39m[Mock Data] AssistantChat.observeQuery() returning 0 items (filter applied) {
  "sortDirection": "DESC",
  "sortField": "createdAt",
}
[90mstdout[2m | src/components/ChatSidebar.stories.jsx[2m > [22m[2mTool Call Multi Step
[22m[39m[Mock Data] AssistantChat subscription added. Total subscriptions: 1
[90mstdout[2m | src/components/ChatSidebar.stories.jsx[2m > [22m[2mTool Call Multi Step
[22m[39m[ChatContext] Waiting for subscription to initialize
[90mstdout[2m | src/components/ChatSidebar.stories.jsx[2m > [22m[2mTool Call Multi Step
[22m[39m[SettingsContext] Setting up Settings subscription for user: mock-user-sub
[90mstdout[2m | src/components/ChatSidebar.stories.jsx[2m > [22m[2mTool Call Multi Step
[22m[39m[Mock Data] generateClient() called - returning mock client
[90mstdout[2m | src/components/ChatSidebar.stories.jsx[2m > [22m[2mTool Call Multi Step
[22m[39m[Mock amplifyClient] getAmplifyClient() called - returning mock client
[90mstdout[2m | src/components/ChatSidebar.stories.jsx[2m > [22m[2mTool Call Multi Step
[22m[39m[Mock Data] Settings.observeQuery() called with filter: undefined
[90mstdout[2m | src/components/ChatSidebar.stories.jsx[2m > [22m[2mTool Call Multi Step
[22m[39m[Mock Data] Settings.observeQuery() returning 0 items (filter applied) undefined
[90mstdout[2m | src/components/ChatSidebar.stories.jsx[2m > [22m[2mTool Call Multi Step
[22m[39m[Mock Data] Settings subscription added. Total subscriptions: 1
[90mstdout[2m | src/components/ChatSidebar.stories.jsx[2m > [22m[2mTool Call Multi Step
[22m[39m[SectionContext] Initial sections: 0 []
[90mstdout[2m | src/components/ChatSidebar.stories.jsx[2m > [22m[2mTool Call Multi Step
[22m[39m[Mock Data] Section.onCreate() called with filter: undefined
[90mstdout[2m | src/components/ChatSidebar.stories.jsx[2m > [22m[2mTool Call Multi Step
[22m[39m[Mock Data] Section.onCreate() subscription added. Total: 1
[90mstdout[2m | src/components/ChatSidebar.stories.jsx[2m > [22m[2mTool Call Multi Step
[22m[39m[Mock Data] Section.onUpdate() called with filter: undefined
[90mstdout[2m | src/components/ChatSidebar.stories.jsx[2m > [22m[2mTool Call Multi Step
[22m[39m[Mock Data] Section.onUpdate() subscription added. Total: 1
[90mstdout[2m | src/components/ChatSidebar.stories.jsx[2m > [22m[2mTool Call Multi Step
[22m[39m[Mock Data] Section.onDelete() called with filter: undefined
[90mstdout[2m | src/components/ChatSidebar.stories.jsx[2m > [22m[2mTool Call Multi Step
[22m[39m[Mock Data] Section.onDelete() subscription added. Total: 1
[90mstdout[2m | src/components/ChatSidebar.stories.jsx[2m > [22m[2mTool Call Multi Step
[22m[39m[Mock Data] Assignment.onCreate() called with filter: {
  "filter": {
    "unitID": {
      "eq": "mock-unit-id",
    },
  },
}
[90mstdout[2m | src/components/ChatSidebar.stories.jsx[2m > [22m[2mTool Call Multi Step
[22m[39m[Mock Data] Assignment.onCreate() subscription added. Total: 1
[90mstdout[2m | src/components/ChatSidebar.stories.jsx[2m > [22m[2mTool Call Multi Step
[22m[39m[Mock Data] Assignment.onUpdate() called with filter: {
  "filter": {
    "unitID": {
      "eq": "mock-unit-id",
    },
  },
}
[90mstdout[2m | src/components/ChatSidebar.stories.jsx[2m > [22m[2mTool Call Multi Step
[22m[39m[Mock Data] Assignment.onUpdate() subscription added. Total: 1
[90mstdout[2m | src/components/ChatSidebar.stories.jsx[2m > [22m[2mTool Call Multi Step
[22m[39m[Mock Data] Assignment.onDelete() called with filter: {
  "filter": {
    "unitID": {
      "eq": "mock-unit-id",
    },
  },
}
[90mstdout[2m | src/components/ChatSidebar.stories.jsx[2m > [22m[2mTool Call Multi Step
[22m[39m[Mock Data] Assignment.onDelete() subscription added. Total: 1
[90mstderr[2m | src/components/ChatSidebar.stories.jsx[2m > [22m[2mTool Call Multi Step
[22m[39mAn update to UnitProvider inside a test was not wrapped in act(...).

When testing, code that causes React state updates should be wrapped into act(...):

act(() => {
  /* fire events that update state */
});
/* assert on the output */

This ensures that you're testing the behavior the user would see in the browser. Learn more at https://react.dev/link/wrap-tests-with-act
[90mstderr[2m | src/components/ChatSidebar.stories.jsx[2m > [22m[2mTool Call Multi Step
[22m[39mAn update to UnitProvider inside a test was not wrapped in act(...).

When testing, code that causes React state updates should be wrapped into act(...):

act(() => {
  /* fire events that update state */
});
/* assert on the output */

This ensures that you're testing the behavior the user would see in the browser. Learn more at https://react.dev/link/wrap-tests-with-act
[90mstderr[2m | src/components/ChatSidebar.stories.jsx[2m > [22m[2mTool Call Multi Step
[22m[39mAn update to UnitProvider inside a test was not wrapped in act(...).

When testing, code that causes React state updates should be wrapped into act(...):

act(() => {
  /* fire events that update state */
});
/* assert on the output */

This ensures that you're testing the behavior the user would see in the browser. Learn more at https://react.dev/link/wrap-tests-with-act
[90mstderr[2m | src/components/ChatSidebar.stories.jsx[2m > [22m[2mTool Call Multi Step
[22m[39mAn update to UnitProvider inside a test was not wrapped in act(...).

When testing, code that causes React state updates should be wrapped into act(...):

act(() => {
  /* fire events that update state */
});
/* assert on the output */

This ensures that you're testing the behavior the user would see in the browser. Learn more at https://react.dev/link/wrap-tests-with-act
[90mstderr[2m | src/components/ChatSidebar.stories.jsx[2m > [22m[2mTool Call Multi Step
[22m[39mAn update to UnitProvider inside a test was not wrapped in act(...).

When testing, code that causes React state updates should be wrapped into act(...):

act(() => {
  /* fire events that update state */
});
/* assert on the output */

This ensures that you're testing the behavior the user would see in the browser. Learn more at https://react.dev/link/wrap-tests-with-act
[90mstderr[2m | src/components/ChatSidebar.stories.jsx[2m > [22m[2mTool Call Multi Step
[22m[39mAn update to UnitProvider inside a test was not wrapped in act(...).

When testing, code that causes React state updates should be wrapped into act(...):

act(() => {
  /* fire events that update state */
});
/* assert on the output */

This ensures that you're testing the behavior the user would see in the browser. Learn more at https://react.dev/link/wrap-tests-with-act
[90mstderr[2m | src/components/ChatSidebar.stories.jsx[2m > [22m[2mTool Call Multi Step
[22m[39mAn update to DictionaryProvider inside a test was not wrapped in act(...).

When testing, code that causes React state updates should be wrapped into act(...):

act(() => {
  /* fire events that update state */
});
/* assert on the output */

This ensures that you're testing the behavior the user would see in the browser. Learn more at https://react.dev/link/wrap-tests-with-act
[90mstdout[2m | src/components/ChatSidebar.stories.jsx[2m > [22m[2mTool Call Multi Step
[22m[39m[FilesContext] File observeQuery subscription triggered:
[90mstdout[2m | src/components/ChatSidebar.stories.jsx[2m > [22m[2mTool Call Multi Step
[22m[39m  - items.length: 0
[90mstdout[2m | src/components/ChatSidebar.stories.jsx[2m > [22m[2mTool Call Multi Step
[22m[39m  - isSynced: true
[90mstdout[2m | src/components/ChatSidebar.stories.jsx[2m > [22m[2mTool Call Multi Step
[22m[39m  - items: []
[90mstderr[2m | src/components/ChatSidebar.stories.jsx[2m > [22m[2mTool Call Multi Step
[22m[39mAn update to DeferredStory inside a test was not wrapped in act(...).

When testing, code that causes React state updates should be wrapped into act(...):

act(() => {
  /* fire events that update state */
});
/* assert on the output */

This ensures that you're testing the behavior the user would see in the browser. Learn more at https://react.dev/link/wrap-tests-with-act
[90mstdout[2m | src/components/ChatSidebar.stories.jsx[2m > [22m[2mTool Call Multi Step
[22m[39m[Mock Data] seedMockAssistantChats: Replacing with 1 assistant chats
[90mstdout[2m | src/components/ChatSidebar.stories.jsx[2m > [22m[2mTool Call Multi Step
[22m[39m[Mock Data] Notifying 1 AssistantChat subscriptions
[90mstderr[2m | src/components/ChatSidebar.stories.jsx[2m > [22m[2mTool Call Multi Step
[22m[39m[useTabContext] Used outside of TabProvider, returning default values
[90mstdout[2m | src/components/ChatSidebar.stories.jsx[2m > [22m[2mTool Call Multi Step
[22m[39m[ChatSidebar] Registered client-side tools: [
  "search_content",
  "create_section",
  "create_unit",
  "create_assignment",
  "add_timer_to_unit",
  "create_vocabulary_word",
  "create_question",
  "list_sections",
  "list_units",
  "get_unit_details",
  "update_unit",
  "delete_assignment",
]
[90mstdout[2m | src/components/ChatSidebar.stories.jsx[2m > [22m[2mTool Call Multi Step
[22m[39m[useTranslationWithCapture] t() called: {
  "key": "chatSidebar.aiAssistant",
  "mode": "off",
  "namespace": "components",
  "value": "AI Assistant",
}
[90mstdout[2m | src/components/ChatSidebar.stories.jsx[2m > [22m[2mTool Call Multi Step
[22m[39m[useTranslationWithCapture] t() called: {
  "key": "chatSidebar.newChat",
  "mode": "off",
  "namespace": "components",
  "value": "New chat",
}
[90mstdout[2m | src/components/ChatSidebar.stories.jsx[2m > [22m[2mTool Call Multi Step
[22m[39m[useTranslationWithCapture] t() called: {
  "key": "chatSidebar.archiveChat",
  "mode": "off",
  "namespace": "components",
  "value": "Archive chat",
}
[90mstdout[2m | src/components/ChatSidebar.stories.jsx[2m > [22m[2mTool Call Multi Step
[22m[39m[useTranslationWithCapture] t() called: {
  "key": "chatSidebar.welcomeMessage",
  "mode": "off",
  "namespace": "components",
  "value": "Ask me anything about your curriculum, files, or content!",
}
[90mstdout[2m | src/components/ChatSidebar.stories.jsx[2m > [22m[2mTool Call Multi Step
[22m[39m[useTranslationWithCapture] t() called: {
  "key": "chatSidebar.settingUpChat",
  "mode": "off",
  "namespace": "components",
  "value": "Setting up chat...",
}
[90mstdout[2m | src/components/ChatSidebar.stories.jsx[2m > [22m[2mTool Call Multi Step
[22m[39m[useTranslationWithCapture] t() called: {
  "key": "actions.send",
  "mode": "off",
  "namespace": "components",
  "value": "Send",
}
[90mstdout[2m | src/components/ChatSidebar.stories.jsx[2m > [22m[2mTool Call Multi Step
[22m[39m[useTranslationWithCapture] t() called: {
  "key": "chatSidebar.reviewImportVocabulary",
  "mode": "off",
  "namespace": "components",
  "value": "Review & Import Vocabulary",
}
[90mstdout[2m | src/components/ChatSidebar.stories.jsx[2m > [22m[2mTool Call Multi Step
[22m[39m[useTranslationWithCapture] t() called: {
  "key": "chatSidebar.confirm",
  "mode": "off",
  "namespace": "components",
  "value": "Confirm",
}
[90mstdout[2m | src/components/ChatSidebar.stories.jsx[2m > [22m[2mTool Call Multi Step
[22m[39m[useTranslationWithCapture] t() called: {
  "key": "chatSidebar.cancel",
  "mode": "off",
  "namespace": "components",
  "value": "Cancel",
}
[90mstderr[2m | src/components/ChatSidebar.stories.jsx[2m > [22m[2mTool Call Multi Step
[22m[39mAn update to ForwardRef(Portal2) inside a test was not wrapped in act(...).

When testing, code that causes React state updates should be wrapped into act(...):

act(() => {
  /* fire events that update state */
});
/* assert on the output */

This ensures that you're testing the behavior the user would see in the browser. Learn more at https://react.dev/link/wrap-tests-with-act
[90mstdout[2m | src/components/ChatSidebar.stories.jsx[2m > [22m[2mTool Call Multi Step
[22m[39m[chatTools] Vector store search function registered: true
[90mstdout[2m | src/components/ChatSidebar.stories.jsx[2m > [22m[2mTool Call Multi Step
[22m[39m[ChatSidebar] Registered vector store search, isReady: false
[90mstdout[2m | src/components/ChatSidebar.stories.jsx[2m > [22m[2mTool Call Multi Step
[22m[39m[ChatSidebar] Setting up Document subscription for user: undefined
[90mstdout[2m | src/components/ChatSidebar.stories.jsx[2m > [22m[2mTool Call Multi Step
[22m[39m[Mock Data] generateClient() called - returning mock client
[90mstdout[2m | src/components/ChatSidebar.stories.jsx[2m > [22m[2mTool Call Multi Step
[22m[39m[Mock amplifyClient] getAmplifyClient() called - returning mock client
[90mstdout[2m | src/components/ChatSidebar.stories.jsx[2m > [22m[2mTool Call Multi Step
[22m[39m[Mock Data] Document.observeQuery() called with filter: undefined
[90mstdout[2m | src/components/ChatSidebar.stories.jsx[2m > [22m[2mTool Call Multi Step
[22m[39m[Mock Data] Document.observeQuery() returning 0 items (filter applied) undefined
[90mstdout[2m | src/components/ChatSidebar.stories.jsx[2m > [22m[2mTool Call Multi Step
[22m[39m[Mock Data] Document subscription added. Total subscriptions: 2
[90mstdout[2m | src/components/ChatSidebar.stories.jsx[2m > [22m[2mTool Call Multi Step
[22m[39m[ChatContext] AssistantChat query update: 0 items (synced)
[90mstderr[2m | src/components/ChatSidebar.stories.jsx[2m > [22m[2mTool Call Multi Step
[22m[39mAn update to ChatContextProvider inside a test was not wrapped in act(...).

When testing, code that causes React state updates should be wrapped into act(...):

act(() => {
  /* fire events that update state */
});
/* assert on the output */

This ensures that you're testing the behavior the user would see in the browser. Learn more at https://react.dev/link/wrap-tests-with-act
[90mstdout[2m | src/components/ChatSidebar.stories.jsx[2m > [22m[2mTool Call Multi Step
[22m[39m[ChatContext] AssistantChat subscription initialized
[90mstderr[2m | src/components/ChatSidebar.stories.jsx[2m > [22m[2mTool Call Multi Step
[22m[39mAn update to ChatContextProvider inside a test was not wrapped in act(...).

When testing, code that causes React state updates should be wrapped into act(...):

act(() => {
  /* fire events that update state */
});
/* assert on the output */

This ensures that you're testing the behavior the user would see in the browser. Learn more at https://react.dev/link/wrap-tests-with-act
[90mstdout[2m | src/components/ChatSidebar.stories.jsx[2m > [22m[2mTool Call Multi Step
[22m[39m[ChatContext] AssistantChat list updated: 0 chats
[90mstderr[2m | src/components/ChatSidebar.stories.jsx[2m > [22m[2mTool Call Multi Step
[22m[39mAn update to ChatContextProvider inside a test was not wrapped in act(...).

When testing, code that causes React state updates should be wrapped into act(...):

act(() => {
  /* fire events that update state */
});
/* assert on the output */

This ensures that you're testing the behavior the user would see in the browser. Learn more at https://react.dev/link/wrap-tests-with-act
[90mstdout[2m | src/components/ChatSidebar.stories.jsx[2m > [22m[2mTool Call Multi Step
[22m[39m[Mock Data] Settings.create() called with: {
  "assistantVoice": "shimmer",
  "autoAnalyzeDocuments": true,
  "defaultAIModel": "gpt-4",
  "documentAnalysisModel": "gpt-4",
  "editorFontSize": 14,
  "editorTheme": "auto",
  "emailNotifications": true,
  "language": "en",
  "webhookNotifications": false,
}
[90mstdout[2m | src/components/ChatSidebar.stories.jsx[2m > [22m[2mTool Call Multi Step
[22m[39m[Mock Data] Settings created: mock-settings-1776336982514 - notified 1 subscribers
[90mstderr[2m | src/components/ChatSidebar.stories.jsx[2m > [22m[2mTool Call Multi Step
[22m[39mAn update to SettingsProvider inside a test was not wrapped in act(...).

When testing, code that causes React state updates should be wrapped into act(...):

act(() => {
  /* fire events that update state */
});
/* assert on the output */

This ensures that you're testing the behavior the user would see in the browser. Learn more at https://react.dev/link/wrap-tests-with-act
[90mstderr[2m | src/components/ChatSidebar.stories.jsx[2m > [22m[2mTool Call Multi Step
[22m[39mAn update to SettingsProvider inside a test was not wrapped in act(...).

When testing, code that causes React state updates should be wrapped into act(...):

act(() => {
  /* fire events that update state */
});
/* assert on the output */

This ensures that you're testing the behavior the user would see in the browser. Learn more at https://react.dev/link/wrap-tests-with-act
[90mstderr[2m | src/components/ChatSidebar.stories.jsx[2m > [22m[2mTool Call Multi Step
[22m[39mAn update to DeferredStory inside a test was not wrapped in act(...).

When testing, code that causes React state updates should be wrapped into act(...):

act(() => {
  /* fire events that update state */
});
/* assert on the output */

This ensures that you're testing the behavior the user would see in the browser. Learn more at https://react.dev/link/wrap-tests-with-act
[90mstdout[2m | src/components/ChatSidebar.stories.jsx[2m > [22m[2mTool Call Multi Step
[22m[39m[ChatContext] AssistantChat query update: 1 items (synced)
[90mstdout[2m | src/components/ChatSidebar.stories.jsx[2m > [22m[2mTool Call Multi Step
[22m[39m[ChatContext] First item details: {
  "id": "multistep-chat",
  "updatedAt": "2026-04-16T10:56:22.486Z",
}
[90mstderr[2m | src/components/ChatSidebar.stories.jsx[2m > [22m[2mTool Call Multi Step
[22m[39mAn update to ChatContextProvider inside a test was not wrapped in act(...).

When testing, code that causes React state updates should be wrapped into act(...):

act(() => {
  /* fire events that update state */
});
/* assert on the output */

This ensures that you're testing the behavior the user would see in the browser. Learn more at https://react.dev/link/wrap-tests-with-act
[90mstdout[2m | src/components/ChatSidebar.stories.jsx[2m > [22m[2mTool Call Multi Step
[22m[39m[ChatContext] AssistantChat list updated: 1 chats
[90mstderr[2m | src/components/ChatSidebar.stories.jsx[2m > [22m[2mTool Call Multi Step
[22m[39mAn update to ChatContextProvider inside a test was not wrapped in act(...).

When testing, code that causes React state updates should be wrapped into act(...):

act(() => {
  /* fire events that update state */
});
/* assert on the output */

This ensures that you're testing the behavior the user would see in the browser. Learn more at https://react.dev/link/wrap-tests-with-act
[90mstdout[2m | src/components/ChatSidebar.stories.jsx[2m > [22m[2mTool Call Multi Step
[22m[39m[ChatContext] No chats found, clearing current chat - new one will be created
[90mstdout[2m | src/components/ChatSidebar.stories.jsx[2m > [22m[2mTool Call Multi Step
[22m[39m[ChatContext] Setting initial chat: multistep-chat
[90mstderr[2m | src/components/ChatSidebar.stories.jsx[2m > [22m[2mTool Call Multi Step
[22m[39m[useTabContext] Used outside of TabProvider, returning default values
[90mstdout[2m | src/components/ChatSidebar.stories.jsx[2m > [22m[2mTool Call Multi Step
[22m[39m[useTranslationWithCapture] t() called: {
  "key": "chatSidebar.aiAssistant",
  "mode": "off",
  "namespace": "components",
  "value": "AI Assistant",
}
[90mstdout[2m | src/components/ChatSidebar.stories.jsx[2m > [22m[2mTool Call Multi Step
[22m[39m[useTranslationWithCapture] t() called: {
  "key": "chatSidebar.newChat",
  "mode": "off",
  "namespace": "components",
  "value": "New chat",
}
[90mstdout[2m | src/components/ChatSidebar.stories.jsx[2m > [22m[2mTool Call Multi Step
[22m[39m[useTranslationWithCapture] t() called: {
  "key": "chatSidebar.archiveChat",
  "mode": "off",
  "namespace": "components",
  "value": "Archive chat",
}
[90mstdout[2m | src/components/ChatSidebar.stories.jsx[2m > [22m[2mTool Call Multi Step
[22m[39m[useTranslationWithCapture] t() called: {
  "key": "chatSidebar.welcomeMessage",
  "mode": "off",
  "namespace": "components",
  "value": "Ask me anything about your curriculum, files, or content!",
}
[90mstdout[2m | src/components/ChatSidebar.stories.jsx[2m > [22m[2mTool Call Multi Step
[22m[39m[useTranslationWithCapture] t() called: {
  "key": "chatSidebar.askMeAnything",
  "mode": "off",
  "namespace": "components",
  "value": "Ask me anything...",
}
[90mstdout[2m | src/components/ChatSidebar.stories.jsx[2m > [22m[2mTool Call Multi Step
[22m[39m[useTranslationWithCapture] t() called: {
  "key": "actions.send",
  "mode": "off",
  "namespace": "components",
  "value": "Send",
}
[90mstdout[2m | src/components/ChatSidebar.stories.jsx[2m > [22m[2mTool Call Multi Step
[22m[39m[useTranslationWithCapture] t() called: {
  "key": "chatSidebar.reviewImportVocabulary",
  "mode": "off",
  "namespace": "components",
  "value": "Review & Import Vocabulary",
}
[90mstdout[2m | src/components/ChatSidebar.stories.jsx[2m > [22m[2mTool Call Multi Step
[22m[39m[useTranslationWithCapture] t() called: {
  "key": "chatSidebar.confirm",
  "mode": "off",
  "namespace": "components",
  "value": "Confirm",
}
[90mstdout[2m | src/components/ChatSidebar.stories.jsx[2m > [22m[2mTool Call Multi Step
[22m[39m[useTranslationWithCapture] t() called: {
  "key": "chatSidebar.cancel",
  "mode": "off",
  "namespace": "components",
  "value": "Cancel",
}
[90mstderr[2m | src/components/ChatSidebar.stories.jsx[2m > [22m[2mTool Call Multi Step
[22m[39mAn update to ForwardRef(FormControl2) inside a test was not wrapped in act(...).

When testing, code that causes React state updates should be wrapped into act(...):

act(() => {
  /* fire events that update state */
});
/* assert on the output */

This ensures that you're testing the behavior the user would see in the browser. Learn more at https://react.dev/link/wrap-tests-with-act
[90mstderr[2m | src/components/ChatSidebar.stories.jsx[2m > [22m[2mTool Call Multi Step
[22m[39mAn update to ChatSidebar inside a test was not wrapped in act(...).

When testing, code that causes React state updates should be wrapped into act(...):

act(() => {
  /* fire events that update state */
});
/* assert on the output */

This ensures that you're testing the behavior the user would see in the browser. Learn more at https://react.dev/link/wrap-tests-with-act
[90mstdout[2m | src/components/ChatSidebar.stories.jsx[2m > [22m[2mTool Call Multi Step
[22m[39m[ChatSidebar] Loading messages for chat: multistep-chat count: 4
[90mstdout[2m | src/components/ChatSidebar.stories.jsx[2m > [22m[2mTool Call Multi Step
[22m[39m[ChatSidebar] deepCloneMessages: cloned 4 messages
[90mstderr[2m | src/components/ChatSidebar.stories.jsx[2m > [22m[2mTool Call Multi Step
[22m[39mAn update to ChatSidebar inside a test was not wrapped in act(...).

When testing, code that causes React state updates should be wrapped into act(...):

act(() => {
  /* fire events that update state */
});
/* assert on the output */

This ensures that you're testing the behavior the user would see in the browser. Learn more at https://react.dev/link/wrap-tests-with-act
[90mstderr[2m | src/components/ChatSidebar.stories.jsx[2m > [22m[2mTool Call Multi Step
[22m[39mAn update to ChatSidebar inside a test was not wrapped in act(...).

When testing, code that causes React state updates should be wrapped into act(...):

act(() => {
  /* fire events that update state */
});
/* assert on the output */

This ensures that you're testing the behavior the user would see in the browser. Learn more at https://react.dev/link/wrap-tests-with-act
[90mstderr[2m | src/components/ChatSidebar.stories.jsx[2m > [22m[2mTool Call Multi Step
[22m[39mAn update to ChatSidebar inside a test was not wrapped in act(...).

When testing, code that causes React state updates should be wrapped into act(...):

act(() => {
  /* fire events that update state */
});
/* assert on the output */

This ensures that you're testing the behavior the user would see in the browser. Learn more at https://react.dev/link/wrap-tests-with-act
[90mstdout[2m | src/components/ChatSidebar.stories.jsx[2m > [22m[2mTool Call Multi Step
[22m[39m[Mock Data] generateClient() called - returning mock client
[90mstdout[2m | src/components/ChatSidebar.stories.jsx[2m > [22m[2mTool Call Multi Step
[22m[39m[Mock amplifyClient] getAmplifyClient() called - returning mock client
[90mstdout[2m | src/components/ChatSidebar.stories.jsx[2m > [22m[2mTool Call Multi Step
[22m[39m[Mock Data] AssistantChatFile.list() called with options: {
  "filter": {
    "chatID": {
      "eq": "multistep-chat",
    },
  },
}
[90mstdout[2m | src/components/ChatSidebar.stories.jsx[2m > [22m[2mTool Call Multi Step
[22m[39m[ChatContext] Chat exists and not archived, skipping creation
[90mstderr[2m | src/components/ChatSidebar.stories.jsx[2m > [22m[2mTool Call Multi Step
[22m[39m[useTabContext] Used outside of TabProvider, returning default values
[90mstdout[2m | src/components/ChatSidebar.stories.jsx[2m > [22m[2mTool Call Multi Step
[22m[39m[ChatSidebar] useChat status: ready messages: 4 toolCalls: 0
[90mstdout[2m | src/components/ChatSidebar.stories.jsx[2m > [22m[2mTool Call Multi Step
[22m[39m[useTranslationWithCapture] t() called: {
  "key": "chatSidebar.aiAssistant",
  "mode": "off",
  "namespace": "components",
  "value": "AI Assistant",
}
[90mstdout[2m | src/components/ChatSidebar.stories.jsx[2m > [22m[2mTool Call Multi Step
[22m[39m[useTranslationWithCapture] t() called: {
  "key": "chatSidebar.newChat",
  "mode": "off",
  "namespace": "components",
  "value": "New chat",
}
[90mstdout[2m | src/components/ChatSidebar.stories.jsx[2m > [22m[2mTool Call Multi Step
[22m[39m[useTranslationWithCapture] t() called: {
  "key": "chatSidebar.archiveChat",
  "mode": "off",
  "namespace": "components",
  "value": "Archive chat",
}
[90mstdout[2m | src/components/ChatSidebar.stories.jsx[2m > [22m[2mTool Call Multi Step
[22m[39m[useTranslationWithCapture] t() called: {
  "key": "chatSidebar.welcomeMessage",
  "mode": "off",
  "namespace": "components",
  "value": "Ask me anything about your curriculum, files, or content!",
}
[90mstdout[2m | src/components/ChatSidebar.stories.jsx[2m > [22m[2mTool Call Multi Step
[22m[39m[useTranslationWithCapture] t() called: {
  "key": "chatSidebar.askMeAnything",
  "mode": "off",
  "namespace": "components",
  "value": "Ask me anything...",
}
[90mstdout[2m | src/components/ChatSidebar.stories.jsx[2m > [22m[2mTool Call Multi Step
[22m[39m[useTranslationWithCapture] t() called: {
  "key": "actions.send",
  "mode": "off",
  "namespace": "components",
  "value": "Send",
}
[90mstdout[2m | src/components/ChatSidebar.stories.jsx[2m > [22m[2mTool Call Multi Step
[22m[39m[useTranslationWithCapture] t() called: {
  "key": "chatSidebar.reviewImportVocabulary",
  "mode": "off",
  "namespace": "components",
  "value": "Review & Import Vocabulary",
}
[90mstdout[2m | src/components/ChatSidebar.stories.jsx[2m > [22m[2mTool Call Multi Step
[22m[39m[useTranslationWithCapture] t() called: {
  "key": "chatSidebar.confirm",
  "mode": "off",
  "namespace": "components",
  "value": "Confirm",
}
[90mstdout[2m | src/components/ChatSidebar.stories.jsx[2m > [22m[2mTool Call Multi Step
[22m[39m[useTranslationWithCapture] t() called: {
  "key": "chatSidebar.cancel",
  "mode": "off",
  "namespace": "components",
  "value": "Cancel",
}
[90mstdout[2m | src/components/ChatSidebar.stories.jsx[2m > [22m[2mTool Call Multi Step
[22m[39m[useTranslationWithCapture] t() called: {
  "key": "chatSidebar.messageList.chatMessagesLabel",
  "mode": "off",
  "namespace": "components",
  "value": "Chat messages",
}
[90mstderr[2m | src/components/ChatSidebar.stories.jsx[2m > [22m[2mTool Call Multi Step
[22m[39mAn update to VirtualizedMessageList inside a test was not wrapped in act(...).

When testing, code that causes React state updates should be wrapped into act(...):

act(() => {
  /* fire events that update state */
});
/* assert on the output */

This ensures that you're testing the behavior the user would see in the browser. Learn more at https://react.dev/link/wrap-tests-with-act
[90mstderr[2m | src/components/ChatSidebar.stories.jsx[2m > [22m[2mTool Call Multi Step
[22m[39mAn update to ForwardRef(FormControl2) inside a test was not wrapped in act(...).

When testing, code that causes React state updates should be wrapped into act(...):

act(() => {
  /* fire events that update state */
});
/* assert on the output */

This ensures that you're testing the behavior the user would see in the browser. Learn more at https://react.dev/link/wrap-tests-with-act
[90mstdout[2m | src/components/ChatSidebar.stories.jsx[2m > [22m[2mTool Call Multi Step
[22m[39m[useTranslationWithCapture] t() called: {
  "key": "chatSidebar.messageList.chatMessagesLabel",
  "mode": "off",
  "namespace": "components",
  "value": "Chat messages",
}
[90mstdout[2m | src/components/ChatSidebar.stories.jsx[2m > [22m[2mTool Call Multi Step
[22m[39m[useTranslationWithCapture] t() called: {
  "key": "chatSidebar.createSection",
  "mode": "off",
  "namespace": "components",
  "value": "➕ Create Section",
}
[90mstdout[2m | src/components/ChatSidebar.stories.jsx[2m > [22m[2mTool Call Multi Step
[22m[39m[useTranslationWithCapture] t() called: {
  "key": "chatSidebar.created",
  "mode": "off",
  "namespace": "components",
  "value": "Created",
}
[90mstdout[2m | src/components/ChatSidebar.stories.jsx[2m > [22m[2mTool Call Multi Step
[22m[39m[useTranslationWithCapture] t() called: {
  "key": "chatSidebar.complete",
  "mode": "off",
  "namespace": "components",
  "value": "✓ Complete",
}
[90mstdout[2m | src/components/ChatSidebar.stories.jsx[2m > [22m[2mTool Call Multi Step
[22m[39m[useTranslationWithCapture] t() called: {
  "key": "aiFeedbackWidget.whatToImprove",
  "mode": "off",
  "namespace": "components",
  "value": "What could be improved?",
}
[90mstdout[2m | src/components/ChatSidebar.stories.jsx[2m > [22m[2mTool Call Multi Step
[22m[39m[useTranslationWithCapture] t() called: {
  "key": "aiFeedbackWidget.selectAllThatApply",
  "mode": "off",
  "namespace": "components",
  "value": "Select all that apply:",
}
[90mstdout[2m | src/components/ChatSidebar.stories.jsx[2m > [22m[2mTool Call Multi Step
[22m[39m[useTranslationWithCapture] t() called: {
  "key": "aiFeedbackWidget.cancel",
  "mode": "off",
  "namespace": "components",
  "value": "Cancel",
}
[90mstdout[2m | src/components/ChatSidebar.stories.jsx[2m > [22m[2mTool Call Multi Step
[22m[39m[useTranslationWithCapture] t() called: {
  "key": "aiFeedbackWidget.submit",
  "mode": "off",
  "namespace": "components",
  "value": "Submit",
}
[90mstdout[2m | src/components/ChatSidebar.stories.jsx[2m > [22m[2mTool Call Multi Step
[22m[39m[useTranslationWithCapture] t() called: {
  "key": "aiFeedbackWidget.whatToImprove",
  "mode": "off",
  "namespace": "components",
  "value": "What could be improved?",
}
[90mstdout[2m | src/components/ChatSidebar.stories.jsx[2m > [22m[2mTool Call Multi Step
[22m[39m[useTranslationWithCapture] t() called: {
  "key": "aiFeedbackWidget.selectAllThatApply",
  "mode": "off",
  "namespace": "components",
  "value": "Select all that apply:",
}
[90mstdout[2m | src/components/ChatSidebar.stories.jsx[2m > [22m[2mTool Call Multi Step
[22m[39m[useTranslationWithCapture] t() called: {
  "key": "aiFeedbackWidget.cancel",
  "mode": "off",
  "namespace": "components",
  "value": "Cancel",
}
[90mstdout[2m | src/components/ChatSidebar.stories.jsx[2m > [22m[2mTool Call Multi Step
[22m[39m[useTranslationWithCapture] t() called: {
  "key": "aiFeedbackWidget.submit",
  "mode": "off",
  "namespace": "components",
  "value": "Submit",
}
[90mstdout[2m | src/components/ChatSidebar.stories.jsx[2m > [22m[2mTool Call Multi Step
[22m[39m[useTranslationWithCapture] t() called: {
  "key": "aiFeedbackWidget.whatToImprove",
  "mode": "off",
  "namespace": "components",
  "value": "What could be improved?",
}
[90mstdout[2m | src/components/ChatSidebar.stories.jsx[2m > [22m[2mTool Call Multi Step
[22m[39m[useTranslationWithCapture] t() called: {
  "key": "aiFeedbackWidget.selectAllThatApply",
  "mode": "off",
  "namespace": "components",
  "value": "Select all that apply:",
}
[90mstdout[2m | src/components/ChatSidebar.stories.jsx[2m > [22m[2mTool Call Multi Step
[22m[39m[useTranslationWithCapture] t() called: {
  "key": "aiFeedbackWidget.cancel",
  "mode": "off",
  "namespace": "components",
  "value": "Cancel",
}
[90mstdout[2m | src/components/ChatSidebar.stories.jsx[2m > [22m[2mTool Call Multi Step
[22m[39m[useTranslationWithCapture] t() called: {
  "key": "aiFeedbackWidget.submit",
  "mode": "off",
  "namespace": "components",
  "value": "Submit",
}
[90mstderr[2m | src/components/ChatSidebar.stories.jsx[2m > [22m[2mTool Call Multi Step
[22m[39mAn update to VirtualizedMessageList inside a test was not wrapped in act(...).

When testing, code that causes React state updates should be wrapped into act(...):

act(() => {
  /* fire events that update state */
});
/* assert on the output */

This ensures that you're testing the behavior the user would see in the browser. Learn more at https://react.dev/link/wrap-tests-with-act
[90mstderr[2m | src/components/ChatSidebar.stories.jsx[2m > [22m[2mTool Call Multi Step
[22m[39mAn update to ForwardRef(Tooltip2) inside a test was not wrapped in act(...).

When testing, code that causes React state updates should be wrapped into act(...):

act(() => {
  /* fire events that update state */
});
/* assert on the output */

This ensures that you're testing the behavior the user would see in the browser. Learn more at https://react.dev/link/wrap-tests-with-act
[90mstderr[2m | src/components/ChatSidebar.stories.jsx[2m > [22m[2mTool Call Multi Step
[22m[39mAn update to ForwardRef(Tooltip2) inside a test was not wrapped in act(...).

When testing, code that causes React state updates should be wrapped into act(...):

act(() => {
  /* fire events that update state */
});
/* assert on the output */

This ensures that you're testing the behavior the user would see in the browser. Learn more at https://react.dev/link/wrap-tests-with-act
[90mstderr[2m | src/components/ChatSidebar.stories.jsx[2m > [22m[2mTool Call Multi Step
[22m[39mAn update to VirtualizedMessageList inside a test was not wrapped in act(...).

When testing, code that causes React state updates should be wrapped into act(...):

act(() => {
  /* fire events that update state */
});
/* assert on the output */

This ensures that you're testing the behavior the user would see in the browser. Learn more at https://react.dev/link/wrap-tests-with-act
[90mstderr[2m | src/components/ChatSidebar.stories.jsx[2m > [22m[2mTool Call Multi Step
[22m[39mAn update to ForwardRef(Tooltip2) inside a test was not wrapped in act(...).

When testing, code that causes React state updates should be wrapped into act(...):

act(() => {
  /* fire events that update state */
});
/* assert on the output */

This ensures that you're testing the behavior the user would see in the browser. Learn more at https://react.dev/link/wrap-tests-with-act
[90mstderr[2m | src/components/ChatSidebar.stories.jsx[2m > [22m[2mTool Call Multi Step
[22m[39mAn update to ForwardRef(Tooltip2) inside a test was not wrapped in act(...).

When testing, code that causes React state updates should be wrapped into act(...):

act(() => {
  /* fire events that update state */
});
/* assert on the output */

This ensures that you're testing the behavior the user would see in the browser. Learn more at https://react.dev/link/wrap-tests-with-act
[90mstderr[2m | src/components/ChatSidebar.stories.jsx[2m > [22m[2mTool Call Multi Step
[22m[39mAn update to VirtualizedMessageList inside a test was not wrapped in act(...).

When testing, code that causes React state updates should be wrapped into act(...):

act(() => {
  /* fire events that update state */
});
/* assert on the output */

This ensures that you're testing the behavior the user would see in the browser. Learn more at https://react.dev/link/wrap-tests-with-act
[90mstderr[2m | src/components/ChatSidebar.stories.jsx[2m > [22m[2mTool Call Multi Step
[22m[39mAn update to ForwardRef(Tooltip2) inside a test was not wrapped in act(...).

When testing, code that causes React state updates should be wrapped into act(...):

act(() => {
  /* fire events that update state */
});
/* assert on the output */

This ensures that you're testing the behavior the user would see in the browser. Learn more at https://react.dev/link/wrap-tests-with-act
[90mstderr[2m | src/components/ChatSidebar.stories.jsx[2m > [22m[2mTool Call Multi Step
[22m[39mAn update to ForwardRef(Tooltip2) inside a test was not wrapped in act(...).

When testing, code that causes React state updates should be wrapped into act(...):

act(() => {
  /* fire events that update state */
});
/* assert on the output */

This ensures that you're testing the behavior the user would see in the browser. Learn more at https://react.dev/link/wrap-tests-with-act
[90mstderr[2m | src/components/ChatSidebar.stories.jsx[2m > [22m[2mTool Call Multi Step
[22m[39mAn update to VirtualizedMessageList inside a test was not wrapped in act(...).

When testing, code that causes React state updates should be wrapped into act(...):

act(() => {
  /* fire events that update state */
});
/* assert on the output */

This ensures that you're testing the behavior the user would see in the browser. Learn more at https://react.dev/link/wrap-tests-with-act
[90mstdout[2m | src/components/ChatSidebar.stories.jsx[2m > [22m[2mTool Call Multi Step
[22m[39m[useTranslationWithCapture] t() called: {
  "key": "chatSidebar.messageList.chatMessagesLabel",
  "mode": "off",
  "namespace": "components",
  "value": "Chat messages",
}
[90mstdout[2m | src/components/ChatSidebar.stories.jsx[2m > [22m[2mTool Call Multi Step
[22m[39m[useTranslationWithCapture] t() called: {
  "key": "chatSidebar.createSection",
  "mode": "off",
  "namespace": "components",
  "value": "➕ Create Section",
}
[90mstdout[2m | src/components/ChatSidebar.stories.jsx[2m > [22m[2mTool Call Multi Step
[22m[39m[useTranslationWithCapture] t() called: {
  "key": "chatSidebar.created",
  "mode": "off",
  "namespace": "components",
  "value": "Created",
}
[90mstdout[2m | src/components/ChatSidebar.stories.jsx[2m > [22m[2mTool Call Multi Step
[22m[39m[useTranslationWithCapture] t() called: {
  "key": "chatSidebar.complete",
  "mode": "off",
  "namespace": "components",
  "value": "✓ Complete",
}
[90mstdout[2m | src/components/ChatSidebar.stories.jsx[2m > [22m[2mTool Call Multi Step
[22m[39m[useTranslationWithCapture] t() called: {
  "key": "aiFeedbackWidget.whatToImprove",
  "mode": "off",
  "namespace": "components",
  "value": "What could be improved?",
}
[90mstdout[2m | src/components/ChatSidebar.stories.jsx[2m > [22m[2mTool Call Multi Step
[22m[39m[useTranslationWithCapture] t() called: {
  "key": "aiFeedbackWidget.selectAllThatApply",
  "mode": "off",
  "namespace": "components",
  "value": "Select all that apply:",
}
[90mstdout[2m | src/components/ChatSidebar.stories.jsx[2m > [22m[2mTool Call Multi Step
[22m[39m[useTranslationWithCapture] t() called: {
  "key": "aiFeedbackWidget.cancel",
  "mode": "off",
  "namespace": "components",
  "value": "Cancel",
}
[90mstdout[2m | src/components/ChatSidebar.stories.jsx[2m > [22m[2mTool Call Multi Step
[22m[39m[useTranslationWithCapture] t() called: {
  "key": "aiFeedbackWidget.submit",
  "mode": "off",
  "namespace": "components",
  "value": "Submit",
}
[90mstdout[2m | src/components/ChatSidebar.stories.jsx[2m > [22m[2mTool Call Multi Step
[22m[39m[useTranslationWithCapture] t() called: {
  "key": "aiFeedbackWidget.whatToImprove",
  "mode": "off",
  "namespace": "components",
  "value": "What could be improved?",
}
[90mstdout[2m | src/components/ChatSidebar.stories.jsx[2m > [22m[2mTool Call Multi Step
[22m[39m[useTranslationWithCapture] t() called: {
  "key": "aiFeedbackWidget.selectAllThatApply",
  "mode": "off",
  "namespace": "components",
  "value": "Select all that apply:",
}
[90mstdout[2m | src/components/ChatSidebar.stories.jsx[2m > [22m[2mTool Call Multi Step
[22m[39m[useTranslationWithCapture] t() called: {
  "key": "aiFeedbackWidget.cancel",
  "mode": "off",
  "namespace": "components",
  "value": "Cancel",
}
[90mstdout[2m | src/components/ChatSidebar.stories.jsx[2m > [22m[2mTool Call Multi Step
[22m[39m[useTranslationWithCapture] t() called: {
  "key": "aiFeedbackWidget.submit",
  "mode": "off",
  "namespace": "components",
  "value": "Submit",
}
[90mstdout[2m | src/components/ChatSidebar.stories.jsx[2m > [22m[2mTool Call Multi Step
[22m[39m[useTranslationWithCapture] t() called: {
  "key": "aiFeedbackWidget.whatToImprove",
  "mode": "off",
  "namespace": "components",
  "value": "What could be improved?",
}
[90mstdout[2m | src/components/ChatSidebar.stories.jsx[2m > [22m[2mTool Call Multi Step
[22m[39m[useTranslationWithCapture] t() called: {
  "key": "aiFeedbackWidget.selectAllThatApply",
  "mode": "off",
  "namespace": "components",
  "value": "Select all that apply:",
}
[90mstdout[2m | src/components/ChatSidebar.stories.jsx[2m > [22m[2mTool Call Multi Step
[22m[39m[useTranslationWithCapture] t() called: {
  "key": "aiFeedbackWidget.cancel",
  "mode": "off",
  "namespace": "components",
  "value": "Cancel",
}
[90mstdout[2m | src/components/ChatSidebar.stories.jsx[2m > [22m[2mTool Call Multi Step
[22m[39m[useTranslationWithCapture] t() called: {
  "key": "aiFeedbackWidget.submit",
  "mode": "off",
  "namespace": "components",
  "value": "Submit",
}
[90mstderr[2m | src/components/ChatSidebar.stories.jsx[2m > [22m[2mTool Call Multi Step
[22m[39mAn update to ChatSidebar inside a test was not wrapped in act(...).

When testing, code that causes React state updates should be wrapped into act(...):

act(() => {
  /* fire events that update state */
});
/* assert on the output */

This ensures that you're testing the behavior the user would see in the browser. Learn more at https://react.dev/link/wrap-tests-with-act
[90mstderr[2m | src/components/ChatSidebar.stories.jsx[2m > [22m[2mTool Call Multi Step
[22m[39mAn update to Placeholder inside a test was not wrapped in act(...).

When testing, code that causes React state updates should be wrapped into act(...):

act(() => {
  /* fire events that update state */
});
/* assert on the output */

This ensures that you're testing the behavior the user would see in the browser. Learn more at https://react.dev/link/wrap-tests-with-act
[90mstderr[2m | src/components/ChatSidebar.stories.jsx[2m > [22m[2mTool Call Multi Step
[22m[39mAn update to Placeholder inside a test was not wrapped in act(...).

When testing, code that causes React state updates should be wrapped into act(...):

act(() => {
  /* fire events that update state */
});
/* assert on the output */

This ensures that you're testing the behavior the user would see in the browser. Learn more at https://react.dev/link/wrap-tests-with-act
[90mstderr[2m | src/components/ChatSidebar.stories.jsx[2m > [22m[2mTool Call Multi Step
[22m[39mAn update to Placeholder inside a test was not wrapped in act(...).

When testing, code that causes React state updates should be wrapped into act(...):

act(() => {
  /* fire events that update state */
});
/* assert on the output */

This ensures that you're testing the behavior the user would see in the browser. Learn more at https://react.dev/link/wrap-tests-with-act
[90mstderr[2m | src/components/ChatSidebar.stories.jsx[2m > [22m[2mTool Call Multi Step
[22m[39mAn update to Placeholder inside a test was not wrapped in act(...).

When testing, code that causes React state updates should be wrapped into act(...):

act(() => {
  /* fire events that update state */
});
/* assert on the output */

This ensures that you're testing the behavior the user would see in the browser. Learn more at https://react.dev/link/wrap-tests-with-act
[90mstderr[2m | src/components/ChatSidebar.stories.jsx[2m > [22m[2mTool Call Multi Step
[22m[39mAn update to VirtualizedMessageList inside a test was not wrapped in act(...).

When testing, code that causes React state updates should be wrapped into act(...):

act(() => {
  /* fire events that update state */
});
/* assert on the output */

This ensures that you're testing the behavior the user would see in the browser. Learn more at https://react.dev/link/wrap-tests-with-act
[90mstderr[2m | src/components/ChatSidebar.stories.jsx[2m > [22m[2mTool Call Multi Step
[22m[39mAn update to VirtualizedMessageList inside a test was not wrapped in act(...).

When testing, code that causes React state updates should be wrapped into act(...):

act(() => {
  /* fire events that update state */
});
/* assert on the output */

This ensures that you're testing the behavior the user would see in the browser. Learn more at https://react.dev/link/wrap-tests-with-act
[90mstderr[2m | src/components/ChatSidebar.stories.jsx[2m > [22m[2mTool Call Multi Step
[22m[39mAn update to VirtualizedMessageList inside a test was not wrapped in act(...).

When testing, code that causes React state updates should be wrapped into act(...):

act(() => {
  /* fire events that update state */
});
/* assert on the output */

This ensures that you're testing the behavior the user would see in the browser. Learn more at https://react.dev/link/wrap-tests-with-act
[90mstderr[2m | src/components/ChatSidebar.stories.jsx[2m > [22m[2mTool Call Multi Step
[22m[39mAn update to VirtualizedMessageList inside a test was not wrapped in act(...).

When testing, code that causes React state updates should be wrapped into act(...):

act(() => {
  /* fire events that update state */
});
/* assert on the output */

This ensures that you're testing the behavior the user would see in the browser. Learn more at https://react.dev/link/wrap-tests-with-act
[90mstderr[2m | src/components/ChatSidebar.stories.jsx[2m > [22m[2mTool Call Multi Step
[22m[39mAn update to DictionaryProvider inside a test was not wrapped in act(...).

When testing, code that causes React state updates should be wrapped into act(...):

act(() => {
  /* fire events that update state */
});
/* assert on the output */

This ensures that you're testing the behavior the user would see in the browser. Learn more at https://react.dev/link/wrap-tests-with-act
[90mstderr[2m | src/components/ChatSidebar.stories.jsx[2m > [22m[2mTool Call Multi Step
[22m[39mAn update to DictionaryProvider inside a test was not wrapped in act(...).

When testing, code that causes React state updates should be wrapped into act(...):

act(() => {
  /* fire events that update state */
});
/* assert on the output */

This ensures that you're testing the behavior the user would see in the browser. Learn more at https://react.dev/link/wrap-tests-with-act
[90mstderr[2m | src/components/ChatSidebar.stories.jsx[2m > [22m[2mTool Call Multi Step
[22m[39mAn update to VirtualizedMessageList inside a test was not wrapped in act(...).

When testing, code that causes React state updates should be wrapped into act(...):

act(() => {
  /* fire events that update state */
});
/* assert on the output */

This ensures that you're testing the behavior the user would see in the browser. Learn more at https://react.dev/link/wrap-tests-with-act
[90mstderr[2m | src/components/ChatSidebar.stories.jsx[2m > [22m[2mTool Call Multi Step
[22m[39mAn update to VirtualizedMessageList inside a test was not wrapped in act(...).

When testing, code that causes React state updates should be wrapped into act(...):

act(() => {
  /* fire events that update state */
});
/* assert on the output */

This ensures that you're testing the behavior the user would see in the browser. Learn more at https://react.dev/link/wrap-tests-with-act
[90mstderr[2m | src/components/ChatSidebar.stories.jsx[2m > [22m[2mTool Call Multi Step
[22m[39m[useTabContext] Used outside of TabProvider, returning default values
[90mstdout[2m | src/components/ChatSidebar.stories.jsx[2m > [22m[2mTool Call Multi Step
[22m[39m[ChatSidebar] useChat status: ready messages: 4 toolCalls: 0
[90mstdout[2m | src/components/ChatSidebar.stories.jsx[2m > [22m[2mTool Call Multi Step
[22m[39m[useTranslationWithCapture] t() called: {
  "key": "chatSidebar.aiAssistant",
  "mode": "off",
  "namespace": "components",
  "value": "AI Assistant",
}
[90mstdout[2m | src/components/ChatSidebar.stories.jsx[2m > [22m[2mTool Call Multi Step
[22m[39m[useTranslationWithCapture] t() called: {
  "key": "chatSidebar.newChat",
  "mode": "off",
  "namespace": "components",
  "value": "New chat",
}
[90mstdout[2m | src/components/ChatSidebar.stories.jsx[2m > [22m[2mTool Call Multi Step
[22m[39m[useTranslationWithCapture] t() called: {
  "key": "chatSidebar.archiveChat",
  "mode": "off",
  "namespace": "components",
  "value": "Archive chat",
}
[90mstdout[2m | src/components/ChatSidebar.stories.jsx[2m > [22m[2mTool Call Multi Step
[22m[39m[useTranslationWithCapture] t() called: {
  "key": "chatSidebar.welcomeMessage",
  "mode": "off",
  "namespace": "components",
  "value": "Ask me anything about your curriculum, files, or content!",
}
[90mstdout[2m | src/components/ChatSidebar.stories.jsx[2m > [22m[2mTool Call Multi Step
[22m[39m[useTranslationWithCapture] t() called: {
  "key": "chatSidebar.askMeAnything",
  "mode": "off",
  "namespace": "components",
  "value": "Ask me anything...",
}
[90mstdout[2m | src/components/ChatSidebar.stories.jsx[2m > [22m[2mTool Call Multi Step
[22m[39m[useTranslationWithCapture] t() called: {
  "key": "actions.send",
  "mode": "off",
  "namespace": "components",
  "value": "Send",
}
[90mstdout[2m | src/components/ChatSidebar.stories.jsx[2m > [22m[2mTool Call Multi Step
[22m[39m[useTranslationWithCapture] t() called: {
  "key": "chatSidebar.reviewImportVocabulary",
  "mode": "off",
  "namespace": "components",
  "value": "Review & Import Vocabulary",
}
[90mstdout[2m | src/components/ChatSidebar.stories.jsx[2m > [22m[2mTool Call Multi Step
[22m[39m[useTranslationWithCapture] t() called: {
  "key": "chatSidebar.confirm",
  "mode": "off",
  "namespace": "components",
  "value": "Confirm",
}
[90mstdout[2m | src/components/ChatSidebar.stories.jsx[2m > [22m[2mTool Call Multi Step
[22m[39m[useTranslationWithCapture] t() called: {
  "key": "chatSidebar.cancel",
  "mode": "off",
  "namespace": "components",
  "value": "Cancel",
}
[90mstdout[2m | src/components/ChatSidebar.stories.jsx[2m > [22m[2mTool Call Multi Step
[22m[39m[useTranslationWithCapture] t() called: {
  "key": "chatSidebar.messageList.chatMessagesLabel",
  "mode": "off",
  "namespace": "components",
  "value": "Chat messages",
}
[90mstdout[2m | src/components/ChatSidebar.stories.jsx[2m > [22m[2mTool Call Multi Step
[22m[39m[useTranslationWithCapture] t() called: {
  "key": "chatSidebar.createSection",
  "mode": "off",
  "namespace": "components",
  "value": "➕ Create Section",
}
[90mstdout[2m | src/components/ChatSidebar.stories.jsx[2m > [22m[2mTool Call Multi Step
[22m[39m[useTranslationWithCapture] t() called: {
  "key": "chatSidebar.created",
  "mode": "off",
  "namespace": "components",
  "value": "Created",
}
[90mstdout[2m | src/components/ChatSidebar.stories.jsx[2m > [22m[2mTool Call Multi Step
[22m[39m[useTranslationWithCapture] t() called: {
  "key": "chatSidebar.complete",
  "mode": "off",
  "namespace": "components",
  "value": "✓ Complete",
}
[90mstdout[2m | src/components/ChatSidebar.stories.jsx[2m > [22m[2mTool Call Multi Step
[22m[39m[useTranslationWithCapture] t() called: {
  "key": "aiFeedbackWidget.whatToImprove",
  "mode": "off",
  "namespace": "components",
  "value": "What could be improved?",
}
[90mstdout[2m | src/components/ChatSidebar.stories.jsx[2m > [22m[2mTool Call Multi Step
[22m[39m[useTranslationWithCapture] t() called: {
  "key": "aiFeedbackWidget.selectAllThatApply",
  "mode": "off",
  "namespace": "components",
  "value": "Select all that apply:",
}
[90mstdout[2m | src/components/ChatSidebar.stories.jsx[2m > [22m[2mTool Call Multi Step
[22m[39m[useTranslationWithCapture] t() called: {
  "key": "aiFeedbackWidget.cancel",
  "mode": "off",
  "namespace": "components",
  "value": "Cancel",
}
[90mstdout[2m | src/components/ChatSidebar.stories.jsx[2m > [22m[2mTool Call Multi Step
[22m[39m[useTranslationWithCapture] t() called: {
  "key": "aiFeedbackWidget.submit",
  "mode": "off",
  "namespace": "components",
  "value": "Submit",
}
[90mstdout[2m | src/components/ChatSidebar.stories.jsx[2m > [22m[2mTool Call Multi Step
[22m[39m[useTranslationWithCapture] t() called: {
  "key": "aiFeedbackWidget.whatToImprove",
  "mode": "off",
  "namespace": "components",
  "value": "What could be improved?",
}
[90mstdout[2m | src/components/ChatSidebar.stories.jsx[2m > [22m[2mTool Call Multi Step
[22m[39m[useTranslationWithCapture] t() called: {
  "key": "aiFeedbackWidget.selectAllThatApply",
  "mode": "off",
  "namespace": "components",
  "value": "Select all that apply:",
}
[90mstdout[2m | src/components/ChatSidebar.stories.jsx[2m > [22m[2mTool Call Multi Step
[22m[39m[useTranslationWithCapture] t() called: {
  "key": "aiFeedbackWidget.cancel",
  "mode": "off",
  "namespace": "components",
  "value": "Cancel",
}
[90mstdout[2m | src/components/ChatSidebar.stories.jsx[2m > [22m[2mTool Call Multi Step
[22m[39m[useTranslationWithCapture] t() called: {
  "key": "aiFeedbackWidget.submit",
  "mode": "off",
  "namespace": "components",
  "value": "Submit",
}
[90mstdout[2m | src/components/ChatSidebar.stories.jsx[2m > [22m[2mTool Call Multi Step
[22m[39m[useTranslationWithCapture] t() called: {
  "key": "aiFeedbackWidget.whatToImprove",
  "mode": "off",
  "namespace": "components",
  "value": "What could be improved?",
}
[90mstdout[2m | src/components/ChatSidebar.stories.jsx[2m > [22m[2mTool Call Multi Step
[22m[39m[useTranslationWithCapture] t() called: {
  "key": "aiFeedbackWidget.selectAllThatApply",
  "mode": "off",
  "namespace": "components",
  "value": "Select all that apply:",
}
[90mstdout[2m | src/components/ChatSidebar.stories.jsx[2m > [22m[2mTool Call Multi Step
[22m[39m[useTranslationWithCapture] t() called: {
  "key": "aiFeedbackWidget.cancel",
  "mode": "off",
  "namespace": "components",
  "value": "Cancel",
}
[90mstdout[2m | src/components/ChatSidebar.stories.jsx[2m > [22m[2mTool Call Multi Step
[22m[39m[useTranslationWithCapture] t() called: {
  "key": "aiFeedbackWidget.submit",
  "mode": "off",
  "namespace": "components",
  "value": "Submit",
}
[90mstdout[2m | src/components/ChatSidebar.stories.jsx[2m > [22m[2mTool Call Multi Step
[22m[39m[Mock Data] generateClient() called - returning mock client
[90mstdout[2m | src/components/ChatSidebar.stories.jsx[2m > [22m[2mTool Call Multi Step
[22m[39m[Mock amplifyClient] getAmplifyClient() called - returning mock client
[90mstdout[2m | src/components/ChatSidebar.stories.jsx[2m > [22m[2mTool Call Multi Step
[22m[39m[Mock Data] AssistantChatFile.list() called with options: {
  "filter": {
    "chatID": {
      "eq": "multistep-chat",
    },
  },
}
 [32m✓[39m [30m[45m storybook (chromium) [49m[39m src/components/ChatSidebar.stories.jsx [2m([22m[2m14 tests[22m[2m)[22m[33m 7007[2mms[22m[39m
   [33m[2m✓[22m[39m Getting Started [33m 1321[2mms[22m[39m
   [33m[2m✓[22m[39m Translation Helper [33m 396[2mms[22m[39m
   [33m[2m✓[22m[39m Content Creation [33m 337[2mms[22m[39m
   [33m[2m✓[22m[39m Quiz Generator [33m 594[2mms[22m[39m
   [33m[2m✓[22m[39m Answer Block Generator [33m 445[2mms[22m[39m
   [33m[2m✓[22m[39m Meaning Association Generator [33m 666[2mms[22m[39m
   [33m[2m✓[22m[39m Custom Answer Generator [33m 500[2mms[22m[39m
   [33m[2m✓[22m[39m Grammar Explainer [33m 500[2mms[22m[39m
   [33m[2m✓[22m[39m Conversation History [33m 349[2mms[22m[39m
   [33m[2m✓[22m[39m Tool Call Search [33m 462[2mms[22m[39m
   [33m[2m✓[22m[39m Tool Call Create Unit [33m 426[2mms[22m[39m
   [33m[2m✓[22m[39m Tool Call Generate Content [33m 353[2mms[22m[39m
   [33m[2m✓[22m[39m Tool Call Multi Step [33m 362[2mms[22m[39m
[90mstdout[2m | unknown test
[22m[39m[useTranslationWithCapture] t() called: {
  "key": "chatSidebar.messageList.chatMessagesLabel",
  "mode": "off",
  "namespace": "components",
  "value": "Chat messages",
}
[90mstdout[2m | unknown test
[22m[39m[useTranslationWithCapture] t() called: {
  "key": "chatSidebar.createSection",
  "mode": "off",
  "namespace": "components",
  "value": "➕ Create Section",
}
[90mstdout[2m | unknown test
[22m[39m[useTranslationWithCapture] t() called: {
  "key": "chatSidebar.created",
  "mode": "off",
  "namespace": "components",
  "value": "Created",
}
[90mstdout[2m | unknown test
[22m[39m[useTranslationWithCapture] t() called: {
  "key": "chatSidebar.complete",
  "mode": "off",
  "namespace": "components",
  "value": "✓ Complete",
}
[90mstdout[2m | unknown test
[22m[39m[useTranslationWithCapture] t() called: {
  "key": "aiFeedbackWidget.whatToImprove",
  "mode": "off",
  "namespace": "components",
  "value": "What could be improved?",
}
[90mstdout[2m | unknown test
[22m[39m[useTranslationWithCapture] t() called: {
  "key": "aiFeedbackWidget.selectAllThatApply",
  "mode": "off",
  "namespace": "components",
  "value": "Select all that apply:",
}
[90mstdout[2m | unknown test
[22m[39m[useTranslationWithCapture] t() called: {
  "key": "aiFeedbackWidget.cancel",
  "mode": "off",
  "namespace": "components",
  "value": "Cancel",
}
[90mstdout[2m | unknown test
[22m[39m[useTranslationWithCapture] t() called: {
  "key": "aiFeedbackWidget.submit",
  "mode": "off",
  "namespace": "components",
  "value": "Submit",
}
[90mstdout[2m | unknown test
[22m[39m[useTranslationWithCapture] t() called: {
  "key": "aiFeedbackWidget.whatToImprove",
  "mode": "off",
  "namespace": "components",
  "value": "What could be improved?",
}
[90mstdout[2m | unknown test
[22m[39m[useTranslationWithCapture] t() called: {
  "key": "aiFeedbackWidget.selectAllThatApply",
  "mode": "off",
  "namespace": "components",
  "value": "Select all that apply:",
}
[90mstdout[2m | unknown test
[22m[39m[useTranslationWithCapture] t() called: {
  "key": "aiFeedbackWidget.cancel",
  "mode": "off",
  "namespace": "components",
  "value": "Cancel",
}
[90mstdout[2m | unknown test
[22m[39m[useTranslationWithCapture] t() called: {
  "key": "aiFeedbackWidget.submit",
  "mode": "off",
  "namespace": "components",
  "value": "Submit",
}
[90mstdout[2m | unknown test
[22m[39m[useTranslationWithCapture] t() called: {
  "key": "aiFeedbackWidget.whatToImprove",
  "mode": "off",
  "namespace": "components",
  "value": "What could be improved?",
}
[90mstdout[2m | unknown test
[22m[39m[useTranslationWithCapture] t() called: {
  "key": "aiFeedbackWidget.selectAllThatApply",
  "mode": "off",
  "namespace": "components",
  "value": "Select all that apply:",
}
[90mstdout[2m | unknown test
[22m[39m[useTranslationWithCapture] t() called: {
  "key": "aiFeedbackWidget.cancel",
  "mode": "off",
  "namespace": "components",
  "value": "Cancel",
}
[90mstdout[2m | unknown test
[22m[39m[useTranslationWithCapture] t() called: {
  "key": "aiFeedbackWidget.submit",
  "mode": "off",
  "namespace": "components",
  "value": "Submit",
}
[90mstdout[2m | unknown test
[22m[39m[useTranslationWithCapture] t() called: {
  "key": "chatSidebar.messageList.chatMessagesLabel",
  "mode": "off",
  "namespace": "components",
  "value": "Chat messages",
}
[90mstdout[2m | unknown test
[22m[39m[useTranslationWithCapture] t() called: {
  "key": "chatSidebar.createSection",
  "mode": "off",
  "namespace": "components",
  "value": "➕ Create Section",
}
[90mstdout[2m | unknown test
[22m[39m[useTranslationWithCapture] t() called: {
  "key": "chatSidebar.created",
  "mode": "off",
  "namespace": "components",
  "value": "Created",
}
[90mstdout[2m | unknown test
[22m[39m[useTranslationWithCapture] t() called: {
  "key": "chatSidebar.complete",
  "mode": "off",
  "namespace": "components",
  "value": "✓ Complete",
}
[90mstdout[2m | unknown test
[22m[39m[useTranslationWithCapture] t() called: {
  "key": "aiFeedbackWidget.whatToImprove",
  "mode": "off",
  "namespace": "components",
  "value": "What could be improved?",
}
[90mstdout[2m | unknown test
[22m[39m[useTranslationWithCapture] t() called: {
  "key": "aiFeedbackWidget.selectAllThatApply",
  "mode": "off",
  "namespace": "components",
  "value": "Select all that apply:",
}
[90mstdout[2m | unknown test
[22m[39m[useTranslationWithCapture] t() called: {
  "key": "aiFeedbackWidget.cancel",
  "mode": "off",
  "namespace": "components",
  "value": "Cancel",
}
[90mstdout[2m | unknown test
[22m[39m[useTranslationWithCapture] t() called: {
  "key": "aiFeedbackWidget.submit",
  "mode": "off",
  "namespace": "components",
  "value": "Submit",
}
[90mstdout[2m | unknown test
[22m[39m[useTranslationWithCapture] t() called: {
  "key": "aiFeedbackWidget.whatToImprove",
  "mode": "off",
  "namespace": "components",
  "value": "What could be improved?",
}
[90mstdout[2m | unknown test
[22m[39m[useTranslationWithCapture] t() called: {
  "key": "aiFeedbackWidget.selectAllThatApply",
  "mode": "off",
  "namespace": "components",
  "value": "Select all that apply:",
}
[90mstdout[2m | unknown test
[22m[39m[useTranslationWithCapture] t() called: {
  "key": "aiFeedbackWidget.cancel",
  "mode": "off",
  "namespace": "components",
  "value": "Cancel",
}
[90mstdout[2m | unknown test
[22m[39m[useTranslationWithCapture] t() called: {
  "key": "aiFeedbackWidget.submit",
  "mode": "off",
  "namespace": "components",
  "value": "Submit",
}
[90mstdout[2m | unknown test
[22m[39m[useTranslationWithCapture] t() called: {
  "key": "aiFeedbackWidget.whatToImprove",
  "mode": "off",
  "namespace": "components",
  "value": "What could be improved?",
}
[90mstdout[2m | unknown test
[22m[39m[useTranslationWithCapture] t() called: {
  "key": "aiFeedbackWidget.selectAllThatApply",
  "mode": "off",
  "namespace": "components",
  "value": "Select all that apply:",
}
[90mstdout[2m | unknown test
[22m[39m[useTranslationWithCapture] t() called: {
  "key": "aiFeedbackWidget.cancel",
  "mode": "off",
  "namespace": "components",
  "value": "Cancel",
}
[90mstdout[2m | unknown test
[22m[39m[useTranslationWithCapture] t() called: {
  "key": "aiFeedbackWidget.submit",
  "mode": "off",
  "namespace": "components",
  "value": "Submit",
}
[90mstdout[2m | unknown test
[22m[39m[useTranslationWithCapture] t() called: {
  "key": "chatSidebar.messageList.chatMessagesLabel",
  "mode": "off",
  "namespace": "components",
  "value": "Chat messages",
}
[90mstdout[2m | unknown test
[22m[39m[useTranslationWithCapture] t() called: {
  "key": "chatSidebar.createSection",
  "mode": "off",
  "namespace": "components",
  "value": "➕ Create Section",
}
[90mstdout[2m | unknown test
[22m[39m[useTranslationWithCapture] t() called: {
  "key": "chatSidebar.created",
  "mode": "off",
  "namespace": "components",
  "value": "Created",
}
[90mstdout[2m | unknown test
[22m[39m[useTranslationWithCapture] t() called: {
  "key": "chatSidebar.complete",
  "mode": "off",
  "namespace": "components",
  "value": "✓ Complete",
}
[90mstdout[2m | src/components/QuestionBlock.stories.jsx[2m > [22m[2mMultiple Choice
[22m[39m[Mock Data] Settings subscription unsubscribed. Remaining: 0
[90mstdout[2m | src/components/QuestionBlock.stories.jsx[2m > [22m[2mMultiple Choice
[22m[39m[ChatContext] Cleaning up subscription
[90mstdout[2m | src/components/QuestionBlock.stories.jsx[2m > [22m[2mMultiple Choice
[22m[39m[Mock Data] AssistantChat subscription unsubscribed. Remaining: 0
[90mstdout[2m | src/components/QuestionBlock.stories.jsx[2m > [22m[2mMultiple Choice
[22m[39m[Mock Data] File subscription unsubscribed. Remaining: 0
[90mstdout[2m | src/components/QuestionBlock.stories.jsx[2m > [22m[2mMultiple Choice
[22m[39m[Mock Data] Document subscription unsubscribed. Remaining: 1
[90mstdout[2m | src/components/QuestionBlock.stories.jsx[2m > [22m[2mMultiple Choice
[22m[39m[Mock Data] Word subscription unsubscribed. Remaining: 0
[90mstdout[2m | src/components/QuestionBlock.stories.jsx[2m > [22m[2mMultiple Choice
[22m[39m[Mock Data] Question subscription unsubscribed. Remaining: 0
[90mstdout[2m | src/components/QuestionBlock.stories.jsx[2m > [22m[2mMultiple Choice
[22m[39m[Mock Data] Grade subscription unsubscribed. Remaining: 0
[90mstdout[2m | src/components/QuestionBlock.stories.jsx[2m > [22m[2mMultiple Choice
[22m[39m[Mock Data] Unit subscription unsubscribed. Remaining: 0
[90mstdout[2m | src/components/QuestionBlock.stories.jsx[2m > [22m[2mMultiple Choice
[22m[39m[SectionContext] Cleaning up subscriptions
[90mstdout[2m | src/components/QuestionBlock.stories.jsx[2m > [22m[2mMultiple Choice
[22m[39m[Mock Data] Section.onCreate() subscription removed. Remaining: 0
[90mstdout[2m | src/components/QuestionBlock.stories.jsx[2m > [22m[2mMultiple Choice
[22m[39m[Mock Data] Section.onUpdate() subscription removed. Remaining: 0
[90mstdout[2m | src/components/QuestionBlock.stories.jsx[2m > [22m[2mMultiple Choice
[22m[39m[Mock Data] Section.onDelete() subscription removed. Remaining: 0
[90mstdout[2m | src/components/QuestionBlock.stories.jsx[2m > [22m[2mMultiple Choice
[22m[39m[Mock Data] Assignment.onCreate() subscription removed. Remaining: 0
[90mstdout[2m | src/components/QuestionBlock.stories.jsx[2m > [22m[2mMultiple Choice
[22m[39m[Mock Data] Assignment.onUpdate() subscription removed. Remaining: 0
[90mstdout[2m | src/components/QuestionBlock.stories.jsx[2m > [22m[2mMultiple Choice
[22m[39m[Mock Data] Assignment.onDelete() subscription removed. Remaining: 0
[90mstdout[2m | src/components/QuestionBlock.stories.jsx[2m > [22m[2mMultiple Choice
[22m[39m[chatTools] Vector store search function registered: false
[90mstdout[2m | src/components/QuestionBlock.stories.jsx[2m > [22m[2mMultiple Choice
[22m[39m[Mock Data] Document subscription unsubscribed. Remaining: 0
[90mstdout[2m | src/components/QuestionBlock.stories.jsx[2m > [22m[2mMultiple Choice
[22m[39m[Mock Data] Clearing all data stores
[90mstdout[2m | src/components/QuestionBlock.stories.jsx[2m > [22m[2mMultiple Choice
[22m[39m[Mock Data] All data stores cleared
[90mstdout[2m | src/components/QuestionBlock.stories.jsx[2m > [22m[2mMultiple Choice
[22m[39m[Preview] Cleared mock data for story
[90mstdout[2m | src/components/QuestionBlock.stories.jsx[2m > [22m[2mMultiple Choice
[22m[39m[Mock Data Gen 2] Initializing mock data
[90mstdout[2m | src/components/QuestionBlock.stories.jsx[2m > [22m[2mMultiple Choice
[22m[39m[Mock Data] seedMockAssistantChats: Replacing with 1 assistant chats
[90mstdout[2m | src/components/QuestionBlock.stories.jsx[2m > [22m[2mMultiple Choice
[22m[39m[Mock Data Gen 2] Seeded AssistantChat: mock-assistant-chat-1
[90mstdout[2m | src/components/QuestionBlock.stories.jsx[2m > [22m[2mMultiple Choice
[22m[39m[Mock Data] seedMockFiles: Adding 6 files
[90mstdout[2m | src/components/QuestionBlock.stories.jsx[2m > [22m[2mMultiple Choice
[22m[39m[Mock Data Gen 2] Seeded Files: 6
[90mstdout[2m | src/components/QuestionBlock.stories.jsx[2m > [22m[2mMultiple Choice
[22m[39m[Mock Data Gen 2] Initializing mock data
[90mstdout[2m | src/components/QuestionBlock.stories.jsx[2m > [22m[2mMultiple Choice
[22m[39m[Mock Data] seedMockAssistantChats: Replacing with 1 assistant chats
[90mstdout[2m | src/components/QuestionBlock.stories.jsx[2m > [22m[2mMultiple Choice
[22m[39m[Mock Data Gen 2] Seeded AssistantChat: mock-assistant-chat-1
[90mstdout[2m | src/components/QuestionBlock.stories.jsx[2m > [22m[2mMultiple Choice
[22m[39m[Mock Data] seedMockFiles: Adding 6 files
[90mstdout[2m | src/components/QuestionBlock.stories.jsx[2m > [22m[2mMultiple Choice
[22m[39m[Mock Data Gen 2] Seeded Files: 6
[90mstdout[2m | src/components/QuestionBlock.stories.jsx[2m > [22m[2mMultiple Choice
[22m[39m[Preview] Initialized default mock data for story
[90mstdout[2m | src/components/QuestionBlock.stories.jsx[2m > [22m[2mMultiple Choice
[22m[39m[Mock AuthContext] Providing auth: {
  "error": undefined,
  "isLoading": false,
  "session": {
    "idToken": {
      "toString": [Function toString],
    },
    "identityId": "us-east-1:mock-identity-123",
    "username": "mock-user-sub",
  },
  "user": {
    "attributes": {
      "email": "alice@example.com",
      "name": "Alice Student",
      "sub": "mock-user-sub",
    },
  },
}
[90mstdout[2m | src/components/QuestionBlock.stories.jsx[2m > [22m[2mMultiple Choice
[22m[39m[Mock Data] generateClient() called - returning mock client
[90mstdout[2m | src/components/QuestionBlock.stories.jsx[2m > [22m[2mMultiple Choice
[22m[39m[Mock amplifyClient] getAmplifyClient() called - returning mock client
[90mstdout[2m | src/components/QuestionBlock.stories.jsx[2m > [22m[2mMultiple Choice
[22m[39m[MOCK CourseVectorStore] Initialized with mock data
[90mstdout[2m | src/components/QuestionBlock.stories.jsx[2m > [22m[2mMultiple Choice
[22m[39m[TranslationModeController] Setting mode to: off
[90mstdout[2m | src/components/QuestionBlock.stories.jsx[2m > [22m[2mMultiple Choice
[22m[39m[SectionContext] useEffect triggered {
  "authLoading": false,
  "hasUser": true,
  "userSub": "mock-user-sub",
}
[90mstdout[2m | src/components/QuestionBlock.stories.jsx[2m > [22m[2mMultiple Choice
[22m[39m[SectionContext] Fetching sections for userId: mock-user-sub
[90mstdout[2m | src/components/QuestionBlock.stories.jsx[2m > [22m[2mMultiple Choice
[22m[39m[Mock Data] generateClient() called - returning mock client
[90mstdout[2m | src/components/QuestionBlock.stories.jsx[2m > [22m[2mMultiple Choice
[22m[39m[Mock amplifyClient] getAmplifyClient() called - returning mock client
[90mstdout[2m | src/components/QuestionBlock.stories.jsx[2m > [22m[2mMultiple Choice
[22m[39m[Mock Data] Section.list() called with options: undefined
[90mstdout[2m | src/components/QuestionBlock.stories.jsx[2m > [22m[2mMultiple Choice
[22m[39m[Mock Data] generateClient() called - returning mock client
[90mstdout[2m | src/components/QuestionBlock.stories.jsx[2m > [22m[2mMultiple Choice
[22m[39m[Mock amplifyClient] getAmplifyClient() called - returning mock client
[90mstdout[2m | src/components/QuestionBlock.stories.jsx[2m > [22m[2mMultiple Choice
[22m[39m[Mock Data] Assignment.list() called with options: {
  "filter": {
    "unitID": {
      "eq": "mock-unit-id",
    },
  },
}
[90mstdout[2m | src/components/QuestionBlock.stories.jsx[2m > [22m[2mMultiple Choice
[22m[39m[Mock Data] generateClient() called - returning mock client
[90mstdout[2m | src/components/QuestionBlock.stories.jsx[2m > [22m[2mMultiple Choice
[22m[39m[Mock amplifyClient] getAmplifyClient() called - returning mock client
[90mstdout[2m | src/components/QuestionBlock.stories.jsx[2m > [22m[2mMultiple Choice
[22m[39m[Mock Data] Grade.observeQuery() called with filter: {
  "filter": {
    "unitID": {
      "eq": "mock-unit-id",
    },
  },
}
[90mstdout[2m | src/components/QuestionBlock.stories.jsx[2m > [22m[2mMultiple Choice
[22m[39m[Mock Data] Grade.observeQuery() applying filter: {
  "unitID": {
    "eq": "mock-unit-id",
  },
}
[90mstdout[2m | src/components/QuestionBlock.stories.jsx[2m > [22m[2mMultiple Choice
[22m[39m[Mock Data] Grade.observeQuery() items before filter: 0
[90mstdout[2m | src/components/QuestionBlock.stories.jsx[2m > [22m[2mMultiple Choice
[22m[39m[Mock Data] Grade.observeQuery() items after filter: 0
[90mstdout[2m | src/components/QuestionBlock.stories.jsx[2m > [22m[2mMultiple Choice
[22m[39m[Mock Data] Grade.observeQuery() returning 0 items (filter applied) {
  "filter": {
    "unitID": {
      "eq": "mock-unit-id",
    },
  },
}
[90mstdout[2m | src/components/QuestionBlock.stories.jsx[2m > [22m[2mMultiple Choice
[22m[39m[Mock Data] Grade subscription added. Total subscriptions: 1
[90mstdout[2m | src/components/QuestionBlock.stories.jsx[2m > [22m[2mMultiple Choice
[22m[39m[UnitContext] useEffect triggered {
  "authLoading": false,
  "hasUser": true,
  "id": "mock-unit-id",
  "userSub": "mock-user-sub",
}
[90mstdout[2m | src/components/QuestionBlock.stories.jsx[2m > [22m[2mMultiple Choice
[22m[39m[UnitContext] Fetching unit data for id: mock-unit-id
[90mstdout[2m | src/components/QuestionBlock.stories.jsx[2m > [22m[2mMultiple Choice
[22m[39m[Mock Data] generateClient() called - returning mock client
[90mstdout[2m | src/components/QuestionBlock.stories.jsx[2m > [22m[2mMultiple Choice
[22m[39m[Mock amplifyClient] getAmplifyClient() called - returning mock client
[90mstdout[2m | src/components/QuestionBlock.stories.jsx[2m > [22m[2mMultiple Choice
[22m[39m[Mock Data] Unit.observeQuery() called with filter: {
  "filter": {
    "id": {
      "eq": "mock-unit-id",
    },
  },
}
[90mstdout[2m | src/components/QuestionBlock.stories.jsx[2m > [22m[2mMultiple Choice
[22m[39m[Mock Data] Unit.observeQuery() applying filter: {
  "id": {
    "eq": "mock-unit-id",
  },
}
[90mstdout[2m | src/components/QuestionBlock.stories.jsx[2m > [22m[2mMultiple Choice
[22m[39m[Mock Data] Unit.observeQuery() items before filter: 0
[90mstdout[2m | src/components/QuestionBlock.stories.jsx[2m > [22m[2mMultiple Choice
[22m[39m[Mock Data] Unit.observeQuery() items after filter: 0
[90mstdout[2m | src/components/QuestionBlock.stories.jsx[2m > [22m[2mMultiple Choice
[22m[39m[Mock Data] Unit.observeQuery() returning 0 items (filter applied) {
  "filter": {
    "id": {
      "eq": "mock-unit-id",
    },
  },
}
[90mstdout[2m | src/components/QuestionBlock.stories.jsx[2m > [22m[2mMultiple Choice
[22m[39m[Mock Data] Unit subscription added. Total subscriptions: 1
[90mstdout[2m | src/components/QuestionBlock.stories.jsx[2m > [22m[2mMultiple Choice
[22m[39m[Mock Data] generateClient() called - returning mock client
[90mstdout[2m | src/components/QuestionBlock.stories.jsx[2m > [22m[2mMultiple Choice
[22m[39m[Mock amplifyClient] getAmplifyClient() called - returning mock client
[90mstdout[2m | src/components/QuestionBlock.stories.jsx[2m > [22m[2mMultiple Choice
[22m[39m[Mock Data] Word.observeQuery() called with filter: undefined
[90mstdout[2m | src/components/QuestionBlock.stories.jsx[2m > [22m[2mMultiple Choice
[22m[39m[Mock Data] Word.observeQuery() returning 0 items (filter applied) undefined
[90mstdout[2m | src/components/QuestionBlock.stories.jsx[2m > [22m[2mMultiple Choice
[22m[39m[Mock Data] Word subscription added. Total subscriptions: 1
[90mstdout[2m | src/components/QuestionBlock.stories.jsx[2m > [22m[2mMultiple Choice
[22m[39m[Mock Data] generateClient() called - returning mock client
[90mstdout[2m | src/components/QuestionBlock.stories.jsx[2m > [22m[2mMultiple Choice
[22m[39m[Mock amplifyClient] getAmplifyClient() called - returning mock client
[90mstdout[2m | src/components/QuestionBlock.stories.jsx[2m > [22m[2mMultiple Choice
[22m[39m[Mock Data] Question.observeQuery() called with filter: undefined
[90mstdout[2m | src/components/QuestionBlock.stories.jsx[2m > [22m[2mMultiple Choice
[22m[39m[Mock Data] Question.observeQuery() returning 0 items (filter applied) undefined
[90mstdout[2m | src/components/QuestionBlock.stories.jsx[2m > [22m[2mMultiple Choice
[22m[39m[Mock Data] Question subscription added. Total subscriptions: 1
[90mstdout[2m | src/components/QuestionBlock.stories.jsx[2m > [22m[2mMultiple Choice
[22m[39m[FilesContext] Initializing vector store from IndexedDB
[90mstdout[2m | src/components/QuestionBlock.stories.jsx[2m > [22m[2mMultiple Choice
[22m[39m[FilesContext] fetchFiles called
[90mstdout[2m | src/components/QuestionBlock.stories.jsx[2m > [22m[2mMultiple Choice
[22m[39m[FilesContext] User authenticated: mock-user-sub
[90mstdout[2m | src/components/QuestionBlock.stories.jsx[2m > [22m[2mMultiple Choice
[22m[39m[FilesContext] Identity ID: us-east-1:mock-identity-123
[90mstdout[2m | src/components/QuestionBlock.stories.jsx[2m > [22m[2mMultiple Choice
[22m[39m[FilesContext] About to subscribe to File model
[90mstdout[2m | src/components/QuestionBlock.stories.jsx[2m > [22m[2mMultiple Choice
[22m[39m[Mock Data] generateClient() called - returning mock client
[90mstdout[2m | src/components/QuestionBlock.stories.jsx[2m > [22m[2mMultiple Choice
[22m[39m[Mock amplifyClient] getAmplifyClient() called - returning mock client
[90mstdout[2m | src/components/QuestionBlock.stories.jsx[2m > [22m[2mMultiple Choice
[22m[39m[Mock Data] File.observeQuery() called with filter: undefined
[90mstdout[2m | src/components/QuestionBlock.stories.jsx[2m > [22m[2mMultiple Choice
[22m[39m[Mock Data] File.observeQuery() returning 6 items (filter applied) undefined
[90mstdout[2m | src/components/QuestionBlock.stories.jsx[2m > [22m[2mMultiple Choice
[22m[39m[Mock Data] File subscription added. Total subscriptions: 1
[90mstdout[2m | src/components/QuestionBlock.stories.jsx[2m > [22m[2mMultiple Choice
[22m[39m[Mock Data] generateClient() called - returning mock client
[90mstdout[2m | src/components/QuestionBlock.stories.jsx[2m > [22m[2mMultiple Choice
[22m[39m[Mock amplifyClient] getAmplifyClient() called - returning mock client
[90mstdout[2m | src/components/QuestionBlock.stories.jsx[2m > [22m[2mMultiple Choice
[22m[39m[Mock Data] Document.observeQuery() called with filter: undefined
[90mstdout[2m | src/components/QuestionBlock.stories.jsx[2m > [22m[2mMultiple Choice
[22m[39m[Mock Data] Document.observeQuery() returning 0 items (filter applied) undefined
[90mstdout[2m | src/components/QuestionBlock.stories.jsx[2m > [22m[2mMultiple Choice
[22m[39m[Mock Data] Document subscription added. Total subscriptions: 1
[90mstdout[2m | src/components/QuestionBlock.stories.jsx[2m > [22m[2mMultiple Choice
[22m[39m[ChatContext] Setting up observeQuery for AssistantChat
[90mstdout[2m | src/components/QuestionBlock.stories.jsx[2m > [22m[2mMultiple Choice
[22m[39m[Mock Data] AssistantChat.observeQuery() called with filter: {
  "sortDirection": "DESC",
  "sortField": "createdAt",
}
[90mstdout[2m | src/components/QuestionBlock.stories.jsx[2m > [22m[2mMultiple Choice
[22m[39m[Mock Data] AssistantChat.observeQuery() returning 1 items (filter applied) {
  "sortDirection": "DESC",
  "sortField": "createdAt",
}
[90mstdout[2m | src/components/QuestionBlock.stories.jsx[2m > [22m[2mMultiple Choice
[22m[39m[Mock Data] AssistantChat subscription added. Total subscriptions: 1
[90mstdout[2m | src/components/QuestionBlock.stories.jsx[2m > [22m[2mMultiple Choice
[22m[39m[ChatContext] Waiting for subscription to initialize
[90mstdout[2m | src/components/QuestionBlock.stories.jsx[2m > [22m[2mMultiple Choice
[22m[39m[SettingsContext] Setting up Settings subscription for user: mock-user-sub
[90mstdout[2m | src/components/QuestionBlock.stories.jsx[2m > [22m[2mMultiple Choice
[22m[39m[Mock Data] generateClient() called - returning mock client
[90mstdout[2m | src/components/QuestionBlock.stories.jsx[2m > [22m[2mMultiple Choice
[22m[39m[Mock amplifyClient] getAmplifyClient() called - returning mock client
[90mstdout[2m | src/components/QuestionBlock.stories.jsx[2m > [22m[2mMultiple Choice
[22m[39m[Mock Data] Settings.observeQuery() called with filter: undefined
[90mstdout[2m | src/components/QuestionBlock.stories.jsx[2m > [22m[2mMultiple Choice
[22m[39m[Mock Data] Settings.observeQuery() returning 0 items (filter applied) undefined
[90mstdout[2m | src/components/QuestionBlock.stories.jsx[2m > [22m[2mMultiple Choice
[22m[39m[Mock Data] Settings subscription added. Total subscriptions: 1
[90mstdout[2m | src/components/QuestionBlock.stories.jsx[2m > [22m[2mMultiple Choice
[22m[39m[SectionContext] Initial sections: 0 []
[90mstdout[2m | src/components/QuestionBlock.stories.jsx[2m > [22m[2mMultiple Choice
[22m[39m[Mock Data] Section.onCreate() called with filter: undefined
[90mstdout[2m | src/components/QuestionBlock.stories.jsx[2m > [22m[2mMultiple Choice
[22m[39m[Mock Data] Section.onCreate() subscription added. Total: 1
[90mstdout[2m | src/components/QuestionBlock.stories.jsx[2m > [22m[2mMultiple Choice
[22m[39m[Mock Data] Section.onUpdate() called with filter: undefined
[90mstdout[2m | src/components/QuestionBlock.stories.jsx[2m > [22m[2mMultiple Choice
[22m[39m[Mock Data] Section.onUpdate() subscription added. Total: 1
[90mstdout[2m | src/components/QuestionBlock.stories.jsx[2m > [22m[2mMultiple Choice
[22m[39m[Mock Data] Section.onDelete() called with filter: undefined
[90mstdout[2m | src/components/QuestionBlock.stories.jsx[2m > [22m[2mMultiple Choice
[22m[39m[Mock Data] Section.onDelete() subscription added. Total: 1
[90mstdout[2m | src/components/QuestionBlock.stories.jsx[2m > [22m[2mMultiple Choice
[22m[39m[Mock Data] Assignment.onCreate() called with filter: {
  "filter": {
    "unitID": {
      "eq": "mock-unit-id",
    },
  },
}
[90mstdout[2m | src/components/QuestionBlock.stories.jsx[2m > [22m[2mMultiple Choice
[22m[39m[Mock Data] Assignment.onCreate() subscription added. Total: 1
[90mstdout[2m | src/components/QuestionBlock.stories.jsx[2m > [22m[2mMultiple Choice
[22m[39m[Mock Data] Assignment.onUpdate() called with filter: {
  "filter": {
    "unitID": {
      "eq": "mock-unit-id",
    },
  },
}
[90mstdout[2m | src/components/QuestionBlock.stories.jsx[2m > [22m[2mMultiple Choice
[22m[39m[Mock Data] Assignment.onUpdate() subscription added. Total: 1
[90mstdout[2m | src/components/QuestionBlock.stories.jsx[2m > [22m[2mMultiple Choice
[22m[39m[Mock Data] Assignment.onDelete() called with filter: {
  "filter": {
    "unitID": {
      "eq": "mock-unit-id",
    },
  },
}
[90mstdout[2m | src/components/QuestionBlock.stories.jsx[2m > [22m[2mMultiple Choice
[22m[39m[Mock Data] Assignment.onDelete() subscription added. Total: 1
[90mstdout[2m | src/components/QuestionBlock.stories.jsx[2m > [22m[2mMultiple Choice
[22m[39m[FilesContext] File observeQuery subscription triggered:
[90mstdout[2m | src/components/QuestionBlock.stories.jsx[2m > [22m[2mMultiple Choice
[22m[39m  - items.length: 6
[90mstdout[2m | src/components/QuestionBlock.stories.jsx[2m > [22m[2mMultiple Choice
[22m[39m  - isSynced: true
[90mstdout[2m | src/components/QuestionBlock.stories.jsx[2m > [22m[2mMultiple Choice
[22m[39m  - items: [
  {
    "_deleted": null,
    "_lastChangedAt": 1767711773285,
    "_version": 1,
    "byHex": null,
    "createdAt": "2026-01-06T15:02:53.253Z",
    "description": "Japanese language textbook - Chapter 1",
    "document": Promise {},
    "documentID": "e01017e1-fe7a-4521-b71c-09ec31b18639",
    "duration": null,
    "embedding": null,
    "generated": null,
    "hex": null,
    "id": "a57d7833-5fa7-4cb7-8b7a-ce7c6e10e551",
    "identityId": "us-east-1:b0eadde9-f02c-c71b-17a6-22ffd37d89c8",
    "key": "files/Japanese Wind 1.pdf",
    "level": "protected",
    "mimeType": "application/pdf",
    "model": null,
    "name": "Japanese Wind 1.pdf",
    "owner": "64d81418-7021-701d-9fed-a4c2e0735711",
    "parsedContent": [Function anonymous],
    "parsedContentID": null,
    "path": "files/Japanese Wind 1.pdf",
    "prompt": null,
    "size": 4706654,
    "thumbnail": null,
    "type": "pdf",
    "updatedAt": "2026-01-06T15:02:53.253Z",
    "variant": null,
    "waveformData": null,
  },
  {
    "_version": 2,
    "createdAt": "2026-01-15T10:00:00.000Z",
    "description": "Sample report with vocabulary",
    "document": Promise {},
    "documentID": "cd824b5b-2c66-41f8-8571-aa6794ff590c",
    "generated": false,
    "id": "mock-pdf-file-2",
    "identityId": "us-east-1:mock-identity",
    "key": "files/report.pdf",
    "level": "protected",
    "mimeType": "application/pdf",
    "name": "report.pdf",
    "owner": "mock-user-id",
    "parsedContent": [Function anonymous],
    "path": "files/report.pdf",
    "size": 123456,
    "type": "pdf",
    "updatedAt": "2026-01-15T10:30:00.000Z",
  },
  {
    "_version": 3,
    "createdAt": "2026-01-14T08:00:00.000Z",
    "description": "Vocabulary lesson PDF with extracted content",
    "document": Promise {},
    "documentID": "mock-document-3",
    "generated": false,
    "id": "mock-pdf-file-3",
    "identityId": "us-east-1:mock-identity",
    "key": "files/vocabulary-lesson.pdf",
    "level": "public",
    "mimeType": "application/pdf",
    "name": "vocabulary-lesson.pdf",
    "owner": "mock-user-id",
    "parsedContent": [Function anonymous],
    "path": "files/vocabulary-lesson.pdf",
    "size": 567890,
    "type": "pdf",
    "updatedAt": "2026-01-14T08:45:00.000Z",
  },
  {
    "_version": 1,
    "createdAt": "2026-01-20T10:00:00.000Z",
    "description": "Sample pronunciation audio",
    "documentID": null,
    "duration": 3.5,
    "generated": true,
    "id": "mock-audio-file-1",
    "identityId": "us-east-1:mock-identity",
    "key": "audio/pronunciation-demo.mp3",
    "level": "public",
    "mimeType": "audio/mpeg",
    "name": "pronunciation-demo.mp3",
    "owner": "mock-user-id",
    "parsedContent": [Function anonymous],
    "path": "/story-mocks/cinematic-designed-sci-fi-whoosh-transition-nexawave-228295.mp3",
    "size": 56789,
    "type": "audio",
    "updatedAt": "2026-01-20T10:00:00.000Z",
    "waveformData": null,
  },
  {
    "_version": 1,
    "createdAt": "2026-01-19T14:30:00.000Z",
    "description": "Lesson introduction audio",
    "documentID": null,
    "duration": 5.2,
    "generated": false,
    "id": "mock-audio-file-2",
    "identityId": "us-east-1:mock-identity",
    "key": "audio/lesson-intro.mp3",
    "level": "public",
    "mimeType": "audio/mpeg",
    "name": "lesson-intro.mp3",
    "owner": "mock-user-id",
    "parsedContent": [Function anonymous],
    "path": "/story-mocks/descent-whoosh-long-cinematic-sound-effect-405921.mp3",
    "size": 87654,
    "type": "audio",
    "updatedAt": "2026-01-19T14:30:00.000Z",
    "waveformData": null,
  },
  {
    "_version": 1,
    "createdAt": "2026-01-18T09:15:00.000Z",
    "description": "Hiragana character chart",
    "documentID": null,
    "generated": false,
    "id": "mock-image-file-1",
    "identityId": "us-east-1:mock-identity",
    "key": "images/hiragana-chart.png",
    "level": "public",
    "mimeType": "image/png",
    "name": "hiragana-chart.png",
    "owner": "mock-user-id",
    "parsedContent": [Function anonymous],
    "path": "images/hiragana-chart.png",
    "size": 234567,
    "thumbnail": "thumbnails/hiragana-chart-thumb.png",
    "type": "image",
    "updatedAt": "2026-01-18T09:15:00.000Z",
  },
]
[90mstdout[2m | src/components/QuestionBlock.stories.jsx[2m > [22m[2mMultiple Choice
[22m[39m[FilesContext] Files count changed: 0 → 6
[90mstdout[2m | src/components/QuestionBlock.stories.jsx[2m > [22m[2mMultiple Choice
[22m[39m[MOCK CourseVectorStore] Initialized with mock data
[90mstdout[2m | src/components/QuestionBlock.stories.jsx[2m > [22m[2mMultiple Choice
[22m[39m[MOCK CourseVectorStore] Initialized with mock data
[90mstdout[2m | src/components/QuestionBlock.stories.jsx[2m > [22m[2mMultiple Choice
[22m[39mblockKey mock-block-key
[90mstdout[2m | src/components/QuestionBlock.stories.jsx[2m > [22m[2mMultiple Choice
[22m[39mgutterRefs undefined
[90mstdout[2m | src/components/QuestionBlock.stories.jsx[2m > [22m[2mMultiple Choice
[22m[39m[ChatContext] AssistantChat query update: 1 items (synced)
[90mstdout[2m | src/components/QuestionBlock.stories.jsx[2m > [22m[2mMultiple Choice
[22m[39m[ChatContext] First item details: {
  "id": "mock-assistant-chat-1",
  "updatedAt": "2024-01-26T10:15:00.000Z",
}
[90mstdout[2m | src/components/QuestionBlock.stories.jsx[2m > [22m[2mMultiple Choice
[22m[39m[ChatContext] AssistantChat subscription initialized
[90mstdout[2m | src/components/QuestionBlock.stories.jsx[2m > [22m[2mMultiple Choice
[22m[39m[ChatContext] AssistantChat list updated: 1 chats
[90mstdout[2m | src/components/QuestionBlock.stories.jsx[2m > [22m[2mMultiple Choice
[22m[39m[Mock Data] Settings.create() called with: {
  "assistantVoice": "shimmer",
  "autoAnalyzeDocuments": true,
  "defaultAIModel": "gpt-4",
  "documentAnalysisModel": "gpt-4",
  "editorFontSize": 14,
  "editorTheme": "auto",
  "emailNotifications": true,
  "language": "en",
  "webhookNotifications": false,
}
[90mstdout[2m | src/components/QuestionBlock.stories.jsx[2m > [22m[2mMultiple Choice
[22m[39m[Mock Data] Settings created: mock-settings-1776336983006 - notified 1 subscribers
[90mstdout[2m | src/components/QuestionBlock.stories.jsx[2m > [22m[2mMultiple Choice
[22m[39m[FilesContext] Vector store population triggered {
  "currentVectorStoreSize": 3,
  "documentsCount": 0,
  "filesCount": 6,
  "isInitialLoad": true,
}
[90mstdout[2m | src/components/QuestionBlock.stories.jsx[2m > [22m[2mMultiple Choice
[22m[39m[FilesContext] Vector store population complete - 3 total embeddings
[90mstdout[2m | src/components/QuestionBlock.stories.jsx[2m > [22m[2mMultiple Choice
[22m[39m[ChatContext] Setting initial chat: mock-assistant-chat-1
[90mstdout[2m | src/components/QuestionBlock.stories.jsx[2m > [22m[2mMultiple Choice
[22m[39m[ChatContext] Chat exists and not archived, skipping creation
[90mstdout[2m | src/components/QuestionBlock.stories.jsx[2m > [22m[2mTrue False
[22m[39m[Mock Data] Settings subscription unsubscribed. Remaining: 0
[90mstdout[2m | src/components/QuestionBlock.stories.jsx[2m > [22m[2mTrue False
[22m[39m[ChatContext] Cleaning up subscription
[90mstdout[2m | src/components/QuestionBlock.stories.jsx[2m > [22m[2mTrue False
[22m[39m[Mock Data] AssistantChat subscription unsubscribed. Remaining: 0
[90mstdout[2m | src/components/QuestionBlock.stories.jsx[2m > [22m[2mTrue False
[22m[39m[Mock Data] File subscription unsubscribed. Remaining: 0
[90mstdout[2m | src/components/QuestionBlock.stories.jsx[2m > [22m[2mTrue False
[22m[39m[Mock Data] Document subscription unsubscribed. Remaining: 0
[90mstdout[2m | src/components/QuestionBlock.stories.jsx[2m > [22m[2mTrue False
[22m[39m[Mock Data] Word subscription unsubscribed. Remaining: 0
[90mstdout[2m | src/components/QuestionBlock.stories.jsx[2m > [22m[2mTrue False
[22m[39m[Mock Data] Question subscription unsubscribed. Remaining: 0
[90mstdout[2m | src/components/QuestionBlock.stories.jsx[2m > [22m[2mTrue False
[22m[39m[Mock Data] Grade subscription unsubscribed. Remaining: 0
[90mstdout[2m | src/components/QuestionBlock.stories.jsx[2m > [22m[2mTrue False
[22m[39m[Mock Data] Unit subscription unsubscribed. Remaining: 0
[90mstdout[2m | src/components/QuestionBlock.stories.jsx[2m > [22m[2mTrue False
[22m[39m[SectionContext] Cleaning up subscriptions
[90mstdout[2m | src/components/QuestionBlock.stories.jsx[2m > [22m[2mTrue False
[22m[39m[Mock Data] Section.onCreate() subscription removed. Remaining: 0
[90mstdout[2m | src/components/QuestionBlock.stories.jsx[2m > [22m[2mTrue False
[22m[39m[Mock Data] Section.onUpdate() subscription removed. Remaining: 0
[90mstdout[2m | src/components/QuestionBlock.stories.jsx[2m > [22m[2mTrue False
[22m[39m[Mock Data] Section.onDelete() subscription removed. Remaining: 0
[90mstdout[2m | src/components/QuestionBlock.stories.jsx[2m > [22m[2mTrue False
[22m[39m[Mock Data] Assignment.onCreate() subscription removed. Remaining: 0
[90mstdout[2m | src/components/QuestionBlock.stories.jsx[2m > [22m[2mTrue False
[22m[39m[Mock Data] Assignment.onUpdate() subscription removed. Remaining: 0
[90mstdout[2m | src/components/QuestionBlock.stories.jsx[2m > [22m[2mTrue False
[22m[39m[Mock Data] Assignment.onDelete() subscription removed. Remaining: 0
[90mstdout[2m | src/components/QuestionBlock.stories.jsx[2m > [22m[2mTrue False
[22m[39m[Mock Data] Clearing all data stores
[90mstdout[2m | src/components/QuestionBlock.stories.jsx[2m > [22m[2mTrue False
[22m[39m[Mock Data] All data stores cleared
[90mstdout[2m | src/components/QuestionBlock.stories.jsx[2m > [22m[2mTrue False
[22m[39m[Preview] Cleared mock data for story
[90mstdout[2m | src/components/QuestionBlock.stories.jsx[2m > [22m[2mTrue False
[22m[39m[Mock Data Gen 2] Initializing mock data
[90mstdout[2m | src/components/QuestionBlock.stories.jsx[2m > [22m[2mTrue False
[22m[39m[Mock Data] seedMockAssistantChats: Replacing with 1 assistant chats
[90mstdout[2m | src/components/QuestionBlock.stories.jsx[2m > [22m[2mTrue False
[22m[39m[Mock Data Gen 2] Seeded AssistantChat: mock-assistant-chat-1
[90mstdout[2m | src/components/QuestionBlock.stories.jsx[2m > [22m[2mTrue False
[22m[39m[Mock Data] seedMockFiles: Adding 6 files
[90mstdout[2m | src/components/QuestionBlock.stories.jsx[2m > [22m[2mTrue False
[22m[39m[Mock Data Gen 2] Seeded Files: 6
[90mstdout[2m | src/components/QuestionBlock.stories.jsx[2m > [22m[2mTrue False
[22m[39m[Mock Data Gen 2] Initializing mock data
[90mstdout[2m | src/components/QuestionBlock.stories.jsx[2m > [22m[2mTrue False
[22m[39m[Mock Data] seedMockAssistantChats: Replacing with 1 assistant chats
[90mstdout[2m | src/components/QuestionBlock.stories.jsx[2m > [22m[2mTrue False
[22m[39m[Mock Data Gen 2] Seeded AssistantChat: mock-assistant-chat-1
[90mstdout[2m | src/components/QuestionBlock.stories.jsx[2m > [22m[2mTrue False
[22m[39m[Mock Data] seedMockFiles: Adding 6 files
[90mstdout[2m | src/components/QuestionBlock.stories.jsx[2m > [22m[2mTrue False
[22m[39m[Mock Data Gen 2] Seeded Files: 6
[90mstdout[2m | src/components/QuestionBlock.stories.jsx[2m > [22m[2mTrue False
[22m[39m[Preview] Initialized default mock data for story
[90mstdout[2m | src/components/QuestionBlock.stories.jsx[2m > [22m[2mTrue False
[22m[39m[Mock AuthContext] Providing auth: {
  "error": undefined,
  "isLoading": false,
  "session": {
    "idToken": {
      "toString": [Function toString],
    },
    "identityId": "us-east-1:mock-identity-123",
    "username": "mock-user-sub",
  },
  "user": {
    "attributes": {
      "email": "alice@example.com",
      "name": "Alice Student",
      "sub": "mock-user-sub",
    },
  },
}
[90mstdout[2m | src/components/QuestionBlock.stories.jsx[2m > [22m[2mTrue False
[22m[39m[Mock Data] generateClient() called - returning mock client
[90mstdout[2m | src/components/QuestionBlock.stories.jsx[2m > [22m[2mTrue False
[22m[39m[Mock amplifyClient] getAmplifyClient() called - returning mock client
[90mstdout[2m | src/components/QuestionBlock.stories.jsx[2m > [22m[2mTrue False
[22m[39m[MOCK CourseVectorStore] Initialized with mock data
[90mstdout[2m | src/components/QuestionBlock.stories.jsx[2m > [22m[2mTrue False
[22m[39m[TranslationModeController] Setting mode to: off
[90mstdout[2m | src/components/QuestionBlock.stories.jsx[2m > [22m[2mTrue False
[22m[39m[SectionContext] useEffect triggered {
  "authLoading": false,
  "hasUser": true,
  "userSub": "mock-user-sub",
}
[90mstdout[2m | src/components/QuestionBlock.stories.jsx[2m > [22m[2mTrue False
[22m[39m[SectionContext] Fetching sections for userId: mock-user-sub
[90mstdout[2m | src/components/QuestionBlock.stories.jsx[2m > [22m[2mTrue False
[22m[39m[Mock Data] generateClient() called - returning mock client
[90mstdout[2m | src/components/QuestionBlock.stories.jsx[2m > [22m[2mTrue False
[22m[39m[Mock amplifyClient] getAmplifyClient() called - returning mock client
[90mstdout[2m | src/components/QuestionBlock.stories.jsx[2m > [22m[2mTrue False
[22m[39m[Mock Data] Section.list() called with options: undefined
[90mstdout[2m | src/components/QuestionBlock.stories.jsx[2m > [22m[2mTrue False
[22m[39m[Mock Data] generateClient() called - returning mock client
[90mstdout[2m | src/components/QuestionBlock.stories.jsx[2m > [22m[2mTrue False
[22m[39m[Mock amplifyClient] getAmplifyClient() called - returning mock client
[90mstdout[2m | src/components/QuestionBlock.stories.jsx[2m > [22m[2mTrue False
[22m[39m[Mock Data] Assignment.list() called with options: {
  "filter": {
    "unitID": {
      "eq": "mock-unit-id",
    },
  },
}
[90mstdout[2m | src/components/QuestionBlock.stories.jsx[2m > [22m[2mTrue False
[22m[39m[Mock Data] generateClient() called - returning mock client
[90mstdout[2m | src/components/QuestionBlock.stories.jsx[2m > [22m[2mTrue False
[22m[39m[Mock amplifyClient] getAmplifyClient() called - returning mock client
[90mstdout[2m | src/components/QuestionBlock.stories.jsx[2m > [22m[2mTrue False
[22m[39m[Mock Data] Grade.observeQuery() called with filter: {
  "filter": {
    "unitID": {
      "eq": "mock-unit-id",
    },
  },
}
[90mstdout[2m | src/components/QuestionBlock.stories.jsx[2m > [22m[2mTrue False
[22m[39m[Mock Data] Grade.observeQuery() applying filter: {
  "unitID": {
    "eq": "mock-unit-id",
  },
}
[90mstdout[2m | src/components/QuestionBlock.stories.jsx[2m > [22m[2mTrue False
[22m[39m[Mock Data] Grade.observeQuery() items before filter: 0
[90mstdout[2m | src/components/QuestionBlock.stories.jsx[2m > [22m[2mTrue False
[22m[39m[Mock Data] Grade.observeQuery() items after filter: 0
[90mstdout[2m | src/components/QuestionBlock.stories.jsx[2m > [22m[2mTrue False
[22m[39m[Mock Data] Grade.observeQuery() returning 0 items (filter applied) {
  "filter": {
    "unitID": {
      "eq": "mock-unit-id",
    },
  },
}
[90mstdout[2m | src/components/QuestionBlock.stories.jsx[2m > [22m[2mTrue False
[22m[39m[Mock Data] Grade subscription added. Total subscriptions: 1
[90mstdout[2m | src/components/QuestionBlock.stories.jsx[2m > [22m[2mTrue False
[22m[39m[UnitContext] useEffect triggered {
  "authLoading": false,
  "hasUser": true,
  "id": "mock-unit-id",
  "userSub": "mock-user-sub",
}
[90mstdout[2m | src/components/QuestionBlock.stories.jsx[2m > [22m[2mTrue False
[22m[39m[UnitContext] Fetching unit data for id: mock-unit-id
[90mstdout[2m | src/components/QuestionBlock.stories.jsx[2m > [22m[2mTrue False
[22m[39m[Mock Data] generateClient() called - returning mock client
[90mstdout[2m | src/components/QuestionBlock.stories.jsx[2m > [22m[2mTrue False
[22m[39m[Mock amplifyClient] getAmplifyClient() called - returning mock client
[90mstdout[2m | src/components/QuestionBlock.stories.jsx[2m > [22m[2mTrue False
[22m[39m[Mock Data] Unit.observeQuery() called with filter: {
  "filter": {
    "id": {
      "eq": "mock-unit-id",
    },
  },
}
[90mstdout[2m | src/components/QuestionBlock.stories.jsx[2m > [22m[2mTrue False
[22m[39m[Mock Data] Unit.observeQuery() applying filter: {
  "id": {
    "eq": "mock-unit-id",
  },
}
[90mstdout[2m | src/components/QuestionBlock.stories.jsx[2m > [22m[2mTrue False
[22m[39m[Mock Data] Unit.observeQuery() items before filter: 0
[90mstdout[2m | src/components/QuestionBlock.stories.jsx[2m > [22m[2mTrue False
[22m[39m[Mock Data] Unit.observeQuery() items after filter: 0
[90mstdout[2m | src/components/QuestionBlock.stories.jsx[2m > [22m[2mTrue False
[22m[39m[Mock Data] Unit.observeQuery() returning 0 items (filter applied) {
  "filter": {
    "id": {
      "eq": "mock-unit-id",
    },
  },
}
[90mstdout[2m | src/components/QuestionBlock.stories.jsx[2m > [22m[2mTrue False
[22m[39m[Mock Data] Unit subscription added. Total subscriptions: 1
[90mstdout[2m | src/components/QuestionBlock.stories.jsx[2m > [22m[2mTrue False
[22m[39m[Mock Data] generateClient() called - returning mock client
[90mstdout[2m | src/components/QuestionBlock.stories.jsx[2m > [22m[2mTrue False
[22m[39m[Mock amplifyClient] getAmplifyClient() called - returning mock client
[90mstdout[2m | src/components/QuestionBlock.stories.jsx[2m > [22m[2mTrue False
[22m[39m[Mock Data] Word.observeQuery() called with filter: undefined
[90mstdout[2m | src/components/QuestionBlock.stories.jsx[2m > [22m[2mTrue False
[22m[39m[Mock Data] Word.observeQuery() returning 0 items (filter applied) undefined
[90mstdout[2m | src/components/QuestionBlock.stories.jsx[2m > [22m[2mTrue False
[22m[39m[Mock Data] Word subscription added. Total subscriptions: 1
[90mstdout[2m | src/components/QuestionBlock.stories.jsx[2m > [22m[2mTrue False
[22m[39m[Mock Data] generateClient() called - returning mock client
[90mstdout[2m | src/components/QuestionBlock.stories.jsx[2m > [22m[2mTrue False
[22m[39m[Mock amplifyClient] getAmplifyClient() called - returning mock client
[90mstdout[2m | src/components/QuestionBlock.stories.jsx[2m > [22m[2mTrue False
[22m[39m[Mock Data] Question.observeQuery() called with filter: undefined
[90mstdout[2m | src/components/QuestionBlock.stories.jsx[2m > [22m[2mTrue False
[22m[39m[Mock Data] Question.observeQuery() returning 0 items (filter applied) undefined
[90mstdout[2m | src/components/QuestionBlock.stories.jsx[2m > [22m[2mTrue False
[22m[39m[Mock Data] Question subscription added. Total subscriptions: 1
[90mstdout[2m | src/components/QuestionBlock.stories.jsx[2m > [22m[2mTrue False
[22m[39m[FilesContext] Initializing vector store from IndexedDB
[90mstdout[2m | src/components/QuestionBlock.stories.jsx[2m > [22m[2mTrue False
[22m[39m[FilesContext] fetchFiles called
[90mstdout[2m | src/components/QuestionBlock.stories.jsx[2m > [22m[2mTrue False
[22m[39m[FilesContext] User authenticated: mock-user-sub
[90mstdout[2m | src/components/QuestionBlock.stories.jsx[2m > [22m[2mTrue False
[22m[39m[FilesContext] Identity ID: us-east-1:mock-identity-123
[90mstdout[2m | src/components/QuestionBlock.stories.jsx[2m > [22m[2mTrue False
[22m[39m[FilesContext] About to subscribe to File model
[90mstdout[2m | src/components/QuestionBlock.stories.jsx[2m > [22m[2mTrue False
[22m[39m[Mock Data] generateClient() called - returning mock client
[90mstdout[2m | src/components/QuestionBlock.stories.jsx[2m > [22m[2mTrue False
[22m[39m[Mock amplifyClient] getAmplifyClient() called - returning mock client
[90mstdout[2m | src/components/QuestionBlock.stories.jsx[2m > [22m[2mTrue False
[22m[39m[Mock Data] File.observeQuery() called with filter: undefined
[90mstdout[2m | src/components/QuestionBlock.stories.jsx[2m > [22m[2mTrue False
[22m[39m[Mock Data] File.observeQuery() returning 6 items (filter applied) undefined
[90mstdout[2m | src/components/QuestionBlock.stories.jsx[2m > [22m[2mTrue False
[22m[39m[Mock Data] File subscription added. Total subscriptions: 1
[90mstdout[2m | src/components/QuestionBlock.stories.jsx[2m > [22m[2mTrue False
[22m[39m[Mock Data] generateClient() called - returning mock client
[90mstdout[2m | src/components/QuestionBlock.stories.jsx[2m > [22m[2mTrue False
[22m[39m[Mock amplifyClient] getAmplifyClient() called - returning mock client
[90mstdout[2m | src/components/QuestionBlock.stories.jsx[2m > [22m[2mTrue False
[22m[39m[Mock Data] Document.observeQuery() called with filter: undefined
[90mstdout[2m | src/components/QuestionBlock.stories.jsx[2m > [22m[2mTrue False
[22m[39m[Mock Data] Document.observeQuery() returning 0 items (filter applied) undefined
[90mstdout[2m | src/components/QuestionBlock.stories.jsx[2m > [22m[2mTrue False
[22m[39m[Mock Data] Document subscription added. Total subscriptions: 1
[90mstdout[2m | src/components/QuestionBlock.stories.jsx[2m > [22m[2mTrue False
[22m[39m[ChatContext] Setting up observeQuery for AssistantChat
[90mstdout[2m | src/components/QuestionBlock.stories.jsx[2m > [22m[2mTrue False
[22m[39m[Mock Data] AssistantChat.observeQuery() called with filter: {
  "sortDirection": "DESC",
  "sortField": "createdAt",
}
[90mstdout[2m | src/components/QuestionBlock.stories.jsx[2m > [22m[2mTrue False
[22m[39m[Mock Data] AssistantChat.observeQuery() returning 1 items (filter applied) {
  "sortDirection": "DESC",
  "sortField": "createdAt",
}
[90mstdout[2m | src/components/QuestionBlock.stories.jsx[2m > [22m[2mTrue False
[22m[39m[Mock Data] AssistantChat subscription added. Total subscriptions: 1
[90mstdout[2m | src/components/QuestionBlock.stories.jsx[2m > [22m[2mTrue False
[22m[39m[ChatContext] Waiting for subscription to initialize
[90mstdout[2m | src/components/QuestionBlock.stories.jsx[2m > [22m[2mTrue False
[22m[39m[SettingsContext] Setting up Settings subscription for user: mock-user-sub
[90mstdout[2m | src/components/QuestionBlock.stories.jsx[2m > [22m[2mTrue False
[22m[39m[Mock Data] generateClient() called - returning mock client
[90mstdout[2m | src/components/QuestionBlock.stories.jsx[2m > [22m[2mTrue False
[22m[39m[Mock amplifyClient] getAmplifyClient() called - returning mock client
[90mstdout[2m | src/components/QuestionBlock.stories.jsx[2m > [22m[2mTrue False
[22m[39m[Mock Data] Settings.observeQuery() called with filter: undefined
[90mstdout[2m | src/components/QuestionBlock.stories.jsx[2m > [22m[2mTrue False
[22m[39m[Mock Data] Settings.observeQuery() returning 0 items (filter applied) undefined
[90mstdout[2m | src/components/QuestionBlock.stories.jsx[2m > [22m[2mTrue False
[22m[39m[Mock Data] Settings subscription added. Total subscriptions: 1
[90mstdout[2m | src/components/QuestionBlock.stories.jsx[2m > [22m[2mTrue False
[22m[39m[SectionContext] Initial sections: 0 []
[90mstdout[2m | src/components/QuestionBlock.stories.jsx[2m > [22m[2mTrue False
[22m[39m[Mock Data] Section.onCreate() called with filter: undefined
[90mstdout[2m | src/components/QuestionBlock.stories.jsx[2m > [22m[2mTrue False
[22m[39m[Mock Data] Section.onCreate() subscription added. Total: 1
[90mstdout[2m | src/components/QuestionBlock.stories.jsx[2m > [22m[2mTrue False
[22m[39m[Mock Data] Section.onUpdate() called with filter: undefined
[90mstdout[2m | src/components/QuestionBlock.stories.jsx[2m > [22m[2mTrue False
[22m[39m[Mock Data] Section.onUpdate() subscription added. Total: 1
[90mstdout[2m | src/components/QuestionBlock.stories.jsx[2m > [22m[2mTrue False
[22m[39m[Mock Data] Section.onDelete() called with filter: undefined
[90mstdout[2m | src/components/QuestionBlock.stories.jsx[2m > [22m[2mTrue False
[22m[39m[Mock Data] Section.onDelete() subscription added. Total: 1
[90mstdout[2m | src/components/QuestionBlock.stories.jsx[2m > [22m[2mTrue False
[22m[39m[Mock Data] Assignment.onCreate() called with filter: {
  "filter": {
    "unitID": {
      "eq": "mock-unit-id",
    },
  },
}
[90mstdout[2m | src/components/QuestionBlock.stories.jsx[2m > [22m[2mTrue False
[22m[39m[Mock Data] Assignment.onCreate() subscription added. Total: 1
[90mstdout[2m | src/components/QuestionBlock.stories.jsx[2m > [22m[2mTrue False
[22m[39m[Mock Data] Assignment.onUpdate() called with filter: {
  "filter": {
    "unitID": {
      "eq": "mock-unit-id",
    },
  },
}
[90mstdout[2m | src/components/QuestionBlock.stories.jsx[2m > [22m[2mTrue False
[22m[39m[Mock Data] Assignment.onUpdate() subscription added. Total: 1
[90mstdout[2m | src/components/QuestionBlock.stories.jsx[2m > [22m[2mTrue False
[22m[39m[Mock Data] Assignment.onDelete() called with filter: {
  "filter": {
    "unitID": {
      "eq": "mock-unit-id",
    },
  },
}
[90mstdout[2m | src/components/QuestionBlock.stories.jsx[2m > [22m[2mTrue False
[22m[39m[Mock Data] Assignment.onDelete() subscription added. Total: 1
[90mstdout[2m | src/components/QuestionBlock.stories.jsx[2m > [22m[2mTrue False
[22m[39m[FilesContext] File observeQuery subscription triggered:
[90mstdout[2m | src/components/QuestionBlock.stories.jsx[2m > [22m[2mTrue False
[22m[39m  - items.length: 6
[90mstdout[2m | src/components/QuestionBlock.stories.jsx[2m > [22m[2mTrue False
[22m[39m  - isSynced: true
[90mstdout[2m | src/components/QuestionBlock.stories.jsx[2m > [22m[2mTrue False
[22m[39m  - items: [
  {
    "_deleted": null,
    "_lastChangedAt": 1767711773285,
    "_version": 1,
    "byHex": null,
    "createdAt": "2026-01-06T15:02:53.253Z",
    "description": "Japanese language textbook - Chapter 1",
    "document": Promise {},
    "documentID": "e01017e1-fe7a-4521-b71c-09ec31b18639",
    "duration": null,
    "embedding": null,
    "generated": null,
    "hex": null,
    "id": "a57d7833-5fa7-4cb7-8b7a-ce7c6e10e551",
    "identityId": "us-east-1:b0eadde9-f02c-c71b-17a6-22ffd37d89c8",
    "key": "files/Japanese Wind 1.pdf",
    "level": "protected",
    "mimeType": "application/pdf",
    "model": null,
    "name": "Japanese Wind 1.pdf",
    "owner": "64d81418-7021-701d-9fed-a4c2e0735711",
    "parsedContent": [Function anonymous],
    "parsedContentID": null,
    "path": "files/Japanese Wind 1.pdf",
    "prompt": null,
    "size": 4706654,
    "thumbnail": null,
    "type": "pdf",
    "updatedAt": "2026-01-06T15:02:53.253Z",
    "variant": null,
    "waveformData": null,
  },
  {
    "_version": 2,
    "createdAt": "2026-01-15T10:00:00.000Z",
    "description": "Sample report with vocabulary",
    "document": Promise {},
    "documentID": "cd824b5b-2c66-41f8-8571-aa6794ff590c",
    "generated": false,
    "id": "mock-pdf-file-2",
    "identityId": "us-east-1:mock-identity",
    "key": "files/report.pdf",
    "level": "protected",
    "mimeType": "application/pdf",
    "name": "report.pdf",
    "owner": "mock-user-id",
    "parsedContent": [Function anonymous],
    "path": "files/report.pdf",
    "size": 123456,
    "type": "pdf",
    "updatedAt": "2026-01-15T10:30:00.000Z",
  },
  {
    "_version": 3,
    "createdAt": "2026-01-14T08:00:00.000Z",
    "description": "Vocabulary lesson PDF with extracted content",
    "document": Promise {},
    "documentID": "mock-document-3",
    "generated": false,
    "id": "mock-pdf-file-3",
    "identityId": "us-east-1:mock-identity",
    "key": "files/vocabulary-lesson.pdf",
    "level": "public",
    "mimeType": "application/pdf",
    "name": "vocabulary-lesson.pdf",
    "owner": "mock-user-id",
    "parsedContent": [Function anonymous],
    "path": "files/vocabulary-lesson.pdf",
    "size": 567890,
    "type": "pdf",
    "updatedAt": "2026-01-14T08:45:00.000Z",
  },
  {
    "_version": 1,
    "createdAt": "2026-01-20T10:00:00.000Z",
    "description": "Sample pronunciation audio",
    "documentID": null,
    "duration": 3.5,
    "generated": true,
    "id": "mock-audio-file-1",
    "identityId": "us-east-1:mock-identity",
    "key": "audio/pronunciation-demo.mp3",
    "level": "public",
    "mimeType": "audio/mpeg",
    "name": "pronunciation-demo.mp3",
    "owner": "mock-user-id",
    "parsedContent": [Function anonymous],
    "path": "/story-mocks/cinematic-designed-sci-fi-whoosh-transition-nexawave-228295.mp3",
    "size": 56789,
    "type": "audio",
    "updatedAt": "2026-01-20T10:00:00.000Z",
    "waveformData": null,
  },
  {
    "_version": 1,
    "createdAt": "2026-01-19T14:30:00.000Z",
    "description": "Lesson introduction audio",
    "documentID": null,
    "duration": 5.2,
    "generated": false,
    "id": "mock-audio-file-2",
    "identityId": "us-east-1:mock-identity",
    "key": "audio/lesson-intro.mp3",
    "level": "public",
    "mimeType": "audio/mpeg",
    "name": "lesson-intro.mp3",
    "owner": "mock-user-id",
    "parsedContent": [Function anonymous],
    "path": "/story-mocks/descent-whoosh-long-cinematic-sound-effect-405921.mp3",
    "size": 87654,
    "type": "audio",
    "updatedAt": "2026-01-19T14:30:00.000Z",
    "waveformData": null,
  },
  {
    "_version": 1,
    "createdAt": "2026-01-18T09:15:00.000Z",
    "description": "Hiragana character chart",
    "documentID": null,
    "generated": false,
    "id": "mock-image-file-1",
    "identityId": "us-east-1:mock-identity",
    "key": "images/hiragana-chart.png",
    "level": "public",
    "mimeType": "image/png",
    "name": "hiragana-chart.png",
    "owner": "mock-user-id",
    "parsedContent": [Function anonymous],
    "path": "images/hiragana-chart.png",
    "size": 234567,
    "thumbnail": "thumbnails/hiragana-chart-thumb.png",
    "type": "image",
    "updatedAt": "2026-01-18T09:15:00.000Z",
  },
]
[90mstdout[2m | src/components/QuestionBlock.stories.jsx[2m > [22m[2mTrue False
[22m[39m[FilesContext] Files count changed: 0 → 6
[90mstdout[2m | src/components/QuestionBlock.stories.jsx[2m > [22m[2mTrue False
[22m[39m[MOCK CourseVectorStore] Initialized with mock data
[90mstdout[2m | src/components/QuestionBlock.stories.jsx[2m > [22m[2mTrue False
[22m[39m[MOCK CourseVectorStore] Initialized with mock data
[90mstdout[2m | src/components/QuestionBlock.stories.jsx[2m > [22m[2mTrue False
[22m[39mblockKey mock-block-key
[90mstdout[2m | src/components/QuestionBlock.stories.jsx[2m > [22m[2mTrue False
[22m[39mgutterRefs undefined
[90mstdout[2m | src/components/QuestionBlock.stories.jsx[2m > [22m[2mTrue False
[22m[39m[ChatContext] AssistantChat query update: 1 items (synced)
[90mstdout[2m | src/components/QuestionBlock.stories.jsx[2m > [22m[2mTrue False
[22m[39m[ChatContext] First item details: {
  "id": "mock-assistant-chat-1",
  "updatedAt": "2024-01-26T10:15:00.000Z",
}
[90mstdout[2m | src/components/QuestionBlock.stories.jsx[2m > [22m[2mTrue False
[22m[39m[ChatContext] AssistantChat subscription initialized
[90mstdout[2m | src/components/QuestionBlock.stories.jsx[2m > [22m[2mTrue False
[22m[39m[ChatContext] AssistantChat list updated: 1 chats
[90mstdout[2m | src/components/QuestionBlock.stories.jsx[2m > [22m[2mTrue False
[22m[39m[Mock Data] Settings.create() called with: {
  "assistantVoice": "shimmer",
  "autoAnalyzeDocuments": true,
  "defaultAIModel": "gpt-4",
  "documentAnalysisModel": "gpt-4",
  "editorFontSize": 14,
  "editorTheme": "auto",
  "emailNotifications": true,
  "language": "en",
  "webhookNotifications": false,
}
[90mstdout[2m | src/components/QuestionBlock.stories.jsx[2m > [22m[2mTrue False
[22m[39m[Mock Data] Settings created: mock-settings-1776336983144 - notified 1 subscribers
[90mstdout[2m | src/components/QuestionBlock.stories.jsx[2m > [22m[2mTrue False
[22m[39m[FilesContext] Vector store population triggered {
  "currentVectorStoreSize": 3,
  "documentsCount": 0,
  "filesCount": 6,
  "isInitialLoad": true,
}
[90mstdout[2m | src/components/QuestionBlock.stories.jsx[2m > [22m[2mTrue False
[22m[39m[FilesContext] Vector store population complete - 3 total embeddings
[90mstdout[2m | src/components/QuestionBlock.stories.jsx[2m > [22m[2mTrue False
[22m[39m[ChatContext] Setting initial chat: mock-assistant-chat-1
[90mstdout[2m | src/components/QuestionBlock.stories.jsx[2m > [22m[2mTrue False
[22m[39m[ChatContext] Chat exists and not archived, skipping creation
[90mstdout[2m | src/components/QuestionBlock.stories.jsx[2m > [22m[2mMany Answers
[22m[39m[Mock Data] Settings subscription unsubscribed. Remaining: 0
[90mstdout[2m | src/components/QuestionBlock.stories.jsx[2m > [22m[2mMany Answers
[22m[39m[ChatContext] Cleaning up subscription
[90mstdout[2m | src/components/QuestionBlock.stories.jsx[2m > [22m[2mMany Answers
[22m[39m[Mock Data] AssistantChat subscription unsubscribed. Remaining: 0
[90mstdout[2m | src/components/QuestionBlock.stories.jsx[2m > [22m[2mMany Answers
[22m[39m[Mock Data] File subscription unsubscribed. Remaining: 0
[90mstdout[2m | src/components/QuestionBlock.stories.jsx[2m > [22m[2mMany Answers
[22m[39m[Mock Data] Document subscription unsubscribed. Remaining: 0
[90mstdout[2m | src/components/QuestionBlock.stories.jsx[2m > [22m[2mMany Answers
[22m[39m[Mock Data] Word subscription unsubscribed. Remaining: 0
[90mstdout[2m | src/components/QuestionBlock.stories.jsx[2m > [22m[2mMany Answers
[22m[39m[Mock Data] Question subscription unsubscribed. Remaining: 0
[90mstdout[2m | src/components/QuestionBlock.stories.jsx[2m > [22m[2mMany Answers
[22m[39m[Mock Data] Grade subscription unsubscribed. Remaining: 0
[90mstdout[2m | src/components/QuestionBlock.stories.jsx[2m > [22m[2mMany Answers
[22m[39m[Mock Data] Unit subscription unsubscribed. Remaining: 0
[90mstdout[2m | src/components/QuestionBlock.stories.jsx[2m > [22m[2mMany Answers
[22m[39m[SectionContext] Cleaning up subscriptions
[90mstdout[2m | src/components/QuestionBlock.stories.jsx[2m > [22m[2mMany Answers
[22m[39m[Mock Data] Section.onCreate() subscription removed. Remaining: 0
[90mstdout[2m | src/components/QuestionBlock.stories.jsx[2m > [22m[2mMany Answers
[22m[39m[Mock Data] Section.onUpdate() subscription removed. Remaining: 0
[90mstdout[2m | src/components/QuestionBlock.stories.jsx[2m > [22m[2mMany Answers
[22m[39m[Mock Data] Section.onDelete() subscription removed. Remaining: 0
[90mstdout[2m | src/components/QuestionBlock.stories.jsx[2m > [22m[2mMany Answers
[22m[39m[Mock Data] Assignment.onCreate() subscription removed. Remaining: 0
[90mstdout[2m | src/components/QuestionBlock.stories.jsx[2m > [22m[2mMany Answers
[22m[39m[Mock Data] Assignment.onUpdate() subscription removed. Remaining: 0
[90mstdout[2m | src/components/QuestionBlock.stories.jsx[2m > [22m[2mMany Answers
[22m[39m[Mock Data] Assignment.onDelete() subscription removed. Remaining: 0
[90mstdout[2m | src/components/QuestionBlock.stories.jsx[2m > [22m[2mMany Answers
[22m[39m[Mock Data] Clearing all data stores
[90mstdout[2m | src/components/QuestionBlock.stories.jsx[2m > [22m[2mMany Answers
[22m[39m[Mock Data] All data stores cleared
[90mstdout[2m | src/components/QuestionBlock.stories.jsx[2m > [22m[2mMany Answers
[22m[39m[Preview] Cleared mock data for story
[90mstdout[2m | src/components/QuestionBlock.stories.jsx[2m > [22m[2mMany Answers
[22m[39m[Mock Data Gen 2] Initializing mock data
[90mstdout[2m | src/components/QuestionBlock.stories.jsx[2m > [22m[2mMany Answers
[22m[39m[Mock Data] seedMockAssistantChats: Replacing with 1 assistant chats
[90mstdout[2m | src/components/QuestionBlock.stories.jsx[2m > [22m[2mMany Answers
[22m[39m[Mock Data Gen 2] Seeded AssistantChat: mock-assistant-chat-1
[90mstdout[2m | src/components/QuestionBlock.stories.jsx[2m > [22m[2mMany Answers
[22m[39m[Mock Data] seedMockFiles: Adding 6 files
[90mstdout[2m | src/components/QuestionBlock.stories.jsx[2m > [22m[2mMany Answers
[22m[39m[Mock Data Gen 2] Seeded Files: 6
[90mstdout[2m | src/components/QuestionBlock.stories.jsx[2m > [22m[2mMany Answers
[22m[39m[Mock Data Gen 2] Initializing mock data
[90mstdout[2m | src/components/QuestionBlock.stories.jsx[2m > [22m[2mMany Answers
[22m[39m[Mock Data] seedMockAssistantChats: Replacing with 1 assistant chats
[90mstdout[2m | src/components/QuestionBlock.stories.jsx[2m > [22m[2mMany Answers
[22m[39m[Mock Data Gen 2] Seeded AssistantChat: mock-assistant-chat-1
[90mstdout[2m | src/components/QuestionBlock.stories.jsx[2m > [22m[2mMany Answers
[22m[39m[Mock Data] seedMockFiles: Adding 6 files
[90mstdout[2m | src/components/QuestionBlock.stories.jsx[2m > [22m[2mMany Answers
[22m[39m[Mock Data Gen 2] Seeded Files: 6
[90mstdout[2m | src/components/QuestionBlock.stories.jsx[2m > [22m[2mMany Answers
[22m[39m[Preview] Initialized default mock data for story
[90mstdout[2m | src/components/QuestionBlock.stories.jsx[2m > [22m[2mMany Answers
[22m[39m[Mock AuthContext] Providing auth: {
  "error": undefined,
  "isLoading": false,
  "session": {
    "idToken": {
      "toString": [Function toString],
    },
    "identityId": "us-east-1:mock-identity-123",
    "username": "mock-user-sub",
  },
  "user": {
    "attributes": {
      "email": "alice@example.com",
      "name": "Alice Student",
      "sub": "mock-user-sub",
    },
  },
}
[90mstdout[2m | src/components/QuestionBlock.stories.jsx[2m > [22m[2mMany Answers
[22m[39m[Mock Data] generateClient() called - returning mock client
[90mstdout[2m | src/components/QuestionBlock.stories.jsx[2m > [22m[2mMany Answers
[22m[39m[Mock amplifyClient] getAmplifyClient() called - returning mock client
[90mstdout[2m | src/components/QuestionBlock.stories.jsx[2m > [22m[2mMany Answers
[22m[39m[MOCK CourseVectorStore] Initialized with mock data
[90mstdout[2m | src/components/QuestionBlock.stories.jsx[2m > [22m[2mMany Answers
[22m[39m[TranslationModeController] Setting mode to: off
[90mstdout[2m | src/components/QuestionBlock.stories.jsx[2m > [22m[2mMany Answers
[22m[39m[SectionContext] useEffect triggered {
  "authLoading": false,
  "hasUser": true,
  "userSub": "mock-user-sub",
}
[90mstdout[2m | src/components/QuestionBlock.stories.jsx[2m > [22m[2mMany Answers
[22m[39m[SectionContext] Fetching sections for userId: mock-user-sub
[90mstdout[2m | src/components/QuestionBlock.stories.jsx[2m > [22m[2mMany Answers
[22m[39m[Mock Data] generateClient() called - returning mock client
[90mstdout[2m | src/components/QuestionBlock.stories.jsx[2m > [22m[2mMany Answers
[22m[39m[Mock amplifyClient] getAmplifyClient() called - returning mock client
[90mstdout[2m | src/components/QuestionBlock.stories.jsx[2m > [22m[2mMany Answers
[22m[39m[Mock Data] Section.list() called with options: undefined
[90mstdout[2m | src/components/QuestionBlock.stories.jsx[2m > [22m[2mMany Answers
[22m[39m[Mock Data] generateClient() called - returning mock client
[90mstdout[2m | src/components/QuestionBlock.stories.jsx[2m > [22m[2mMany Answers
[22m[39m[Mock amplifyClient] getAmplifyClient() called - returning mock client
[90mstdout[2m | src/components/QuestionBlock.stories.jsx[2m > [22m[2mMany Answers
[22m[39m[Mock Data] Assignment.list() called with options: {
  "filter": {
    "unitID": {
      "eq": "mock-unit-id",
    },
  },
}
[90mstdout[2m | src/components/QuestionBlock.stories.jsx[2m > [22m[2mMany Answers
[22m[39m[Mock Data] generateClient() called - returning mock client
[90mstdout[2m | src/components/QuestionBlock.stories.jsx[2m > [22m[2mMany Answers
[22m[39m[Mock amplifyClient] getAmplifyClient() called - returning mock client
[90mstdout[2m | src/components/QuestionBlock.stories.jsx[2m > [22m[2mMany Answers
[22m[39m[Mock Data] Grade.observeQuery() called with filter: {
  "filter": {
    "unitID": {
      "eq": "mock-unit-id",
    },
  },
}
[90mstdout[2m | src/components/QuestionBlock.stories.jsx[2m > [22m[2mMany Answers
[22m[39m[Mock Data] Grade.observeQuery() applying filter: {
  "unitID": {
    "eq": "mock-unit-id",
  },
}
[90mstdout[2m | src/components/QuestionBlock.stories.jsx[2m > [22m[2mMany Answers
[22m[39m[Mock Data] Grade.observeQuery() items before filter: 0
[90mstdout[2m | src/components/QuestionBlock.stories.jsx[2m > [22m[2mMany Answers
[22m[39m[Mock Data] Grade.observeQuery() items after filter: 0
[90mstdout[2m | src/components/QuestionBlock.stories.jsx[2m > [22m[2mMany Answers
[22m[39m[Mock Data] Grade.observeQuery() returning 0 items (filter applied) {
  "filter": {
    "unitID": {
      "eq": "mock-unit-id",
    },
  },
}
[90mstdout[2m | src/components/QuestionBlock.stories.jsx[2m > [22m[2mMany Answers
[22m[39m[Mock Data] Grade subscription added. Total subscriptions: 1
[90mstdout[2m | src/components/QuestionBlock.stories.jsx[2m > [22m[2mMany Answers
[22m[39m[UnitContext] useEffect triggered {
  "authLoading": false,
  "hasUser": true,
  "id": "mock-unit-id",
  "userSub": "mock-user-sub",
}
[90mstdout[2m | src/components/QuestionBlock.stories.jsx[2m > [22m[2mMany Answers
[22m[39m[UnitContext] Fetching unit data for id: mock-unit-id
[90mstdout[2m | src/components/QuestionBlock.stories.jsx[2m > [22m[2mMany Answers
[22m[39m[Mock Data] generateClient() called - returning mock client
[90mstdout[2m | src/components/QuestionBlock.stories.jsx[2m > [22m[2mMany Answers
[22m[39m[Mock amplifyClient] getAmplifyClient() called - returning mock client
[90mstdout[2m | src/components/QuestionBlock.stories.jsx[2m > [22m[2mMany Answers
[22m[39m[Mock Data] Unit.observeQuery() called with filter: {
  "filter": {
    "id": {
      "eq": "mock-unit-id",
    },
  },
}
[90mstdout[2m | src/components/QuestionBlock.stories.jsx[2m > [22m[2mMany Answers
[22m[39m[Mock Data] Unit.observeQuery() applying filter: {
  "id": {
    "eq": "mock-unit-id",
  },
}
[90mstdout[2m | src/components/QuestionBlock.stories.jsx[2m > [22m[2mMany Answers
[22m[39m[Mock Data] Unit.observeQuery() items before filter: 0
[90mstdout[2m | src/components/QuestionBlock.stories.jsx[2m > [22m[2mMany Answers
[22m[39m[Mock Data] Unit.observeQuery() items after filter: 0
[90mstdout[2m | src/components/QuestionBlock.stories.jsx[2m > [22m[2mMany Answers
[22m[39m[Mock Data] Unit.observeQuery() returning 0 items (filter applied) {
  "filter": {
    "id": {
      "eq": "mock-unit-id",
    },
  },
}
[90mstdout[2m | src/components/QuestionBlock.stories.jsx[2m > [22m[2mMany Answers
[22m[39m[Mock Data] Unit subscription added. Total subscriptions: 1
[90mstdout[2m | src/components/QuestionBlock.stories.jsx[2m > [22m[2mMany Answers
[22m[39m[Mock Data] generateClient() called - returning mock client
[90mstdout[2m | src/components/QuestionBlock.stories.jsx[2m > [22m[2mMany Answers
[22m[39m[Mock amplifyClient] getAmplifyClient() called - returning mock client
[90mstdout[2m | src/components/QuestionBlock.stories.jsx[2m > [22m[2mMany Answers
[22m[39m[Mock Data] Word.observeQuery() called with filter: undefined
[90mstdout[2m | src/components/QuestionBlock.stories.jsx[2m > [22m[2mMany Answers
[22m[39m[Mock Data] Word.observeQuery() returning 0 items (filter applied) undefined
[90mstdout[2m | src/components/QuestionBlock.stories.jsx[2m > [22m[2mMany Answers
[22m[39m[Mock Data] Word subscription added. Total subscriptions: 1
[90mstdout[2m | src/components/QuestionBlock.stories.jsx[2m > [22m[2mMany Answers
[22m[39m[Mock Data] generateClient() called - returning mock client
[90mstdout[2m | src/components/QuestionBlock.stories.jsx[2m > [22m[2mMany Answers
[22m[39m[Mock amplifyClient] getAmplifyClient() called - returning mock client
[90mstdout[2m | src/components/QuestionBlock.stories.jsx[2m > [22m[2mMany Answers
[22m[39m[Mock Data] Question.observeQuery() called with filter: undefined
[90mstdout[2m | src/components/QuestionBlock.stories.jsx[2m > [22m[2mMany Answers
[22m[39m[Mock Data] Question.observeQuery() returning 0 items (filter applied) undefined
[90mstdout[2m | src/components/QuestionBlock.stories.jsx[2m > [22m[2mMany Answers
[22m[39m[Mock Data] Question subscription added. Total subscriptions: 1
[90mstdout[2m | src/components/QuestionBlock.stories.jsx[2m > [22m[2mMany Answers
[22m[39m[FilesContext] Initializing vector store from IndexedDB
[90mstdout[2m | src/components/QuestionBlock.stories.jsx[2m > [22m[2mMany Answers
[22m[39m[FilesContext] fetchFiles called
[90mstdout[2m | src/components/QuestionBlock.stories.jsx[2m > [22m[2mMany Answers
[22m[39m[FilesContext] User authenticated: mock-user-sub
[90mstdout[2m | src/components/QuestionBlock.stories.jsx[2m > [22m[2mMany Answers
[22m[39m[FilesContext] Identity ID: us-east-1:mock-identity-123
[90mstdout[2m | src/components/QuestionBlock.stories.jsx[2m > [22m[2mMany Answers
[22m[39m[FilesContext] About to subscribe to File model
[90mstdout[2m | src/components/QuestionBlock.stories.jsx[2m > [22m[2mMany Answers
[22m[39m[Mock Data] generateClient() called - returning mock client
[90mstdout[2m | src/components/QuestionBlock.stories.jsx[2m > [22m[2mMany Answers
[22m[39m[Mock amplifyClient] getAmplifyClient() called - returning mock client
[90mstdout[2m | src/components/QuestionBlock.stories.jsx[2m > [22m[2mMany Answers
[22m[39m[Mock Data] File.observeQuery() called with filter: undefined
[90mstdout[2m | src/components/QuestionBlock.stories.jsx[2m > [22m[2mMany Answers
[22m[39m[Mock Data] File.observeQuery() returning 6 items (filter applied) undefined
[90mstdout[2m | src/components/QuestionBlock.stories.jsx[2m > [22m[2mMany Answers
[22m[39m[Mock Data] File subscription added. Total subscriptions: 1
[90mstdout[2m | src/components/QuestionBlock.stories.jsx[2m > [22m[2mMany Answers
[22m[39m[Mock Data] generateClient() called - returning mock client
[90mstdout[2m | src/components/QuestionBlock.stories.jsx[2m > [22m[2mMany Answers
[22m[39m[Mock amplifyClient] getAmplifyClient() called - returning mock client
[90mstdout[2m | src/components/QuestionBlock.stories.jsx[2m > [22m[2mMany Answers
[22m[39m[Mock Data] Document.observeQuery() called with filter: undefined
[90mstdout[2m | src/components/QuestionBlock.stories.jsx[2m > [22m[2mMany Answers
[22m[39m[Mock Data] Document.observeQuery() returning 0 items (filter applied) undefined
[90mstdout[2m | src/components/QuestionBlock.stories.jsx[2m > [22m[2mMany Answers
[22m[39m[Mock Data] Document subscription added. Total subscriptions: 1
[90mstdout[2m | src/components/QuestionBlock.stories.jsx[2m > [22m[2mMany Answers
[22m[39m[ChatContext] Setting up observeQuery for AssistantChat
[90mstdout[2m | src/components/QuestionBlock.stories.jsx[2m > [22m[2mMany Answers
[22m[39m[Mock Data] AssistantChat.observeQuery() called with filter: {
  "sortDirection": "DESC",
  "sortField": "createdAt",
}
[90mstdout[2m | src/components/QuestionBlock.stories.jsx[2m > [22m[2mMany Answers
[22m[39m[Mock Data] AssistantChat.observeQuery() returning 1 items (filter applied) {
  "sortDirection": "DESC",
  "sortField": "createdAt",
}
[90mstdout[2m | src/components/QuestionBlock.stories.jsx[2m > [22m[2mMany Answers
[22m[39m[Mock Data] AssistantChat subscription added. Total subscriptions: 1
[90mstdout[2m | src/components/QuestionBlock.stories.jsx[2m > [22m[2mMany Answers
[22m[39m[ChatContext] Waiting for subscription to initialize
[90mstdout[2m | src/components/QuestionBlock.stories.jsx[2m > [22m[2mMany Answers
[22m[39m[SettingsContext] Setting up Settings subscription for user: mock-user-sub
[90mstdout[2m | src/components/QuestionBlock.stories.jsx[2m > [22m[2mMany Answers
[22m[39m[Mock Data] generateClient() called - returning mock client
[90mstdout[2m | src/components/QuestionBlock.stories.jsx[2m > [22m[2mMany Answers
[22m[39m[Mock amplifyClient] getAmplifyClient() called - returning mock client
[90mstdout[2m | src/components/QuestionBlock.stories.jsx[2m > [22m[2mMany Answers
[22m[39m[Mock Data] Settings.observeQuery() called with filter: undefined
[90mstdout[2m | src/components/QuestionBlock.stories.jsx[2m > [22m[2mMany Answers
[22m[39m[Mock Data] Settings.observeQuery() returning 0 items (filter applied) undefined
[90mstdout[2m | src/components/QuestionBlock.stories.jsx[2m > [22m[2mMany Answers
[22m[39m[Mock Data] Settings subscription added. Total subscriptions: 1
[90mstdout[2m | src/components/QuestionBlock.stories.jsx[2m > [22m[2mMany Answers
[22m[39m[SectionContext] Initial sections: 0 []
[90mstdout[2m | src/components/QuestionBlock.stories.jsx[2m > [22m[2mMany Answers
[22m[39m[Mock Data] Section.onCreate() called with filter: undefined
[90mstdout[2m | src/components/QuestionBlock.stories.jsx[2m > [22m[2mMany Answers
[22m[39m[Mock Data] Section.onCreate() subscription added. Total: 1
[90mstdout[2m | src/components/QuestionBlock.stories.jsx[2m > [22m[2mMany Answers
[22m[39m[Mock Data] Section.onUpdate() called with filter: undefined
[90mstdout[2m | src/components/QuestionBlock.stories.jsx[2m > [22m[2mMany Answers
[22m[39m[Mock Data] Section.onUpdate() subscription added. Total: 1
[90mstdout[2m | src/components/QuestionBlock.stories.jsx[2m > [22m[2mMany Answers
[22m[39m[Mock Data] Section.onDelete() called with filter: undefined
[90mstdout[2m | src/components/QuestionBlock.stories.jsx[2m > [22m[2mMany Answers
[22m[39m[Mock Data] Section.onDelete() subscription added. Total: 1
[90mstdout[2m | src/components/QuestionBlock.stories.jsx[2m > [22m[2mMany Answers
[22m[39m[Mock Data] Assignment.onCreate() called with filter: {
  "filter": {
    "unitID": {
      "eq": "mock-unit-id",
    },
  },
}
[90mstdout[2m | src/components/QuestionBlock.stories.jsx[2m > [22m[2mMany Answers
[22m[39m[Mock Data] Assignment.onCreate() subscription added. Total: 1
[90mstdout[2m | src/components/QuestionBlock.stories.jsx[2m > [22m[2mMany Answers
[22m[39m[Mock Data] Assignment.onUpdate() called with filter: {
  "filter": {
    "unitID": {
      "eq": "mock-unit-id",
    },
  },
}
[90mstdout[2m | src/components/QuestionBlock.stories.jsx[2m > [22m[2mMany Answers
[22m[39m[Mock Data] Assignment.onUpdate() subscription added. Total: 1
[90mstdout[2m | src/components/QuestionBlock.stories.jsx[2m > [22m[2mMany Answers
[22m[39m[Mock Data] Assignment.onDelete() called with filter: {
  "filter": {
    "unitID": {
      "eq": "mock-unit-id",
    },
  },
}
[90mstdout[2m | src/components/QuestionBlock.stories.jsx[2m > [22m[2mMany Answers
[22m[39m[Mock Data] Assignment.onDelete() subscription added. Total: 1
[90mstdout[2m | src/components/QuestionBlock.stories.jsx[2m > [22m[2mMany Answers
[22m[39m[FilesContext] File observeQuery subscription triggered:
[90mstdout[2m | src/components/QuestionBlock.stories.jsx[2m > [22m[2mMany Answers
[22m[39m  - items.length: 6
[90mstdout[2m | src/components/QuestionBlock.stories.jsx[2m > [22m[2mMany Answers
[22m[39m  - isSynced: true
[90mstdout[2m | src/components/QuestionBlock.stories.jsx[2m > [22m[2mMany Answers
[22m[39m  - items: [
  {
    "_deleted": null,
    "_lastChangedAt": 1767711773285,
    "_version": 1,
    "byHex": null,
    "createdAt": "2026-01-06T15:02:53.253Z",
    "description": "Japanese language textbook - Chapter 1",
    "document": Promise {},
    "documentID": "e01017e1-fe7a-4521-b71c-09ec31b18639",
    "duration": null,
    "embedding": null,
    "generated": null,
    "hex": null,
    "id": "a57d7833-5fa7-4cb7-8b7a-ce7c6e10e551",
    "identityId": "us-east-1:b0eadde9-f02c-c71b-17a6-22ffd37d89c8",
    "key": "files/Japanese Wind 1.pdf",
    "level": "protected",
    "mimeType": "application/pdf",
    "model": null,
    "name": "Japanese Wind 1.pdf",
    "owner": "64d81418-7021-701d-9fed-a4c2e0735711",
    "parsedContent": [Function anonymous],
    "parsedContentID": null,
    "path": "files/Japanese Wind 1.pdf",
    "prompt": null,
    "size": 4706654,
    "thumbnail": null,
    "type": "pdf",
    "updatedAt": "2026-01-06T15:02:53.253Z",
    "variant": null,
    "waveformData": null,
  },
  {
    "_version": 2,
    "createdAt": "2026-01-15T10:00:00.000Z",
    "description": "Sample report with vocabulary",
    "document": Promise {},
    "documentID": "cd824b5b-2c66-41f8-8571-aa6794ff590c",
    "generated": false,
    "id": "mock-pdf-file-2",
    "identityId": "us-east-1:mock-identity",
    "key": "files/report.pdf",
    "level": "protected",
    "mimeType": "application/pdf",
    "name": "report.pdf",
    "owner": "mock-user-id",
    "parsedContent": [Function anonymous],
    "path": "files/report.pdf",
    "size": 123456,
    "type": "pdf",
    "updatedAt": "2026-01-15T10:30:00.000Z",
  },
  {
    "_version": 3,
    "createdAt": "2026-01-14T08:00:00.000Z",
    "description": "Vocabulary lesson PDF with extracted content",
    "document": Promise {},
    "documentID": "mock-document-3",
    "generated": false,
    "id": "mock-pdf-file-3",
    "identityId": "us-east-1:mock-identity",
    "key": "files/vocabulary-lesson.pdf",
    "level": "public",
    "mimeType": "application/pdf",
    "name": "vocabulary-lesson.pdf",
    "owner": "mock-user-id",
    "parsedContent": [Function anonymous],
    "path": "files/vocabulary-lesson.pdf",
    "size": 567890,
    "type": "pdf",
    "updatedAt": "2026-01-14T08:45:00.000Z",
  },
  {
    "_version": 1,
    "createdAt": "2026-01-20T10:00:00.000Z",
    "description": "Sample pronunciation audio",
    "documentID": null,
    "duration": 3.5,
    "generated": true,
    "id": "mock-audio-file-1",
    "identityId": "us-east-1:mock-identity",
    "key": "audio/pronunciation-demo.mp3",
    "level": "public",
    "mimeType": "audio/mpeg",
    "name": "pronunciation-demo.mp3",
    "owner": "mock-user-id",
    "parsedContent": [Function anonymous],
    "path": "/story-mocks/cinematic-designed-sci-fi-whoosh-transition-nexawave-228295.mp3",
    "size": 56789,
    "type": "audio",
    "updatedAt": "2026-01-20T10:00:00.000Z",
    "waveformData": null,
  },
  {
    "_version": 1,
    "createdAt": "2026-01-19T14:30:00.000Z",
    "description": "Lesson introduction audio",
    "documentID": null,
    "duration": 5.2,
    "generated": false,
    "id": "mock-audio-file-2",
    "identityId": "us-east-1:mock-identity",
    "key": "audio/lesson-intro.mp3",
    "level": "public",
    "mimeType": "audio/mpeg",
    "name": "lesson-intro.mp3",
    "owner": "mock-user-id",
    "parsedContent": [Function anonymous],
    "path": "/story-mocks/descent-whoosh-long-cinematic-sound-effect-405921.mp3",
    "size": 87654,
    "type": "audio",
    "updatedAt": "2026-01-19T14:30:00.000Z",
    "waveformData": null,
  },
  {
    "_version": 1,
    "createdAt": "2026-01-18T09:15:00.000Z",
    "description": "Hiragana character chart",
    "documentID": null,
    "generated": false,
    "id": "mock-image-file-1",
    "identityId": "us-east-1:mock-identity",
    "key": "images/hiragana-chart.png",
    "level": "public",
    "mimeType": "image/png",
    "name": "hiragana-chart.png",
    "owner": "mock-user-id",
    "parsedContent": [Function anonymous],
    "path": "images/hiragana-chart.png",
    "size": 234567,
    "thumbnail": "thumbnails/hiragana-chart-thumb.png",
    "type": "image",
    "updatedAt": "2026-01-18T09:15:00.000Z",
  },
]
[90mstdout[2m | src/components/QuestionBlock.stories.jsx[2m > [22m[2mMany Answers
[22m[39m[ChatContext] AssistantChat query update: 1 items (synced)
[90mstdout[2m | src/components/QuestionBlock.stories.jsx[2m > [22m[2mMany Answers
[22m[39m[ChatContext] First item details: {
  "id": "mock-assistant-chat-1",
  "updatedAt": "2024-01-26T10:15:00.000Z",
}
[90mstdout[2m | src/components/QuestionBlock.stories.jsx[2m > [22m[2mMany Answers
[22m[39m[ChatContext] AssistantChat subscription initialized
[90mstdout[2m | src/components/QuestionBlock.stories.jsx[2m > [22m[2mMany Answers
[22m[39m[ChatContext] AssistantChat list updated: 1 chats
[90mstdout[2m | src/components/QuestionBlock.stories.jsx[2m > [22m[2mMany Answers
[22m[39m[ChatContext] Setting initial chat: mock-assistant-chat-1
[90mstdout[2m | src/components/QuestionBlock.stories.jsx[2m > [22m[2mMany Answers
[22m[39m[FilesContext] Files count changed: 0 → 6
[90mstdout[2m | src/components/QuestionBlock.stories.jsx[2m > [22m[2mMany Answers
[22m[39m[MOCK CourseVectorStore] Initialized with mock data
[90mstdout[2m | src/components/QuestionBlock.stories.jsx[2m > [22m[2mMany Answers
[22m[39m[MOCK CourseVectorStore] Initialized with mock data
[90mstdout[2m | src/components/QuestionBlock.stories.jsx[2m > [22m[2mMany Answers
[22m[39mblockKey mock-block-key
[90mstdout[2m | src/components/QuestionBlock.stories.jsx[2m > [22m[2mMany Answers
[22m[39mgutterRefs undefined
[90mstdout[2m | src/components/QuestionBlock.stories.jsx[2m > [22m[2mMany Answers
[22m[39m[Mock Data] Settings.create() called with: {
  "assistantVoice": "shimmer",
  "autoAnalyzeDocuments": true,
  "defaultAIModel": "gpt-4",
  "documentAnalysisModel": "gpt-4",
  "editorFontSize": 14,
  "editorTheme": "auto",
  "emailNotifications": true,
  "language": "en",
  "webhookNotifications": false,
}
[90mstdout[2m | src/components/QuestionBlock.stories.jsx[2m > [22m[2mMany Answers
[22m[39m[Mock Data] Settings created: mock-settings-1776336983293 - notified 1 subscribers
[90mstdout[2m | src/components/QuestionBlock.stories.jsx[2m > [22m[2mMany Answers
[22m[39m[FilesContext] Vector store population triggered {
  "currentVectorStoreSize": 3,
  "documentsCount": 0,
  "filesCount": 6,
  "isInitialLoad": true,
}
[90mstdout[2m | src/components/QuestionBlock.stories.jsx[2m > [22m[2mMany Answers
[22m[39m[FilesContext] Vector store population complete - 3 total embeddings
[90mstdout[2m | src/components/QuestionBlock.stories.jsx[2m > [22m[2mMany Answers
[22m[39m[ChatContext] Chat exists and not archived, skipping creation
 [32m✓[39m [30m[45m storybook (chromium) [49m[39m src/components/QuestionBlock.stories.jsx [2m([22m[2m3 tests[22m[2m)[22m[33m 441[2mms[22m[39m
[90mstdout[2m | src/components/QuestionsReview2.stories.tsx[2m > [22m[2mDefault
[22m[39m[Mock Data] Settings subscription unsubscribed. Remaining: 0
[90mstdout[2m | src/components/QuestionsReview2.stories.tsx[2m > [22m[2mDefault
[22m[39m[ChatContext] Cleaning up subscription
[90mstdout[2m | src/components/QuestionsReview2.stories.tsx[2m > [22m[2mDefault
[22m[39m[Mock Data] AssistantChat subscription unsubscribed. Remaining: 0
[90mstdout[2m | src/components/QuestionsReview2.stories.tsx[2m > [22m[2mDefault
[22m[39m[Mock Data] File subscription unsubscribed. Remaining: 0
[90mstdout[2m | src/components/QuestionsReview2.stories.tsx[2m > [22m[2mDefault
[22m[39m[Mock Data] Document subscription unsubscribed. Remaining: 0
[90mstdout[2m | src/components/QuestionsReview2.stories.tsx[2m > [22m[2mDefault
[22m[39m[Mock Data] Word subscription unsubscribed. Remaining: 0
[90mstdout[2m | src/components/QuestionsReview2.stories.tsx[2m > [22m[2mDefault
[22m[39m[Mock Data] Question subscription unsubscribed. Remaining: 0
[90mstdout[2m | src/components/QuestionsReview2.stories.tsx[2m > [22m[2mDefault
[22m[39m[Mock Data] Grade subscription unsubscribed. Remaining: 0
[90mstdout[2m | src/components/QuestionsReview2.stories.tsx[2m > [22m[2mDefault
[22m[39m[Mock Data] Unit subscription unsubscribed. Remaining: 0
[90mstdout[2m | src/components/QuestionsReview2.stories.tsx[2m > [22m[2mDefault
[22m[39m[SectionContext] Cleaning up subscriptions
[90mstdout[2m | src/components/QuestionsReview2.stories.tsx[2m > [22m[2mDefault
[22m[39m[Mock Data] Section.onCreate() subscription removed. Remaining: 0
[90mstdout[2m | src/components/QuestionsReview2.stories.tsx[2m > [22m[2mDefault
[22m[39m[Mock Data] Section.onUpdate() subscription removed. Remaining: 0
[90mstdout[2m | src/components/QuestionsReview2.stories.tsx[2m > [22m[2mDefault
[22m[39m[Mock Data] Section.onDelete() subscription removed. Remaining: 0
[90mstdout[2m | src/components/QuestionsReview2.stories.tsx[2m > [22m[2mDefault
[22m[39m[Mock Data] Assignment.onCreate() subscription removed. Remaining: 0
[90mstdout[2m | src/components/QuestionsReview2.stories.tsx[2m > [22m[2mDefault
[22m[39m[Mock Data] Assignment.onUpdate() subscription removed. Remaining: 0
[90mstdout[2m | src/components/QuestionsReview2.stories.tsx[2m > [22m[2mDefault
[22m[39m[Mock Data] Assignment.onDelete() subscription removed. Remaining: 0
[90mstdout[2m | src/components/QuestionsReview2.stories.tsx[2m > [22m[2mDefault
[22m[39m[Mock Data] Clearing all data stores
[90mstdout[2m | src/components/QuestionsReview2.stories.tsx[2m > [22m[2mDefault
[22m[39m[Mock Data] All data stores cleared
[90mstdout[2m | src/components/QuestionsReview2.stories.tsx[2m > [22m[2mDefault
[22m[39m[Preview] Cleared mock data for story
[90mstdout[2m | src/components/QuestionsReview2.stories.tsx[2m > [22m[2mDefault
[22m[39m[Preview] Skipped initializing default mock data (initializeMockData=false)
[90mstdout[2m | src/components/QuestionsReview2.stories.tsx[2m > [22m[2mDefault
[22m[39m[Mock Data] seedMockDocuments: Adding 1 documents
[90mstdout[2m | src/components/QuestionsReview2.stories.tsx[2m > [22m[2mDefault
[22m[39m[Mock Data] seedMockParsedContent: Adding 1 parsed content records
[90mstdout[2m | src/components/QuestionsReview2.stories.tsx[2m > [22m[2mDefault
[22m[39m[Mock AuthContext] Providing auth: {
  "error": undefined,
  "isLoading": false,
  "session": {
    "idToken": {
      "toString": [Function toString],
    },
    "identityId": "us-east-1:mock-identity-123",
    "username": "mock-user-sub",
  },
  "user": {
    "attributes": {
      "email": "alice@example.com",
      "name": "Alice Student",
      "sub": "mock-user-sub",
    },
  },
}
[90mstdout[2m | src/components/QuestionsReview2.stories.tsx[2m > [22m[2mDefault
[22m[39m[Mock Data] generateClient() called - returning mock client
[90mstdout[2m | src/components/QuestionsReview2.stories.tsx[2m > [22m[2mDefault
[22m[39m[Mock amplifyClient] getAmplifyClient() called - returning mock client
[90mstdout[2m | src/components/QuestionsReview2.stories.tsx[2m > [22m[2mDefault
[22m[39m[MOCK CourseVectorStore] Initialized with mock data
[90mstdout[2m | src/components/QuestionsReview2.stories.tsx[2m > [22m[2mDefault
[22m[39m[TranslationModeController] Setting mode to: off
[90mstdout[2m | src/components/QuestionsReview2.stories.tsx[2m > [22m[2mDefault
[22m[39m[SectionContext] useEffect triggered {
  "authLoading": false,
  "hasUser": true,
  "userSub": "mock-user-sub",
}
[90mstdout[2m | src/components/QuestionsReview2.stories.tsx[2m > [22m[2mDefault
[22m[39m[SectionContext] Fetching sections for userId: mock-user-sub
[90mstdout[2m | src/components/QuestionsReview2.stories.tsx[2m > [22m[2mDefault
[22m[39m[Mock Data] generateClient() called - returning mock client
[90mstdout[2m | src/components/QuestionsReview2.stories.tsx[2m > [22m[2mDefault
[22m[39m[Mock amplifyClient] getAmplifyClient() called - returning mock client
[90mstdout[2m | src/components/QuestionsReview2.stories.tsx[2m > [22m[2mDefault
[22m[39m[Mock Data] Section.list() called with options: undefined
[90mstdout[2m | src/components/QuestionsReview2.stories.tsx[2m > [22m[2mDefault
[22m[39m[Mock Data] generateClient() called - returning mock client
[90mstdout[2m | src/components/QuestionsReview2.stories.tsx[2m > [22m[2mDefault
[22m[39m[Mock amplifyClient] getAmplifyClient() called - returning mock client
[90mstdout[2m | src/components/QuestionsReview2.stories.tsx[2m > [22m[2mDefault
[22m[39m[Mock Data] Assignment.list() called with options: {
  "filter": {
    "unitID": {
      "eq": "mock-unit-1",
    },
  },
}
[90mstdout[2m | src/components/QuestionsReview2.stories.tsx[2m > [22m[2mDefault
[22m[39m[Mock Data] generateClient() called - returning mock client
[90mstdout[2m | src/components/QuestionsReview2.stories.tsx[2m > [22m[2mDefault
[22m[39m[Mock amplifyClient] getAmplifyClient() called - returning mock client
[90mstdout[2m | src/components/QuestionsReview2.stories.tsx[2m > [22m[2mDefault
[22m[39m[Mock Data] Grade.observeQuery() called with filter: {
  "filter": {
    "unitID": {
      "eq": "mock-unit-1",
    },
  },
}
[90mstdout[2m | src/components/QuestionsReview2.stories.tsx[2m > [22m[2mDefault
[22m[39m[Mock Data] Grade.observeQuery() applying filter: {
  "unitID": {
    "eq": "mock-unit-1",
  },
}
[90mstdout[2m | src/components/QuestionsReview2.stories.tsx[2m > [22m[2mDefault
[22m[39m[Mock Data] Grade.observeQuery() items before filter: 0
[90mstdout[2m | src/components/QuestionsReview2.stories.tsx[2m > [22m[2mDefault
[22m[39m[Mock Data] Grade.observeQuery() items after filter: 0
[90mstdout[2m | src/components/QuestionsReview2.stories.tsx[2m > [22m[2mDefault
[22m[39m[Mock Data] Grade.observeQuery() returning 0 items (filter applied) {
  "filter": {
    "unitID": {
      "eq": "mock-unit-1",
    },
  },
}
[90mstdout[2m | src/components/QuestionsReview2.stories.tsx[2m > [22m[2mDefault
[22m[39m[Mock Data] Grade subscription added. Total subscriptions: 1
[90mstdout[2m | src/components/QuestionsReview2.stories.tsx[2m > [22m[2mDefault
[22m[39m[UnitContext] useEffect triggered {
  "authLoading": false,
  "hasUser": true,
  "id": "mock-unit-1",
  "userSub": "mock-user-sub",
}
[90mstdout[2m | src/components/QuestionsReview2.stories.tsx[2m > [22m[2mDefault
[22m[39m[UnitContext] Fetching unit data for id: mock-unit-1
[90mstdout[2m | src/components/QuestionsReview2.stories.tsx[2m > [22m[2mDefault
[22m[39m[Mock Data] generateClient() called - returning mock client
[90mstdout[2m | src/components/QuestionsReview2.stories.tsx[2m > [22m[2mDefault
[22m[39m[Mock amplifyClient] getAmplifyClient() called - returning mock client
[90mstdout[2m | src/components/QuestionsReview2.stories.tsx[2m > [22m[2mDefault
[22m[39m[Mock Data] Unit.observeQuery() called with filter: {
  "filter": {
    "id": {
      "eq": "mock-unit-1",
    },
  },
}
[90mstdout[2m | src/components/QuestionsReview2.stories.tsx[2m > [22m[2mDefault
[22m[39m[Mock Data] Unit.observeQuery() applying filter: {
  "id": {
    "eq": "mock-unit-1",
  },
}
[90mstdout[2m | src/components/QuestionsReview2.stories.tsx[2m > [22m[2mDefault
[22m[39m[Mock Data] Unit.observeQuery() items before filter: 0
[90mstdout[2m | src/components/QuestionsReview2.stories.tsx[2m > [22m[2mDefault
[22m[39m[Mock Data] Unit.observeQuery() items after filter: 0
[90mstdout[2m | src/components/QuestionsReview2.stories.tsx[2m > [22m[2mDefault
[22m[39m[Mock Data] Unit.observeQuery() returning 0 items (filter applied) {
  "filter": {
    "id": {
      "eq": "mock-unit-1",
    },
  },
}
[90mstdout[2m | src/components/QuestionsReview2.stories.tsx[2m > [22m[2mDefault
[22m[39m[Mock Data] Unit subscription added. Total subscriptions: 1
[90mstdout[2m | src/components/QuestionsReview2.stories.tsx[2m > [22m[2mDefault
[22m[39m[Mock Data] generateClient() called - returning mock client
[90mstdout[2m | src/components/QuestionsReview2.stories.tsx[2m > [22m[2mDefault
[22m[39m[Mock amplifyClient] getAmplifyClient() called - returning mock client
[90mstdout[2m | src/components/QuestionsReview2.stories.tsx[2m > [22m[2mDefault
[22m[39m[Mock Data] Word.observeQuery() called with filter: undefined
[90mstdout[2m | src/components/QuestionsReview2.stories.tsx[2m > [22m[2mDefault
[22m[39m[Mock Data] Word.observeQuery() returning 0 items (filter applied) undefined
[90mstdout[2m | src/components/QuestionsReview2.stories.tsx[2m > [22m[2mDefault
[22m[39m[Mock Data] Word subscription added. Total subscriptions: 1
[90mstdout[2m | src/components/QuestionsReview2.stories.tsx[2m > [22m[2mDefault
[22m[39m[Mock Data] generateClient() called - returning mock client
[90mstdout[2m | src/components/QuestionsReview2.stories.tsx[2m > [22m[2mDefault
[22m[39m[Mock amplifyClient] getAmplifyClient() called - returning mock client
[90mstdout[2m | src/components/QuestionsReview2.stories.tsx[2m > [22m[2mDefault
[22m[39m[Mock Data] Question.observeQuery() called with filter: undefined
[90mstdout[2m | src/components/QuestionsReview2.stories.tsx[2m > [22m[2mDefault
[22m[39m[Mock Data] Question.observeQuery() returning 0 items (filter applied) undefined
[90mstdout[2m | src/components/QuestionsReview2.stories.tsx[2m > [22m[2mDefault
[22m[39m[Mock Data] Question subscription added. Total subscriptions: 1
[90mstdout[2m | src/components/QuestionsReview2.stories.tsx[2m > [22m[2mDefault
[22m[39m[FilesContext] Initializing vector store from IndexedDB
[90mstdout[2m | src/components/QuestionsReview2.stories.tsx[2m > [22m[2mDefault
[22m[39m[FilesContext] fetchFiles called
[90mstdout[2m | src/components/QuestionsReview2.stories.tsx[2m > [22m[2mDefault
[22m[39m[FilesContext] User authenticated: mock-user-sub
[90mstdout[2m | src/components/QuestionsReview2.stories.tsx[2m > [22m[2mDefault
[22m[39m[FilesContext] Identity ID: us-east-1:mock-identity-123
[90mstdout[2m | src/components/QuestionsReview2.stories.tsx[2m > [22m[2mDefault
[22m[39m[FilesContext] About to subscribe to File model
[90mstdout[2m | src/components/QuestionsReview2.stories.tsx[2m > [22m[2mDefault
[22m[39m[Mock Data] generateClient() called - returning mock client
[90mstdout[2m | src/components/QuestionsReview2.stories.tsx[2m > [22m[2mDefault
[22m[39m[Mock amplifyClient] getAmplifyClient() called - returning mock client
[90mstdout[2m | src/components/QuestionsReview2.stories.tsx[2m > [22m[2mDefault
[22m[39m[Mock Data] File.observeQuery() called with filter: undefined
[90mstdout[2m | src/components/QuestionsReview2.stories.tsx[2m > [22m[2mDefault
[22m[39m[Mock Data] File.observeQuery() returning 0 items (filter applied) undefined
[90mstdout[2m | src/components/QuestionsReview2.stories.tsx[2m > [22m[2mDefault
[22m[39m[Mock Data] File subscription added. Total subscriptions: 1
[90mstdout[2m | src/components/QuestionsReview2.stories.tsx[2m > [22m[2mDefault
[22m[39m[Mock Data] generateClient() called - returning mock client
[90mstdout[2m | src/components/QuestionsReview2.stories.tsx[2m > [22m[2mDefault
[22m[39m[Mock amplifyClient] getAmplifyClient() called - returning mock client
[90mstdout[2m | src/components/QuestionsReview2.stories.tsx[2m > [22m[2mDefault
[22m[39m[Mock Data] Document.observeQuery() called with filter: undefined
[90mstdout[2m | src/components/QuestionsReview2.stories.tsx[2m > [22m[2mDefault
[22m[39m[Mock Data] Document.observeQuery() returning 1 items (filter applied) undefined
[90mstdout[2m | src/components/QuestionsReview2.stories.tsx[2m > [22m[2mDefault
[22m[39m[Mock Data] Document subscription added. Total subscriptions: 1
[90mstdout[2m | src/components/QuestionsReview2.stories.tsx[2m > [22m[2mDefault
[22m[39m[ChatContext] Setting up observeQuery for AssistantChat
[90mstdout[2m | src/components/QuestionsReview2.stories.tsx[2m > [22m[2mDefault
[22m[39m[Mock Data] AssistantChat.observeQuery() called with filter: {
  "sortDirection": "DESC",
  "sortField": "createdAt",
}
[90mstdout[2m | src/components/QuestionsReview2.stories.tsx[2m > [22m[2mDefault
[22m[39m[Mock Data] AssistantChat.observeQuery() returning 0 items (filter applied) {
  "sortDirection": "DESC",
  "sortField": "createdAt",
}
[90mstdout[2m | src/components/QuestionsReview2.stories.tsx[2m > [22m[2mDefault
[22m[39m[Mock Data] AssistantChat subscription added. Total subscriptions: 1
[90mstdout[2m | src/components/QuestionsReview2.stories.tsx[2m > [22m[2mDefault
[22m[39m[ChatContext] Waiting for subscription to initialize
[90mstdout[2m | src/components/QuestionsReview2.stories.tsx[2m > [22m[2mDefault
[22m[39m[SettingsContext] Setting up Settings subscription for user: mock-user-sub
[90mstdout[2m | src/components/QuestionsReview2.stories.tsx[2m > [22m[2mDefault
[22m[39m[Mock Data] generateClient() called - returning mock client
[90mstdout[2m | src/components/QuestionsReview2.stories.tsx[2m > [22m[2mDefault
[22m[39m[Mock amplifyClient] getAmplifyClient() called - returning mock client
[90mstdout[2m | src/components/QuestionsReview2.stories.tsx[2m > [22m[2mDefault
[22m[39m[Mock Data] Settings.observeQuery() called with filter: undefined
[90mstdout[2m | src/components/QuestionsReview2.stories.tsx[2m > [22m[2mDefault
[22m[39m[Mock Data] Settings.observeQuery() returning 0 items (filter applied) undefined
[90mstdout[2m | src/components/QuestionsReview2.stories.tsx[2m > [22m[2mDefault
[22m[39m[Mock Data] Settings subscription added. Total subscriptions: 1
[90mstdout[2m | src/components/QuestionsReview2.stories.tsx[2m > [22m[2mDefault
[22m[39m[SectionContext] Initial sections: 0 []
[90mstdout[2m | src/components/QuestionsReview2.stories.tsx[2m > [22m[2mDefault
[22m[39m[Mock Data] Section.onCreate() called with filter: undefined
[90mstdout[2m | src/components/QuestionsReview2.stories.tsx[2m > [22m[2mDefault
[22m[39m[Mock Data] Section.onCreate() subscription added. Total: 1
[90mstdout[2m | src/components/QuestionsReview2.stories.tsx[2m > [22m[2mDefault
[22m[39m[Mock Data] Section.onUpdate() called with filter: undefined
[90mstdout[2m | src/components/QuestionsReview2.stories.tsx[2m > [22m[2mDefault
[22m[39m[Mock Data] Section.onUpdate() subscription added. Total: 1
[90mstdout[2m | src/components/QuestionsReview2.stories.tsx[2m > [22m[2mDefault
[22m[39m[Mock Data] Section.onDelete() called with filter: undefined
[90mstdout[2m | src/components/QuestionsReview2.stories.tsx[2m > [22m[2mDefault
[22m[39m[Mock Data] Section.onDelete() subscription added. Total: 1
[90mstdout[2m | src/components/QuestionsReview2.stories.tsx[2m > [22m[2mDefault
[22m[39m[Mock Data] Assignment.onCreate() called with filter: {
  "filter": {
    "unitID": {
      "eq": "mock-unit-1",
    },
  },
}
[90mstdout[2m | src/components/QuestionsReview2.stories.tsx[2m > [22m[2mDefault
[22m[39m[Mock Data] Assignment.onCreate() subscription added. Total: 1
[90mstdout[2m | src/components/QuestionsReview2.stories.tsx[2m > [22m[2mDefault
[22m[39m[Mock Data] Assignment.onUpdate() called with filter: {
  "filter": {
    "unitID": {
      "eq": "mock-unit-1",
    },
  },
}
[90mstdout[2m | src/components/QuestionsReview2.stories.tsx[2m > [22m[2mDefault
[22m[39m[Mock Data] Assignment.onUpdate() subscription added. Total: 1
[90mstdout[2m | src/components/QuestionsReview2.stories.tsx[2m > [22m[2mDefault
[22m[39m[Mock Data] Assignment.onDelete() called with filter: {
  "filter": {
    "unitID": {
      "eq": "mock-unit-1",
    },
  },
}
[90mstdout[2m | src/components/QuestionsReview2.stories.tsx[2m > [22m[2mDefault
[22m[39m[Mock Data] Assignment.onDelete() subscription added. Total: 1
[90mstdout[2m | src/components/QuestionsReview2.stories.tsx[2m > [22m[2mDefault
[22m[39m[FilesContext] File observeQuery subscription triggered:
[90mstdout[2m | src/components/QuestionsReview2.stories.tsx[2m > [22m[2mDefault
[22m[39m  - items.length: 0
[90mstdout[2m | src/components/QuestionsReview2.stories.tsx[2m > [22m[2mDefault
[22m[39m  - isSynced: true
[90mstdout[2m | src/components/QuestionsReview2.stories.tsx[2m > [22m[2mDefault
[22m[39m  - items: []
[90mstdout[2m | src/components/QuestionsReview2.stories.tsx[2m > [22m[2mDefault
[22m[39m[FilesContext] Document count changed: 0 → 1
[90mstdout[2m | src/components/QuestionsReview2.stories.tsx[2m > [22m[2mDefault
[22m[39m[ChatContext] AssistantChat query update: 0 items (synced)
[90mstdout[2m | src/components/QuestionsReview2.stories.tsx[2m > [22m[2mDefault
[22m[39m[ChatContext] AssistantChat subscription initialized
[90mstdout[2m | src/components/QuestionsReview2.stories.tsx[2m > [22m[2mDefault
[22m[39m[ChatContext] AssistantChat list updated: 0 chats
[90mstdout[2m | src/components/QuestionsReview2.stories.tsx[2m > [22m[2mDefault
[22m[39m[ChatContext] No chats found, clearing current chat - new one will be created
[90mstdout[2m | src/components/QuestionsReview2.stories.tsx[2m > [22m[2mDefault
[22m[39m[MOCK CourseVectorStore] Initialized with mock data
[90mstdout[2m | src/components/QuestionsReview2.stories.tsx[2m > [22m[2mDefault
[22m[39m[useTranslationWithCapture] t() called: {
  "key": "questionsReview.loading",
  "mode": "off",
  "namespace": "components",
  "value": "Loading questions...",
}
[90mstdout[2m | src/components/QuestionsReview2.stories.tsx[2m > [22m[2mDefault
[22m[39m[Mock Data] Settings.create() called with: {
  "assistantVoice": "shimmer",
  "autoAnalyzeDocuments": true,
  "defaultAIModel": "gpt-4",
  "documentAnalysisModel": "gpt-4",
  "editorFontSize": 14,
  "editorTheme": "auto",
  "emailNotifications": true,
  "language": "en",
  "webhookNotifications": false,
}
[90mstdout[2m | src/components/QuestionsReview2.stories.tsx[2m > [22m[2mDefault
[22m[39m[Mock Data] Settings created: mock-settings-1776336983631 - notified 1 subscribers
[90mstdout[2m | src/components/QuestionsReview2.stories.tsx[2m > [22m[2mDefault
[22m[39m[Mock Data] generateClient() called - returning mock client
[90mstdout[2m | src/components/QuestionsReview2.stories.tsx[2m > [22m[2mDefault
[22m[39m[Mock amplifyClient] getAmplifyClient() called - returning mock client
[90mstdout[2m | src/components/QuestionsReview2.stories.tsx[2m > [22m[2mDefault
[22m[39m[Mock Data] Document.get() called with id: mock-doc-1
[90mstdout[2m | src/components/QuestionsReview2.stories.tsx[2m > [22m[2mDefault
[22m[39m[Mock Data] generateClient() called - returning mock client
[90mstdout[2m | src/components/QuestionsReview2.stories.tsx[2m > [22m[2mDefault
[22m[39m[Mock amplifyClient] getAmplifyClient() called - returning mock client
[90mstdout[2m | src/components/QuestionsReview2.stories.tsx[2m > [22m[2mDefault
[22m[39m[Mock Data] ParsedContent.observeQuery() called with filter: undefined
[90mstdout[2m | src/components/QuestionsReview2.stories.tsx[2m > [22m[2mDefault
[22m[39m[Mock Data] ParsedContent.observeQuery() returning 1 items (filter applied) undefined
[90mstdout[2m | src/components/QuestionsReview2.stories.tsx[2m > [22m[2mDefault
[22m[39m[Mock Data] ParsedContent subscription added. Total subscriptions: 1
[90mstdout[2m | src/components/QuestionsReview2.stories.tsx[2m > [22m[2mDefault
[22m[39m[ChatContext] No current chat available, will create one
[90mstdout[2m | src/components/QuestionsReview2.stories.tsx[2m > [22m[2mDefault
[22m[39m[ChatContext] Creating AssistantChat with user: undefined
[90mstdout[2m | src/components/QuestionsReview2.stories.tsx[2m > [22m[2mDefault
[22m[39m[Mock Data] AssistantChat.create() called with: {
  "archived": false,
  "model": "gpt-4",
}
[90mstdout[2m | src/components/QuestionsReview2.stories.tsx[2m > [22m[2mDefault
[22m[39m[Mock Data] AssistantChat created: mock-assistantchat-1776336983642 - notified 1 subscribers
[90mstdout[2m | src/components/QuestionsReview2.stories.tsx[2m > [22m[2mDefault
[22m[39m[Mock Data] ParsedContent.list() called with options: {
  "filter": {
    "documentID": {
      "eq": "mock-doc-1",
    },
  },
}
[90mstdout[2m | src/components/QuestionsReview2.stories.tsx[2m > [22m[2mDefault
[22m[39m[ChatContext] Create result: {
  "data": {
    "_version": 1,
    "archived": false,
    "chatFiles": [Function anonymous],
    "createdAt": "2026-04-16T10:56:23.642Z",
    "id": "mock-assistantchat-1776336983642",
    "model": "gpt-4",
    "updatedAt": "2026-04-16T10:56:23.642Z",
  },
  "errors": [],
  "hasData": true,
  "hasErrors": true,
}
[90mstdout[2m | src/components/QuestionsReview2.stories.tsx[2m > [22m[2mDefault
[22m[39m[ChatContext] Created AssistantChat: mock-assistantchat-1776336983642 at: 2026-04-16T10:56:23.642Z
[90mstdout[2m | src/components/QuestionsReview2.stories.tsx[2m > [22m[2mDefault
[22m[39m[ChatContext] AssistantChat query update: 1 items (synced)
[90mstdout[2m | src/components/QuestionsReview2.stories.tsx[2m > [22m[2mDefault
[22m[39m[ChatContext] First item details: {
  "id": "mock-assistantchat-1776336983642",
  "updatedAt": "2026-04-16T10:56:23.642Z",
}
[90mstdout[2m | src/components/QuestionsReview2.stories.tsx[2m > [22m[2mDefault
[22m[39m[ChatContext] AssistantChat list updated: 1 chats
[90mstdout[2m | src/components/QuestionsReview2.stories.tsx[2m > [22m[2mDefault
[22m[39m[ChatContext] Setting initial chat: mock-assistantchat-1776336983642
[90mstdout[2m | src/components/QuestionsReview2.stories.tsx[2m > [22m[2mDefault
[22m[39m[useTranslationWithCapture] t() called: {
  "key": "questionsReview.sectionHeading",
  "mode": "off",
  "namespace": "components",
  "value": "Questions Review",
}
[90mstdout[2m | src/components/QuestionsReview2.stories.tsx[2m > [22m[2mDefault
[22m[39m[useTranslationWithCapture] t() called: {
  "key": "questionsReview.from",
  "mode": "off",
  "namespace": "components",
  "value": "From",
}
[90mstdout[2m | src/components/QuestionsReview2.stories.tsx[2m > [22m[2mDefault
[22m[39m[useTranslationWithCapture] t() called: {
  "key": "questionsReview.pages",
  "mode": "off",
  "namespace": "components",
  "value": "pages",
}
[90mstdout[2m | src/components/QuestionsReview2.stories.tsx[2m > [22m[2mDefault
[22m[39m[useTranslationWithCapture] t() called: {
  "key": "questionsReview.deselectAll",
  "mode": "off",
  "namespace": "components",
  "value": "Deselect All",
}
[90mstdout[2m | src/components/QuestionsReview2.stories.tsx[2m > [22m[2mDefault
[22m[39m[useTranslationWithCapture] t() called: {
  "key": "questionsReview.selectedCount",
  "mode": "off",
  "namespace": "components",
  "value": "5 of 5 selected",
}
[90mstdout[2m | src/components/QuestionsReview2.stories.tsx[2m > [22m[2mDefault
[22m[39m[useTranslationWithCapture] t() called: {
  "key": "questionsReview.importToQuestionBank",
  "mode": "off",
  "namespace": "components",
  "value": "Import to Question Bank",
}
[90mstdout[2m | src/components/QuestionsReview2.stories.tsx[2m > [22m[2mDefault
[22m[39m[ChatContext] Chat exists and not archived, skipping creation
[90mstdout[2m | src/components/QuestionsReview2.stories.tsx[2m > [22m[2mDefault
[22m[39m[useTranslationWithCapture] t() called: {
  "key": "questionsReview.sectionHeading",
  "mode": "off",
  "namespace": "components",
  "value": "Questions Review",
}
[90mstdout[2m | src/components/QuestionsReview2.stories.tsx[2m > [22m[2mDefault
[22m[39m[useTranslationWithCapture] t() called: {
  "key": "questionsReview.from",
  "mode": "off",
  "namespace": "components",
  "value": "From",
}
[90mstdout[2m | src/components/QuestionsReview2.stories.tsx[2m > [22m[2mDefault
[22m[39m[useTranslationWithCapture] t() called: {
  "key": "questionsReview.pages",
  "mode": "off",
  "namespace": "components",
  "value": "pages",
}
[90mstdout[2m | src/components/QuestionsReview2.stories.tsx[2m > [22m[2mDefault
[22m[39m[useTranslationWithCapture] t() called: {
  "key": "questionsReview.deselectAll",
  "mode": "off",
  "namespace": "components",
  "value": "Deselect All",
}
[90mstdout[2m | src/components/QuestionsReview2.stories.tsx[2m > [22m[2mDefault
[22m[39m[useTranslationWithCapture] t() called: {
  "key": "questionsReview.selectedCount",
  "mode": "off",
  "namespace": "components",
  "value": "5 of 5 selected",
}
[90mstdout[2m | src/components/QuestionsReview2.stories.tsx[2m > [22m[2mDefault
[22m[39m[useTranslationWithCapture] t() called: {
  "key": "questionsReview.importToQuestionBank",
  "mode": "off",
  "namespace": "components",
  "value": "Import to Question Bank",
}
[90mstdout[2m | src/components/QuestionsReview2.stories.tsx[2m > [22m[2mDefault
[22m[39m[useTranslationWithCapture] t() called: {
  "key": "questionsReview.hasAudio",
  "mode": "off",
  "namespace": "components",
  "value": "Has audio",
}
[90mstdout[2m | src/components/QuestionsReview2.stories.tsx[2m > [22m[2mDefault
[22m[39m[useTranslationWithCapture] t() called: {
  "key": "questionsReview.hasAudio",
  "mode": "off",
  "namespace": "components",
  "value": "Has audio",
}
[90mstdout[2m | src/components/QuestionsReview2.stories.tsx[2m > [22m[2mDefault
[22m[39m[useTranslationWithCapture] t() called: {
  "key": "questionsReview.hasImage",
  "mode": "off",
  "namespace": "components",
  "value": "Has image",
}
[90mstdout[2m | src/components/QuestionsReview2.stories.tsx[2m > [22m[2mDefault
[22m[39m[useTranslationWithCapture] t() called: {
  "key": "questionsReview.hasImage",
  "mode": "off",
  "namespace": "components",
  "value": "Has image",
}
[90mstdout[2m | src/components/QuestionsReview2.stories.tsx[2m > [22m[2mDefault
[22m[39m[useTranslationWithCapture] t() called: {
  "key": "questionsReview.sectionHeading",
  "mode": "off",
  "namespace": "components",
  "value": "Questions Review",
}
[90mstdout[2m | src/components/QuestionsReview2.stories.tsx[2m > [22m[2mDefault
[22m[39m[useTranslationWithCapture] t() called: {
  "key": "questionsReview.from",
  "mode": "off",
  "namespace": "components",
  "value": "From",
}
[90mstdout[2m | src/components/QuestionsReview2.stories.tsx[2m > [22m[2mDefault
[22m[39m[useTranslationWithCapture] t() called: {
  "key": "questionsReview.pages",
  "mode": "off",
  "namespace": "components",
  "value": "pages",
}
[90mstdout[2m | src/components/QuestionsReview2.stories.tsx[2m > [22m[2mDefault
[22m[39m[useTranslationWithCapture] t() called: {
  "key": "questionsReview.deselectAll",
  "mode": "off",
  "namespace": "components",
  "value": "Deselect All",
}
[90mstdout[2m | src/components/QuestionsReview2.stories.tsx[2m > [22m[2mDefault
[22m[39m[useTranslationWithCapture] t() called: {
  "key": "questionsReview.selectedCount",
  "mode": "off",
  "namespace": "components",
  "value": "5 of 5 selected",
}
[90mstdout[2m | src/components/QuestionsReview2.stories.tsx[2m > [22m[2mDefault
[22m[39m[useTranslationWithCapture] t() called: {
  "key": "questionsReview.importToQuestionBank",
  "mode": "off",
  "namespace": "components",
  "value": "Import to Question Bank",
}
[90mstdout[2m | src/components/QuestionsReview2.stories.tsx[2m > [22m[2mDefault
[22m[39m[useTranslationWithCapture] t() called: {
  "key": "questionsReview.hasAudio",
  "mode": "off",
  "namespace": "components",
  "value": "Has audio",
}
[90mstdout[2m | src/components/QuestionsReview2.stories.tsx[2m > [22m[2mDefault
[22m[39m[useTranslationWithCapture] t() called: {
  "key": "questionsReview.hasAudio",
  "mode": "off",
  "namespace": "components",
  "value": "Has audio",
}
[90mstdout[2m | src/components/QuestionsReview2.stories.tsx[2m > [22m[2mDefault
[22m[39m[useTranslationWithCapture] t() called: {
  "key": "questionsReview.hasImage",
  "mode": "off",
  "namespace": "components",
  "value": "Has image",
}
[90mstdout[2m | src/components/QuestionsReview2.stories.tsx[2m > [22m[2mDefault
[22m[39m[useTranslationWithCapture] t() called: {
  "key": "questionsReview.hasImage",
  "mode": "off",
  "namespace": "components",
  "value": "Has image",
}
[90mstdout[2m | src/components/QuestionsReview2.stories.tsx[2m > [22m[2mDefault
[22m[39m[useTranslationWithCapture] t() called: {
  "key": "questionsReview.hasAudio",
  "mode": "off",
  "namespace": "components",
  "value": "Has audio",
}
[90mstdout[2m | src/components/QuestionsReview2.stories.tsx[2m > [22m[2mDefault
[22m[39m[useTranslationWithCapture] t() called: {
  "key": "questionsReview.hasAudio",
  "mode": "off",
  "namespace": "components",
  "value": "Has audio",
}
[90mstdout[2m | src/components/QuestionsReview2.stories.tsx[2m > [22m[2mDefault
[22m[39m[useTranslationWithCapture] t() called: {
  "key": "questionsReview.hasImage",
  "mode": "off",
  "namespace": "components",
  "value": "Has image",
}
[90mstdout[2m | src/components/QuestionsReview2.stories.tsx[2m > [22m[2mDefault
[22m[39m[useTranslationWithCapture] t() called: {
  "key": "questionsReview.hasImage",
  "mode": "off",
  "namespace": "components",
  "value": "Has image",
}
[90mstdout[2m | src/components/QuestionsReview2.stories.tsx[2m > [22m[2mDefault
[22m[39m[Mock Data] generateClient() called - returning mock client
[90mstdout[2m | src/components/QuestionsReview2.stories.tsx[2m > [22m[2mDefault
[22m[39m[Mock amplifyClient] getAmplifyClient() called - returning mock client
[90mstdout[2m | src/components/QuestionsReview2.stories.tsx[2m > [22m[2mDefault
[22m[39m[Mock Data] Document.get() called with id: mock-doc-1
[90mstdout[2m | src/components/QuestionsReview2.stories.tsx[2m > [22m[2mDefault
[22m[39m[Mock Data] ParsedContent.list() called with options: {
  "filter": {
    "documentID": {
      "eq": "mock-doc-1",
    },
  },
}
[90mstdout[2m | src/components/QuestionsReview2.stories.tsx[2m > [22m[2mDefault
[22m[39m[useTranslationWithCapture] t() called: {
  "key": "questionsReview.sectionHeading",
  "mode": "off",
  "namespace": "components",
  "value": "Questions Review",
}
[90mstdout[2m | src/components/QuestionsReview2.stories.tsx[2m > [22m[2mDefault
[22m[39m[useTranslationWithCapture] t() called: {
  "key": "questionsReview.from",
  "mode": "off",
  "namespace": "components",
  "value": "From",
}
[90mstdout[2m | src/components/QuestionsReview2.stories.tsx[2m > [22m[2mDefault
[22m[39m[useTranslationWithCapture] t() called: {
  "key": "questionsReview.pages",
  "mode": "off",
  "namespace": "components",
  "value": "pages",
}
[90mstdout[2m | src/components/QuestionsReview2.stories.tsx[2m > [22m[2mDefault
[22m[39m[useTranslationWithCapture] t() called: {
  "key": "questionsReview.deselectAll",
  "mode": "off",
  "namespace": "components",
  "value": "Deselect All",
}
[90mstdout[2m | src/components/QuestionsReview2.stories.tsx[2m > [22m[2mDefault
[22m[39m[useTranslationWithCapture] t() called: {
  "key": "questionsReview.selectedCount",
  "mode": "off",
  "namespace": "components",
  "value": "5 of 5 selected",
}
[90mstdout[2m | src/components/QuestionsReview2.stories.tsx[2m > [22m[2mDefault
[22m[39m[useTranslationWithCapture] t() called: {
  "key": "questionsReview.importToQuestionBank",
  "mode": "off",
  "namespace": "components",
  "value": "Import to Question Bank",
}
[90mstdout[2m | src/components/QuestionsReview2.stories.tsx[2m > [22m[2mDefault
[22m[39m[useTranslationWithCapture] t() called: {
  "key": "questionsReview.hasAudio",
  "mode": "off",
  "namespace": "components",
  "value": "Has audio",
}
[90mstdout[2m | src/components/QuestionsReview2.stories.tsx[2m > [22m[2mDefault
[22m[39m[useTranslationWithCapture] t() called: {
  "key": "questionsReview.hasAudio",
  "mode": "off",
  "namespace": "components",
  "value": "Has audio",
}
[90mstdout[2m | src/components/QuestionsReview2.stories.tsx[2m > [22m[2mDefault
[22m[39m[useTranslationWithCapture] t() called: {
  "key": "questionsReview.hasImage",
  "mode": "off",
  "namespace": "components",
  "value": "Has image",
}
[90mstdout[2m | src/components/QuestionsReview2.stories.tsx[2m > [22m[2mDefault
[22m[39m[useTranslationWithCapture] t() called: {
  "key": "questionsReview.hasImage",
  "mode": "off",
  "namespace": "components",
  "value": "Has image",
}
[90mstdout[2m | src/components/QuestionsReview2.stories.tsx[2m > [22m[2mDefault
[22m[39m[useTranslationWithCapture] t() called: {
  "key": "questionsReview.sectionHeading",
  "mode": "off",
  "namespace": "components",
  "value": "Questions Review",
}
[90mstdout[2m | src/components/QuestionsReview2.stories.tsx[2m > [22m[2mDefault
[22m[39m[useTranslationWithCapture] t() called: {
  "key": "questionsReview.from",
  "mode": "off",
  "namespace": "components",
  "value": "From",
}
[90mstdout[2m | src/components/QuestionsReview2.stories.tsx[2m > [22m[2mDefault
[22m[39m[useTranslationWithCapture] t() called: {
  "key": "questionsReview.pages",
  "mode": "off",
  "namespace": "components",
  "value": "pages",
}
[90mstdout[2m | src/components/QuestionsReview2.stories.tsx[2m > [22m[2mDefault
[22m[39m[useTranslationWithCapture] t() called: {
  "key": "questionsReview.selectAll",
  "mode": "off",
  "namespace": "components",
  "value": "Select All",
}
[90mstdout[2m | src/components/QuestionsReview2.stories.tsx[2m > [22m[2mDefault
[22m[39m[useTranslationWithCapture] t() called: {
  "key": "questionsReview.selectedCount",
  "mode": "off",
  "namespace": "components",
  "value": "4 of 5 selected",
}
[90mstdout[2m | src/components/QuestionsReview2.stories.tsx[2m > [22m[2mDefault
[22m[39m[useTranslationWithCapture] t() called: {
  "key": "questionsReview.importToQuestionBank",
  "mode": "off",
  "namespace": "components",
  "value": "Import to Question Bank",
}
[90mstdout[2m | src/components/QuestionsReview2.stories.tsx[2m > [22m[2mDefault
[22m[39m[useTranslationWithCapture] t() called: {
  "key": "questionsReview.hasAudio",
  "mode": "off",
  "namespace": "components",
  "value": "Has audio",
}
[90mstdout[2m | src/components/QuestionsReview2.stories.tsx[2m > [22m[2mDefault
[22m[39m[useTranslationWithCapture] t() called: {
  "key": "questionsReview.hasAudio",
  "mode": "off",
  "namespace": "components",
  "value": "Has audio",
}
[90mstdout[2m | src/components/QuestionsReview2.stories.tsx[2m > [22m[2mDefault
[22m[39m[useTranslationWithCapture] t() called: {
  "key": "questionsReview.hasImage",
  "mode": "off",
  "namespace": "components",
  "value": "Has image",
}
[90mstdout[2m | src/components/QuestionsReview2.stories.tsx[2m > [22m[2mDefault
[22m[39m[useTranslationWithCapture] t() called: {
  "key": "questionsReview.hasImage",
  "mode": "off",
  "namespace": "components",
  "value": "Has image",
}
[90mstdout[2m | src/components/QuestionsReview2.stories.tsx[2m > [22m[2mWith Search Highlight
[22m[39m[Mock Data] Settings subscription unsubscribed. Remaining: 0
[90mstdout[2m | src/components/QuestionsReview2.stories.tsx[2m > [22m[2mWith Search Highlight
[22m[39m[ChatContext] Cleaning up subscription
[90mstdout[2m | src/components/QuestionsReview2.stories.tsx[2m > [22m[2mWith Search Highlight
[22m[39m[Mock Data] AssistantChat subscription unsubscribed. Remaining: 0
[90mstdout[2m | src/components/QuestionsReview2.stories.tsx[2m > [22m[2mWith Search Highlight
[22m[39m[Mock Data] File subscription unsubscribed. Remaining: 0
[90mstdout[2m | src/components/QuestionsReview2.stories.tsx[2m > [22m[2mWith Search Highlight
[22m[39m[Mock Data] Document subscription unsubscribed. Remaining: 0
[90mstdout[2m | src/components/QuestionsReview2.stories.tsx[2m > [22m[2mWith Search Highlight
[22m[39m[Mock Data] Word subscription unsubscribed. Remaining: 0
[90mstdout[2m | src/components/QuestionsReview2.stories.tsx[2m > [22m[2mWith Search Highlight
[22m[39m[Mock Data] Question subscription unsubscribed. Remaining: 0
[90mstdout[2m | src/components/QuestionsReview2.stories.tsx[2m > [22m[2mWith Search Highlight
[22m[39m[Mock Data] Grade subscription unsubscribed. Remaining: 0
[90mstdout[2m | src/components/QuestionsReview2.stories.tsx[2m > [22m[2mWith Search Highlight
[22m[39m[Mock Data] Unit subscription unsubscribed. Remaining: 0
[90mstdout[2m | src/components/QuestionsReview2.stories.tsx[2m > [22m[2mWith Search Highlight
[22m[39m[SectionContext] Cleaning up subscriptions
[90mstdout[2m | src/components/QuestionsReview2.stories.tsx[2m > [22m[2mWith Search Highlight
[22m[39m[Mock Data] Section.onCreate() subscription removed. Remaining: 0
[90mstdout[2m | src/components/QuestionsReview2.stories.tsx[2m > [22m[2mWith Search Highlight
[22m[39m[Mock Data] Section.onUpdate() subscription removed. Remaining: 0
[90mstdout[2m | src/components/QuestionsReview2.stories.tsx[2m > [22m[2mWith Search Highlight
[22m[39m[Mock Data] Section.onDelete() subscription removed. Remaining: 0
[90mstdout[2m | src/components/QuestionsReview2.stories.tsx[2m > [22m[2mWith Search Highlight
[22m[39m[Mock Data] Assignment.onCreate() subscription removed. Remaining: 0
[90mstdout[2m | src/components/QuestionsReview2.stories.tsx[2m > [22m[2mWith Search Highlight
[22m[39m[Mock Data] Assignment.onUpdate() subscription removed. Remaining: 0
[90mstdout[2m | src/components/QuestionsReview2.stories.tsx[2m > [22m[2mWith Search Highlight
[22m[39m[Mock Data] Assignment.onDelete() subscription removed. Remaining: 0
[90mstdout[2m | src/components/QuestionsReview2.stories.tsx[2m > [22m[2mWith Search Highlight
[22m[39m[Mock Data] ParsedContent subscription unsubscribed. Remaining: 0
[90mstdout[2m | src/components/QuestionsReview2.stories.tsx[2m > [22m[2mWith Search Highlight
[22m[39m[Mock Data] Clearing all data stores
[90mstdout[2m | src/components/QuestionsReview2.stories.tsx[2m > [22m[2mWith Search Highlight
[22m[39m[Mock Data] All data stores cleared
[90mstdout[2m | src/components/QuestionsReview2.stories.tsx[2m > [22m[2mWith Search Highlight
[22m[39m[Preview] Cleared mock data for story
[90mstdout[2m | src/components/QuestionsReview2.stories.tsx[2m > [22m[2mWith Search Highlight
[22m[39m[Preview] Skipped initializing default mock data (initializeMockData=false)
[90mstdout[2m | src/components/QuestionsReview2.stories.tsx[2m > [22m[2mWith Search Highlight
[22m[39m[Mock Data] seedMockDocuments: Adding 1 documents
[90mstdout[2m | src/components/QuestionsReview2.stories.tsx[2m > [22m[2mWith Search Highlight
[22m[39m[Mock Data] seedMockParsedContent: Adding 1 parsed content records
[90mstdout[2m | src/components/QuestionsReview2.stories.tsx[2m > [22m[2mWith Search Highlight
[22m[39m[Mock AuthContext] Providing auth: {
  "error": undefined,
  "isLoading": false,
  "session": {
    "idToken": {
      "toString": [Function toString],
    },
    "identityId": "us-east-1:mock-identity-123",
    "username": "mock-user-sub",
  },
  "user": {
    "attributes": {
      "email": "alice@example.com",
      "name": "Alice Student",
      "sub": "mock-user-sub",
    },
  },
}
[90mstdout[2m | src/components/QuestionsReview2.stories.tsx[2m > [22m[2mWith Search Highlight
[22m[39m[Mock Data] generateClient() called - returning mock client
[90mstdout[2m | src/components/QuestionsReview2.stories.tsx[2m > [22m[2mWith Search Highlight
[22m[39m[Mock amplifyClient] getAmplifyClient() called - returning mock client
[90mstdout[2m | src/components/QuestionsReview2.stories.tsx[2m > [22m[2mWith Search Highlight
[22m[39m[MOCK CourseVectorStore] Initialized with mock data
[90mstdout[2m | src/components/QuestionsReview2.stories.tsx[2m > [22m[2mWith Search Highlight
[22m[39m[TranslationModeController] Setting mode to: off
[90mstdout[2m | src/components/QuestionsReview2.stories.tsx[2m > [22m[2mWith Search Highlight
[22m[39m[SectionContext] useEffect triggered {
  "authLoading": false,
  "hasUser": true,
  "userSub": "mock-user-sub",
}
[90mstdout[2m | src/components/QuestionsReview2.stories.tsx[2m > [22m[2mWith Search Highlight
[22m[39m[SectionContext] Fetching sections for userId: mock-user-sub
[90mstdout[2m | src/components/QuestionsReview2.stories.tsx[2m > [22m[2mWith Search Highlight
[22m[39m[Mock Data] generateClient() called - returning mock client
[90mstdout[2m | src/components/QuestionsReview2.stories.tsx[2m > [22m[2mWith Search Highlight
[22m[39m[Mock amplifyClient] getAmplifyClient() called - returning mock client
[90mstdout[2m | src/components/QuestionsReview2.stories.tsx[2m > [22m[2mWith Search Highlight
[22m[39m[Mock Data] Section.list() called with options: undefined
[90mstdout[2m | src/components/QuestionsReview2.stories.tsx[2m > [22m[2mWith Search Highlight
[22m[39m[Mock Data] generateClient() called - returning mock client
[90mstdout[2m | src/components/QuestionsReview2.stories.tsx[2m > [22m[2mWith Search Highlight
[22m[39m[Mock amplifyClient] getAmplifyClient() called - returning mock client
[90mstdout[2m | src/components/QuestionsReview2.stories.tsx[2m > [22m[2mWith Search Highlight
[22m[39m[Mock Data] Assignment.list() called with options: {
  "filter": {
    "unitID": {
      "eq": "mock-unit-1",
    },
  },
}
[90mstdout[2m | src/components/QuestionsReview2.stories.tsx[2m > [22m[2mWith Search Highlight
[22m[39m[Mock Data] generateClient() called - returning mock client
[90mstdout[2m | src/components/QuestionsReview2.stories.tsx[2m > [22m[2mWith Search Highlight
[22m[39m[Mock amplifyClient] getAmplifyClient() called - returning mock client
[90mstdout[2m | src/components/QuestionsReview2.stories.tsx[2m > [22m[2mWith Search Highlight
[22m[39m[Mock Data] Grade.observeQuery() called with filter: {
  "filter": {
    "unitID": {
      "eq": "mock-unit-1",
    },
  },
}
[90mstdout[2m | src/components/QuestionsReview2.stories.tsx[2m > [22m[2mWith Search Highlight
[22m[39m[Mock Data] Grade.observeQuery() applying filter: {
  "unitID": {
    "eq": "mock-unit-1",
  },
}
[90mstdout[2m | src/components/QuestionsReview2.stories.tsx[2m > [22m[2mWith Search Highlight
[22m[39m[Mock Data] Grade.observeQuery() items before filter: 0
[90mstdout[2m | src/components/QuestionsReview2.stories.tsx[2m > [22m[2mWith Search Highlight
[22m[39m[Mock Data] Grade.observeQuery() items after filter: 0
[90mstdout[2m | src/components/QuestionsReview2.stories.tsx[2m > [22m[2mWith Search Highlight
[22m[39m[Mock Data] Grade.observeQuery() returning 0 items (filter applied) {
  "filter": {
    "unitID": {
      "eq": "mock-unit-1",
    },
  },
}
[90mstdout[2m | src/components/QuestionsReview2.stories.tsx[2m > [22m[2mWith Search Highlight
[22m[39m[Mock Data] Grade subscription added. Total subscriptions: 1
[90mstdout[2m | src/components/QuestionsReview2.stories.tsx[2m > [22m[2mWith Search Highlight
[22m[39m[UnitContext] useEffect triggered {
  "authLoading": false,
  "hasUser": true,
  "id": "mock-unit-1",
  "userSub": "mock-user-sub",
}
[90mstdout[2m | src/components/QuestionsReview2.stories.tsx[2m > [22m[2mWith Search Highlight
[22m[39m[UnitContext] Fetching unit data for id: mock-unit-1
[90mstdout[2m | src/components/QuestionsReview2.stories.tsx[2m > [22m[2mWith Search Highlight
[22m[39m[Mock Data] generateClient() called - returning mock client
[90mstdout[2m | src/components/QuestionsReview2.stories.tsx[2m > [22m[2mWith Search Highlight
[22m[39m[Mock amplifyClient] getAmplifyClient() called - returning mock client
[90mstdout[2m | src/components/QuestionsReview2.stories.tsx[2m > [22m[2mWith Search Highlight
[22m[39m[Mock Data] Unit.observeQuery() called with filter: {
  "filter": {
    "id": {
      "eq": "mock-unit-1",
    },
  },
}
[90mstdout[2m | src/components/QuestionsReview2.stories.tsx[2m > [22m[2mWith Search Highlight
[22m[39m[Mock Data] Unit.observeQuery() applying filter: {
  "id": {
    "eq": "mock-unit-1",
  },
}
[90mstdout[2m | src/components/QuestionsReview2.stories.tsx[2m > [22m[2mWith Search Highlight
[22m[39m[Mock Data] Unit.observeQuery() items before filter: 0
[90mstdout[2m | src/components/QuestionsReview2.stories.tsx[2m > [22m[2mWith Search Highlight
[22m[39m[Mock Data] Unit.observeQuery() items after filter: 0
[90mstdout[2m | src/components/QuestionsReview2.stories.tsx[2m > [22m[2mWith Search Highlight
[22m[39m[Mock Data] Unit.observeQuery() returning 0 items (filter applied) {
  "filter": {
    "id": {
      "eq": "mock-unit-1",
    },
  },
}
[90mstdout[2m | src/components/QuestionsReview2.stories.tsx[2m > [22m[2mWith Search Highlight
[22m[39m[Mock Data] Unit subscription added. Total subscriptions: 1
[90mstdout[2m | src/components/QuestionsReview2.stories.tsx[2m > [22m[2mWith Search Highlight
[22m[39m[Mock Data] generateClient() called - returning mock client
[90mstdout[2m | src/components/QuestionsReview2.stories.tsx[2m > [22m[2mWith Search Highlight
[22m[39m[Mock amplifyClient] getAmplifyClient() called - returning mock client
[90mstdout[2m | src/components/QuestionsReview2.stories.tsx[2m > [22m[2mWith Search Highlight
[22m[39m[Mock Data] Word.observeQuery() called with filter: undefined
[90mstdout[2m | src/components/QuestionsReview2.stories.tsx[2m > [22m[2mWith Search Highlight
[22m[39m[Mock Data] Word.observeQuery() returning 0 items (filter applied) undefined
[90mstdout[2m | src/components/QuestionsReview2.stories.tsx[2m > [22m[2mWith Search Highlight
[22m[39m[Mock Data] Word subscription added. Total subscriptions: 1
[90mstdout[2m | src/components/QuestionsReview2.stories.tsx[2m > [22m[2mWith Search Highlight
[22m[39m[Mock Data] generateClient() called - returning mock client
[90mstdout[2m | src/components/QuestionsReview2.stories.tsx[2m > [22m[2mWith Search Highlight
[22m[39m[Mock amplifyClient] getAmplifyClient() called - returning mock client
[90mstdout[2m | src/components/QuestionsReview2.stories.tsx[2m > [22m[2mWith Search Highlight
[22m[39m[Mock Data] Question.observeQuery() called with filter: undefined
[90mstdout[2m | src/components/QuestionsReview2.stories.tsx[2m > [22m[2mWith Search Highlight
[22m[39m[Mock Data] Question.observeQuery() returning 0 items (filter applied) undefined
[90mstdout[2m | src/components/QuestionsReview2.stories.tsx[2m > [22m[2mWith Search Highlight
[22m[39m[Mock Data] Question subscription added. Total subscriptions: 1
[90mstdout[2m | src/components/QuestionsReview2.stories.tsx[2m > [22m[2mWith Search Highlight
[22m[39m[FilesContext] Initializing vector store from IndexedDB
[90mstdout[2m | src/components/QuestionsReview2.stories.tsx[2m > [22m[2mWith Search Highlight
[22m[39m[FilesContext] fetchFiles called
[90mstdout[2m | src/components/QuestionsReview2.stories.tsx[2m > [22m[2mWith Search Highlight
[22m[39m[FilesContext] User authenticated: mock-user-sub
[90mstdout[2m | src/components/QuestionsReview2.stories.tsx[2m > [22m[2mWith Search Highlight
[22m[39m[FilesContext] Identity ID: us-east-1:mock-identity-123
[90mstdout[2m | src/components/QuestionsReview2.stories.tsx[2m > [22m[2mWith Search Highlight
[22m[39m[FilesContext] About to subscribe to File model
[90mstdout[2m | src/components/QuestionsReview2.stories.tsx[2m > [22m[2mWith Search Highlight
[22m[39m[Mock Data] generateClient() called - returning mock client
[90mstdout[2m | src/components/QuestionsReview2.stories.tsx[2m > [22m[2mWith Search Highlight
[22m[39m[Mock amplifyClient] getAmplifyClient() called - returning mock client
[90mstdout[2m | src/components/QuestionsReview2.stories.tsx[2m > [22m[2mWith Search Highlight
[22m[39m[Mock Data] File.observeQuery() called with filter: undefined
[90mstdout[2m | src/components/QuestionsReview2.stories.tsx[2m > [22m[2mWith Search Highlight
[22m[39m[Mock Data] File.observeQuery() returning 0 items (filter applied) undefined
[90mstdout[2m | src/components/QuestionsReview2.stories.tsx[2m > [22m[2mWith Search Highlight
[22m[39m[Mock Data] File subscription added. Total subscriptions: 1
[90mstdout[2m | src/components/QuestionsReview2.stories.tsx[2m > [22m[2mWith Search Highlight
[22m[39m[Mock Data] generateClient() called - returning mock client
[90mstdout[2m | src/components/QuestionsReview2.stories.tsx[2m > [22m[2mWith Search Highlight
[22m[39m[Mock amplifyClient] getAmplifyClient() called - returning mock client
[90mstdout[2m | src/components/QuestionsReview2.stories.tsx[2m > [22m[2mWith Search Highlight
[22m[39m[Mock Data] Document.observeQuery() called with filter: undefined
[90mstdout[2m | src/components/QuestionsReview2.stories.tsx[2m > [22m[2mWith Search Highlight
[22m[39m[Mock Data] Document.observeQuery() returning 1 items (filter applied) undefined
[90mstdout[2m | src/components/QuestionsReview2.stories.tsx[2m > [22m[2mWith Search Highlight
[22m[39m[Mock Data] Document subscription added. Total subscriptions: 1
[90mstdout[2m | src/components/QuestionsReview2.stories.tsx[2m > [22m[2mWith Search Highlight
[22m[39m[ChatContext] Setting up observeQuery for AssistantChat
[90mstdout[2m | src/components/QuestionsReview2.stories.tsx[2m > [22m[2mWith Search Highlight
[22m[39m[Mock Data] AssistantChat.observeQuery() called with filter: {
  "sortDirection": "DESC",
  "sortField": "createdAt",
}
[90mstdout[2m | src/components/QuestionsReview2.stories.tsx[2m > [22m[2mWith Search Highlight
[22m[39m[Mock Data] AssistantChat.observeQuery() returning 0 items (filter applied) {
  "sortDirection": "DESC",
  "sortField": "createdAt",
}
[90mstdout[2m | src/components/QuestionsReview2.stories.tsx[2m > [22m[2mWith Search Highlight
[22m[39m[Mock Data] AssistantChat subscription added. Total subscriptions: 1
[90mstdout[2m | src/components/QuestionsReview2.stories.tsx[2m > [22m[2mWith Search Highlight
[22m[39m[ChatContext] Waiting for subscription to initialize
[90mstdout[2m | src/components/QuestionsReview2.stories.tsx[2m > [22m[2mWith Search Highlight
[22m[39m[SettingsContext] Setting up Settings subscription for user: mock-user-sub
[90mstdout[2m | src/components/QuestionsReview2.stories.tsx[2m > [22m[2mWith Search Highlight
[22m[39m[Mock Data] generateClient() called - returning mock client
[90mstdout[2m | src/components/QuestionsReview2.stories.tsx[2m > [22m[2mWith Search Highlight
[22m[39m[Mock amplifyClient] getAmplifyClient() called - returning mock client
[90mstdout[2m | src/components/QuestionsReview2.stories.tsx[2m > [22m[2mWith Search Highlight
[22m[39m[Mock Data] Settings.observeQuery() called with filter: undefined
[90mstdout[2m | src/components/QuestionsReview2.stories.tsx[2m > [22m[2mWith Search Highlight
[22m[39m[Mock Data] Settings.observeQuery() returning 0 items (filter applied) undefined
[90mstdout[2m | src/components/QuestionsReview2.stories.tsx[2m > [22m[2mWith Search Highlight
[22m[39m[Mock Data] Settings subscription added. Total subscriptions: 1
[90mstdout[2m | src/components/QuestionsReview2.stories.tsx[2m > [22m[2mWith Search Highlight
[22m[39m[SectionContext] Initial sections: 0 []
[90mstdout[2m | src/components/QuestionsReview2.stories.tsx[2m > [22m[2mWith Search Highlight
[22m[39m[Mock Data] Section.onCreate() called with filter: undefined
[90mstdout[2m | src/components/QuestionsReview2.stories.tsx[2m > [22m[2mWith Search Highlight
[22m[39m[Mock Data] Section.onCreate() subscription added. Total: 1
[90mstdout[2m | src/components/QuestionsReview2.stories.tsx[2m > [22m[2mWith Search Highlight
[22m[39m[Mock Data] Section.onUpdate() called with filter: undefined
[90mstdout[2m | src/components/QuestionsReview2.stories.tsx[2m > [22m[2mWith Search Highlight
[22m[39m[Mock Data] Section.onUpdate() subscription added. Total: 1
[90mstdout[2m | src/components/QuestionsReview2.stories.tsx[2m > [22m[2mWith Search Highlight
[22m[39m[Mock Data] Section.onDelete() called with filter: undefined
[90mstdout[2m | src/components/QuestionsReview2.stories.tsx[2m > [22m[2mWith Search Highlight
[22m[39m[Mock Data] Section.onDelete() subscription added. Total: 1
[90mstdout[2m | src/components/QuestionsReview2.stories.tsx[2m > [22m[2mWith Search Highlight
[22m[39m[Mock Data] Assignment.onCreate() called with filter: {
  "filter": {
    "unitID": {
      "eq": "mock-unit-1",
    },
  },
}
[90mstdout[2m | src/components/QuestionsReview2.stories.tsx[2m > [22m[2mWith Search Highlight
[22m[39m[Mock Data] Assignment.onCreate() subscription added. Total: 1
[90mstdout[2m | src/components/QuestionsReview2.stories.tsx[2m > [22m[2mWith Search Highlight
[22m[39m[Mock Data] Assignment.onUpdate() called with filter: {
  "filter": {
    "unitID": {
      "eq": "mock-unit-1",
    },
  },
}
[90mstdout[2m | src/components/QuestionsReview2.stories.tsx[2m > [22m[2mWith Search Highlight
[22m[39m[Mock Data] Assignment.onUpdate() subscription added. Total: 1
[90mstdout[2m | src/components/QuestionsReview2.stories.tsx[2m > [22m[2mWith Search Highlight
[22m[39m[Mock Data] Assignment.onDelete() called with filter: {
  "filter": {
    "unitID": {
      "eq": "mock-unit-1",
    },
  },
}
[90mstdout[2m | src/components/QuestionsReview2.stories.tsx[2m > [22m[2mWith Search Highlight
[22m[39m[Mock Data] Assignment.onDelete() subscription added. Total: 1
[90mstdout[2m | src/components/QuestionsReview2.stories.tsx[2m > [22m[2mWith Search Highlight
[22m[39m[FilesContext] File observeQuery subscription triggered:
[90mstdout[2m | src/components/QuestionsReview2.stories.tsx[2m > [22m[2mWith Search Highlight
[22m[39m  - items.length: 0
[90mstdout[2m | src/components/QuestionsReview2.stories.tsx[2m > [22m[2mWith Search Highlight
[22m[39m  - isSynced: true
[90mstdout[2m | src/components/QuestionsReview2.stories.tsx[2m > [22m[2mWith Search Highlight
[22m[39m  - items: []
[90mstdout[2m | src/components/QuestionsReview2.stories.tsx[2m > [22m[2mWith Search Highlight
[22m[39m[FilesContext] Document count changed: 0 → 1
[90mstdout[2m | src/components/QuestionsReview2.stories.tsx[2m > [22m[2mWith Search Highlight
[22m[39m[MOCK CourseVectorStore] Initialized with mock data
[90mstdout[2m | src/components/QuestionsReview2.stories.tsx[2m > [22m[2mWith Search Highlight
[22m[39m[useTranslationWithCapture] t() called: {
  "key": "questionsReview.loading",
  "mode": "off",
  "namespace": "components",
  "value": "Loading questions...",
}
[90mstdout[2m | src/components/QuestionsReview2.stories.tsx[2m > [22m[2mWith Search Highlight
[22m[39m[ChatContext] AssistantChat query update: 0 items (synced)
[90mstdout[2m | src/components/QuestionsReview2.stories.tsx[2m > [22m[2mWith Search Highlight
[22m[39m[ChatContext] AssistantChat subscription initialized
[90mstdout[2m | src/components/QuestionsReview2.stories.tsx[2m > [22m[2mWith Search Highlight
[22m[39m[ChatContext] AssistantChat list updated: 0 chats
[90mstdout[2m | src/components/QuestionsReview2.stories.tsx[2m > [22m[2mWith Search Highlight
[22m[39m[Mock Data] Settings.create() called with: {
  "assistantVoice": "shimmer",
  "autoAnalyzeDocuments": true,
  "defaultAIModel": "gpt-4",
  "documentAnalysisModel": "gpt-4",
  "editorFontSize": 14,
  "editorTheme": "auto",
  "emailNotifications": true,
  "language": "en",
  "webhookNotifications": false,
}
[90mstdout[2m | src/components/QuestionsReview2.stories.tsx[2m > [22m[2mWith Search Highlight
[22m[39m[Mock Data] Settings created: mock-settings-1776336984100 - notified 1 subscribers
[90mstdout[2m | src/components/QuestionsReview2.stories.tsx[2m > [22m[2mWith Search Highlight
[22m[39m[Mock Data] generateClient() called - returning mock client
[90mstdout[2m | src/components/QuestionsReview2.stories.tsx[2m > [22m[2mWith Search Highlight
[22m[39m[Mock amplifyClient] getAmplifyClient() called - returning mock client
[90mstdout[2m | src/components/QuestionsReview2.stories.tsx[2m > [22m[2mWith Search Highlight
[22m[39m[Mock Data] Document.get() called with id: mock-doc-1
[90mstdout[2m | src/components/QuestionsReview2.stories.tsx[2m > [22m[2mWith Search Highlight
[22m[39m[Mock Data] generateClient() called - returning mock client
[90mstdout[2m | src/components/QuestionsReview2.stories.tsx[2m > [22m[2mWith Search Highlight
[22m[39m[Mock amplifyClient] getAmplifyClient() called - returning mock client
[90mstdout[2m | src/components/QuestionsReview2.stories.tsx[2m > [22m[2mWith Search Highlight
[22m[39m[Mock Data] ParsedContent.observeQuery() called with filter: undefined
[90mstdout[2m | src/components/QuestionsReview2.stories.tsx[2m > [22m[2mWith Search Highlight
[22m[39m[Mock Data] ParsedContent.observeQuery() returning 1 items (filter applied) undefined
[90mstdout[2m | src/components/QuestionsReview2.stories.tsx[2m > [22m[2mWith Search Highlight
[22m[39m[Mock Data] ParsedContent subscription added. Total subscriptions: 1
[90mstdout[2m | src/components/QuestionsReview2.stories.tsx[2m > [22m[2mWith Search Highlight
[22m[39m[ChatContext] No chats found, clearing current chat - new one will be created
[90mstdout[2m | src/components/QuestionsReview2.stories.tsx[2m > [22m[2mWith Search Highlight
[22m[39m[Mock Data] ParsedContent.list() called with options: {
  "filter": {
    "documentID": {
      "eq": "mock-doc-1",
    },
  },
}
[90mstdout[2m | src/components/QuestionsReview2.stories.tsx[2m > [22m[2mWith Search Highlight
[22m[39m[ChatContext] No current chat available, will create one
[90mstdout[2m | src/components/QuestionsReview2.stories.tsx[2m > [22m[2mWith Search Highlight
[22m[39m[ChatContext] Creating AssistantChat with user: undefined
[90mstdout[2m | src/components/QuestionsReview2.stories.tsx[2m > [22m[2mWith Search Highlight
[22m[39m[Mock Data] AssistantChat.create() called with: {
  "archived": false,
  "model": "gpt-4",
}
[90mstdout[2m | src/components/QuestionsReview2.stories.tsx[2m > [22m[2mWith Search Highlight
[22m[39m[Mock Data] AssistantChat created: mock-assistantchat-1776336984110 - notified 1 subscribers
[90mstdout[2m | src/components/QuestionsReview2.stories.tsx[2m > [22m[2mWith Search Highlight
[22m[39m[useTranslationWithCapture] t() called: {
  "key": "questionsReview.sectionHeading",
  "mode": "off",
  "namespace": "components",
  "value": "Questions Review",
}
[90mstdout[2m | src/components/QuestionsReview2.stories.tsx[2m > [22m[2mWith Search Highlight
[22m[39m[useTranslationWithCapture] t() called: {
  "key": "questionsReview.from",
  "mode": "off",
  "namespace": "components",
  "value": "From",
}
[90mstdout[2m | src/components/QuestionsReview2.stories.tsx[2m > [22m[2mWith Search Highlight
[22m[39m[useTranslationWithCapture] t() called: {
  "key": "questionsReview.pages",
  "mode": "off",
  "namespace": "components",
  "value": "pages",
}
[90mstdout[2m | src/components/QuestionsReview2.stories.tsx[2m > [22m[2mWith Search Highlight
[22m[39m[useTranslationWithCapture] t() called: {
  "key": "questionsReview.filteringBySearch",
  "mode": "off",
  "namespace": "components",
  "value": "Filtering by search: "photosynthesis" (3 of 3 items)",
}
[90mstdout[2m | src/components/QuestionsReview2.stories.tsx[2m > [22m[2mWith Search Highlight
[22m[39m[useTranslationWithCapture] t() called: {
  "key": "questionsReview.deselectAll",
  "mode": "off",
  "namespace": "components",
  "value": "Deselect All",
}
[90mstdout[2m | src/components/QuestionsReview2.stories.tsx[2m > [22m[2mWith Search Highlight
[22m[39m[useTranslationWithCapture] t() called: {
  "key": "questionsReview.selectedCount",
  "mode": "off",
  "namespace": "components",
  "value": "3 of 3 selected",
}
[90mstdout[2m | src/components/QuestionsReview2.stories.tsx[2m > [22m[2mWith Search Highlight
[22m[39m[useTranslationWithCapture] t() called: {
  "key": "questionsReview.importToQuestionBank",
  "mode": "off",
  "namespace": "components",
  "value": "Import to Question Bank",
}
[90mstdout[2m | src/components/QuestionsReview2.stories.tsx[2m > [22m[2mWith Search Highlight
[22m[39m[useTranslationWithCapture] t() called: {
  "key": "questionsReview.sectionHeading",
  "mode": "off",
  "namespace": "components",
  "value": "Questions Review",
}
[90mstdout[2m | src/components/QuestionsReview2.stories.tsx[2m > [22m[2mWith Search Highlight
[22m[39m[useTranslationWithCapture] t() called: {
  "key": "questionsReview.from",
  "mode": "off",
  "namespace": "components",
  "value": "From",
}
[90mstdout[2m | src/components/QuestionsReview2.stories.tsx[2m > [22m[2mWith Search Highlight
[22m[39m[useTranslationWithCapture] t() called: {
  "key": "questionsReview.pages",
  "mode": "off",
  "namespace": "components",
  "value": "pages",
}
[90mstdout[2m | src/components/QuestionsReview2.stories.tsx[2m > [22m[2mWith Search Highlight
[22m[39m[useTranslationWithCapture] t() called: {
  "key": "questionsReview.filteringBySearch",
  "mode": "off",
  "namespace": "components",
  "value": "Filtering by search: "photosynthesis" (3 of 3 items)",
}
[90mstdout[2m | src/components/QuestionsReview2.stories.tsx[2m > [22m[2mWith Search Highlight
[22m[39m[useTranslationWithCapture] t() called: {
  "key": "questionsReview.deselectAll",
  "mode": "off",
  "namespace": "components",
  "value": "Deselect All",
}
[90mstdout[2m | src/components/QuestionsReview2.stories.tsx[2m > [22m[2mWith Search Highlight
[22m[39m[useTranslationWithCapture] t() called: {
  "key": "questionsReview.selectedCount",
  "mode": "off",
  "namespace": "components",
  "value": "3 of 3 selected",
}
[90mstdout[2m | src/components/QuestionsReview2.stories.tsx[2m > [22m[2mWith Search Highlight
[22m[39m[useTranslationWithCapture] t() called: {
  "key": "questionsReview.importToQuestionBank",
  "mode": "off",
  "namespace": "components",
  "value": "Import to Question Bank",
}
[90mstdout[2m | src/components/QuestionsReview2.stories.tsx[2m > [22m[2mWith Search Highlight
[22m[39m[useTranslationWithCapture] t() called: {
  "key": "questionsReview.sectionHeading",
  "mode": "off",
  "namespace": "components",
  "value": "Questions Review",
}
[90mstdout[2m | src/components/QuestionsReview2.stories.tsx[2m > [22m[2mWith Search Highlight
[22m[39m[useTranslationWithCapture] t() called: {
  "key": "questionsReview.from",
  "mode": "off",
  "namespace": "components",
  "value": "From",
}
[90mstdout[2m | src/components/QuestionsReview2.stories.tsx[2m > [22m[2mWith Search Highlight
[22m[39m[useTranslationWithCapture] t() called: {
  "key": "questionsReview.pages",
  "mode": "off",
  "namespace": "components",
  "value": "pages",
}
[90mstdout[2m | src/components/QuestionsReview2.stories.tsx[2m > [22m[2mWith Search Highlight
[22m[39m[useTranslationWithCapture] t() called: {
  "key": "questionsReview.filteringBySearch",
  "mode": "off",
  "namespace": "components",
  "value": "Filtering by search: "photosynthesis" (3 of 3 items)",
}
[90mstdout[2m | src/components/QuestionsReview2.stories.tsx[2m > [22m[2mWith Search Highlight
[22m[39m[useTranslationWithCapture] t() called: {
  "key": "questionsReview.deselectAll",
  "mode": "off",
  "namespace": "components",
  "value": "Deselect All",
}
[90mstdout[2m | src/components/QuestionsReview2.stories.tsx[2m > [22m[2mWith Search Highlight
[22m[39m[useTranslationWithCapture] t() called: {
  "key": "questionsReview.selectedCount",
  "mode": "off",
  "namespace": "components",
  "value": "3 of 3 selected",
}
[90mstdout[2m | src/components/QuestionsReview2.stories.tsx[2m > [22m[2mWith Search Highlight
[22m[39m[useTranslationWithCapture] t() called: {
  "key": "questionsReview.importToQuestionBank",
  "mode": "off",
  "namespace": "components",
  "value": "Import to Question Bank",
}
[90mstdout[2m | src/components/QuestionsReview2.stories.tsx[2m > [22m[2mWith Search Highlight
[22m[39m[ChatContext] Create result: {
  "data": {
    "_version": 1,
    "archived": false,
    "chatFiles": [Function anonymous],
    "createdAt": "2026-04-16T10:56:24.110Z",
    "id": "mock-assistantchat-1776336984110",
    "model": "gpt-4",
    "updatedAt": "2026-04-16T10:56:24.110Z",
  },
  "errors": [],
  "hasData": true,
  "hasErrors": true,
}
[90mstdout[2m | src/components/QuestionsReview2.stories.tsx[2m > [22m[2mWith Search Highlight
[22m[39m[ChatContext] Created AssistantChat: mock-assistantchat-1776336984110 at: 2026-04-16T10:56:24.110Z
[90mstdout[2m | src/components/QuestionsReview2.stories.tsx[2m > [22m[2mWith Search Highlight
[22m[39m[ChatContext] AssistantChat query update: 1 items (synced)
[90mstdout[2m | src/components/QuestionsReview2.stories.tsx[2m > [22m[2mWith Search Highlight
[22m[39m[ChatContext] First item details: {
  "id": "mock-assistantchat-1776336984110",
  "updatedAt": "2026-04-16T10:56:24.110Z",
}
[90mstdout[2m | src/components/QuestionsReview2.stories.tsx[2m > [22m[2mWith Search Highlight
[22m[39m[ChatContext] AssistantChat list updated: 1 chats
[90mstdout[2m | src/components/QuestionsReview2.stories.tsx[2m > [22m[2mWith Search Highlight
[22m[39m[ChatContext] Setting initial chat: mock-assistantchat-1776336984110
[90mstdout[2m | src/components/QuestionsReview2.stories.tsx[2m > [22m[2mWith Search Highlight
[22m[39m[Mock Data] generateClient() called - returning mock client
[90mstdout[2m | src/components/QuestionsReview2.stories.tsx[2m > [22m[2mWith Search Highlight
[22m[39m[Mock amplifyClient] getAmplifyClient() called - returning mock client
[90mstdout[2m | src/components/QuestionsReview2.stories.tsx[2m > [22m[2mWith Search Highlight
[22m[39m[Mock Data] Document.get() called with id: mock-doc-1
[90mstdout[2m | src/components/QuestionsReview2.stories.tsx[2m > [22m[2mWith Search Highlight
[22m[39m[Mock Data] ParsedContent.list() called with options: {
  "filter": {
    "documentID": {
      "eq": "mock-doc-1",
    },
  },
}
[90mstdout[2m | src/components/QuestionsReview2.stories.tsx[2m > [22m[2mWith Search Highlight
[22m[39m[ChatContext] Chat exists and not archived, skipping creation
[90mstdout[2m | src/components/QuestionsReview2.stories.tsx[2m > [22m[2mWith Search Highlight
[22m[39m[useTranslationWithCapture] t() called: {
  "key": "questionsReview.sectionHeading",
  "mode": "off",
  "namespace": "components",
  "value": "Questions Review",
}
[90mstdout[2m | src/components/QuestionsReview2.stories.tsx[2m > [22m[2mWith Search Highlight
[22m[39m[useTranslationWithCapture] t() called: {
  "key": "questionsReview.from",
  "mode": "off",
  "namespace": "components",
  "value": "From",
}
[90mstdout[2m | src/components/QuestionsReview2.stories.tsx[2m > [22m[2mWith Search Highlight
[22m[39m[useTranslationWithCapture] t() called: {
  "key": "questionsReview.pages",
  "mode": "off",
  "namespace": "components",
  "value": "pages",
}
[90mstdout[2m | src/components/QuestionsReview2.stories.tsx[2m > [22m[2mWith Search Highlight
[22m[39m[useTranslationWithCapture] t() called: {
  "key": "questionsReview.filteringBySearch",
  "mode": "off",
  "namespace": "components",
  "value": "Filtering by search: "photosynthesis" (3 of 3 items)",
}
[90mstdout[2m | src/components/QuestionsReview2.stories.tsx[2m > [22m[2mWith Search Highlight
[22m[39m[useTranslationWithCapture] t() called: {
  "key": "questionsReview.deselectAll",
  "mode": "off",
  "namespace": "components",
  "value": "Deselect All",
}
[90mstdout[2m | src/components/QuestionsReview2.stories.tsx[2m > [22m[2mWith Search Highlight
[22m[39m[useTranslationWithCapture] t() called: {
  "key": "questionsReview.selectedCount",
  "mode": "off",
  "namespace": "components",
  "value": "3 of 3 selected",
}
[90mstdout[2m | src/components/QuestionsReview2.stories.tsx[2m > [22m[2mWith Search Highlight
[22m[39m[useTranslationWithCapture] t() called: {
  "key": "questionsReview.importToQuestionBank",
  "mode": "off",
  "namespace": "components",
  "value": "Import to Question Bank",
}
[90mstdout[2m | src/components/QuestionsReview2.stories.tsx[2m > [22m[2mLarge List
[22m[39m[Mock Data] Settings subscription unsubscribed. Remaining: 0
[90mstdout[2m | src/components/QuestionsReview2.stories.tsx[2m > [22m[2mLarge List
[22m[39m[ChatContext] Cleaning up subscription
[90mstdout[2m | src/components/QuestionsReview2.stories.tsx[2m > [22m[2mLarge List
[22m[39m[Mock Data] AssistantChat subscription unsubscribed. Remaining: 0
[90mstdout[2m | src/components/QuestionsReview2.stories.tsx[2m > [22m[2mLarge List
[22m[39m[Mock Data] File subscription unsubscribed. Remaining: 0
[90mstdout[2m | src/components/QuestionsReview2.stories.tsx[2m > [22m[2mLarge List
[22m[39m[Mock Data] Document subscription unsubscribed. Remaining: 0
[90mstdout[2m | src/components/QuestionsReview2.stories.tsx[2m > [22m[2mLarge List
[22m[39m[Mock Data] Word subscription unsubscribed. Remaining: 0
[90mstdout[2m | src/components/QuestionsReview2.stories.tsx[2m > [22m[2mLarge List
[22m[39m[Mock Data] Question subscription unsubscribed. Remaining: 0
[90mstdout[2m | src/components/QuestionsReview2.stories.tsx[2m > [22m[2mLarge List
[22m[39m[Mock Data] Grade subscription unsubscribed. Remaining: 0
[90mstdout[2m | src/components/QuestionsReview2.stories.tsx[2m > [22m[2mLarge List
[22m[39m[Mock Data] Unit subscription unsubscribed. Remaining: 0
[90mstdout[2m | src/components/QuestionsReview2.stories.tsx[2m > [22m[2mLarge List
[22m[39m[SectionContext] Cleaning up subscriptions
[90mstdout[2m | src/components/QuestionsReview2.stories.tsx[2m > [22m[2mLarge List
[22m[39m[Mock Data] Section.onCreate() subscription removed. Remaining: 0
[90mstdout[2m | src/components/QuestionsReview2.stories.tsx[2m > [22m[2mLarge List
[22m[39m[Mock Data] Section.onUpdate() subscription removed. Remaining: 0
[90mstdout[2m | src/components/QuestionsReview2.stories.tsx[2m > [22m[2mLarge List
[22m[39m[Mock Data] Section.onDelete() subscription removed. Remaining: 0
[90mstdout[2m | src/components/QuestionsReview2.stories.tsx[2m > [22m[2mLarge List
[22m[39m[Mock Data] Assignment.onCreate() subscription removed. Remaining: 0
[90mstdout[2m | src/components/QuestionsReview2.stories.tsx[2m > [22m[2mLarge List
[22m[39m[Mock Data] Assignment.onUpdate() subscription removed. Remaining: 0
[90mstdout[2m | src/components/QuestionsReview2.stories.tsx[2m > [22m[2mLarge List
[22m[39m[Mock Data] Assignment.onDelete() subscription removed. Remaining: 0
[90mstdout[2m | src/components/QuestionsReview2.stories.tsx[2m > [22m[2mLarge List
[22m[39m[Mock Data] ParsedContent subscription unsubscribed. Remaining: 0
[90mstdout[2m | src/components/QuestionsReview2.stories.tsx[2m > [22m[2mLarge List
[22m[39m[Mock Data] Clearing all data stores
[90mstdout[2m | src/components/QuestionsReview2.stories.tsx[2m > [22m[2mLarge List
[22m[39m[Mock Data] All data stores cleared
[90mstdout[2m | src/components/QuestionsReview2.stories.tsx[2m > [22m[2mLarge List
[22m[39m[Preview] Cleared mock data for story
[90mstdout[2m | src/components/QuestionsReview2.stories.tsx[2m > [22m[2mLarge List
[22m[39m[Preview] Skipped initializing default mock data (initializeMockData=false)
[90mstdout[2m | src/components/QuestionsReview2.stories.tsx[2m > [22m[2mLarge List
[22m[39m[Mock Data] seedMockDocuments: Adding 1 documents
[90mstdout[2m | src/components/QuestionsReview2.stories.tsx[2m > [22m[2mLarge List
[22m[39m[Mock Data] seedMockParsedContent: Adding 1 parsed content records
[90mstdout[2m | src/components/QuestionsReview2.stories.tsx[2m > [22m[2mLarge List
[22m[39m[Mock AuthContext] Providing auth: {
  "error": undefined,
  "isLoading": false,
  "session": {
    "idToken": {
      "toString": [Function toString],
    },
    "identityId": "us-east-1:mock-identity-123",
    "username": "mock-user-sub",
  },
  "user": {
    "attributes": {
      "email": "alice@example.com",
      "name": "Alice Student",
      "sub": "mock-user-sub",
    },
  },
}
[90mstdout[2m | src/components/QuestionsReview2.stories.tsx[2m > [22m[2mLarge List
[22m[39m[Mock Data] generateClient() called - returning mock client
[90mstdout[2m | src/components/QuestionsReview2.stories.tsx[2m > [22m[2mLarge List
[22m[39m[Mock amplifyClient] getAmplifyClient() called - returning mock client
[90mstdout[2m | src/components/QuestionsReview2.stories.tsx[2m > [22m[2mLarge List
[22m[39m[MOCK CourseVectorStore] Initialized with mock data
[90mstdout[2m | src/components/QuestionsReview2.stories.tsx[2m > [22m[2mLarge List
[22m[39m[TranslationModeController] Setting mode to: off
[90mstdout[2m | src/components/QuestionsReview2.stories.tsx[2m > [22m[2mLarge List
[22m[39m[SectionContext] useEffect triggered {
  "authLoading": false,
  "hasUser": true,
  "userSub": "mock-user-sub",
}
[90mstdout[2m | src/components/QuestionsReview2.stories.tsx[2m > [22m[2mLarge List
[22m[39m[SectionContext] Fetching sections for userId: mock-user-sub
[90mstdout[2m | src/components/QuestionsReview2.stories.tsx[2m > [22m[2mLarge List
[22m[39m[Mock Data] generateClient() called - returning mock client
[90mstdout[2m | src/components/QuestionsReview2.stories.tsx[2m > [22m[2mLarge List
[22m[39m[Mock amplifyClient] getAmplifyClient() called - returning mock client
[90mstdout[2m | src/components/QuestionsReview2.stories.tsx[2m > [22m[2mLarge List
[22m[39m[Mock Data] Section.list() called with options: undefined
[90mstdout[2m | src/components/QuestionsReview2.stories.tsx[2m > [22m[2mLarge List
[22m[39m[Mock Data] generateClient() called - returning mock client
[90mstdout[2m | src/components/QuestionsReview2.stories.tsx[2m > [22m[2mLarge List
[22m[39m[Mock amplifyClient] getAmplifyClient() called - returning mock client
[90mstdout[2m | src/components/QuestionsReview2.stories.tsx[2m > [22m[2mLarge List
[22m[39m[Mock Data] Assignment.list() called with options: {
  "filter": {
    "unitID": {
      "eq": "mock-unit-1",
    },
  },
}
[90mstdout[2m | src/components/QuestionsReview2.stories.tsx[2m > [22m[2mLarge List
[22m[39m[Mock Data] generateClient() called - returning mock client
[90mstdout[2m | src/components/QuestionsReview2.stories.tsx[2m > [22m[2mLarge List
[22m[39m[Mock amplifyClient] getAmplifyClient() called - returning mock client
[90mstdout[2m | src/components/QuestionsReview2.stories.tsx[2m > [22m[2mLarge List
[22m[39m[Mock Data] Grade.observeQuery() called with filter: {
  "filter": {
    "unitID": {
      "eq": "mock-unit-1",
    },
  },
}
[90mstdout[2m | src/components/QuestionsReview2.stories.tsx[2m > [22m[2mLarge List
[22m[39m[Mock Data] Grade.observeQuery() applying filter: {
  "unitID": {
    "eq": "mock-unit-1",
  },
}
[90mstdout[2m | src/components/QuestionsReview2.stories.tsx[2m > [22m[2mLarge List
[22m[39m[Mock Data] Grade.observeQuery() items before filter: 0
[90mstdout[2m | src/components/QuestionsReview2.stories.tsx[2m > [22m[2mLarge List
[22m[39m[Mock Data] Grade.observeQuery() items after filter: 0
[90mstdout[2m | src/components/QuestionsReview2.stories.tsx[2m > [22m[2mLarge List
[22m[39m[Mock Data] Grade.observeQuery() returning 0 items (filter applied) {
  "filter": {
    "unitID": {
      "eq": "mock-unit-1",
    },
  },
}
[90mstdout[2m | src/components/QuestionsReview2.stories.tsx[2m > [22m[2mLarge List
[22m[39m[Mock Data] Grade subscription added. Total subscriptions: 1
[90mstdout[2m | src/components/QuestionsReview2.stories.tsx[2m > [22m[2mLarge List
[22m[39m[UnitContext] useEffect triggered {
  "authLoading": false,
  "hasUser": true,
  "id": "mock-unit-1",
  "userSub": "mock-user-sub",
}
[90mstdout[2m | src/components/QuestionsReview2.stories.tsx[2m > [22m[2mLarge List
[22m[39m[UnitContext] Fetching unit data for id: mock-unit-1
[90mstdout[2m | src/components/QuestionsReview2.stories.tsx[2m > [22m[2mLarge List
[22m[39m[Mock Data] generateClient() called - returning mock client
[90mstdout[2m | src/components/QuestionsReview2.stories.tsx[2m > [22m[2mLarge List
[22m[39m[Mock amplifyClient] getAmplifyClient() called - returning mock client
[90mstdout[2m | src/components/QuestionsReview2.stories.tsx[2m > [22m[2mLarge List
[22m[39m[Mock Data] Unit.observeQuery() called with filter: {
  "filter": {
    "id": {
      "eq": "mock-unit-1",
    },
  },
}
[90mstdout[2m | src/components/QuestionsReview2.stories.tsx[2m > [22m[2mLarge List
[22m[39m[Mock Data] Unit.observeQuery() applying filter: {
  "id": {
    "eq": "mock-unit-1",
  },
}
[90mstdout[2m | src/components/QuestionsReview2.stories.tsx[2m > [22m[2mLarge List
[22m[39m[Mock Data] Unit.observeQuery() items before filter: 0
[90mstdout[2m | src/components/QuestionsReview2.stories.tsx[2m > [22m[2mLarge List
[22m[39m[Mock Data] Unit.observeQuery() items after filter: 0
[90mstdout[2m | src/components/QuestionsReview2.stories.tsx[2m > [22m[2mLarge List
[22m[39m[Mock Data] Unit.observeQuery() returning 0 items (filter applied) {
  "filter": {
    "id": {
      "eq": "mock-unit-1",
    },
  },
}
[90mstdout[2m | src/components/QuestionsReview2.stories.tsx[2m > [22m[2mLarge List
[22m[39m[Mock Data] Unit subscription added. Total subscriptions: 1
[90mstdout[2m | src/components/QuestionsReview2.stories.tsx[2m > [22m[2mLarge List
[22m[39m[Mock Data] generateClient() called - returning mock client
[90mstdout[2m | src/components/QuestionsReview2.stories.tsx[2m > [22m[2mLarge List
[22m[39m[Mock amplifyClient] getAmplifyClient() called - returning mock client
[90mstdout[2m | src/components/QuestionsReview2.stories.tsx[2m > [22m[2mLarge List
[22m[39m[Mock Data] Word.observeQuery() called with filter: undefined
[90mstdout[2m | src/components/QuestionsReview2.stories.tsx[2m > [22m[2mLarge List
[22m[39m[Mock Data] Word.observeQuery() returning 0 items (filter applied) undefined
[90mstdout[2m | src/components/QuestionsReview2.stories.tsx[2m > [22m[2mLarge List
[22m[39m[Mock Data] Word subscription added. Total subscriptions: 1
[90mstdout[2m | src/components/QuestionsReview2.stories.tsx[2m > [22m[2mLarge List
[22m[39m[Mock Data] generateClient() called - returning mock client
[90mstdout[2m | src/components/QuestionsReview2.stories.tsx[2m > [22m[2mLarge List
[22m[39m[Mock amplifyClient] getAmplifyClient() called - returning mock client
[90mstdout[2m | src/components/QuestionsReview2.stories.tsx[2m > [22m[2mLarge List
[22m[39m[Mock Data] Question.observeQuery() called with filter: undefined
[90mstdout[2m | src/components/QuestionsReview2.stories.tsx[2m > [22m[2mLarge List
[22m[39m[Mock Data] Question.observeQuery() returning 0 items (filter applied) undefined
[90mstdout[2m | src/components/QuestionsReview2.stories.tsx[2m > [22m[2mLarge List
[22m[39m[Mock Data] Question subscription added. Total subscriptions: 1
[90mstdout[2m | src/components/QuestionsReview2.stories.tsx[2m > [22m[2mLarge List
[22m[39m[FilesContext] Initializing vector store from IndexedDB
[90mstdout[2m | src/components/QuestionsReview2.stories.tsx[2m > [22m[2mLarge List
[22m[39m[FilesContext] fetchFiles called
[90mstdout[2m | src/components/QuestionsReview2.stories.tsx[2m > [22m[2mLarge List
[22m[39m[FilesContext] User authenticated: mock-user-sub
[90mstdout[2m | src/components/QuestionsReview2.stories.tsx[2m > [22m[2mLarge List
[22m[39m[FilesContext] Identity ID: us-east-1:mock-identity-123
[90mstdout[2m | src/components/QuestionsReview2.stories.tsx[2m > [22m[2mLarge List
[22m[39m[FilesContext] About to subscribe to File model
[90mstdout[2m | src/components/QuestionsReview2.stories.tsx[2m > [22m[2mLarge List
[22m[39m[Mock Data] generateClient() called - returning mock client
[90mstdout[2m | src/components/QuestionsReview2.stories.tsx[2m > [22m[2mLarge List
[22m[39m[Mock amplifyClient] getAmplifyClient() called - returning mock client
[90mstdout[2m | src/components/QuestionsReview2.stories.tsx[2m > [22m[2mLarge List
[22m[39m[Mock Data] File.observeQuery() called with filter: undefined
[90mstdout[2m | src/components/QuestionsReview2.stories.tsx[2m > [22m[2mLarge List
[22m[39m[Mock Data] File.observeQuery() returning 0 items (filter applied) undefined
[90mstdout[2m | src/components/QuestionsReview2.stories.tsx[2m > [22m[2mLarge List
[22m[39m[Mock Data] File subscription added. Total subscriptions: 1
[90mstdout[2m | src/components/QuestionsReview2.stories.tsx[2m > [22m[2mLarge List
[22m[39m[Mock Data] generateClient() called - returning mock client
[90mstdout[2m | src/components/QuestionsReview2.stories.tsx[2m > [22m[2mLarge List
[22m[39m[Mock amplifyClient] getAmplifyClient() called - returning mock client
[90mstdout[2m | src/components/QuestionsReview2.stories.tsx[2m > [22m[2mLarge List
[22m[39m[Mock Data] Document.observeQuery() called with filter: undefined
[90mstdout[2m | src/components/QuestionsReview2.stories.tsx[2m > [22m[2mLarge List
[22m[39m[Mock Data] Document.observeQuery() returning 1 items (filter applied) undefined
[90mstdout[2m | src/components/QuestionsReview2.stories.tsx[2m > [22m[2mLarge List
[22m[39m[Mock Data] Document subscription added. Total subscriptions: 1
[90mstdout[2m | src/components/QuestionsReview2.stories.tsx[2m > [22m[2mLarge List
[22m[39m[ChatContext] Setting up observeQuery for AssistantChat
[90mstdout[2m | src/components/QuestionsReview2.stories.tsx[2m > [22m[2mLarge List
[22m[39m[Mock Data] AssistantChat.observeQuery() called with filter: {
  "sortDirection": "DESC",
  "sortField": "createdAt",
}
[90mstdout[2m | src/components/QuestionsReview2.stories.tsx[2m > [22m[2mLarge List
[22m[39m[Mock Data] AssistantChat.observeQuery() returning 0 items (filter applied) {
  "sortDirection": "DESC",
  "sortField": "createdAt",
}
[90mstdout[2m | src/components/QuestionsReview2.stories.tsx[2m > [22m[2mLarge List
[22m[39m[Mock Data] AssistantChat subscription added. Total subscriptions: 1
[90mstdout[2m | src/components/QuestionsReview2.stories.tsx[2m > [22m[2mLarge List
[22m[39m[ChatContext] Waiting for subscription to initialize
[90mstdout[2m | src/components/QuestionsReview2.stories.tsx[2m > [22m[2mLarge List
[22m[39m[SettingsContext] Setting up Settings subscription for user: mock-user-sub
[90mstdout[2m | src/components/QuestionsReview2.stories.tsx[2m > [22m[2mLarge List
[22m[39m[Mock Data] generateClient() called - returning mock client
[90mstdout[2m | src/components/QuestionsReview2.stories.tsx[2m > [22m[2mLarge List
[22m[39m[Mock amplifyClient] getAmplifyClient() called - returning mock client
[90mstdout[2m | src/components/QuestionsReview2.stories.tsx[2m > [22m[2mLarge List
[22m[39m[Mock Data] Settings.observeQuery() called with filter: undefined
[90mstdout[2m | src/components/QuestionsReview2.stories.tsx[2m > [22m[2mLarge List
[22m[39m[Mock Data] Settings.observeQuery() returning 0 items (filter applied) undefined
[90mstdout[2m | src/components/QuestionsReview2.stories.tsx[2m > [22m[2mLarge List
[22m[39m[Mock Data] Settings subscription added. Total subscriptions: 1
[90mstdout[2m | src/components/QuestionsReview2.stories.tsx[2m > [22m[2mLarge List
[22m[39m[SectionContext] Initial sections: 0 []
[90mstdout[2m | src/components/QuestionsReview2.stories.tsx[2m > [22m[2mLarge List
[22m[39m[Mock Data] Section.onCreate() called with filter: undefined
[90mstdout[2m | src/components/QuestionsReview2.stories.tsx[2m > [22m[2mLarge List
[22m[39m[Mock Data] Section.onCreate() subscription added. Total: 1
[90mstdout[2m | src/components/QuestionsReview2.stories.tsx[2m > [22m[2mLarge List
[22m[39m[Mock Data] Section.onUpdate() called with filter: undefined
[90mstdout[2m | src/components/QuestionsReview2.stories.tsx[2m > [22m[2mLarge List
[22m[39m[Mock Data] Section.onUpdate() subscription added. Total: 1
[90mstdout[2m | src/components/QuestionsReview2.stories.tsx[2m > [22m[2mLarge List
[22m[39m[Mock Data] Section.onDelete() called with filter: undefined
[90mstdout[2m | src/components/QuestionsReview2.stories.tsx[2m > [22m[2mLarge List
[22m[39m[Mock Data] Section.onDelete() subscription added. Total: 1
[90mstdout[2m | src/components/QuestionsReview2.stories.tsx[2m > [22m[2mLarge List
[22m[39m[Mock Data] Assignment.onCreate() called with filter: {
  "filter": {
    "unitID": {
      "eq": "mock-unit-1",
    },
  },
}
[90mstdout[2m | src/components/QuestionsReview2.stories.tsx[2m > [22m[2mLarge List
[22m[39m[Mock Data] Assignment.onCreate() subscription added. Total: 1
[90mstdout[2m | src/components/QuestionsReview2.stories.tsx[2m > [22m[2mLarge List
[22m[39m[Mock Data] Assignment.onUpdate() called with filter: {
  "filter": {
    "unitID": {
      "eq": "mock-unit-1",
    },
  },
}
[90mstdout[2m | src/components/QuestionsReview2.stories.tsx[2m > [22m[2mLarge List
[22m[39m[Mock Data] Assignment.onUpdate() subscription added. Total: 1
[90mstdout[2m | src/components/QuestionsReview2.stories.tsx[2m > [22m[2mLarge List
[22m[39m[Mock Data] Assignment.onDelete() called with filter: {
  "filter": {
    "unitID": {
      "eq": "mock-unit-1",
    },
  },
}
[90mstdout[2m | src/components/QuestionsReview2.stories.tsx[2m > [22m[2mLarge List
[22m[39m[Mock Data] Assignment.onDelete() subscription added. Total: 1
[90mstdout[2m | src/components/QuestionsReview2.stories.tsx[2m > [22m[2mLarge List
[22m[39m[FilesContext] File observeQuery subscription triggered:
[90mstdout[2m | src/components/QuestionsReview2.stories.tsx[2m > [22m[2mLarge List
[22m[39m  - items.length: 0
[90mstdout[2m | src/components/QuestionsReview2.stories.tsx[2m > [22m[2mLarge List
[22m[39m  - isSynced: true
[90mstdout[2m | src/components/QuestionsReview2.stories.tsx[2m > [22m[2mLarge List
[22m[39m  - items: []
[90mstdout[2m | src/components/QuestionsReview2.stories.tsx[2m > [22m[2mLarge List
[22m[39m[useTranslationWithCapture] t() called: {
  "key": "questionsReview.loading",
  "mode": "off",
  "namespace": "components",
  "value": "Loading questions...",
}
[90mstdout[2m | src/components/QuestionsReview2.stories.tsx[2m > [22m[2mLarge List
[22m[39m[FilesContext] Document count changed: 0 → 1
[90mstdout[2m | src/components/QuestionsReview2.stories.tsx[2m > [22m[2mLarge List
[22m[39m[ChatContext] AssistantChat query update: 0 items (synced)
[90mstdout[2m | src/components/QuestionsReview2.stories.tsx[2m > [22m[2mLarge List
[22m[39m[ChatContext] AssistantChat subscription initialized
[90mstdout[2m | src/components/QuestionsReview2.stories.tsx[2m > [22m[2mLarge List
[22m[39m[ChatContext] AssistantChat list updated: 0 chats
[90mstdout[2m | src/components/QuestionsReview2.stories.tsx[2m > [22m[2mLarge List
[22m[39m[Mock Data] generateClient() called - returning mock client
[90mstdout[2m | src/components/QuestionsReview2.stories.tsx[2m > [22m[2mLarge List
[22m[39m[Mock amplifyClient] getAmplifyClient() called - returning mock client
[90mstdout[2m | src/components/QuestionsReview2.stories.tsx[2m > [22m[2mLarge List
[22m[39m[Mock Data] Document.get() called with id: mock-doc-large
[90mstdout[2m | src/components/QuestionsReview2.stories.tsx[2m > [22m[2mLarge List
[22m[39m[Mock Data] generateClient() called - returning mock client
[90mstdout[2m | src/components/QuestionsReview2.stories.tsx[2m > [22m[2mLarge List
[22m[39m[Mock amplifyClient] getAmplifyClient() called - returning mock client
[90mstdout[2m | src/components/QuestionsReview2.stories.tsx[2m > [22m[2mLarge List
[22m[39m[Mock Data] ParsedContent.observeQuery() called with filter: undefined
[90mstdout[2m | src/components/QuestionsReview2.stories.tsx[2m > [22m[2mLarge List
[22m[39m[Mock Data] ParsedContent.observeQuery() returning 1 items (filter applied) undefined
[90mstdout[2m | src/components/QuestionsReview2.stories.tsx[2m > [22m[2mLarge List
[22m[39m[Mock Data] ParsedContent subscription added. Total subscriptions: 1
[90mstdout[2m | src/components/QuestionsReview2.stories.tsx[2m > [22m[2mLarge List
[22m[39m[ChatContext] No chats found, clearing current chat - new one will be created
[90mstdout[2m | src/components/QuestionsReview2.stories.tsx[2m > [22m[2mLarge List
[22m[39m[MOCK CourseVectorStore] Initialized with mock data
[90mstdout[2m | src/components/QuestionsReview2.stories.tsx[2m > [22m[2mLarge List
[22m[39m[Mock Data] ParsedContent.list() called with options: {
  "filter": {
    "documentID": {
      "eq": "mock-doc-large",
    },
  },
}
[90mstdout[2m | src/components/QuestionsReview2.stories.tsx[2m > [22m[2mLarge List
[22m[39m[Mock Data] Settings.create() called with: {
  "assistantVoice": "shimmer",
  "autoAnalyzeDocuments": true,
  "defaultAIModel": "gpt-4",
  "documentAnalysisModel": "gpt-4",
  "editorFontSize": 14,
  "editorTheme": "auto",
  "emailNotifications": true,
  "language": "en",
  "webhookNotifications": false,
}
[90mstdout[2m | src/components/QuestionsReview2.stories.tsx[2m > [22m[2mLarge List
[22m[39m[Mock Data] Settings created: mock-settings-1776336984411 - notified 1 subscribers
[90mstdout[2m | src/components/QuestionsReview2.stories.tsx[2m > [22m[2mLarge List
[22m[39m[ChatContext] No current chat available, will create one
[90mstdout[2m | src/components/QuestionsReview2.stories.tsx[2m > [22m[2mLarge List
[22m[39m[ChatContext] Creating AssistantChat with user: undefined
[90mstdout[2m | src/components/QuestionsReview2.stories.tsx[2m > [22m[2mLarge List
[22m[39m[Mock Data] AssistantChat.create() called with: {
  "archived": false,
  "model": "gpt-4",
}
[90mstdout[2m | src/components/QuestionsReview2.stories.tsx[2m > [22m[2mLarge List
[22m[39m[Mock Data] AssistantChat created: mock-assistantchat-1776336984412 - notified 1 subscribers
[90mstdout[2m | src/components/QuestionsReview2.stories.tsx[2m > [22m[2mLarge List
[22m[39m[useTranslationWithCapture] t() called: {
  "key": "questionsReview.sectionHeading",
  "mode": "off",
  "namespace": "components",
  "value": "Questions Review",
}
[90mstdout[2m | src/components/QuestionsReview2.stories.tsx[2m > [22m[2mLarge List
[22m[39m[useTranslationWithCapture] t() called: {
  "key": "questionsReview.from",
  "mode": "off",
  "namespace": "components",
  "value": "From",
}
[90mstdout[2m | src/components/QuestionsReview2.stories.tsx[2m > [22m[2mLarge List
[22m[39m[useTranslationWithCapture] t() called: {
  "key": "questionsReview.pages",
  "mode": "off",
  "namespace": "components",
  "value": "pages",
}
[90mstdout[2m | src/components/QuestionsReview2.stories.tsx[2m > [22m[2mLarge List
[22m[39m[useTranslationWithCapture] t() called: {
  "key": "questionsReview.deselectAll",
  "mode": "off",
  "namespace": "components",
  "value": "Deselect All",
}
[90mstdout[2m | src/components/QuestionsReview2.stories.tsx[2m > [22m[2mLarge List
[22m[39m[useTranslationWithCapture] t() called: {
  "key": "questionsReview.selectedCount",
  "mode": "off",
  "namespace": "components",
  "value": "50 of 50 selected",
}
[90mstdout[2m | src/components/QuestionsReview2.stories.tsx[2m > [22m[2mLarge List
[22m[39m[useTranslationWithCapture] t() called: {
  "key": "questionsReview.importToQuestionBank",
  "mode": "off",
  "namespace": "components",
  "value": "Import to Question Bank",
}
[90mstdout[2m | src/components/QuestionsReview2.stories.tsx[2m > [22m[2mLarge List
[22m[39m[useTranslationWithCapture] t() called: {
  "key": "questionsReview.sectionHeading",
  "mode": "off",
  "namespace": "components",
  "value": "Questions Review",
}
[90mstdout[2m | src/components/QuestionsReview2.stories.tsx[2m > [22m[2mLarge List
[22m[39m[useTranslationWithCapture] t() called: {
  "key": "questionsReview.from",
  "mode": "off",
  "namespace": "components",
  "value": "From",
}
[90mstdout[2m | src/components/QuestionsReview2.stories.tsx[2m > [22m[2mLarge List
[22m[39m[useTranslationWithCapture] t() called: {
  "key": "questionsReview.pages",
  "mode": "off",
  "namespace": "components",
  "value": "pages",
}
[90mstdout[2m | src/components/QuestionsReview2.stories.tsx[2m > [22m[2mLarge List
[22m[39m[useTranslationWithCapture] t() called: {
  "key": "questionsReview.deselectAll",
  "mode": "off",
  "namespace": "components",
  "value": "Deselect All",
}
[90mstdout[2m | src/components/QuestionsReview2.stories.tsx[2m > [22m[2mLarge List
[22m[39m[useTranslationWithCapture] t() called: {
  "key": "questionsReview.selectedCount",
  "mode": "off",
  "namespace": "components",
  "value": "50 of 50 selected",
}
[90mstdout[2m | src/components/QuestionsReview2.stories.tsx[2m > [22m[2mLarge List
[22m[39m[useTranslationWithCapture] t() called: {
  "key": "questionsReview.importToQuestionBank",
  "mode": "off",
  "namespace": "components",
  "value": "Import to Question Bank",
}
[90mstdout[2m | src/components/QuestionsReview2.stories.tsx[2m > [22m[2mLarge List
[22m[39m[useTranslationWithCapture] t() called: {
  "key": "questionsReview.sectionHeading",
  "mode": "off",
  "namespace": "components",
  "value": "Questions Review",
}
[90mstdout[2m | src/components/QuestionsReview2.stories.tsx[2m > [22m[2mLarge List
[22m[39m[useTranslationWithCapture] t() called: {
  "key": "questionsReview.from",
  "mode": "off",
  "namespace": "components",
  "value": "From",
}
[90mstdout[2m | src/components/QuestionsReview2.stories.tsx[2m > [22m[2mLarge List
[22m[39m[useTranslationWithCapture] t() called: {
  "key": "questionsReview.pages",
  "mode": "off",
  "namespace": "components",
  "value": "pages",
}
[90mstdout[2m | src/components/QuestionsReview2.stories.tsx[2m > [22m[2mLarge List
[22m[39m[useTranslationWithCapture] t() called: {
  "key": "questionsReview.deselectAll",
  "mode": "off",
  "namespace": "components",
  "value": "Deselect All",
}
[90mstdout[2m | src/components/QuestionsReview2.stories.tsx[2m > [22m[2mLarge List
[22m[39m[useTranslationWithCapture] t() called: {
  "key": "questionsReview.selectedCount",
  "mode": "off",
  "namespace": "components",
  "value": "50 of 50 selected",
}
[90mstdout[2m | src/components/QuestionsReview2.stories.tsx[2m > [22m[2mLarge List
[22m[39m[useTranslationWithCapture] t() called: {
  "key": "questionsReview.importToQuestionBank",
  "mode": "off",
  "namespace": "components",
  "value": "Import to Question Bank",
}
[90mstdout[2m | src/components/QuestionsReview2.stories.tsx[2m > [22m[2mLarge List
[22m[39m[ChatContext] Create result: {
  "data": {
    "_version": 1,
    "archived": false,
    "chatFiles": [Function anonymous],
    "createdAt": "2026-04-16T10:56:24.412Z",
    "id": "mock-assistantchat-1776336984412",
    "model": "gpt-4",
    "updatedAt": "2026-04-16T10:56:24.412Z",
  },
  "errors": [],
  "hasData": true,
  "hasErrors": true,
}
[90mstdout[2m | src/components/QuestionsReview2.stories.tsx[2m > [22m[2mLarge List
[22m[39m[ChatContext] Created AssistantChat: mock-assistantchat-1776336984412 at: 2026-04-16T10:56:24.412Z
[90mstdout[2m | src/components/QuestionsReview2.stories.tsx[2m > [22m[2mLarge List
[22m[39m[ChatContext] AssistantChat query update: 1 items (synced)
[90mstdout[2m | src/components/QuestionsReview2.stories.tsx[2m > [22m[2mLarge List
[22m[39m[ChatContext] First item details: {
  "id": "mock-assistantchat-1776336984412",
  "updatedAt": "2026-04-16T10:56:24.412Z",
}
[90mstdout[2m | src/components/QuestionsReview2.stories.tsx[2m > [22m[2mLarge List
[22m[39m[ChatContext] AssistantChat list updated: 1 chats
[90mstdout[2m | src/components/QuestionsReview2.stories.tsx[2m > [22m[2mLarge List
[22m[39m[ChatContext] Setting initial chat: mock-assistantchat-1776336984412
[90mstdout[2m | src/components/QuestionsReview2.stories.tsx[2m > [22m[2mLarge List
[22m[39m[Mock Data] generateClient() called - returning mock client
[90mstdout[2m | src/components/QuestionsReview2.stories.tsx[2m > [22m[2mLarge List
[22m[39m[Mock amplifyClient] getAmplifyClient() called - returning mock client
[90mstdout[2m | src/components/QuestionsReview2.stories.tsx[2m > [22m[2mLarge List
[22m[39m[Mock Data] Document.get() called with id: mock-doc-large
[90mstdout[2m | src/components/QuestionsReview2.stories.tsx[2m > [22m[2mLarge List
[22m[39m[Mock Data] ParsedContent.list() called with options: {
  "filter": {
    "documentID": {
      "eq": "mock-doc-large",
    },
  },
}
[90mstdout[2m | src/components/QuestionsReview2.stories.tsx[2m > [22m[2mLarge List
[22m[39m[ChatContext] Chat exists and not archived, skipping creation
[90mstdout[2m | src/components/QuestionsReview2.stories.tsx[2m > [22m[2mLarge List
[22m[39m[useTranslationWithCapture] t() called: {
  "key": "questionsReview.sectionHeading",
  "mode": "off",
  "namespace": "components",
  "value": "Questions Review",
}
[90mstdout[2m | src/components/QuestionsReview2.stories.tsx[2m > [22m[2mLarge List
[22m[39m[useTranslationWithCapture] t() called: {
  "key": "questionsReview.from",
  "mode": "off",
  "namespace": "components",
  "value": "From",
}
[90mstdout[2m | src/components/QuestionsReview2.stories.tsx[2m > [22m[2mLarge List
[22m[39m[useTranslationWithCapture] t() called: {
  "key": "questionsReview.pages",
  "mode": "off",
  "namespace": "components",
  "value": "pages",
}
[90mstdout[2m | src/components/QuestionsReview2.stories.tsx[2m > [22m[2mLarge List
[22m[39m[useTranslationWithCapture] t() called: {
  "key": "questionsReview.deselectAll",
  "mode": "off",
  "namespace": "components",
  "value": "Deselect All",
}
[90mstdout[2m | src/components/QuestionsReview2.stories.tsx[2m > [22m[2mLarge List
[22m[39m[useTranslationWithCapture] t() called: {
  "key": "questionsReview.selectedCount",
  "mode": "off",
  "namespace": "components",
  "value": "50 of 50 selected",
}
[90mstdout[2m | src/components/QuestionsReview2.stories.tsx[2m > [22m[2mLarge List
[22m[39m[useTranslationWithCapture] t() called: {
  "key": "questionsReview.importToQuestionBank",
  "mode": "off",
  "namespace": "components",
  "value": "Import to Question Bank",
}
[90mstdout[2m | src/components/QuestionsReview2.stories.tsx[2m > [22m[2mEssay Questions
[22m[39m[Mock Data] Settings subscription unsubscribed. Remaining: 0
[90mstdout[2m | src/components/QuestionsReview2.stories.tsx[2m > [22m[2mEssay Questions
[22m[39m[ChatContext] Cleaning up subscription
[90mstdout[2m | src/components/QuestionsReview2.stories.tsx[2m > [22m[2mEssay Questions
[22m[39m[Mock Data] AssistantChat subscription unsubscribed. Remaining: 0
[90mstdout[2m | src/components/QuestionsReview2.stories.tsx[2m > [22m[2mEssay Questions
[22m[39m[Mock Data] File subscription unsubscribed. Remaining: 0
[90mstdout[2m | src/components/QuestionsReview2.stories.tsx[2m > [22m[2mEssay Questions
[22m[39m[Mock Data] Document subscription unsubscribed. Remaining: 0
[90mstdout[2m | src/components/QuestionsReview2.stories.tsx[2m > [22m[2mEssay Questions
[22m[39m[Mock Data] Word subscription unsubscribed. Remaining: 0
[90mstdout[2m | src/components/QuestionsReview2.stories.tsx[2m > [22m[2mEssay Questions
[22m[39m[Mock Data] Question subscription unsubscribed. Remaining: 0
[90mstdout[2m | src/components/QuestionsReview2.stories.tsx[2m > [22m[2mEssay Questions
[22m[39m[Mock Data] Grade subscription unsubscribed. Remaining: 0
[90mstdout[2m | src/components/QuestionsReview2.stories.tsx[2m > [22m[2mEssay Questions
[22m[39m[Mock Data] Unit subscription unsubscribed. Remaining: 0
[90mstdout[2m | src/components/QuestionsReview2.stories.tsx[2m > [22m[2mEssay Questions
[22m[39m[SectionContext] Cleaning up subscriptions
[90mstdout[2m | src/components/QuestionsReview2.stories.tsx[2m > [22m[2mEssay Questions
[22m[39m[Mock Data] Section.onCreate() subscription removed. Remaining: 0
[90mstdout[2m | src/components/QuestionsReview2.stories.tsx[2m > [22m[2mEssay Questions
[22m[39m[Mock Data] Section.onUpdate() subscription removed. Remaining: 0
[90mstdout[2m | src/components/QuestionsReview2.stories.tsx[2m > [22m[2mEssay Questions
[22m[39m[Mock Data] Section.onDelete() subscription removed. Remaining: 0
[90mstdout[2m | src/components/QuestionsReview2.stories.tsx[2m > [22m[2mEssay Questions
[22m[39m[Mock Data] Assignment.onCreate() subscription removed. Remaining: 0
[90mstdout[2m | src/components/QuestionsReview2.stories.tsx[2m > [22m[2mEssay Questions
[22m[39m[Mock Data] Assignment.onUpdate() subscription removed. Remaining: 0
[90mstdout[2m | src/components/QuestionsReview2.stories.tsx[2m > [22m[2mEssay Questions
[22m[39m[Mock Data] Assignment.onDelete() subscription removed. Remaining: 0
[90mstdout[2m | src/components/QuestionsReview2.stories.tsx[2m > [22m[2mEssay Questions
[22m[39m[Mock Data] ParsedContent subscription unsubscribed. Remaining: 0
[90mstdout[2m | src/components/QuestionsReview2.stories.tsx[2m > [22m[2mEssay Questions
[22m[39m[Mock Data] Clearing all data stores
[90mstdout[2m | src/components/QuestionsReview2.stories.tsx[2m > [22m[2mEssay Questions
[22m[39m[Mock Data] All data stores cleared
[90mstdout[2m | src/components/QuestionsReview2.stories.tsx[2m > [22m[2mEssay Questions
[22m[39m[Preview] Cleared mock data for story
[90mstdout[2m | src/components/QuestionsReview2.stories.tsx[2m > [22m[2mEssay Questions
[22m[39m[Preview] Skipped initializing default mock data (initializeMockData=false)
[90mstdout[2m | src/components/QuestionsReview2.stories.tsx[2m > [22m[2mEssay Questions
[22m[39m[Mock Data] seedMockDocuments: Adding 1 documents
[90mstdout[2m | src/components/QuestionsReview2.stories.tsx[2m > [22m[2mEssay Questions
[22m[39m[Mock Data] seedMockParsedContent: Adding 1 parsed content records
[90mstdout[2m | src/components/QuestionsReview2.stories.tsx[2m > [22m[2mEssay Questions
[22m[39m[Mock AuthContext] Providing auth: {
  "error": undefined,
  "isLoading": false,
  "session": {
    "idToken": {
      "toString": [Function toString],
    },
    "identityId": "us-east-1:mock-identity-123",
    "username": "mock-user-sub",
  },
  "user": {
    "attributes": {
      "email": "alice@example.com",
      "name": "Alice Student",
      "sub": "mock-user-sub",
    },
  },
}
[90mstdout[2m | src/components/QuestionsReview2.stories.tsx[2m > [22m[2mEssay Questions
[22m[39m[Mock Data] generateClient() called - returning mock client
[90mstdout[2m | src/components/QuestionsReview2.stories.tsx[2m > [22m[2mEssay Questions
[22m[39m[Mock amplifyClient] getAmplifyClient() called - returning mock client
[90mstdout[2m | src/components/QuestionsReview2.stories.tsx[2m > [22m[2mEssay Questions
[22m[39m[MOCK CourseVectorStore] Initialized with mock data
[90mstdout[2m | src/components/QuestionsReview2.stories.tsx[2m > [22m[2mEssay Questions
[22m[39m[TranslationModeController] Setting mode to: off
[90mstdout[2m | src/components/QuestionsReview2.stories.tsx[2m > [22m[2mEssay Questions
[22m[39m[SectionContext] useEffect triggered {
  "authLoading": false,
  "hasUser": true,
  "userSub": "mock-user-sub",
}
[90mstdout[2m | src/components/QuestionsReview2.stories.tsx[2m > [22m[2mEssay Questions
[22m[39m[SectionContext] Fetching sections for userId: mock-user-sub
[90mstdout[2m | src/components/QuestionsReview2.stories.tsx[2m > [22m[2mEssay Questions
[22m[39m[Mock Data] generateClient() called - returning mock client
[90mstdout[2m | src/components/QuestionsReview2.stories.tsx[2m > [22m[2mEssay Questions
[22m[39m[Mock amplifyClient] getAmplifyClient() called - returning mock client
[90mstdout[2m | src/components/QuestionsReview2.stories.tsx[2m > [22m[2mEssay Questions
[22m[39m[Mock Data] Section.list() called with options: undefined
[90mstdout[2m | src/components/QuestionsReview2.stories.tsx[2m > [22m[2mEssay Questions
[22m[39m[Mock Data] generateClient() called - returning mock client
[90mstdout[2m | src/components/QuestionsReview2.stories.tsx[2m > [22m[2mEssay Questions
[22m[39m[Mock amplifyClient] getAmplifyClient() called - returning mock client
[90mstdout[2m | src/components/QuestionsReview2.stories.tsx[2m > [22m[2mEssay Questions
[22m[39m[Mock Data] Assignment.list() called with options: {
  "filter": {
    "unitID": {
      "eq": "mock-unit-1",
    },
  },
}
[90mstdout[2m | src/components/QuestionsReview2.stories.tsx[2m > [22m[2mEssay Questions
[22m[39m[Mock Data] generateClient() called - returning mock client
[90mstdout[2m | src/components/QuestionsReview2.stories.tsx[2m > [22m[2mEssay Questions
[22m[39m[Mock amplifyClient] getAmplifyClient() called - returning mock client
[90mstdout[2m | src/components/QuestionsReview2.stories.tsx[2m > [22m[2mEssay Questions
[22m[39m[Mock Data] Grade.observeQuery() called with filter: {
  "filter": {
    "unitID": {
      "eq": "mock-unit-1",
    },
  },
}
[90mstdout[2m | src/components/QuestionsReview2.stories.tsx[2m > [22m[2mEssay Questions
[22m[39m[Mock Data] Grade.observeQuery() applying filter: {
  "unitID": {
    "eq": "mock-unit-1",
  },
}
[90mstdout[2m | src/components/QuestionsReview2.stories.tsx[2m > [22m[2mEssay Questions
[22m[39m[Mock Data] Grade.observeQuery() items before filter: 0
[90mstdout[2m | src/components/QuestionsReview2.stories.tsx[2m > [22m[2mEssay Questions
[22m[39m[Mock Data] Grade.observeQuery() items after filter: 0
[90mstdout[2m | src/components/QuestionsReview2.stories.tsx[2m > [22m[2mEssay Questions
[22m[39m[Mock Data] Grade.observeQuery() returning 0 items (filter applied) {
  "filter": {
    "unitID": {
      "eq": "mock-unit-1",
    },
  },
}
[90mstdout[2m | src/components/QuestionsReview2.stories.tsx[2m > [22m[2mEssay Questions
[22m[39m[Mock Data] Grade subscription added. Total subscriptions: 1
[90mstdout[2m | src/components/QuestionsReview2.stories.tsx[2m > [22m[2mEssay Questions
[22m[39m[UnitContext] useEffect triggered {
  "authLoading": false,
  "hasUser": true,
  "id": "mock-unit-1",
  "userSub": "mock-user-sub",
}
[90mstdout[2m | src/components/QuestionsReview2.stories.tsx[2m > [22m[2mEssay Questions
[22m[39m[UnitContext] Fetching unit data for id: mock-unit-1
[90mstdout[2m | src/components/QuestionsReview2.stories.tsx[2m > [22m[2mEssay Questions
[22m[39m[Mock Data] generateClient() called - returning mock client
[90mstdout[2m | src/components/QuestionsReview2.stories.tsx[2m > [22m[2mEssay Questions
[22m[39m[Mock amplifyClient] getAmplifyClient() called - returning mock client
[90mstdout[2m | src/components/QuestionsReview2.stories.tsx[2m > [22m[2mEssay Questions
[22m[39m[Mock Data] Unit.observeQuery() called with filter: {
  "filter": {
    "id": {
      "eq": "mock-unit-1",
    },
  },
}
[90mstdout[2m | src/components/QuestionsReview2.stories.tsx[2m > [22m[2mEssay Questions
[22m[39m[Mock Data] Unit.observeQuery() applying filter: {
  "id": {
    "eq": "mock-unit-1",
  },
}
[90mstdout[2m | src/components/QuestionsReview2.stories.tsx[2m > [22m[2mEssay Questions
[22m[39m[Mock Data] Unit.observeQuery() items before filter: 0
[90mstdout[2m | src/components/QuestionsReview2.stories.tsx[2m > [22m[2mEssay Questions
[22m[39m[Mock Data] Unit.observeQuery() items after filter: 0
[90mstdout[2m | src/components/QuestionsReview2.stories.tsx[2m > [22m[2mEssay Questions
[22m[39m[Mock Data] Unit.observeQuery() returning 0 items (filter applied) {
  "filter": {
    "id": {
      "eq": "mock-unit-1",
    },
  },
}
[90mstdout[2m | src/components/QuestionsReview2.stories.tsx[2m > [22m[2mEssay Questions
[22m[39m[Mock Data] Unit subscription added. Total subscriptions: 1
[90mstdout[2m | src/components/QuestionsReview2.stories.tsx[2m > [22m[2mEssay Questions
[22m[39m[Mock Data] generateClient() called - returning mock client
[90mstdout[2m | src/components/QuestionsReview2.stories.tsx[2m > [22m[2mEssay Questions
[22m[39m[Mock amplifyClient] getAmplifyClient() called - returning mock client
[90mstdout[2m | src/components/QuestionsReview2.stories.tsx[2m > [22m[2mEssay Questions
[22m[39m[Mock Data] Word.observeQuery() called with filter: undefined
[90mstdout[2m | src/components/QuestionsReview2.stories.tsx[2m > [22m[2mEssay Questions
[22m[39m[Mock Data] Word.observeQuery() returning 0 items (filter applied) undefined
[90mstdout[2m | src/components/QuestionsReview2.stories.tsx[2m > [22m[2mEssay Questions
[22m[39m[Mock Data] Word subscription added. Total subscriptions: 1
[90mstdout[2m | src/components/QuestionsReview2.stories.tsx[2m > [22m[2mEssay Questions
[22m[39m[Mock Data] generateClient() called - returning mock client
[90mstdout[2m | src/components/QuestionsReview2.stories.tsx[2m > [22m[2mEssay Questions
[22m[39m[Mock amplifyClient] getAmplifyClient() called - returning mock client
[90mstdout[2m | src/components/QuestionsReview2.stories.tsx[2m > [22m[2mEssay Questions
[22m[39m[Mock Data] Question.observeQuery() called with filter: undefined
[90mstdout[2m | src/components/QuestionsReview2.stories.tsx[2m > [22m[2mEssay Questions
[22m[39m[Mock Data] Question.observeQuery() returning 0 items (filter applied) undefined
[90mstdout[2m | src/components/QuestionsReview2.stories.tsx[2m > [22m[2mEssay Questions
[22m[39m[Mock Data] Question subscription added. Total subscriptions: 1
[90mstdout[2m | src/components/QuestionsReview2.stories.tsx[2m > [22m[2mEssay Questions
[22m[39m[FilesContext] Initializing vector store from IndexedDB
[90mstdout[2m | src/components/QuestionsReview2.stories.tsx[2m > [22m[2mEssay Questions
[22m[39m[FilesContext] fetchFiles called
[90mstdout[2m | src/components/QuestionsReview2.stories.tsx[2m > [22m[2mEssay Questions
[22m[39m[FilesContext] User authenticated: mock-user-sub
[90mstdout[2m | src/components/QuestionsReview2.stories.tsx[2m > [22m[2mEssay Questions
[22m[39m[FilesContext] Identity ID: us-east-1:mock-identity-123
[90mstdout[2m | src/components/QuestionsReview2.stories.tsx[2m > [22m[2mEssay Questions
[22m[39m[FilesContext] About to subscribe to File model
[90mstdout[2m | src/components/QuestionsReview2.stories.tsx[2m > [22m[2mEssay Questions
[22m[39m[Mock Data] generateClient() called - returning mock client
[90mstdout[2m | src/components/QuestionsReview2.stories.tsx[2m > [22m[2mEssay Questions
[22m[39m[Mock amplifyClient] getAmplifyClient() called - returning mock client
[90mstdout[2m | src/components/QuestionsReview2.stories.tsx[2m > [22m[2mEssay Questions
[22m[39m[Mock Data] File.observeQuery() called with filter: undefined
[90mstdout[2m | src/components/QuestionsReview2.stories.tsx[2m > [22m[2mEssay Questions
[22m[39m[Mock Data] File.observeQuery() returning 0 items (filter applied) undefined
[90mstdout[2m | src/components/QuestionsReview2.stories.tsx[2m > [22m[2mEssay Questions
[22m[39m[Mock Data] File subscription added. Total subscriptions: 1
[90mstdout[2m | src/components/QuestionsReview2.stories.tsx[2m > [22m[2mEssay Questions
[22m[39m[Mock Data] generateClient() called - returning mock client
[90mstdout[2m | src/components/QuestionsReview2.stories.tsx[2m > [22m[2mEssay Questions
[22m[39m[Mock amplifyClient] getAmplifyClient() called - returning mock client
[90mstdout[2m | src/components/QuestionsReview2.stories.tsx[2m > [22m[2mEssay Questions
[22m[39m[Mock Data] Document.observeQuery() called with filter: undefined
[90mstdout[2m | src/components/QuestionsReview2.stories.tsx[2m > [22m[2mEssay Questions
[22m[39m[Mock Data] Document.observeQuery() returning 1 items (filter applied) undefined
[90mstdout[2m | src/components/QuestionsReview2.stories.tsx[2m > [22m[2mEssay Questions
[22m[39m[Mock Data] Document subscription added. Total subscriptions: 1
[90mstdout[2m | src/components/QuestionsReview2.stories.tsx[2m > [22m[2mEssay Questions
[22m[39m[ChatContext] Setting up observeQuery for AssistantChat
[90mstdout[2m | src/components/QuestionsReview2.stories.tsx[2m > [22m[2mEssay Questions
[22m[39m[Mock Data] AssistantChat.observeQuery() called with filter: {
  "sortDirection": "DESC",
  "sortField": "createdAt",
}
[90mstdout[2m | src/components/QuestionsReview2.stories.tsx[2m > [22m[2mEssay Questions
[22m[39m[Mock Data] AssistantChat.observeQuery() returning 0 items (filter applied) {
  "sortDirection": "DESC",
  "sortField": "createdAt",
}
[90mstdout[2m | src/components/QuestionsReview2.stories.tsx[2m > [22m[2mEssay Questions
[22m[39m[Mock Data] AssistantChat subscription added. Total subscriptions: 1
[90mstdout[2m | src/components/QuestionsReview2.stories.tsx[2m > [22m[2mEssay Questions
[22m[39m[ChatContext] Waiting for subscription to initialize
[90mstdout[2m | src/components/QuestionsReview2.stories.tsx[2m > [22m[2mEssay Questions
[22m[39m[SettingsContext] Setting up Settings subscription for user: mock-user-sub
[90mstdout[2m | src/components/QuestionsReview2.stories.tsx[2m > [22m[2mEssay Questions
[22m[39m[Mock Data] generateClient() called - returning mock client
[90mstdout[2m | src/components/QuestionsReview2.stories.tsx[2m > [22m[2mEssay Questions
[22m[39m[Mock amplifyClient] getAmplifyClient() called - returning mock client
[90mstdout[2m | src/components/QuestionsReview2.stories.tsx[2m > [22m[2mEssay Questions
[22m[39m[Mock Data] Settings.observeQuery() called with filter: undefined
[90mstdout[2m | src/components/QuestionsReview2.stories.tsx[2m > [22m[2mEssay Questions
[22m[39m[Mock Data] Settings.observeQuery() returning 0 items (filter applied) undefined
[90mstdout[2m | src/components/QuestionsReview2.stories.tsx[2m > [22m[2mEssay Questions
[22m[39m[Mock Data] Settings subscription added. Total subscriptions: 1
[90mstdout[2m | src/components/QuestionsReview2.stories.tsx[2m > [22m[2mEssay Questions
[22m[39m[SectionContext] Initial sections: 0 []
[90mstdout[2m | src/components/QuestionsReview2.stories.tsx[2m > [22m[2mEssay Questions
[22m[39m[Mock Data] Section.onCreate() called with filter: undefined
[90mstdout[2m | src/components/QuestionsReview2.stories.tsx[2m > [22m[2mEssay Questions
[22m[39m[Mock Data] Section.onCreate() subscription added. Total: 1
[90mstdout[2m | src/components/QuestionsReview2.stories.tsx[2m > [22m[2mEssay Questions
[22m[39m[Mock Data] Section.onUpdate() called with filter: undefined
[90mstdout[2m | src/components/QuestionsReview2.stories.tsx[2m > [22m[2mEssay Questions
[22m[39m[Mock Data] Section.onUpdate() subscription added. Total: 1
[90mstdout[2m | src/components/QuestionsReview2.stories.tsx[2m > [22m[2mEssay Questions
[22m[39m[Mock Data] Section.onDelete() called with filter: undefined
[90mstdout[2m | src/components/QuestionsReview2.stories.tsx[2m > [22m[2mEssay Questions
[22m[39m[Mock Data] Section.onDelete() subscription added. Total: 1
[90mstdout[2m | src/components/QuestionsReview2.stories.tsx[2m > [22m[2mEssay Questions
[22m[39m[Mock Data] Assignment.onCreate() called with filter: {
  "filter": {
    "unitID": {
      "eq": "mock-unit-1",
    },
  },
}
[90mstdout[2m | src/components/QuestionsReview2.stories.tsx[2m > [22m[2mEssay Questions
[22m[39m[Mock Data] Assignment.onCreate() subscription added. Total: 1
[90mstdout[2m | src/components/QuestionsReview2.stories.tsx[2m > [22m[2mEssay Questions
[22m[39m[Mock Data] Assignment.onUpdate() called with filter: {
  "filter": {
    "unitID": {
      "eq": "mock-unit-1",
    },
  },
}
[90mstdout[2m | src/components/QuestionsReview2.stories.tsx[2m > [22m[2mEssay Questions
[22m[39m[Mock Data] Assignment.onUpdate() subscription added. Total: 1
[90mstdout[2m | src/components/QuestionsReview2.stories.tsx[2m > [22m[2mEssay Questions
[22m[39m[Mock Data] Assignment.onDelete() called with filter: {
  "filter": {
    "unitID": {
      "eq": "mock-unit-1",
    },
  },
}
[90mstdout[2m | src/components/QuestionsReview2.stories.tsx[2m > [22m[2mEssay Questions
[22m[39m[Mock Data] Assignment.onDelete() subscription added. Total: 1
[90mstdout[2m | src/components/QuestionsReview2.stories.tsx[2m > [22m[2mEssay Questions
[22m[39m[FilesContext] File observeQuery subscription triggered:
[90mstdout[2m | src/components/QuestionsReview2.stories.tsx[2m > [22m[2mEssay Questions
[22m[39m  - items.length: 0
[90mstdout[2m | src/components/QuestionsReview2.stories.tsx[2m > [22m[2mEssay Questions
[22m[39m  - isSynced: true
[90mstdout[2m | src/components/QuestionsReview2.stories.tsx[2m > [22m[2mEssay Questions
[22m[39m  - items: []
[90mstdout[2m | src/components/QuestionsReview2.stories.tsx[2m > [22m[2mEssay Questions
[22m[39m[FilesContext] Document count changed: 0 → 1
[90mstdout[2m | src/components/QuestionsReview2.stories.tsx[2m > [22m[2mEssay Questions
[22m[39m[MOCK CourseVectorStore] Initialized with mock data
[90mstdout[2m | src/components/QuestionsReview2.stories.tsx[2m > [22m[2mEssay Questions
[22m[39m[useTranslationWithCapture] t() called: {
  "key": "questionsReview.loading",
  "mode": "off",
  "namespace": "components",
  "value": "Loading questions...",
}
[90mstdout[2m | src/components/QuestionsReview2.stories.tsx[2m > [22m[2mEssay Questions
[22m[39m[ChatContext] AssistantChat query update: 0 items (synced)
[90mstdout[2m | src/components/QuestionsReview2.stories.tsx[2m > [22m[2mEssay Questions
[22m[39m[ChatContext] AssistantChat subscription initialized
[90mstdout[2m | src/components/QuestionsReview2.stories.tsx[2m > [22m[2mEssay Questions
[22m[39m[ChatContext] AssistantChat list updated: 0 chats
[90mstdout[2m | src/components/QuestionsReview2.stories.tsx[2m > [22m[2mEssay Questions
[22m[39m[Mock Data] Settings.create() called with: {
  "assistantVoice": "shimmer",
  "autoAnalyzeDocuments": true,
  "defaultAIModel": "gpt-4",
  "documentAnalysisModel": "gpt-4",
  "editorFontSize": 14,
  "editorTheme": "auto",
  "emailNotifications": true,
  "language": "en",
  "webhookNotifications": false,
}
[90mstdout[2m | src/components/QuestionsReview2.stories.tsx[2m > [22m[2mEssay Questions
[22m[39m[Mock Data] Settings created: mock-settings-1776336984973 - notified 1 subscribers
[90mstdout[2m | src/components/QuestionsReview2.stories.tsx[2m > [22m[2mEssay Questions
[22m[39m[Mock Data] generateClient() called - returning mock client
[90mstdout[2m | src/components/QuestionsReview2.stories.tsx[2m > [22m[2mEssay Questions
[22m[39m[Mock amplifyClient] getAmplifyClient() called - returning mock client
[90mstdout[2m | src/components/QuestionsReview2.stories.tsx[2m > [22m[2mEssay Questions
[22m[39m[Mock Data] Document.get() called with id: mock-doc-essay
[90mstdout[2m | src/components/QuestionsReview2.stories.tsx[2m > [22m[2mEssay Questions
[22m[39m[Mock Data] generateClient() called - returning mock client
[90mstdout[2m | src/components/QuestionsReview2.stories.tsx[2m > [22m[2mEssay Questions
[22m[39m[Mock amplifyClient] getAmplifyClient() called - returning mock client
[90mstdout[2m | src/components/QuestionsReview2.stories.tsx[2m > [22m[2mEssay Questions
[22m[39m[Mock Data] ParsedContent.observeQuery() called with filter: undefined
[90mstdout[2m | src/components/QuestionsReview2.stories.tsx[2m > [22m[2mEssay Questions
[22m[39m[Mock Data] ParsedContent.observeQuery() returning 1 items (filter applied) undefined
[90mstdout[2m | src/components/QuestionsReview2.stories.tsx[2m > [22m[2mEssay Questions
[22m[39m[Mock Data] ParsedContent subscription added. Total subscriptions: 1
[90mstdout[2m | src/components/QuestionsReview2.stories.tsx[2m > [22m[2mEssay Questions
[22m[39m[ChatContext] No chats found, clearing current chat - new one will be created
[90mstdout[2m | src/components/QuestionsReview2.stories.tsx[2m > [22m[2mEssay Questions
[22m[39m[Mock Data] ParsedContent.list() called with options: {
  "filter": {
    "documentID": {
      "eq": "mock-doc-essay",
    },
  },
}
[90mstdout[2m | src/components/QuestionsReview2.stories.tsx[2m > [22m[2mEssay Questions
[22m[39m[ChatContext] No current chat available, will create one
[90mstdout[2m | src/components/QuestionsReview2.stories.tsx[2m > [22m[2mEssay Questions
[22m[39m[ChatContext] Creating AssistantChat with user: undefined
[90mstdout[2m | src/components/QuestionsReview2.stories.tsx[2m > [22m[2mEssay Questions
[22m[39m[Mock Data] AssistantChat.create() called with: {
  "archived": false,
  "model": "gpt-4",
}
[90mstdout[2m | src/components/QuestionsReview2.stories.tsx[2m > [22m[2mEssay Questions
[22m[39m[Mock Data] AssistantChat created: mock-assistantchat-1776336984982 - notified 1 subscribers
[90mstdout[2m | src/components/QuestionsReview2.stories.tsx[2m > [22m[2mEssay Questions
[22m[39m[useTranslationWithCapture] t() called: {
  "key": "questionsReview.sectionHeading",
  "mode": "off",
  "namespace": "components",
  "value": "Questions Review",
}
[90mstdout[2m | src/components/QuestionsReview2.stories.tsx[2m > [22m[2mEssay Questions
[22m[39m[useTranslationWithCapture] t() called: {
  "key": "questionsReview.from",
  "mode": "off",
  "namespace": "components",
  "value": "From",
}
[90mstdout[2m | src/components/QuestionsReview2.stories.tsx[2m > [22m[2mEssay Questions
[22m[39m[useTranslationWithCapture] t() called: {
  "key": "questionsReview.pages",
  "mode": "off",
  "namespace": "components",
  "value": "pages",
}
[90mstdout[2m | src/components/QuestionsReview2.stories.tsx[2m > [22m[2mEssay Questions
[22m[39m[useTranslationWithCapture] t() called: {
  "key": "questionsReview.deselectAll",
  "mode": "off",
  "namespace": "components",
  "value": "Deselect All",
}
[90mstdout[2m | src/components/QuestionsReview2.stories.tsx[2m > [22m[2mEssay Questions
[22m[39m[useTranslationWithCapture] t() called: {
  "key": "questionsReview.selectedCount",
  "mode": "off",
  "namespace": "components",
  "value": "3 of 3 selected",
}
[90mstdout[2m | src/components/QuestionsReview2.stories.tsx[2m > [22m[2mEssay Questions
[22m[39m[useTranslationWithCapture] t() called: {
  "key": "questionsReview.importToQuestionBank",
  "mode": "off",
  "namespace": "components",
  "value": "Import to Question Bank",
}
[90mstdout[2m | src/components/QuestionsReview2.stories.tsx[2m > [22m[2mEssay Questions
[22m[39m[useTranslationWithCapture] t() called: {
  "key": "questionsReview.sectionHeading",
  "mode": "off",
  "namespace": "components",
  "value": "Questions Review",
}
[90mstdout[2m | src/components/QuestionsReview2.stories.tsx[2m > [22m[2mEssay Questions
[22m[39m[useTranslationWithCapture] t() called: {
  "key": "questionsReview.from",
  "mode": "off",
  "namespace": "components",
  "value": "From",
}
[90mstdout[2m | src/components/QuestionsReview2.stories.tsx[2m > [22m[2mEssay Questions
[22m[39m[useTranslationWithCapture] t() called: {
  "key": "questionsReview.pages",
  "mode": "off",
  "namespace": "components",
  "value": "pages",
}
[90mstdout[2m | src/components/QuestionsReview2.stories.tsx[2m > [22m[2mEssay Questions
[22m[39m[useTranslationWithCapture] t() called: {
  "key": "questionsReview.deselectAll",
  "mode": "off",
  "namespace": "components",
  "value": "Deselect All",
}
[90mstdout[2m | src/components/QuestionsReview2.stories.tsx[2m > [22m[2mEssay Questions
[22m[39m[useTranslationWithCapture] t() called: {
  "key": "questionsReview.selectedCount",
  "mode": "off",
  "namespace": "components",
  "value": "3 of 3 selected",
}
[90mstdout[2m | src/components/QuestionsReview2.stories.tsx[2m > [22m[2mEssay Questions
[22m[39m[useTranslationWithCapture] t() called: {
  "key": "questionsReview.importToQuestionBank",
  "mode": "off",
  "namespace": "components",
  "value": "Import to Question Bank",
}
[90mstdout[2m | src/components/QuestionsReview2.stories.tsx[2m > [22m[2mEssay Questions
[22m[39m[useTranslationWithCapture] t() called: {
  "key": "questionsReview.sectionHeading",
  "mode": "off",
  "namespace": "components",
  "value": "Questions Review",
}
[90mstdout[2m | src/components/QuestionsReview2.stories.tsx[2m > [22m[2mEssay Questions
[22m[39m[useTranslationWithCapture] t() called: {
  "key": "questionsReview.from",
  "mode": "off",
  "namespace": "components",
  "value": "From",
}
[90mstdout[2m | src/components/QuestionsReview2.stories.tsx[2m > [22m[2mEssay Questions
[22m[39m[useTranslationWithCapture] t() called: {
  "key": "questionsReview.pages",
  "mode": "off",
  "namespace": "components",
  "value": "pages",
}
[90mstdout[2m | src/components/QuestionsReview2.stories.tsx[2m > [22m[2mEssay Questions
[22m[39m[useTranslationWithCapture] t() called: {
  "key": "questionsReview.deselectAll",
  "mode": "off",
  "namespace": "components",
  "value": "Deselect All",
}
[90mstdout[2m | src/components/QuestionsReview2.stories.tsx[2m > [22m[2mEssay Questions
[22m[39m[useTranslationWithCapture] t() called: {
  "key": "questionsReview.selectedCount",
  "mode": "off",
  "namespace": "components",
  "value": "3 of 3 selected",
}
[90mstdout[2m | src/components/QuestionsReview2.stories.tsx[2m > [22m[2mEssay Questions
[22m[39m[useTranslationWithCapture] t() called: {
  "key": "questionsReview.importToQuestionBank",
  "mode": "off",
  "namespace": "components",
  "value": "Import to Question Bank",
}
[90mstdout[2m | src/components/QuestionsReview2.stories.tsx[2m > [22m[2mEssay Questions
[22m[39m[ChatContext] Create result: {
  "data": {
    "_version": 1,
    "archived": false,
    "chatFiles": [Function anonymous],
    "createdAt": "2026-04-16T10:56:24.982Z",
    "id": "mock-assistantchat-1776336984982",
    "model": "gpt-4",
    "updatedAt": "2026-04-16T10:56:24.982Z",
  },
  "errors": [],
  "hasData": true,
  "hasErrors": true,
}
[90mstdout[2m | src/components/QuestionsReview2.stories.tsx[2m > [22m[2mEssay Questions
[22m[39m[ChatContext] Created AssistantChat: mock-assistantchat-1776336984982 at: 2026-04-16T10:56:24.982Z
[90mstdout[2m | src/components/QuestionsReview2.stories.tsx[2m > [22m[2mEssay Questions
[22m[39m[ChatContext] AssistantChat query update: 1 items (synced)
[90mstdout[2m | src/components/QuestionsReview2.stories.tsx[2m > [22m[2mEssay Questions
[22m[39m[ChatContext] First item details: {
  "id": "mock-assistantchat-1776336984982",
  "updatedAt": "2026-04-16T10:56:24.982Z",
}
[90mstdout[2m | src/components/QuestionsReview2.stories.tsx[2m > [22m[2mEssay Questions
[22m[39m[ChatContext] AssistantChat list updated: 1 chats
[90mstdout[2m | src/components/QuestionsReview2.stories.tsx[2m > [22m[2mEssay Questions
[22m[39m[ChatContext] Setting initial chat: mock-assistantchat-1776336984982
[90mstdout[2m | src/components/QuestionsReview2.stories.tsx[2m > [22m[2mEssay Questions
[22m[39m[Mock Data] generateClient() called - returning mock client
[90mstdout[2m | src/components/QuestionsReview2.stories.tsx[2m > [22m[2mEssay Questions
[22m[39m[Mock amplifyClient] getAmplifyClient() called - returning mock client
[90mstdout[2m | src/components/QuestionsReview2.stories.tsx[2m > [22m[2mEssay Questions
[22m[39m[Mock Data] Document.get() called with id: mock-doc-essay
[90mstdout[2m | src/components/QuestionsReview2.stories.tsx[2m > [22m[2mEssay Questions
[22m[39m[Mock Data] ParsedContent.list() called with options: {
  "filter": {
    "documentID": {
      "eq": "mock-doc-essay",
    },
  },
}
[90mstdout[2m | src/components/QuestionsReview2.stories.tsx[2m > [22m[2mEssay Questions
[22m[39m[ChatContext] Chat exists and not archived, skipping creation
[90mstdout[2m | src/components/QuestionsReview2.stories.tsx[2m > [22m[2mEssay Questions
[22m[39m[useTranslationWithCapture] t() called: {
  "key": "questionsReview.sectionHeading",
  "mode": "off",
  "namespace": "components",
  "value": "Questions Review",
}
[90mstdout[2m | src/components/QuestionsReview2.stories.tsx[2m > [22m[2mEssay Questions
[22m[39m[useTranslationWithCapture] t() called: {
  "key": "questionsReview.from",
  "mode": "off",
  "namespace": "components",
  "value": "From",
}
[90mstdout[2m | src/components/QuestionsReview2.stories.tsx[2m > [22m[2mEssay Questions
[22m[39m[useTranslationWithCapture] t() called: {
  "key": "questionsReview.pages",
  "mode": "off",
  "namespace": "components",
  "value": "pages",
}
[90mstdout[2m | src/components/QuestionsReview2.stories.tsx[2m > [22m[2mEssay Questions
[22m[39m[useTranslationWithCapture] t() called: {
  "key": "questionsReview.deselectAll",
  "mode": "off",
  "namespace": "components",
  "value": "Deselect All",
}
[90mstdout[2m | src/components/QuestionsReview2.stories.tsx[2m > [22m[2mEssay Questions
[22m[39m[useTranslationWithCapture] t() called: {
  "key": "questionsReview.selectedCount",
  "mode": "off",
  "namespace": "components",
  "value": "3 of 3 selected",
}
[90mstdout[2m | src/components/QuestionsReview2.stories.tsx[2m > [22m[2mEssay Questions
[22m[39m[useTranslationWithCapture] t() called: {
  "key": "questionsReview.importToQuestionBank",
  "mode": "off",
  "namespace": "components",
  "value": "Import to Question Bank",
}
[90mstdout[2m | src/components/QuestionsReview2.stories.tsx[2m > [22m[2mComprehension Questions
[22m[39m[Mock Data] Settings subscription unsubscribed. Remaining: 0
[90mstdout[2m | src/components/QuestionsReview2.stories.tsx[2m > [22m[2mComprehension Questions
[22m[39m[ChatContext] Cleaning up subscription
[90mstdout[2m | src/components/QuestionsReview2.stories.tsx[2m > [22m[2mComprehension Questions
[22m[39m[Mock Data] AssistantChat subscription unsubscribed. Remaining: 0
[90mstdout[2m | src/components/QuestionsReview2.stories.tsx[2m > [22m[2mComprehension Questions
[22m[39m[Mock Data] File subscription unsubscribed. Remaining: 0
[90mstdout[2m | src/components/QuestionsReview2.stories.tsx[2m > [22m[2mComprehension Questions
[22m[39m[Mock Data] Document subscription unsubscribed. Remaining: 0
[90mstdout[2m | src/components/QuestionsReview2.stories.tsx[2m > [22m[2mComprehension Questions
[22m[39m[Mock Data] Word subscription unsubscribed. Remaining: 0
[90mstdout[2m | src/components/QuestionsReview2.stories.tsx[2m > [22m[2mComprehension Questions
[22m[39m[Mock Data] Question subscription unsubscribed. Remaining: 0
[90mstdout[2m | src/components/QuestionsReview2.stories.tsx[2m > [22m[2mComprehension Questions
[22m[39m[Mock Data] Grade subscription unsubscribed. Remaining: 0
[90mstdout[2m | src/components/QuestionsReview2.stories.tsx[2m > [22m[2mComprehension Questions
[22m[39m[Mock Data] Unit subscription unsubscribed. Remaining: 0
[90mstdout[2m | src/components/QuestionsReview2.stories.tsx[2m > [22m[2mComprehension Questions
[22m[39m[SectionContext] Cleaning up subscriptions
[90mstdout[2m | src/components/QuestionsReview2.stories.tsx[2m > [22m[2mComprehension Questions
[22m[39m[Mock Data] Section.onCreate() subscription removed. Remaining: 0
[90mstdout[2m | src/components/QuestionsReview2.stories.tsx[2m > [22m[2mComprehension Questions
[22m[39m[Mock Data] Section.onUpdate() subscription removed. Remaining: 0
[90mstdout[2m | src/components/QuestionsReview2.stories.tsx[2m > [22m[2mComprehension Questions
[22m[39m[Mock Data] Section.onDelete() subscription removed. Remaining: 0
[90mstdout[2m | src/components/QuestionsReview2.stories.tsx[2m > [22m[2mComprehension Questions
[22m[39m[Mock Data] Assignment.onCreate() subscription removed. Remaining: 0
[90mstdout[2m | src/components/QuestionsReview2.stories.tsx[2m > [22m[2mComprehension Questions
[22m[39m[Mock Data] Assignment.onUpdate() subscription removed. Remaining: 0
[90mstdout[2m | src/components/QuestionsReview2.stories.tsx[2m > [22m[2mComprehension Questions
[22m[39m[Mock Data] Assignment.onDelete() subscription removed. Remaining: 0
[90mstdout[2m | src/components/QuestionsReview2.stories.tsx[2m > [22m[2mComprehension Questions
[22m[39m[Mock Data] ParsedContent subscription unsubscribed. Remaining: 0
[90mstdout[2m | src/components/QuestionsReview2.stories.tsx[2m > [22m[2mComprehension Questions
[22m[39m[Mock Data] Clearing all data stores
[90mstdout[2m | src/components/QuestionsReview2.stories.tsx[2m > [22m[2mComprehension Questions
[22m[39m[Mock Data] All data stores cleared
[90mstdout[2m | src/components/QuestionsReview2.stories.tsx[2m > [22m[2mComprehension Questions
[22m[39m[Preview] Cleared mock data for story
[90mstdout[2m | src/components/QuestionsReview2.stories.tsx[2m > [22m[2mComprehension Questions
[22m[39m[Preview] Skipped initializing default mock data (initializeMockData=false)
[90mstdout[2m | src/components/QuestionsReview2.stories.tsx[2m > [22m[2mComprehension Questions
[22m[39m[Mock Data] seedMockDocuments: Adding 1 documents
[90mstdout[2m | src/components/QuestionsReview2.stories.tsx[2m > [22m[2mComprehension Questions
[22m[39m[Mock Data] seedMockParsedContent: Adding 1 parsed content records
[90mstdout[2m | src/components/QuestionsReview2.stories.tsx[2m > [22m[2mComprehension Questions
[22m[39m[Mock AuthContext] Providing auth: {
  "error": undefined,
  "isLoading": false,
  "session": {
    "idToken": {
      "toString": [Function toString],
    },
    "identityId": "us-east-1:mock-identity-123",
    "username": "mock-user-sub",
  },
  "user": {
    "attributes": {
      "email": "alice@example.com",
      "name": "Alice Student",
      "sub": "mock-user-sub",
    },
  },
}
[90mstdout[2m | src/components/QuestionsReview2.stories.tsx[2m > [22m[2mComprehension Questions
[22m[39m[Mock Data] generateClient() called - returning mock client
[90mstdout[2m | src/components/QuestionsReview2.stories.tsx[2m > [22m[2mComprehension Questions
[22m[39m[Mock amplifyClient] getAmplifyClient() called - returning mock client
[90mstdout[2m | src/components/QuestionsReview2.stories.tsx[2m > [22m[2mComprehension Questions
[22m[39m[MOCK CourseVectorStore] Initialized with mock data
[90mstdout[2m | src/components/QuestionsReview2.stories.tsx[2m > [22m[2mComprehension Questions
[22m[39m[TranslationModeController] Setting mode to: off
[90mstdout[2m | src/components/QuestionsReview2.stories.tsx[2m > [22m[2mComprehension Questions
[22m[39m[SectionContext] useEffect triggered {
  "authLoading": false,
  "hasUser": true,
  "userSub": "mock-user-sub",
}
[90mstdout[2m | src/components/QuestionsReview2.stories.tsx[2m > [22m[2mComprehension Questions
[22m[39m[SectionContext] Fetching sections for userId: mock-user-sub
[90mstdout[2m | src/components/QuestionsReview2.stories.tsx[2m > [22m[2mComprehension Questions
[22m[39m[Mock Data] generateClient() called - returning mock client
[90mstdout[2m | src/components/QuestionsReview2.stories.tsx[2m > [22m[2mComprehension Questions
[22m[39m[Mock amplifyClient] getAmplifyClient() called - returning mock client
[90mstdout[2m | src/components/QuestionsReview2.stories.tsx[2m > [22m[2mComprehension Questions
[22m[39m[Mock Data] Section.list() called with options: undefined
[90mstdout[2m | src/components/QuestionsReview2.stories.tsx[2m > [22m[2mComprehension Questions
[22m[39m[Mock Data] generateClient() called - returning mock client
[90mstdout[2m | src/components/QuestionsReview2.stories.tsx[2m > [22m[2mComprehension Questions
[22m[39m[Mock amplifyClient] getAmplifyClient() called - returning mock client
[90mstdout[2m | src/components/QuestionsReview2.stories.tsx[2m > [22m[2mComprehension Questions
[22m[39m[Mock Data] Assignment.list() called with options: {
  "filter": {
    "unitID": {
      "eq": "mock-unit-1",
    },
  },
}
[90mstdout[2m | src/components/QuestionsReview2.stories.tsx[2m > [22m[2mComprehension Questions
[22m[39m[Mock Data] generateClient() called - returning mock client
[90mstdout[2m | src/components/QuestionsReview2.stories.tsx[2m > [22m[2mComprehension Questions
[22m[39m[Mock amplifyClient] getAmplifyClient() called - returning mock client
[90mstdout[2m | src/components/QuestionsReview2.stories.tsx[2m > [22m[2mComprehension Questions
[22m[39m[Mock Data] Grade.observeQuery() called with filter: {
  "filter": {
    "unitID": {
      "eq": "mock-unit-1",
    },
  },
}
[90mstdout[2m | src/components/QuestionsReview2.stories.tsx[2m > [22m[2mComprehension Questions
[22m[39m[Mock Data] Grade.observeQuery() applying filter: {
  "unitID": {
    "eq": "mock-unit-1",
  },
}
[90mstdout[2m | src/components/QuestionsReview2.stories.tsx[2m > [22m[2mComprehension Questions
[22m[39m[Mock Data] Grade.observeQuery() items before filter: 0
[90mstdout[2m | src/components/QuestionsReview2.stories.tsx[2m > [22m[2mComprehension Questions
[22m[39m[Mock Data] Grade.observeQuery() items after filter: 0
[90mstdout[2m | src/components/QuestionsReview2.stories.tsx[2m > [22m[2mComprehension Questions
[22m[39m[Mock Data] Grade.observeQuery() returning 0 items (filter applied) {
  "filter": {
    "unitID": {
      "eq": "mock-unit-1",
    },
  },
}
[90mstdout[2m | src/components/QuestionsReview2.stories.tsx[2m > [22m[2mComprehension Questions
[22m[39m[Mock Data] Grade subscription added. Total subscriptions: 1
[90mstdout[2m | src/components/QuestionsReview2.stories.tsx[2m > [22m[2mComprehension Questions
[22m[39m[UnitContext] useEffect triggered {
  "authLoading": false,
  "hasUser": true,
  "id": "mock-unit-1",
  "userSub": "mock-user-sub",
}
[90mstdout[2m | src/components/QuestionsReview2.stories.tsx[2m > [22m[2mComprehension Questions
[22m[39m[UnitContext] Fetching unit data for id: mock-unit-1
[90mstdout[2m | src/components/QuestionsReview2.stories.tsx[2m > [22m[2mComprehension Questions
[22m[39m[Mock Data] generateClient() called - returning mock client
[90mstdout[2m | src/components/QuestionsReview2.stories.tsx[2m > [22m[2mComprehension Questions
[22m[39m[Mock amplifyClient] getAmplifyClient() called - returning mock client
[90mstdout[2m | src/components/QuestionsReview2.stories.tsx[2m > [22m[2mComprehension Questions
[22m[39m[Mock Data] Unit.observeQuery() called with filter: {
  "filter": {
    "id": {
      "eq": "mock-unit-1",
    },
  },
}
[90mstdout[2m | src/components/QuestionsReview2.stories.tsx[2m > [22m[2mComprehension Questions
[22m[39m[Mock Data] Unit.observeQuery() applying filter: {
  "id": {
    "eq": "mock-unit-1",
  },
}
[90mstdout[2m | src/components/QuestionsReview2.stories.tsx[2m > [22m[2mComprehension Questions
[22m[39m[Mock Data] Unit.observeQuery() items before filter: 0
[90mstdout[2m | src/components/QuestionsReview2.stories.tsx[2m > [22m[2mComprehension Questions
[22m[39m[Mock Data] Unit.observeQuery() items after filter: 0
[90mstdout[2m | src/components/QuestionsReview2.stories.tsx[2m > [22m[2mComprehension Questions
[22m[39m[Mock Data] Unit.observeQuery() returning 0 items (filter applied) {
  "filter": {
    "id": {
      "eq": "mock-unit-1",
    },
  },
}
[90mstdout[2m | src/components/QuestionsReview2.stories.tsx[2m > [22m[2mComprehension Questions
[22m[39m[Mock Data] Unit subscription added. Total subscriptions: 1
[90mstdout[2m | src/components/QuestionsReview2.stories.tsx[2m > [22m[2mComprehension Questions
[22m[39m[Mock Data] generateClient() called - returning mock client
[90mstdout[2m | src/components/QuestionsReview2.stories.tsx[2m > [22m[2mComprehension Questions
[22m[39m[Mock amplifyClient] getAmplifyClient() called - returning mock client
[90mstdout[2m | src/components/QuestionsReview2.stories.tsx[2m > [22m[2mComprehension Questions
[22m[39m[Mock Data] Word.observeQuery() called with filter: undefined
[90mstdout[2m | src/components/QuestionsReview2.stories.tsx[2m > [22m[2mComprehension Questions
[22m[39m[Mock Data] Word.observeQuery() returning 0 items (filter applied) undefined
[90mstdout[2m | src/components/QuestionsReview2.stories.tsx[2m > [22m[2mComprehension Questions
[22m[39m[Mock Data] Word subscription added. Total subscriptions: 1
[90mstdout[2m | src/components/QuestionsReview2.stories.tsx[2m > [22m[2mComprehension Questions
[22m[39m[Mock Data] generateClient() called - returning mock client
[90mstdout[2m | src/components/QuestionsReview2.stories.tsx[2m > [22m[2mComprehension Questions
[22m[39m[Mock amplifyClient] getAmplifyClient() called - returning mock client
[90mstdout[2m | src/components/QuestionsReview2.stories.tsx[2m > [22m[2mComprehension Questions
[22m[39m[Mock Data] Question.observeQuery() called with filter: undefined
[90mstdout[2m | src/components/QuestionsReview2.stories.tsx[2m > [22m[2mComprehension Questions
[22m[39m[Mock Data] Question.observeQuery() returning 0 items (filter applied) undefined
[90mstdout[2m | src/components/QuestionsReview2.stories.tsx[2m > [22m[2mComprehension Questions
[22m[39m[Mock Data] Question subscription added. Total subscriptions: 1
[90mstdout[2m | src/components/QuestionsReview2.stories.tsx[2m > [22m[2mComprehension Questions
[22m[39m[FilesContext] Initializing vector store from IndexedDB
[90mstdout[2m | src/components/QuestionsReview2.stories.tsx[2m > [22m[2mComprehension Questions
[22m[39m[FilesContext] fetchFiles called
[90mstdout[2m | src/components/QuestionsReview2.stories.tsx[2m > [22m[2mComprehension Questions
[22m[39m[FilesContext] User authenticated: mock-user-sub
[90mstdout[2m | src/components/QuestionsReview2.stories.tsx[2m > [22m[2mComprehension Questions
[22m[39m[FilesContext] Identity ID: us-east-1:mock-identity-123
[90mstdout[2m | src/components/QuestionsReview2.stories.tsx[2m > [22m[2mComprehension Questions
[22m[39m[FilesContext] About to subscribe to File model
[90mstdout[2m | src/components/QuestionsReview2.stories.tsx[2m > [22m[2mComprehension Questions
[22m[39m[Mock Data] generateClient() called - returning mock client
[90mstdout[2m | src/components/QuestionsReview2.stories.tsx[2m > [22m[2mComprehension Questions
[22m[39m[Mock amplifyClient] getAmplifyClient() called - returning mock client
[90mstdout[2m | src/components/QuestionsReview2.stories.tsx[2m > [22m[2mComprehension Questions
[22m[39m[Mock Data] File.observeQuery() called with filter: undefined
[90mstdout[2m | src/components/QuestionsReview2.stories.tsx[2m > [22m[2mComprehension Questions
[22m[39m[Mock Data] File.observeQuery() returning 0 items (filter applied) undefined
[90mstdout[2m | src/components/QuestionsReview2.stories.tsx[2m > [22m[2mComprehension Questions
[22m[39m[Mock Data] File subscription added. Total subscriptions: 1
[90mstdout[2m | src/components/QuestionsReview2.stories.tsx[2m > [22m[2mComprehension Questions
[22m[39m[Mock Data] generateClient() called - returning mock client
[90mstdout[2m | src/components/QuestionsReview2.stories.tsx[2m > [22m[2mComprehension Questions
[22m[39m[Mock amplifyClient] getAmplifyClient() called - returning mock client
[90mstdout[2m | src/components/QuestionsReview2.stories.tsx[2m > [22m[2mComprehension Questions
[22m[39m[Mock Data] Document.observeQuery() called with filter: undefined
[90mstdout[2m | src/components/QuestionsReview2.stories.tsx[2m > [22m[2mComprehension Questions
[22m[39m[Mock Data] Document.observeQuery() returning 1 items (filter applied) undefined
[90mstdout[2m | src/components/QuestionsReview2.stories.tsx[2m > [22m[2mComprehension Questions
[22m[39m[Mock Data] Document subscription added. Total subscriptions: 1
[90mstdout[2m | src/components/QuestionsReview2.stories.tsx[2m > [22m[2mComprehension Questions
[22m[39m[ChatContext] Setting up observeQuery for AssistantChat
[90mstdout[2m | src/components/QuestionsReview2.stories.tsx[2m > [22m[2mComprehension Questions
[22m[39m[Mock Data] AssistantChat.observeQuery() called with filter: {
  "sortDirection": "DESC",
  "sortField": "createdAt",
}
[90mstdout[2m | src/components/QuestionsReview2.stories.tsx[2m > [22m[2mComprehension Questions
[22m[39m[Mock Data] AssistantChat.observeQuery() returning 0 items (filter applied) {
  "sortDirection": "DESC",
  "sortField": "createdAt",
}
[90mstdout[2m | src/components/QuestionsReview2.stories.tsx[2m > [22m[2mComprehension Questions
[22m[39m[Mock Data] AssistantChat subscription added. Total subscriptions: 1
[90mstdout[2m | src/components/QuestionsReview2.stories.tsx[2m > [22m[2mComprehension Questions
[22m[39m[ChatContext] Waiting for subscription to initialize
[90mstdout[2m | src/components/QuestionsReview2.stories.tsx[2m > [22m[2mComprehension Questions
[22m[39m[SettingsContext] Setting up Settings subscription for user: mock-user-sub
[90mstdout[2m | src/components/QuestionsReview2.stories.tsx[2m > [22m[2mComprehension Questions
[22m[39m[Mock Data] generateClient() called - returning mock client
[90mstdout[2m | src/components/QuestionsReview2.stories.tsx[2m > [22m[2mComprehension Questions
[22m[39m[Mock amplifyClient] getAmplifyClient() called - returning mock client
[90mstdout[2m | src/components/QuestionsReview2.stories.tsx[2m > [22m[2mComprehension Questions
[22m[39m[Mock Data] Settings.observeQuery() called with filter: undefined
[90mstdout[2m | src/components/QuestionsReview2.stories.tsx[2m > [22m[2mComprehension Questions
[22m[39m[Mock Data] Settings.observeQuery() returning 0 items (filter applied) undefined
[90mstdout[2m | src/components/QuestionsReview2.stories.tsx[2m > [22m[2mComprehension Questions
[22m[39m[Mock Data] Settings subscription added. Total subscriptions: 1
[90mstdout[2m | src/components/QuestionsReview2.stories.tsx[2m > [22m[2mComprehension Questions
[22m[39m[SectionContext] Initial sections: 0 []
[90mstdout[2m | src/components/QuestionsReview2.stories.tsx[2m > [22m[2mComprehension Questions
[22m[39m[Mock Data] Section.onCreate() called with filter: undefined
[90mstdout[2m | src/components/QuestionsReview2.stories.tsx[2m > [22m[2mComprehension Questions
[22m[39m[Mock Data] Section.onCreate() subscription added. Total: 1
[90mstdout[2m | src/components/QuestionsReview2.stories.tsx[2m > [22m[2mComprehension Questions
[22m[39m[Mock Data] Section.onUpdate() called with filter: undefined
[90mstdout[2m | src/components/QuestionsReview2.stories.tsx[2m > [22m[2mComprehension Questions
[22m[39m[Mock Data] Section.onUpdate() subscription added. Total: 1
[90mstdout[2m | src/components/QuestionsReview2.stories.tsx[2m > [22m[2mComprehension Questions
[22m[39m[Mock Data] Section.onDelete() called with filter: undefined
[90mstdout[2m | src/components/QuestionsReview2.stories.tsx[2m > [22m[2mComprehension Questions
[22m[39m[Mock Data] Section.onDelete() subscription added. Total: 1
[90mstdout[2m | src/components/QuestionsReview2.stories.tsx[2m > [22m[2mComprehension Questions
[22m[39m[Mock Data] Assignment.onCreate() called with filter: {
  "filter": {
    "unitID": {
      "eq": "mock-unit-1",
    },
  },
}
[90mstdout[2m | src/components/QuestionsReview2.stories.tsx[2m > [22m[2mComprehension Questions
[22m[39m[Mock Data] Assignment.onCreate() subscription added. Total: 1
[90mstdout[2m | src/components/QuestionsReview2.stories.tsx[2m > [22m[2mComprehension Questions
[22m[39m[Mock Data] Assignment.onUpdate() called with filter: {
  "filter": {
    "unitID": {
      "eq": "mock-unit-1",
    },
  },
}
[90mstdout[2m | src/components/QuestionsReview2.stories.tsx[2m > [22m[2mComprehension Questions
[22m[39m[Mock Data] Assignment.onUpdate() subscription added. Total: 1
[90mstdout[2m | src/components/QuestionsReview2.stories.tsx[2m > [22m[2mComprehension Questions
[22m[39m[Mock Data] Assignment.onDelete() called with filter: {
  "filter": {
    "unitID": {
      "eq": "mock-unit-1",
    },
  },
}
[90mstdout[2m | src/components/QuestionsReview2.stories.tsx[2m > [22m[2mComprehension Questions
[22m[39m[Mock Data] Assignment.onDelete() subscription added. Total: 1
[90mstdout[2m | src/components/QuestionsReview2.stories.tsx[2m > [22m[2mComprehension Questions
[22m[39m[FilesContext] File observeQuery subscription triggered:
[90mstdout[2m | src/components/QuestionsReview2.stories.tsx[2m > [22m[2mComprehension Questions
[22m[39m  - items.length: 0
[90mstdout[2m | src/components/QuestionsReview2.stories.tsx[2m > [22m[2mComprehension Questions
[22m[39m  - isSynced: true
[90mstdout[2m | src/components/QuestionsReview2.stories.tsx[2m > [22m[2mComprehension Questions
[22m[39m  - items: []
[90mstdout[2m | src/components/QuestionsReview2.stories.tsx[2m > [22m[2mComprehension Questions
[22m[39m[FilesContext] Document count changed: 0 → 1
[90mstdout[2m | src/components/QuestionsReview2.stories.tsx[2m > [22m[2mComprehension Questions
[22m[39m[MOCK CourseVectorStore] Initialized with mock data
[90mstdout[2m | src/components/QuestionsReview2.stories.tsx[2m > [22m[2mComprehension Questions
[22m[39m[useTranslationWithCapture] t() called: {
  "key": "questionsReview.loading",
  "mode": "off",
  "namespace": "components",
  "value": "Loading questions...",
}
[90mstdout[2m | src/components/QuestionsReview2.stories.tsx[2m > [22m[2mComprehension Questions
[22m[39m[ChatContext] AssistantChat query update: 0 items (synced)
[90mstdout[2m | src/components/QuestionsReview2.stories.tsx[2m > [22m[2mComprehension Questions
[22m[39m[ChatContext] AssistantChat subscription initialized
[90mstdout[2m | src/components/QuestionsReview2.stories.tsx[2m > [22m[2mComprehension Questions
[22m[39m[ChatContext] AssistantChat list updated: 0 chats
[90mstdout[2m | src/components/QuestionsReview2.stories.tsx[2m > [22m[2mComprehension Questions
[22m[39m[Mock Data] Settings.create() called with: {
  "assistantVoice": "shimmer",
  "autoAnalyzeDocuments": true,
  "defaultAIModel": "gpt-4",
  "documentAnalysisModel": "gpt-4",
  "editorFontSize": 14,
  "editorTheme": "auto",
  "emailNotifications": true,
  "language": "en",
  "webhookNotifications": false,
}
[90mstdout[2m | src/components/QuestionsReview2.stories.tsx[2m > [22m[2mComprehension Questions
[22m[39m[Mock Data] Settings created: mock-settings-1776336985275 - notified 1 subscribers
[90mstdout[2m | src/components/QuestionsReview2.stories.tsx[2m > [22m[2mComprehension Questions
[22m[39m[Mock Data] generateClient() called - returning mock client
[90mstdout[2m | src/components/QuestionsReview2.stories.tsx[2m > [22m[2mComprehension Questions
[22m[39m[Mock amplifyClient] getAmplifyClient() called - returning mock client
[90mstdout[2m | src/components/QuestionsReview2.stories.tsx[2m > [22m[2mComprehension Questions
[22m[39m[Mock Data] Document.get() called with id: mock-doc-comprehension
[90mstdout[2m | src/components/QuestionsReview2.stories.tsx[2m > [22m[2mComprehension Questions
[22m[39m[Mock Data] generateClient() called - returning mock client
[90mstdout[2m | src/components/QuestionsReview2.stories.tsx[2m > [22m[2mComprehension Questions
[22m[39m[Mock amplifyClient] getAmplifyClient() called - returning mock client
[90mstdout[2m | src/components/QuestionsReview2.stories.tsx[2m > [22m[2mComprehension Questions
[22m[39m[Mock Data] ParsedContent.observeQuery() called with filter: undefined
[90mstdout[2m | src/components/QuestionsReview2.stories.tsx[2m > [22m[2mComprehension Questions
[22m[39m[Mock Data] ParsedContent.observeQuery() returning 1 items (filter applied) undefined
[90mstdout[2m | src/components/QuestionsReview2.stories.tsx[2m > [22m[2mComprehension Questions
[22m[39m[Mock Data] ParsedContent subscription added. Total subscriptions: 1
[90mstdout[2m | src/components/QuestionsReview2.stories.tsx[2m > [22m[2mComprehension Questions
[22m[39m[ChatContext] No chats found, clearing current chat - new one will be created
[90mstdout[2m | src/components/QuestionsReview2.stories.tsx[2m > [22m[2mComprehension Questions
[22m[39m[Mock Data] ParsedContent.list() called with options: {
  "filter": {
    "documentID": {
      "eq": "mock-doc-comprehension",
    },
  },
}
[90mstdout[2m | src/components/QuestionsReview2.stories.tsx[2m > [22m[2mComprehension Questions
[22m[39m[ChatContext] No current chat available, will create one
[90mstdout[2m | src/components/QuestionsReview2.stories.tsx[2m > [22m[2mComprehension Questions
[22m[39m[ChatContext] Creating AssistantChat with user: undefined
[90mstdout[2m | src/components/QuestionsReview2.stories.tsx[2m > [22m[2mComprehension Questions
[22m[39m[Mock Data] AssistantChat.create() called with: {
  "archived": false,
  "model": "gpt-4",
}
[90mstdout[2m | src/components/QuestionsReview2.stories.tsx[2m > [22m[2mComprehension Questions
[22m[39m[Mock Data] AssistantChat created: mock-assistantchat-1776336985331 - notified 1 subscribers
[90mstdout[2m | src/components/QuestionsReview2.stories.tsx[2m > [22m[2mComprehension Questions
[22m[39m[useTranslationWithCapture] t() called: {
  "key": "questionsReview.sectionHeading",
  "mode": "off",
  "namespace": "components",
  "value": "Questions Review",
}
[90mstdout[2m | src/components/QuestionsReview2.stories.tsx[2m > [22m[2mComprehension Questions
[22m[39m[useTranslationWithCapture] t() called: {
  "key": "questionsReview.from",
  "mode": "off",
  "namespace": "components",
  "value": "From",
}
[90mstdout[2m | src/components/QuestionsReview2.stories.tsx[2m > [22m[2mComprehension Questions
[22m[39m[useTranslationWithCapture] t() called: {
  "key": "questionsReview.pages",
  "mode": "off",
  "namespace": "components",
  "value": "pages",
}
[90mstdout[2m | src/components/QuestionsReview2.stories.tsx[2m > [22m[2mComprehension Questions
[22m[39m[useTranslationWithCapture] t() called: {
  "key": "questionsReview.deselectAll",
  "mode": "off",
  "namespace": "components",
  "value": "Deselect All",
}
[90mstdout[2m | src/components/QuestionsReview2.stories.tsx[2m > [22m[2mComprehension Questions
[22m[39m[useTranslationWithCapture] t() called: {
  "key": "questionsReview.selectedCount",
  "mode": "off",
  "namespace": "components",
  "value": "3 of 3 selected",
}
[90mstdout[2m | src/components/QuestionsReview2.stories.tsx[2m > [22m[2mComprehension Questions
[22m[39m[useTranslationWithCapture] t() called: {
  "key": "questionsReview.importToQuestionBank",
  "mode": "off",
  "namespace": "components",
  "value": "Import to Question Bank",
}
[90mstdout[2m | src/components/QuestionsReview2.stories.tsx[2m > [22m[2mComprehension Questions
[22m[39m[useTranslationWithCapture] t() called: {
  "key": "questionsReview.sectionHeading",
  "mode": "off",
  "namespace": "components",
  "value": "Questions Review",
}
[90mstdout[2m | src/components/QuestionsReview2.stories.tsx[2m > [22m[2mComprehension Questions
[22m[39m[useTranslationWithCapture] t() called: {
  "key": "questionsReview.from",
  "mode": "off",
  "namespace": "components",
  "value": "From",
}
[90mstdout[2m | src/components/QuestionsReview2.stories.tsx[2m > [22m[2mComprehension Questions
[22m[39m[useTranslationWithCapture] t() called: {
  "key": "questionsReview.pages",
  "mode": "off",
  "namespace": "components",
  "value": "pages",
}
[90mstdout[2m | src/components/QuestionsReview2.stories.tsx[2m > [22m[2mComprehension Questions
[22m[39m[useTranslationWithCapture] t() called: {
  "key": "questionsReview.deselectAll",
  "mode": "off",
  "namespace": "components",
  "value": "Deselect All",
}
[90mstdout[2m | src/components/QuestionsReview2.stories.tsx[2m > [22m[2mComprehension Questions
[22m[39m[useTranslationWithCapture] t() called: {
  "key": "questionsReview.selectedCount",
  "mode": "off",
  "namespace": "components",
  "value": "3 of 3 selected",
}
[90mstdout[2m | src/components/QuestionsReview2.stories.tsx[2m > [22m[2mComprehension Questions
[22m[39m[useTranslationWithCapture] t() called: {
  "key": "questionsReview.importToQuestionBank",
  "mode": "off",
  "namespace": "components",
  "value": "Import to Question Bank",
}
[90mstdout[2m | src/components/QuestionsReview2.stories.tsx[2m > [22m[2mComprehension Questions
[22m[39m[useTranslationWithCapture] t() called: {
  "key": "questionsReview.sectionHeading",
  "mode": "off",
  "namespace": "components",
  "value": "Questions Review",
}
[90mstdout[2m | src/components/QuestionsReview2.stories.tsx[2m > [22m[2mComprehension Questions
[22m[39m[useTranslationWithCapture] t() called: {
  "key": "questionsReview.from",
  "mode": "off",
  "namespace": "components",
  "value": "From",
}
[90mstdout[2m | src/components/QuestionsReview2.stories.tsx[2m > [22m[2mComprehension Questions
[22m[39m[useTranslationWithCapture] t() called: {
  "key": "questionsReview.pages",
  "mode": "off",
  "namespace": "components",
  "value": "pages",
}
[90mstdout[2m | src/components/QuestionsReview2.stories.tsx[2m > [22m[2mComprehension Questions
[22m[39m[useTranslationWithCapture] t() called: {
  "key": "questionsReview.deselectAll",
  "mode": "off",
  "namespace": "components",
  "value": "Deselect All",
}
[90mstdout[2m | src/components/QuestionsReview2.stories.tsx[2m > [22m[2mComprehension Questions
[22m[39m[useTranslationWithCapture] t() called: {
  "key": "questionsReview.selectedCount",
  "mode": "off",
  "namespace": "components",
  "value": "3 of 3 selected",
}
[90mstdout[2m | src/components/QuestionsReview2.stories.tsx[2m > [22m[2mComprehension Questions
[22m[39m[useTranslationWithCapture] t() called: {
  "key": "questionsReview.importToQuestionBank",
  "mode": "off",
  "namespace": "components",
  "value": "Import to Question Bank",
}
[90mstdout[2m | src/components/QuestionsReview2.stories.tsx[2m > [22m[2mComprehension Questions
[22m[39m[ChatContext] Create result: {
  "data": {
    "_version": 1,
    "archived": false,
    "chatFiles": [Function anonymous],
    "createdAt": "2026-04-16T10:56:25.331Z",
    "id": "mock-assistantchat-1776336985331",
    "model": "gpt-4",
    "updatedAt": "2026-04-16T10:56:25.331Z",
  },
  "errors": [],
  "hasData": true,
  "hasErrors": true,
}
[90mstdout[2m | src/components/QuestionsReview2.stories.tsx[2m > [22m[2mComprehension Questions
[22m[39m[ChatContext] Created AssistantChat: mock-assistantchat-1776336985331 at: 2026-04-16T10:56:25.331Z
[90mstdout[2m | src/components/QuestionsReview2.stories.tsx[2m > [22m[2mMixed Difficulty
[22m[39m[ChatContext] AssistantChat query update: 1 items (synced)
[90mstdout[2m | src/components/QuestionsReview2.stories.tsx[2m > [22m[2mMixed Difficulty
[22m[39m[ChatContext] First item details: {
  "id": "mock-assistantchat-1776336985331",
  "updatedAt": "2026-04-16T10:56:25.331Z",
}
[90mstdout[2m | src/components/QuestionsReview2.stories.tsx[2m > [22m[2mMixed Difficulty
[22m[39m[ChatContext] AssistantChat list updated: 1 chats
[90mstdout[2m | src/components/QuestionsReview2.stories.tsx[2m > [22m[2mMixed Difficulty
[22m[39m[ChatContext] Setting initial chat: mock-assistantchat-1776336985331
[90mstdout[2m | src/components/QuestionsReview2.stories.tsx[2m > [22m[2mMixed Difficulty
[22m[39m[Mock Data] generateClient() called - returning mock client
[90mstdout[2m | src/components/QuestionsReview2.stories.tsx[2m > [22m[2mMixed Difficulty
[22m[39m[Mock amplifyClient] getAmplifyClient() called - returning mock client
[90mstdout[2m | src/components/QuestionsReview2.stories.tsx[2m > [22m[2mMixed Difficulty
[22m[39m[Mock Data] Document.get() called with id: mock-doc-comprehension
[90mstdout[2m | src/components/QuestionsReview2.stories.tsx[2m > [22m[2mMixed Difficulty
[22m[39m[Mock Data] ParsedContent.list() called with options: {
  "filter": {
    "documentID": {
      "eq": "mock-doc-comprehension",
    },
  },
}
[90mstdout[2m | src/components/QuestionsReview2.stories.tsx[2m > [22m[2mMixed Difficulty
[22m[39m[ChatContext] Chat exists and not archived, skipping creation
[90mstdout[2m | src/components/QuestionsReview2.stories.tsx[2m > [22m[2mMixed Difficulty
[22m[39m[useTranslationWithCapture] t() called: {
  "key": "questionsReview.sectionHeading",
  "mode": "off",
  "namespace": "components",
  "value": "Questions Review",
}
[90mstdout[2m | src/components/QuestionsReview2.stories.tsx[2m > [22m[2mMixed Difficulty
[22m[39m[useTranslationWithCapture] t() called: {
  "key": "questionsReview.from",
  "mode": "off",
  "namespace": "components",
  "value": "From",
}
[90mstdout[2m | src/components/QuestionsReview2.stories.tsx[2m > [22m[2mMixed Difficulty
[22m[39m[useTranslationWithCapture] t() called: {
  "key": "questionsReview.pages",
  "mode": "off",
  "namespace": "components",
  "value": "pages",
}
[90mstdout[2m | src/components/QuestionsReview2.stories.tsx[2m > [22m[2mMixed Difficulty
[22m[39m[useTranslationWithCapture] t() called: {
  "key": "questionsReview.deselectAll",
  "mode": "off",
  "namespace": "components",
  "value": "Deselect All",
}
[90mstdout[2m | src/components/QuestionsReview2.stories.tsx[2m > [22m[2mMixed Difficulty
[22m[39m[useTranslationWithCapture] t() called: {
  "key": "questionsReview.selectedCount",
  "mode": "off",
  "namespace": "components",
  "value": "3 of 3 selected",
}
[90mstdout[2m | src/components/QuestionsReview2.stories.tsx[2m > [22m[2mMixed Difficulty
[22m[39m[useTranslationWithCapture] t() called: {
  "key": "questionsReview.importToQuestionBank",
  "mode": "off",
  "namespace": "components",
  "value": "Import to Question Bank",
}
[90mstdout[2m | src/components/QuestionsReview2.stories.tsx[2m > [22m[2mMixed Difficulty
[22m[39m[Mock Data] Settings subscription unsubscribed. Remaining: 0
[90mstdout[2m | src/components/QuestionsReview2.stories.tsx[2m > [22m[2mMixed Difficulty
[22m[39m[ChatContext] Cleaning up subscription
[90mstdout[2m | src/components/QuestionsReview2.stories.tsx[2m > [22m[2mMixed Difficulty
[22m[39m[Mock Data] AssistantChat subscription unsubscribed. Remaining: 0
[90mstdout[2m | src/components/QuestionsReview2.stories.tsx[2m > [22m[2mMixed Difficulty
[22m[39m[Mock Data] File subscription unsubscribed. Remaining: 0
[90mstdout[2m | src/components/QuestionsReview2.stories.tsx[2m > [22m[2mMixed Difficulty
[22m[39m[Mock Data] Document subscription unsubscribed. Remaining: 0
[90mstdout[2m | src/components/QuestionsReview2.stories.tsx[2m > [22m[2mMixed Difficulty
[22m[39m[Mock Data] Word subscription unsubscribed. Remaining: 0
[90mstdout[2m | src/components/QuestionsReview2.stories.tsx[2m > [22m[2mMixed Difficulty
[22m[39m[Mock Data] Question subscription unsubscribed. Remaining: 0
[90mstdout[2m | src/components/QuestionsReview2.stories.tsx[2m > [22m[2mMixed Difficulty
[22m[39m[Mock Data] Grade subscription unsubscribed. Remaining: 0
[90mstdout[2m | src/components/QuestionsReview2.stories.tsx[2m > [22m[2mMixed Difficulty
[22m[39m[Mock Data] Unit subscription unsubscribed. Remaining: 0
[90mstdout[2m | src/components/QuestionsReview2.stories.tsx[2m > [22m[2mMixed Difficulty
[22m[39m[SectionContext] Cleaning up subscriptions
[90mstdout[2m | src/components/QuestionsReview2.stories.tsx[2m > [22m[2mMixed Difficulty
[22m[39m[Mock Data] Section.onCreate() subscription removed. Remaining: 0
[90mstdout[2m | src/components/QuestionsReview2.stories.tsx[2m > [22m[2mMixed Difficulty
[22m[39m[Mock Data] Section.onUpdate() subscription removed. Remaining: 0
[90mstdout[2m | src/components/QuestionsReview2.stories.tsx[2m > [22m[2mMixed Difficulty
[22m[39m[Mock Data] Section.onDelete() subscription removed. Remaining: 0
[90mstdout[2m | src/components/QuestionsReview2.stories.tsx[2m > [22m[2mMixed Difficulty
[22m[39m[Mock Data] Assignment.onCreate() subscription removed. Remaining: 0
[90mstdout[2m | src/components/QuestionsReview2.stories.tsx[2m > [22m[2mMixed Difficulty
[22m[39m[Mock Data] Assignment.onUpdate() subscription removed. Remaining: 0
[90mstdout[2m | src/components/QuestionsReview2.stories.tsx[2m > [22m[2mMixed Difficulty
[22m[39m[Mock Data] Assignment.onDelete() subscription removed. Remaining: 0
[90mstdout[2m | src/components/QuestionsReview2.stories.tsx[2m > [22m[2mMixed Difficulty
[22m[39m[Mock Data] ParsedContent subscription unsubscribed. Remaining: 0
[90mstdout[2m | src/components/QuestionsReview2.stories.tsx[2m > [22m[2mMixed Difficulty
[22m[39m[Mock Data] Clearing all data stores
[90mstdout[2m | src/components/QuestionsReview2.stories.tsx[2m > [22m[2mMixed Difficulty
[22m[39m[Mock Data] All data stores cleared
[90mstdout[2m | src/components/QuestionsReview2.stories.tsx[2m > [22m[2mMixed Difficulty
[22m[39m[Preview] Cleared mock data for story
[90mstdout[2m | src/components/QuestionsReview2.stories.tsx[2m > [22m[2mMixed Difficulty
[22m[39m[Preview] Skipped initializing default mock data (initializeMockData=false)
[90mstdout[2m | src/components/QuestionsReview2.stories.tsx[2m > [22m[2mMixed Difficulty
[22m[39m[Mock Data] seedMockDocuments: Adding 1 documents
[90mstdout[2m | src/components/QuestionsReview2.stories.tsx[2m > [22m[2mMixed Difficulty
[22m[39m[Mock Data] seedMockParsedContent: Adding 1 parsed content records
[90mstdout[2m | src/components/QuestionsReview2.stories.tsx[2m > [22m[2mMixed Difficulty
[22m[39m[Mock AuthContext] Providing auth: {
  "error": undefined,
  "isLoading": false,
  "session": {
    "idToken": {
      "toString": [Function toString],
    },
    "identityId": "us-east-1:mock-identity-123",
    "username": "mock-user-sub",
  },
  "user": {
    "attributes": {
      "email": "alice@example.com",
      "name": "Alice Student",
      "sub": "mock-user-sub",
    },
  },
}
[90mstdout[2m | src/components/QuestionsReview2.stories.tsx[2m > [22m[2mMixed Difficulty
[22m[39m[Mock Data] generateClient() called - returning mock client
[90mstdout[2m | src/components/QuestionsReview2.stories.tsx[2m > [22m[2mMixed Difficulty
[22m[39m[Mock amplifyClient] getAmplifyClient() called - returning mock client
[90mstdout[2m | src/components/QuestionsReview2.stories.tsx[2m > [22m[2mMixed Difficulty
[22m[39m[MOCK CourseVectorStore] Initialized with mock data
[90mstdout[2m | src/components/QuestionsReview2.stories.tsx[2m > [22m[2mMixed Difficulty
[22m[39m[TranslationModeController] Setting mode to: off
[90mstdout[2m | src/components/QuestionsReview2.stories.tsx[2m > [22m[2mMixed Difficulty
[22m[39m[SectionContext] useEffect triggered {
  "authLoading": false,
  "hasUser": true,
  "userSub": "mock-user-sub",
}
[90mstdout[2m | src/components/QuestionsReview2.stories.tsx[2m > [22m[2mMixed Difficulty
[22m[39m[SectionContext] Fetching sections for userId: mock-user-sub
[90mstdout[2m | src/components/QuestionsReview2.stories.tsx[2m > [22m[2mMixed Difficulty
[22m[39m[Mock Data] generateClient() called - returning mock client
[90mstdout[2m | src/components/QuestionsReview2.stories.tsx[2m > [22m[2mMixed Difficulty
[22m[39m[Mock amplifyClient] getAmplifyClient() called - returning mock client
[90mstdout[2m | src/components/QuestionsReview2.stories.tsx[2m > [22m[2mMixed Difficulty
[22m[39m[Mock Data] Section.list() called with options: undefined
[90mstdout[2m | src/components/QuestionsReview2.stories.tsx[2m > [22m[2mMixed Difficulty
[22m[39m[Mock Data] generateClient() called - returning mock client
[90mstdout[2m | src/components/QuestionsReview2.stories.tsx[2m > [22m[2mMixed Difficulty
[22m[39m[Mock amplifyClient] getAmplifyClient() called - returning mock client
[90mstdout[2m | src/components/QuestionsReview2.stories.tsx[2m > [22m[2mMixed Difficulty
[22m[39m[Mock Data] Assignment.list() called with options: {
  "filter": {
    "unitID": {
      "eq": "mock-unit-1",
    },
  },
}
[90mstdout[2m | src/components/QuestionsReview2.stories.tsx[2m > [22m[2mMixed Difficulty
[22m[39m[Mock Data] generateClient() called - returning mock client
[90mstdout[2m | src/components/QuestionsReview2.stories.tsx[2m > [22m[2mMixed Difficulty
[22m[39m[Mock amplifyClient] getAmplifyClient() called - returning mock client
[90mstdout[2m | src/components/QuestionsReview2.stories.tsx[2m > [22m[2mMixed Difficulty
[22m[39m[Mock Data] Grade.observeQuery() called with filter: {
  "filter": {
    "unitID": {
      "eq": "mock-unit-1",
    },
  },
}
[90mstdout[2m | src/components/QuestionsReview2.stories.tsx[2m > [22m[2mMixed Difficulty
[22m[39m[Mock Data] Grade.observeQuery() applying filter: {
  "unitID": {
    "eq": "mock-unit-1",
  },
}
[90mstdout[2m | src/components/QuestionsReview2.stories.tsx[2m > [22m[2mMixed Difficulty
[22m[39m[Mock Data] Grade.observeQuery() items before filter: 0
[90mstdout[2m | src/components/QuestionsReview2.stories.tsx[2m > [22m[2mMixed Difficulty
[22m[39m[Mock Data] Grade.observeQuery() items after filter: 0
[90mstdout[2m | src/components/QuestionsReview2.stories.tsx[2m > [22m[2mMixed Difficulty
[22m[39m[Mock Data] Grade.observeQuery() returning 0 items (filter applied) {
  "filter": {
    "unitID": {
      "eq": "mock-unit-1",
    },
  },
}
[90mstdout[2m | src/components/QuestionsReview2.stories.tsx[2m > [22m[2mMixed Difficulty
[22m[39m[Mock Data] Grade subscription added. Total subscriptions: 1
[90mstdout[2m | src/components/QuestionsReview2.stories.tsx[2m > [22m[2mMixed Difficulty
[22m[39m[UnitContext] useEffect triggered {
  "authLoading": false,
  "hasUser": true,
  "id": "mock-unit-1",
  "userSub": "mock-user-sub",
}
[90mstdout[2m | src/components/QuestionsReview2.stories.tsx[2m > [22m[2mMixed Difficulty
[22m[39m[UnitContext] Fetching unit data for id: mock-unit-1
[90mstdout[2m | src/components/QuestionsReview2.stories.tsx[2m > [22m[2mMixed Difficulty
[22m[39m[Mock Data] generateClient() called - returning mock client
[90mstdout[2m | src/components/QuestionsReview2.stories.tsx[2m > [22m[2mMixed Difficulty
[22m[39m[Mock amplifyClient] getAmplifyClient() called - returning mock client
[90mstdout[2m | src/components/QuestionsReview2.stories.tsx[2m > [22m[2mMixed Difficulty
[22m[39m[Mock Data] Unit.observeQuery() called with filter: {
  "filter": {
    "id": {
      "eq": "mock-unit-1",
    },
  },
}
[90mstdout[2m | src/components/QuestionsReview2.stories.tsx[2m > [22m[2mMixed Difficulty
[22m[39m[Mock Data] Unit.observeQuery() applying filter: {
  "id": {
    "eq": "mock-unit-1",
  },
}
[90mstdout[2m | src/components/QuestionsReview2.stories.tsx[2m > [22m[2mMixed Difficulty
[22m[39m[Mock Data] Unit.observeQuery() items before filter: 0
[90mstdout[2m | src/components/QuestionsReview2.stories.tsx[2m > [22m[2mMixed Difficulty
[22m[39m[Mock Data] Unit.observeQuery() items after filter: 0
[90mstdout[2m | src/components/QuestionsReview2.stories.tsx[2m > [22m[2mMixed Difficulty
[22m[39m[Mock Data] Unit.observeQuery() returning 0 items (filter applied) {
  "filter": {
    "id": {
      "eq": "mock-unit-1",
    },
  },
}
[90mstdout[2m | src/components/QuestionsReview2.stories.tsx[2m > [22m[2mMixed Difficulty
[22m[39m[Mock Data] Unit subscription added. Total subscriptions: 1
[90mstdout[2m | src/components/QuestionsReview2.stories.tsx[2m > [22m[2mMixed Difficulty
[22m[39m[Mock Data] generateClient() called - returning mock client
[90mstdout[2m | src/components/QuestionsReview2.stories.tsx[2m > [22m[2mMixed Difficulty
[22m[39m[Mock amplifyClient] getAmplifyClient() called - returning mock client
[90mstdout[2m | src/components/QuestionsReview2.stories.tsx[2m > [22m[2mMixed Difficulty
[22m[39m[Mock Data] Word.observeQuery() called with filter: undefined
[90mstdout[2m | src/components/QuestionsReview2.stories.tsx[2m > [22m[2mMixed Difficulty
[22m[39m[Mock Data] Word.observeQuery() returning 0 items (filter applied) undefined
[90mstdout[2m | src/components/QuestionsReview2.stories.tsx[2m > [22m[2mMixed Difficulty
[22m[39m[Mock Data] Word subscription added. Total subscriptions: 1
[90mstdout[2m | src/components/QuestionsReview2.stories.tsx[2m > [22m[2mMixed Difficulty
[22m[39m[Mock Data] generateClient() called - returning mock client
[90mstdout[2m | src/components/QuestionsReview2.stories.tsx[2m > [22m[2mMixed Difficulty
[22m[39m[Mock amplifyClient] getAmplifyClient() called - returning mock client
[90mstdout[2m | src/components/QuestionsReview2.stories.tsx[2m > [22m[2mMixed Difficulty
[22m[39m[Mock Data] Question.observeQuery() called with filter: undefined
[90mstdout[2m | src/components/QuestionsReview2.stories.tsx[2m > [22m[2mMixed Difficulty
[22m[39m[Mock Data] Question.observeQuery() returning 0 items (filter applied) undefined
[90mstdout[2m | src/components/QuestionsReview2.stories.tsx[2m > [22m[2mMixed Difficulty
[22m[39m[Mock Data] Question subscription added. Total subscriptions: 1
[90mstdout[2m | src/components/QuestionsReview2.stories.tsx[2m > [22m[2mMixed Difficulty
[22m[39m[FilesContext] Initializing vector store from IndexedDB
[90mstdout[2m | src/components/QuestionsReview2.stories.tsx[2m > [22m[2mMixed Difficulty
[22m[39m[FilesContext] fetchFiles called
[90mstdout[2m | src/components/QuestionsReview2.stories.tsx[2m > [22m[2mMixed Difficulty
[22m[39m[FilesContext] User authenticated: mock-user-sub
[90mstdout[2m | src/components/QuestionsReview2.stories.tsx[2m > [22m[2mMixed Difficulty
[22m[39m[FilesContext] Identity ID: us-east-1:mock-identity-123
[90mstdout[2m | src/components/QuestionsReview2.stories.tsx[2m > [22m[2mMixed Difficulty
[22m[39m[FilesContext] About to subscribe to File model
[90mstdout[2m | src/components/QuestionsReview2.stories.tsx[2m > [22m[2mMixed Difficulty
[22m[39m[Mock Data] generateClient() called - returning mock client
[90mstdout[2m | src/components/QuestionsReview2.stories.tsx[2m > [22m[2mMixed Difficulty
[22m[39m[Mock amplifyClient] getAmplifyClient() called - returning mock client
[90mstdout[2m | src/components/QuestionsReview2.stories.tsx[2m > [22m[2mMixed Difficulty
[22m[39m[Mock Data] File.observeQuery() called with filter: undefined
[90mstdout[2m | src/components/QuestionsReview2.stories.tsx[2m > [22m[2mMixed Difficulty
[22m[39m[Mock Data] File.observeQuery() returning 0 items (filter applied) undefined
[90mstdout[2m | src/components/QuestionsReview2.stories.tsx[2m > [22m[2mMixed Difficulty
[22m[39m[Mock Data] File subscription added. Total subscriptions: 1
[90mstdout[2m | src/components/QuestionsReview2.stories.tsx[2m > [22m[2mMixed Difficulty
[22m[39m[Mock Data] generateClient() called - returning mock client
[90mstdout[2m | src/components/QuestionsReview2.stories.tsx[2m > [22m[2mMixed Difficulty
[22m[39m[Mock amplifyClient] getAmplifyClient() called - returning mock client
[90mstdout[2m | src/components/QuestionsReview2.stories.tsx[2m > [22m[2mMixed Difficulty
[22m[39m[Mock Data] Document.observeQuery() called with filter: undefined
[90mstdout[2m | src/components/QuestionsReview2.stories.tsx[2m > [22m[2mMixed Difficulty
[22m[39m[Mock Data] Document.observeQuery() returning 1 items (filter applied) undefined
[90mstdout[2m | src/components/QuestionsReview2.stories.tsx[2m > [22m[2mMixed Difficulty
[22m[39m[Mock Data] Document subscription added. Total subscriptions: 1
[90mstdout[2m | src/components/QuestionsReview2.stories.tsx[2m > [22m[2mMixed Difficulty
[22m[39m[ChatContext] Setting up observeQuery for AssistantChat
[90mstdout[2m | src/components/QuestionsReview2.stories.tsx[2m > [22m[2mMixed Difficulty
[22m[39m[Mock Data] AssistantChat.observeQuery() called with filter: {
  "sortDirection": "DESC",
  "sortField": "createdAt",
}
[90mstdout[2m | src/components/QuestionsReview2.stories.tsx[2m > [22m[2mMixed Difficulty
[22m[39m[Mock Data] AssistantChat.observeQuery() returning 0 items (filter applied) {
  "sortDirection": "DESC",
  "sortField": "createdAt",
}
[90mstdout[2m | src/components/QuestionsReview2.stories.tsx[2m > [22m[2mMixed Difficulty
[22m[39m[Mock Data] AssistantChat subscription added. Total subscriptions: 1
[90mstdout[2m | src/components/QuestionsReview2.stories.tsx[2m > [22m[2mMixed Difficulty
[22m[39m[ChatContext] Waiting for subscription to initialize
[90mstdout[2m | src/components/QuestionsReview2.stories.tsx[2m > [22m[2mMixed Difficulty
[22m[39m[SettingsContext] Setting up Settings subscription for user: mock-user-sub
[90mstdout[2m | src/components/QuestionsReview2.stories.tsx[2m > [22m[2mMixed Difficulty
[22m[39m[Mock Data] generateClient() called - returning mock client
[90mstdout[2m | src/components/QuestionsReview2.stories.tsx[2m > [22m[2mMixed Difficulty
[22m[39m[Mock amplifyClient] getAmplifyClient() called - returning mock client
[90mstdout[2m | src/components/QuestionsReview2.stories.tsx[2m > [22m[2mMixed Difficulty
[22m[39m[Mock Data] Settings.observeQuery() called with filter: undefined
[90mstdout[2m | src/components/QuestionsReview2.stories.tsx[2m > [22m[2mMixed Difficulty
[22m[39m[Mock Data] Settings.observeQuery() returning 0 items (filter applied) undefined
[90mstdout[2m | src/components/QuestionsReview2.stories.tsx[2m > [22m[2mMixed Difficulty
[22m[39m[Mock Data] Settings subscription added. Total subscriptions: 1
[90mstdout[2m | src/components/QuestionsReview2.stories.tsx[2m > [22m[2mMixed Difficulty
[22m[39m[SectionContext] Initial sections: 0 []
[90mstdout[2m | src/components/QuestionsReview2.stories.tsx[2m > [22m[2mMixed Difficulty
[22m[39m[Mock Data] Section.onCreate() called with filter: undefined
[90mstdout[2m | src/components/QuestionsReview2.stories.tsx[2m > [22m[2mMixed Difficulty
[22m[39m[Mock Data] Section.onCreate() subscription added. Total: 1
[90mstdout[2m | src/components/QuestionsReview2.stories.tsx[2m > [22m[2mMixed Difficulty
[22m[39m[Mock Data] Section.onUpdate() called with filter: undefined
[90mstdout[2m | src/components/QuestionsReview2.stories.tsx[2m > [22m[2mMixed Difficulty
[22m[39m[Mock Data] Section.onUpdate() subscription added. Total: 1
[90mstdout[2m | src/components/QuestionsReview2.stories.tsx[2m > [22m[2mMixed Difficulty
[22m[39m[Mock Data] Section.onDelete() called with filter: undefined
[90mstdout[2m | src/components/QuestionsReview2.stories.tsx[2m > [22m[2mMixed Difficulty
[22m[39m[Mock Data] Section.onDelete() subscription added. Total: 1
[90mstdout[2m | src/components/QuestionsReview2.stories.tsx[2m > [22m[2mMixed Difficulty
[22m[39m[Mock Data] Assignment.onCreate() called with filter: {
  "filter": {
    "unitID": {
      "eq": "mock-unit-1",
    },
  },
}
[90mstdout[2m | src/components/QuestionsReview2.stories.tsx[2m > [22m[2mMixed Difficulty
[22m[39m[Mock Data] Assignment.onCreate() subscription added. Total: 1
[90mstdout[2m | src/components/QuestionsReview2.stories.tsx[2m > [22m[2mMixed Difficulty
[22m[39m[Mock Data] Assignment.onUpdate() called with filter: {
  "filter": {
    "unitID": {
      "eq": "mock-unit-1",
    },
  },
}
[90mstdout[2m | src/components/QuestionsReview2.stories.tsx[2m > [22m[2mMixed Difficulty
[22m[39m[Mock Data] Assignment.onUpdate() subscription added. Total: 1
[90mstdout[2m | src/components/QuestionsReview2.stories.tsx[2m > [22m[2mMixed Difficulty
[22m[39m[Mock Data] Assignment.onDelete() called with filter: {
  "filter": {
    "unitID": {
      "eq": "mock-unit-1",
    },
  },
}
[90mstdout[2m | src/components/QuestionsReview2.stories.tsx[2m > [22m[2mMixed Difficulty
[22m[39m[Mock Data] Assignment.onDelete() subscription added. Total: 1
[90mstdout[2m | src/components/QuestionsReview2.stories.tsx[2m > [22m[2mMixed Difficulty
[22m[39m[FilesContext] File observeQuery subscription triggered:
[90mstdout[2m | src/components/QuestionsReview2.stories.tsx[2m > [22m[2mMixed Difficulty
[22m[39m  - items.length: 0
[90mstdout[2m | src/components/QuestionsReview2.stories.tsx[2m > [22m[2mMixed Difficulty
[22m[39m  - isSynced: true
[90mstdout[2m | src/components/QuestionsReview2.stories.tsx[2m > [22m[2mMixed Difficulty
[22m[39m  - items: []
[90mstdout[2m | src/components/QuestionsReview2.stories.tsx[2m > [22m[2mMixed Difficulty
[22m[39m[FilesContext] Document count changed: 0 → 1
[90mstdout[2m | src/components/QuestionsReview2.stories.tsx[2m > [22m[2mMixed Difficulty
[22m[39m[MOCK CourseVectorStore] Initialized with mock data
[90mstdout[2m | src/components/QuestionsReview2.stories.tsx[2m > [22m[2mMixed Difficulty
[22m[39m[useTranslationWithCapture] t() called: {
  "key": "questionsReview.loading",
  "mode": "off",
  "namespace": "components",
  "value": "Loading questions...",
}
[90mstdout[2m | src/components/QuestionsReview2.stories.tsx[2m > [22m[2mMixed Difficulty
[22m[39m[ChatContext] AssistantChat query update: 0 items (synced)
[90mstdout[2m | src/components/QuestionsReview2.stories.tsx[2m > [22m[2mMixed Difficulty
[22m[39m[ChatContext] AssistantChat subscription initialized
[90mstdout[2m | src/components/QuestionsReview2.stories.tsx[2m > [22m[2mMixed Difficulty
[22m[39m[ChatContext] AssistantChat list updated: 0 chats
[90mstdout[2m | src/components/QuestionsReview2.stories.tsx[2m > [22m[2mMixed Difficulty
[22m[39m[Mock Data] Settings.create() called with: {
  "assistantVoice": "shimmer",
  "autoAnalyzeDocuments": true,
  "defaultAIModel": "gpt-4",
  "documentAnalysisModel": "gpt-4",
  "editorFontSize": 14,
  "editorTheme": "auto",
  "emailNotifications": true,
  "language": "en",
  "webhookNotifications": false,
}
[90mstdout[2m | src/components/QuestionsReview2.stories.tsx[2m > [22m[2mMixed Difficulty
[22m[39m[Mock Data] Settings created: mock-settings-1776336985509 - notified 1 subscribers
[90mstdout[2m | src/components/QuestionsReview2.stories.tsx[2m > [22m[2mMixed Difficulty
[22m[39m[Mock Data] generateClient() called - returning mock client
[90mstdout[2m | src/components/QuestionsReview2.stories.tsx[2m > [22m[2mMixed Difficulty
[22m[39m[Mock amplifyClient] getAmplifyClient() called - returning mock client
[90mstdout[2m | src/components/QuestionsReview2.stories.tsx[2m > [22m[2mMixed Difficulty
[22m[39m[Mock Data] Document.get() called with id: mock-doc-difficulty
[90mstdout[2m | src/components/QuestionsReview2.stories.tsx[2m > [22m[2mMixed Difficulty
[22m[39m[Mock Data] generateClient() called - returning mock client
[90mstdout[2m | src/components/QuestionsReview2.stories.tsx[2m > [22m[2mMixed Difficulty
[22m[39m[Mock amplifyClient] getAmplifyClient() called - returning mock client
[90mstdout[2m | src/components/QuestionsReview2.stories.tsx[2m > [22m[2mMixed Difficulty
[22m[39m[Mock Data] ParsedContent.observeQuery() called with filter: undefined
[90mstdout[2m | src/components/QuestionsReview2.stories.tsx[2m > [22m[2mMixed Difficulty
[22m[39m[Mock Data] ParsedContent.observeQuery() returning 1 items (filter applied) undefined
[90mstdout[2m | src/components/QuestionsReview2.stories.tsx[2m > [22m[2mMixed Difficulty
[22m[39m[Mock Data] ParsedContent subscription added. Total subscriptions: 1
[90mstdout[2m | src/components/QuestionsReview2.stories.tsx[2m > [22m[2mMixed Difficulty
[22m[39m[ChatContext] No chats found, clearing current chat - new one will be created
[90mstdout[2m | src/components/QuestionsReview2.stories.tsx[2m > [22m[2mMixed Difficulty
[22m[39m[Mock Data] ParsedContent.list() called with options: {
  "filter": {
    "documentID": {
      "eq": "mock-doc-difficulty",
    },
  },
}
[90mstdout[2m | src/components/QuestionsReview2.stories.tsx[2m > [22m[2mMixed Difficulty
[22m[39m[ChatContext] No current chat available, will create one
[90mstdout[2m | src/components/QuestionsReview2.stories.tsx[2m > [22m[2mMixed Difficulty
[22m[39m[ChatContext] Creating AssistantChat with user: undefined
[90mstdout[2m | src/components/QuestionsReview2.stories.tsx[2m > [22m[2mMixed Difficulty
[22m[39m[Mock Data] AssistantChat.create() called with: {
  "archived": false,
  "model": "gpt-4",
}
[90mstdout[2m | src/components/QuestionsReview2.stories.tsx[2m > [22m[2mMixed Difficulty
[22m[39m[Mock Data] AssistantChat created: mock-assistantchat-1776336985568 - notified 1 subscribers
[90mstdout[2m | src/components/QuestionsReview2.stories.tsx[2m > [22m[2mMixed Difficulty
[22m[39m[useTranslationWithCapture] t() called: {
  "key": "questionsReview.sectionHeading",
  "mode": "off",
  "namespace": "components",
  "value": "Questions Review",
}
[90mstdout[2m | src/components/QuestionsReview2.stories.tsx[2m > [22m[2mMixed Difficulty
[22m[39m[useTranslationWithCapture] t() called: {
  "key": "questionsReview.from",
  "mode": "off",
  "namespace": "components",
  "value": "From",
}
[90mstdout[2m | src/components/QuestionsReview2.stories.tsx[2m > [22m[2mMixed Difficulty
[22m[39m[useTranslationWithCapture] t() called: {
  "key": "questionsReview.pages",
  "mode": "off",
  "namespace": "components",
  "value": "pages",
}
[90mstdout[2m | src/components/QuestionsReview2.stories.tsx[2m > [22m[2mMixed Difficulty
[22m[39m[useTranslationWithCapture] t() called: {
  "key": "questionsReview.deselectAll",
  "mode": "off",
  "namespace": "components",
  "value": "Deselect All",
}
[90mstdout[2m | src/components/QuestionsReview2.stories.tsx[2m > [22m[2mMixed Difficulty
[22m[39m[useTranslationWithCapture] t() called: {
  "key": "questionsReview.selectedCount",
  "mode": "off",
  "namespace": "components",
  "value": "3 of 3 selected",
}
[90mstdout[2m | src/components/QuestionsReview2.stories.tsx[2m > [22m[2mMixed Difficulty
[22m[39m[useTranslationWithCapture] t() called: {
  "key": "questionsReview.importToQuestionBank",
  "mode": "off",
  "namespace": "components",
  "value": "Import to Question Bank",
}
[90mstdout[2m | src/components/QuestionsReview2.stories.tsx[2m > [22m[2mMixed Difficulty
[22m[39m[useTranslationWithCapture] t() called: {
  "key": "questionsReview.sectionHeading",
  "mode": "off",
  "namespace": "components",
  "value": "Questions Review",
}
[90mstdout[2m | src/components/QuestionsReview2.stories.tsx[2m > [22m[2mMixed Difficulty
[22m[39m[useTranslationWithCapture] t() called: {
  "key": "questionsReview.from",
  "mode": "off",
  "namespace": "components",
  "value": "From",
}
[90mstdout[2m | src/components/QuestionsReview2.stories.tsx[2m > [22m[2mMixed Difficulty
[22m[39m[useTranslationWithCapture] t() called: {
  "key": "questionsReview.pages",
  "mode": "off",
  "namespace": "components",
  "value": "pages",
}
[90mstdout[2m | src/components/QuestionsReview2.stories.tsx[2m > [22m[2mMixed Difficulty
[22m[39m[useTranslationWithCapture] t() called: {
  "key": "questionsReview.deselectAll",
  "mode": "off",
  "namespace": "components",
  "value": "Deselect All",
}
[90mstdout[2m | src/components/QuestionsReview2.stories.tsx[2m > [22m[2mMixed Difficulty
[22m[39m[useTranslationWithCapture] t() called: {
  "key": "questionsReview.selectedCount",
  "mode": "off",
  "namespace": "components",
  "value": "3 of 3 selected",
}
[90mstdout[2m | src/components/QuestionsReview2.stories.tsx[2m > [22m[2mMixed Difficulty
[22m[39m[useTranslationWithCapture] t() called: {
  "key": "questionsReview.importToQuestionBank",
  "mode": "off",
  "namespace": "components",
  "value": "Import to Question Bank",
}
[90mstdout[2m | src/components/QuestionsReview2.stories.tsx[2m > [22m[2mMixed Difficulty
[22m[39m[useTranslationWithCapture] t() called: {
  "key": "questionsReview.sectionHeading",
  "mode": "off",
  "namespace": "components",
  "value": "Questions Review",
}
[90mstdout[2m | src/components/QuestionsReview2.stories.tsx[2m > [22m[2mMixed Difficulty
[22m[39m[useTranslationWithCapture] t() called: {
  "key": "questionsReview.from",
  "mode": "off",
  "namespace": "components",
  "value": "From",
}
[90mstdout[2m | src/components/QuestionsReview2.stories.tsx[2m > [22m[2mMixed Difficulty
[22m[39m[useTranslationWithCapture] t() called: {
  "key": "questionsReview.pages",
  "mode": "off",
  "namespace": "components",
  "value": "pages",
}
[90mstdout[2m | src/components/QuestionsReview2.stories.tsx[2m > [22m[2mMixed Difficulty
[22m[39m[useTranslationWithCapture] t() called: {
  "key": "questionsReview.deselectAll",
  "mode": "off",
  "namespace": "components",
  "value": "Deselect All",
}
[90mstdout[2m | src/components/QuestionsReview2.stories.tsx[2m > [22m[2mMixed Difficulty
[22m[39m[useTranslationWithCapture] t() called: {
  "key": "questionsReview.selectedCount",
  "mode": "off",
  "namespace": "components",
  "value": "3 of 3 selected",
}
[90mstdout[2m | src/components/QuestionsReview2.stories.tsx[2m > [22m[2mMixed Difficulty
[22m[39m[useTranslationWithCapture] t() called: {
  "key": "questionsReview.importToQuestionBank",
  "mode": "off",
  "namespace": "components",
  "value": "Import to Question Bank",
}
[90mstdout[2m | src/components/QuestionsReview2.stories.tsx[2m > [22m[2mMixed Difficulty
[22m[39m[ChatContext] Create result: {
  "data": {
    "_version": 1,
    "archived": false,
    "chatFiles": [Function anonymous],
    "createdAt": "2026-04-16T10:56:25.568Z",
    "id": "mock-assistantchat-1776336985568",
    "model": "gpt-4",
    "updatedAt": "2026-04-16T10:56:25.568Z",
  },
  "errors": [],
  "hasData": true,
  "hasErrors": true,
}
[90mstdout[2m | src/components/QuestionsReview2.stories.tsx[2m > [22m[2mMixed Difficulty
[22m[39m[ChatContext] Created AssistantChat: mock-assistantchat-1776336985568 at: 2026-04-16T10:56:25.568Z
[90mstdout[2m | src/components/QuestionsReview2.stories.tsx[2m > [22m[2mWith Media Attachments
[22m[39m[ChatContext] AssistantChat query update: 1 items (synced)
[90mstdout[2m | src/components/QuestionsReview2.stories.tsx[2m > [22m[2mWith Media Attachments
[22m[39m[ChatContext] First item details: {
  "id": "mock-assistantchat-1776336985568",
  "updatedAt": "2026-04-16T10:56:25.568Z",
}
[90mstdout[2m | src/components/QuestionsReview2.stories.tsx[2m > [22m[2mWith Media Attachments
[22m[39m[ChatContext] AssistantChat list updated: 1 chats
[90mstdout[2m | src/components/QuestionsReview2.stories.tsx[2m > [22m[2mWith Media Attachments
[22m[39m[ChatContext] Setting initial chat: mock-assistantchat-1776336985568
[90mstdout[2m | src/components/QuestionsReview2.stories.tsx[2m > [22m[2mWith Media Attachments
[22m[39m[Mock Data] generateClient() called - returning mock client
[90mstdout[2m | src/components/QuestionsReview2.stories.tsx[2m > [22m[2mWith Media Attachments
[22m[39m[Mock amplifyClient] getAmplifyClient() called - returning mock client
[90mstdout[2m | src/components/QuestionsReview2.stories.tsx[2m > [22m[2mWith Media Attachments
[22m[39m[Mock Data] Document.get() called with id: mock-doc-difficulty
[90mstdout[2m | src/components/QuestionsReview2.stories.tsx[2m > [22m[2mWith Media Attachments
[22m[39m[Mock Data] ParsedContent.list() called with options: {
  "filter": {
    "documentID": {
      "eq": "mock-doc-difficulty",
    },
  },
}
[90mstdout[2m | src/components/QuestionsReview2.stories.tsx[2m > [22m[2mWith Media Attachments
[22m[39m[ChatContext] Chat exists and not archived, skipping creation
[90mstdout[2m | src/components/QuestionsReview2.stories.tsx[2m > [22m[2mWith Media Attachments
[22m[39m[useTranslationWithCapture] t() called: {
  "key": "questionsReview.sectionHeading",
  "mode": "off",
  "namespace": "components",
  "value": "Questions Review",
}
[90mstdout[2m | src/components/QuestionsReview2.stories.tsx[2m > [22m[2mWith Media Attachments
[22m[39m[useTranslationWithCapture] t() called: {
  "key": "questionsReview.from",
  "mode": "off",
  "namespace": "components",
  "value": "From",
}
[90mstdout[2m | src/components/QuestionsReview2.stories.tsx[2m > [22m[2mWith Media Attachments
[22m[39m[useTranslationWithCapture] t() called: {
  "key": "questionsReview.pages",
  "mode": "off",
  "namespace": "components",
  "value": "pages",
}
[90mstdout[2m | src/components/QuestionsReview2.stories.tsx[2m > [22m[2mWith Media Attachments
[22m[39m[useTranslationWithCapture] t() called: {
  "key": "questionsReview.deselectAll",
  "mode": "off",
  "namespace": "components",
  "value": "Deselect All",
}
[90mstdout[2m | src/components/QuestionsReview2.stories.tsx[2m > [22m[2mWith Media Attachments
[22m[39m[useTranslationWithCapture] t() called: {
  "key": "questionsReview.selectedCount",
  "mode": "off",
  "namespace": "components",
  "value": "3 of 3 selected",
}
[90mstdout[2m | src/components/QuestionsReview2.stories.tsx[2m > [22m[2mWith Media Attachments
[22m[39m[useTranslationWithCapture] t() called: {
  "key": "questionsReview.importToQuestionBank",
  "mode": "off",
  "namespace": "components",
  "value": "Import to Question Bank",
}
[90mstdout[2m | src/components/QuestionsReview2.stories.tsx[2m > [22m[2mWith Media Attachments
[22m[39m[Mock Data] Settings subscription unsubscribed. Remaining: 0
[90mstdout[2m | src/components/QuestionsReview2.stories.tsx[2m > [22m[2mWith Media Attachments
[22m[39m[ChatContext] Cleaning up subscription
[90mstdout[2m | src/components/QuestionsReview2.stories.tsx[2m > [22m[2mWith Media Attachments
[22m[39m[Mock Data] AssistantChat subscription unsubscribed. Remaining: 0
[90mstdout[2m | src/components/QuestionsReview2.stories.tsx[2m > [22m[2mWith Media Attachments
[22m[39m[Mock Data] File subscription unsubscribed. Remaining: 0
[90mstdout[2m | src/components/QuestionsReview2.stories.tsx[2m > [22m[2mWith Media Attachments
[22m[39m[Mock Data] Document subscription unsubscribed. Remaining: 0
[90mstdout[2m | src/components/QuestionsReview2.stories.tsx[2m > [22m[2mWith Media Attachments
[22m[39m[Mock Data] Word subscription unsubscribed. Remaining: 0
[90mstdout[2m | src/components/QuestionsReview2.stories.tsx[2m > [22m[2mWith Media Attachments
[22m[39m[Mock Data] Question subscription unsubscribed. Remaining: 0
[90mstdout[2m | src/components/QuestionsReview2.stories.tsx[2m > [22m[2mWith Media Attachments
[22m[39m[Mock Data] Grade subscription unsubscribed. Remaining: 0
[90mstdout[2m | src/components/QuestionsReview2.stories.tsx[2m > [22m[2mWith Media Attachments
[22m[39m[Mock Data] Unit subscription unsubscribed. Remaining: 0
[90mstdout[2m | src/components/QuestionsReview2.stories.tsx[2m > [22m[2mWith Media Attachments
[22m[39m[SectionContext] Cleaning up subscriptions
[90mstdout[2m | src/components/QuestionsReview2.stories.tsx[2m > [22m[2mWith Media Attachments
[22m[39m[Mock Data] Section.onCreate() subscription removed. Remaining: 0
[90mstdout[2m | src/components/QuestionsReview2.stories.tsx[2m > [22m[2mWith Media Attachments
[22m[39m[Mock Data] Section.onUpdate() subscription removed. Remaining: 0
[90mstdout[2m | src/components/QuestionsReview2.stories.tsx[2m > [22m[2mWith Media Attachments
[22m[39m[Mock Data] Section.onDelete() subscription removed. Remaining: 0
[90mstdout[2m | src/components/QuestionsReview2.stories.tsx[2m > [22m[2mWith Media Attachments
[22m[39m[Mock Data] Assignment.onCreate() subscription removed. Remaining: 0
[90mstdout[2m | src/components/QuestionsReview2.stories.tsx[2m > [22m[2mWith Media Attachments
[22m[39m[Mock Data] Assignment.onUpdate() subscription removed. Remaining: 0
[90mstdout[2m | src/components/QuestionsReview2.stories.tsx[2m > [22m[2mWith Media Attachments
[22m[39m[Mock Data] Assignment.onDelete() subscription removed. Remaining: 0
[90mstdout[2m | src/components/QuestionsReview2.stories.tsx[2m > [22m[2mWith Media Attachments
[22m[39m[Mock Data] ParsedContent subscription unsubscribed. Remaining: 0
[90mstdout[2m | src/components/QuestionsReview2.stories.tsx[2m > [22m[2mWith Media Attachments
[22m[39m[Mock Data] Clearing all data stores
[90mstdout[2m | src/components/QuestionsReview2.stories.tsx[2m > [22m[2mWith Media Attachments
[22m[39m[Mock Data] All data stores cleared
[90mstdout[2m | src/components/QuestionsReview2.stories.tsx[2m > [22m[2mWith Media Attachments
[22m[39m[Preview] Cleared mock data for story
[90mstdout[2m | src/components/QuestionsReview2.stories.tsx[2m > [22m[2mWith Media Attachments
[22m[39m[Preview] Skipped initializing default mock data (initializeMockData=false)
[90mstdout[2m | src/components/QuestionsReview2.stories.tsx[2m > [22m[2mWith Media Attachments
[22m[39m[Mock Data] seedMockDocuments: Adding 1 documents
[90mstdout[2m | src/components/QuestionsReview2.stories.tsx[2m > [22m[2mWith Media Attachments
[22m[39m[Mock Data] seedMockParsedContent: Adding 1 parsed content records
[90mstdout[2m | src/components/QuestionsReview2.stories.tsx[2m > [22m[2mWith Media Attachments
[22m[39m[Mock AuthContext] Providing auth: {
  "error": undefined,
  "isLoading": false,
  "session": {
    "idToken": {
      "toString": [Function toString],
    },
    "identityId": "us-east-1:mock-identity-123",
    "username": "mock-user-sub",
  },
  "user": {
    "attributes": {
      "email": "alice@example.com",
      "name": "Alice Student",
      "sub": "mock-user-sub",
    },
  },
}
[90mstdout[2m | src/components/QuestionsReview2.stories.tsx[2m > [22m[2mWith Media Attachments
[22m[39m[Mock Data] generateClient() called - returning mock client
[90mstdout[2m | src/components/QuestionsReview2.stories.tsx[2m > [22m[2mWith Media Attachments
[22m[39m[Mock amplifyClient] getAmplifyClient() called - returning mock client
[90mstdout[2m | src/components/QuestionsReview2.stories.tsx[2m > [22m[2mWith Media Attachments
[22m[39m[MOCK CourseVectorStore] Initialized with mock data
[90mstdout[2m | src/components/QuestionsReview2.stories.tsx[2m > [22m[2mWith Media Attachments
[22m[39m[TranslationModeController] Setting mode to: off
[90mstdout[2m | src/components/QuestionsReview2.stories.tsx[2m > [22m[2mWith Media Attachments
[22m[39m[SectionContext] useEffect triggered {
  "authLoading": false,
  "hasUser": true,
  "userSub": "mock-user-sub",
}
[90mstdout[2m | src/components/QuestionsReview2.stories.tsx[2m > [22m[2mWith Media Attachments
[22m[39m[SectionContext] Fetching sections for userId: mock-user-sub
[90mstdout[2m | src/components/QuestionsReview2.stories.tsx[2m > [22m[2mWith Media Attachments
[22m[39m[Mock Data] generateClient() called - returning mock client
[90mstdout[2m | src/components/QuestionsReview2.stories.tsx[2m > [22m[2mWith Media Attachments
[22m[39m[Mock amplifyClient] getAmplifyClient() called - returning mock client
[90mstdout[2m | src/components/QuestionsReview2.stories.tsx[2m > [22m[2mWith Media Attachments
[22m[39m[Mock Data] Section.list() called with options: undefined
[90mstdout[2m | src/components/QuestionsReview2.stories.tsx[2m > [22m[2mWith Media Attachments
[22m[39m[Mock Data] generateClient() called - returning mock client
[90mstdout[2m | src/components/QuestionsReview2.stories.tsx[2m > [22m[2mWith Media Attachments
[22m[39m[Mock amplifyClient] getAmplifyClient() called - returning mock client
[90mstdout[2m | src/components/QuestionsReview2.stories.tsx[2m > [22m[2mWith Media Attachments
[22m[39m[Mock Data] Assignment.list() called with options: {
  "filter": {
    "unitID": {
      "eq": "mock-unit-1",
    },
  },
}
[90mstdout[2m | src/components/QuestionsReview2.stories.tsx[2m > [22m[2mWith Media Attachments
[22m[39m[Mock Data] generateClient() called - returning mock client
[90mstdout[2m | src/components/QuestionsReview2.stories.tsx[2m > [22m[2mWith Media Attachments
[22m[39m[Mock amplifyClient] getAmplifyClient() called - returning mock client
[90mstdout[2m | src/components/QuestionsReview2.stories.tsx[2m > [22m[2mWith Media Attachments
[22m[39m[Mock Data] Grade.observeQuery() called with filter: {
  "filter": {
    "unitID": {
      "eq": "mock-unit-1",
    },
  },
}
[90mstdout[2m | src/components/QuestionsReview2.stories.tsx[2m > [22m[2mWith Media Attachments
[22m[39m[Mock Data] Grade.observeQuery() applying filter: {
  "unitID": {
    "eq": "mock-unit-1",
  },
}
[90mstdout[2m | src/components/QuestionsReview2.stories.tsx[2m > [22m[2mWith Media Attachments
[22m[39m[Mock Data] Grade.observeQuery() items before filter: 0
[90mstdout[2m | src/components/QuestionsReview2.stories.tsx[2m > [22m[2mWith Media Attachments
[22m[39m[Mock Data] Grade.observeQuery() items after filter: 0
[90mstdout[2m | src/components/QuestionsReview2.stories.tsx[2m > [22m[2mWith Media Attachments
[22m[39m[Mock Data] Grade.observeQuery() returning 0 items (filter applied) {
  "filter": {
    "unitID": {
      "eq": "mock-unit-1",
    },
  },
}
[90mstdout[2m | src/components/QuestionsReview2.stories.tsx[2m > [22m[2mWith Media Attachments
[22m[39m[Mock Data] Grade subscription added. Total subscriptions: 1
[90mstdout[2m | src/components/QuestionsReview2.stories.tsx[2m > [22m[2mWith Media Attachments
[22m[39m[UnitContext] useEffect triggered {
  "authLoading": false,
  "hasUser": true,
  "id": "mock-unit-1",
  "userSub": "mock-user-sub",
}
[90mstdout[2m | src/components/QuestionsReview2.stories.tsx[2m > [22m[2mWith Media Attachments
[22m[39m[UnitContext] Fetching unit data for id: mock-unit-1
[90mstdout[2m | src/components/QuestionsReview2.stories.tsx[2m > [22m[2mWith Media Attachments
[22m[39m[Mock Data] generateClient() called - returning mock client
[90mstdout[2m | src/components/QuestionsReview2.stories.tsx[2m > [22m[2mWith Media Attachments
[22m[39m[Mock amplifyClient] getAmplifyClient() called - returning mock client
[90mstdout[2m | src/components/QuestionsReview2.stories.tsx[2m > [22m[2mWith Media Attachments
[22m[39m[Mock Data] Unit.observeQuery() called with filter: {
  "filter": {
    "id": {
      "eq": "mock-unit-1",
    },
  },
}
[90mstdout[2m | src/components/QuestionsReview2.stories.tsx[2m > [22m[2mWith Media Attachments
[22m[39m[Mock Data] Unit.observeQuery() applying filter: {
  "id": {
    "eq": "mock-unit-1",
  },
}
[90mstdout[2m | src/components/QuestionsReview2.stories.tsx[2m > [22m[2mWith Media Attachments
[22m[39m[Mock Data] Unit.observeQuery() items before filter: 0
[90mstdout[2m | src/components/QuestionsReview2.stories.tsx[2m > [22m[2mWith Media Attachments
[22m[39m[Mock Data] Unit.observeQuery() items after filter: 0
[90mstdout[2m | src/components/QuestionsReview2.stories.tsx[2m > [22m[2mWith Media Attachments
[22m[39m[Mock Data] Unit.observeQuery() returning 0 items (filter applied) {
  "filter": {
    "id": {
      "eq": "mock-unit-1",
    },
  },
}
[90mstdout[2m | src/components/QuestionsReview2.stories.tsx[2m > [22m[2mWith Media Attachments
[22m[39m[Mock Data] Unit subscription added. Total subscriptions: 1
[90mstdout[2m | src/components/QuestionsReview2.stories.tsx[2m > [22m[2mWith Media Attachments
[22m[39m[Mock Data] generateClient() called - returning mock client
[90mstdout[2m | src/components/QuestionsReview2.stories.tsx[2m > [22m[2mWith Media Attachments
[22m[39m[Mock amplifyClient] getAmplifyClient() called - returning mock client
[90mstdout[2m | src/components/QuestionsReview2.stories.tsx[2m > [22m[2mWith Media Attachments
[22m[39m[Mock Data] Word.observeQuery() called with filter: undefined
[90mstdout[2m | src/components/QuestionsReview2.stories.tsx[2m > [22m[2mWith Media Attachments
[22m[39m[Mock Data] Word.observeQuery() returning 0 items (filter applied) undefined
[90mstdout[2m | src/components/QuestionsReview2.stories.tsx[2m > [22m[2mWith Media Attachments
[22m[39m[Mock Data] Word subscription added. Total subscriptions: 1
[90mstdout[2m | src/components/QuestionsReview2.stories.tsx[2m > [22m[2mWith Media Attachments
[22m[39m[Mock Data] generateClient() called - returning mock client
[90mstdout[2m | src/components/QuestionsReview2.stories.tsx[2m > [22m[2mWith Media Attachments
[22m[39m[Mock amplifyClient] getAmplifyClient() called - returning mock client
[90mstdout[2m | src/components/QuestionsReview2.stories.tsx[2m > [22m[2mWith Media Attachments
[22m[39m[Mock Data] Question.observeQuery() called with filter: undefined
[90mstdout[2m | src/components/QuestionsReview2.stories.tsx[2m > [22m[2mWith Media Attachments
[22m[39m[Mock Data] Question.observeQuery() returning 0 items (filter applied) undefined
[90mstdout[2m | src/components/QuestionsReview2.stories.tsx[2m > [22m[2mWith Media Attachments
[22m[39m[Mock Data] Question subscription added. Total subscriptions: 1
[90mstdout[2m | src/components/QuestionsReview2.stories.tsx[2m > [22m[2mWith Media Attachments
[22m[39m[FilesContext] Initializing vector store from IndexedDB
[90mstdout[2m | src/components/QuestionsReview2.stories.tsx[2m > [22m[2mWith Media Attachments
[22m[39m[FilesContext] fetchFiles called
[90mstdout[2m | src/components/QuestionsReview2.stories.tsx[2m > [22m[2mWith Media Attachments
[22m[39m[FilesContext] User authenticated: mock-user-sub
[90mstdout[2m | src/components/QuestionsReview2.stories.tsx[2m > [22m[2mWith Media Attachments
[22m[39m[FilesContext] Identity ID: us-east-1:mock-identity-123
[90mstdout[2m | src/components/QuestionsReview2.stories.tsx[2m > [22m[2mWith Media Attachments
[22m[39m[FilesContext] About to subscribe to File model
[90mstdout[2m | src/components/QuestionsReview2.stories.tsx[2m > [22m[2mWith Media Attachments
[22m[39m[Mock Data] generateClient() called - returning mock client
[90mstdout[2m | src/components/QuestionsReview2.stories.tsx[2m > [22m[2mWith Media Attachments
[22m[39m[Mock amplifyClient] getAmplifyClient() called - returning mock client
[90mstdout[2m | src/components/QuestionsReview2.stories.tsx[2m > [22m[2mWith Media Attachments
[22m[39m[Mock Data] File.observeQuery() called with filter: undefined
[90mstdout[2m | src/components/QuestionsReview2.stories.tsx[2m > [22m[2mWith Media Attachments
[22m[39m[Mock Data] File.observeQuery() returning 0 items (filter applied) undefined
[90mstdout[2m | src/components/QuestionsReview2.stories.tsx[2m > [22m[2mWith Media Attachments
[22m[39m[Mock Data] File subscription added. Total subscriptions: 1
[90mstdout[2m | src/components/QuestionsReview2.stories.tsx[2m > [22m[2mWith Media Attachments
[22m[39m[Mock Data] generateClient() called - returning mock client
[90mstdout[2m | src/components/QuestionsReview2.stories.tsx[2m > [22m[2mWith Media Attachments
[22m[39m[Mock amplifyClient] getAmplifyClient() called - returning mock client
[90mstdout[2m | src/components/QuestionsReview2.stories.tsx[2m > [22m[2mWith Media Attachments
[22m[39m[Mock Data] Document.observeQuery() called with filter: undefined
[90mstdout[2m | src/components/QuestionsReview2.stories.tsx[2m > [22m[2mWith Media Attachments
[22m[39m[Mock Data] Document.observeQuery() returning 1 items (filter applied) undefined
[90mstdout[2m | src/components/QuestionsReview2.stories.tsx[2m > [22m[2mWith Media Attachments
[22m[39m[Mock Data] Document subscription added. Total subscriptions: 1
[90mstdout[2m | src/components/QuestionsReview2.stories.tsx[2m > [22m[2mWith Media Attachments
[22m[39m[ChatContext] Setting up observeQuery for AssistantChat
[90mstdout[2m | src/components/QuestionsReview2.stories.tsx[2m > [22m[2mWith Media Attachments
[22m[39m[Mock Data] AssistantChat.observeQuery() called with filter: {
  "sortDirection": "DESC",
  "sortField": "createdAt",
}
[90mstdout[2m | src/components/QuestionsReview2.stories.tsx[2m > [22m[2mWith Media Attachments
[22m[39m[Mock Data] AssistantChat.observeQuery() returning 0 items (filter applied) {
  "sortDirection": "DESC",
  "sortField": "createdAt",
}
[90mstdout[2m | src/components/QuestionsReview2.stories.tsx[2m > [22m[2mWith Media Attachments
[22m[39m[Mock Data] AssistantChat subscription added. Total subscriptions: 1
[90mstdout[2m | src/components/QuestionsReview2.stories.tsx[2m > [22m[2mWith Media Attachments
[22m[39m[ChatContext] Waiting for subscription to initialize
[90mstdout[2m | src/components/QuestionsReview2.stories.tsx[2m > [22m[2mWith Media Attachments
[22m[39m[SettingsContext] Setting up Settings subscription for user: mock-user-sub
[90mstdout[2m | src/components/QuestionsReview2.stories.tsx[2m > [22m[2mWith Media Attachments
[22m[39m[Mock Data] generateClient() called - returning mock client
[90mstdout[2m | src/components/QuestionsReview2.stories.tsx[2m > [22m[2mWith Media Attachments
[22m[39m[Mock amplifyClient] getAmplifyClient() called - returning mock client
[90mstdout[2m | src/components/QuestionsReview2.stories.tsx[2m > [22m[2mWith Media Attachments
[22m[39m[Mock Data] Settings.observeQuery() called with filter: undefined
[90mstdout[2m | src/components/QuestionsReview2.stories.tsx[2m > [22m[2mWith Media Attachments
[22m[39m[Mock Data] Settings.observeQuery() returning 0 items (filter applied) undefined
[90mstdout[2m | src/components/QuestionsReview2.stories.tsx[2m > [22m[2mWith Media Attachments
[22m[39m[Mock Data] Settings subscription added. Total subscriptions: 1
[90mstdout[2m | src/components/QuestionsReview2.stories.tsx[2m > [22m[2mWith Media Attachments
[22m[39m[SectionContext] Initial sections: 0 []
[90mstdout[2m | src/components/QuestionsReview2.stories.tsx[2m > [22m[2mWith Media Attachments
[22m[39m[Mock Data] Section.onCreate() called with filter: undefined
[90mstdout[2m | src/components/QuestionsReview2.stories.tsx[2m > [22m[2mWith Media Attachments
[22m[39m[Mock Data] Section.onCreate() subscription added. Total: 1
[90mstdout[2m | src/components/QuestionsReview2.stories.tsx[2m > [22m[2mWith Media Attachments
[22m[39m[Mock Data] Section.onUpdate() called with filter: undefined
[90mstdout[2m | src/components/QuestionsReview2.stories.tsx[2m > [22m[2mWith Media Attachments
[22m[39m[Mock Data] Section.onUpdate() subscription added. Total: 1
[90mstdout[2m | src/components/QuestionsReview2.stories.tsx[2m > [22m[2mWith Media Attachments
[22m[39m[Mock Data] Section.onDelete() called with filter: undefined
[90mstdout[2m | src/components/QuestionsReview2.stories.tsx[2m > [22m[2mWith Media Attachments
[22m[39m[Mock Data] Section.onDelete() subscription added. Total: 1
[90mstdout[2m | src/components/QuestionsReview2.stories.tsx[2m > [22m[2mWith Media Attachments
[22m[39m[Mock Data] Assignment.onCreate() called with filter: {
  "filter": {
    "unitID": {
      "eq": "mock-unit-1",
    },
  },
}
[90mstdout[2m | src/components/QuestionsReview2.stories.tsx[2m > [22m[2mWith Media Attachments
[22m[39m[Mock Data] Assignment.onCreate() subscription added. Total: 1
[90mstdout[2m | src/components/QuestionsReview2.stories.tsx[2m > [22m[2mWith Media Attachments
[22m[39m[Mock Data] Assignment.onUpdate() called with filter: {
  "filter": {
    "unitID": {
      "eq": "mock-unit-1",
    },
  },
}
[90mstdout[2m | src/components/QuestionsReview2.stories.tsx[2m > [22m[2mWith Media Attachments
[22m[39m[Mock Data] Assignment.onUpdate() subscription added. Total: 1
[90mstdout[2m | src/components/QuestionsReview2.stories.tsx[2m > [22m[2mWith Media Attachments
[22m[39m[Mock Data] Assignment.onDelete() called with filter: {
  "filter": {
    "unitID": {
      "eq": "mock-unit-1",
    },
  },
}
[90mstdout[2m | src/components/QuestionsReview2.stories.tsx[2m > [22m[2mWith Media Attachments
[22m[39m[Mock Data] Assignment.onDelete() subscription added. Total: 1
[90mstdout[2m | src/components/QuestionsReview2.stories.tsx[2m > [22m[2mWith Media Attachments
[22m[39m[FilesContext] File observeQuery subscription triggered:
[90mstdout[2m | src/components/QuestionsReview2.stories.tsx[2m > [22m[2mWith Media Attachments
[22m[39m  - items.length: 0
[90mstdout[2m | src/components/QuestionsReview2.stories.tsx[2m > [22m[2mWith Media Attachments
[22m[39m  - isSynced: true
[90mstdout[2m | src/components/QuestionsReview2.stories.tsx[2m > [22m[2mWith Media Attachments
[22m[39m  - items: []
[90mstdout[2m | src/components/QuestionsReview2.stories.tsx[2m > [22m[2mWith Media Attachments
[22m[39m[FilesContext] Document count changed: 0 → 1
[90mstdout[2m | src/components/QuestionsReview2.stories.tsx[2m > [22m[2mWith Media Attachments
[22m[39m[MOCK CourseVectorStore] Initialized with mock data
[90mstdout[2m | src/components/QuestionsReview2.stories.tsx[2m > [22m[2mWith Media Attachments
[22m[39m[useTranslationWithCapture] t() called: {
  "key": "questionsReview.loading",
  "mode": "off",
  "namespace": "components",
  "value": "Loading questions...",
}
[90mstdout[2m | src/components/QuestionsReview2.stories.tsx[2m > [22m[2mWith Media Attachments
[22m[39m[ChatContext] AssistantChat query update: 0 items (synced)
[90mstdout[2m | src/components/QuestionsReview2.stories.tsx[2m > [22m[2mWith Media Attachments
[22m[39m[ChatContext] AssistantChat subscription initialized
[90mstdout[2m | src/components/QuestionsReview2.stories.tsx[2m > [22m[2mWith Media Attachments
[22m[39m[ChatContext] AssistantChat list updated: 0 chats
[90mstdout[2m | src/components/QuestionsReview2.stories.tsx[2m > [22m[2mWith Media Attachments
[22m[39m[Mock Data] Settings.create() called with: {
  "assistantVoice": "shimmer",
  "autoAnalyzeDocuments": true,
  "defaultAIModel": "gpt-4",
  "documentAnalysisModel": "gpt-4",
  "editorFontSize": 14,
  "editorTheme": "auto",
  "emailNotifications": true,
  "language": "en",
  "webhookNotifications": false,
}
[90mstdout[2m | src/components/QuestionsReview2.stories.tsx[2m > [22m[2mWith Media Attachments
[22m[39m[Mock Data] Settings created: mock-settings-1776336985734 - notified 1 subscribers
[90mstdout[2m | src/components/QuestionsReview2.stories.tsx[2m > [22m[2mWith Media Attachments
[22m[39m[Mock Data] generateClient() called - returning mock client
[90mstdout[2m | src/components/QuestionsReview2.stories.tsx[2m > [22m[2mWith Media Attachments
[22m[39m[Mock amplifyClient] getAmplifyClient() called - returning mock client
[90mstdout[2m | src/components/QuestionsReview2.stories.tsx[2m > [22m[2mWith Media Attachments
[22m[39m[Mock Data] Document.get() called with id: mock-doc-media
[90mstdout[2m | src/components/QuestionsReview2.stories.tsx[2m > [22m[2mWith Media Attachments
[22m[39m[Mock Data] generateClient() called - returning mock client
[90mstdout[2m | src/components/QuestionsReview2.stories.tsx[2m > [22m[2mWith Media Attachments
[22m[39m[Mock amplifyClient] getAmplifyClient() called - returning mock client
[90mstdout[2m | src/components/QuestionsReview2.stories.tsx[2m > [22m[2mWith Media Attachments
[22m[39m[Mock Data] ParsedContent.observeQuery() called with filter: undefined
[90mstdout[2m | src/components/QuestionsReview2.stories.tsx[2m > [22m[2mWith Media Attachments
[22m[39m[Mock Data] ParsedContent.observeQuery() returning 1 items (filter applied) undefined
[90mstdout[2m | src/components/QuestionsReview2.stories.tsx[2m > [22m[2mWith Media Attachments
[22m[39m[Mock Data] ParsedContent subscription added. Total subscriptions: 1
[90mstdout[2m | src/components/QuestionsReview2.stories.tsx[2m > [22m[2mWith Media Attachments
[22m[39m[ChatContext] No chats found, clearing current chat - new one will be created
[90mstdout[2m | src/components/QuestionsReview2.stories.tsx[2m > [22m[2mWith Media Attachments
[22m[39m[Mock Data] ParsedContent.list() called with options: {
  "filter": {
    "documentID": {
      "eq": "mock-doc-media",
    },
  },
}
[90mstdout[2m | src/components/QuestionsReview2.stories.tsx[2m > [22m[2mWith Media Attachments
[22m[39m[ChatContext] No current chat available, will create one
[90mstdout[2m | src/components/QuestionsReview2.stories.tsx[2m > [22m[2mWith Media Attachments
[22m[39m[ChatContext] Creating AssistantChat with user: undefined
[90mstdout[2m | src/components/QuestionsReview2.stories.tsx[2m > [22m[2mWith Media Attachments
[22m[39m[Mock Data] AssistantChat.create() called with: {
  "archived": false,
  "model": "gpt-4",
}
[90mstdout[2m | src/components/QuestionsReview2.stories.tsx[2m > [22m[2mWith Media Attachments
[22m[39m[Mock Data] AssistantChat created: mock-assistantchat-1776336985744 - notified 1 subscribers
[90mstdout[2m | src/components/QuestionsReview2.stories.tsx[2m > [22m[2mWith Media Attachments
[22m[39m[useTranslationWithCapture] t() called: {
  "key": "questionsReview.sectionHeading",
  "mode": "off",
  "namespace": "components",
  "value": "Questions Review",
}
[90mstdout[2m | src/components/QuestionsReview2.stories.tsx[2m > [22m[2mWith Media Attachments
[22m[39m[useTranslationWithCapture] t() called: {
  "key": "questionsReview.from",
  "mode": "off",
  "namespace": "components",
  "value": "From",
}
[90mstdout[2m | src/components/QuestionsReview2.stories.tsx[2m > [22m[2mWith Media Attachments
[22m[39m[useTranslationWithCapture] t() called: {
  "key": "questionsReview.pages",
  "mode": "off",
  "namespace": "components",
  "value": "pages",
}
[90mstdout[2m | src/components/QuestionsReview2.stories.tsx[2m > [22m[2mWith Media Attachments
[22m[39m[useTranslationWithCapture] t() called: {
  "key": "questionsReview.deselectAll",
  "mode": "off",
  "namespace": "components",
  "value": "Deselect All",
}
[90mstdout[2m | src/components/QuestionsReview2.stories.tsx[2m > [22m[2mWith Media Attachments
[22m[39m[useTranslationWithCapture] t() called: {
  "key": "questionsReview.selectedCount",
  "mode": "off",
  "namespace": "components",
  "value": "3 of 3 selected",
}
[90mstdout[2m | src/components/QuestionsReview2.stories.tsx[2m > [22m[2mWith Media Attachments
[22m[39m[useTranslationWithCapture] t() called: {
  "key": "questionsReview.importToQuestionBank",
  "mode": "off",
  "namespace": "components",
  "value": "Import to Question Bank",
}
[90mstdout[2m | src/components/QuestionsReview2.stories.tsx[2m > [22m[2mWith Media Attachments
[22m[39m[useTranslationWithCapture] t() called: {
  "key": "questionsReview.sectionHeading",
  "mode": "off",
  "namespace": "components",
  "value": "Questions Review",
}
[90mstdout[2m | src/components/QuestionsReview2.stories.tsx[2m > [22m[2mWith Media Attachments
[22m[39m[useTranslationWithCapture] t() called: {
  "key": "questionsReview.from",
  "mode": "off",
  "namespace": "components",
  "value": "From",
}
[90mstdout[2m | src/components/QuestionsReview2.stories.tsx[2m > [22m[2mWith Media Attachments
[22m[39m[useTranslationWithCapture] t() called: {
  "key": "questionsReview.pages",
  "mode": "off",
  "namespace": "components",
  "value": "pages",
}
[90mstdout[2m | src/components/QuestionsReview2.stories.tsx[2m > [22m[2mWith Media Attachments
[22m[39m[useTranslationWithCapture] t() called: {
  "key": "questionsReview.deselectAll",
  "mode": "off",
  "namespace": "components",
  "value": "Deselect All",
}
[90mstdout[2m | src/components/QuestionsReview2.stories.tsx[2m > [22m[2mWith Media Attachments
[22m[39m[useTranslationWithCapture] t() called: {
  "key": "questionsReview.selectedCount",
  "mode": "off",
  "namespace": "components",
  "value": "3 of 3 selected",
}
[90mstdout[2m | src/components/QuestionsReview2.stories.tsx[2m > [22m[2mWith Media Attachments
[22m[39m[useTranslationWithCapture] t() called: {
  "key": "questionsReview.importToQuestionBank",
  "mode": "off",
  "namespace": "components",
  "value": "Import to Question Bank",
}
[90mstdout[2m | src/components/QuestionsReview2.stories.tsx[2m > [22m[2mWith Media Attachments
[22m[39m[useTranslationWithCapture] t() called: {
  "key": "questionsReview.hasAudio",
  "mode": "off",
  "namespace": "components",
  "value": "Has audio",
}
[90mstdout[2m | src/components/QuestionsReview2.stories.tsx[2m > [22m[2mWith Media Attachments
[22m[39m[useTranslationWithCapture] t() called: {
  "key": "questionsReview.hasAudio",
  "mode": "off",
  "namespace": "components",
  "value": "Has audio",
}
[90mstdout[2m | src/components/QuestionsReview2.stories.tsx[2m > [22m[2mWith Media Attachments
[22m[39m[useTranslationWithCapture] t() called: {
  "key": "questionsReview.hasImage",
  "mode": "off",
  "namespace": "components",
  "value": "Has image",
}
[90mstdout[2m | src/components/QuestionsReview2.stories.tsx[2m > [22m[2mWith Media Attachments
[22m[39m[useTranslationWithCapture] t() called: {
  "key": "questionsReview.hasImage",
  "mode": "off",
  "namespace": "components",
  "value": "Has image",
}
[90mstdout[2m | src/components/QuestionsReview2.stories.tsx[2m > [22m[2mWith Media Attachments
[22m[39m[useTranslationWithCapture] t() called: {
  "key": "questionsReview.hasAudio",
  "mode": "off",
  "namespace": "components",
  "value": "Has audio",
}
[90mstdout[2m | src/components/QuestionsReview2.stories.tsx[2m > [22m[2mWith Media Attachments
[22m[39m[useTranslationWithCapture] t() called: {
  "key": "questionsReview.hasAudio",
  "mode": "off",
  "namespace": "components",
  "value": "Has audio",
}
[90mstdout[2m | src/components/QuestionsReview2.stories.tsx[2m > [22m[2mWith Media Attachments
[22m[39m[useTranslationWithCapture] t() called: {
  "key": "questionsReview.hasImage",
  "mode": "off",
  "namespace": "components",
  "value": "Has image",
}
[90mstdout[2m | src/components/QuestionsReview2.stories.tsx[2m > [22m[2mWith Media Attachments
[22m[39m[useTranslationWithCapture] t() called: {
  "key": "questionsReview.hasImage",
  "mode": "off",
  "namespace": "components",
  "value": "Has image",
}
[90mstdout[2m | src/components/QuestionsReview2.stories.tsx[2m > [22m[2mWith Media Attachments
[22m[39m[useTranslationWithCapture] t() called: {
  "key": "questionsReview.sectionHeading",
  "mode": "off",
  "namespace": "components",
  "value": "Questions Review",
}
[90mstdout[2m | src/components/QuestionsReview2.stories.tsx[2m > [22m[2mWith Media Attachments
[22m[39m[useTranslationWithCapture] t() called: {
  "key": "questionsReview.from",
  "mode": "off",
  "namespace": "components",
  "value": "From",
}
[90mstdout[2m | src/components/QuestionsReview2.stories.tsx[2m > [22m[2mWith Media Attachments
[22m[39m[useTranslationWithCapture] t() called: {
  "key": "questionsReview.pages",
  "mode": "off",
  "namespace": "components",
  "value": "pages",
}
[90mstdout[2m | src/components/QuestionsReview2.stories.tsx[2m > [22m[2mWith Media Attachments
[22m[39m[useTranslationWithCapture] t() called: {
  "key": "questionsReview.deselectAll",
  "mode": "off",
  "namespace": "components",
  "value": "Deselect All",
}
[90mstdout[2m | src/components/QuestionsReview2.stories.tsx[2m > [22m[2mWith Media Attachments
[22m[39m[useTranslationWithCapture] t() called: {
  "key": "questionsReview.selectedCount",
  "mode": "off",
  "namespace": "components",
  "value": "3 of 3 selected",
}
[90mstdout[2m | src/components/QuestionsReview2.stories.tsx[2m > [22m[2mWith Media Attachments
[22m[39m[useTranslationWithCapture] t() called: {
  "key": "questionsReview.importToQuestionBank",
  "mode": "off",
  "namespace": "components",
  "value": "Import to Question Bank",
}
[90mstdout[2m | src/components/QuestionsReview2.stories.tsx[2m > [22m[2mWith Media Attachments
[22m[39m[useTranslationWithCapture] t() called: {
  "key": "questionsReview.hasAudio",
  "mode": "off",
  "namespace": "components",
  "value": "Has audio",
}
[90mstdout[2m | src/components/QuestionsReview2.stories.tsx[2m > [22m[2mWith Media Attachments
[22m[39m[useTranslationWithCapture] t() called: {
  "key": "questionsReview.hasAudio",
  "mode": "off",
  "namespace": "components",
  "value": "Has audio",
}
[90mstdout[2m | src/components/QuestionsReview2.stories.tsx[2m > [22m[2mWith Media Attachments
[22m[39m[useTranslationWithCapture] t() called: {
  "key": "questionsReview.hasImage",
  "mode": "off",
  "namespace": "components",
  "value": "Has image",
}
[90mstdout[2m | src/components/QuestionsReview2.stories.tsx[2m > [22m[2mWith Media Attachments
[22m[39m[useTranslationWithCapture] t() called: {
  "key": "questionsReview.hasImage",
  "mode": "off",
  "namespace": "components",
  "value": "Has image",
}
[90mstdout[2m | src/components/QuestionsReview2.stories.tsx[2m > [22m[2mWith Media Attachments
[22m[39m[useTranslationWithCapture] t() called: {
  "key": "questionsReview.hasAudio",
  "mode": "off",
  "namespace": "components",
  "value": "Has audio",
}
[90mstdout[2m | src/components/QuestionsReview2.stories.tsx[2m > [22m[2mWith Media Attachments
[22m[39m[useTranslationWithCapture] t() called: {
  "key": "questionsReview.hasAudio",
  "mode": "off",
  "namespace": "components",
  "value": "Has audio",
}
[90mstdout[2m | src/components/QuestionsReview2.stories.tsx[2m > [22m[2mWith Media Attachments
[22m[39m[useTranslationWithCapture] t() called: {
  "key": "questionsReview.hasImage",
  "mode": "off",
  "namespace": "components",
  "value": "Has image",
}
[90mstdout[2m | src/components/QuestionsReview2.stories.tsx[2m > [22m[2mWith Media Attachments
[22m[39m[useTranslationWithCapture] t() called: {
  "key": "questionsReview.hasImage",
  "mode": "off",
  "namespace": "components",
  "value": "Has image",
}
[90mstdout[2m | src/components/QuestionsReview2.stories.tsx[2m > [22m[2mWith Media Attachments
[22m[39m[ChatContext] Create result: {
  "data": {
    "_version": 1,
    "archived": false,
    "chatFiles": [Function anonymous],
    "createdAt": "2026-04-16T10:56:25.744Z",
    "id": "mock-assistantchat-1776336985744",
    "model": "gpt-4",
    "updatedAt": "2026-04-16T10:56:25.744Z",
  },
  "errors": [],
  "hasData": true,
  "hasErrors": true,
}
[90mstdout[2m | src/components/QuestionsReview2.stories.tsx[2m > [22m[2mWith Media Attachments
[22m[39m[ChatContext] Created AssistantChat: mock-assistantchat-1776336985744 at: 2026-04-16T10:56:25.744Z
[90mstdout[2m | src/components/QuestionsReview2.stories.tsx[2m > [22m[2mWith Media Attachments
[22m[39m[ChatContext] AssistantChat query update: 1 items (synced)
[90mstdout[2m | src/components/QuestionsReview2.stories.tsx[2m > [22m[2mWith Media Attachments
[22m[39m[ChatContext] First item details: {
  "id": "mock-assistantchat-1776336985744",
  "updatedAt": "2026-04-16T10:56:25.744Z",
}
[90mstdout[2m | src/components/QuestionsReview2.stories.tsx[2m > [22m[2mWith Media Attachments
[22m[39m[ChatContext] AssistantChat list updated: 1 chats
[90mstdout[2m | src/components/QuestionsReview2.stories.tsx[2m > [22m[2mWith Media Attachments
[22m[39m[ChatContext] Setting initial chat: mock-assistantchat-1776336985744
[90mstdout[2m | src/components/QuestionsReview2.stories.tsx[2m > [22m[2mWith Media Attachments
[22m[39m[useTranslationWithCapture] t() called: {
  "key": "questionsReview.hasAudio",
  "mode": "off",
  "namespace": "components",
  "value": "Has audio",
}
[90mstdout[2m | src/components/QuestionsReview2.stories.tsx[2m > [22m[2mWith Media Attachments
[22m[39m[useTranslationWithCapture] t() called: {
  "key": "questionsReview.hasAudio",
  "mode": "off",
  "namespace": "components",
  "value": "Has audio",
}
[90mstdout[2m | src/components/QuestionsReview2.stories.tsx[2m > [22m[2mWith Media Attachments
[22m[39m[useTranslationWithCapture] t() called: {
  "key": "questionsReview.hasImage",
  "mode": "off",
  "namespace": "components",
  "value": "Has image",
}
[90mstdout[2m | src/components/QuestionsReview2.stories.tsx[2m > [22m[2mWith Media Attachments
[22m[39m[useTranslationWithCapture] t() called: {
  "key": "questionsReview.hasImage",
  "mode": "off",
  "namespace": "components",
  "value": "Has image",
}
[90mstdout[2m | src/components/QuestionsReview2.stories.tsx[2m > [22m[2mWith Media Attachments
[22m[39m[useTranslationWithCapture] t() called: {
  "key": "questionsReview.hasAudio",
  "mode": "off",
  "namespace": "components",
  "value": "Has audio",
}
[90mstdout[2m | src/components/QuestionsReview2.stories.tsx[2m > [22m[2mWith Media Attachments
[22m[39m[useTranslationWithCapture] t() called: {
  "key": "questionsReview.hasAudio",
  "mode": "off",
  "namespace": "components",
  "value": "Has audio",
}
[90mstdout[2m | src/components/QuestionsReview2.stories.tsx[2m > [22m[2mWith Media Attachments
[22m[39m[useTranslationWithCapture] t() called: {
  "key": "questionsReview.hasImage",
  "mode": "off",
  "namespace": "components",
  "value": "Has image",
}
[90mstdout[2m | src/components/QuestionsReview2.stories.tsx[2m > [22m[2mWith Media Attachments
[22m[39m[useTranslationWithCapture] t() called: {
  "key": "questionsReview.hasImage",
  "mode": "off",
  "namespace": "components",
  "value": "Has image",
}
[90mstdout[2m | src/components/QuestionsReview2.stories.tsx[2m > [22m[2mWith Media Attachments
[22m[39m[Mock Data] generateClient() called - returning mock client
[90mstdout[2m | src/components/QuestionsReview2.stories.tsx[2m > [22m[2mWith Media Attachments
[22m[39m[Mock amplifyClient] getAmplifyClient() called - returning mock client
[90mstdout[2m | src/components/QuestionsReview2.stories.tsx[2m > [22m[2mWith Media Attachments
[22m[39m[Mock Data] Document.get() called with id: mock-doc-media
[90mstdout[2m | src/components/QuestionsReview2.stories.tsx[2m > [22m[2mWith Media Attachments
[22m[39m[Mock Data] ParsedContent.list() called with options: {
  "filter": {
    "documentID": {
      "eq": "mock-doc-media",
    },
  },
}
[90mstdout[2m | src/components/QuestionsReview2.stories.tsx[2m > [22m[2mWith Media Attachments
[22m[39mfilterWords {
  "filter": "",
  "wordsCount": 0,
}
[90mstdout[2m | src/components/QuestionsReview2.stories.tsx[2m > [22m[2mWith Media Attachments
[22m[39m[ChatContext] Chat exists and not archived, skipping creation
[90mstdout[2m | src/components/QuestionsReview2.stories.tsx[2m > [22m[2mWith Media Attachments
[22m[39m[useTranslationWithCapture] t() called: {
  "key": "questionsReview.sectionHeading",
  "mode": "off",
  "namespace": "components",
  "value": "Questions Review",
}
[90mstdout[2m | src/components/QuestionsReview2.stories.tsx[2m > [22m[2mWith Media Attachments
[22m[39m[useTranslationWithCapture] t() called: {
  "key": "questionsReview.from",
  "mode": "off",
  "namespace": "components",
  "value": "From",
}
[90mstdout[2m | src/components/QuestionsReview2.stories.tsx[2m > [22m[2mWith Media Attachments
[22m[39m[useTranslationWithCapture] t() called: {
  "key": "questionsReview.pages",
  "mode": "off",
  "namespace": "components",
  "value": "pages",
}
[90mstdout[2m | src/components/QuestionsReview2.stories.tsx[2m > [22m[2mWith Media Attachments
[22m[39m[useTranslationWithCapture] t() called: {
  "key": "questionsReview.deselectAll",
  "mode": "off",
  "namespace": "components",
  "value": "Deselect All",
}
[90mstdout[2m | src/components/QuestionsReview2.stories.tsx[2m > [22m[2mWith Media Attachments
[22m[39m[useTranslationWithCapture] t() called: {
  "key": "questionsReview.selectedCount",
  "mode": "off",
  "namespace": "components",
  "value": "3 of 3 selected",
}
[90mstdout[2m | src/components/QuestionsReview2.stories.tsx[2m > [22m[2mWith Media Attachments
[22m[39m[useTranslationWithCapture] t() called: {
  "key": "questionsReview.importToQuestionBank",
  "mode": "off",
  "namespace": "components",
  "value": "Import to Question Bank",
}
[90mstdout[2m | src/components/QuestionsReview2.stories.tsx[2m > [22m[2mWith Media Attachments
[22m[39m[useTranslationWithCapture] t() called: {
  "key": "questionsReview.hasAudio",
  "mode": "off",
  "namespace": "components",
  "value": "Has audio",
}
[90mstdout[2m | src/components/QuestionsReview2.stories.tsx[2m > [22m[2mWith Media Attachments
[22m[39m[useTranslationWithCapture] t() called: {
  "key": "questionsReview.hasAudio",
  "mode": "off",
  "namespace": "components",
  "value": "Has audio",
}
[90mstdout[2m | src/components/QuestionsReview2.stories.tsx[2m > [22m[2mWith Media Attachments
[22m[39m[useTranslationWithCapture] t() called: {
  "key": "questionsReview.hasImage",
  "mode": "off",
  "namespace": "components",
  "value": "Has image",
}
[90mstdout[2m | src/components/QuestionsReview2.stories.tsx[2m > [22m[2mWith Media Attachments
[22m[39m[useTranslationWithCapture] t() called: {
  "key": "questionsReview.hasImage",
  "mode": "off",
  "namespace": "components",
  "value": "Has image",
}
[90mstdout[2m | src/components/QuestionsReview2.stories.tsx[2m > [22m[2mWith Media Attachments
[22m[39m[useTranslationWithCapture] t() called: {
  "key": "questionsReview.hasAudio",
  "mode": "off",
  "namespace": "components",
  "value": "Has audio",
}
[90mstdout[2m | src/components/QuestionsReview2.stories.tsx[2m > [22m[2mWith Media Attachments
[22m[39m[useTranslationWithCapture] t() called: {
  "key": "questionsReview.hasAudio",
  "mode": "off",
  "namespace": "components",
  "value": "Has audio",
}
[90mstdout[2m | src/components/QuestionsReview2.stories.tsx[2m > [22m[2mWith Media Attachments
[22m[39m[useTranslationWithCapture] t() called: {
  "key": "questionsReview.hasImage",
  "mode": "off",
  "namespace": "components",
  "value": "Has image",
}
[90mstdout[2m | src/components/QuestionsReview2.stories.tsx[2m > [22m[2mWith Media Attachments
[22m[39m[useTranslationWithCapture] t() called: {
  "key": "questionsReview.hasImage",
  "mode": "off",
  "namespace": "components",
  "value": "Has image",
}
[90mstdout[2m | src/components/QuestionsReview2.stories.tsx[2m > [22m[2mAlready Imported
[22m[39m[Mock Data] Settings subscription unsubscribed. Remaining: 0
[90mstdout[2m | src/components/QuestionsReview2.stories.tsx[2m > [22m[2mAlready Imported
[22m[39m[ChatContext] Cleaning up subscription
[90mstdout[2m | src/components/QuestionsReview2.stories.tsx[2m > [22m[2mAlready Imported
[22m[39m[Mock Data] AssistantChat subscription unsubscribed. Remaining: 0
[90mstdout[2m | src/components/QuestionsReview2.stories.tsx[2m > [22m[2mAlready Imported
[22m[39m[Mock Data] File subscription unsubscribed. Remaining: 0
[90mstdout[2m | src/components/QuestionsReview2.stories.tsx[2m > [22m[2mAlready Imported
[22m[39m[Mock Data] Document subscription unsubscribed. Remaining: 0
[90mstdout[2m | src/components/QuestionsReview2.stories.tsx[2m > [22m[2mAlready Imported
[22m[39m[Mock Data] Word subscription unsubscribed. Remaining: 0
[90mstdout[2m | src/components/QuestionsReview2.stories.tsx[2m > [22m[2mAlready Imported
[22m[39m[Mock Data] Question subscription unsubscribed. Remaining: 0
[90mstdout[2m | src/components/QuestionsReview2.stories.tsx[2m > [22m[2mAlready Imported
[22m[39m[Mock Data] Grade subscription unsubscribed. Remaining: 0
[90mstdout[2m | src/components/QuestionsReview2.stories.tsx[2m > [22m[2mAlready Imported
[22m[39m[Mock Data] Unit subscription unsubscribed. Remaining: 0
[90mstdout[2m | src/components/QuestionsReview2.stories.tsx[2m > [22m[2mAlready Imported
[22m[39m[SectionContext] Cleaning up subscriptions
[90mstdout[2m | src/components/QuestionsReview2.stories.tsx[2m > [22m[2mAlready Imported
[22m[39m[Mock Data] Section.onCreate() subscription removed. Remaining: 0
[90mstdout[2m | src/components/QuestionsReview2.stories.tsx[2m > [22m[2mAlready Imported
[22m[39m[Mock Data] Section.onUpdate() subscription removed. Remaining: 0
[90mstdout[2m | src/components/QuestionsReview2.stories.tsx[2m > [22m[2mAlready Imported
[22m[39m[Mock Data] Section.onDelete() subscription removed. Remaining: 0
[90mstdout[2m | src/components/QuestionsReview2.stories.tsx[2m > [22m[2mAlready Imported
[22m[39m[Mock Data] Assignment.onCreate() subscription removed. Remaining: 0
[90mstdout[2m | src/components/QuestionsReview2.stories.tsx[2m > [22m[2mAlready Imported
[22m[39m[Mock Data] Assignment.onUpdate() subscription removed. Remaining: 0
[90mstdout[2m | src/components/QuestionsReview2.stories.tsx[2m > [22m[2mAlready Imported
[22m[39m[Mock Data] Assignment.onDelete() subscription removed. Remaining: 0
[90mstdout[2m | src/components/QuestionsReview2.stories.tsx[2m > [22m[2mAlready Imported
[22m[39m[Mock Data] ParsedContent subscription unsubscribed. Remaining: 0
[90mstdout[2m | src/components/QuestionsReview2.stories.tsx[2m > [22m[2mAlready Imported
[22m[39m[Mock Data] Clearing all data stores
[90mstdout[2m | src/components/QuestionsReview2.stories.tsx[2m > [22m[2mAlready Imported
[22m[39m[Mock Data] All data stores cleared
[90mstdout[2m | src/components/QuestionsReview2.stories.tsx[2m > [22m[2mAlready Imported
[22m[39m[Preview] Cleared mock data for story
[90mstdout[2m | src/components/QuestionsReview2.stories.tsx[2m > [22m[2mAlready Imported
[22m[39m[Preview] Skipped initializing default mock data (initializeMockData=false)
[90mstdout[2m | src/components/QuestionsReview2.stories.tsx[2m > [22m[2mAlready Imported
[22m[39m[Mock Data] seedMockDocuments: Adding 1 documents
[90mstdout[2m | src/components/QuestionsReview2.stories.tsx[2m > [22m[2mAlready Imported
[22m[39m[Mock Data] seedMockParsedContent: Adding 1 parsed content records
[90mstdout[2m | src/components/QuestionsReview2.stories.tsx[2m > [22m[2mAlready Imported
[22m[39m[Mock AuthContext] Providing auth: {
  "error": undefined,
  "isLoading": false,
  "session": {
    "idToken": {
      "toString": [Function toString],
    },
    "identityId": "us-east-1:mock-identity-123",
    "username": "mock-user-sub",
  },
  "user": {
    "attributes": {
      "email": "alice@example.com",
      "name": "Alice Student",
      "sub": "mock-user-sub",
    },
  },
}
[90mstdout[2m | src/components/QuestionsReview2.stories.tsx[2m > [22m[2mAlready Imported
[22m[39m[Mock Data] generateClient() called - returning mock client
[90mstdout[2m | src/components/QuestionsReview2.stories.tsx[2m > [22m[2mAlready Imported
[22m[39m[Mock amplifyClient] getAmplifyClient() called - returning mock client
[90mstdout[2m | src/components/QuestionsReview2.stories.tsx[2m > [22m[2mAlready Imported
[22m[39m[MOCK CourseVectorStore] Initialized with mock data
[90mstdout[2m | src/components/QuestionsReview2.stories.tsx[2m > [22m[2mAlready Imported
[22m[39m[TranslationModeController] Setting mode to: off
[90mstdout[2m | src/components/QuestionsReview2.stories.tsx[2m > [22m[2mAlready Imported
[22m[39m[SectionContext] useEffect triggered {
  "authLoading": false,
  "hasUser": true,
  "userSub": "mock-user-sub",
}
[90mstdout[2m | src/components/QuestionsReview2.stories.tsx[2m > [22m[2mAlready Imported
[22m[39m[SectionContext] Fetching sections for userId: mock-user-sub
[90mstdout[2m | src/components/QuestionsReview2.stories.tsx[2m > [22m[2mAlready Imported
[22m[39m[Mock Data] generateClient() called - returning mock client
[90mstdout[2m | src/components/QuestionsReview2.stories.tsx[2m > [22m[2mAlready Imported
[22m[39m[Mock amplifyClient] getAmplifyClient() called - returning mock client
[90mstdout[2m | src/components/QuestionsReview2.stories.tsx[2m > [22m[2mAlready Imported
[22m[39m[Mock Data] Section.list() called with options: undefined
[90mstdout[2m | src/components/QuestionsReview2.stories.tsx[2m > [22m[2mAlready Imported
[22m[39m[Mock Data] generateClient() called - returning mock client
[90mstdout[2m | src/components/QuestionsReview2.stories.tsx[2m > [22m[2mAlready Imported
[22m[39m[Mock amplifyClient] getAmplifyClient() called - returning mock client
[90mstdout[2m | src/components/QuestionsReview2.stories.tsx[2m > [22m[2mAlready Imported
[22m[39m[Mock Data] Assignment.list() called with options: {
  "filter": {
    "unitID": {
      "eq": "mock-unit-1",
    },
  },
}
[90mstdout[2m | src/components/QuestionsReview2.stories.tsx[2m > [22m[2mAlready Imported
[22m[39m[Mock Data] generateClient() called - returning mock client
[90mstdout[2m | src/components/QuestionsReview2.stories.tsx[2m > [22m[2mAlready Imported
[22m[39m[Mock amplifyClient] getAmplifyClient() called - returning mock client
[90mstdout[2m | src/components/QuestionsReview2.stories.tsx[2m > [22m[2mAlready Imported
[22m[39m[Mock Data] Grade.observeQuery() called with filter: {
  "filter": {
    "unitID": {
      "eq": "mock-unit-1",
    },
  },
}
[90mstdout[2m | src/components/QuestionsReview2.stories.tsx[2m > [22m[2mAlready Imported
[22m[39m[Mock Data] Grade.observeQuery() applying filter: {
  "unitID": {
    "eq": "mock-unit-1",
  },
}
[90mstdout[2m | src/components/QuestionsReview2.stories.tsx[2m > [22m[2mAlready Imported
[22m[39m[Mock Data] Grade.observeQuery() items before filter: 0
[90mstdout[2m | src/components/QuestionsReview2.stories.tsx[2m > [22m[2mAlready Imported
[22m[39m[Mock Data] Grade.observeQuery() items after filter: 0
[90mstdout[2m | src/components/QuestionsReview2.stories.tsx[2m > [22m[2mAlready Imported
[22m[39m[Mock Data] Grade.observeQuery() returning 0 items (filter applied) {
  "filter": {
    "unitID": {
      "eq": "mock-unit-1",
    },
  },
}
[90mstdout[2m | src/components/QuestionsReview2.stories.tsx[2m > [22m[2mAlready Imported
[22m[39m[Mock Data] Grade subscription added. Total subscriptions: 1
[90mstdout[2m | src/components/QuestionsReview2.stories.tsx[2m > [22m[2mAlready Imported
[22m[39m[UnitContext] useEffect triggered {
  "authLoading": false,
  "hasUser": true,
  "id": "mock-unit-1",
  "userSub": "mock-user-sub",
}
[90mstdout[2m | src/components/QuestionsReview2.stories.tsx[2m > [22m[2mAlready Imported
[22m[39m[UnitContext] Fetching unit data for id: mock-unit-1
[90mstdout[2m | src/components/QuestionsReview2.stories.tsx[2m > [22m[2mAlready Imported
[22m[39m[Mock Data] generateClient() called - returning mock client
[90mstdout[2m | src/components/QuestionsReview2.stories.tsx[2m > [22m[2mAlready Imported
[22m[39m[Mock amplifyClient] getAmplifyClient() called - returning mock client
[90mstdout[2m | src/components/QuestionsReview2.stories.tsx[2m > [22m[2mAlready Imported
[22m[39m[Mock Data] Unit.observeQuery() called with filter: {
  "filter": {
    "id": {
      "eq": "mock-unit-1",
    },
  },
}
[90mstdout[2m | src/components/QuestionsReview2.stories.tsx[2m > [22m[2mAlready Imported
[22m[39m[Mock Data] Unit.observeQuery() applying filter: {
  "id": {
    "eq": "mock-unit-1",
  },
}
[90mstdout[2m | src/components/QuestionsReview2.stories.tsx[2m > [22m[2mAlready Imported
[22m[39m[Mock Data] Unit.observeQuery() items before filter: 0
[90mstdout[2m | src/components/QuestionsReview2.stories.tsx[2m > [22m[2mAlready Imported
[22m[39m[Mock Data] Unit.observeQuery() items after filter: 0
[90mstdout[2m | src/components/QuestionsReview2.stories.tsx[2m > [22m[2mAlready Imported
[22m[39m[Mock Data] Unit.observeQuery() returning 0 items (filter applied) {
  "filter": {
    "id": {
      "eq": "mock-unit-1",
    },
  },
}
[90mstdout[2m | src/components/QuestionsReview2.stories.tsx[2m > [22m[2mAlready Imported
[22m[39m[Mock Data] Unit subscription added. Total subscriptions: 1
[90mstdout[2m | src/components/QuestionsReview2.stories.tsx[2m > [22m[2mAlready Imported
[22m[39m[Mock Data] generateClient() called - returning mock client
[90mstdout[2m | src/components/QuestionsReview2.stories.tsx[2m > [22m[2mAlready Imported
[22m[39m[Mock amplifyClient] getAmplifyClient() called - returning mock client
[90mstdout[2m | src/components/QuestionsReview2.stories.tsx[2m > [22m[2mAlready Imported
[22m[39m[Mock Data] Word.observeQuery() called with filter: undefined
[90mstdout[2m | src/components/QuestionsReview2.stories.tsx[2m > [22m[2mAlready Imported
[22m[39m[Mock Data] Word.observeQuery() returning 0 items (filter applied) undefined
[90mstdout[2m | src/components/QuestionsReview2.stories.tsx[2m > [22m[2mAlready Imported
[22m[39m[Mock Data] Word subscription added. Total subscriptions: 1
[90mstdout[2m | src/components/QuestionsReview2.stories.tsx[2m > [22m[2mAlready Imported
[22m[39m[Mock Data] generateClient() called - returning mock client
[90mstdout[2m | src/components/QuestionsReview2.stories.tsx[2m > [22m[2mAlready Imported
[22m[39m[Mock amplifyClient] getAmplifyClient() called - returning mock client
[90mstdout[2m | src/components/QuestionsReview2.stories.tsx[2m > [22m[2mAlready Imported
[22m[39m[Mock Data] Question.observeQuery() called with filter: undefined
[90mstdout[2m | src/components/QuestionsReview2.stories.tsx[2m > [22m[2mAlready Imported
[22m[39m[Mock Data] Question.observeQuery() returning 0 items (filter applied) undefined
[90mstdout[2m | src/components/QuestionsReview2.stories.tsx[2m > [22m[2mAlready Imported
[22m[39m[Mock Data] Question subscription added. Total subscriptions: 1
[90mstdout[2m | src/components/QuestionsReview2.stories.tsx[2m > [22m[2mAlready Imported
[22m[39m[FilesContext] Initializing vector store from IndexedDB
[90mstdout[2m | src/components/QuestionsReview2.stories.tsx[2m > [22m[2mAlready Imported
[22m[39m[FilesContext] fetchFiles called
[90mstdout[2m | src/components/QuestionsReview2.stories.tsx[2m > [22m[2mAlready Imported
[22m[39m[FilesContext] User authenticated: mock-user-sub
[90mstdout[2m | src/components/QuestionsReview2.stories.tsx[2m > [22m[2mAlready Imported
[22m[39m[FilesContext] Identity ID: us-east-1:mock-identity-123
[90mstdout[2m | src/components/QuestionsReview2.stories.tsx[2m > [22m[2mAlready Imported
[22m[39m[FilesContext] About to subscribe to File model
[90mstdout[2m | src/components/QuestionsReview2.stories.tsx[2m > [22m[2mAlready Imported
[22m[39m[Mock Data] generateClient() called - returning mock client
[90mstdout[2m | src/components/QuestionsReview2.stories.tsx[2m > [22m[2mAlready Imported
[22m[39m[Mock amplifyClient] getAmplifyClient() called - returning mock client
[90mstdout[2m | src/components/QuestionsReview2.stories.tsx[2m > [22m[2mAlready Imported
[22m[39m[Mock Data] File.observeQuery() called with filter: undefined
[90mstdout[2m | src/components/QuestionsReview2.stories.tsx[2m > [22m[2mAlready Imported
[22m[39m[Mock Data] File.observeQuery() returning 0 items (filter applied) undefined
[90mstdout[2m | src/components/QuestionsReview2.stories.tsx[2m > [22m[2mAlready Imported
[22m[39m[Mock Data] File subscription added. Total subscriptions: 1
[90mstdout[2m | src/components/QuestionsReview2.stories.tsx[2m > [22m[2mAlready Imported
[22m[39m[Mock Data] generateClient() called - returning mock client
[90mstdout[2m | src/components/QuestionsReview2.stories.tsx[2m > [22m[2mAlready Imported
[22m[39m[Mock amplifyClient] getAmplifyClient() called - returning mock client
[90mstdout[2m | src/components/QuestionsReview2.stories.tsx[2m > [22m[2mAlready Imported
[22m[39m[Mock Data] Document.observeQuery() called with filter: undefined
[90mstdout[2m | src/components/QuestionsReview2.stories.tsx[2m > [22m[2mAlready Imported
[22m[39m[Mock Data] Document.observeQuery() returning 1 items (filter applied) undefined
[90mstdout[2m | src/components/QuestionsReview2.stories.tsx[2m > [22m[2mAlready Imported
[22m[39m[Mock Data] Document subscription added. Total subscriptions: 1
[90mstdout[2m | src/components/QuestionsReview2.stories.tsx[2m > [22m[2mAlready Imported
[22m[39m[ChatContext] Setting up observeQuery for AssistantChat
[90mstdout[2m | src/components/QuestionsReview2.stories.tsx[2m > [22m[2mAlready Imported
[22m[39m[Mock Data] AssistantChat.observeQuery() called with filter: {
  "sortDirection": "DESC",
  "sortField": "createdAt",
}
[90mstdout[2m | src/components/QuestionsReview2.stories.tsx[2m > [22m[2mAlready Imported
[22m[39m[Mock Data] AssistantChat.observeQuery() returning 0 items (filter applied) {
  "sortDirection": "DESC",
  "sortField": "createdAt",
}
[90mstdout[2m | src/components/QuestionsReview2.stories.tsx[2m > [22m[2mAlready Imported
[22m[39m[Mock Data] AssistantChat subscription added. Total subscriptions: 1
[90mstdout[2m | src/components/QuestionsReview2.stories.tsx[2m > [22m[2mAlready Imported
[22m[39m[ChatContext] Waiting for subscription to initialize
[90mstdout[2m | src/components/QuestionsReview2.stories.tsx[2m > [22m[2mAlready Imported
[22m[39m[SettingsContext] Setting up Settings subscription for user: mock-user-sub
[90mstdout[2m | src/components/QuestionsReview2.stories.tsx[2m > [22m[2mAlready Imported
[22m[39m[Mock Data] generateClient() called - returning mock client
[90mstdout[2m | src/components/QuestionsReview2.stories.tsx[2m > [22m[2mAlready Imported
[22m[39m[Mock amplifyClient] getAmplifyClient() called - returning mock client
[90mstdout[2m | src/components/QuestionsReview2.stories.tsx[2m > [22m[2mAlready Imported
[22m[39m[Mock Data] Settings.observeQuery() called with filter: undefined
[90mstdout[2m | src/components/QuestionsReview2.stories.tsx[2m > [22m[2mAlready Imported
[22m[39m[Mock Data] Settings.observeQuery() returning 0 items (filter applied) undefined
[90mstdout[2m | src/components/QuestionsReview2.stories.tsx[2m > [22m[2mAlready Imported
[22m[39m[Mock Data] Settings subscription added. Total subscriptions: 1
[90mstdout[2m | src/components/QuestionsReview2.stories.tsx[2m > [22m[2mAlready Imported
[22m[39m[SectionContext] Initial sections: 0 []
[90mstdout[2m | src/components/QuestionsReview2.stories.tsx[2m > [22m[2mAlready Imported
[22m[39m[Mock Data] Section.onCreate() called with filter: undefined
[90mstdout[2m | src/components/QuestionsReview2.stories.tsx[2m > [22m[2mAlready Imported
[22m[39m[Mock Data] Section.onCreate() subscription added. Total: 1
[90mstdout[2m | src/components/QuestionsReview2.stories.tsx[2m > [22m[2mAlready Imported
[22m[39m[Mock Data] Section.onUpdate() called with filter: undefined
[90mstdout[2m | src/components/QuestionsReview2.stories.tsx[2m > [22m[2mAlready Imported
[22m[39m[Mock Data] Section.onUpdate() subscription added. Total: 1
[90mstdout[2m | src/components/QuestionsReview2.stories.tsx[2m > [22m[2mAlready Imported
[22m[39m[Mock Data] Section.onDelete() called with filter: undefined
[90mstdout[2m | src/components/QuestionsReview2.stories.tsx[2m > [22m[2mAlready Imported
[22m[39m[Mock Data] Section.onDelete() subscription added. Total: 1
[90mstdout[2m | src/components/QuestionsReview2.stories.tsx[2m > [22m[2mAlready Imported
[22m[39m[Mock Data] Assignment.onCreate() called with filter: {
  "filter": {
    "unitID": {
      "eq": "mock-unit-1",
    },
  },
}
[90mstdout[2m | src/components/QuestionsReview2.stories.tsx[2m > [22m[2mAlready Imported
[22m[39m[Mock Data] Assignment.onCreate() subscription added. Total: 1
[90mstdout[2m | src/components/QuestionsReview2.stories.tsx[2m > [22m[2mAlready Imported
[22m[39m[Mock Data] Assignment.onUpdate() called with filter: {
  "filter": {
    "unitID": {
      "eq": "mock-unit-1",
    },
  },
}
[90mstdout[2m | src/components/QuestionsReview2.stories.tsx[2m > [22m[2mAlready Imported
[22m[39m[Mock Data] Assignment.onUpdate() subscription added. Total: 1
[90mstdout[2m | src/components/QuestionsReview2.stories.tsx[2m > [22m[2mAlready Imported
[22m[39m[Mock Data] Assignment.onDelete() called with filter: {
  "filter": {
    "unitID": {
      "eq": "mock-unit-1",
    },
  },
}
[90mstdout[2m | src/components/QuestionsReview2.stories.tsx[2m > [22m[2mAlready Imported
[22m[39m[Mock Data] Assignment.onDelete() subscription added. Total: 1
[90mstdout[2m | src/components/QuestionsReview2.stories.tsx[2m > [22m[2mAlready Imported
[22m[39m[FilesContext] File observeQuery subscription triggered:
[90mstdout[2m | src/components/QuestionsReview2.stories.tsx[2m > [22m[2mAlready Imported
[22m[39m  - items.length: 0
[90mstdout[2m | src/components/QuestionsReview2.stories.tsx[2m > [22m[2mAlready Imported
[22m[39m  - isSynced: true
[90mstdout[2m | src/components/QuestionsReview2.stories.tsx[2m > [22m[2mAlready Imported
[22m[39m  - items: []
[90mstdout[2m | src/components/QuestionsReview2.stories.tsx[2m > [22m[2mAlready Imported
[22m[39m[FilesContext] Document count changed: 0 → 1
[90mstdout[2m | src/components/QuestionsReview2.stories.tsx[2m > [22m[2mAlready Imported
[22m[39m[ChatContext] AssistantChat query update: 0 items (synced)
[90mstdout[2m | src/components/QuestionsReview2.stories.tsx[2m > [22m[2mAlready Imported
[22m[39m[ChatContext] AssistantChat subscription initialized
[90mstdout[2m | src/components/QuestionsReview2.stories.tsx[2m > [22m[2mAlready Imported
[22m[39m[ChatContext] AssistantChat list updated: 0 chats
[90mstdout[2m | src/components/QuestionsReview2.stories.tsx[2m > [22m[2mAlready Imported
[22m[39m[ChatContext] No chats found, clearing current chat - new one will be created
[90mstdout[2m | src/components/QuestionsReview2.stories.tsx[2m > [22m[2mAlready Imported
[22m[39m[MOCK CourseVectorStore] Initialized with mock data
[90mstdout[2m | src/components/QuestionsReview2.stories.tsx[2m > [22m[2mAlready Imported
[22m[39m[useTranslationWithCapture] t() called: {
  "key": "questionsReview.loading",
  "mode": "off",
  "namespace": "components",
  "value": "Loading questions...",
}
[90mstdout[2m | src/components/QuestionsReview2.stories.tsx[2m > [22m[2mAlready Imported
[22m[39m[Mock Data] Settings.create() called with: {
  "assistantVoice": "shimmer",
  "autoAnalyzeDocuments": true,
  "defaultAIModel": "gpt-4",
  "documentAnalysisModel": "gpt-4",
  "editorFontSize": 14,
  "editorTheme": "auto",
  "emailNotifications": true,
  "language": "en",
  "webhookNotifications": false,
}
[90mstdout[2m | src/components/QuestionsReview2.stories.tsx[2m > [22m[2mAlready Imported
[22m[39m[Mock Data] Settings created: mock-settings-1776336986070 - notified 1 subscribers
[90mstdout[2m | src/components/QuestionsReview2.stories.tsx[2m > [22m[2mAlready Imported
[22m[39m[Mock Data] generateClient() called - returning mock client
[90mstdout[2m | src/components/QuestionsReview2.stories.tsx[2m > [22m[2mAlready Imported
[22m[39m[Mock amplifyClient] getAmplifyClient() called - returning mock client
[90mstdout[2m | src/components/QuestionsReview2.stories.tsx[2m > [22m[2mAlready Imported
[22m[39m[Mock Data] Document.get() called with id: mock-doc-imported
[90mstdout[2m | src/components/QuestionsReview2.stories.tsx[2m > [22m[2mAlready Imported
[22m[39m[Mock Data] generateClient() called - returning mock client
[90mstdout[2m | src/components/QuestionsReview2.stories.tsx[2m > [22m[2mAlready Imported
[22m[39m[Mock amplifyClient] getAmplifyClient() called - returning mock client
[90mstdout[2m | src/components/QuestionsReview2.stories.tsx[2m > [22m[2mAlready Imported
[22m[39m[Mock Data] ParsedContent.observeQuery() called with filter: undefined
[90mstdout[2m | src/components/QuestionsReview2.stories.tsx[2m > [22m[2mAlready Imported
[22m[39m[Mock Data] ParsedContent.observeQuery() returning 1 items (filter applied) undefined
[90mstdout[2m | src/components/QuestionsReview2.stories.tsx[2m > [22m[2mAlready Imported
[22m[39m[Mock Data] ParsedContent subscription added. Total subscriptions: 1
[90mstdout[2m | src/components/QuestionsReview2.stories.tsx[2m > [22m[2mAlready Imported
[22m[39m[ChatContext] No current chat available, will create one
[90mstdout[2m | src/components/QuestionsReview2.stories.tsx[2m > [22m[2mAlready Imported
[22m[39m[ChatContext] Creating AssistantChat with user: undefined
[90mstdout[2m | src/components/QuestionsReview2.stories.tsx[2m > [22m[2mAlready Imported
[22m[39m[Mock Data] AssistantChat.create() called with: {
  "archived": false,
  "model": "gpt-4",
}
[90mstdout[2m | src/components/QuestionsReview2.stories.tsx[2m > [22m[2mAlready Imported
[22m[39m[Mock Data] AssistantChat created: mock-assistantchat-1776336986129 - notified 1 subscribers
[90mstdout[2m | src/components/QuestionsReview2.stories.tsx[2m > [22m[2mAlready Imported
[22m[39m[Mock Data] ParsedContent.list() called with options: {
  "filter": {
    "documentID": {
      "eq": "mock-doc-imported",
    },
  },
}
[90mstdout[2m | src/components/QuestionsReview2.stories.tsx[2m > [22m[2mAlready Imported
[22m[39m[ChatContext] Create result: {
  "data": {
    "_version": 1,
    "archived": false,
    "chatFiles": [Function anonymous],
    "createdAt": "2026-04-16T10:56:26.129Z",
    "id": "mock-assistantchat-1776336986129",
    "model": "gpt-4",
    "updatedAt": "2026-04-16T10:56:26.129Z",
  },
  "errors": [],
  "hasData": true,
  "hasErrors": true,
}
[90mstdout[2m | src/components/QuestionsReview2.stories.tsx[2m > [22m[2mAlready Imported
[22m[39m[ChatContext] Created AssistantChat: mock-assistantchat-1776336986129 at: 2026-04-16T10:56:26.129Z
[90mstdout[2m | src/components/QuestionsReview2.stories.tsx[2m > [22m[2mAlready Imported
[22m[39m[ChatContext] AssistantChat query update: 1 items (synced)
[90mstdout[2m | src/components/QuestionsReview2.stories.tsx[2m > [22m[2mAlready Imported
[22m[39m[ChatContext] First item details: {
  "id": "mock-assistantchat-1776336986129",
  "updatedAt": "2026-04-16T10:56:26.129Z",
}
[90mstdout[2m | src/components/QuestionsReview2.stories.tsx[2m > [22m[2mAlready Imported
[22m[39m[ChatContext] AssistantChat list updated: 1 chats
[90mstdout[2m | src/components/QuestionsReview2.stories.tsx[2m > [22m[2mAlready Imported
[22m[39m[ChatContext] Setting initial chat: mock-assistantchat-1776336986129
[90mstdout[2m | src/components/QuestionsReview2.stories.tsx[2m > [22m[2mAlready Imported
[22m[39m[useTranslationWithCapture] t() called: {
  "key": "questionsReview.sectionHeading",
  "mode": "off",
  "namespace": "components",
  "value": "Questions Review",
}
[90mstdout[2m | src/components/QuestionsReview2.stories.tsx[2m > [22m[2mAlready Imported
[22m[39m[useTranslationWithCapture] t() called: {
  "key": "questionsReview.from",
  "mode": "off",
  "namespace": "components",
  "value": "From",
}
[90mstdout[2m | src/components/QuestionsReview2.stories.tsx[2m > [22m[2mAlready Imported
[22m[39m[useTranslationWithCapture] t() called: {
  "key": "questionsReview.pages",
  "mode": "off",
  "namespace": "components",
  "value": "pages",
}
[90mstdout[2m | src/components/QuestionsReview2.stories.tsx[2m > [22m[2mAlready Imported
[22m[39m[useTranslationWithCapture] t() called: {
  "key": "questionsReview.importedOn",
  "mode": "off",
  "namespace": "components",
  "value": "Imported on 4/16/2026, 3:56:26 AM",
}
[90mstdout[2m | src/components/QuestionsReview2.stories.tsx[2m > [22m[2mAlready Imported
[22m[39m[ChatContext] Chat exists and not archived, skipping creation
[90mstdout[2m | src/components/QuestionsReview2.stories.tsx[2m > [22m[2mAlready Imported
[22m[39m[useTranslationWithCapture] t() called: {
  "key": "questionsReview.sectionHeading",
  "mode": "off",
  "namespace": "components",
  "value": "Questions Review",
}
[90mstdout[2m | src/components/QuestionsReview2.stories.tsx[2m > [22m[2mAlready Imported
[22m[39m[useTranslationWithCapture] t() called: {
  "key": "questionsReview.from",
  "mode": "off",
  "namespace": "components",
  "value": "From",
}
[90mstdout[2m | src/components/QuestionsReview2.stories.tsx[2m > [22m[2mAlready Imported
[22m[39m[useTranslationWithCapture] t() called: {
  "key": "questionsReview.pages",
  "mode": "off",
  "namespace": "components",
  "value": "pages",
}
[90mstdout[2m | src/components/QuestionsReview2.stories.tsx[2m > [22m[2mAlready Imported
[22m[39m[useTranslationWithCapture] t() called: {
  "key": "questionsReview.importedOn",
  "mode": "off",
  "namespace": "components",
  "value": "Imported on 4/16/2026, 3:56:26 AM",
}
[90mstdout[2m | src/components/QuestionsReview2.stories.tsx[2m > [22m[2mAlready Imported
[22m[39m[useTranslationWithCapture] t() called: {
  "key": "questionsReview.sectionHeading",
  "mode": "off",
  "namespace": "components",
  "value": "Questions Review",
}
[90mstdout[2m | src/components/QuestionsReview2.stories.tsx[2m > [22m[2mAlready Imported
[22m[39m[useTranslationWithCapture] t() called: {
  "key": "questionsReview.from",
  "mode": "off",
  "namespace": "components",
  "value": "From",
}
[90mstdout[2m | src/components/QuestionsReview2.stories.tsx[2m > [22m[2mAlready Imported
[22m[39m[useTranslationWithCapture] t() called: {
  "key": "questionsReview.pages",
  "mode": "off",
  "namespace": "components",
  "value": "pages",
}
[90mstdout[2m | src/components/QuestionsReview2.stories.tsx[2m > [22m[2mAlready Imported
[22m[39m[useTranslationWithCapture] t() called: {
  "key": "questionsReview.importedOn",
  "mode": "off",
  "namespace": "components",
  "value": "Imported on 4/16/2026, 3:56:26 AM",
}
[90mstdout[2m | src/components/QuestionsReview2.stories.tsx[2m > [22m[2mMinimal Data
[22m[39m[Mock Data] generateClient() called - returning mock client
[90mstdout[2m | src/components/QuestionsReview2.stories.tsx[2m > [22m[2mMinimal Data
[22m[39m[Mock amplifyClient] getAmplifyClient() called - returning mock client
[90mstdout[2m | src/components/QuestionsReview2.stories.tsx[2m > [22m[2mMinimal Data
[22m[39m[Mock Data] Document.get() called with id: mock-doc-imported
[90mstdout[2m | src/components/QuestionsReview2.stories.tsx[2m > [22m[2mMinimal Data
[22m[39m[Mock Data] ParsedContent.list() called with options: {
  "filter": {
    "documentID": {
      "eq": "mock-doc-imported",
    },
  },
}
[90mstdout[2m | src/components/QuestionsReview2.stories.tsx[2m > [22m[2mMinimal Data
[22m[39m[useTranslationWithCapture] t() called: {
  "key": "questionsReview.sectionHeading",
  "mode": "off",
  "namespace": "components",
  "value": "Questions Review",
}
[90mstdout[2m | src/components/QuestionsReview2.stories.tsx[2m > [22m[2mMinimal Data
[22m[39m[useTranslationWithCapture] t() called: {
  "key": "questionsReview.from",
  "mode": "off",
  "namespace": "components",
  "value": "From",
}
[90mstdout[2m | src/components/QuestionsReview2.stories.tsx[2m > [22m[2mMinimal Data
[22m[39m[useTranslationWithCapture] t() called: {
  "key": "questionsReview.pages",
  "mode": "off",
  "namespace": "components",
  "value": "pages",
}
[90mstdout[2m | src/components/QuestionsReview2.stories.tsx[2m > [22m[2mMinimal Data
[22m[39m[useTranslationWithCapture] t() called: {
  "key": "questionsReview.importedOn",
  "mode": "off",
  "namespace": "components",
  "value": "Imported on 4/16/2026, 3:56:26 AM",
}
[90mstdout[2m | src/components/QuestionsReview2.stories.tsx[2m > [22m[2mMinimal Data
[22m[39m[Mock Data] Settings subscription unsubscribed. Remaining: 0
[90mstdout[2m | src/components/QuestionsReview2.stories.tsx[2m > [22m[2mMinimal Data
[22m[39m[ChatContext] Cleaning up subscription
[90mstdout[2m | src/components/QuestionsReview2.stories.tsx[2m > [22m[2mMinimal Data
[22m[39m[Mock Data] AssistantChat subscription unsubscribed. Remaining: 0
[90mstdout[2m | src/components/QuestionsReview2.stories.tsx[2m > [22m[2mMinimal Data
[22m[39m[Mock Data] File subscription unsubscribed. Remaining: 0
[90mstdout[2m | src/components/QuestionsReview2.stories.tsx[2m > [22m[2mMinimal Data
[22m[39m[Mock Data] Document subscription unsubscribed. Remaining: 0
[90mstdout[2m | src/components/QuestionsReview2.stories.tsx[2m > [22m[2mMinimal Data
[22m[39m[Mock Data] Word subscription unsubscribed. Remaining: 0
[90mstdout[2m | src/components/QuestionsReview2.stories.tsx[2m > [22m[2mMinimal Data
[22m[39m[Mock Data] Question subscription unsubscribed. Remaining: 0
[90mstdout[2m | src/components/QuestionsReview2.stories.tsx[2m > [22m[2mMinimal Data
[22m[39m[Mock Data] Grade subscription unsubscribed. Remaining: 0
[90mstdout[2m | src/components/QuestionsReview2.stories.tsx[2m > [22m[2mMinimal Data
[22m[39m[Mock Data] Unit subscription unsubscribed. Remaining: 0
[90mstdout[2m | src/components/QuestionsReview2.stories.tsx[2m > [22m[2mMinimal Data
[22m[39m[SectionContext] Cleaning up subscriptions
[90mstdout[2m | src/components/QuestionsReview2.stories.tsx[2m > [22m[2mMinimal Data
[22m[39m[Mock Data] Section.onCreate() subscription removed. Remaining: 0
[90mstdout[2m | src/components/QuestionsReview2.stories.tsx[2m > [22m[2mMinimal Data
[22m[39m[Mock Data] Section.onUpdate() subscription removed. Remaining: 0
[90mstdout[2m | src/components/QuestionsReview2.stories.tsx[2m > [22m[2mMinimal Data
[22m[39m[Mock Data] Section.onDelete() subscription removed. Remaining: 0
[90mstdout[2m | src/components/QuestionsReview2.stories.tsx[2m > [22m[2mMinimal Data
[22m[39m[Mock Data] Assignment.onCreate() subscription removed. Remaining: 0
[90mstdout[2m | src/components/QuestionsReview2.stories.tsx[2m > [22m[2mMinimal Data
[22m[39m[Mock Data] Assignment.onUpdate() subscription removed. Remaining: 0
[90mstdout[2m | src/components/QuestionsReview2.stories.tsx[2m > [22m[2mMinimal Data
[22m[39m[Mock Data] Assignment.onDelete() subscription removed. Remaining: 0
[90mstdout[2m | src/components/QuestionsReview2.stories.tsx[2m > [22m[2mMinimal Data
[22m[39m[Mock Data] ParsedContent subscription unsubscribed. Remaining: 0
[90mstdout[2m | src/components/QuestionsReview2.stories.tsx[2m > [22m[2mMinimal Data
[22m[39m[Mock Data] Clearing all data stores
[90mstdout[2m | src/components/QuestionsReview2.stories.tsx[2m > [22m[2mMinimal Data
[22m[39m[Mock Data] All data stores cleared
[90mstdout[2m | src/components/QuestionsReview2.stories.tsx[2m > [22m[2mMinimal Data
[22m[39m[Preview] Cleared mock data for story
[90mstdout[2m | src/components/QuestionsReview2.stories.tsx[2m > [22m[2mMinimal Data
[22m[39m[Preview] Skipped initializing default mock data (initializeMockData=false)
[90mstdout[2m | src/components/QuestionsReview2.stories.tsx[2m > [22m[2mMinimal Data
[22m[39m[Mock Data] seedMockDocuments: Adding 1 documents
[90mstdout[2m | src/components/QuestionsReview2.stories.tsx[2m > [22m[2mMinimal Data
[22m[39m[Mock Data] seedMockParsedContent: Adding 1 parsed content records
[90mstdout[2m | src/components/QuestionsReview2.stories.tsx[2m > [22m[2mMinimal Data
[22m[39m[Mock AuthContext] Providing auth: {
  "error": undefined,
  "isLoading": false,
  "session": {
    "idToken": {
      "toString": [Function toString],
    },
    "identityId": "us-east-1:mock-identity-123",
    "username": "mock-user-sub",
  },
  "user": {
    "attributes": {
      "email": "alice@example.com",
      "name": "Alice Student",
      "sub": "mock-user-sub",
    },
  },
}
[90mstdout[2m | src/components/QuestionsReview2.stories.tsx[2m > [22m[2mMinimal Data
[22m[39m[Mock Data] generateClient() called - returning mock client
[90mstdout[2m | src/components/QuestionsReview2.stories.tsx[2m > [22m[2mMinimal Data
[22m[39m[Mock amplifyClient] getAmplifyClient() called - returning mock client
[90mstdout[2m | src/components/QuestionsReview2.stories.tsx[2m > [22m[2mMinimal Data
[22m[39m[MOCK CourseVectorStore] Initialized with mock data
[90mstdout[2m | src/components/QuestionsReview2.stories.tsx[2m > [22m[2mMinimal Data
[22m[39m[TranslationModeController] Setting mode to: off
[90mstdout[2m | src/components/QuestionsReview2.stories.tsx[2m > [22m[2mMinimal Data
[22m[39m[SectionContext] useEffect triggered {
  "authLoading": false,
  "hasUser": true,
  "userSub": "mock-user-sub",
}
[90mstdout[2m | src/components/QuestionsReview2.stories.tsx[2m > [22m[2mMinimal Data
[22m[39m[SectionContext] Fetching sections for userId: mock-user-sub
[90mstdout[2m | src/components/QuestionsReview2.stories.tsx[2m > [22m[2mMinimal Data
[22m[39m[Mock Data] generateClient() called - returning mock client
[90mstdout[2m | src/components/QuestionsReview2.stories.tsx[2m > [22m[2mMinimal Data
[22m[39m[Mock amplifyClient] getAmplifyClient() called - returning mock client
[90mstdout[2m | src/components/QuestionsReview2.stories.tsx[2m > [22m[2mMinimal Data
[22m[39m[Mock Data] Section.list() called with options: undefined
[90mstdout[2m | src/components/QuestionsReview2.stories.tsx[2m > [22m[2mMinimal Data
[22m[39m[Mock Data] generateClient() called - returning mock client
[90mstdout[2m | src/components/QuestionsReview2.stories.tsx[2m > [22m[2mMinimal Data
[22m[39m[Mock amplifyClient] getAmplifyClient() called - returning mock client
[90mstdout[2m | src/components/QuestionsReview2.stories.tsx[2m > [22m[2mMinimal Data
[22m[39m[Mock Data] Assignment.list() called with options: {
  "filter": {
    "unitID": {
      "eq": "mock-unit-1",
    },
  },
}
[90mstdout[2m | src/components/QuestionsReview2.stories.tsx[2m > [22m[2mMinimal Data
[22m[39m[Mock Data] generateClient() called - returning mock client
[90mstdout[2m | src/components/QuestionsReview2.stories.tsx[2m > [22m[2mMinimal Data
[22m[39m[Mock amplifyClient] getAmplifyClient() called - returning mock client
[90mstdout[2m | src/components/QuestionsReview2.stories.tsx[2m > [22m[2mMinimal Data
[22m[39m[Mock Data] Grade.observeQuery() called with filter: {
  "filter": {
    "unitID": {
      "eq": "mock-unit-1",
    },
  },
}
[90mstdout[2m | src/components/QuestionsReview2.stories.tsx[2m > [22m[2mMinimal Data
[22m[39m[Mock Data] Grade.observeQuery() applying filter: {
  "unitID": {
    "eq": "mock-unit-1",
  },
}
[90mstdout[2m | src/components/QuestionsReview2.stories.tsx[2m > [22m[2mMinimal Data
[22m[39m[Mock Data] Grade.observeQuery() items before filter: 0
[90mstdout[2m | src/components/QuestionsReview2.stories.tsx[2m > [22m[2mMinimal Data
[22m[39m[Mock Data] Grade.observeQuery() items after filter: 0
[90mstdout[2m | src/components/QuestionsReview2.stories.tsx[2m > [22m[2mMinimal Data
[22m[39m[Mock Data] Grade.observeQuery() returning 0 items (filter applied) {
  "filter": {
    "unitID": {
      "eq": "mock-unit-1",
    },
  },
}
[90mstdout[2m | src/components/QuestionsReview2.stories.tsx[2m > [22m[2mMinimal Data
[22m[39m[Mock Data] Grade subscription added. Total subscriptions: 1
[90mstdout[2m | src/components/QuestionsReview2.stories.tsx[2m > [22m[2mMinimal Data
[22m[39m[UnitContext] useEffect triggered {
  "authLoading": false,
  "hasUser": true,
  "id": "mock-unit-1",
  "userSub": "mock-user-sub",
}
[90mstdout[2m | src/components/QuestionsReview2.stories.tsx[2m > [22m[2mMinimal Data
[22m[39m[UnitContext] Fetching unit data for id: mock-unit-1
[90mstdout[2m | src/components/QuestionsReview2.stories.tsx[2m > [22m[2mMinimal Data
[22m[39m[Mock Data] generateClient() called - returning mock client
[90mstdout[2m | src/components/QuestionsReview2.stories.tsx[2m > [22m[2mMinimal Data
[22m[39m[Mock amplifyClient] getAmplifyClient() called - returning mock client
[90mstdout[2m | src/components/QuestionsReview2.stories.tsx[2m > [22m[2mMinimal Data
[22m[39m[Mock Data] Unit.observeQuery() called with filter: {
  "filter": {
    "id": {
      "eq": "mock-unit-1",
    },
  },
}
[90mstdout[2m | src/components/QuestionsReview2.stories.tsx[2m > [22m[2mMinimal Data
[22m[39m[Mock Data] Unit.observeQuery() applying filter: {
  "id": {
    "eq": "mock-unit-1",
  },
}
[90mstdout[2m | src/components/QuestionsReview2.stories.tsx[2m > [22m[2mMinimal Data
[22m[39m[Mock Data] Unit.observeQuery() items before filter: 0
[90mstdout[2m | src/components/QuestionsReview2.stories.tsx[2m > [22m[2mMinimal Data
[22m[39m[Mock Data] Unit.observeQuery() items after filter: 0
[90mstdout[2m | src/components/QuestionsReview2.stories.tsx[2m > [22m[2mMinimal Data
[22m[39m[Mock Data] Unit.observeQuery() returning 0 items (filter applied) {
  "filter": {
    "id": {
      "eq": "mock-unit-1",
    },
  },
}
[90mstdout[2m | src/components/QuestionsReview2.stories.tsx[2m > [22m[2mMinimal Data
[22m[39m[Mock Data] Unit subscription added. Total subscriptions: 1
[90mstdout[2m | src/components/QuestionsReview2.stories.tsx[2m > [22m[2mMinimal Data
[22m[39m[Mock Data] generateClient() called - returning mock client
[90mstdout[2m | src/components/QuestionsReview2.stories.tsx[2m > [22m[2mMinimal Data
[22m[39m[Mock amplifyClient] getAmplifyClient() called - returning mock client
[90mstdout[2m | src/components/QuestionsReview2.stories.tsx[2m > [22m[2mMinimal Data
[22m[39m[Mock Data] Word.observeQuery() called with filter: undefined
[90mstdout[2m | src/components/QuestionsReview2.stories.tsx[2m > [22m[2mMinimal Data
[22m[39m[Mock Data] Word.observeQuery() returning 0 items (filter applied) undefined
[90mstdout[2m | src/components/QuestionsReview2.stories.tsx[2m > [22m[2mMinimal Data
[22m[39m[Mock Data] Word subscription added. Total subscriptions: 1
[90mstdout[2m | src/components/QuestionsReview2.stories.tsx[2m > [22m[2mMinimal Data
[22m[39m[Mock Data] generateClient() called - returning mock client
[90mstdout[2m | src/components/QuestionsReview2.stories.tsx[2m > [22m[2mMinimal Data
[22m[39m[Mock amplifyClient] getAmplifyClient() called - returning mock client
[90mstdout[2m | src/components/QuestionsReview2.stories.tsx[2m > [22m[2mMinimal Data
[22m[39m[Mock Data] Question.observeQuery() called with filter: undefined
[90mstdout[2m | src/components/QuestionsReview2.stories.tsx[2m > [22m[2mMinimal Data
[22m[39m[Mock Data] Question.observeQuery() returning 0 items (filter applied) undefined
[90mstdout[2m | src/components/QuestionsReview2.stories.tsx[2m > [22m[2mMinimal Data
[22m[39m[Mock Data] Question subscription added. Total subscriptions: 1
[90mstdout[2m | src/components/QuestionsReview2.stories.tsx[2m > [22m[2mMinimal Data
[22m[39m[FilesContext] Initializing vector store from IndexedDB
[90mstdout[2m | src/components/QuestionsReview2.stories.tsx[2m > [22m[2mMinimal Data
[22m[39m[FilesContext] fetchFiles called
[90mstdout[2m | src/components/QuestionsReview2.stories.tsx[2m > [22m[2mMinimal Data
[22m[39m[FilesContext] User authenticated: mock-user-sub
[90mstdout[2m | src/components/QuestionsReview2.stories.tsx[2m > [22m[2mMinimal Data
[22m[39m[FilesContext] Identity ID: us-east-1:mock-identity-123
[90mstdout[2m | src/components/QuestionsReview2.stories.tsx[2m > [22m[2mMinimal Data
[22m[39m[FilesContext] About to subscribe to File model
[90mstdout[2m | src/components/QuestionsReview2.stories.tsx[2m > [22m[2mMinimal Data
[22m[39m[Mock Data] generateClient() called - returning mock client
[90mstdout[2m | src/components/QuestionsReview2.stories.tsx[2m > [22m[2mMinimal Data
[22m[39m[Mock amplifyClient] getAmplifyClient() called - returning mock client
[90mstdout[2m | src/components/QuestionsReview2.stories.tsx[2m > [22m[2mMinimal Data
[22m[39m[Mock Data] File.observeQuery() called with filter: undefined
[90mstdout[2m | src/components/QuestionsReview2.stories.tsx[2m > [22m[2mMinimal Data
[22m[39m[Mock Data] File.observeQuery() returning 0 items (filter applied) undefined
[90mstdout[2m | src/components/QuestionsReview2.stories.tsx[2m > [22m[2mMinimal Data
[22m[39m[Mock Data] File subscription added. Total subscriptions: 1
[90mstdout[2m | src/components/QuestionsReview2.stories.tsx[2m > [22m[2mMinimal Data
[22m[39m[Mock Data] generateClient() called - returning mock client
[90mstdout[2m | src/components/QuestionsReview2.stories.tsx[2m > [22m[2mMinimal Data
[22m[39m[Mock amplifyClient] getAmplifyClient() called - returning mock client
[90mstdout[2m | src/components/QuestionsReview2.stories.tsx[2m > [22m[2mMinimal Data
[22m[39m[Mock Data] Document.observeQuery() called with filter: undefined
[90mstdout[2m | src/components/QuestionsReview2.stories.tsx[2m > [22m[2mMinimal Data
[22m[39m[Mock Data] Document.observeQuery() returning 1 items (filter applied) undefined
[90mstdout[2m | src/components/QuestionsReview2.stories.tsx[2m > [22m[2mMinimal Data
[22m[39m[Mock Data] Document subscription added. Total subscriptions: 1
[90mstdout[2m | src/components/QuestionsReview2.stories.tsx[2m > [22m[2mMinimal Data
[22m[39m[ChatContext] Setting up observeQuery for AssistantChat
[90mstdout[2m | src/components/QuestionsReview2.stories.tsx[2m > [22m[2mMinimal Data
[22m[39m[Mock Data] AssistantChat.observeQuery() called with filter: {
  "sortDirection": "DESC",
  "sortField": "createdAt",
}
[90mstdout[2m | src/components/QuestionsReview2.stories.tsx[2m > [22m[2mMinimal Data
[22m[39m[Mock Data] AssistantChat.observeQuery() returning 0 items (filter applied) {
  "sortDirection": "DESC",
  "sortField": "createdAt",
}
[90mstdout[2m | src/components/QuestionsReview2.stories.tsx[2m > [22m[2mMinimal Data
[22m[39m[Mock Data] AssistantChat subscription added. Total subscriptions: 1
[90mstdout[2m | src/components/QuestionsReview2.stories.tsx[2m > [22m[2mMinimal Data
[22m[39m[ChatContext] Waiting for subscription to initialize
[90mstdout[2m | src/components/QuestionsReview2.stories.tsx[2m > [22m[2mMinimal Data
[22m[39m[SettingsContext] Setting up Settings subscription for user: mock-user-sub
[90mstdout[2m | src/components/QuestionsReview2.stories.tsx[2m > [22m[2mMinimal Data
[22m[39m[Mock Data] generateClient() called - returning mock client
[90mstdout[2m | src/components/QuestionsReview2.stories.tsx[2m > [22m[2mMinimal Data
[22m[39m[Mock amplifyClient] getAmplifyClient() called - returning mock client
[90mstdout[2m | src/components/QuestionsReview2.stories.tsx[2m > [22m[2mMinimal Data
[22m[39m[Mock Data] Settings.observeQuery() called with filter: undefined
[90mstdout[2m | src/components/QuestionsReview2.stories.tsx[2m > [22m[2mMinimal Data
[22m[39m[Mock Data] Settings.observeQuery() returning 0 items (filter applied) undefined
[90mstdout[2m | src/components/QuestionsReview2.stories.tsx[2m > [22m[2mMinimal Data
[22m[39m[Mock Data] Settings subscription added. Total subscriptions: 1
[90mstdout[2m | src/components/QuestionsReview2.stories.tsx[2m > [22m[2mMinimal Data
[22m[39m[SectionContext] Initial sections: 0 []
[90mstdout[2m | src/components/QuestionsReview2.stories.tsx[2m > [22m[2mMinimal Data
[22m[39m[Mock Data] Section.onCreate() called with filter: undefined
[90mstdout[2m | src/components/QuestionsReview2.stories.tsx[2m > [22m[2mMinimal Data
[22m[39m[Mock Data] Section.onCreate() subscription added. Total: 1
[90mstdout[2m | src/components/QuestionsReview2.stories.tsx[2m > [22m[2mMinimal Data
[22m[39m[Mock Data] Section.onUpdate() called with filter: undefined
[90mstdout[2m | src/components/QuestionsReview2.stories.tsx[2m > [22m[2mMinimal Data
[22m[39m[Mock Data] Section.onUpdate() subscription added. Total: 1
[90mstdout[2m | src/components/QuestionsReview2.stories.tsx[2m > [22m[2mMinimal Data
[22m[39m[Mock Data] Section.onDelete() called with filter: undefined
[90mstdout[2m | src/components/QuestionsReview2.stories.tsx[2m > [22m[2mMinimal Data
[22m[39m[Mock Data] Section.onDelete() subscription added. Total: 1
[90mstdout[2m | src/components/QuestionsReview2.stories.tsx[2m > [22m[2mMinimal Data
[22m[39m[Mock Data] Assignment.onCreate() called with filter: {
  "filter": {
    "unitID": {
      "eq": "mock-unit-1",
    },
  },
}
[90mstdout[2m | src/components/QuestionsReview2.stories.tsx[2m > [22m[2mMinimal Data
[22m[39m[Mock Data] Assignment.onCreate() subscription added. Total: 1
[90mstdout[2m | src/components/QuestionsReview2.stories.tsx[2m > [22m[2mMinimal Data
[22m[39m[Mock Data] Assignment.onUpdate() called with filter: {
  "filter": {
    "unitID": {
      "eq": "mock-unit-1",
    },
  },
}
[90mstdout[2m | src/components/QuestionsReview2.stories.tsx[2m > [22m[2mMinimal Data
[22m[39m[Mock Data] Assignment.onUpdate() subscription added. Total: 1
[90mstdout[2m | src/components/QuestionsReview2.stories.tsx[2m > [22m[2mMinimal Data
[22m[39m[Mock Data] Assignment.onDelete() called with filter: {
  "filter": {
    "unitID": {
      "eq": "mock-unit-1",
    },
  },
}
[90mstdout[2m | src/components/QuestionsReview2.stories.tsx[2m > [22m[2mMinimal Data
[22m[39m[Mock Data] Assignment.onDelete() subscription added. Total: 1
[90mstdout[2m | src/components/QuestionsReview2.stories.tsx[2m > [22m[2mMinimal Data
[22m[39m[FilesContext] File observeQuery subscription triggered:
[90mstdout[2m | src/components/QuestionsReview2.stories.tsx[2m > [22m[2mMinimal Data
[22m[39m  - items.length: 0
[90mstdout[2m | src/components/QuestionsReview2.stories.tsx[2m > [22m[2mMinimal Data
[22m[39m  - isSynced: true
[90mstdout[2m | src/components/QuestionsReview2.stories.tsx[2m > [22m[2mMinimal Data
[22m[39m  - items: []
[90mstdout[2m | src/components/QuestionsReview2.stories.tsx[2m > [22m[2mMinimal Data
[22m[39m[FilesContext] Document count changed: 0 → 1
[90mstdout[2m | src/components/QuestionsReview2.stories.tsx[2m > [22m[2mMinimal Data
[22m[39m[MOCK CourseVectorStore] Initialized with mock data
[90mstdout[2m | src/components/QuestionsReview2.stories.tsx[2m > [22m[2mMinimal Data
[22m[39m[useTranslationWithCapture] t() called: {
  "key": "questionsReview.loading",
  "mode": "off",
  "namespace": "components",
  "value": "Loading questions...",
}
[90mstdout[2m | src/components/QuestionsReview2.stories.tsx[2m > [22m[2mMinimal Data
[22m[39m[ChatContext] AssistantChat query update: 0 items (synced)
[90mstdout[2m | src/components/QuestionsReview2.stories.tsx[2m > [22m[2mMinimal Data
[22m[39m[ChatContext] AssistantChat subscription initialized
[90mstdout[2m | src/components/QuestionsReview2.stories.tsx[2m > [22m[2mMinimal Data
[22m[39m[ChatContext] AssistantChat list updated: 0 chats
[90mstdout[2m | src/components/QuestionsReview2.stories.tsx[2m > [22m[2mMinimal Data
[22m[39m[Mock Data] Settings.create() called with: {
  "assistantVoice": "shimmer",
  "autoAnalyzeDocuments": true,
  "defaultAIModel": "gpt-4",
  "documentAnalysisModel": "gpt-4",
  "editorFontSize": 14,
  "editorTheme": "auto",
  "emailNotifications": true,
  "language": "en",
  "webhookNotifications": false,
}
[90mstdout[2m | src/components/QuestionsReview2.stories.tsx[2m > [22m[2mMinimal Data
[22m[39m[Mock Data] Settings created: mock-settings-1776336986259 - notified 1 subscribers
[90mstdout[2m | src/components/QuestionsReview2.stories.tsx[2m > [22m[2mMinimal Data
[22m[39m[Mock Data] generateClient() called - returning mock client
[90mstdout[2m | src/components/QuestionsReview2.stories.tsx[2m > [22m[2mMinimal Data
[22m[39m[Mock amplifyClient] getAmplifyClient() called - returning mock client
[90mstdout[2m | src/components/QuestionsReview2.stories.tsx[2m > [22m[2mMinimal Data
[22m[39m[Mock Data] Document.get() called with id: mock-doc-minimal
[90mstdout[2m | src/components/QuestionsReview2.stories.tsx[2m > [22m[2mMinimal Data
[22m[39m[Mock Data] generateClient() called - returning mock client
[90mstdout[2m | src/components/QuestionsReview2.stories.tsx[2m > [22m[2mMinimal Data
[22m[39m[Mock amplifyClient] getAmplifyClient() called - returning mock client
[90mstdout[2m | src/components/QuestionsReview2.stories.tsx[2m > [22m[2mMinimal Data
[22m[39m[Mock Data] ParsedContent.observeQuery() called with filter: undefined
[90mstdout[2m | src/components/QuestionsReview2.stories.tsx[2m > [22m[2mMinimal Data
[22m[39m[Mock Data] ParsedContent.observeQuery() returning 1 items (filter applied) undefined
[90mstdout[2m | src/components/QuestionsReview2.stories.tsx[2m > [22m[2mMinimal Data
[22m[39m[Mock Data] ParsedContent subscription added. Total subscriptions: 1
[90mstdout[2m | src/components/QuestionsReview2.stories.tsx[2m > [22m[2mMinimal Data
[22m[39m[ChatContext] No chats found, clearing current chat - new one will be created
[90mstdout[2m | src/components/QuestionsReview2.stories.tsx[2m > [22m[2mMinimal Data
[22m[39m[Mock Data] ParsedContent.list() called with options: {
  "filter": {
    "documentID": {
      "eq": "mock-doc-minimal",
    },
  },
}
[90mstdout[2m | src/components/QuestionsReview2.stories.tsx[2m > [22m[2mMinimal Data
[22m[39m[ChatContext] No current chat available, will create one
[90mstdout[2m | src/components/QuestionsReview2.stories.tsx[2m > [22m[2mMinimal Data
[22m[39m[ChatContext] Creating AssistantChat with user: undefined
[90mstdout[2m | src/components/QuestionsReview2.stories.tsx[2m > [22m[2mMinimal Data
[22m[39m[Mock Data] AssistantChat.create() called with: {
  "archived": false,
  "model": "gpt-4",
}
[90mstdout[2m | src/components/QuestionsReview2.stories.tsx[2m > [22m[2mMinimal Data
[22m[39m[Mock Data] AssistantChat created: mock-assistantchat-1776336986318 - notified 1 subscribers
[90mstdout[2m | src/components/QuestionsReview2.stories.tsx[2m > [22m[2mMinimal Data
[22m[39m[useTranslationWithCapture] t() called: {
  "key": "questionsReview.sectionHeading",
  "mode": "off",
  "namespace": "components",
  "value": "Questions Review",
}
[90mstdout[2m | src/components/QuestionsReview2.stories.tsx[2m > [22m[2mMinimal Data
[22m[39m[useTranslationWithCapture] t() called: {
  "key": "questionsReview.from",
  "mode": "off",
  "namespace": "components",
  "value": "From",
}
[90mstdout[2m | src/components/QuestionsReview2.stories.tsx[2m > [22m[2mMinimal Data
[22m[39m[useTranslationWithCapture] t() called: {
  "key": "questionsReview.pages",
  "mode": "off",
  "namespace": "components",
  "value": "pages",
}
[90mstdout[2m | src/components/QuestionsReview2.stories.tsx[2m > [22m[2mMinimal Data
[22m[39m[useTranslationWithCapture] t() called: {
  "key": "questionsReview.deselectAll",
  "mode": "off",
  "namespace": "components",
  "value": "Deselect All",
}
[90mstdout[2m | src/components/QuestionsReview2.stories.tsx[2m > [22m[2mMinimal Data
[22m[39m[useTranslationWithCapture] t() called: {
  "key": "questionsReview.selectedCount",
  "mode": "off",
  "namespace": "components",
  "value": "3 of 3 selected",
}
[90mstdout[2m | src/components/QuestionsReview2.stories.tsx[2m > [22m[2mMinimal Data
[22m[39m[useTranslationWithCapture] t() called: {
  "key": "questionsReview.importToQuestionBank",
  "mode": "off",
  "namespace": "components",
  "value": "Import to Question Bank",
}
[90mstdout[2m | src/components/QuestionsReview2.stories.tsx[2m > [22m[2mMinimal Data
[22m[39m[useTranslationWithCapture] t() called: {
  "key": "questionsReview.sectionHeading",
  "mode": "off",
  "namespace": "components",
  "value": "Questions Review",
}
[90mstdout[2m | src/components/QuestionsReview2.stories.tsx[2m > [22m[2mMinimal Data
[22m[39m[useTranslationWithCapture] t() called: {
  "key": "questionsReview.from",
  "mode": "off",
  "namespace": "components",
  "value": "From",
}
[90mstdout[2m | src/components/QuestionsReview2.stories.tsx[2m > [22m[2mMinimal Data
[22m[39m[useTranslationWithCapture] t() called: {
  "key": "questionsReview.pages",
  "mode": "off",
  "namespace": "components",
  "value": "pages",
}
[90mstdout[2m | src/components/QuestionsReview2.stories.tsx[2m > [22m[2mMinimal Data
[22m[39m[useTranslationWithCapture] t() called: {
  "key": "questionsReview.deselectAll",
  "mode": "off",
  "namespace": "components",
  "value": "Deselect All",
}
[90mstdout[2m | src/components/QuestionsReview2.stories.tsx[2m > [22m[2mMinimal Data
[22m[39m[useTranslationWithCapture] t() called: {
  "key": "questionsReview.selectedCount",
  "mode": "off",
  "namespace": "components",
  "value": "3 of 3 selected",
}
[90mstdout[2m | src/components/QuestionsReview2.stories.tsx[2m > [22m[2mMinimal Data
[22m[39m[useTranslationWithCapture] t() called: {
  "key": "questionsReview.importToQuestionBank",
  "mode": "off",
  "namespace": "components",
  "value": "Import to Question Bank",
}
[90mstdout[2m | src/components/QuestionsReview2.stories.tsx[2m > [22m[2mMinimal Data
[22m[39m[useTranslationWithCapture] t() called: {
  "key": "questionsReview.sectionHeading",
  "mode": "off",
  "namespace": "components",
  "value": "Questions Review",
}
[90mstdout[2m | src/components/QuestionsReview2.stories.tsx[2m > [22m[2mMinimal Data
[22m[39m[useTranslationWithCapture] t() called: {
  "key": "questionsReview.from",
  "mode": "off",
  "namespace": "components",
  "value": "From",
}
[90mstdout[2m | src/components/QuestionsReview2.stories.tsx[2m > [22m[2mMinimal Data
[22m[39m[useTranslationWithCapture] t() called: {
  "key": "questionsReview.pages",
  "mode": "off",
  "namespace": "components",
  "value": "pages",
}
[90mstdout[2m | src/components/QuestionsReview2.stories.tsx[2m > [22m[2mMinimal Data
[22m[39m[useTranslationWithCapture] t() called: {
  "key": "questionsReview.deselectAll",
  "mode": "off",
  "namespace": "components",
  "value": "Deselect All",
}
[90mstdout[2m | src/components/QuestionsReview2.stories.tsx[2m > [22m[2mMinimal Data
[22m[39m[useTranslationWithCapture] t() called: {
  "key": "questionsReview.selectedCount",
  "mode": "off",
  "namespace": "components",
  "value": "3 of 3 selected",
}
[90mstdout[2m | src/components/QuestionsReview2.stories.tsx[2m > [22m[2mMinimal Data
[22m[39m[useTranslationWithCapture] t() called: {
  "key": "questionsReview.importToQuestionBank",
  "mode": "off",
  "namespace": "components",
  "value": "Import to Question Bank",
}
[90mstdout[2m | src/components/QuestionsReview2.stories.tsx[2m > [22m[2mMinimal Data
[22m[39m[ChatContext] Create result: {
  "data": {
    "_version": 1,
    "archived": false,
    "chatFiles": [Function anonymous],
    "createdAt": "2026-04-16T10:56:26.318Z",
    "id": "mock-assistantchat-1776336986318",
    "model": "gpt-4",
    "updatedAt": "2026-04-16T10:56:26.318Z",
  },
  "errors": [],
  "hasData": true,
  "hasErrors": true,
}
[90mstdout[2m | src/components/QuestionsReview2.stories.tsx[2m > [22m[2mMinimal Data
[22m[39m[ChatContext] Created AssistantChat: mock-assistantchat-1776336986318 at: 2026-04-16T10:56:26.318Z
[90mstdout[2m | src/components/QuestionsReview2.stories.tsx[2m > [22m[2mNo Questions
[22m[39m[ChatContext] AssistantChat query update: 1 items (synced)
[90mstdout[2m | src/components/QuestionsReview2.stories.tsx[2m > [22m[2mNo Questions
[22m[39m[ChatContext] First item details: {
  "id": "mock-assistantchat-1776336986318",
  "updatedAt": "2026-04-16T10:56:26.318Z",
}
[90mstdout[2m | src/components/QuestionsReview2.stories.tsx[2m > [22m[2mNo Questions
[22m[39m[ChatContext] AssistantChat list updated: 1 chats
[90mstdout[2m | src/components/QuestionsReview2.stories.tsx[2m > [22m[2mNo Questions
[22m[39m[ChatContext] Setting initial chat: mock-assistantchat-1776336986318
[90mstdout[2m | src/components/QuestionsReview2.stories.tsx[2m > [22m[2mNo Questions
[22m[39m[Mock Data] generateClient() called - returning mock client
[90mstdout[2m | src/components/QuestionsReview2.stories.tsx[2m > [22m[2mNo Questions
[22m[39m[Mock amplifyClient] getAmplifyClient() called - returning mock client
[90mstdout[2m | src/components/QuestionsReview2.stories.tsx[2m > [22m[2mNo Questions
[22m[39m[Mock Data] Document.get() called with id: mock-doc-minimal
[90mstdout[2m | src/components/QuestionsReview2.stories.tsx[2m > [22m[2mNo Questions
[22m[39m[Mock Data] ParsedContent.list() called with options: {
  "filter": {
    "documentID": {
      "eq": "mock-doc-minimal",
    },
  },
}
[90mstdout[2m | src/components/QuestionsReview2.stories.tsx[2m > [22m[2mNo Questions
[22m[39m[ChatContext] Chat exists and not archived, skipping creation
[90mstdout[2m | src/components/QuestionsReview2.stories.tsx[2m > [22m[2mNo Questions
[22m[39m[useTranslationWithCapture] t() called: {
  "key": "questionsReview.sectionHeading",
  "mode": "off",
  "namespace": "components",
  "value": "Questions Review",
}
[90mstdout[2m | src/components/QuestionsReview2.stories.tsx[2m > [22m[2mNo Questions
[22m[39m[useTranslationWithCapture] t() called: {
  "key": "questionsReview.from",
  "mode": "off",
  "namespace": "components",
  "value": "From",
}
[90mstdout[2m | src/components/QuestionsReview2.stories.tsx[2m > [22m[2mNo Questions
[22m[39m[useTranslationWithCapture] t() called: {
  "key": "questionsReview.pages",
  "mode": "off",
  "namespace": "components",
  "value": "pages",
}
[90mstdout[2m | src/components/QuestionsReview2.stories.tsx[2m > [22m[2mNo Questions
[22m[39m[useTranslationWithCapture] t() called: {
  "key": "questionsReview.deselectAll",
  "mode": "off",
  "namespace": "components",
  "value": "Deselect All",
}
[90mstdout[2m | src/components/QuestionsReview2.stories.tsx[2m > [22m[2mNo Questions
[22m[39m[useTranslationWithCapture] t() called: {
  "key": "questionsReview.selectedCount",
  "mode": "off",
  "namespace": "components",
  "value": "3 of 3 selected",
}
[90mstdout[2m | src/components/QuestionsReview2.stories.tsx[2m > [22m[2mNo Questions
[22m[39m[useTranslationWithCapture] t() called: {
  "key": "questionsReview.importToQuestionBank",
  "mode": "off",
  "namespace": "components",
  "value": "Import to Question Bank",
}
[90mstdout[2m | src/components/QuestionsReview2.stories.tsx[2m > [22m[2mNo Questions
[22m[39m[Mock Data] Settings subscription unsubscribed. Remaining: 0
[90mstdout[2m | src/components/QuestionsReview2.stories.tsx[2m > [22m[2mNo Questions
[22m[39m[ChatContext] Cleaning up subscription
[90mstdout[2m | src/components/QuestionsReview2.stories.tsx[2m > [22m[2mNo Questions
[22m[39m[Mock Data] AssistantChat subscription unsubscribed. Remaining: 0
[90mstdout[2m | src/components/QuestionsReview2.stories.tsx[2m > [22m[2mNo Questions
[22m[39m[Mock Data] File subscription unsubscribed. Remaining: 0
[90mstdout[2m | src/components/QuestionsReview2.stories.tsx[2m > [22m[2mNo Questions
[22m[39m[Mock Data] Document subscription unsubscribed. Remaining: 0
[90mstdout[2m | src/components/QuestionsReview2.stories.tsx[2m > [22m[2mNo Questions
[22m[39m[Mock Data] Word subscription unsubscribed. Remaining: 0
[90mstdout[2m | src/components/QuestionsReview2.stories.tsx[2m > [22m[2mNo Questions
[22m[39m[Mock Data] Question subscription unsubscribed. Remaining: 0
[90mstdout[2m | src/components/QuestionsReview2.stories.tsx[2m > [22m[2mNo Questions
[22m[39m[Mock Data] Grade subscription unsubscribed. Remaining: 0
[90mstdout[2m | src/components/QuestionsReview2.stories.tsx[2m > [22m[2mNo Questions
[22m[39m[Mock Data] Unit subscription unsubscribed. Remaining: 0
[90mstdout[2m | src/components/QuestionsReview2.stories.tsx[2m > [22m[2mNo Questions
[22m[39m[SectionContext] Cleaning up subscriptions
[90mstdout[2m | src/components/QuestionsReview2.stories.tsx[2m > [22m[2mNo Questions
[22m[39m[Mock Data] Section.onCreate() subscription removed. Remaining: 0
[90mstdout[2m | src/components/QuestionsReview2.stories.tsx[2m > [22m[2mNo Questions
[22m[39m[Mock Data] Section.onUpdate() subscription removed. Remaining: 0
[90mstdout[2m | src/components/QuestionsReview2.stories.tsx[2m > [22m[2mNo Questions
[22m[39m[Mock Data] Section.onDelete() subscription removed. Remaining: 0
[90mstdout[2m | src/components/QuestionsReview2.stories.tsx[2m > [22m[2mNo Questions
[22m[39m[Mock Data] Assignment.onCreate() subscription removed. Remaining: 0
[90mstdout[2m | src/components/QuestionsReview2.stories.tsx[2m > [22m[2mNo Questions
[22m[39m[Mock Data] Assignment.onUpdate() subscription removed. Remaining: 0
[90mstdout[2m | src/components/QuestionsReview2.stories.tsx[2m > [22m[2mNo Questions
[22m[39m[Mock Data] Assignment.onDelete() subscription removed. Remaining: 0
[90mstdout[2m | src/components/QuestionsReview2.stories.tsx[2m > [22m[2mNo Questions
[22m[39m[Mock Data] ParsedContent subscription unsubscribed. Remaining: 0
[90mstdout[2m | src/components/QuestionsReview2.stories.tsx[2m > [22m[2mNo Questions
[22m[39m[Mock Data] Clearing all data stores
[90mstdout[2m | src/components/QuestionsReview2.stories.tsx[2m > [22m[2mNo Questions
[22m[39m[Mock Data] All data stores cleared
[90mstdout[2m | src/components/QuestionsReview2.stories.tsx[2m > [22m[2mNo Questions
[22m[39m[Preview] Cleared mock data for story
[90mstdout[2m | src/components/QuestionsReview2.stories.tsx[2m > [22m[2mNo Questions
[22m[39m[Preview] Skipped initializing default mock data (initializeMockData=false)
[90mstdout[2m | src/components/QuestionsReview2.stories.tsx[2m > [22m[2mNo Questions
[22m[39m[Mock AuthContext] Providing auth: {
  "error": undefined,
  "isLoading": false,
  "session": {
    "idToken": {
      "toString": [Function toString],
    },
    "identityId": "us-east-1:mock-identity-123",
    "username": "mock-user-sub",
  },
  "user": {
    "attributes": {
      "email": "alice@example.com",
      "name": "Alice Student",
      "sub": "mock-user-sub",
    },
  },
}
[90mstdout[2m | src/components/QuestionsReview2.stories.tsx[2m > [22m[2mNo Questions
[22m[39m[Mock Data] generateClient() called - returning mock client
[90mstdout[2m | src/components/QuestionsReview2.stories.tsx[2m > [22m[2mNo Questions
[22m[39m[Mock amplifyClient] getAmplifyClient() called - returning mock client
[90mstdout[2m | src/components/QuestionsReview2.stories.tsx[2m > [22m[2mNo Questions
[22m[39m[MOCK CourseVectorStore] Initialized with mock data
[90mstdout[2m | src/components/QuestionsReview2.stories.tsx[2m > [22m[2mNo Questions
[22m[39m[TranslationModeController] Setting mode to: off
[90mstdout[2m | src/components/QuestionsReview2.stories.tsx[2m > [22m[2mNo Questions
[22m[39m[SectionContext] useEffect triggered {
  "authLoading": false,
  "hasUser": true,
  "userSub": "mock-user-sub",
}
[90mstdout[2m | src/components/QuestionsReview2.stories.tsx[2m > [22m[2mNo Questions
[22m[39m[SectionContext] Fetching sections for userId: mock-user-sub
[90mstdout[2m | src/components/QuestionsReview2.stories.tsx[2m > [22m[2mNo Questions
[22m[39m[Mock Data] generateClient() called - returning mock client
[90mstdout[2m | src/components/QuestionsReview2.stories.tsx[2m > [22m[2mNo Questions
[22m[39m[Mock amplifyClient] getAmplifyClient() called - returning mock client
[90mstdout[2m | src/components/QuestionsReview2.stories.tsx[2m > [22m[2mNo Questions
[22m[39m[Mock Data] Section.list() called with options: undefined
[90mstdout[2m | src/components/QuestionsReview2.stories.tsx[2m > [22m[2mNo Questions
[22m[39m[Mock Data] generateClient() called - returning mock client
[90mstdout[2m | src/components/QuestionsReview2.stories.tsx[2m > [22m[2mNo Questions
[22m[39m[Mock amplifyClient] getAmplifyClient() called - returning mock client
[90mstdout[2m | src/components/QuestionsReview2.stories.tsx[2m > [22m[2mNo Questions
[22m[39m[Mock Data] Assignment.list() called with options: {
  "filter": {
    "unitID": {
      "eq": "mock-unit-1",
    },
  },
}
[90mstdout[2m | src/components/QuestionsReview2.stories.tsx[2m > [22m[2mNo Questions
[22m[39m[Mock Data] generateClient() called - returning mock client
[90mstdout[2m | src/components/QuestionsReview2.stories.tsx[2m > [22m[2mNo Questions
[22m[39m[Mock amplifyClient] getAmplifyClient() called - returning mock client
[90mstdout[2m | src/components/QuestionsReview2.stories.tsx[2m > [22m[2mNo Questions
[22m[39m[Mock Data] Grade.observeQuery() called with filter: {
  "filter": {
    "unitID": {
      "eq": "mock-unit-1",
    },
  },
}
[90mstdout[2m | src/components/QuestionsReview2.stories.tsx[2m > [22m[2mNo Questions
[22m[39m[Mock Data] Grade.observeQuery() applying filter: {
  "unitID": {
    "eq": "mock-unit-1",
  },
}
[90mstdout[2m | src/components/QuestionsReview2.stories.tsx[2m > [22m[2mNo Questions
[22m[39m[Mock Data] Grade.observeQuery() items before filter: 0
[90mstdout[2m | src/components/QuestionsReview2.stories.tsx[2m > [22m[2mNo Questions
[22m[39m[Mock Data] Grade.observeQuery() items after filter: 0
[90mstdout[2m | src/components/QuestionsReview2.stories.tsx[2m > [22m[2mNo Questions
[22m[39m[Mock Data] Grade.observeQuery() returning 0 items (filter applied) {
  "filter": {
    "unitID": {
      "eq": "mock-unit-1",
    },
  },
}
[90mstdout[2m | src/components/QuestionsReview2.stories.tsx[2m > [22m[2mNo Questions
[22m[39m[Mock Data] Grade subscription added. Total subscriptions: 1
[90mstdout[2m | src/components/QuestionsReview2.stories.tsx[2m > [22m[2mNo Questions
[22m[39m[UnitContext] useEffect triggered {
  "authLoading": false,
  "hasUser": true,
  "id": "mock-unit-1",
  "userSub": "mock-user-sub",
}
[90mstdout[2m | src/components/QuestionsReview2.stories.tsx[2m > [22m[2mNo Questions
[22m[39m[UnitContext] Fetching unit data for id: mock-unit-1
[90mstdout[2m | src/components/QuestionsReview2.stories.tsx[2m > [22m[2mNo Questions
[22m[39m[Mock Data] generateClient() called - returning mock client
[90mstdout[2m | src/components/QuestionsReview2.stories.tsx[2m > [22m[2mNo Questions
[22m[39m[Mock amplifyClient] getAmplifyClient() called - returning mock client
[90mstdout[2m | src/components/QuestionsReview2.stories.tsx[2m > [22m[2mNo Questions
[22m[39m[Mock Data] Unit.observeQuery() called with filter: {
  "filter": {
    "id": {
      "eq": "mock-unit-1",
    },
  },
}
[90mstdout[2m | src/components/QuestionsReview2.stories.tsx[2m > [22m[2mNo Questions
[22m[39m[Mock Data] Unit.observeQuery() applying filter: {
  "id": {
    "eq": "mock-unit-1",
  },
}
[90mstdout[2m | src/components/QuestionsReview2.stories.tsx[2m > [22m[2mNo Questions
[22m[39m[Mock Data] Unit.observeQuery() items before filter: 0
[90mstdout[2m | src/components/QuestionsReview2.stories.tsx[2m > [22m[2mNo Questions
[22m[39m[Mock Data] Unit.observeQuery() items after filter: 0
[90mstdout[2m | src/components/QuestionsReview2.stories.tsx[2m > [22m[2mNo Questions
[22m[39m[Mock Data] Unit.observeQuery() returning 0 items (filter applied) {
  "filter": {
    "id": {
      "eq": "mock-unit-1",
    },
  },
}
[90mstdout[2m | src/components/QuestionsReview2.stories.tsx[2m > [22m[2mNo Questions
[22m[39m[Mock Data] Unit subscription added. Total subscriptions: 1
[90mstdout[2m | src/components/QuestionsReview2.stories.tsx[2m > [22m[2mNo Questions
[22m[39m[Mock Data] generateClient() called - returning mock client
[90mstdout[2m | src/components/QuestionsReview2.stories.tsx[2m > [22m[2mNo Questions
[22m[39m[Mock amplifyClient] getAmplifyClient() called - returning mock client
[90mstdout[2m | src/components/QuestionsReview2.stories.tsx[2m > [22m[2mNo Questions
[22m[39m[Mock Data] Word.observeQuery() called with filter: undefined
[90mstdout[2m | src/components/QuestionsReview2.stories.tsx[2m > [22m[2mNo Questions
[22m[39m[Mock Data] Word.observeQuery() returning 0 items (filter applied) undefined
[90mstdout[2m | src/components/QuestionsReview2.stories.tsx[2m > [22m[2mNo Questions
[22m[39m[Mock Data] Word subscription added. Total subscriptions: 1
[90mstdout[2m | src/components/QuestionsReview2.stories.tsx[2m > [22m[2mNo Questions
[22m[39m[Mock Data] generateClient() called - returning mock client
[90mstdout[2m | src/components/QuestionsReview2.stories.tsx[2m > [22m[2mNo Questions
[22m[39m[Mock amplifyClient] getAmplifyClient() called - returning mock client
[90mstdout[2m | src/components/QuestionsReview2.stories.tsx[2m > [22m[2mNo Questions
[22m[39m[Mock Data] Question.observeQuery() called with filter: undefined
[90mstdout[2m | src/components/QuestionsReview2.stories.tsx[2m > [22m[2mNo Questions
[22m[39m[Mock Data] Question.observeQuery() returning 0 items (filter applied) undefined
[90mstdout[2m | src/components/QuestionsReview2.stories.tsx[2m > [22m[2mNo Questions
[22m[39m[Mock Data] Question subscription added. Total subscriptions: 1
[90mstdout[2m | src/components/QuestionsReview2.stories.tsx[2m > [22m[2mNo Questions
[22m[39m[FilesContext] Initializing vector store from IndexedDB
[90mstdout[2m | src/components/QuestionsReview2.stories.tsx[2m > [22m[2mNo Questions
[22m[39m[FilesContext] fetchFiles called
[90mstdout[2m | src/components/QuestionsReview2.stories.tsx[2m > [22m[2mNo Questions
[22m[39m[FilesContext] User authenticated: mock-user-sub
[90mstdout[2m | src/components/QuestionsReview2.stories.tsx[2m > [22m[2mNo Questions
[22m[39m[FilesContext] Identity ID: us-east-1:mock-identity-123
[90mstdout[2m | src/components/QuestionsReview2.stories.tsx[2m > [22m[2mNo Questions
[22m[39m[FilesContext] About to subscribe to File model
[90mstdout[2m | src/components/QuestionsReview2.stories.tsx[2m > [22m[2mNo Questions
[22m[39m[Mock Data] generateClient() called - returning mock client
[90mstdout[2m | src/components/QuestionsReview2.stories.tsx[2m > [22m[2mNo Questions
[22m[39m[Mock amplifyClient] getAmplifyClient() called - returning mock client
[90mstdout[2m | src/components/QuestionsReview2.stories.tsx[2m > [22m[2mNo Questions
[22m[39m[Mock Data] File.observeQuery() called with filter: undefined
[90mstdout[2m | src/components/QuestionsReview2.stories.tsx[2m > [22m[2mNo Questions
[22m[39m[Mock Data] File.observeQuery() returning 0 items (filter applied) undefined
[90mstdout[2m | src/components/QuestionsReview2.stories.tsx[2m > [22m[2mNo Questions
[22m[39m[Mock Data] File subscription added. Total subscriptions: 1
[90mstdout[2m | src/components/QuestionsReview2.stories.tsx[2m > [22m[2mNo Questions
[22m[39m[Mock Data] generateClient() called - returning mock client
[90mstdout[2m | src/components/QuestionsReview2.stories.tsx[2m > [22m[2mNo Questions
[22m[39m[Mock amplifyClient] getAmplifyClient() called - returning mock client
[90mstdout[2m | src/components/QuestionsReview2.stories.tsx[2m > [22m[2mNo Questions
[22m[39m[Mock Data] Document.observeQuery() called with filter: undefined
[90mstdout[2m | src/components/QuestionsReview2.stories.tsx[2m > [22m[2mNo Questions
[22m[39m[Mock Data] Document.observeQuery() returning 0 items (filter applied) undefined
[90mstdout[2m | src/components/QuestionsReview2.stories.tsx[2m > [22m[2mNo Questions
[22m[39m[Mock Data] Document subscription added. Total subscriptions: 1
[90mstdout[2m | src/components/QuestionsReview2.stories.tsx[2m > [22m[2mNo Questions
[22m[39m[ChatContext] Setting up observeQuery for AssistantChat
[90mstdout[2m | src/components/QuestionsReview2.stories.tsx[2m > [22m[2mNo Questions
[22m[39m[Mock Data] AssistantChat.observeQuery() called with filter: {
  "sortDirection": "DESC",
  "sortField": "createdAt",
}
[90mstdout[2m | src/components/QuestionsReview2.stories.tsx[2m > [22m[2mNo Questions
[22m[39m[Mock Data] AssistantChat.observeQuery() returning 0 items (filter applied) {
  "sortDirection": "DESC",
  "sortField": "createdAt",
}
[90mstdout[2m | src/components/QuestionsReview2.stories.tsx[2m > [22m[2mNo Questions
[22m[39m[Mock Data] AssistantChat subscription added. Total subscriptions: 1
[90mstdout[2m | src/components/QuestionsReview2.stories.tsx[2m > [22m[2mNo Questions
[22m[39m[ChatContext] Waiting for subscription to initialize
[90mstdout[2m | src/components/QuestionsReview2.stories.tsx[2m > [22m[2mNo Questions
[22m[39m[SettingsContext] Setting up Settings subscription for user: mock-user-sub
[90mstdout[2m | src/components/QuestionsReview2.stories.tsx[2m > [22m[2mNo Questions
[22m[39m[Mock Data] generateClient() called - returning mock client
[90mstdout[2m | src/components/QuestionsReview2.stories.tsx[2m > [22m[2mNo Questions
[22m[39m[Mock amplifyClient] getAmplifyClient() called - returning mock client
[90mstdout[2m | src/components/QuestionsReview2.stories.tsx[2m > [22m[2mNo Questions
[22m[39m[Mock Data] Settings.observeQuery() called with filter: undefined
[90mstdout[2m | src/components/QuestionsReview2.stories.tsx[2m > [22m[2mNo Questions
[22m[39m[Mock Data] Settings.observeQuery() returning 0 items (filter applied) undefined
[90mstdout[2m | src/components/QuestionsReview2.stories.tsx[2m > [22m[2mNo Questions
[22m[39m[Mock Data] Settings subscription added. Total subscriptions: 1
[90mstdout[2m | src/components/QuestionsReview2.stories.tsx[2m > [22m[2mNo Questions
[22m[39m[SectionContext] Initial sections: 0 []
[90mstdout[2m | src/components/QuestionsReview2.stories.tsx[2m > [22m[2mNo Questions
[22m[39m[Mock Data] Section.onCreate() called with filter: undefined
[90mstdout[2m | src/components/QuestionsReview2.stories.tsx[2m > [22m[2mNo Questions
[22m[39m[Mock Data] Section.onCreate() subscription added. Total: 1
[90mstdout[2m | src/components/QuestionsReview2.stories.tsx[2m > [22m[2mNo Questions
[22m[39m[Mock Data] Section.onUpdate() called with filter: undefined
[90mstdout[2m | src/components/QuestionsReview2.stories.tsx[2m > [22m[2mNo Questions
[22m[39m[Mock Data] Section.onUpdate() subscription added. Total: 1
[90mstdout[2m | src/components/QuestionsReview2.stories.tsx[2m > [22m[2mNo Questions
[22m[39m[Mock Data] Section.onDelete() called with filter: undefined
[90mstdout[2m | src/components/QuestionsReview2.stories.tsx[2m > [22m[2mNo Questions
[22m[39m[Mock Data] Section.onDelete() subscription added. Total: 1
[90mstdout[2m | src/components/QuestionsReview2.stories.tsx[2m > [22m[2mNo Questions
[22m[39m[Mock Data] Assignment.onCreate() called with filter: {
  "filter": {
    "unitID": {
      "eq": "mock-unit-1",
    },
  },
}
[90mstdout[2m | src/components/QuestionsReview2.stories.tsx[2m > [22m[2mNo Questions
[22m[39m[Mock Data] Assignment.onCreate() subscription added. Total: 1
[90mstdout[2m | src/components/QuestionsReview2.stories.tsx[2m > [22m[2mNo Questions
[22m[39m[Mock Data] Assignment.onUpdate() called with filter: {
  "filter": {
    "unitID": {
      "eq": "mock-unit-1",
    },
  },
}
[90mstdout[2m | src/components/QuestionsReview2.stories.tsx[2m > [22m[2mNo Questions
[22m[39m[Mock Data] Assignment.onUpdate() subscription added. Total: 1
[90mstdout[2m | src/components/QuestionsReview2.stories.tsx[2m > [22m[2mNo Questions
[22m[39m[Mock Data] Assignment.onDelete() called with filter: {
  "filter": {
    "unitID": {
      "eq": "mock-unit-1",
    },
  },
}
[90mstdout[2m | src/components/QuestionsReview2.stories.tsx[2m > [22m[2mNo Questions
[22m[39m[Mock Data] Assignment.onDelete() subscription added. Total: 1
[90mstdout[2m | src/components/QuestionsReview2.stories.tsx[2m > [22m[2mNo Questions
[22m[39m[FilesContext] File observeQuery subscription triggered:
[90mstdout[2m | src/components/QuestionsReview2.stories.tsx[2m > [22m[2mNo Questions
[22m[39m  - items.length: 0
[90mstdout[2m | src/components/QuestionsReview2.stories.tsx[2m > [22m[2mNo Questions
[22m[39m  - isSynced: true
[90mstdout[2m | src/components/QuestionsReview2.stories.tsx[2m > [22m[2mNo Questions
[22m[39m  - items: []
[90mstdout[2m | src/components/QuestionsReview2.stories.tsx[2m > [22m[2mNo Questions
[22m[39m[useTranslationWithCapture] t() called: {
  "key": "questionsReview.loading",
  "mode": "off",
  "namespace": "components",
  "value": "Loading questions...",
}
[90mstdout[2m | src/components/QuestionsReview2.stories.tsx[2m > [22m[2mNo Questions
[22m[39m[ChatContext] AssistantChat query update: 0 items (synced)
[90mstdout[2m | src/components/QuestionsReview2.stories.tsx[2m > [22m[2mNo Questions
[22m[39m[ChatContext] AssistantChat subscription initialized
[90mstdout[2m | src/components/QuestionsReview2.stories.tsx[2m > [22m[2mNo Questions
[22m[39m[ChatContext] AssistantChat list updated: 0 chats
[90mstdout[2m | src/components/QuestionsReview2.stories.tsx[2m > [22m[2mNo Questions
[22m[39m[Mock Data] Settings.create() called with: {
  "assistantVoice": "shimmer",
  "autoAnalyzeDocuments": true,
  "defaultAIModel": "gpt-4",
  "documentAnalysisModel": "gpt-4",
  "editorFontSize": 14,
  "editorTheme": "auto",
  "emailNotifications": true,
  "language": "en",
  "webhookNotifications": false,
}
[90mstdout[2m | src/components/QuestionsReview2.stories.tsx[2m > [22m[2mNo Questions
[22m[39m[Mock Data] Settings created: mock-settings-1776336986494 - notified 1 subscribers
[90mstdout[2m | src/components/QuestionsReview2.stories.tsx[2m > [22m[2mNo Questions
[22m[39m[Mock Data] generateClient() called - returning mock client
[90mstdout[2m | src/components/QuestionsReview2.stories.tsx[2m > [22m[2mNo Questions
[22m[39m[Mock amplifyClient] getAmplifyClient() called - returning mock client
[90mstdout[2m | src/components/QuestionsReview2.stories.tsx[2m > [22m[2mNo Questions
[22m[39m[Mock Data] Document.get() called with id: mock-doc-empty
[90mstdout[2m | src/components/QuestionsReview2.stories.tsx[2m > [22m[2mNo Questions
[22m[39m[Mock Data] generateClient() called - returning mock client
[90mstdout[2m | src/components/QuestionsReview2.stories.tsx[2m > [22m[2mNo Questions
[22m[39m[Mock amplifyClient] getAmplifyClient() called - returning mock client
[90mstdout[2m | src/components/QuestionsReview2.stories.tsx[2m > [22m[2mNo Questions
[22m[39m[Mock Data] ParsedContent.observeQuery() called with filter: undefined
[90mstdout[2m | src/components/QuestionsReview2.stories.tsx[2m > [22m[2mNo Questions
[22m[39m[Mock Data] ParsedContent.observeQuery() returning 0 items (filter applied) undefined
[90mstdout[2m | src/components/QuestionsReview2.stories.tsx[2m > [22m[2mNo Questions
[22m[39m[Mock Data] ParsedContent subscription added. Total subscriptions: 1
[90mstdout[2m | src/components/QuestionsReview2.stories.tsx[2m > [22m[2mNo Questions
[22m[39m[ChatContext] No chats found, clearing current chat - new one will be created
[90mstdout[2m | src/components/QuestionsReview2.stories.tsx[2m > [22m[2mNo Questions
[22m[39m[Mock Data] ParsedContent.list() called with options: {
  "filter": {
    "documentID": {
      "eq": "mock-doc-empty",
    },
  },
}
[90mstdout[2m | src/components/QuestionsReview2.stories.tsx[2m > [22m[2mNo Questions
[22m[39m[ChatContext] No current chat available, will create one
[90mstdout[2m | src/components/QuestionsReview2.stories.tsx[2m > [22m[2mNo Questions
[22m[39m[ChatContext] Creating AssistantChat with user: undefined
[90mstdout[2m | src/components/QuestionsReview2.stories.tsx[2m > [22m[2mNo Questions
[22m[39m[Mock Data] AssistantChat.create() called with: {
  "archived": false,
  "model": "gpt-4",
}
[90mstdout[2m | src/components/QuestionsReview2.stories.tsx[2m > [22m[2mNo Questions
[22m[39m[Mock Data] AssistantChat created: mock-assistantchat-1776336986551 - notified 1 subscribers
[90mstdout[2m | src/components/QuestionsReview2.stories.tsx[2m > [22m[2mNo Questions
[22m[39m[useTranslationWithCapture] t() called: {
  "key": "questionsReview.noQuestions",
  "mode": "off",
  "namespace": "components",
  "value": "No questions found for this document.",
}
[90mstdout[2m | src/components/QuestionsReview2.stories.tsx[2m > [22m[2mNo Questions
[22m[39m[ChatContext] Create result: {
  "data": {
    "_version": 1,
    "archived": false,
    "chatFiles": [Function anonymous],
    "createdAt": "2026-04-16T10:56:26.551Z",
    "id": "mock-assistantchat-1776336986551",
    "model": "gpt-4",
    "updatedAt": "2026-04-16T10:56:26.551Z",
  },
  "errors": [],
  "hasData": true,
  "hasErrors": true,
}
[90mstdout[2m | src/components/QuestionsReview2.stories.tsx[2m > [22m[2mNo Questions
[22m[39m[ChatContext] Created AssistantChat: mock-assistantchat-1776336986551 at: 2026-04-16T10:56:26.551Z
[90mstdout[2m | src/components/QuestionsReview2.stories.tsx[2m > [22m[2mWith Summaries Expanded
[22m[39m[ChatContext] AssistantChat query update: 1 items (synced)
[90mstdout[2m | src/components/QuestionsReview2.stories.tsx[2m > [22m[2mWith Summaries Expanded
[22m[39m[ChatContext] First item details: {
  "id": "mock-assistantchat-1776336986551",
  "updatedAt": "2026-04-16T10:56:26.551Z",
}
[90mstdout[2m | src/components/QuestionsReview2.stories.tsx[2m > [22m[2mWith Summaries Expanded
[22m[39m[ChatContext] AssistantChat list updated: 1 chats
[90mstdout[2m | src/components/QuestionsReview2.stories.tsx[2m > [22m[2mWith Summaries Expanded
[22m[39m[ChatContext] Setting initial chat: mock-assistantchat-1776336986551
[90mstdout[2m | src/components/QuestionsReview2.stories.tsx[2m > [22m[2mWith Summaries Expanded
[22m[39m[Mock Data] generateClient() called - returning mock client
[90mstdout[2m | src/components/QuestionsReview2.stories.tsx[2m > [22m[2mWith Summaries Expanded
[22m[39m[Mock amplifyClient] getAmplifyClient() called - returning mock client
[90mstdout[2m | src/components/QuestionsReview2.stories.tsx[2m > [22m[2mWith Summaries Expanded
[22m[39m[Mock Data] Document.get() called with id: mock-doc-empty
[90mstdout[2m | src/components/QuestionsReview2.stories.tsx[2m > [22m[2mWith Summaries Expanded
[22m[39m[Mock Data] ParsedContent.list() called with options: {
  "filter": {
    "documentID": {
      "eq": "mock-doc-empty",
    },
  },
}
[90mstdout[2m | src/components/QuestionsReview2.stories.tsx[2m > [22m[2mWith Summaries Expanded
[22m[39m[ChatContext] Chat exists and not archived, skipping creation
[90mstdout[2m | src/components/QuestionsReview2.stories.tsx[2m > [22m[2mWith Summaries Expanded
[22m[39m[useTranslationWithCapture] t() called: {
  "key": "questionsReview.noQuestions",
  "mode": "off",
  "namespace": "components",
  "value": "No questions found for this document.",
}
[90mstdout[2m | src/components/QuestionsReview2.stories.tsx[2m > [22m[2mWith Summaries Expanded
[22m[39m[useTranslationWithCapture] t() called: {
  "key": "questionsReview.noQuestions",
  "mode": "off",
  "namespace": "components",
  "value": "No questions found for this document.",
}
[90mstdout[2m | src/components/QuestionsReview2.stories.tsx[2m > [22m[2mWith Summaries Expanded
[22m[39m[Mock Data] Settings subscription unsubscribed. Remaining: 0
[90mstdout[2m | src/components/QuestionsReview2.stories.tsx[2m > [22m[2mWith Summaries Expanded
[22m[39m[ChatContext] Cleaning up subscription
[90mstdout[2m | src/components/QuestionsReview2.stories.tsx[2m > [22m[2mWith Summaries Expanded
[22m[39m[Mock Data] AssistantChat subscription unsubscribed. Remaining: 0
[90mstdout[2m | src/components/QuestionsReview2.stories.tsx[2m > [22m[2mWith Summaries Expanded
[22m[39m[Mock Data] File subscription unsubscribed. Remaining: 0
[90mstdout[2m | src/components/QuestionsReview2.stories.tsx[2m > [22m[2mWith Summaries Expanded
[22m[39m[Mock Data] Document subscription unsubscribed. Remaining: 0
[90mstdout[2m | src/components/QuestionsReview2.stories.tsx[2m > [22m[2mWith Summaries Expanded
[22m[39m[Mock Data] Word subscription unsubscribed. Remaining: 0
[90mstdout[2m | src/components/QuestionsReview2.stories.tsx[2m > [22m[2mWith Summaries Expanded
[22m[39m[Mock Data] Question subscription unsubscribed. Remaining: 0
[90mstdout[2m | src/components/QuestionsReview2.stories.tsx[2m > [22m[2mWith Summaries Expanded
[22m[39m[Mock Data] Grade subscription unsubscribed. Remaining: 0
[90mstdout[2m | src/components/QuestionsReview2.stories.tsx[2m > [22m[2mWith Summaries Expanded
[22m[39m[Mock Data] Unit subscription unsubscribed. Remaining: 0
[90mstdout[2m | src/components/QuestionsReview2.stories.tsx[2m > [22m[2mWith Summaries Expanded
[22m[39m[SectionContext] Cleaning up subscriptions
[90mstdout[2m | src/components/QuestionsReview2.stories.tsx[2m > [22m[2mWith Summaries Expanded
[22m[39m[Mock Data] Section.onCreate() subscription removed. Remaining: 0
[90mstdout[2m | src/components/QuestionsReview2.stories.tsx[2m > [22m[2mWith Summaries Expanded
[22m[39m[Mock Data] Section.onUpdate() subscription removed. Remaining: 0
[90mstdout[2m | src/components/QuestionsReview2.stories.tsx[2m > [22m[2mWith Summaries Expanded
[22m[39m[Mock Data] Section.onDelete() subscription removed. Remaining: 0
[90mstdout[2m | src/components/QuestionsReview2.stories.tsx[2m > [22m[2mWith Summaries Expanded
[22m[39m[Mock Data] Assignment.onCreate() subscription removed. Remaining: 0
[90mstdout[2m | src/components/QuestionsReview2.stories.tsx[2m > [22m[2mWith Summaries Expanded
[22m[39m[Mock Data] Assignment.onUpdate() subscription removed. Remaining: 0
[90mstdout[2m | src/components/QuestionsReview2.stories.tsx[2m > [22m[2mWith Summaries Expanded
[22m[39m[Mock Data] Assignment.onDelete() subscription removed. Remaining: 0
[90mstdout[2m | src/components/QuestionsReview2.stories.tsx[2m > [22m[2mWith Summaries Expanded
[22m[39m[Mock Data] ParsedContent subscription unsubscribed. Remaining: 0
[90mstdout[2m | src/components/QuestionsReview2.stories.tsx[2m > [22m[2mWith Summaries Expanded
[22m[39m[Mock Data] Clearing all data stores
[90mstdout[2m | src/components/QuestionsReview2.stories.tsx[2m > [22m[2mWith Summaries Expanded
[22m[39m[Mock Data] All data stores cleared
[90mstdout[2m | src/components/QuestionsReview2.stories.tsx[2m > [22m[2mWith Summaries Expanded
[22m[39m[Preview] Cleared mock data for story
[90mstdout[2m | src/components/QuestionsReview2.stories.tsx[2m > [22m[2mWith Summaries Expanded
[22m[39m[Preview] Skipped initializing default mock data (initializeMockData=false)
[90mstdout[2m | src/components/QuestionsReview2.stories.tsx[2m > [22m[2mWith Summaries Expanded
[22m[39m[Mock AuthContext] Providing auth: {
  "error": undefined,
  "isLoading": false,
  "session": {
    "idToken": {
      "toString": [Function toString],
    },
    "identityId": "us-east-1:mock-identity-123",
    "username": "mock-user-sub",
  },
  "user": {
    "attributes": {
      "email": "alice@example.com",
      "name": "Alice Student",
      "sub": "mock-user-sub",
    },
  },
}
[90mstdout[2m | src/components/QuestionsReview2.stories.tsx[2m > [22m[2mWith Summaries Expanded
[22m[39m[Mock Data] generateClient() called - returning mock client
[90mstdout[2m | src/components/QuestionsReview2.stories.tsx[2m > [22m[2mWith Summaries Expanded
[22m[39m[Mock amplifyClient] getAmplifyClient() called - returning mock client
[90mstdout[2m | src/components/QuestionsReview2.stories.tsx[2m > [22m[2mWith Summaries Expanded
[22m[39m[MOCK CourseVectorStore] Initialized with mock data
[90mstdout[2m | src/components/QuestionsReview2.stories.tsx[2m > [22m[2mWith Summaries Expanded
[22m[39m[TranslationModeController] Setting mode to: off
[90mstdout[2m | src/components/QuestionsReview2.stories.tsx[2m > [22m[2mWith Summaries Expanded
[22m[39m[SectionContext] useEffect triggered {
  "authLoading": false,
  "hasUser": true,
  "userSub": "mock-user-sub",
}
[90mstdout[2m | src/components/QuestionsReview2.stories.tsx[2m > [22m[2mWith Summaries Expanded
[22m[39m[SectionContext] Fetching sections for userId: mock-user-sub
[90mstdout[2m | src/components/QuestionsReview2.stories.tsx[2m > [22m[2mWith Summaries Expanded
[22m[39m[Mock Data] generateClient() called - returning mock client
[90mstdout[2m | src/components/QuestionsReview2.stories.tsx[2m > [22m[2mWith Summaries Expanded
[22m[39m[Mock amplifyClient] getAmplifyClient() called - returning mock client
[90mstdout[2m | src/components/QuestionsReview2.stories.tsx[2m > [22m[2mWith Summaries Expanded
[22m[39m[Mock Data] Section.list() called with options: undefined
[90mstdout[2m | src/components/QuestionsReview2.stories.tsx[2m > [22m[2mWith Summaries Expanded
[22m[39m[Mock Data] generateClient() called - returning mock client
[90mstdout[2m | src/components/QuestionsReview2.stories.tsx[2m > [22m[2mWith Summaries Expanded
[22m[39m[Mock amplifyClient] getAmplifyClient() called - returning mock client
[90mstdout[2m | src/components/QuestionsReview2.stories.tsx[2m > [22m[2mWith Summaries Expanded
[22m[39m[Mock Data] Assignment.list() called with options: {
  "filter": {
    "unitID": {
      "eq": "mock-unit-1",
    },
  },
}
[90mstdout[2m | src/components/QuestionsReview2.stories.tsx[2m > [22m[2mWith Summaries Expanded
[22m[39m[Mock Data] generateClient() called - returning mock client
[90mstdout[2m | src/components/QuestionsReview2.stories.tsx[2m > [22m[2mWith Summaries Expanded
[22m[39m[Mock amplifyClient] getAmplifyClient() called - returning mock client
[90mstdout[2m | src/components/QuestionsReview2.stories.tsx[2m > [22m[2mWith Summaries Expanded
[22m[39m[Mock Data] Grade.observeQuery() called with filter: {
  "filter": {
    "unitID": {
      "eq": "mock-unit-1",
    },
  },
}
[90mstdout[2m | src/components/QuestionsReview2.stories.tsx[2m > [22m[2mWith Summaries Expanded
[22m[39m[Mock Data] Grade.observeQuery() applying filter: {
  "unitID": {
    "eq": "mock-unit-1",
  },
}
[90mstdout[2m | src/components/QuestionsReview2.stories.tsx[2m > [22m[2mWith Summaries Expanded
[22m[39m[Mock Data] Grade.observeQuery() items before filter: 0
[90mstdout[2m | src/components/QuestionsReview2.stories.tsx[2m > [22m[2mWith Summaries Expanded
[22m[39m[Mock Data] Grade.observeQuery() items after filter: 0
[90mstdout[2m | src/components/QuestionsReview2.stories.tsx[2m > [22m[2mWith Summaries Expanded
[22m[39m[Mock Data] Grade.observeQuery() returning 0 items (filter applied) {
  "filter": {
    "unitID": {
      "eq": "mock-unit-1",
    },
  },
}
[90mstdout[2m | src/components/QuestionsReview2.stories.tsx[2m > [22m[2mWith Summaries Expanded
[22m[39m[Mock Data] Grade subscription added. Total subscriptions: 1
[90mstdout[2m | src/components/QuestionsReview2.stories.tsx[2m > [22m[2mWith Summaries Expanded
[22m[39m[UnitContext] useEffect triggered {
  "authLoading": false,
  "hasUser": true,
  "id": "mock-unit-1",
  "userSub": "mock-user-sub",
}
[90mstdout[2m | src/components/QuestionsReview2.stories.tsx[2m > [22m[2mWith Summaries Expanded
[22m[39m[UnitContext] Fetching unit data for id: mock-unit-1
[90mstdout[2m | src/components/QuestionsReview2.stories.tsx[2m > [22m[2mWith Summaries Expanded
[22m[39m[Mock Data] generateClient() called - returning mock client
[90mstdout[2m | src/components/QuestionsReview2.stories.tsx[2m > [22m[2mWith Summaries Expanded
[22m[39m[Mock amplifyClient] getAmplifyClient() called - returning mock client
[90mstdout[2m | src/components/QuestionsReview2.stories.tsx[2m > [22m[2mWith Summaries Expanded
[22m[39m[Mock Data] Unit.observeQuery() called with filter: {
  "filter": {
    "id": {
      "eq": "mock-unit-1",
    },
  },
}
[90mstdout[2m | src/components/QuestionsReview2.stories.tsx[2m > [22m[2mWith Summaries Expanded
[22m[39m[Mock Data] Unit.observeQuery() applying filter: {
  "id": {
    "eq": "mock-unit-1",
  },
}
[90mstdout[2m | src/components/QuestionsReview2.stories.tsx[2m > [22m[2mWith Summaries Expanded
[22m[39m[Mock Data] Unit.observeQuery() items before filter: 0
[90mstdout[2m | src/components/QuestionsReview2.stories.tsx[2m > [22m[2mWith Summaries Expanded
[22m[39m[Mock Data] Unit.observeQuery() items after filter: 0
[90mstdout[2m | src/components/QuestionsReview2.stories.tsx[2m > [22m[2mWith Summaries Expanded
[22m[39m[Mock Data] Unit.observeQuery() returning 0 items (filter applied) {
  "filter": {
    "id": {
      "eq": "mock-unit-1",
    },
  },
}
[90mstdout[2m | src/components/QuestionsReview2.stories.tsx[2m > [22m[2mWith Summaries Expanded
[22m[39m[Mock Data] Unit subscription added. Total subscriptions: 1
[90mstdout[2m | src/components/QuestionsReview2.stories.tsx[2m > [22m[2mWith Summaries Expanded
[22m[39m[Mock Data] generateClient() called - returning mock client
[90mstdout[2m | src/components/QuestionsReview2.stories.tsx[2m > [22m[2mWith Summaries Expanded
[22m[39m[Mock amplifyClient] getAmplifyClient() called - returning mock client
[90mstdout[2m | src/components/QuestionsReview2.stories.tsx[2m > [22m[2mWith Summaries Expanded
[22m[39m[Mock Data] Word.observeQuery() called with filter: undefined
[90mstdout[2m | src/components/QuestionsReview2.stories.tsx[2m > [22m[2mWith Summaries Expanded
[22m[39m[Mock Data] Word.observeQuery() returning 0 items (filter applied) undefined
[90mstdout[2m | src/components/QuestionsReview2.stories.tsx[2m > [22m[2mWith Summaries Expanded
[22m[39m[Mock Data] Word subscription added. Total subscriptions: 1
[90mstdout[2m | src/components/QuestionsReview2.stories.tsx[2m > [22m[2mWith Summaries Expanded
[22m[39m[Mock Data] generateClient() called - returning mock client
[90mstdout[2m | src/components/QuestionsReview2.stories.tsx[2m > [22m[2mWith Summaries Expanded
[22m[39m[Mock amplifyClient] getAmplifyClient() called - returning mock client
[90mstdout[2m | src/components/QuestionsReview2.stories.tsx[2m > [22m[2mWith Summaries Expanded
[22m[39m[Mock Data] Question.observeQuery() called with filter: undefined
[90mstdout[2m | src/components/QuestionsReview2.stories.tsx[2m > [22m[2mWith Summaries Expanded
[22m[39m[Mock Data] Question.observeQuery() returning 0 items (filter applied) undefined
[90mstdout[2m | src/components/QuestionsReview2.stories.tsx[2m > [22m[2mWith Summaries Expanded
[22m[39m[Mock Data] Question subscription added. Total subscriptions: 1
[90mstdout[2m | src/components/QuestionsReview2.stories.tsx[2m > [22m[2mWith Summaries Expanded
[22m[39m[FilesContext] Initializing vector store from IndexedDB
[90mstdout[2m | src/components/QuestionsReview2.stories.tsx[2m > [22m[2mWith Summaries Expanded
[22m[39m[FilesContext] fetchFiles called
[90mstdout[2m | src/components/QuestionsReview2.stories.tsx[2m > [22m[2mWith Summaries Expanded
[22m[39m[FilesContext] User authenticated: mock-user-sub
[90mstdout[2m | src/components/QuestionsReview2.stories.tsx[2m > [22m[2mWith Summaries Expanded
[22m[39m[FilesContext] Identity ID: us-east-1:mock-identity-123
[90mstdout[2m | src/components/QuestionsReview2.stories.tsx[2m > [22m[2mWith Summaries Expanded
[22m[39m[FilesContext] About to subscribe to File model
[90mstdout[2m | src/components/QuestionsReview2.stories.tsx[2m > [22m[2mWith Summaries Expanded
[22m[39m[Mock Data] generateClient() called - returning mock client
[90mstdout[2m | src/components/QuestionsReview2.stories.tsx[2m > [22m[2mWith Summaries Expanded
[22m[39m[Mock amplifyClient] getAmplifyClient() called - returning mock client
[90mstdout[2m | src/components/QuestionsReview2.stories.tsx[2m > [22m[2mWith Summaries Expanded
[22m[39m[Mock Data] File.observeQuery() called with filter: undefined
[90mstdout[2m | src/components/QuestionsReview2.stories.tsx[2m > [22m[2mWith Summaries Expanded
[22m[39m[Mock Data] File.observeQuery() returning 0 items (filter applied) undefined
[90mstdout[2m | src/components/QuestionsReview2.stories.tsx[2m > [22m[2mWith Summaries Expanded
[22m[39m[Mock Data] File subscription added. Total subscriptions: 1
[90mstdout[2m | src/components/QuestionsReview2.stories.tsx[2m > [22m[2mWith Summaries Expanded
[22m[39m[Mock Data] generateClient() called - returning mock client
[90mstdout[2m | src/components/QuestionsReview2.stories.tsx[2m > [22m[2mWith Summaries Expanded
[22m[39m[Mock amplifyClient] getAmplifyClient() called - returning mock client
[90mstdout[2m | src/components/QuestionsReview2.stories.tsx[2m > [22m[2mWith Summaries Expanded
[22m[39m[Mock Data] Document.observeQuery() called with filter: undefined
[90mstdout[2m | src/components/QuestionsReview2.stories.tsx[2m > [22m[2mWith Summaries Expanded
[22m[39m[Mock Data] Document.observeQuery() returning 0 items (filter applied) undefined
[90mstdout[2m | src/components/QuestionsReview2.stories.tsx[2m > [22m[2mWith Summaries Expanded
[22m[39m[Mock Data] Document subscription added. Total subscriptions: 1
[90mstdout[2m | src/components/QuestionsReview2.stories.tsx[2m > [22m[2mWith Summaries Expanded
[22m[39m[ChatContext] Setting up observeQuery for AssistantChat
[90mstdout[2m | src/components/QuestionsReview2.stories.tsx[2m > [22m[2mWith Summaries Expanded
[22m[39m[Mock Data] AssistantChat.observeQuery() called with filter: {
  "sortDirection": "DESC",
  "sortField": "createdAt",
}
[90mstdout[2m | src/components/QuestionsReview2.stories.tsx[2m > [22m[2mWith Summaries Expanded
[22m[39m[Mock Data] AssistantChat.observeQuery() returning 0 items (filter applied) {
  "sortDirection": "DESC",
  "sortField": "createdAt",
}
[90mstdout[2m | src/components/QuestionsReview2.stories.tsx[2m > [22m[2mWith Summaries Expanded
[22m[39m[Mock Data] AssistantChat subscription added. Total subscriptions: 1
[90mstdout[2m | src/components/QuestionsReview2.stories.tsx[2m > [22m[2mWith Summaries Expanded
[22m[39m[ChatContext] Waiting for subscription to initialize
[90mstdout[2m | src/components/QuestionsReview2.stories.tsx[2m > [22m[2mWith Summaries Expanded
[22m[39m[SettingsContext] Setting up Settings subscription for user: mock-user-sub
[90mstdout[2m | src/components/QuestionsReview2.stories.tsx[2m > [22m[2mWith Summaries Expanded
[22m[39m[Mock Data] generateClient() called - returning mock client
[90mstdout[2m | src/components/QuestionsReview2.stories.tsx[2m > [22m[2mWith Summaries Expanded
[22m[39m[Mock amplifyClient] getAmplifyClient() called - returning mock client
[90mstdout[2m | src/components/QuestionsReview2.stories.tsx[2m > [22m[2mWith Summaries Expanded
[22m[39m[Mock Data] Settings.observeQuery() called with filter: undefined
[90mstdout[2m | src/components/QuestionsReview2.stories.tsx[2m > [22m[2mWith Summaries Expanded
[22m[39m[Mock Data] Settings.observeQuery() returning 0 items (filter applied) undefined
[90mstdout[2m | src/components/QuestionsReview2.stories.tsx[2m > [22m[2mWith Summaries Expanded
[22m[39m[Mock Data] Settings subscription added. Total subscriptions: 1
[90mstdout[2m | src/components/QuestionsReview2.stories.tsx[2m > [22m[2mWith Summaries Expanded
[22m[39m[SectionContext] Initial sections: 0 []
[90mstdout[2m | src/components/QuestionsReview2.stories.tsx[2m > [22m[2mWith Summaries Expanded
[22m[39m[Mock Data] Section.onCreate() called with filter: undefined
[90mstdout[2m | src/components/QuestionsReview2.stories.tsx[2m > [22m[2mWith Summaries Expanded
[22m[39m[Mock Data] Section.onCreate() subscription added. Total: 1
[90mstdout[2m | src/components/QuestionsReview2.stories.tsx[2m > [22m[2mWith Summaries Expanded
[22m[39m[Mock Data] Section.onUpdate() called with filter: undefined
[90mstdout[2m | src/components/QuestionsReview2.stories.tsx[2m > [22m[2mWith Summaries Expanded
[22m[39m[Mock Data] Section.onUpdate() subscription added. Total: 1
[90mstdout[2m | src/components/QuestionsReview2.stories.tsx[2m > [22m[2mWith Summaries Expanded
[22m[39m[Mock Data] Section.onDelete() called with filter: undefined
[90mstdout[2m | src/components/QuestionsReview2.stories.tsx[2m > [22m[2mWith Summaries Expanded
[22m[39m[Mock Data] Section.onDelete() subscription added. Total: 1
[90mstdout[2m | src/components/QuestionsReview2.stories.tsx[2m > [22m[2mWith Summaries Expanded
[22m[39m[Mock Data] Assignment.onCreate() called with filter: {
  "filter": {
    "unitID": {
      "eq": "mock-unit-1",
    },
  },
}
[90mstdout[2m | src/components/QuestionsReview2.stories.tsx[2m > [22m[2mWith Summaries Expanded
[22m[39m[Mock Data] Assignment.onCreate() subscription added. Total: 1
[90mstdout[2m | src/components/QuestionsReview2.stories.tsx[2m > [22m[2mWith Summaries Expanded
[22m[39m[Mock Data] Assignment.onUpdate() called with filter: {
  "filter": {
    "unitID": {
      "eq": "mock-unit-1",
    },
  },
}
[90mstdout[2m | src/components/QuestionsReview2.stories.tsx[2m > [22m[2mWith Summaries Expanded
[22m[39m[Mock Data] Assignment.onUpdate() subscription added. Total: 1
[90mstdout[2m | src/components/QuestionsReview2.stories.tsx[2m > [22m[2mWith Summaries Expanded
[22m[39m[Mock Data] Assignment.onDelete() called with filter: {
  "filter": {
    "unitID": {
      "eq": "mock-unit-1",
    },
  },
}
[90mstdout[2m | src/components/QuestionsReview2.stories.tsx[2m > [22m[2mWith Summaries Expanded
[22m[39m[Mock Data] Assignment.onDelete() subscription added. Total: 1
[90mstdout[2m | src/components/QuestionsReview2.stories.tsx[2m > [22m[2mWith Summaries Expanded
[22m[39m[FilesContext] File observeQuery subscription triggered:
[90mstdout[2m | src/components/QuestionsReview2.stories.tsx[2m > [22m[2mWith Summaries Expanded
[22m[39m  - items.length: 0
[90mstdout[2m | src/components/QuestionsReview2.stories.tsx[2m > [22m[2mWith Summaries Expanded
[22m[39m  - isSynced: true
[90mstdout[2m | src/components/QuestionsReview2.stories.tsx[2m > [22m[2mWith Summaries Expanded
[22m[39m  - items: []
[90mstdout[2m | src/components/QuestionsReview2.stories.tsx[2m > [22m[2mWith Summaries Expanded
[22m[39m[useTranslationWithCapture] t() called: {
  "key": "questionsReview.loading",
  "mode": "off",
  "namespace": "components",
  "value": "Loading questions...",
}
[90mstdout[2m | src/components/QuestionsReview2.stories.tsx[2m > [22m[2mWith Summaries Expanded
[22m[39m[ChatContext] AssistantChat query update: 0 items (synced)
[90mstdout[2m | src/components/QuestionsReview2.stories.tsx[2m > [22m[2mWith Summaries Expanded
[22m[39m[ChatContext] AssistantChat subscription initialized
[90mstdout[2m | src/components/QuestionsReview2.stories.tsx[2m > [22m[2mWith Summaries Expanded
[22m[39m[ChatContext] AssistantChat list updated: 0 chats
[90mstdout[2m | src/components/QuestionsReview2.stories.tsx[2m > [22m[2mWith Summaries Expanded
[22m[39m[Mock Data] Settings.create() called with: {
  "assistantVoice": "shimmer",
  "autoAnalyzeDocuments": true,
  "defaultAIModel": "gpt-4",
  "documentAnalysisModel": "gpt-4",
  "editorFontSize": 14,
  "editorTheme": "auto",
  "emailNotifications": true,
  "language": "en",
  "webhookNotifications": false,
}
[90mstdout[2m | src/components/QuestionsReview2.stories.tsx[2m > [22m[2mWith Summaries Expanded
[22m[39m[Mock Data] Settings created: mock-settings-1776336986643 - notified 1 subscribers
[90mstdout[2m | src/components/QuestionsReview2.stories.tsx[2m > [22m[2mWith Summaries Expanded
[22m[39m[Mock Data] generateClient() called - returning mock client
[90mstdout[2m | src/components/QuestionsReview2.stories.tsx[2m > [22m[2mWith Summaries Expanded
[22m[39m[Mock amplifyClient] getAmplifyClient() called - returning mock client
[90mstdout[2m | src/components/QuestionsReview2.stories.tsx[2m > [22m[2mWith Summaries Expanded
[22m[39m[Mock Data] Document.get() called with id: mock-doc-1
[90mstdout[2m | src/components/QuestionsReview2.stories.tsx[2m > [22m[2mWith Summaries Expanded
[22m[39m[Mock Data] generateClient() called - returning mock client
[90mstdout[2m | src/components/QuestionsReview2.stories.tsx[2m > [22m[2mWith Summaries Expanded
[22m[39m[Mock amplifyClient] getAmplifyClient() called - returning mock client
[90mstdout[2m | src/components/QuestionsReview2.stories.tsx[2m > [22m[2mWith Summaries Expanded
[22m[39m[Mock Data] ParsedContent.observeQuery() called with filter: undefined
[90mstdout[2m | src/components/QuestionsReview2.stories.tsx[2m > [22m[2mWith Summaries Expanded
[22m[39m[Mock Data] ParsedContent.observeQuery() returning 0 items (filter applied) undefined
[90mstdout[2m | src/components/QuestionsReview2.stories.tsx[2m > [22m[2mWith Summaries Expanded
[22m[39m[Mock Data] ParsedContent subscription added. Total subscriptions: 1
[90mstdout[2m | src/components/QuestionsReview2.stories.tsx[2m > [22m[2mWith Summaries Expanded
[22m[39m[ChatContext] No chats found, clearing current chat - new one will be created
[90mstdout[2m | src/components/QuestionsReview2.stories.tsx[2m > [22m[2mWith Summaries Expanded
[22m[39m[Mock Data] ParsedContent.list() called with options: {
  "filter": {
    "documentID": {
      "eq": "mock-doc-1",
    },
  },
}
[90mstdout[2m | src/components/QuestionsReview2.stories.tsx[2m > [22m[2mWith Summaries Expanded
[22m[39m[ChatContext] No current chat available, will create one
[90mstdout[2m | src/components/QuestionsReview2.stories.tsx[2m > [22m[2mWith Summaries Expanded
[22m[39m[ChatContext] Creating AssistantChat with user: undefined
[90mstdout[2m | src/components/QuestionsReview2.stories.tsx[2m > [22m[2mWith Summaries Expanded
[22m[39m[Mock Data] AssistantChat.create() called with: {
  "archived": false,
  "model": "gpt-4",
}
[90mstdout[2m | src/components/QuestionsReview2.stories.tsx[2m > [22m[2mWith Summaries Expanded
[22m[39m[Mock Data] AssistantChat created: mock-assistantchat-1776336986705 - notified 1 subscribers
[90mstdout[2m | src/components/QuestionsReview2.stories.tsx[2m > [22m[2mWith Summaries Expanded
[22m[39m[useTranslationWithCapture] t() called: {
  "key": "questionsReview.noQuestions",
  "mode": "off",
  "namespace": "components",
  "value": "No questions found for this document.",
}
[90mstdout[2m | src/components/QuestionsReview2.stories.tsx[2m > [22m[2mWith Summaries Expanded
[22m[39m[ChatContext] Create result: {
  "data": {
    "_version": 1,
    "archived": false,
    "chatFiles": [Function anonymous],
    "createdAt": "2026-04-16T10:56:26.705Z",
    "id": "mock-assistantchat-1776336986705",
    "model": "gpt-4",
    "updatedAt": "2026-04-16T10:56:26.705Z",
  },
  "errors": [],
  "hasData": true,
  "hasErrors": true,
}
[90mstdout[2m | src/components/QuestionsReview2.stories.tsx[2m > [22m[2mWith Summaries Expanded
[22m[39m[ChatContext] Created AssistantChat: mock-assistantchat-1776336986705 at: 2026-04-16T10:56:26.705Z
[90mstdout[2m | src/components/QuestionsReview2.stories.tsx[2m > [22m[2mPlayground
[22m[39m[ChatContext] AssistantChat query update: 1 items (synced)
[90mstdout[2m | src/components/QuestionsReview2.stories.tsx[2m > [22m[2mPlayground
[22m[39m[ChatContext] First item details: {
  "id": "mock-assistantchat-1776336986705",
  "updatedAt": "2026-04-16T10:56:26.705Z",
}
[90mstdout[2m | src/components/QuestionsReview2.stories.tsx[2m > [22m[2mPlayground
[22m[39m[ChatContext] AssistantChat list updated: 1 chats
[90mstdout[2m | src/components/QuestionsReview2.stories.tsx[2m > [22m[2mPlayground
[22m[39m[ChatContext] Setting initial chat: mock-assistantchat-1776336986705
[90mstdout[2m | src/components/QuestionsReview2.stories.tsx[2m > [22m[2mPlayground
[22m[39m[Mock Data] generateClient() called - returning mock client
[90mstdout[2m | src/components/QuestionsReview2.stories.tsx[2m > [22m[2mPlayground
[22m[39m[Mock amplifyClient] getAmplifyClient() called - returning mock client
[90mstdout[2m | src/components/QuestionsReview2.stories.tsx[2m > [22m[2mPlayground
[22m[39m[Mock Data] Document.get() called with id: mock-doc-1
[90mstdout[2m | src/components/QuestionsReview2.stories.tsx[2m > [22m[2mPlayground
[22m[39m[Mock Data] ParsedContent.list() called with options: {
  "filter": {
    "documentID": {
      "eq": "mock-doc-1",
    },
  },
}
[90mstdout[2m | src/components/QuestionsReview2.stories.tsx[2m > [22m[2mPlayground
[22m[39m[ChatContext] Chat exists and not archived, skipping creation
[90mstdout[2m | src/components/QuestionsReview2.stories.tsx[2m > [22m[2mPlayground
[22m[39m[useTranslationWithCapture] t() called: {
  "key": "questionsReview.noQuestions",
  "mode": "off",
  "namespace": "components",
  "value": "No questions found for this document.",
}
[90mstdout[2m | src/components/QuestionsReview2.stories.tsx[2m > [22m[2mPlayground
[22m[39m[Mock Data] Settings subscription unsubscribed. Remaining: 0
[90mstdout[2m | src/components/QuestionsReview2.stories.tsx[2m > [22m[2mPlayground
[22m[39m[ChatContext] Cleaning up subscription
[90mstdout[2m | src/components/QuestionsReview2.stories.tsx[2m > [22m[2mPlayground
[22m[39m[Mock Data] AssistantChat subscription unsubscribed. Remaining: 0
[90mstdout[2m | src/components/QuestionsReview2.stories.tsx[2m > [22m[2mPlayground
[22m[39m[Mock Data] File subscription unsubscribed. Remaining: 0
[90mstdout[2m | src/components/QuestionsReview2.stories.tsx[2m > [22m[2mPlayground
[22m[39m[Mock Data] Document subscription unsubscribed. Remaining: 0
[90mstdout[2m | src/components/QuestionsReview2.stories.tsx[2m > [22m[2mPlayground
[22m[39m[Mock Data] Word subscription unsubscribed. Remaining: 0
[90mstdout[2m | src/components/QuestionsReview2.stories.tsx[2m > [22m[2mPlayground
[22m[39m[Mock Data] Question subscription unsubscribed. Remaining: 0
[90mstdout[2m | src/components/QuestionsReview2.stories.tsx[2m > [22m[2mPlayground
[22m[39m[Mock Data] Grade subscription unsubscribed. Remaining: 0
[90mstdout[2m | src/components/QuestionsReview2.stories.tsx[2m > [22m[2mPlayground
[22m[39m[Mock Data] Unit subscription unsubscribed. Remaining: 0
[90mstdout[2m | src/components/QuestionsReview2.stories.tsx[2m > [22m[2mPlayground
[22m[39m[SectionContext] Cleaning up subscriptions
[90mstdout[2m | src/components/QuestionsReview2.stories.tsx[2m > [22m[2mPlayground
[22m[39m[Mock Data] Section.onCreate() subscription removed. Remaining: 0
[90mstdout[2m | src/components/QuestionsReview2.stories.tsx[2m > [22m[2mPlayground
[22m[39m[Mock Data] Section.onUpdate() subscription removed. Remaining: 0
[90mstdout[2m | src/components/QuestionsReview2.stories.tsx[2m > [22m[2mPlayground
[22m[39m[Mock Data] Section.onDelete() subscription removed. Remaining: 0
[90mstdout[2m | src/components/QuestionsReview2.stories.tsx[2m > [22m[2mPlayground
[22m[39m[Mock Data] Assignment.onCreate() subscription removed. Remaining: 0
[90mstdout[2m | src/components/QuestionsReview2.stories.tsx[2m > [22m[2mPlayground
[22m[39m[Mock Data] Assignment.onUpdate() subscription removed. Remaining: 0
[90mstdout[2m | src/components/QuestionsReview2.stories.tsx[2m > [22m[2mPlayground
[22m[39m[Mock Data] Assignment.onDelete() subscription removed. Remaining: 0
[90mstdout[2m | src/components/QuestionsReview2.stories.tsx[2m > [22m[2mPlayground
[22m[39m[Mock Data] ParsedContent subscription unsubscribed. Remaining: 0
[90mstdout[2m | src/components/QuestionsReview2.stories.tsx[2m > [22m[2mPlayground
[22m[39m[Mock Data] Clearing all data stores
[90mstdout[2m | src/components/QuestionsReview2.stories.tsx[2m > [22m[2mPlayground
[22m[39m[Mock Data] All data stores cleared
[90mstdout[2m | src/components/QuestionsReview2.stories.tsx[2m > [22m[2mPlayground
[22m[39m[Preview] Cleared mock data for story
[90mstdout[2m | src/components/QuestionsReview2.stories.tsx[2m > [22m[2mPlayground
[22m[39m[Preview] Skipped initializing default mock data (initializeMockData=false)
[90mstdout[2m | src/components/QuestionsReview2.stories.tsx[2m > [22m[2mPlayground
[22m[39m[Mock AuthContext] Providing auth: {
  "error": undefined,
  "isLoading": false,
  "session": {
    "idToken": {
      "toString": [Function toString],
    },
    "identityId": "us-east-1:mock-identity-123",
    "username": "mock-user-sub",
  },
  "user": {
    "attributes": {
      "email": "alice@example.com",
      "name": "Alice Student",
      "sub": "mock-user-sub",
    },
  },
}
[90mstdout[2m | src/components/QuestionsReview2.stories.tsx[2m > [22m[2mPlayground
[22m[39m[Mock Data] generateClient() called - returning mock client
[90mstdout[2m | src/components/QuestionsReview2.stories.tsx[2m > [22m[2mPlayground
[22m[39m[Mock amplifyClient] getAmplifyClient() called - returning mock client
[90mstdout[2m | src/components/QuestionsReview2.stories.tsx[2m > [22m[2mPlayground
[22m[39m[MOCK CourseVectorStore] Initialized with mock data
[90mstdout[2m | src/components/QuestionsReview2.stories.tsx[2m > [22m[2mPlayground
[22m[39m[TranslationModeController] Setting mode to: off
[90mstdout[2m | src/components/QuestionsReview2.stories.tsx[2m > [22m[2mPlayground
[22m[39m[SectionContext] useEffect triggered {
  "authLoading": false,
  "hasUser": true,
  "userSub": "mock-user-sub",
}
[90mstdout[2m | src/components/QuestionsReview2.stories.tsx[2m > [22m[2mPlayground
[22m[39m[SectionContext] Fetching sections for userId: mock-user-sub
[90mstdout[2m | src/components/QuestionsReview2.stories.tsx[2m > [22m[2mPlayground
[22m[39m[Mock Data] generateClient() called - returning mock client
[90mstdout[2m | src/components/QuestionsReview2.stories.tsx[2m > [22m[2mPlayground
[22m[39m[Mock amplifyClient] getAmplifyClient() called - returning mock client
[90mstdout[2m | src/components/QuestionsReview2.stories.tsx[2m > [22m[2mPlayground
[22m[39m[Mock Data] Section.list() called with options: undefined
[90mstdout[2m | src/components/QuestionsReview2.stories.tsx[2m > [22m[2mPlayground
[22m[39m[Mock Data] generateClient() called - returning mock client
[90mstdout[2m | src/components/QuestionsReview2.stories.tsx[2m > [22m[2mPlayground
[22m[39m[Mock amplifyClient] getAmplifyClient() called - returning mock client
[90mstdout[2m | src/components/QuestionsReview2.stories.tsx[2m > [22m[2mPlayground
[22m[39m[Mock Data] Assignment.list() called with options: {
  "filter": {
    "unitID": {
      "eq": "mock-unit-1",
    },
  },
}
[90mstdout[2m | src/components/QuestionsReview2.stories.tsx[2m > [22m[2mPlayground
[22m[39m[Mock Data] generateClient() called - returning mock client
[90mstdout[2m | src/components/QuestionsReview2.stories.tsx[2m > [22m[2mPlayground
[22m[39m[Mock amplifyClient] getAmplifyClient() called - returning mock client
[90mstdout[2m | src/components/QuestionsReview2.stories.tsx[2m > [22m[2mPlayground
[22m[39m[Mock Data] Grade.observeQuery() called with filter: {
  "filter": {
    "unitID": {
      "eq": "mock-unit-1",
    },
  },
}
[90mstdout[2m | src/components/QuestionsReview2.stories.tsx[2m > [22m[2mPlayground
[22m[39m[Mock Data] Grade.observeQuery() applying filter: {
  "unitID": {
    "eq": "mock-unit-1",
  },
}
[90mstdout[2m | src/components/QuestionsReview2.stories.tsx[2m > [22m[2mPlayground
[22m[39m[Mock Data] Grade.observeQuery() items before filter: 0
[90mstdout[2m | src/components/QuestionsReview2.stories.tsx[2m > [22m[2mPlayground
[22m[39m[Mock Data] Grade.observeQuery() items after filter: 0
[90mstdout[2m | src/components/QuestionsReview2.stories.tsx[2m > [22m[2mPlayground
[22m[39m[Mock Data] Grade.observeQuery() returning 0 items (filter applied) {
  "filter": {
    "unitID": {
      "eq": "mock-unit-1",
    },
  },
}
[90mstdout[2m | src/components/QuestionsReview2.stories.tsx[2m > [22m[2mPlayground
[22m[39m[Mock Data] Grade subscription added. Total subscriptions: 1
[90mstdout[2m | src/components/QuestionsReview2.stories.tsx[2m > [22m[2mPlayground
[22m[39m[UnitContext] useEffect triggered {
  "authLoading": false,
  "hasUser": true,
  "id": "mock-unit-1",
  "userSub": "mock-user-sub",
}
[90mstdout[2m | src/components/QuestionsReview2.stories.tsx[2m > [22m[2mPlayground
[22m[39m[UnitContext] Fetching unit data for id: mock-unit-1
[90mstdout[2m | src/components/QuestionsReview2.stories.tsx[2m > [22m[2mPlayground
[22m[39m[Mock Data] generateClient() called - returning mock client
[90mstdout[2m | src/components/QuestionsReview2.stories.tsx[2m > [22m[2mPlayground
[22m[39m[Mock amplifyClient] getAmplifyClient() called - returning mock client
[90mstdout[2m | src/components/QuestionsReview2.stories.tsx[2m > [22m[2mPlayground
[22m[39m[Mock Data] Unit.observeQuery() called with filter: {
  "filter": {
    "id": {
      "eq": "mock-unit-1",
    },
  },
}
[90mstdout[2m | src/components/QuestionsReview2.stories.tsx[2m > [22m[2mPlayground
[22m[39m[Mock Data] Unit.observeQuery() applying filter: {
  "id": {
    "eq": "mock-unit-1",
  },
}
[90mstdout[2m | src/components/QuestionsReview2.stories.tsx[2m > [22m[2mPlayground
[22m[39m[Mock Data] Unit.observeQuery() items before filter: 0
[90mstdout[2m | src/components/QuestionsReview2.stories.tsx[2m > [22m[2mPlayground
[22m[39m[Mock Data] Unit.observeQuery() items after filter: 0
[90mstdout[2m | src/components/QuestionsReview2.stories.tsx[2m > [22m[2mPlayground
[22m[39m[Mock Data] Unit.observeQuery() returning 0 items (filter applied) {
  "filter": {
    "id": {
      "eq": "mock-unit-1",
    },
  },
}
[90mstdout[2m | src/components/QuestionsReview2.stories.tsx[2m > [22m[2mPlayground
[22m[39m[Mock Data] Unit subscription added. Total subscriptions: 1
[90mstdout[2m | src/components/QuestionsReview2.stories.tsx[2m > [22m[2mPlayground
[22m[39m[Mock Data] generateClient() called - returning mock client
[90mstdout[2m | src/components/QuestionsReview2.stories.tsx[2m > [22m[2mPlayground
[22m[39m[Mock amplifyClient] getAmplifyClient() called - returning mock client
[90mstdout[2m | src/components/QuestionsReview2.stories.tsx[2m > [22m[2mPlayground
[22m[39m[Mock Data] Word.observeQuery() called with filter: undefined
[90mstdout[2m | src/components/QuestionsReview2.stories.tsx[2m > [22m[2mPlayground
[22m[39m[Mock Data] Word.observeQuery() returning 0 items (filter applied) undefined
[90mstdout[2m | src/components/QuestionsReview2.stories.tsx[2m > [22m[2mPlayground
[22m[39m[Mock Data] Word subscription added. Total subscriptions: 1
[90mstdout[2m | src/components/QuestionsReview2.stories.tsx[2m > [22m[2mPlayground
[22m[39m[Mock Data] generateClient() called - returning mock client
[90mstdout[2m | src/components/QuestionsReview2.stories.tsx[2m > [22m[2mPlayground
[22m[39m[Mock amplifyClient] getAmplifyClient() called - returning mock client
[90mstdout[2m | src/components/QuestionsReview2.stories.tsx[2m > [22m[2mPlayground
[22m[39m[Mock Data] Question.observeQuery() called with filter: undefined
[90mstdout[2m | src/components/QuestionsReview2.stories.tsx[2m > [22m[2mPlayground
[22m[39m[Mock Data] Question.observeQuery() returning 0 items (filter applied) undefined
[90mstdout[2m | src/components/QuestionsReview2.stories.tsx[2m > [22m[2mPlayground
[22m[39m[Mock Data] Question subscription added. Total subscriptions: 1
[90mstdout[2m | src/components/QuestionsReview2.stories.tsx[2m > [22m[2mPlayground
[22m[39m[FilesContext] Initializing vector store from IndexedDB
[90mstdout[2m | src/components/QuestionsReview2.stories.tsx[2m > [22m[2mPlayground
[22m[39m[FilesContext] fetchFiles called
[90mstdout[2m | src/components/QuestionsReview2.stories.tsx[2m > [22m[2mPlayground
[22m[39m[FilesContext] User authenticated: mock-user-sub
[90mstdout[2m | src/components/QuestionsReview2.stories.tsx[2m > [22m[2mPlayground
[22m[39m[FilesContext] Identity ID: us-east-1:mock-identity-123
[90mstdout[2m | src/components/QuestionsReview2.stories.tsx[2m > [22m[2mPlayground
[22m[39m[FilesContext] About to subscribe to File model
[90mstdout[2m | src/components/QuestionsReview2.stories.tsx[2m > [22m[2mPlayground
[22m[39m[Mock Data] generateClient() called - returning mock client
[90mstdout[2m | src/components/QuestionsReview2.stories.tsx[2m > [22m[2mPlayground
[22m[39m[Mock amplifyClient] getAmplifyClient() called - returning mock client
[90mstdout[2m | src/components/QuestionsReview2.stories.tsx[2m > [22m[2mPlayground
[22m[39m[Mock Data] File.observeQuery() called with filter: undefined
[90mstdout[2m | src/components/QuestionsReview2.stories.tsx[2m > [22m[2mPlayground
[22m[39m[Mock Data] File.observeQuery() returning 0 items (filter applied) undefined
[90mstdout[2m | src/components/QuestionsReview2.stories.tsx[2m > [22m[2mPlayground
[22m[39m[Mock Data] File subscription added. Total subscriptions: 1
[90mstdout[2m | src/components/QuestionsReview2.stories.tsx[2m > [22m[2mPlayground
[22m[39m[Mock Data] generateClient() called - returning mock client
[90mstdout[2m | src/components/QuestionsReview2.stories.tsx[2m > [22m[2mPlayground
[22m[39m[Mock amplifyClient] getAmplifyClient() called - returning mock client
[90mstdout[2m | src/components/QuestionsReview2.stories.tsx[2m > [22m[2mPlayground
[22m[39m[Mock Data] Document.observeQuery() called with filter: undefined
[90mstdout[2m | src/components/QuestionsReview2.stories.tsx[2m > [22m[2mPlayground
[22m[39m[Mock Data] Document.observeQuery() returning 0 items (filter applied) undefined
[90mstdout[2m | src/components/QuestionsReview2.stories.tsx[2m > [22m[2mPlayground
[22m[39m[Mock Data] Document subscription added. Total subscriptions: 1
[90mstdout[2m | src/components/QuestionsReview2.stories.tsx[2m > [22m[2mPlayground
[22m[39m[ChatContext] Setting up observeQuery for AssistantChat
[90mstdout[2m | src/components/QuestionsReview2.stories.tsx[2m > [22m[2mPlayground
[22m[39m[Mock Data] AssistantChat.observeQuery() called with filter: {
  "sortDirection": "DESC",
  "sortField": "createdAt",
}
[90mstdout[2m | src/components/QuestionsReview2.stories.tsx[2m > [22m[2mPlayground
[22m[39m[Mock Data] AssistantChat.observeQuery() returning 0 items (filter applied) {
  "sortDirection": "DESC",
  "sortField": "createdAt",
}
[90mstdout[2m | src/components/QuestionsReview2.stories.tsx[2m > [22m[2mPlayground
[22m[39m[Mock Data] AssistantChat subscription added. Total subscriptions: 1
[90mstdout[2m | src/components/QuestionsReview2.stories.tsx[2m > [22m[2mPlayground
[22m[39m[ChatContext] Waiting for subscription to initialize
[90mstdout[2m | src/components/QuestionsReview2.stories.tsx[2m > [22m[2mPlayground
[22m[39m[SettingsContext] Setting up Settings subscription for user: mock-user-sub
[90mstdout[2m | src/components/QuestionsReview2.stories.tsx[2m > [22m[2mPlayground
[22m[39m[Mock Data] generateClient() called - returning mock client
[90mstdout[2m | src/components/QuestionsReview2.stories.tsx[2m > [22m[2mPlayground
[22m[39m[Mock amplifyClient] getAmplifyClient() called - returning mock client
[90mstdout[2m | src/components/QuestionsReview2.stories.tsx[2m > [22m[2mPlayground
[22m[39m[Mock Data] Settings.observeQuery() called with filter: undefined
[90mstdout[2m | src/components/QuestionsReview2.stories.tsx[2m > [22m[2mPlayground
[22m[39m[Mock Data] Settings.observeQuery() returning 0 items (filter applied) undefined
[90mstdout[2m | src/components/QuestionsReview2.stories.tsx[2m > [22m[2mPlayground
[22m[39m[Mock Data] Settings subscription added. Total subscriptions: 1
[90mstdout[2m | src/components/QuestionsReview2.stories.tsx[2m > [22m[2mPlayground
[22m[39m[SectionContext] Initial sections: 0 []
[90mstdout[2m | src/components/QuestionsReview2.stories.tsx[2m > [22m[2mPlayground
[22m[39m[Mock Data] Section.onCreate() called with filter: undefined
[90mstdout[2m | src/components/QuestionsReview2.stories.tsx[2m > [22m[2mPlayground
[22m[39m[Mock Data] Section.onCreate() subscription added. Total: 1
[90mstdout[2m | src/components/QuestionsReview2.stories.tsx[2m > [22m[2mPlayground
[22m[39m[Mock Data] Section.onUpdate() called with filter: undefined
[90mstdout[2m | src/components/QuestionsReview2.stories.tsx[2m > [22m[2mPlayground
[22m[39m[Mock Data] Section.onUpdate() subscription added. Total: 1
[90mstdout[2m | src/components/QuestionsReview2.stories.tsx[2m > [22m[2mPlayground
[22m[39m[Mock Data] Section.onDelete() called with filter: undefined
[90mstdout[2m | src/components/QuestionsReview2.stories.tsx[2m > [22m[2mPlayground
[22m[39m[Mock Data] Section.onDelete() subscription added. Total: 1
[90mstdout[2m | src/components/QuestionsReview2.stories.tsx[2m > [22m[2mPlayground
[22m[39m[Mock Data] Assignment.onCreate() called with filter: {
  "filter": {
    "unitID": {
      "eq": "mock-unit-1",
    },
  },
}
[90mstdout[2m | src/components/QuestionsReview2.stories.tsx[2m > [22m[2mPlayground
[22m[39m[Mock Data] Assignment.onCreate() subscription added. Total: 1
[90mstdout[2m | src/components/QuestionsReview2.stories.tsx[2m > [22m[2mPlayground
[22m[39m[Mock Data] Assignment.onUpdate() called with filter: {
  "filter": {
    "unitID": {
      "eq": "mock-unit-1",
    },
  },
}
[90mstdout[2m | src/components/QuestionsReview2.stories.tsx[2m > [22m[2mPlayground
[22m[39m[Mock Data] Assignment.onUpdate() subscription added. Total: 1
[90mstdout[2m | src/components/QuestionsReview2.stories.tsx[2m > [22m[2mPlayground
[22m[39m[Mock Data] Assignment.onDelete() called with filter: {
  "filter": {
    "unitID": {
      "eq": "mock-unit-1",
    },
  },
}
[90mstdout[2m | src/components/QuestionsReview2.stories.tsx[2m > [22m[2mPlayground
[22m[39m[Mock Data] Assignment.onDelete() subscription added. Total: 1
[90mstdout[2m | src/components/QuestionsReview2.stories.tsx[2m > [22m[2mPlayground
[22m[39m[FilesContext] File observeQuery subscription triggered:
[90mstdout[2m | src/components/QuestionsReview2.stories.tsx[2m > [22m[2mPlayground
[22m[39m  - items.length: 0
[90mstdout[2m | src/components/QuestionsReview2.stories.tsx[2m > [22m[2mPlayground
[22m[39m  - isSynced: true
[90mstdout[2m | src/components/QuestionsReview2.stories.tsx[2m > [22m[2mPlayground
[22m[39m  - items: []
[90mstdout[2m | src/components/QuestionsReview2.stories.tsx[2m > [22m[2mPlayground
[22m[39m[ChatContext] AssistantChat query update: 0 items (synced)
[90mstdout[2m | src/components/QuestionsReview2.stories.tsx[2m > [22m[2mPlayground
[22m[39m[ChatContext] AssistantChat subscription initialized
[90mstdout[2m | src/components/QuestionsReview2.stories.tsx[2m > [22m[2mPlayground
[22m[39m[ChatContext] AssistantChat list updated: 0 chats
[90mstdout[2m | src/components/QuestionsReview2.stories.tsx[2m > [22m[2mPlayground
[22m[39m[ChatContext] No chats found, clearing current chat - new one will be created
[90mstdout[2m | src/components/QuestionsReview2.stories.tsx[2m > [22m[2mPlayground
[22m[39m[useTranslationWithCapture] t() called: {
  "key": "questionsReview.loading",
  "mode": "off",
  "namespace": "components",
  "value": "Loading questions...",
}
[90mstdout[2m | src/components/QuestionsReview2.stories.tsx[2m > [22m[2mPlayground
[22m[39m[Mock Data] Settings.create() called with: {
  "assistantVoice": "shimmer",
  "autoAnalyzeDocuments": true,
  "defaultAIModel": "gpt-4",
  "documentAnalysisModel": "gpt-4",
  "editorFontSize": 14,
  "editorTheme": "auto",
  "emailNotifications": true,
  "language": "en",
  "webhookNotifications": false,
}
[90mstdout[2m | src/components/QuestionsReview2.stories.tsx[2m > [22m[2mPlayground
[22m[39m[Mock Data] Settings created: mock-settings-1776336986799 - notified 1 subscribers
[90mstdout[2m | src/components/QuestionsReview2.stories.tsx[2m > [22m[2mPlayground
[22m[39m[Mock Data] generateClient() called - returning mock client
[90mstdout[2m | src/components/QuestionsReview2.stories.tsx[2m > [22m[2mPlayground
[22m[39m[Mock amplifyClient] getAmplifyClient() called - returning mock client
[90mstdout[2m | src/components/QuestionsReview2.stories.tsx[2m > [22m[2mPlayground
[22m[39m[Mock Data] Document.get() called with id: mock-doc-1
[90mstdout[2m | src/components/QuestionsReview2.stories.tsx[2m > [22m[2mPlayground
[22m[39m[Mock Data] generateClient() called - returning mock client
[90mstdout[2m | src/components/QuestionsReview2.stories.tsx[2m > [22m[2mPlayground
[22m[39m[Mock amplifyClient] getAmplifyClient() called - returning mock client
[90mstdout[2m | src/components/QuestionsReview2.stories.tsx[2m > [22m[2mPlayground
[22m[39m[Mock Data] ParsedContent.observeQuery() called with filter: undefined
[90mstdout[2m | src/components/QuestionsReview2.stories.tsx[2m > [22m[2mPlayground
[22m[39m[Mock Data] ParsedContent.observeQuery() returning 0 items (filter applied) undefined
[90mstdout[2m | src/components/QuestionsReview2.stories.tsx[2m > [22m[2mPlayground
[22m[39m[Mock Data] ParsedContent subscription added. Total subscriptions: 1
[90mstdout[2m | src/components/QuestionsReview2.stories.tsx[2m > [22m[2mPlayground
[22m[39m[ChatContext] No current chat available, will create one
[90mstdout[2m | src/components/QuestionsReview2.stories.tsx[2m > [22m[2mPlayground
[22m[39m[ChatContext] Creating AssistantChat with user: undefined
[90mstdout[2m | src/components/QuestionsReview2.stories.tsx[2m > [22m[2mPlayground
[22m[39m[Mock Data] AssistantChat.create() called with: {
  "archived": false,
  "model": "gpt-4",
}
[90mstdout[2m | src/components/QuestionsReview2.stories.tsx[2m > [22m[2mPlayground
[22m[39m[Mock Data] AssistantChat created: mock-assistantchat-1776336986849 - notified 1 subscribers
[90mstdout[2m | src/components/QuestionsReview2.stories.tsx[2m > [22m[2mPlayground
[22m[39m[Mock Data] ParsedContent.list() called with options: {
  "filter": {
    "documentID": {
      "eq": "mock-doc-1",
    },
  },
}
[90mstdout[2m | src/components/QuestionsReview2.stories.tsx[2m > [22m[2mPlayground
[22m[39m[ChatContext] Create result: {
  "data": {
    "_version": 1,
    "archived": false,
    "chatFiles": [Function anonymous],
    "createdAt": "2026-04-16T10:56:26.849Z",
    "id": "mock-assistantchat-1776336986849",
    "model": "gpt-4",
    "updatedAt": "2026-04-16T10:56:26.849Z",
  },
  "errors": [],
  "hasData": true,
  "hasErrors": true,
}
[90mstdout[2m | src/components/QuestionsReview2.stories.tsx[2m > [22m[2mPlayground
[22m[39m[ChatContext] Created AssistantChat: mock-assistantchat-1776336986849 at: 2026-04-16T10:56:26.849Z
[90mstdout[2m | src/components/QuestionsReview2.stories.tsx[2m > [22m[2mPlayground
[22m[39m[ChatContext] AssistantChat query update: 1 items (synced)
[90mstdout[2m | src/components/QuestionsReview2.stories.tsx[2m > [22m[2mPlayground
[22m[39m[ChatContext] First item details: {
  "id": "mock-assistantchat-1776336986849",
  "updatedAt": "2026-04-16T10:56:26.849Z",
}
[90mstdout[2m | src/components/QuestionsReview2.stories.tsx[2m > [22m[2mPlayground
[22m[39m[ChatContext] AssistantChat list updated: 1 chats
[90mstdout[2m | src/components/QuestionsReview2.stories.tsx[2m > [22m[2mPlayground
[22m[39m[ChatContext] Setting initial chat: mock-assistantchat-1776336986849
[90mstdout[2m | src/components/QuestionsReview2.stories.tsx[2m > [22m[2mPlayground
[22m[39m[useTranslationWithCapture] t() called: {
  "key": "questionsReview.noQuestions",
  "mode": "off",
  "namespace": "components",
  "value": "No questions found for this document.",
}
[90mstdout[2m | src/components/QuestionsReview2.stories.tsx[2m > [22m[2mBadge Showcase
[22m[39m[ChatContext] Chat exists and not archived, skipping creation
[90mstdout[2m | src/components/QuestionsReview2.stories.tsx[2m > [22m[2mBadge Showcase
[22m[39m[Mock Data] generateClient() called - returning mock client
[90mstdout[2m | src/components/QuestionsReview2.stories.tsx[2m > [22m[2mBadge Showcase
[22m[39m[Mock amplifyClient] getAmplifyClient() called - returning mock client
[90mstdout[2m | src/components/QuestionsReview2.stories.tsx[2m > [22m[2mBadge Showcase
[22m[39m[Mock Data] Document.get() called with id: mock-doc-1
[90mstdout[2m | src/components/QuestionsReview2.stories.tsx[2m > [22m[2mBadge Showcase
[22m[39m[Mock Data] ParsedContent.list() called with options: {
  "filter": {
    "documentID": {
      "eq": "mock-doc-1",
    },
  },
}
[90mstdout[2m | src/components/QuestionsReview2.stories.tsx[2m > [22m[2mBadge Showcase
[22m[39m[useTranslationWithCapture] t() called: {
  "key": "questionsReview.noQuestions",
  "mode": "off",
  "namespace": "components",
  "value": "No questions found for this document.",
}
[90mstdout[2m | src/components/QuestionsReview2.stories.tsx[2m > [22m[2mBadge Showcase
[22m[39m[useTranslationWithCapture] t() called: {
  "key": "questionsReview.noQuestions",
  "mode": "off",
  "namespace": "components",
  "value": "No questions found for this document.",
}
[90mstdout[2m | src/components/QuestionsReview2.stories.tsx[2m > [22m[2mBadge Showcase
[22m[39m[Mock Data] Settings subscription unsubscribed. Remaining: 0
[90mstdout[2m | src/components/QuestionsReview2.stories.tsx[2m > [22m[2mBadge Showcase
[22m[39m[ChatContext] Cleaning up subscription
[90mstdout[2m | src/components/QuestionsReview2.stories.tsx[2m > [22m[2mBadge Showcase
[22m[39m[Mock Data] AssistantChat subscription unsubscribed. Remaining: 0
[90mstdout[2m | src/components/QuestionsReview2.stories.tsx[2m > [22m[2mBadge Showcase
[22m[39m[Mock Data] File subscription unsubscribed. Remaining: 0
[90mstdout[2m | src/components/QuestionsReview2.stories.tsx[2m > [22m[2mBadge Showcase
[22m[39m[Mock Data] Document subscription unsubscribed. Remaining: 0
[90mstdout[2m | src/components/QuestionsReview2.stories.tsx[2m > [22m[2mBadge Showcase
[22m[39m[Mock Data] Word subscription unsubscribed. Remaining: 0
[90mstdout[2m | src/components/QuestionsReview2.stories.tsx[2m > [22m[2mBadge Showcase
[22m[39m[Mock Data] Question subscription unsubscribed. Remaining: 0
[90mstdout[2m | src/components/QuestionsReview2.stories.tsx[2m > [22m[2mBadge Showcase
[22m[39m[Mock Data] Grade subscription unsubscribed. Remaining: 0
[90mstdout[2m | src/components/QuestionsReview2.stories.tsx[2m > [22m[2mBadge Showcase
[22m[39m[Mock Data] Unit subscription unsubscribed. Remaining: 0
[90mstdout[2m | src/components/QuestionsReview2.stories.tsx[2m > [22m[2mBadge Showcase
[22m[39m[SectionContext] Cleaning up subscriptions
[90mstdout[2m | src/components/QuestionsReview2.stories.tsx[2m > [22m[2mBadge Showcase
[22m[39m[Mock Data] Section.onCreate() subscription removed. Remaining: 0
[90mstdout[2m | src/components/QuestionsReview2.stories.tsx[2m > [22m[2mBadge Showcase
[22m[39m[Mock Data] Section.onUpdate() subscription removed. Remaining: 0
[90mstdout[2m | src/components/QuestionsReview2.stories.tsx[2m > [22m[2mBadge Showcase
[22m[39m[Mock Data] Section.onDelete() subscription removed. Remaining: 0
[90mstdout[2m | src/components/QuestionsReview2.stories.tsx[2m > [22m[2mBadge Showcase
[22m[39m[Mock Data] Assignment.onCreate() subscription removed. Remaining: 0
[90mstdout[2m | src/components/QuestionsReview2.stories.tsx[2m > [22m[2mBadge Showcase
[22m[39m[Mock Data] Assignment.onUpdate() subscription removed. Remaining: 0
[90mstdout[2m | src/components/QuestionsReview2.stories.tsx[2m > [22m[2mBadge Showcase
[22m[39m[Mock Data] Assignment.onDelete() subscription removed. Remaining: 0
[90mstdout[2m | src/components/QuestionsReview2.stories.tsx[2m > [22m[2mBadge Showcase
[22m[39m[Mock Data] ParsedContent subscription unsubscribed. Remaining: 0
[90mstdout[2m | src/components/QuestionsReview2.stories.tsx[2m > [22m[2mBadge Showcase
[22m[39m[Mock Data] Clearing all data stores
[90mstdout[2m | src/components/QuestionsReview2.stories.tsx[2m > [22m[2mBadge Showcase
[22m[39m[Mock Data] All data stores cleared
[90mstdout[2m | src/components/QuestionsReview2.stories.tsx[2m > [22m[2mBadge Showcase
[22m[39m[Preview] Cleared mock data for story
[90mstdout[2m | src/components/QuestionsReview2.stories.tsx[2m > [22m[2mBadge Showcase
[22m[39m[Preview] Skipped initializing default mock data (initializeMockData=false)
[90mstdout[2m | src/components/QuestionsReview2.stories.tsx[2m > [22m[2mBadge Showcase
[22m[39m[Mock AuthContext] Providing auth: {
  "error": undefined,
  "isLoading": false,
  "session": {
    "idToken": {
      "toString": [Function toString],
    },
    "identityId": "us-east-1:mock-identity-123",
    "username": "mock-user-sub",
  },
  "user": {
    "attributes": {
      "email": "alice@example.com",
      "name": "Alice Student",
      "sub": "mock-user-sub",
    },
  },
}
[90mstdout[2m | src/components/QuestionsReview2.stories.tsx[2m > [22m[2mBadge Showcase
[22m[39m[Mock Data] generateClient() called - returning mock client
[90mstdout[2m | src/components/QuestionsReview2.stories.tsx[2m > [22m[2mBadge Showcase
[22m[39m[Mock amplifyClient] getAmplifyClient() called - returning mock client
[90mstdout[2m | src/components/QuestionsReview2.stories.tsx[2m > [22m[2mBadge Showcase
[22m[39m[MOCK CourseVectorStore] Initialized with mock data
[90mstdout[2m | src/components/QuestionsReview2.stories.tsx[2m > [22m[2mBadge Showcase
[22m[39m[TranslationModeController] Setting mode to: off
[90mstdout[2m | src/components/QuestionsReview2.stories.tsx[2m > [22m[2mBadge Showcase
[22m[39m[SectionContext] useEffect triggered {
  "authLoading": false,
  "hasUser": true,
  "userSub": "mock-user-sub",
}
[90mstdout[2m | src/components/QuestionsReview2.stories.tsx[2m > [22m[2mBadge Showcase
[22m[39m[SectionContext] Fetching sections for userId: mock-user-sub
[90mstdout[2m | src/components/QuestionsReview2.stories.tsx[2m > [22m[2mBadge Showcase
[22m[39m[Mock Data] generateClient() called - returning mock client
[90mstdout[2m | src/components/QuestionsReview2.stories.tsx[2m > [22m[2mBadge Showcase
[22m[39m[Mock amplifyClient] getAmplifyClient() called - returning mock client
[90mstdout[2m | src/components/QuestionsReview2.stories.tsx[2m > [22m[2mBadge Showcase
[22m[39m[Mock Data] Section.list() called with options: undefined
[90mstdout[2m | src/components/QuestionsReview2.stories.tsx[2m > [22m[2mBadge Showcase
[22m[39m[Mock Data] generateClient() called - returning mock client
[90mstdout[2m | src/components/QuestionsReview2.stories.tsx[2m > [22m[2mBadge Showcase
[22m[39m[Mock amplifyClient] getAmplifyClient() called - returning mock client
[90mstdout[2m | src/components/QuestionsReview2.stories.tsx[2m > [22m[2mBadge Showcase
[22m[39m[Mock Data] Assignment.list() called with options: {
  "filter": {
    "unitID": {
      "eq": "mock-unit-id",
    },
  },
}
[90mstdout[2m | src/components/QuestionsReview2.stories.tsx[2m > [22m[2mBadge Showcase
[22m[39m[Mock Data] generateClient() called - returning mock client
[90mstdout[2m | src/components/QuestionsReview2.stories.tsx[2m > [22m[2mBadge Showcase
[22m[39m[Mock amplifyClient] getAmplifyClient() called - returning mock client
[90mstdout[2m | src/components/QuestionsReview2.stories.tsx[2m > [22m[2mBadge Showcase
[22m[39m[Mock Data] Grade.observeQuery() called with filter: {
  "filter": {
    "unitID": {
      "eq": "mock-unit-id",
    },
  },
}
[90mstdout[2m | src/components/QuestionsReview2.stories.tsx[2m > [22m[2mBadge Showcase
[22m[39m[Mock Data] Grade.observeQuery() applying filter: {
  "unitID": {
    "eq": "mock-unit-id",
  },
}
[90mstdout[2m | src/components/QuestionsReview2.stories.tsx[2m > [22m[2mBadge Showcase
[22m[39m[Mock Data] Grade.observeQuery() items before filter: 0
[90mstdout[2m | src/components/QuestionsReview2.stories.tsx[2m > [22m[2mBadge Showcase
[22m[39m[Mock Data] Grade.observeQuery() items after filter: 0
[90mstdout[2m | src/components/QuestionsReview2.stories.tsx[2m > [22m[2mBadge Showcase
[22m[39m[Mock Data] Grade.observeQuery() returning 0 items (filter applied) {
  "filter": {
    "unitID": {
      "eq": "mock-unit-id",
    },
  },
}
[90mstdout[2m | src/components/QuestionsReview2.stories.tsx[2m > [22m[2mBadge Showcase
[22m[39m[Mock Data] Grade subscription added. Total subscriptions: 1
[90mstdout[2m | src/components/QuestionsReview2.stories.tsx[2m > [22m[2mBadge Showcase
[22m[39m[UnitContext] useEffect triggered {
  "authLoading": false,
  "hasUser": true,
  "id": "mock-unit-id",
  "userSub": "mock-user-sub",
}
[90mstdout[2m | src/components/QuestionsReview2.stories.tsx[2m > [22m[2mBadge Showcase
[22m[39m[UnitContext] Fetching unit data for id: mock-unit-id
[90mstdout[2m | src/components/QuestionsReview2.stories.tsx[2m > [22m[2mBadge Showcase
[22m[39m[Mock Data] generateClient() called - returning mock client
[90mstdout[2m | src/components/QuestionsReview2.stories.tsx[2m > [22m[2mBadge Showcase
[22m[39m[Mock amplifyClient] getAmplifyClient() called - returning mock client
[90mstdout[2m | src/components/QuestionsReview2.stories.tsx[2m > [22m[2mBadge Showcase
[22m[39m[Mock Data] Unit.observeQuery() called with filter: {
  "filter": {
    "id": {
      "eq": "mock-unit-id",
    },
  },
}
[90mstdout[2m | src/components/QuestionsReview2.stories.tsx[2m > [22m[2mBadge Showcase
[22m[39m[Mock Data] Unit.observeQuery() applying filter: {
  "id": {
    "eq": "mock-unit-id",
  },
}
[90mstdout[2m | src/components/QuestionsReview2.stories.tsx[2m > [22m[2mBadge Showcase
[22m[39m[Mock Data] Unit.observeQuery() items before filter: 0
[90mstdout[2m | src/components/QuestionsReview2.stories.tsx[2m > [22m[2mBadge Showcase
[22m[39m[Mock Data] Unit.observeQuery() items after filter: 0
[90mstdout[2m | src/components/QuestionsReview2.stories.tsx[2m > [22m[2mBadge Showcase
[22m[39m[Mock Data] Unit.observeQuery() returning 0 items (filter applied) {
  "filter": {
    "id": {
      "eq": "mock-unit-id",
    },
  },
}
[90mstdout[2m | src/components/QuestionsReview2.stories.tsx[2m > [22m[2mBadge Showcase
[22m[39m[Mock Data] Unit subscription added. Total subscriptions: 1
[90mstdout[2m | src/components/QuestionsReview2.stories.tsx[2m > [22m[2mBadge Showcase
[22m[39m[Mock Data] generateClient() called - returning mock client
[90mstdout[2m | src/components/QuestionsReview2.stories.tsx[2m > [22m[2mBadge Showcase
[22m[39m[Mock amplifyClient] getAmplifyClient() called - returning mock client
[90mstdout[2m | src/components/QuestionsReview2.stories.tsx[2m > [22m[2mBadge Showcase
[22m[39m[Mock Data] Word.observeQuery() called with filter: undefined
[90mstdout[2m | src/components/QuestionsReview2.stories.tsx[2m > [22m[2mBadge Showcase
[22m[39m[Mock Data] Word.observeQuery() returning 0 items (filter applied) undefined
[90mstdout[2m | src/components/QuestionsReview2.stories.tsx[2m > [22m[2mBadge Showcase
[22m[39m[Mock Data] Word subscription added. Total subscriptions: 1
[90mstdout[2m | src/components/QuestionsReview2.stories.tsx[2m > [22m[2mBadge Showcase
[22m[39m[Mock Data] generateClient() called - returning mock client
[90mstdout[2m | src/components/QuestionsReview2.stories.tsx[2m > [22m[2mBadge Showcase
[22m[39m[Mock amplifyClient] getAmplifyClient() called - returning mock client
[90mstdout[2m | src/components/QuestionsReview2.stories.tsx[2m > [22m[2mBadge Showcase
[22m[39m[Mock Data] Question.observeQuery() called with filter: undefined
[90mstdout[2m | src/components/QuestionsReview2.stories.tsx[2m > [22m[2mBadge Showcase
[22m[39m[Mock Data] Question.observeQuery() returning 0 items (filter applied) undefined
[90mstdout[2m | src/components/QuestionsReview2.stories.tsx[2m > [22m[2mBadge Showcase
[22m[39m[Mock Data] Question subscription added. Total subscriptions: 1
[90mstdout[2m | src/components/QuestionsReview2.stories.tsx[2m > [22m[2mBadge Showcase
[22m[39m[FilesContext] Initializing vector store from IndexedDB
[90mstdout[2m | src/components/QuestionsReview2.stories.tsx[2m > [22m[2mBadge Showcase
[22m[39m[FilesContext] fetchFiles called
[90mstdout[2m | src/components/QuestionsReview2.stories.tsx[2m > [22m[2mBadge Showcase
[22m[39m[FilesContext] User authenticated: mock-user-sub
[90mstdout[2m | src/components/QuestionsReview2.stories.tsx[2m > [22m[2mBadge Showcase
[22m[39m[FilesContext] Identity ID: us-east-1:mock-identity-123
[90mstdout[2m | src/components/QuestionsReview2.stories.tsx[2m > [22m[2mBadge Showcase
[22m[39m[FilesContext] About to subscribe to File model
[90mstdout[2m | src/components/QuestionsReview2.stories.tsx[2m > [22m[2mBadge Showcase
[22m[39m[Mock Data] generateClient() called - returning mock client
[90mstdout[2m | src/components/QuestionsReview2.stories.tsx[2m > [22m[2mBadge Showcase
[22m[39m[Mock amplifyClient] getAmplifyClient() called - returning mock client
[90mstdout[2m | src/components/QuestionsReview2.stories.tsx[2m > [22m[2mBadge Showcase
[22m[39m[Mock Data] File.observeQuery() called with filter: undefined
[90mstdout[2m | src/components/QuestionsReview2.stories.tsx[2m > [22m[2mBadge Showcase
[22m[39m[Mock Data] File.observeQuery() returning 0 items (filter applied) undefined
[90mstdout[2m | src/components/QuestionsReview2.stories.tsx[2m > [22m[2mBadge Showcase
[22m[39m[Mock Data] File subscription added. Total subscriptions: 1
[90mstdout[2m | src/components/QuestionsReview2.stories.tsx[2m > [22m[2mBadge Showcase
[22m[39m[Mock Data] generateClient() called - returning mock client
[90mstdout[2m | src/components/QuestionsReview2.stories.tsx[2m > [22m[2mBadge Showcase
[22m[39m[Mock amplifyClient] getAmplifyClient() called - returning mock client
[90mstdout[2m | src/components/QuestionsReview2.stories.tsx[2m > [22m[2mBadge Showcase
[22m[39m[Mock Data] Document.observeQuery() called with filter: undefined
[90mstdout[2m | src/components/QuestionsReview2.stories.tsx[2m > [22m[2mBadge Showcase
[22m[39m[Mock Data] Document.observeQuery() returning 0 items (filter applied) undefined
[90mstdout[2m | src/components/QuestionsReview2.stories.tsx[2m > [22m[2mBadge Showcase
[22m[39m[Mock Data] Document subscription added. Total subscriptions: 1
[90mstdout[2m | src/components/QuestionsReview2.stories.tsx[2m > [22m[2mBadge Showcase
[22m[39m[ChatContext] Setting up observeQuery for AssistantChat
[90mstdout[2m | src/components/QuestionsReview2.stories.tsx[2m > [22m[2mBadge Showcase
[22m[39m[Mock Data] AssistantChat.observeQuery() called with filter: {
  "sortDirection": "DESC",
  "sortField": "createdAt",
}
[90mstdout[2m | src/components/QuestionsReview2.stories.tsx[2m > [22m[2mBadge Showcase
[22m[39m[Mock Data] AssistantChat.observeQuery() returning 0 items (filter applied) {
  "sortDirection": "DESC",
  "sortField": "createdAt",
}
[90mstdout[2m | src/components/QuestionsReview2.stories.tsx[2m > [22m[2mBadge Showcase
[22m[39m[Mock Data] AssistantChat subscription added. Total subscriptions: 1
[90mstdout[2m | src/components/QuestionsReview2.stories.tsx[2m > [22m[2mBadge Showcase
[22m[39m[ChatContext] Waiting for subscription to initialize
[90mstdout[2m | src/components/QuestionsReview2.stories.tsx[2m > [22m[2mBadge Showcase
[22m[39m[SettingsContext] Setting up Settings subscription for user: mock-user-sub
[90mstdout[2m | src/components/QuestionsReview2.stories.tsx[2m > [22m[2mBadge Showcase
[22m[39m[Mock Data] generateClient() called - returning mock client
[90mstdout[2m | src/components/QuestionsReview2.stories.tsx[2m > [22m[2mBadge Showcase
[22m[39m[Mock amplifyClient] getAmplifyClient() called - returning mock client
[90mstdout[2m | src/components/QuestionsReview2.stories.tsx[2m > [22m[2mBadge Showcase
[22m[39m[Mock Data] Settings.observeQuery() called with filter: undefined
[90mstdout[2m | src/components/QuestionsReview2.stories.tsx[2m > [22m[2mBadge Showcase
[22m[39m[Mock Data] Settings.observeQuery() returning 0 items (filter applied) undefined
[90mstdout[2m | src/components/QuestionsReview2.stories.tsx[2m > [22m[2mBadge Showcase
[22m[39m[Mock Data] Settings subscription added. Total subscriptions: 1
[90mstdout[2m | src/components/QuestionsReview2.stories.tsx[2m > [22m[2mBadge Showcase
[22m[39m[SectionContext] Initial sections: 0 []
[90mstdout[2m | src/components/QuestionsReview2.stories.tsx[2m > [22m[2mBadge Showcase
[22m[39m[Mock Data] Section.onCreate() called with filter: undefined
[90mstdout[2m | src/components/QuestionsReview2.stories.tsx[2m > [22m[2mBadge Showcase
[22m[39m[Mock Data] Section.onCreate() subscription added. Total: 1
[90mstdout[2m | src/components/QuestionsReview2.stories.tsx[2m > [22m[2mBadge Showcase
[22m[39m[Mock Data] Section.onUpdate() called with filter: undefined
[90mstdout[2m | src/components/QuestionsReview2.stories.tsx[2m > [22m[2mBadge Showcase
[22m[39m[Mock Data] Section.onUpdate() subscription added. Total: 1
[90mstdout[2m | src/components/QuestionsReview2.stories.tsx[2m > [22m[2mBadge Showcase
[22m[39m[Mock Data] Section.onDelete() called with filter: undefined
[90mstdout[2m | src/components/QuestionsReview2.stories.tsx[2m > [22m[2mBadge Showcase
[22m[39m[Mock Data] Section.onDelete() subscription added. Total: 1
[90mstdout[2m | src/components/QuestionsReview2.stories.tsx[2m > [22m[2mBadge Showcase
[22m[39m[Mock Data] Assignment.onCreate() called with filter: {
  "filter": {
    "unitID": {
      "eq": "mock-unit-id",
    },
  },
}
[90mstdout[2m | src/components/QuestionsReview2.stories.tsx[2m > [22m[2mBadge Showcase
[22m[39m[Mock Data] Assignment.onCreate() subscription added. Total: 1
[90mstdout[2m | src/components/QuestionsReview2.stories.tsx[2m > [22m[2mBadge Showcase
[22m[39m[Mock Data] Assignment.onUpdate() called with filter: {
  "filter": {
    "unitID": {
      "eq": "mock-unit-id",
    },
  },
}
[90mstdout[2m | src/components/QuestionsReview2.stories.tsx[2m > [22m[2mBadge Showcase
[22m[39m[Mock Data] Assignment.onUpdate() subscription added. Total: 1
[90mstdout[2m | src/components/QuestionsReview2.stories.tsx[2m > [22m[2mBadge Showcase
[22m[39m[Mock Data] Assignment.onDelete() called with filter: {
  "filter": {
    "unitID": {
      "eq": "mock-unit-id",
    },
  },
}
[90mstdout[2m | src/components/QuestionsReview2.stories.tsx[2m > [22m[2mBadge Showcase
[22m[39m[Mock Data] Assignment.onDelete() subscription added. Total: 1
[90mstdout[2m | src/components/QuestionsReview2.stories.tsx[2m > [22m[2mBadge Showcase
[22m[39m[FilesContext] File observeQuery subscription triggered:
[90mstdout[2m | src/components/QuestionsReview2.stories.tsx[2m > [22m[2mBadge Showcase
[22m[39m  - items.length: 0
[90mstdout[2m | src/components/QuestionsReview2.stories.tsx[2m > [22m[2mBadge Showcase
[22m[39m  - isSynced: true
[90mstdout[2m | src/components/QuestionsReview2.stories.tsx[2m > [22m[2mBadge Showcase
[22m[39m  - items: []
[90mstdout[2m | src/components/QuestionsReview2.stories.tsx[2m > [22m[2mBadge Showcase
[22m[39m[useTranslationWithCapture] t() called: {
  "key": "questionsReview.loading",
  "mode": "off",
  "namespace": "components",
  "value": "Loading questions...",
}
[90mstdout[2m | src/components/QuestionsReview2.stories.tsx[2m > [22m[2mBadge Showcase
[22m[39m[ChatContext] AssistantChat query update: 0 items (synced)
[90mstdout[2m | src/components/QuestionsReview2.stories.tsx[2m > [22m[2mBadge Showcase
[22m[39m[ChatContext] AssistantChat subscription initialized
[90mstdout[2m | src/components/QuestionsReview2.stories.tsx[2m > [22m[2mBadge Showcase
[22m[39m[ChatContext] AssistantChat list updated: 0 chats
[90mstdout[2m | src/components/QuestionsReview2.stories.tsx[2m > [22m[2mBadge Showcase
[22m[39m[Mock Data] Settings.create() called with: {
  "assistantVoice": "shimmer",
  "autoAnalyzeDocuments": true,
  "defaultAIModel": "gpt-4",
  "documentAnalysisModel": "gpt-4",
  "editorFontSize": 14,
  "editorTheme": "auto",
  "emailNotifications": true,
  "language": "en",
  "webhookNotifications": false,
}
[90mstdout[2m | src/components/QuestionsReview2.stories.tsx[2m > [22m[2mBadge Showcase
[22m[39m[Mock Data] Settings created: mock-settings-1776336986943 - notified 1 subscribers
[90mstdout[2m | src/components/QuestionsReview2.stories.tsx[2m > [22m[2mBadge Showcase
[22m[39m[Mock Data] generateClient() called - returning mock client
[90mstdout[2m | src/components/QuestionsReview2.stories.tsx[2m > [22m[2mBadge Showcase
[22m[39m[Mock amplifyClient] getAmplifyClient() called - returning mock client
[90mstdout[2m | src/components/QuestionsReview2.stories.tsx[2m > [22m[2mBadge Showcase
[22m[39m[Mock Data] Document.get() called with id: mock-doc-1
[90mstdout[2m | src/components/QuestionsReview2.stories.tsx[2m > [22m[2mBadge Showcase
[22m[39m[Mock Data] generateClient() called - returning mock client
[90mstdout[2m | src/components/QuestionsReview2.stories.tsx[2m > [22m[2mBadge Showcase
[22m[39m[Mock amplifyClient] getAmplifyClient() called - returning mock client
[90mstdout[2m | src/components/QuestionsReview2.stories.tsx[2m > [22m[2mBadge Showcase
[22m[39m[Mock Data] ParsedContent.observeQuery() called with filter: undefined
[90mstdout[2m | src/components/QuestionsReview2.stories.tsx[2m > [22m[2mBadge Showcase
[22m[39m[Mock Data] ParsedContent.observeQuery() returning 0 items (filter applied) undefined
[90mstdout[2m | src/components/QuestionsReview2.stories.tsx[2m > [22m[2mBadge Showcase
[22m[39m[Mock Data] ParsedContent subscription added. Total subscriptions: 1
[90mstdout[2m | src/components/QuestionsReview2.stories.tsx[2m > [22m[2mBadge Showcase
[22m[39m[ChatContext] No chats found, clearing current chat - new one will be created
[90mstdout[2m | src/components/QuestionsReview2.stories.tsx[2m > [22m[2mBadge Showcase
[22m[39m[Mock Data] ParsedContent.list() called with options: {
  "filter": {
    "documentID": {
      "eq": "mock-doc-1",
    },
  },
}
[90mstdout[2m | src/components/QuestionsReview2.stories.tsx[2m > [22m[2mBadge Showcase
[22m[39m[ChatContext] No current chat available, will create one
[90mstdout[2m | src/components/QuestionsReview2.stories.tsx[2m > [22m[2mBadge Showcase
[22m[39m[ChatContext] Creating AssistantChat with user: undefined
[90mstdout[2m | src/components/QuestionsReview2.stories.tsx[2m > [22m[2mBadge Showcase
[22m[39m[Mock Data] AssistantChat.create() called with: {
  "archived": false,
  "model": "gpt-4",
}
[90mstdout[2m | src/components/QuestionsReview2.stories.tsx[2m > [22m[2mBadge Showcase
[22m[39m[Mock Data] AssistantChat created: mock-assistantchat-1776336987010 - notified 1 subscribers
[90mstdout[2m | src/components/QuestionsReview2.stories.tsx[2m > [22m[2mBadge Showcase
[22m[39m[useTranslationWithCapture] t() called: {
  "key": "questionsReview.noQuestions",
  "mode": "off",
  "namespace": "components",
  "value": "No questions found for this document.",
}
[90mstdout[2m | src/components/QuestionsReview2.stories.tsx[2m > [22m[2mBadge Showcase
[22m[39m[ChatContext] Create result: {
  "data": {
    "_version": 1,
    "archived": false,
    "chatFiles": [Function anonymous],
    "createdAt": "2026-04-16T10:56:27.010Z",
    "id": "mock-assistantchat-1776336987010",
    "model": "gpt-4",
    "updatedAt": "2026-04-16T10:56:27.010Z",
  },
  "errors": [],
  "hasData": true,
  "hasErrors": true,
}
[90mstdout[2m | src/components/QuestionsReview2.stories.tsx[2m > [22m[2mBadge Showcase
[22m[39m[ChatContext] Created AssistantChat: mock-assistantchat-1776336987010 at: 2026-04-16T10:56:27.010Z
[90mstdout[2m | src/components/QuestionsReview2.stories.tsx
[22m[39m[ChatContext] AssistantChat query update: 1 items (synced)
[90mstdout[2m | src/components/QuestionsReview2.stories.tsx
[22m[39m[ChatContext] First item details: {
  "id": "mock-assistantchat-1776336987010",
  "updatedAt": "2026-04-16T10:56:27.010Z",
}
[90mstdout[2m | src/components/QuestionsReview2.stories.tsx
[22m[39m[ChatContext] AssistantChat list updated: 1 chats
[90mstdout[2m | src/components/QuestionsReview2.stories.tsx
[22m[39m[ChatContext] Setting initial chat: mock-assistantchat-1776336987010
[90mstdout[2m | src/components/QuestionsReview2.stories.tsx
[22m[39m[Mock Data] generateClient() called - returning mock client
[90mstdout[2m | src/components/QuestionsReview2.stories.tsx
[22m[39m[Mock amplifyClient] getAmplifyClient() called - returning mock client
[90mstdout[2m | src/components/QuestionsReview2.stories.tsx
[22m[39m[Mock Data] Document.get() called with id: mock-doc-1
[90mstdout[2m | src/components/QuestionsReview2.stories.tsx
[22m[39m[Mock Data] ParsedContent.list() called with options: {
  "filter": {
    "documentID": {
      "eq": "mock-doc-1",
    },
  },
}
[90mstdout[2m | src/components/QuestionsReview2.stories.tsx
[22m[39m[ChatContext] Chat exists and not archived, skipping creation
[90mstdout[2m | src/components/QuestionsReview2.stories.tsx
[22m[39m[useTranslationWithCapture] t() called: {
  "key": "questionsReview.noQuestions",
  "mode": "off",
  "namespace": "components",
  "value": "No questions found for this document.",
}
 [32m✓[39m [30m[45m storybook (chromium) [49m[39m src/components/QuestionsReview2.stories.tsx [2m([22m[2m13 tests[22m[2m)[22m[33m 3457[2mms[22m[39m
   [33m[2m✓[22m[39m Default [33m 447[2mms[22m[39m
   [33m[2m✓[22m[39m With Search Highlight [33m 327[2mms[22m[39m
   [33m[2m✓[22m[39m Large List [33m 551[2mms[22m[39m
   [33m[2m✓[22m[39m Essay Questions [33m 324[2mms[22m[39m
   [33m[2m✓[22m[39m With Media Attachments [33m 356[2mms[22m[39m
[90mstdout[2m | src/components/RecordingStudio2.stories.jsx[2m > [22m[2mFor Word
[22m[39m[Mock Data] Settings subscription unsubscribed. Remaining: 0
[90mstdout[2m | src/components/RecordingStudio2.stories.jsx[2m > [22m[2mFor Word
[22m[39m[ChatContext] Cleaning up subscription
[90mstdout[2m | src/components/RecordingStudio2.stories.jsx[2m > [22m[2mFor Word
[22m[39m[Mock Data] AssistantChat subscription unsubscribed. Remaining: 0
[90mstdout[2m | src/components/RecordingStudio2.stories.jsx[2m > [22m[2mFor Word
[22m[39m[Mock Data] File subscription unsubscribed. Remaining: 0
[90mstdout[2m | src/components/RecordingStudio2.stories.jsx[2m > [22m[2mFor Word
[22m[39m[Mock Data] Document subscription unsubscribed. Remaining: 0
[90mstdout[2m | src/components/RecordingStudio2.stories.jsx[2m > [22m[2mFor Word
[22m[39m[Mock Data] Word subscription unsubscribed. Remaining: 0
[90mstdout[2m | src/components/RecordingStudio2.stories.jsx[2m > [22m[2mFor Word
[22m[39m[Mock Data] Question subscription unsubscribed. Remaining: 0
[90mstdout[2m | src/components/RecordingStudio2.stories.jsx[2m > [22m[2mFor Word
[22m[39m[Mock Data] Grade subscription unsubscribed. Remaining: 0
[90mstdout[2m | src/components/RecordingStudio2.stories.jsx[2m > [22m[2mFor Word
[22m[39m[Mock Data] Unit subscription unsubscribed. Remaining: 0
[90mstdout[2m | src/components/RecordingStudio2.stories.jsx[2m > [22m[2mFor Word
[22m[39m[SectionContext] Cleaning up subscriptions
[90mstdout[2m | src/components/RecordingStudio2.stories.jsx[2m > [22m[2mFor Word
[22m[39m[Mock Data] Section.onCreate() subscription removed. Remaining: 0
[90mstdout[2m | src/components/RecordingStudio2.stories.jsx[2m > [22m[2mFor Word
[22m[39m[Mock Data] Section.onUpdate() subscription removed. Remaining: 0
[90mstdout[2m | src/components/RecordingStudio2.stories.jsx[2m > [22m[2mFor Word
[22m[39m[Mock Data] Section.onDelete() subscription removed. Remaining: 0
[90mstdout[2m | src/components/RecordingStudio2.stories.jsx[2m > [22m[2mFor Word
[22m[39m[Mock Data] Assignment.onCreate() subscription removed. Remaining: 0
[90mstdout[2m | src/components/RecordingStudio2.stories.jsx[2m > [22m[2mFor Word
[22m[39m[Mock Data] Assignment.onUpdate() subscription removed. Remaining: 0
[90mstdout[2m | src/components/RecordingStudio2.stories.jsx[2m > [22m[2mFor Word
[22m[39m[Mock Data] Assignment.onDelete() subscription removed. Remaining: 0
[90mstdout[2m | src/components/RecordingStudio2.stories.jsx[2m > [22m[2mFor Word
[22m[39m[Mock Data] ParsedContent subscription unsubscribed. Remaining: 0
[90mstdout[2m | src/components/RecordingStudio2.stories.jsx[2m > [22m[2mFor Word
[22m[39m[Mock Data] Clearing all data stores
[90mstdout[2m | src/components/RecordingStudio2.stories.jsx[2m > [22m[2mFor Word
[22m[39m[Mock Data] All data stores cleared
[90mstdout[2m | src/components/RecordingStudio2.stories.jsx[2m > [22m[2mFor Word
[22m[39m[Preview] Cleared mock data for story
[90mstdout[2m | src/components/RecordingStudio2.stories.jsx[2m > [22m[2mFor Word
[22m[39m[Mock Data Gen 2] Initializing mock data
[90mstdout[2m | src/components/RecordingStudio2.stories.jsx[2m > [22m[2mFor Word
[22m[39m[Mock Data] seedMockAssistantChats: Replacing with 1 assistant chats
[90mstdout[2m | src/components/RecordingStudio2.stories.jsx[2m > [22m[2mFor Word
[22m[39m[Mock Data Gen 2] Seeded AssistantChat: mock-assistant-chat-1
[90mstdout[2m | src/components/RecordingStudio2.stories.jsx[2m > [22m[2mFor Word
[22m[39m[Mock Data] seedMockFiles: Adding 6 files
[90mstdout[2m | src/components/RecordingStudio2.stories.jsx[2m > [22m[2mFor Word
[22m[39m[Mock Data Gen 2] Seeded Files: 6
[90mstdout[2m | src/components/RecordingStudio2.stories.jsx[2m > [22m[2mFor Word
[22m[39m[Mock Data Gen 2] Initializing mock data
[90mstdout[2m | src/components/RecordingStudio2.stories.jsx[2m > [22m[2mFor Word
[22m[39m[Mock Data] seedMockAssistantChats: Replacing with 1 assistant chats
[90mstdout[2m | src/components/RecordingStudio2.stories.jsx[2m > [22m[2mFor Word
[22m[39m[Mock Data Gen 2] Seeded AssistantChat: mock-assistant-chat-1
[90mstdout[2m | src/components/RecordingStudio2.stories.jsx[2m > [22m[2mFor Word
[22m[39m[Mock Data] seedMockFiles: Adding 6 files
[90mstdout[2m | src/components/RecordingStudio2.stories.jsx[2m > [22m[2mFor Word
[22m[39m[Mock Data Gen 2] Seeded Files: 6
[90mstdout[2m | src/components/RecordingStudio2.stories.jsx[2m > [22m[2mFor Word
[22m[39m[Preview] Initialized default mock data for story
[90mstdout[2m | src/components/RecordingStudio2.stories.jsx[2m > [22m[2mFor Word
[22m[39m[Mock AuthContext] Providing auth: {
  "error": undefined,
  "isLoading": false,
  "session": {
    "idToken": {
      "toString": [Function toString],
    },
    "identityId": "us-east-1:mock-identity-123",
    "username": "mock-user-sub",
  },
  "user": {
    "attributes": {
      "email": "alice@example.com",
      "name": "Alice Student",
      "sub": "mock-user-sub",
    },
  },
}
[90mstdout[2m | src/components/RecordingStudio2.stories.jsx[2m > [22m[2mFor Word
[22m[39m[Mock Data] generateClient() called - returning mock client
[90mstdout[2m | src/components/RecordingStudio2.stories.jsx[2m > [22m[2mFor Word
[22m[39m[Mock amplifyClient] getAmplifyClient() called - returning mock client
[90mstdout[2m | src/components/RecordingStudio2.stories.jsx[2m > [22m[2mFor Word
[22m[39m[MOCK CourseVectorStore] Initialized with mock data
[90mstdout[2m | src/components/RecordingStudio2.stories.jsx[2m > [22m[2mFor Word
[22m[39m[TranslationModeController] Setting mode to: off
[90mstdout[2m | src/components/RecordingStudio2.stories.jsx[2m > [22m[2mFor Word
[22m[39m[SectionContext] useEffect triggered {
  "authLoading": false,
  "hasUser": true,
  "userSub": "mock-user-sub",
}
[90mstdout[2m | src/components/RecordingStudio2.stories.jsx[2m > [22m[2mFor Word
[22m[39m[SectionContext] Fetching sections for userId: mock-user-sub
[90mstdout[2m | src/components/RecordingStudio2.stories.jsx[2m > [22m[2mFor Word
[22m[39m[Mock Data] generateClient() called - returning mock client
[90mstdout[2m | src/components/RecordingStudio2.stories.jsx[2m > [22m[2mFor Word
[22m[39m[Mock amplifyClient] getAmplifyClient() called - returning mock client
[90mstdout[2m | src/components/RecordingStudio2.stories.jsx[2m > [22m[2mFor Word
[22m[39m[Mock Data] Section.list() called with options: undefined
[90mstdout[2m | src/components/RecordingStudio2.stories.jsx[2m > [22m[2mFor Word
[22m[39m[Mock Data] generateClient() called - returning mock client
[90mstdout[2m | src/components/RecordingStudio2.stories.jsx[2m > [22m[2mFor Word
[22m[39m[Mock amplifyClient] getAmplifyClient() called - returning mock client
[90mstdout[2m | src/components/RecordingStudio2.stories.jsx[2m > [22m[2mFor Word
[22m[39m[Mock Data] Assignment.list() called with options: {
  "filter": {
    "unitID": {
      "eq": "mock-unit-id",
    },
  },
}
[90mstdout[2m | src/components/RecordingStudio2.stories.jsx[2m > [22m[2mFor Word
[22m[39m[Mock Data] generateClient() called - returning mock client
[90mstdout[2m | src/components/RecordingStudio2.stories.jsx[2m > [22m[2mFor Word
[22m[39m[Mock amplifyClient] getAmplifyClient() called - returning mock client
[90mstdout[2m | src/components/RecordingStudio2.stories.jsx[2m > [22m[2mFor Word
[22m[39m[Mock Data] Grade.observeQuery() called with filter: {
  "filter": {
    "unitID": {
      "eq": "mock-unit-id",
    },
  },
}
[90mstdout[2m | src/components/RecordingStudio2.stories.jsx[2m > [22m[2mFor Word
[22m[39m[Mock Data] Grade.observeQuery() applying filter: {
  "unitID": {
    "eq": "mock-unit-id",
  },
}
[90mstdout[2m | src/components/RecordingStudio2.stories.jsx[2m > [22m[2mFor Word
[22m[39m[Mock Data] Grade.observeQuery() items before filter: 0
[90mstdout[2m | src/components/RecordingStudio2.stories.jsx[2m > [22m[2mFor Word
[22m[39m[Mock Data] Grade.observeQuery() items after filter: 0
[90mstdout[2m | src/components/RecordingStudio2.stories.jsx[2m > [22m[2mFor Word
[22m[39m[Mock Data] Grade.observeQuery() returning 0 items (filter applied) {
  "filter": {
    "unitID": {
      "eq": "mock-unit-id",
    },
  },
}
[90mstdout[2m | src/components/RecordingStudio2.stories.jsx[2m > [22m[2mFor Word
[22m[39m[Mock Data] Grade subscription added. Total subscriptions: 1
[90mstdout[2m | src/components/RecordingStudio2.stories.jsx[2m > [22m[2mFor Word
[22m[39m[UnitContext] useEffect triggered {
  "authLoading": false,
  "hasUser": true,
  "id": "mock-unit-id",
  "userSub": "mock-user-sub",
}
[90mstdout[2m | src/components/RecordingStudio2.stories.jsx[2m > [22m[2mFor Word
[22m[39m[UnitContext] Fetching unit data for id: mock-unit-id
[90mstdout[2m | src/components/RecordingStudio2.stories.jsx[2m > [22m[2mFor Word
[22m[39m[Mock Data] generateClient() called - returning mock client
[90mstdout[2m | src/components/RecordingStudio2.stories.jsx[2m > [22m[2mFor Word
[22m[39m[Mock amplifyClient] getAmplifyClient() called - returning mock client
[90mstdout[2m | src/components/RecordingStudio2.stories.jsx[2m > [22m[2mFor Word
[22m[39m[Mock Data] Unit.observeQuery() called with filter: {
  "filter": {
    "id": {
      "eq": "mock-unit-id",
    },
  },
}
[90mstdout[2m | src/components/RecordingStudio2.stories.jsx[2m > [22m[2mFor Word
[22m[39m[Mock Data] Unit.observeQuery() applying filter: {
  "id": {
    "eq": "mock-unit-id",
  },
}
[90mstdout[2m | src/components/RecordingStudio2.stories.jsx[2m > [22m[2mFor Word
[22m[39m[Mock Data] Unit.observeQuery() items before filter: 0
[90mstdout[2m | src/components/RecordingStudio2.stories.jsx[2m > [22m[2mFor Word
[22m[39m[Mock Data] Unit.observeQuery() items after filter: 0
[90mstdout[2m | src/components/RecordingStudio2.stories.jsx[2m > [22m[2mFor Word
[22m[39m[Mock Data] Unit.observeQuery() returning 0 items (filter applied) {
  "filter": {
    "id": {
      "eq": "mock-unit-id",
    },
  },
}
[90mstdout[2m | src/components/RecordingStudio2.stories.jsx[2m > [22m[2mFor Word
[22m[39m[Mock Data] Unit subscription added. Total subscriptions: 1
[90mstdout[2m | src/components/RecordingStudio2.stories.jsx[2m > [22m[2mFor Word
[22m[39m[Mock Data] generateClient() called - returning mock client
[90mstdout[2m | src/components/RecordingStudio2.stories.jsx[2m > [22m[2mFor Word
[22m[39m[Mock amplifyClient] getAmplifyClient() called - returning mock client
[90mstdout[2m | src/components/RecordingStudio2.stories.jsx[2m > [22m[2mFor Word
[22m[39m[Mock Data] Word.observeQuery() called with filter: undefined
[90mstdout[2m | src/components/RecordingStudio2.stories.jsx[2m > [22m[2mFor Word
[22m[39m[Mock Data] Word.observeQuery() returning 0 items (filter applied) undefined
[90mstdout[2m | src/components/RecordingStudio2.stories.jsx[2m > [22m[2mFor Word
[22m[39m[Mock Data] Word subscription added. Total subscriptions: 1
[90mstdout[2m | src/components/RecordingStudio2.stories.jsx[2m > [22m[2mFor Word
[22m[39m[Mock Data] generateClient() called - returning mock client
[90mstdout[2m | src/components/RecordingStudio2.stories.jsx[2m > [22m[2mFor Word
[22m[39m[Mock amplifyClient] getAmplifyClient() called - returning mock client
[90mstdout[2m | src/components/RecordingStudio2.stories.jsx[2m > [22m[2mFor Word
[22m[39m[Mock Data] Question.observeQuery() called with filter: undefined
[90mstdout[2m | src/components/RecordingStudio2.stories.jsx[2m > [22m[2mFor Word
[22m[39m[Mock Data] Question.observeQuery() returning 0 items (filter applied) undefined
[90mstdout[2m | src/components/RecordingStudio2.stories.jsx[2m > [22m[2mFor Word
[22m[39m[Mock Data] Question subscription added. Total subscriptions: 1
[90mstdout[2m | src/components/RecordingStudio2.stories.jsx[2m > [22m[2mFor Word
[22m[39m[FilesContext] Initializing vector store from IndexedDB
[90mstdout[2m | src/components/RecordingStudio2.stories.jsx[2m > [22m[2mFor Word
[22m[39m[FilesContext] fetchFiles called
[90mstdout[2m | src/components/RecordingStudio2.stories.jsx[2m > [22m[2mFor Word
[22m[39m[FilesContext] User authenticated: mock-user-sub
[90mstdout[2m | src/components/RecordingStudio2.stories.jsx[2m > [22m[2mFor Word
[22m[39m[FilesContext] Identity ID: us-east-1:mock-identity-123
[90mstdout[2m | src/components/RecordingStudio2.stories.jsx[2m > [22m[2mFor Word
[22m[39m[FilesContext] About to subscribe to File model
[90mstdout[2m | src/components/RecordingStudio2.stories.jsx[2m > [22m[2mFor Word
[22m[39m[Mock Data] generateClient() called - returning mock client
[90mstdout[2m | src/components/RecordingStudio2.stories.jsx[2m > [22m[2mFor Word
[22m[39m[Mock amplifyClient] getAmplifyClient() called - returning mock client
[90mstdout[2m | src/components/RecordingStudio2.stories.jsx[2m > [22m[2mFor Word
[22m[39m[Mock Data] File.observeQuery() called with filter: undefined
[90mstdout[2m | src/components/RecordingStudio2.stories.jsx[2m > [22m[2mFor Word
[22m[39m[Mock Data] File.observeQuery() returning 6 items (filter applied) undefined
[90mstdout[2m | src/components/RecordingStudio2.stories.jsx[2m > [22m[2mFor Word
[22m[39m[Mock Data] File subscription added. Total subscriptions: 1
[90mstdout[2m | src/components/RecordingStudio2.stories.jsx[2m > [22m[2mFor Word
[22m[39m[Mock Data] generateClient() called - returning mock client
[90mstdout[2m | src/components/RecordingStudio2.stories.jsx[2m > [22m[2mFor Word
[22m[39m[Mock amplifyClient] getAmplifyClient() called - returning mock client
[90mstdout[2m | src/components/RecordingStudio2.stories.jsx[2m > [22m[2mFor Word
[22m[39m[Mock Data] Document.observeQuery() called with filter: undefined
[90mstdout[2m | src/components/RecordingStudio2.stories.jsx[2m > [22m[2mFor Word
[22m[39m[Mock Data] Document.observeQuery() returning 0 items (filter applied) undefined
[90mstdout[2m | src/components/RecordingStudio2.stories.jsx[2m > [22m[2mFor Word
[22m[39m[Mock Data] Document subscription added. Total subscriptions: 1
[90mstdout[2m | src/components/RecordingStudio2.stories.jsx[2m > [22m[2mFor Word
[22m[39m[ChatContext] Setting up observeQuery for AssistantChat
[90mstdout[2m | src/components/RecordingStudio2.stories.jsx[2m > [22m[2mFor Word
[22m[39m[Mock Data] AssistantChat.observeQuery() called with filter: {
  "sortDirection": "DESC",
  "sortField": "createdAt",
}
[90mstdout[2m | src/components/RecordingStudio2.stories.jsx[2m > [22m[2mFor Word
[22m[39m[Mock Data] AssistantChat.observeQuery() returning 1 items (filter applied) {
  "sortDirection": "DESC",
  "sortField": "createdAt",
}
[90mstdout[2m | src/components/RecordingStudio2.stories.jsx[2m > [22m[2mFor Word
[22m[39m[Mock Data] AssistantChat subscription added. Total subscriptions: 1
[90mstdout[2m | src/components/RecordingStudio2.stories.jsx[2m > [22m[2mFor Word
[22m[39m[ChatContext] Waiting for subscription to initialize
[90mstdout[2m | src/components/RecordingStudio2.stories.jsx[2m > [22m[2mFor Word
[22m[39m[SettingsContext] Setting up Settings subscription for user: mock-user-sub
[90mstdout[2m | src/components/RecordingStudio2.stories.jsx[2m > [22m[2mFor Word
[22m[39m[Mock Data] generateClient() called - returning mock client
[90mstdout[2m | src/components/RecordingStudio2.stories.jsx[2m > [22m[2mFor Word
[22m[39m[Mock amplifyClient] getAmplifyClient() called - returning mock client
[90mstdout[2m | src/components/RecordingStudio2.stories.jsx[2m > [22m[2mFor Word
[22m[39m[Mock Data] Settings.observeQuery() called with filter: undefined
[90mstdout[2m | src/components/RecordingStudio2.stories.jsx[2m > [22m[2mFor Word
[22m[39m[Mock Data] Settings.observeQuery() returning 0 items (filter applied) undefined
[90mstdout[2m | src/components/RecordingStudio2.stories.jsx[2m > [22m[2mFor Word
[22m[39m[Mock Data] Settings subscription added. Total subscriptions: 1
[90mstdout[2m | src/components/RecordingStudio2.stories.jsx[2m > [22m[2mFor Word
[22m[39m[SectionContext] Initial sections: 0 []
[90mstdout[2m | src/components/RecordingStudio2.stories.jsx[2m > [22m[2mFor Word
[22m[39m[Mock Data] Section.onCreate() called with filter: undefined
[90mstdout[2m | src/components/RecordingStudio2.stories.jsx[2m > [22m[2mFor Word
[22m[39m[Mock Data] Section.onCreate() subscription added. Total: 1
[90mstdout[2m | src/components/RecordingStudio2.stories.jsx[2m > [22m[2mFor Word
[22m[39m[Mock Data] Section.onUpdate() called with filter: undefined
[90mstdout[2m | src/components/RecordingStudio2.stories.jsx[2m > [22m[2mFor Word
[22m[39m[Mock Data] Section.onUpdate() subscription added. Total: 1
[90mstdout[2m | src/components/RecordingStudio2.stories.jsx[2m > [22m[2mFor Word
[22m[39m[Mock Data] Section.onDelete() called with filter: undefined
[90mstdout[2m | src/components/RecordingStudio2.stories.jsx[2m > [22m[2mFor Word
[22m[39m[Mock Data] Section.onDelete() subscription added. Total: 1
[90mstdout[2m | src/components/RecordingStudio2.stories.jsx[2m > [22m[2mFor Word
[22m[39m[Mock Data] Assignment.onCreate() called with filter: {
  "filter": {
    "unitID": {
      "eq": "mock-unit-id",
    },
  },
}
[90mstdout[2m | src/components/RecordingStudio2.stories.jsx[2m > [22m[2mFor Word
[22m[39m[Mock Data] Assignment.onCreate() subscription added. Total: 1
[90mstdout[2m | src/components/RecordingStudio2.stories.jsx[2m > [22m[2mFor Word
[22m[39m[Mock Data] Assignment.onUpdate() called with filter: {
  "filter": {
    "unitID": {
      "eq": "mock-unit-id",
    },
  },
}
[90mstdout[2m | src/components/RecordingStudio2.stories.jsx[2m > [22m[2mFor Word
[22m[39m[Mock Data] Assignment.onUpdate() subscription added. Total: 1
[90mstdout[2m | src/components/RecordingStudio2.stories.jsx[2m > [22m[2mFor Word
[22m[39m[Mock Data] Assignment.onDelete() called with filter: {
  "filter": {
    "unitID": {
      "eq": "mock-unit-id",
    },
  },
}
[90mstdout[2m | src/components/RecordingStudio2.stories.jsx[2m > [22m[2mFor Word
[22m[39m[Mock Data] Assignment.onDelete() subscription added. Total: 1
[90mstdout[2m | src/components/RecordingStudio2.stories.jsx[2m > [22m[2mFor Word
[22m[39m[FilesContext] File observeQuery subscription triggered:
[90mstdout[2m | src/components/RecordingStudio2.stories.jsx[2m > [22m[2mFor Word
[22m[39m  - items.length: 6
[90mstdout[2m | src/components/RecordingStudio2.stories.jsx[2m > [22m[2mFor Word
[22m[39m  - isSynced: true
[90mstdout[2m | src/components/RecordingStudio2.stories.jsx[2m > [22m[2mFor Word
[22m[39m  - items: [
  {
    "_deleted": null,
    "_lastChangedAt": 1767711773285,
    "_version": 1,
    "byHex": null,
    "createdAt": "2026-01-06T15:02:53.253Z",
    "description": "Japanese language textbook - Chapter 1",
    "document": Promise {},
    "documentID": "e01017e1-fe7a-4521-b71c-09ec31b18639",
    "duration": null,
    "embedding": null,
    "generated": null,
    "hex": null,
    "id": "a57d7833-5fa7-4cb7-8b7a-ce7c6e10e551",
    "identityId": "us-east-1:b0eadde9-f02c-c71b-17a6-22ffd37d89c8",
    "key": "files/Japanese Wind 1.pdf",
    "level": "protected",
    "mimeType": "application/pdf",
    "model": null,
    "name": "Japanese Wind 1.pdf",
    "owner": "64d81418-7021-701d-9fed-a4c2e0735711",
    "parsedContent": [Function anonymous],
    "parsedContentID": null,
    "path": "files/Japanese Wind 1.pdf",
    "prompt": null,
    "size": 4706654,
    "thumbnail": null,
    "type": "pdf",
    "updatedAt": "2026-01-06T15:02:53.253Z",
    "variant": null,
    "waveformData": null,
  },
  {
    "_version": 2,
    "createdAt": "2026-01-15T10:00:00.000Z",
    "description": "Sample report with vocabulary",
    "document": Promise {},
    "documentID": "cd824b5b-2c66-41f8-8571-aa6794ff590c",
    "generated": false,
    "id": "mock-pdf-file-2",
    "identityId": "us-east-1:mock-identity",
    "key": "files/report.pdf",
    "level": "protected",
    "mimeType": "application/pdf",
    "name": "report.pdf",
    "owner": "mock-user-id",
    "parsedContent": [Function anonymous],
    "path": "files/report.pdf",
    "size": 123456,
    "type": "pdf",
    "updatedAt": "2026-01-15T10:30:00.000Z",
  },
  {
    "_version": 3,
    "createdAt": "2026-01-14T08:00:00.000Z",
    "description": "Vocabulary lesson PDF with extracted content",
    "document": Promise {},
    "documentID": "mock-document-3",
    "generated": false,
    "id": "mock-pdf-file-3",
    "identityId": "us-east-1:mock-identity",
    "key": "files/vocabulary-lesson.pdf",
    "level": "public",
    "mimeType": "application/pdf",
    "name": "vocabulary-lesson.pdf",
    "owner": "mock-user-id",
    "parsedContent": [Function anonymous],
    "path": "files/vocabulary-lesson.pdf",
    "size": 567890,
    "type": "pdf",
    "updatedAt": "2026-01-14T08:45:00.000Z",
  },
  {
    "_version": 1,
    "createdAt": "2026-01-20T10:00:00.000Z",
    "description": "Sample pronunciation audio",
    "documentID": null,
    "duration": 3.5,
    "generated": true,
    "id": "mock-audio-file-1",
    "identityId": "us-east-1:mock-identity",
    "key": "audio/pronunciation-demo.mp3",
    "level": "public",
    "mimeType": "audio/mpeg",
    "name": "pronunciation-demo.mp3",
    "owner": "mock-user-id",
    "parsedContent": [Function anonymous],
    "path": "/story-mocks/cinematic-designed-sci-fi-whoosh-transition-nexawave-228295.mp3",
    "size": 56789,
    "type": "audio",
    "updatedAt": "2026-01-20T10:00:00.000Z",
    "waveformData": null,
  },
  {
    "_version": 1,
    "createdAt": "2026-01-19T14:30:00.000Z",
    "description": "Lesson introduction audio",
    "documentID": null,
    "duration": 5.2,
    "generated": false,
    "id": "mock-audio-file-2",
    "identityId": "us-east-1:mock-identity",
    "key": "audio/lesson-intro.mp3",
    "level": "public",
    "mimeType": "audio/mpeg",
    "name": "lesson-intro.mp3",
    "owner": "mock-user-id",
    "parsedContent": [Function anonymous],
    "path": "/story-mocks/descent-whoosh-long-cinematic-sound-effect-405921.mp3",
    "size": 87654,
    "type": "audio",
    "updatedAt": "2026-01-19T14:30:00.000Z",
    "waveformData": null,
  },
  {
    "_version": 1,
    "createdAt": "2026-01-18T09:15:00.000Z",
    "description": "Hiragana character chart",
    "documentID": null,
    "generated": false,
    "id": "mock-image-file-1",
    "identityId": "us-east-1:mock-identity",
    "key": "images/hiragana-chart.png",
    "level": "public",
    "mimeType": "image/png",
    "name": "hiragana-chart.png",
    "owner": "mock-user-id",
    "parsedContent": [Function anonymous],
    "path": "images/hiragana-chart.png",
    "size": 234567,
    "thumbnail": "thumbnails/hiragana-chart-thumb.png",
    "type": "image",
    "updatedAt": "2026-01-18T09:15:00.000Z",
  },
]
[90mstdout[2m | src/components/RecordingStudio2.stories.jsx[2m > [22m[2mFor Word
[22m[39m[ChatContext] AssistantChat query update: 1 items (synced)
[90mstdout[2m | src/components/RecordingStudio2.stories.jsx[2m > [22m[2mFor Word
[22m[39m[ChatContext] First item details: {
  "id": "mock-assistant-chat-1",
  "updatedAt": "2024-01-26T10:15:00.000Z",
}
[90mstdout[2m | src/components/RecordingStudio2.stories.jsx[2m > [22m[2mFor Word
[22m[39m[ChatContext] AssistantChat subscription initialized
[90mstdout[2m | src/components/RecordingStudio2.stories.jsx[2m > [22m[2mFor Word
[22m[39m[ChatContext] AssistantChat list updated: 1 chats
[90mstdout[2m | src/components/RecordingStudio2.stories.jsx[2m > [22m[2mFor Word
[22m[39m[ChatContext] Setting initial chat: mock-assistant-chat-1
[90mstdout[2m | src/components/RecordingStudio2.stories.jsx[2m > [22m[2mFor Word
[22m[39m[FilesContext] Files count changed: 0 → 6
[90mstdout[2m | src/components/RecordingStudio2.stories.jsx[2m > [22m[2mFor Word
[22m[39m[MOCK CourseVectorStore] Initialized with mock data
[90mstdout[2m | src/components/RecordingStudio2.stories.jsx[2m > [22m[2mFor Word
[22m[39m[MOCK CourseVectorStore] Initialized with mock data
[90mstdout[2m | src/components/RecordingStudio2.stories.jsx[2m > [22m[2mFor Word
[22m[39mFileManager.mainColor #556cd6
[90mstdout[2m | src/components/RecordingStudio2.stories.jsx[2m > [22m[2mFor Word
[22m[39maudioFiles {}
[90mstdout[2m | src/components/RecordingStudio2.stories.jsx[2m > [22m[2mFor Word
[22m[39m_word, phrase, definition, pronunciation bonjour hello; good day bohn-ZHOOR
[90mstdout[2m | src/components/RecordingStudio2.stories.jsx[2m > [22m[2mFor Word
[22m[39maudioFile null
[90mstdout[2m | src/components/RecordingStudio2.stories.jsx[2m > [22m[2mFor Word
[22m[39m[Mock Data] Settings.create() called with: {
  "assistantVoice": "shimmer",
  "autoAnalyzeDocuments": true,
  "defaultAIModel": "gpt-4",
  "documentAnalysisModel": "gpt-4",
  "editorFontSize": 14,
  "editorTheme": "auto",
  "emailNotifications": true,
  "language": "en",
  "webhookNotifications": false,
}
[90mstdout[2m | src/components/RecordingStudio2.stories.jsx[2m > [22m[2mFor Word
[22m[39m[Mock Data] Settings created: mock-settings-1776336987144 - notified 1 subscribers
[90mstdout[2m | src/components/RecordingStudio2.stories.jsx[2m > [22m[2mFor Word
[22m[39m[FilesContext] Vector store population triggered {
  "currentVectorStoreSize": 3,
  "documentsCount": 0,
  "filesCount": 6,
  "isInitialLoad": true,
}
[90mstdout[2m | src/components/RecordingStudio2.stories.jsx[2m > [22m[2mFor Word
[22m[39m[FilesContext] Vector store population complete - 3 total embeddings
[90mstdout[2m | src/components/RecordingStudio2.stories.jsx[2m > [22m[2mFor Word
[22m[39m[ChatContext] Chat exists and not archived, skipping creation
[90mstdout[2m | src/components/RecordingStudio2.stories.jsx[2m > [22m[2mFor Question
[22m[39m[Mock Data] Settings subscription unsubscribed. Remaining: 0
[90mstdout[2m | src/components/RecordingStudio2.stories.jsx[2m > [22m[2mFor Question
[22m[39m[ChatContext] Cleaning up subscription
[90mstdout[2m | src/components/RecordingStudio2.stories.jsx[2m > [22m[2mFor Question
[22m[39m[Mock Data] AssistantChat subscription unsubscribed. Remaining: 0
[90mstdout[2m | src/components/RecordingStudio2.stories.jsx[2m > [22m[2mFor Question
[22m[39m[Mock Data] File subscription unsubscribed. Remaining: 0
[90mstdout[2m | src/components/RecordingStudio2.stories.jsx[2m > [22m[2mFor Question
[22m[39m[Mock Data] Document subscription unsubscribed. Remaining: 0
[90mstdout[2m | src/components/RecordingStudio2.stories.jsx[2m > [22m[2mFor Question
[22m[39m[Mock Data] Word subscription unsubscribed. Remaining: 0
[90mstdout[2m | src/components/RecordingStudio2.stories.jsx[2m > [22m[2mFor Question
[22m[39m[Mock Data] Question subscription unsubscribed. Remaining: 0
[90mstdout[2m | src/components/RecordingStudio2.stories.jsx[2m > [22m[2mFor Question
[22m[39m[Mock Data] Grade subscription unsubscribed. Remaining: 0
[90mstdout[2m | src/components/RecordingStudio2.stories.jsx[2m > [22m[2mFor Question
[22m[39m[Mock Data] Unit subscription unsubscribed. Remaining: 0
[90mstdout[2m | src/components/RecordingStudio2.stories.jsx[2m > [22m[2mFor Question
[22m[39m[SectionContext] Cleaning up subscriptions
[90mstdout[2m | src/components/RecordingStudio2.stories.jsx[2m > [22m[2mFor Question
[22m[39m[Mock Data] Section.onCreate() subscription removed. Remaining: 0
[90mstdout[2m | src/components/RecordingStudio2.stories.jsx[2m > [22m[2mFor Question
[22m[39m[Mock Data] Section.onUpdate() subscription removed. Remaining: 0
[90mstdout[2m | src/components/RecordingStudio2.stories.jsx[2m > [22m[2mFor Question
[22m[39m[Mock Data] Section.onDelete() subscription removed. Remaining: 0
[90mstdout[2m | src/components/RecordingStudio2.stories.jsx[2m > [22m[2mFor Question
[22m[39m[Mock Data] Assignment.onCreate() subscription removed. Remaining: 0
[90mstdout[2m | src/components/RecordingStudio2.stories.jsx[2m > [22m[2mFor Question
[22m[39m[Mock Data] Assignment.onUpdate() subscription removed. Remaining: 0
[90mstdout[2m | src/components/RecordingStudio2.stories.jsx[2m > [22m[2mFor Question
[22m[39m[Mock Data] Assignment.onDelete() subscription removed. Remaining: 0
[90mstdout[2m | src/components/RecordingStudio2.stories.jsx[2m > [22m[2mFor Question
[22m[39m[Mock Data] Clearing all data stores
[90mstdout[2m | src/components/RecordingStudio2.stories.jsx[2m > [22m[2mFor Question
[22m[39m[Mock Data] All data stores cleared
[90mstdout[2m | src/components/RecordingStudio2.stories.jsx[2m > [22m[2mFor Question
[22m[39m[Preview] Cleared mock data for story
[90mstdout[2m | src/components/RecordingStudio2.stories.jsx[2m > [22m[2mFor Question
[22m[39m[Mock Data Gen 2] Initializing mock data
[90mstdout[2m | src/components/RecordingStudio2.stories.jsx[2m > [22m[2mFor Question
[22m[39m[Mock Data] seedMockAssistantChats: Replacing with 1 assistant chats
[90mstdout[2m | src/components/RecordingStudio2.stories.jsx[2m > [22m[2mFor Question
[22m[39m[Mock Data Gen 2] Seeded AssistantChat: mock-assistant-chat-1
[90mstdout[2m | src/components/RecordingStudio2.stories.jsx[2m > [22m[2mFor Question
[22m[39m[Mock Data] seedMockFiles: Adding 6 files
[90mstdout[2m | src/components/RecordingStudio2.stories.jsx[2m > [22m[2mFor Question
[22m[39m[Mock Data Gen 2] Seeded Files: 6
[90mstdout[2m | src/components/RecordingStudio2.stories.jsx[2m > [22m[2mFor Question
[22m[39m[Mock Data Gen 2] Initializing mock data
[90mstdout[2m | src/components/RecordingStudio2.stories.jsx[2m > [22m[2mFor Question
[22m[39m[Mock Data] seedMockAssistantChats: Replacing with 1 assistant chats
[90mstdout[2m | src/components/RecordingStudio2.stories.jsx[2m > [22m[2mFor Question
[22m[39m[Mock Data Gen 2] Seeded AssistantChat: mock-assistant-chat-1
[90mstdout[2m | src/components/RecordingStudio2.stories.jsx[2m > [22m[2mFor Question
[22m[39m[Mock Data] seedMockFiles: Adding 6 files
[90mstdout[2m | src/components/RecordingStudio2.stories.jsx[2m > [22m[2mFor Question
[22m[39m[Mock Data Gen 2] Seeded Files: 6
[90mstdout[2m | src/components/RecordingStudio2.stories.jsx[2m > [22m[2mFor Question
[22m[39m[Preview] Initialized default mock data for story
[90mstdout[2m | src/components/RecordingStudio2.stories.jsx[2m > [22m[2mFor Question
[22m[39m[Mock AuthContext] Providing auth: {
  "error": undefined,
  "isLoading": false,
  "session": {
    "idToken": {
      "toString": [Function toString],
    },
    "identityId": "us-east-1:mock-identity-123",
    "username": "mock-user-sub",
  },
  "user": {
    "attributes": {
      "email": "alice@example.com",
      "name": "Alice Student",
      "sub": "mock-user-sub",
    },
  },
}
[90mstdout[2m | src/components/RecordingStudio2.stories.jsx[2m > [22m[2mFor Question
[22m[39m[Mock Data] generateClient() called - returning mock client
[90mstdout[2m | src/components/RecordingStudio2.stories.jsx[2m > [22m[2mFor Question
[22m[39m[Mock amplifyClient] getAmplifyClient() called - returning mock client
[90mstdout[2m | src/components/RecordingStudio2.stories.jsx[2m > [22m[2mFor Question
[22m[39m[MOCK CourseVectorStore] Initialized with mock data
[90mstdout[2m | src/components/RecordingStudio2.stories.jsx[2m > [22m[2mFor Question
[22m[39m[TranslationModeController] Setting mode to: off
[90mstdout[2m | src/components/RecordingStudio2.stories.jsx[2m > [22m[2mFor Question
[22m[39m[SectionContext] useEffect triggered {
  "authLoading": false,
  "hasUser": true,
  "userSub": "mock-user-sub",
}
[90mstdout[2m | src/components/RecordingStudio2.stories.jsx[2m > [22m[2mFor Question
[22m[39m[SectionContext] Fetching sections for userId: mock-user-sub
[90mstdout[2m | src/components/RecordingStudio2.stories.jsx[2m > [22m[2mFor Question
[22m[39m[Mock Data] generateClient() called - returning mock client
[90mstdout[2m | src/components/RecordingStudio2.stories.jsx[2m > [22m[2mFor Question
[22m[39m[Mock amplifyClient] getAmplifyClient() called - returning mock client
[90mstdout[2m | src/components/RecordingStudio2.stories.jsx[2m > [22m[2mFor Question
[22m[39m[Mock Data] Section.list() called with options: undefined
[90mstdout[2m | src/components/RecordingStudio2.stories.jsx[2m > [22m[2mFor Question
[22m[39m[Mock Data] generateClient() called - returning mock client
[90mstdout[2m | src/components/RecordingStudio2.stories.jsx[2m > [22m[2mFor Question
[22m[39m[Mock amplifyClient] getAmplifyClient() called - returning mock client
[90mstdout[2m | src/components/RecordingStudio2.stories.jsx[2m > [22m[2mFor Question
[22m[39m[Mock Data] Assignment.list() called with options: {
  "filter": {
    "unitID": {
      "eq": "mock-unit-id",
    },
  },
}
[90mstdout[2m | src/components/RecordingStudio2.stories.jsx[2m > [22m[2mFor Question
[22m[39m[Mock Data] generateClient() called - returning mock client
[90mstdout[2m | src/components/RecordingStudio2.stories.jsx[2m > [22m[2mFor Question
[22m[39m[Mock amplifyClient] getAmplifyClient() called - returning mock client
[90mstdout[2m | src/components/RecordingStudio2.stories.jsx[2m > [22m[2mFor Question
[22m[39m[Mock Data] Grade.observeQuery() called with filter: {
  "filter": {
    "unitID": {
      "eq": "mock-unit-id",
    },
  },
}
[90mstdout[2m | src/components/RecordingStudio2.stories.jsx[2m > [22m[2mFor Question
[22m[39m[Mock Data] Grade.observeQuery() applying filter: {
  "unitID": {
    "eq": "mock-unit-id",
  },
}
[90mstdout[2m | src/components/RecordingStudio2.stories.jsx[2m > [22m[2mFor Question
[22m[39m[Mock Data] Grade.observeQuery() items before filter: 0
[90mstdout[2m | src/components/RecordingStudio2.stories.jsx[2m > [22m[2mFor Question
[22m[39m[Mock Data] Grade.observeQuery() items after filter: 0
[90mstdout[2m | src/components/RecordingStudio2.stories.jsx[2m > [22m[2mFor Question
[22m[39m[Mock Data] Grade.observeQuery() returning 0 items (filter applied) {
  "filter": {
    "unitID": {
      "eq": "mock-unit-id",
    },
  },
}
[90mstdout[2m | src/components/RecordingStudio2.stories.jsx[2m > [22m[2mFor Question
[22m[39m[Mock Data] Grade subscription added. Total subscriptions: 1
[90mstdout[2m | src/components/RecordingStudio2.stories.jsx[2m > [22m[2mFor Question
[22m[39m[UnitContext] useEffect triggered {
  "authLoading": false,
  "hasUser": true,
  "id": "mock-unit-id",
  "userSub": "mock-user-sub",
}
[90mstdout[2m | src/components/RecordingStudio2.stories.jsx[2m > [22m[2mFor Question
[22m[39m[UnitContext] Fetching unit data for id: mock-unit-id
[90mstdout[2m | src/components/RecordingStudio2.stories.jsx[2m > [22m[2mFor Question
[22m[39m[Mock Data] generateClient() called - returning mock client
[90mstdout[2m | src/components/RecordingStudio2.stories.jsx[2m > [22m[2mFor Question
[22m[39m[Mock amplifyClient] getAmplifyClient() called - returning mock client
[90mstdout[2m | src/components/RecordingStudio2.stories.jsx[2m > [22m[2mFor Question
[22m[39m[Mock Data] Unit.observeQuery() called with filter: {
  "filter": {
    "id": {
      "eq": "mock-unit-id",
    },
  },
}
[90mstdout[2m | src/components/RecordingStudio2.stories.jsx[2m > [22m[2mFor Question
[22m[39m[Mock Data] Unit.observeQuery() applying filter: {
  "id": {
    "eq": "mock-unit-id",
  },
}
[90mstdout[2m | src/components/RecordingStudio2.stories.jsx[2m > [22m[2mFor Question
[22m[39m[Mock Data] Unit.observeQuery() items before filter: 0
[90mstdout[2m | src/components/RecordingStudio2.stories.jsx[2m > [22m[2mFor Question
[22m[39m[Mock Data] Unit.observeQuery() items after filter: 0
[90mstdout[2m | src/components/RecordingStudio2.stories.jsx[2m > [22m[2mFor Question
[22m[39m[Mock Data] Unit.observeQuery() returning 0 items (filter applied) {
  "filter": {
    "id": {
      "eq": "mock-unit-id",
    },
  },
}
[90mstdout[2m | src/components/RecordingStudio2.stories.jsx[2m > [22m[2mFor Question
[22m[39m[Mock Data] Unit subscription added. Total subscriptions: 1
[90mstdout[2m | src/components/RecordingStudio2.stories.jsx[2m > [22m[2mFor Question
[22m[39m[Mock Data] generateClient() called - returning mock client
[90mstdout[2m | src/components/RecordingStudio2.stories.jsx[2m > [22m[2mFor Question
[22m[39m[Mock amplifyClient] getAmplifyClient() called - returning mock client
[90mstdout[2m | src/components/RecordingStudio2.stories.jsx[2m > [22m[2mFor Question
[22m[39m[Mock Data] Word.observeQuery() called with filter: undefined
[90mstdout[2m | src/components/RecordingStudio2.stories.jsx[2m > [22m[2mFor Question
[22m[39m[Mock Data] Word.observeQuery() returning 0 items (filter applied) undefined
[90mstdout[2m | src/components/RecordingStudio2.stories.jsx[2m > [22m[2mFor Question
[22m[39m[Mock Data] Word subscription added. Total subscriptions: 1
[90mstdout[2m | src/components/RecordingStudio2.stories.jsx[2m > [22m[2mFor Question
[22m[39m[Mock Data] generateClient() called - returning mock client
[90mstdout[2m | src/components/RecordingStudio2.stories.jsx[2m > [22m[2mFor Question
[22m[39m[Mock amplifyClient] getAmplifyClient() called - returning mock client
[90mstdout[2m | src/components/RecordingStudio2.stories.jsx[2m > [22m[2mFor Question
[22m[39m[Mock Data] Question.observeQuery() called with filter: undefined
[90mstdout[2m | src/components/RecordingStudio2.stories.jsx[2m > [22m[2mFor Question
[22m[39m[Mock Data] Question.observeQuery() returning 0 items (filter applied) undefined
[90mstdout[2m | src/components/RecordingStudio2.stories.jsx[2m > [22m[2mFor Question
[22m[39m[Mock Data] Question subscription added. Total subscriptions: 1
[90mstdout[2m | src/components/RecordingStudio2.stories.jsx[2m > [22m[2mFor Question
[22m[39m[FilesContext] Initializing vector store from IndexedDB
[90mstdout[2m | src/components/RecordingStudio2.stories.jsx[2m > [22m[2mFor Question
[22m[39m[FilesContext] fetchFiles called
[90mstdout[2m | src/components/RecordingStudio2.stories.jsx[2m > [22m[2mFor Question
[22m[39m[FilesContext] User authenticated: mock-user-sub
[90mstdout[2m | src/components/RecordingStudio2.stories.jsx[2m > [22m[2mFor Question
[22m[39m[FilesContext] Identity ID: us-east-1:mock-identity-123
[90mstdout[2m | src/components/RecordingStudio2.stories.jsx[2m > [22m[2mFor Question
[22m[39m[FilesContext] About to subscribe to File model
[90mstdout[2m | src/components/RecordingStudio2.stories.jsx[2m > [22m[2mFor Question
[22m[39m[Mock Data] generateClient() called - returning mock client
[90mstdout[2m | src/components/RecordingStudio2.stories.jsx[2m > [22m[2mFor Question
[22m[39m[Mock amplifyClient] getAmplifyClient() called - returning mock client
[90mstdout[2m | src/components/RecordingStudio2.stories.jsx[2m > [22m[2mFor Question
[22m[39m[Mock Data] File.observeQuery() called with filter: undefined
[90mstdout[2m | src/components/RecordingStudio2.stories.jsx[2m > [22m[2mFor Question
[22m[39m[Mock Data] File.observeQuery() returning 6 items (filter applied) undefined
[90mstdout[2m | src/components/RecordingStudio2.stories.jsx[2m > [22m[2mFor Question
[22m[39m[Mock Data] File subscription added. Total subscriptions: 1
[90mstdout[2m | src/components/RecordingStudio2.stories.jsx[2m > [22m[2mFor Question
[22m[39m[Mock Data] generateClient() called - returning mock client
[90mstdout[2m | src/components/RecordingStudio2.stories.jsx[2m > [22m[2mFor Question
[22m[39m[Mock amplifyClient] getAmplifyClient() called - returning mock client
[90mstdout[2m | src/components/RecordingStudio2.stories.jsx[2m > [22m[2mFor Question
[22m[39m[Mock Data] Document.observeQuery() called with filter: undefined
[90mstdout[2m | src/components/RecordingStudio2.stories.jsx[2m > [22m[2mFor Question
[22m[39m[Mock Data] Document.observeQuery() returning 0 items (filter applied) undefined
[90mstdout[2m | src/components/RecordingStudio2.stories.jsx[2m > [22m[2mFor Question
[22m[39m[Mock Data] Document subscription added. Total subscriptions: 1
[90mstdout[2m | src/components/RecordingStudio2.stories.jsx[2m > [22m[2mFor Question
[22m[39m[ChatContext] Setting up observeQuery for AssistantChat
[90mstdout[2m | src/components/RecordingStudio2.stories.jsx[2m > [22m[2mFor Question
[22m[39m[Mock Data] AssistantChat.observeQuery() called with filter: {
  "sortDirection": "DESC",
  "sortField": "createdAt",
}
[90mstdout[2m | src/components/RecordingStudio2.stories.jsx[2m > [22m[2mFor Question
[22m[39m[Mock Data] AssistantChat.observeQuery() returning 1 items (filter applied) {
  "sortDirection": "DESC",
  "sortField": "createdAt",
}
[90mstdout[2m | src/components/RecordingStudio2.stories.jsx[2m > [22m[2mFor Question
[22m[39m[Mock Data] AssistantChat subscription added. Total subscriptions: 1
[90mstdout[2m | src/components/RecordingStudio2.stories.jsx[2m > [22m[2mFor Question
[22m[39m[ChatContext] Waiting for subscription to initialize
[90mstdout[2m | src/components/RecordingStudio2.stories.jsx[2m > [22m[2mFor Question
[22m[39m[SettingsContext] Setting up Settings subscription for user: mock-user-sub
[90mstdout[2m | src/components/RecordingStudio2.stories.jsx[2m > [22m[2mFor Question
[22m[39m[Mock Data] generateClient() called - returning mock client
[90mstdout[2m | src/components/RecordingStudio2.stories.jsx[2m > [22m[2mFor Question
[22m[39m[Mock amplifyClient] getAmplifyClient() called - returning mock client
[90mstdout[2m | src/components/RecordingStudio2.stories.jsx[2m > [22m[2mFor Question
[22m[39m[Mock Data] Settings.observeQuery() called with filter: undefined
[90mstdout[2m | src/components/RecordingStudio2.stories.jsx[2m > [22m[2mFor Question
[22m[39m[Mock Data] Settings.observeQuery() returning 0 items (filter applied) undefined
[90mstdout[2m | src/components/RecordingStudio2.stories.jsx[2m > [22m[2mFor Question
[22m[39m[Mock Data] Settings subscription added. Total subscriptions: 1
[90mstdout[2m | src/components/RecordingStudio2.stories.jsx[2m > [22m[2mFor Question
[22m[39m[SectionContext] Initial sections: 0 []
[90mstdout[2m | src/components/RecordingStudio2.stories.jsx[2m > [22m[2mFor Question
[22m[39m[Mock Data] Section.onCreate() called with filter: undefined
[90mstdout[2m | src/components/RecordingStudio2.stories.jsx[2m > [22m[2mFor Question
[22m[39m[Mock Data] Section.onCreate() subscription added. Total: 1
[90mstdout[2m | src/components/RecordingStudio2.stories.jsx[2m > [22m[2mFor Question
[22m[39m[Mock Data] Section.onUpdate() called with filter: undefined
[90mstdout[2m | src/components/RecordingStudio2.stories.jsx[2m > [22m[2mFor Question
[22m[39m[Mock Data] Section.onUpdate() subscription added. Total: 1
[90mstdout[2m | src/components/RecordingStudio2.stories.jsx[2m > [22m[2mFor Question
[22m[39m[Mock Data] Section.onDelete() called with filter: undefined
[90mstdout[2m | src/components/RecordingStudio2.stories.jsx[2m > [22m[2mFor Question
[22m[39m[Mock Data] Section.onDelete() subscription added. Total: 1
[90mstdout[2m | src/components/RecordingStudio2.stories.jsx[2m > [22m[2mFor Question
[22m[39m[Mock Data] Assignment.onCreate() called with filter: {
  "filter": {
    "unitID": {
      "eq": "mock-unit-id",
    },
  },
}
[90mstdout[2m | src/components/RecordingStudio2.stories.jsx[2m > [22m[2mFor Question
[22m[39m[Mock Data] Assignment.onCreate() subscription added. Total: 1
[90mstdout[2m | src/components/RecordingStudio2.stories.jsx[2m > [22m[2mFor Question
[22m[39m[Mock Data] Assignment.onUpdate() called with filter: {
  "filter": {
    "unitID": {
      "eq": "mock-unit-id",
    },
  },
}
[90mstdout[2m | src/components/RecordingStudio2.stories.jsx[2m > [22m[2mFor Question
[22m[39m[Mock Data] Assignment.onUpdate() subscription added. Total: 1
[90mstdout[2m | src/components/RecordingStudio2.stories.jsx[2m > [22m[2mFor Question
[22m[39m[Mock Data] Assignment.onDelete() called with filter: {
  "filter": {
    "unitID": {
      "eq": "mock-unit-id",
    },
  },
}
[90mstdout[2m | src/components/RecordingStudio2.stories.jsx[2m > [22m[2mFor Question
[22m[39m[Mock Data] Assignment.onDelete() subscription added. Total: 1
[90mstdout[2m | src/components/RecordingStudio2.stories.jsx[2m > [22m[2mFor Question
[22m[39m[FilesContext] File observeQuery subscription triggered:
[90mstdout[2m | src/components/RecordingStudio2.stories.jsx[2m > [22m[2mFor Question
[22m[39m  - items.length: 6
[90mstdout[2m | src/components/RecordingStudio2.stories.jsx[2m > [22m[2mFor Question
[22m[39m  - isSynced: true
[90mstdout[2m | src/components/RecordingStudio2.stories.jsx[2m > [22m[2mFor Question
[22m[39m  - items: [
  {
    "_deleted": null,
    "_lastChangedAt": 1767711773285,
    "_version": 1,
    "byHex": null,
    "createdAt": "2026-01-06T15:02:53.253Z",
    "description": "Japanese language textbook - Chapter 1",
    "document": Promise {},
    "documentID": "e01017e1-fe7a-4521-b71c-09ec31b18639",
    "duration": null,
    "embedding": null,
    "generated": null,
    "hex": null,
    "id": "a57d7833-5fa7-4cb7-8b7a-ce7c6e10e551",
    "identityId": "us-east-1:b0eadde9-f02c-c71b-17a6-22ffd37d89c8",
    "key": "files/Japanese Wind 1.pdf",
    "level": "protected",
    "mimeType": "application/pdf",
    "model": null,
    "name": "Japanese Wind 1.pdf",
    "owner": "64d81418-7021-701d-9fed-a4c2e0735711",
    "parsedContent": [Function anonymous],
    "parsedContentID": null,
    "path": "files/Japanese Wind 1.pdf",
    "prompt": null,
    "size": 4706654,
    "thumbnail": null,
    "type": "pdf",
    "updatedAt": "2026-01-06T15:02:53.253Z",
    "variant": null,
    "waveformData": null,
  },
  {
    "_version": 2,
    "createdAt": "2026-01-15T10:00:00.000Z",
    "description": "Sample report with vocabulary",
    "document": Promise {},
    "documentID": "cd824b5b-2c66-41f8-8571-aa6794ff590c",
    "generated": false,
    "id": "mock-pdf-file-2",
    "identityId": "us-east-1:mock-identity",
    "key": "files/report.pdf",
    "level": "protected",
    "mimeType": "application/pdf",
    "name": "report.pdf",
    "owner": "mock-user-id",
    "parsedContent": [Function anonymous],
    "path": "files/report.pdf",
    "size": 123456,
    "type": "pdf",
    "updatedAt": "2026-01-15T10:30:00.000Z",
  },
  {
    "_version": 3,
    "createdAt": "2026-01-14T08:00:00.000Z",
    "description": "Vocabulary lesson PDF with extracted content",
    "document": Promise {},
    "documentID": "mock-document-3",
    "generated": false,
    "id": "mock-pdf-file-3",
    "identityId": "us-east-1:mock-identity",
    "key": "files/vocabulary-lesson.pdf",
    "level": "public",
    "mimeType": "application/pdf",
    "name": "vocabulary-lesson.pdf",
    "owner": "mock-user-id",
    "parsedContent": [Function anonymous],
    "path": "files/vocabulary-lesson.pdf",
    "size": 567890,
    "type": "pdf",
    "updatedAt": "2026-01-14T08:45:00.000Z",
  },
  {
    "_version": 1,
    "createdAt": "2026-01-20T10:00:00.000Z",
    "description": "Sample pronunciation audio",
    "documentID": null,
    "duration": 3.5,
    "generated": true,
    "id": "mock-audio-file-1",
    "identityId": "us-east-1:mock-identity",
    "key": "audio/pronunciation-demo.mp3",
    "level": "public",
    "mimeType": "audio/mpeg",
    "name": "pronunciation-demo.mp3",
    "owner": "mock-user-id",
    "parsedContent": [Function anonymous],
    "path": "/story-mocks/cinematic-designed-sci-fi-whoosh-transition-nexawave-228295.mp3",
    "size": 56789,
    "type": "audio",
    "updatedAt": "2026-01-20T10:00:00.000Z",
    "waveformData": null,
  },
  {
    "_version": 1,
    "createdAt": "2026-01-19T14:30:00.000Z",
    "description": "Lesson introduction audio",
    "documentID": null,
    "duration": 5.2,
    "generated": false,
    "id": "mock-audio-file-2",
    "identityId": "us-east-1:mock-identity",
    "key": "audio/lesson-intro.mp3",
    "level": "public",
    "mimeType": "audio/mpeg",
    "name": "lesson-intro.mp3",
    "owner": "mock-user-id",
    "parsedContent": [Function anonymous],
    "path": "/story-mocks/descent-whoosh-long-cinematic-sound-effect-405921.mp3",
    "size": 87654,
    "type": "audio",
    "updatedAt": "2026-01-19T14:30:00.000Z",
    "waveformData": null,
  },
  {
    "_version": 1,
    "createdAt": "2026-01-18T09:15:00.000Z",
    "description": "Hiragana character chart",
    "documentID": null,
    "generated": false,
    "id": "mock-image-file-1",
    "identityId": "us-east-1:mock-identity",
    "key": "images/hiragana-chart.png",
    "level": "public",
    "mimeType": "image/png",
    "name": "hiragana-chart.png",
    "owner": "mock-user-id",
    "parsedContent": [Function anonymous],
    "path": "images/hiragana-chart.png",
    "size": 234567,
    "thumbnail": "thumbnails/hiragana-chart-thumb.png",
    "type": "image",
    "updatedAt": "2026-01-18T09:15:00.000Z",
  },
]
[90mstdout[2m | src/components/RecordingStudio2.stories.jsx[2m > [22m[2mFor Question
[22m[39m[FilesContext] Files count changed: 0 → 6
[90mstdout[2m | src/components/RecordingStudio2.stories.jsx[2m > [22m[2mFor Question
[22m[39m[MOCK CourseVectorStore] Initialized with mock data
[90mstdout[2m | src/components/RecordingStudio2.stories.jsx[2m > [22m[2mFor Question
[22m[39m[MOCK CourseVectorStore] Initialized with mock data
[90mstdout[2m | src/components/RecordingStudio2.stories.jsx[2m > [22m[2mFor Question
[22m[39mFileManager.mainColor #556cd6
[90mstdout[2m | src/components/RecordingStudio2.stories.jsx[2m > [22m[2mFor Question
[22m[39maudioFiles {}
[90mstdout[2m | src/components/RecordingStudio2.stories.jsx[2m > [22m[2mFor Question
[22m[39m_word, phrase, definition, pronunciation undefined undefined undefined
[90mstdout[2m | src/components/RecordingStudio2.stories.jsx[2m > [22m[2mFor Question
[22m[39maudioFile null
[90mstdout[2m | src/components/RecordingStudio2.stories.jsx[2m > [22m[2mFor Question
[22m[39m[ChatContext] AssistantChat query update: 1 items (synced)
[90mstdout[2m | src/components/RecordingStudio2.stories.jsx[2m > [22m[2mFor Question
[22m[39m[ChatContext] First item details: {
  "id": "mock-assistant-chat-1",
  "updatedAt": "2024-01-26T10:15:00.000Z",
}
[90mstdout[2m | src/components/RecordingStudio2.stories.jsx[2m > [22m[2mFor Question
[22m[39m[ChatContext] AssistantChat subscription initialized
[90mstdout[2m | src/components/RecordingStudio2.stories.jsx[2m > [22m[2mFor Question
[22m[39m[ChatContext] AssistantChat list updated: 1 chats
[90mstdout[2m | src/components/RecordingStudio2.stories.jsx[2m > [22m[2mFor Question
[22m[39m[Mock Data] Settings.create() called with: {
  "assistantVoice": "shimmer",
  "autoAnalyzeDocuments": true,
  "defaultAIModel": "gpt-4",
  "documentAnalysisModel": "gpt-4",
  "editorFontSize": 14,
  "editorTheme": "auto",
  "emailNotifications": true,
  "language": "en",
  "webhookNotifications": false,
}
[90mstdout[2m | src/components/RecordingStudio2.stories.jsx[2m > [22m[2mFor Question
[22m[39m[Mock Data] Settings created: mock-settings-1776336987275 - notified 1 subscribers
[90mstdout[2m | src/components/RecordingStudio2.stories.jsx[2m > [22m[2mFor Question
[22m[39m[FilesContext] Vector store population triggered {
  "currentVectorStoreSize": 3,
  "documentsCount": 0,
  "filesCount": 6,
  "isInitialLoad": true,
}
[90mstdout[2m | src/components/RecordingStudio2.stories.jsx[2m > [22m[2mFor Question
[22m[39m[FilesContext] Vector store population complete - 3 total embeddings
[90mstdout[2m | src/components/RecordingStudio2.stories.jsx[2m > [22m[2mFor Question
[22m[39m[ChatContext] Setting initial chat: mock-assistant-chat-1
[90mstdout[2m | src/components/RecordingStudio2.stories.jsx[2m > [22m[2mFor Question
[22m[39m[ChatContext] Chat exists and not archived, skipping creation
[90mstdout[2m | src/components/RecordingStudio2.stories.jsx[2m > [22m[2mWith Feedback
[22m[39m[Mock Data] Settings subscription unsubscribed. Remaining: 0
[90mstdout[2m | src/components/RecordingStudio2.stories.jsx[2m > [22m[2mWith Feedback
[22m[39m[ChatContext] Cleaning up subscription
[90mstdout[2m | src/components/RecordingStudio2.stories.jsx[2m > [22m[2mWith Feedback
[22m[39m[Mock Data] AssistantChat subscription unsubscribed. Remaining: 0
[90mstdout[2m | src/components/RecordingStudio2.stories.jsx[2m > [22m[2mWith Feedback
[22m[39m[Mock Data] File subscription unsubscribed. Remaining: 0
[90mstdout[2m | src/components/RecordingStudio2.stories.jsx[2m > [22m[2mWith Feedback
[22m[39m[Mock Data] Document subscription unsubscribed. Remaining: 0
[90mstdout[2m | src/components/RecordingStudio2.stories.jsx[2m > [22m[2mWith Feedback
[22m[39m[Mock Data] Word subscription unsubscribed. Remaining: 0
[90mstdout[2m | src/components/RecordingStudio2.stories.jsx[2m > [22m[2mWith Feedback
[22m[39m[Mock Data] Question subscription unsubscribed. Remaining: 0
[90mstdout[2m | src/components/RecordingStudio2.stories.jsx[2m > [22m[2mWith Feedback
[22m[39m[Mock Data] Grade subscription unsubscribed. Remaining: 0
[90mstdout[2m | src/components/RecordingStudio2.stories.jsx[2m > [22m[2mWith Feedback
[22m[39m[Mock Data] Unit subscription unsubscribed. Remaining: 0
[90mstdout[2m | src/components/RecordingStudio2.stories.jsx[2m > [22m[2mWith Feedback
[22m[39m[SectionContext] Cleaning up subscriptions
[90mstdout[2m | src/components/RecordingStudio2.stories.jsx[2m > [22m[2mWith Feedback
[22m[39m[Mock Data] Section.onCreate() subscription removed. Remaining: 0
[90mstdout[2m | src/components/RecordingStudio2.stories.jsx[2m > [22m[2mWith Feedback
[22m[39m[Mock Data] Section.onUpdate() subscription removed. Remaining: 0
[90mstdout[2m | src/components/RecordingStudio2.stories.jsx[2m > [22m[2mWith Feedback
[22m[39m[Mock Data] Section.onDelete() subscription removed. Remaining: 0
[90mstdout[2m | src/components/RecordingStudio2.stories.jsx[2m > [22m[2mWith Feedback
[22m[39m[Mock Data] Assignment.onCreate() subscription removed. Remaining: 0
[90mstdout[2m | src/components/RecordingStudio2.stories.jsx[2m > [22m[2mWith Feedback
[22m[39m[Mock Data] Assignment.onUpdate() subscription removed. Remaining: 0
[90mstdout[2m | src/components/RecordingStudio2.stories.jsx[2m > [22m[2mWith Feedback
[22m[39m[Mock Data] Assignment.onDelete() subscription removed. Remaining: 0
[90mstdout[2m | src/components/RecordingStudio2.stories.jsx[2m > [22m[2mWith Feedback
[22m[39m[Mock Data] Clearing all data stores
[90mstdout[2m | src/components/RecordingStudio2.stories.jsx[2m > [22m[2mWith Feedback
[22m[39m[Mock Data] All data stores cleared
[90mstdout[2m | src/components/RecordingStudio2.stories.jsx[2m > [22m[2mWith Feedback
[22m[39m[Preview] Cleared mock data for story
[90mstdout[2m | src/components/RecordingStudio2.stories.jsx[2m > [22m[2mWith Feedback
[22m[39m[Mock Data Gen 2] Initializing mock data
[90mstdout[2m | src/components/RecordingStudio2.stories.jsx[2m > [22m[2mWith Feedback
[22m[39m[Mock Data] seedMockAssistantChats: Replacing with 1 assistant chats
[90mstdout[2m | src/components/RecordingStudio2.stories.jsx[2m > [22m[2mWith Feedback
[22m[39m[Mock Data Gen 2] Seeded AssistantChat: mock-assistant-chat-1
[90mstdout[2m | src/components/RecordingStudio2.stories.jsx[2m > [22m[2mWith Feedback
[22m[39m[Mock Data] seedMockFiles: Adding 6 files
[90mstdout[2m | src/components/RecordingStudio2.stories.jsx[2m > [22m[2mWith Feedback
[22m[39m[Mock Data Gen 2] Seeded Files: 6
[90mstdout[2m | src/components/RecordingStudio2.stories.jsx[2m > [22m[2mWith Feedback
[22m[39m[Mock Data Gen 2] Initializing mock data
[90mstdout[2m | src/components/RecordingStudio2.stories.jsx[2m > [22m[2mWith Feedback
[22m[39m[Mock Data] seedMockAssistantChats: Replacing with 1 assistant chats
[90mstdout[2m | src/components/RecordingStudio2.stories.jsx[2m > [22m[2mWith Feedback
[22m[39m[Mock Data Gen 2] Seeded AssistantChat: mock-assistant-chat-1
[90mstdout[2m | src/components/RecordingStudio2.stories.jsx[2m > [22m[2mWith Feedback
[22m[39m[Mock Data] seedMockFiles: Adding 6 files
[90mstdout[2m | src/components/RecordingStudio2.stories.jsx[2m > [22m[2mWith Feedback
[22m[39m[Mock Data Gen 2] Seeded Files: 6
[90mstdout[2m | src/components/RecordingStudio2.stories.jsx[2m > [22m[2mWith Feedback
[22m[39m[Preview] Initialized default mock data for story
[90mstdout[2m | src/components/RecordingStudio2.stories.jsx[2m > [22m[2mWith Feedback
[22m[39m[Mock AuthContext] Providing auth: {
  "error": undefined,
  "isLoading": false,
  "session": {
    "idToken": {
      "toString": [Function toString],
    },
    "identityId": "us-east-1:mock-identity-123",
    "username": "mock-user-sub",
  },
  "user": {
    "attributes": {
      "email": "alice@example.com",
      "name": "Alice Student",
      "sub": "mock-user-sub",
    },
  },
}
[90mstdout[2m | src/components/RecordingStudio2.stories.jsx[2m > [22m[2mWith Feedback
[22m[39m[Mock Data] generateClient() called - returning mock client
[90mstdout[2m | src/components/RecordingStudio2.stories.jsx[2m > [22m[2mWith Feedback
[22m[39m[Mock amplifyClient] getAmplifyClient() called - returning mock client
[90mstdout[2m | src/components/RecordingStudio2.stories.jsx[2m > [22m[2mWith Feedback
[22m[39m[MOCK CourseVectorStore] Initialized with mock data
[90mstdout[2m | src/components/RecordingStudio2.stories.jsx[2m > [22m[2mWith Feedback
[22m[39m[TranslationModeController] Setting mode to: off
[90mstdout[2m | src/components/RecordingStudio2.stories.jsx[2m > [22m[2mWith Feedback
[22m[39m[SectionContext] useEffect triggered {
  "authLoading": false,
  "hasUser": true,
  "userSub": "mock-user-sub",
}
[90mstdout[2m | src/components/RecordingStudio2.stories.jsx[2m > [22m[2mWith Feedback
[22m[39m[SectionContext] Fetching sections for userId: mock-user-sub
[90mstdout[2m | src/components/RecordingStudio2.stories.jsx[2m > [22m[2mWith Feedback
[22m[39m[Mock Data] generateClient() called - returning mock client
[90mstdout[2m | src/components/RecordingStudio2.stories.jsx[2m > [22m[2mWith Feedback
[22m[39m[Mock amplifyClient] getAmplifyClient() called - returning mock client
[90mstdout[2m | src/components/RecordingStudio2.stories.jsx[2m > [22m[2mWith Feedback
[22m[39m[Mock Data] Section.list() called with options: undefined
[90mstdout[2m | src/components/RecordingStudio2.stories.jsx[2m > [22m[2mWith Feedback
[22m[39m[Mock Data] generateClient() called - returning mock client
[90mstdout[2m | src/components/RecordingStudio2.stories.jsx[2m > [22m[2mWith Feedback
[22m[39m[Mock amplifyClient] getAmplifyClient() called - returning mock client
[90mstdout[2m | src/components/RecordingStudio2.stories.jsx[2m > [22m[2mWith Feedback
[22m[39m[Mock Data] Assignment.list() called with options: {
  "filter": {
    "unitID": {
      "eq": "mock-unit-id",
    },
  },
}
[90mstdout[2m | src/components/RecordingStudio2.stories.jsx[2m > [22m[2mWith Feedback
[22m[39m[Mock Data] generateClient() called - returning mock client
[90mstdout[2m | src/components/RecordingStudio2.stories.jsx[2m > [22m[2mWith Feedback
[22m[39m[Mock amplifyClient] getAmplifyClient() called - returning mock client
[90mstdout[2m | src/components/RecordingStudio2.stories.jsx[2m > [22m[2mWith Feedback
[22m[39m[Mock Data] Grade.observeQuery() called with filter: {
  "filter": {
    "unitID": {
      "eq": "mock-unit-id",
    },
  },
}
[90mstdout[2m | src/components/RecordingStudio2.stories.jsx[2m > [22m[2mWith Feedback
[22m[39m[Mock Data] Grade.observeQuery() applying filter: {
  "unitID": {
    "eq": "mock-unit-id",
  },
}
[90mstdout[2m | src/components/RecordingStudio2.stories.jsx[2m > [22m[2mWith Feedback
[22m[39m[Mock Data] Grade.observeQuery() items before filter: 0
[90mstdout[2m | src/components/RecordingStudio2.stories.jsx[2m > [22m[2mWith Feedback
[22m[39m[Mock Data] Grade.observeQuery() items after filter: 0
[90mstdout[2m | src/components/RecordingStudio2.stories.jsx[2m > [22m[2mWith Feedback
[22m[39m[Mock Data] Grade.observeQuery() returning 0 items (filter applied) {
  "filter": {
    "unitID": {
      "eq": "mock-unit-id",
    },
  },
}
[90mstdout[2m | src/components/RecordingStudio2.stories.jsx[2m > [22m[2mWith Feedback
[22m[39m[Mock Data] Grade subscription added. Total subscriptions: 1
[90mstdout[2m | src/components/RecordingStudio2.stories.jsx[2m > [22m[2mWith Feedback
[22m[39m[UnitContext] useEffect triggered {
  "authLoading": false,
  "hasUser": true,
  "id": "mock-unit-id",
  "userSub": "mock-user-sub",
}
[90mstdout[2m | src/components/RecordingStudio2.stories.jsx[2m > [22m[2mWith Feedback
[22m[39m[UnitContext] Fetching unit data for id: mock-unit-id
[90mstdout[2m | src/components/RecordingStudio2.stories.jsx[2m > [22m[2mWith Feedback
[22m[39m[Mock Data] generateClient() called - returning mock client
[90mstdout[2m | src/components/RecordingStudio2.stories.jsx[2m > [22m[2mWith Feedback
[22m[39m[Mock amplifyClient] getAmplifyClient() called - returning mock client
[90mstdout[2m | src/components/RecordingStudio2.stories.jsx[2m > [22m[2mWith Feedback
[22m[39m[Mock Data] Unit.observeQuery() called with filter: {
  "filter": {
    "id": {
      "eq": "mock-unit-id",
    },
  },
}
[90mstdout[2m | src/components/RecordingStudio2.stories.jsx[2m > [22m[2mWith Feedback
[22m[39m[Mock Data] Unit.observeQuery() applying filter: {
  "id": {
    "eq": "mock-unit-id",
  },
}
[90mstdout[2m | src/components/RecordingStudio2.stories.jsx[2m > [22m[2mWith Feedback
[22m[39m[Mock Data] Unit.observeQuery() items before filter: 0
[90mstdout[2m | src/components/RecordingStudio2.stories.jsx[2m > [22m[2mWith Feedback
[22m[39m[Mock Data] Unit.observeQuery() items after filter: 0
[90mstdout[2m | src/components/RecordingStudio2.stories.jsx[2m > [22m[2mWith Feedback
[22m[39m[Mock Data] Unit.observeQuery() returning 0 items (filter applied) {
  "filter": {
    "id": {
      "eq": "mock-unit-id",
    },
  },
}
[90mstdout[2m | src/components/RecordingStudio2.stories.jsx[2m > [22m[2mWith Feedback
[22m[39m[Mock Data] Unit subscription added. Total subscriptions: 1
[90mstdout[2m | src/components/RecordingStudio2.stories.jsx[2m > [22m[2mWith Feedback
[22m[39m[Mock Data] generateClient() called - returning mock client
[90mstdout[2m | src/components/RecordingStudio2.stories.jsx[2m > [22m[2mWith Feedback
[22m[39m[Mock amplifyClient] getAmplifyClient() called - returning mock client
[90mstdout[2m | src/components/RecordingStudio2.stories.jsx[2m > [22m[2mWith Feedback
[22m[39m[Mock Data] Word.observeQuery() called with filter: undefined
[90mstdout[2m | src/components/RecordingStudio2.stories.jsx[2m > [22m[2mWith Feedback
[22m[39m[Mock Data] Word.observeQuery() returning 0 items (filter applied) undefined
[90mstdout[2m | src/components/RecordingStudio2.stories.jsx[2m > [22m[2mWith Feedback
[22m[39m[Mock Data] Word subscription added. Total subscriptions: 1
[90mstdout[2m | src/components/RecordingStudio2.stories.jsx[2m > [22m[2mWith Feedback
[22m[39m[Mock Data] generateClient() called - returning mock client
[90mstdout[2m | src/components/RecordingStudio2.stories.jsx[2m > [22m[2mWith Feedback
[22m[39m[Mock amplifyClient] getAmplifyClient() called - returning mock client
[90mstdout[2m | src/components/RecordingStudio2.stories.jsx[2m > [22m[2mWith Feedback
[22m[39m[Mock Data] Question.observeQuery() called with filter: undefined
[90mstdout[2m | src/components/RecordingStudio2.stories.jsx[2m > [22m[2mWith Feedback
[22m[39m[Mock Data] Question.observeQuery() returning 0 items (filter applied) undefined
[90mstdout[2m | src/components/RecordingStudio2.stories.jsx[2m > [22m[2mWith Feedback
[22m[39m[Mock Data] Question subscription added. Total subscriptions: 1
[90mstdout[2m | src/components/RecordingStudio2.stories.jsx[2m > [22m[2mWith Feedback
[22m[39m[FilesContext] Initializing vector store from IndexedDB
[90mstdout[2m | src/components/RecordingStudio2.stories.jsx[2m > [22m[2mWith Feedback
[22m[39m[FilesContext] fetchFiles called
[90mstdout[2m | src/components/RecordingStudio2.stories.jsx[2m > [22m[2mWith Feedback
[22m[39m[FilesContext] User authenticated: mock-user-sub
[90mstdout[2m | src/components/RecordingStudio2.stories.jsx[2m > [22m[2mWith Feedback
[22m[39m[FilesContext] Identity ID: us-east-1:mock-identity-123
[90mstdout[2m | src/components/RecordingStudio2.stories.jsx[2m > [22m[2mWith Feedback
[22m[39m[FilesContext] About to subscribe to File model
[90mstdout[2m | src/components/RecordingStudio2.stories.jsx[2m > [22m[2mWith Feedback
[22m[39m[Mock Data] generateClient() called - returning mock client
[90mstdout[2m | src/components/RecordingStudio2.stories.jsx[2m > [22m[2mWith Feedback
[22m[39m[Mock amplifyClient] getAmplifyClient() called - returning mock client
[90mstdout[2m | src/components/RecordingStudio2.stories.jsx[2m > [22m[2mWith Feedback
[22m[39m[Mock Data] File.observeQuery() called with filter: undefined
[90mstdout[2m | src/components/RecordingStudio2.stories.jsx[2m > [22m[2mWith Feedback
[22m[39m[Mock Data] File.observeQuery() returning 6 items (filter applied) undefined
[90mstdout[2m | src/components/RecordingStudio2.stories.jsx[2m > [22m[2mWith Feedback
[22m[39m[Mock Data] File subscription added. Total subscriptions: 1
[90mstdout[2m | src/components/RecordingStudio2.stories.jsx[2m > [22m[2mWith Feedback
[22m[39m[Mock Data] generateClient() called - returning mock client
[90mstdout[2m | src/components/RecordingStudio2.stories.jsx[2m > [22m[2mWith Feedback
[22m[39m[Mock amplifyClient] getAmplifyClient() called - returning mock client
[90mstdout[2m | src/components/RecordingStudio2.stories.jsx[2m > [22m[2mWith Feedback
[22m[39m[Mock Data] Document.observeQuery() called with filter: undefined
[90mstdout[2m | src/components/RecordingStudio2.stories.jsx[2m > [22m[2mWith Feedback
[22m[39m[Mock Data] Document.observeQuery() returning 0 items (filter applied) undefined
[90mstdout[2m | src/components/RecordingStudio2.stories.jsx[2m > [22m[2mWith Feedback
[22m[39m[Mock Data] Document subscription added. Total subscriptions: 1
[90mstdout[2m | src/components/RecordingStudio2.stories.jsx[2m > [22m[2mWith Feedback
[22m[39m[ChatContext] Setting up observeQuery for AssistantChat
[90mstdout[2m | src/components/RecordingStudio2.stories.jsx[2m > [22m[2mWith Feedback
[22m[39m[Mock Data] AssistantChat.observeQuery() called with filter: {
  "sortDirection": "DESC",
  "sortField": "createdAt",
}
[90mstdout[2m | src/components/RecordingStudio2.stories.jsx[2m > [22m[2mWith Feedback
[22m[39m[Mock Data] AssistantChat.observeQuery() returning 1 items (filter applied) {
  "sortDirection": "DESC",
  "sortField": "createdAt",
}
[90mstdout[2m | src/components/RecordingStudio2.stories.jsx[2m > [22m[2mWith Feedback
[22m[39m[Mock Data] AssistantChat subscription added. Total subscriptions: 1
[90mstdout[2m | src/components/RecordingStudio2.stories.jsx[2m > [22m[2mWith Feedback
[22m[39m[ChatContext] Waiting for subscription to initialize
[90mstdout[2m | src/components/RecordingStudio2.stories.jsx[2m > [22m[2mWith Feedback
[22m[39m[SettingsContext] Setting up Settings subscription for user: mock-user-sub
[90mstdout[2m | src/components/RecordingStudio2.stories.jsx[2m > [22m[2mWith Feedback
[22m[39m[Mock Data] generateClient() called - returning mock client
[90mstdout[2m | src/components/RecordingStudio2.stories.jsx[2m > [22m[2mWith Feedback
[22m[39m[Mock amplifyClient] getAmplifyClient() called - returning mock client
[90mstdout[2m | src/components/RecordingStudio2.stories.jsx[2m > [22m[2mWith Feedback
[22m[39m[Mock Data] Settings.observeQuery() called with filter: undefined
[90mstdout[2m | src/components/RecordingStudio2.stories.jsx[2m > [22m[2mWith Feedback
[22m[39m[Mock Data] Settings.observeQuery() returning 0 items (filter applied) undefined
[90mstdout[2m | src/components/RecordingStudio2.stories.jsx[2m > [22m[2mWith Feedback
[22m[39m[Mock Data] Settings subscription added. Total subscriptions: 1
[90mstdout[2m | src/components/RecordingStudio2.stories.jsx[2m > [22m[2mWith Feedback
[22m[39m[SectionContext] Initial sections: 0 []
[90mstdout[2m | src/components/RecordingStudio2.stories.jsx[2m > [22m[2mWith Feedback
[22m[39m[Mock Data] Section.onCreate() called with filter: undefined
[90mstdout[2m | src/components/RecordingStudio2.stories.jsx[2m > [22m[2mWith Feedback
[22m[39m[Mock Data] Section.onCreate() subscription added. Total: 1
[90mstdout[2m | src/components/RecordingStudio2.stories.jsx[2m > [22m[2mWith Feedback
[22m[39m[Mock Data] Section.onUpdate() called with filter: undefined
[90mstdout[2m | src/components/RecordingStudio2.stories.jsx[2m > [22m[2mWith Feedback
[22m[39m[Mock Data] Section.onUpdate() subscription added. Total: 1
[90mstdout[2m | src/components/RecordingStudio2.stories.jsx[2m > [22m[2mWith Feedback
[22m[39m[Mock Data] Section.onDelete() called with filter: undefined
[90mstdout[2m | src/components/RecordingStudio2.stories.jsx[2m > [22m[2mWith Feedback
[22m[39m[Mock Data] Section.onDelete() subscription added. Total: 1
[90mstdout[2m | src/components/RecordingStudio2.stories.jsx[2m > [22m[2mWith Feedback
[22m[39m[Mock Data] Assignment.onCreate() called with filter: {
  "filter": {
    "unitID": {
      "eq": "mock-unit-id",
    },
  },
}
[90mstdout[2m | src/components/RecordingStudio2.stories.jsx[2m > [22m[2mWith Feedback
[22m[39m[Mock Data] Assignment.onCreate() subscription added. Total: 1
[90mstdout[2m | src/components/RecordingStudio2.stories.jsx[2m > [22m[2mWith Feedback
[22m[39m[Mock Data] Assignment.onUpdate() called with filter: {
  "filter": {
    "unitID": {
      "eq": "mock-unit-id",
    },
  },
}
[90mstdout[2m | src/components/RecordingStudio2.stories.jsx[2m > [22m[2mWith Feedback
[22m[39m[Mock Data] Assignment.onUpdate() subscription added. Total: 1
[90mstdout[2m | src/components/RecordingStudio2.stories.jsx[2m > [22m[2mWith Feedback
[22m[39m[Mock Data] Assignment.onDelete() called with filter: {
  "filter": {
    "unitID": {
      "eq": "mock-unit-id",
    },
  },
}
[90mstdout[2m | src/components/RecordingStudio2.stories.jsx[2m > [22m[2mWith Feedback
[22m[39m[Mock Data] Assignment.onDelete() subscription added. Total: 1
[90mstdout[2m | src/components/RecordingStudio2.stories.jsx[2m > [22m[2mWith Feedback
[22m[39m[FilesContext] File observeQuery subscription triggered:
[90mstdout[2m | src/components/RecordingStudio2.stories.jsx[2m > [22m[2mWith Feedback
[22m[39m  - items.length: 6
[90mstdout[2m | src/components/RecordingStudio2.stories.jsx[2m > [22m[2mWith Feedback
[22m[39m  - isSynced: true
[90mstdout[2m | src/components/RecordingStudio2.stories.jsx[2m > [22m[2mWith Feedback
[22m[39m  - items: [
  {
    "_deleted": null,
    "_lastChangedAt": 1767711773285,
    "_version": 1,
    "byHex": null,
    "createdAt": "2026-01-06T15:02:53.253Z",
    "description": "Japanese language textbook - Chapter 1",
    "document": Promise {},
    "documentID": "e01017e1-fe7a-4521-b71c-09ec31b18639",
    "duration": null,
    "embedding": null,
    "generated": null,
    "hex": null,
    "id": "a57d7833-5fa7-4cb7-8b7a-ce7c6e10e551",
    "identityId": "us-east-1:b0eadde9-f02c-c71b-17a6-22ffd37d89c8",
    "key": "files/Japanese Wind 1.pdf",
    "level": "protected",
    "mimeType": "application/pdf",
    "model": null,
    "name": "Japanese Wind 1.pdf",
    "owner": "64d81418-7021-701d-9fed-a4c2e0735711",
    "parsedContent": [Function anonymous],
    "parsedContentID": null,
    "path": "files/Japanese Wind 1.pdf",
    "prompt": null,
    "size": 4706654,
    "thumbnail": null,
    "type": "pdf",
    "updatedAt": "2026-01-06T15:02:53.253Z",
    "variant": null,
    "waveformData": null,
  },
  {
    "_version": 2,
    "createdAt": "2026-01-15T10:00:00.000Z",
    "description": "Sample report with vocabulary",
    "document": Promise {},
    "documentID": "cd824b5b-2c66-41f8-8571-aa6794ff590c",
    "generated": false,
    "id": "mock-pdf-file-2",
    "identityId": "us-east-1:mock-identity",
    "key": "files/report.pdf",
    "level": "protected",
    "mimeType": "application/pdf",
    "name": "report.pdf",
    "owner": "mock-user-id",
    "parsedContent": [Function anonymous],
    "path": "files/report.pdf",
    "size": 123456,
    "type": "pdf",
    "updatedAt": "2026-01-15T10:30:00.000Z",
  },
  {
    "_version": 3,
    "createdAt": "2026-01-14T08:00:00.000Z",
    "description": "Vocabulary lesson PDF with extracted content",
    "document": Promise {},
    "documentID": "mock-document-3",
    "generated": false,
    "id": "mock-pdf-file-3",
    "identityId": "us-east-1:mock-identity",
    "key": "files/vocabulary-lesson.pdf",
    "level": "public",
    "mimeType": "application/pdf",
    "name": "vocabulary-lesson.pdf",
    "owner": "mock-user-id",
    "parsedContent": [Function anonymous],
    "path": "files/vocabulary-lesson.pdf",
    "size": 567890,
    "type": "pdf",
    "updatedAt": "2026-01-14T08:45:00.000Z",
  },
  {
    "_version": 1,
    "createdAt": "2026-01-20T10:00:00.000Z",
    "description": "Sample pronunciation audio",
    "documentID": null,
    "duration": 3.5,
    "generated": true,
    "id": "mock-audio-file-1",
    "identityId": "us-east-1:mock-identity",
    "key": "audio/pronunciation-demo.mp3",
    "level": "public",
    "mimeType": "audio/mpeg",
    "name": "pronunciation-demo.mp3",
    "owner": "mock-user-id",
    "parsedContent": [Function anonymous],
    "path": "/story-mocks/cinematic-designed-sci-fi-whoosh-transition-nexawave-228295.mp3",
    "size": 56789,
    "type": "audio",
    "updatedAt": "2026-01-20T10:00:00.000Z",
    "waveformData": null,
  },
  {
    "_version": 1,
    "createdAt": "2026-01-19T14:30:00.000Z",
    "description": "Lesson introduction audio",
    "documentID": null,
    "duration": 5.2,
    "generated": false,
    "id": "mock-audio-file-2",
    "identityId": "us-east-1:mock-identity",
    "key": "audio/lesson-intro.mp3",
    "level": "public",
    "mimeType": "audio/mpeg",
    "name": "lesson-intro.mp3",
    "owner": "mock-user-id",
    "parsedContent": [Function anonymous],
    "path": "/story-mocks/descent-whoosh-long-cinematic-sound-effect-405921.mp3",
    "size": 87654,
    "type": "audio",
    "updatedAt": "2026-01-19T14:30:00.000Z",
    "waveformData": null,
  },
  {
    "_version": 1,
    "createdAt": "2026-01-18T09:15:00.000Z",
    "description": "Hiragana character chart",
    "documentID": null,
    "generated": false,
    "id": "mock-image-file-1",
    "identityId": "us-east-1:mock-identity",
    "key": "images/hiragana-chart.png",
    "level": "public",
    "mimeType": "image/png",
    "name": "hiragana-chart.png",
    "owner": "mock-user-id",
    "parsedContent": [Function anonymous],
    "path": "images/hiragana-chart.png",
    "size": 234567,
    "thumbnail": "thumbnails/hiragana-chart-thumb.png",
    "type": "image",
    "updatedAt": "2026-01-18T09:15:00.000Z",
  },
]
[90mstdout[2m | src/components/RecordingStudio2.stories.jsx[2m > [22m[2mWith Feedback
[22m[39m[ChatContext] AssistantChat query update: 1 items (synced)
[90mstdout[2m | src/components/RecordingStudio2.stories.jsx[2m > [22m[2mWith Feedback
[22m[39m[ChatContext] First item details: {
  "id": "mock-assistant-chat-1",
  "updatedAt": "2024-01-26T10:15:00.000Z",
}
[90mstdout[2m | src/components/RecordingStudio2.stories.jsx[2m > [22m[2mWith Feedback
[22m[39m[ChatContext] AssistantChat subscription initialized
[90mstdout[2m | src/components/RecordingStudio2.stories.jsx[2m > [22m[2mWith Feedback
[22m[39m[ChatContext] AssistantChat list updated: 1 chats
[90mstdout[2m | src/components/RecordingStudio2.stories.jsx[2m > [22m[2mWith Feedback
[22m[39m[ChatContext] Setting initial chat: mock-assistant-chat-1
[90mstdout[2m | src/components/RecordingStudio2.stories.jsx[2m > [22m[2mWith Feedback
[22m[39m[FilesContext] Files count changed: 0 → 6
[90mstdout[2m | src/components/RecordingStudio2.stories.jsx[2m > [22m[2mWith Feedback
[22m[39m[MOCK CourseVectorStore] Initialized with mock data
[90mstdout[2m | src/components/RecordingStudio2.stories.jsx[2m > [22m[2mWith Feedback
[22m[39m[MOCK CourseVectorStore] Initialized with mock data
[90mstdout[2m | src/components/RecordingStudio2.stories.jsx[2m > [22m[2mWith Feedback
[22m[39mFileManager.mainColor #556cd6
[90mstdout[2m | src/components/RecordingStudio2.stories.jsx[2m > [22m[2mWith Feedback
[22m[39maudioFiles {}
[90mstdout[2m | src/components/RecordingStudio2.stories.jsx[2m > [22m[2mWith Feedback
[22m[39m_word, phrase, definition, pronunciation bonjour hello; good day bohn-ZHOOR
[90mstdout[2m | src/components/RecordingStudio2.stories.jsx[2m > [22m[2mWith Feedback
[22m[39maudioFile null
[90mstdout[2m | src/components/RecordingStudio2.stories.jsx[2m > [22m[2mWith Feedback
[22m[39m[Mock Data] Settings.create() called with: {
  "assistantVoice": "shimmer",
  "autoAnalyzeDocuments": true,
  "defaultAIModel": "gpt-4",
  "documentAnalysisModel": "gpt-4",
  "editorFontSize": 14,
  "editorTheme": "auto",
  "emailNotifications": true,
  "language": "en",
  "webhookNotifications": false,
}
[90mstdout[2m | src/components/RecordingStudio2.stories.jsx[2m > [22m[2mWith Feedback
[22m[39m[Mock Data] Settings created: mock-settings-1776336987415 - notified 1 subscribers
[90mstdout[2m | src/components/RecordingStudio2.stories.jsx[2m > [22m[2mWith Feedback
[22m[39m[FilesContext] Vector store population triggered {
  "currentVectorStoreSize": 3,
  "documentsCount": 0,
  "filesCount": 6,
  "isInitialLoad": true,
}
[90mstdout[2m | src/components/RecordingStudio2.stories.jsx[2m > [22m[2mWith Feedback
[22m[39m[FilesContext] Vector store population complete - 3 total embeddings
[90mstdout[2m | src/components/RecordingStudio2.stories.jsx[2m > [22m[2mWith Feedback
[22m[39m[ChatContext] Chat exists and not archived, skipping creation
[90mstdout[2m | src/components/RecordingStudio2.stories.jsx[2m > [22m[2mWith Recorded Answer
[22m[39m[Mock Data] Settings subscription unsubscribed. Remaining: 0
[90mstdout[2m | src/components/RecordingStudio2.stories.jsx[2m > [22m[2mWith Recorded Answer
[22m[39m[ChatContext] Cleaning up subscription
[90mstdout[2m | src/components/RecordingStudio2.stories.jsx[2m > [22m[2mWith Recorded Answer
[22m[39m[Mock Data] AssistantChat subscription unsubscribed. Remaining: 0
[90mstdout[2m | src/components/RecordingStudio2.stories.jsx[2m > [22m[2mWith Recorded Answer
[22m[39m[Mock Data] File subscription unsubscribed. Remaining: 0
[90mstdout[2m | src/components/RecordingStudio2.stories.jsx[2m > [22m[2mWith Recorded Answer
[22m[39m[Mock Data] Document subscription unsubscribed. Remaining: 0
[90mstdout[2m | src/components/RecordingStudio2.stories.jsx[2m > [22m[2mWith Recorded Answer
[22m[39m[Mock Data] Word subscription unsubscribed. Remaining: 0
[90mstdout[2m | src/components/RecordingStudio2.stories.jsx[2m > [22m[2mWith Recorded Answer
[22m[39m[Mock Data] Question subscription unsubscribed. Remaining: 0
[90mstdout[2m | src/components/RecordingStudio2.stories.jsx[2m > [22m[2mWith Recorded Answer
[22m[39m[Mock Data] Grade subscription unsubscribed. Remaining: 0
[90mstdout[2m | src/components/RecordingStudio2.stories.jsx[2m > [22m[2mWith Recorded Answer
[22m[39m[Mock Data] Unit subscription unsubscribed. Remaining: 0
[90mstdout[2m | src/components/RecordingStudio2.stories.jsx[2m > [22m[2mWith Recorded Answer
[22m[39m[SectionContext] Cleaning up subscriptions
[90mstdout[2m | src/components/RecordingStudio2.stories.jsx[2m > [22m[2mWith Recorded Answer
[22m[39m[Mock Data] Section.onCreate() subscription removed. Remaining: 0
[90mstdout[2m | src/components/RecordingStudio2.stories.jsx[2m > [22m[2mWith Recorded Answer
[22m[39m[Mock Data] Section.onUpdate() subscription removed. Remaining: 0
[90mstdout[2m | src/components/RecordingStudio2.stories.jsx[2m > [22m[2mWith Recorded Answer
[22m[39m[Mock Data] Section.onDelete() subscription removed. Remaining: 0
[90mstdout[2m | src/components/RecordingStudio2.stories.jsx[2m > [22m[2mWith Recorded Answer
[22m[39m[Mock Data] Assignment.onCreate() subscription removed. Remaining: 0
[90mstdout[2m | src/components/RecordingStudio2.stories.jsx[2m > [22m[2mWith Recorded Answer
[22m[39m[Mock Data] Assignment.onUpdate() subscription removed. Remaining: 0
[90mstdout[2m | src/components/RecordingStudio2.stories.jsx[2m > [22m[2mWith Recorded Answer
[22m[39m[Mock Data] Assignment.onDelete() subscription removed. Remaining: 0
[90mstdout[2m | src/components/RecordingStudio2.stories.jsx[2m > [22m[2mWith Recorded Answer
[22m[39m[Mock Data] Clearing all data stores
[90mstdout[2m | src/components/RecordingStudio2.stories.jsx[2m > [22m[2mWith Recorded Answer
[22m[39m[Mock Data] All data stores cleared
[90mstdout[2m | src/components/RecordingStudio2.stories.jsx[2m > [22m[2mWith Recorded Answer
[22m[39m[Preview] Cleared mock data for story
[90mstdout[2m | src/components/RecordingStudio2.stories.jsx[2m > [22m[2mWith Recorded Answer
[22m[39m[Preview] Skipped initializing default mock data (initializeMockData=false)
[90mstdout[2m | src/components/RecordingStudio2.stories.jsx[2m > [22m[2mWith Recorded Answer
[22m[39m[Mock AuthContext] Providing auth: {
  "error": undefined,
  "isLoading": false,
  "session": {
    "idToken": {
      "toString": [Function toString],
    },
    "identityId": "us-east-1:mock-identity-123",
    "username": "mock-user-sub",
  },
  "user": {
    "attributes": {
      "email": "alice@example.com",
      "name": "Alice Student",
      "sub": "mock-user-sub",
    },
  },
}
[90mstdout[2m | src/components/RecordingStudio2.stories.jsx[2m > [22m[2mWith Recorded Answer
[22m[39m[Mock Data] generateClient() called - returning mock client
[90mstdout[2m | src/components/RecordingStudio2.stories.jsx[2m > [22m[2mWith Recorded Answer
[22m[39m[Mock amplifyClient] getAmplifyClient() called - returning mock client
[90mstdout[2m | src/components/RecordingStudio2.stories.jsx[2m > [22m[2mWith Recorded Answer
[22m[39m[MOCK CourseVectorStore] Initialized with mock data
[90mstdout[2m | src/components/RecordingStudio2.stories.jsx[2m > [22m[2mWith Recorded Answer
[22m[39m[TranslationModeController] Setting mode to: off
[90mstdout[2m | src/components/RecordingStudio2.stories.jsx[2m > [22m[2mWith Recorded Answer
[22m[39m[SectionContext] useEffect triggered {
  "authLoading": false,
  "hasUser": true,
  "userSub": "mock-user-sub",
}
[90mstdout[2m | src/components/RecordingStudio2.stories.jsx[2m > [22m[2mWith Recorded Answer
[22m[39m[SectionContext] Fetching sections for userId: mock-user-sub
[90mstdout[2m | src/components/RecordingStudio2.stories.jsx[2m > [22m[2mWith Recorded Answer
[22m[39m[Mock Data] generateClient() called - returning mock client
[90mstdout[2m | src/components/RecordingStudio2.stories.jsx[2m > [22m[2mWith Recorded Answer
[22m[39m[Mock amplifyClient] getAmplifyClient() called - returning mock client
[90mstdout[2m | src/components/RecordingStudio2.stories.jsx[2m > [22m[2mWith Recorded Answer
[22m[39m[Mock Data] Section.list() called with options: undefined
[90mstdout[2m | src/components/RecordingStudio2.stories.jsx[2m > [22m[2mWith Recorded Answer
[22m[39m[Mock Data] generateClient() called - returning mock client
[90mstdout[2m | src/components/RecordingStudio2.stories.jsx[2m > [22m[2mWith Recorded Answer
[22m[39m[Mock amplifyClient] getAmplifyClient() called - returning mock client
[90mstdout[2m | src/components/RecordingStudio2.stories.jsx[2m > [22m[2mWith Recorded Answer
[22m[39m[Mock Data] Assignment.list() called with options: {
  "filter": {
    "unitID": {
      "eq": "mock-unit-id",
    },
  },
}
[90mstdout[2m | src/components/RecordingStudio2.stories.jsx[2m > [22m[2mWith Recorded Answer
[22m[39m[Mock Data] generateClient() called - returning mock client
[90mstdout[2m | src/components/RecordingStudio2.stories.jsx[2m > [22m[2mWith Recorded Answer
[22m[39m[Mock amplifyClient] getAmplifyClient() called - returning mock client
[90mstdout[2m | src/components/RecordingStudio2.stories.jsx[2m > [22m[2mWith Recorded Answer
[22m[39m[Mock Data] Grade.observeQuery() called with filter: {
  "filter": {
    "unitID": {
      "eq": "mock-unit-id",
    },
  },
}
[90mstdout[2m | src/components/RecordingStudio2.stories.jsx[2m > [22m[2mWith Recorded Answer
[22m[39m[Mock Data] Grade.observeQuery() applying filter: {
  "unitID": {
    "eq": "mock-unit-id",
  },
}
[90mstdout[2m | src/components/RecordingStudio2.stories.jsx[2m > [22m[2mWith Recorded Answer
[22m[39m[Mock Data] Grade.observeQuery() items before filter: 0
[90mstdout[2m | src/components/RecordingStudio2.stories.jsx[2m > [22m[2mWith Recorded Answer
[22m[39m[Mock Data] Grade.observeQuery() items after filter: 0
[90mstdout[2m | src/components/RecordingStudio2.stories.jsx[2m > [22m[2mWith Recorded Answer
[22m[39m[Mock Data] Grade.observeQuery() returning 0 items (filter applied) {
  "filter": {
    "unitID": {
      "eq": "mock-unit-id",
    },
  },
}
[90mstdout[2m | src/components/RecordingStudio2.stories.jsx[2m > [22m[2mWith Recorded Answer
[22m[39m[Mock Data] Grade subscription added. Total subscriptions: 1
[90mstdout[2m | src/components/RecordingStudio2.stories.jsx[2m > [22m[2mWith Recorded Answer
[22m[39m[UnitContext] useEffect triggered {
  "authLoading": false,
  "hasUser": true,
  "id": "mock-unit-id",
  "userSub": "mock-user-sub",
}
[90mstdout[2m | src/components/RecordingStudio2.stories.jsx[2m > [22m[2mWith Recorded Answer
[22m[39m[UnitContext] Fetching unit data for id: mock-unit-id
[90mstdout[2m | src/components/RecordingStudio2.stories.jsx[2m > [22m[2mWith Recorded Answer
[22m[39m[Mock Data] generateClient() called - returning mock client
[90mstdout[2m | src/components/RecordingStudio2.stories.jsx[2m > [22m[2mWith Recorded Answer
[22m[39m[Mock amplifyClient] getAmplifyClient() called - returning mock client
[90mstdout[2m | src/components/RecordingStudio2.stories.jsx[2m > [22m[2mWith Recorded Answer
[22m[39m[Mock Data] Unit.observeQuery() called with filter: {
  "filter": {
    "id": {
      "eq": "mock-unit-id",
    },
  },
}
[90mstdout[2m | src/components/RecordingStudio2.stories.jsx[2m > [22m[2mWith Recorded Answer
[22m[39m[Mock Data] Unit.observeQuery() applying filter: {
  "id": {
    "eq": "mock-unit-id",
  },
}
[90mstdout[2m | src/components/RecordingStudio2.stories.jsx[2m > [22m[2mWith Recorded Answer
[22m[39m[Mock Data] Unit.observeQuery() items before filter: 0
[90mstdout[2m | src/components/RecordingStudio2.stories.jsx[2m > [22m[2mWith Recorded Answer
[22m[39m[Mock Data] Unit.observeQuery() items after filter: 0
[90mstdout[2m | src/components/RecordingStudio2.stories.jsx[2m > [22m[2mWith Recorded Answer
[22m[39m[Mock Data] Unit.observeQuery() returning 0 items (filter applied) {
  "filter": {
    "id": {
      "eq": "mock-unit-id",
    },
  },
}
[90mstdout[2m | src/components/RecordingStudio2.stories.jsx[2m > [22m[2mWith Recorded Answer
[22m[39m[Mock Data] Unit subscription added. Total subscriptions: 1
[90mstdout[2m | src/components/RecordingStudio2.stories.jsx[2m > [22m[2mWith Recorded Answer
[22m[39m[Mock Data] generateClient() called - returning mock client
[90mstdout[2m | src/components/RecordingStudio2.stories.jsx[2m > [22m[2mWith Recorded Answer
[22m[39m[Mock amplifyClient] getAmplifyClient() called - returning mock client
[90mstdout[2m | src/components/RecordingStudio2.stories.jsx[2m > [22m[2mWith Recorded Answer
[22m[39m[Mock Data] Word.observeQuery() called with filter: undefined
[90mstdout[2m | src/components/RecordingStudio2.stories.jsx[2m > [22m[2mWith Recorded Answer
[22m[39m[Mock Data] Word.observeQuery() returning 0 items (filter applied) undefined
[90mstdout[2m | src/components/RecordingStudio2.stories.jsx[2m > [22m[2mWith Recorded Answer
[22m[39m[Mock Data] Word subscription added. Total subscriptions: 1
[90mstdout[2m | src/components/RecordingStudio2.stories.jsx[2m > [22m[2mWith Recorded Answer
[22m[39m[Mock Data] generateClient() called - returning mock client
[90mstdout[2m | src/components/RecordingStudio2.stories.jsx[2m > [22m[2mWith Recorded Answer
[22m[39m[Mock amplifyClient] getAmplifyClient() called - returning mock client
[90mstdout[2m | src/components/RecordingStudio2.stories.jsx[2m > [22m[2mWith Recorded Answer
[22m[39m[Mock Data] Question.observeQuery() called with filter: undefined
[90mstdout[2m | src/components/RecordingStudio2.stories.jsx[2m > [22m[2mWith Recorded Answer
[22m[39m[Mock Data] Question.observeQuery() returning 0 items (filter applied) undefined
[90mstdout[2m | src/components/RecordingStudio2.stories.jsx[2m > [22m[2mWith Recorded Answer
[22m[39m[Mock Data] Question subscription added. Total subscriptions: 1
[90mstdout[2m | src/components/RecordingStudio2.stories.jsx[2m > [22m[2mWith Recorded Answer
[22m[39m[FilesContext] Initializing vector store from IndexedDB
[90mstdout[2m | src/components/RecordingStudio2.stories.jsx[2m > [22m[2mWith Recorded Answer
[22m[39m[FilesContext] fetchFiles called
[90mstdout[2m | src/components/RecordingStudio2.stories.jsx[2m > [22m[2mWith Recorded Answer
[22m[39m[FilesContext] User authenticated: mock-user-sub
[90mstdout[2m | src/components/RecordingStudio2.stories.jsx[2m > [22m[2mWith Recorded Answer
[22m[39m[FilesContext] Identity ID: us-east-1:mock-identity-123
[90mstdout[2m | src/components/RecordingStudio2.stories.jsx[2m > [22m[2mWith Recorded Answer
[22m[39m[FilesContext] About to subscribe to File model
[90mstdout[2m | src/components/RecordingStudio2.stories.jsx[2m > [22m[2mWith Recorded Answer
[22m[39m[Mock Data] generateClient() called - returning mock client
[90mstdout[2m | src/components/RecordingStudio2.stories.jsx[2m > [22m[2mWith Recorded Answer
[22m[39m[Mock amplifyClient] getAmplifyClient() called - returning mock client
[90mstdout[2m | src/components/RecordingStudio2.stories.jsx[2m > [22m[2mWith Recorded Answer
[22m[39m[Mock Data] File.observeQuery() called with filter: undefined
[90mstdout[2m | src/components/RecordingStudio2.stories.jsx[2m > [22m[2mWith Recorded Answer
[22m[39m[Mock Data] File.observeQuery() returning 0 items (filter applied) undefined
[90mstdout[2m | src/components/RecordingStudio2.stories.jsx[2m > [22m[2mWith Recorded Answer
[22m[39m[Mock Data] File subscription added. Total subscriptions: 1
[90mstdout[2m | src/components/RecordingStudio2.stories.jsx[2m > [22m[2mWith Recorded Answer
[22m[39m[Mock Data] generateClient() called - returning mock client
[90mstdout[2m | src/components/RecordingStudio2.stories.jsx[2m > [22m[2mWith Recorded Answer
[22m[39m[Mock amplifyClient] getAmplifyClient() called - returning mock client
[90mstdout[2m | src/components/RecordingStudio2.stories.jsx[2m > [22m[2mWith Recorded Answer
[22m[39m[Mock Data] Document.observeQuery() called with filter: undefined
[90mstdout[2m | src/components/RecordingStudio2.stories.jsx[2m > [22m[2mWith Recorded Answer
[22m[39m[Mock Data] Document.observeQuery() returning 0 items (filter applied) undefined
[90mstdout[2m | src/components/RecordingStudio2.stories.jsx[2m > [22m[2mWith Recorded Answer
[22m[39m[Mock Data] Document subscription added. Total subscriptions: 1
[90mstdout[2m | src/components/RecordingStudio2.stories.jsx[2m > [22m[2mWith Recorded Answer
[22m[39m[ChatContext] Setting up observeQuery for AssistantChat
[90mstdout[2m | src/components/RecordingStudio2.stories.jsx[2m > [22m[2mWith Recorded Answer
[22m[39m[Mock Data] AssistantChat.observeQuery() called with filter: {
  "sortDirection": "DESC",
  "sortField": "createdAt",
}
[90mstdout[2m | src/components/RecordingStudio2.stories.jsx[2m > [22m[2mWith Recorded Answer
[22m[39m[Mock Data] AssistantChat.observeQuery() returning 0 items (filter applied) {
  "sortDirection": "DESC",
  "sortField": "createdAt",
}
[90mstdout[2m | src/components/RecordingStudio2.stories.jsx[2m > [22m[2mWith Recorded Answer
[22m[39m[Mock Data] AssistantChat subscription added. Total subscriptions: 1
[90mstdout[2m | src/components/RecordingStudio2.stories.jsx[2m > [22m[2mWith Recorded Answer
[22m[39m[ChatContext] Waiting for subscription to initialize
[90mstdout[2m | src/components/RecordingStudio2.stories.jsx[2m > [22m[2mWith Recorded Answer
[22m[39m[SettingsContext] Setting up Settings subscription for user: mock-user-sub
[90mstdout[2m | src/components/RecordingStudio2.stories.jsx[2m > [22m[2mWith Recorded Answer
[22m[39m[Mock Data] generateClient() called - returning mock client
[90mstdout[2m | src/components/RecordingStudio2.stories.jsx[2m > [22m[2mWith Recorded Answer
[22m[39m[Mock amplifyClient] getAmplifyClient() called - returning mock client
[90mstdout[2m | src/components/RecordingStudio2.stories.jsx[2m > [22m[2mWith Recorded Answer
[22m[39m[Mock Data] Settings.observeQuery() called with filter: undefined
[90mstdout[2m | src/components/RecordingStudio2.stories.jsx[2m > [22m[2mWith Recorded Answer
[22m[39m[Mock Data] Settings.observeQuery() returning 0 items (filter applied) undefined
[90mstdout[2m | src/components/RecordingStudio2.stories.jsx[2m > [22m[2mWith Recorded Answer
[22m[39m[Mock Data] Settings subscription added. Total subscriptions: 1
[90mstdout[2m | src/components/RecordingStudio2.stories.jsx[2m > [22m[2mWith Recorded Answer
[22m[39m[SectionContext] Initial sections: 0 []
[90mstdout[2m | src/components/RecordingStudio2.stories.jsx[2m > [22m[2mWith Recorded Answer
[22m[39m[Mock Data] Section.onCreate() called with filter: undefined
[90mstdout[2m | src/components/RecordingStudio2.stories.jsx[2m > [22m[2mWith Recorded Answer
[22m[39m[Mock Data] Section.onCreate() subscription added. Total: 1
[90mstdout[2m | src/components/RecordingStudio2.stories.jsx[2m > [22m[2mWith Recorded Answer
[22m[39m[Mock Data] Section.onUpdate() called with filter: undefined
[90mstdout[2m | src/components/RecordingStudio2.stories.jsx[2m > [22m[2mWith Recorded Answer
[22m[39m[Mock Data] Section.onUpdate() subscription added. Total: 1
[90mstdout[2m | src/components/RecordingStudio2.stories.jsx[2m > [22m[2mWith Recorded Answer
[22m[39m[Mock Data] Section.onDelete() called with filter: undefined
[90mstdout[2m | src/components/RecordingStudio2.stories.jsx[2m > [22m[2mWith Recorded Answer
[22m[39m[Mock Data] Section.onDelete() subscription added. Total: 1
[90mstdout[2m | src/components/RecordingStudio2.stories.jsx[2m > [22m[2mWith Recorded Answer
[22m[39m[Mock Data] Assignment.onCreate() called with filter: {
  "filter": {
    "unitID": {
      "eq": "mock-unit-id",
    },
  },
}
[90mstdout[2m | src/components/RecordingStudio2.stories.jsx[2m > [22m[2mWith Recorded Answer
[22m[39m[Mock Data] Assignment.onCreate() subscription added. Total: 1
[90mstdout[2m | src/components/RecordingStudio2.stories.jsx[2m > [22m[2mWith Recorded Answer
[22m[39m[Mock Data] Assignment.onUpdate() called with filter: {
  "filter": {
    "unitID": {
      "eq": "mock-unit-id",
    },
  },
}
[90mstdout[2m | src/components/RecordingStudio2.stories.jsx[2m > [22m[2mWith Recorded Answer
[22m[39m[Mock Data] Assignment.onUpdate() subscription added. Total: 1
[90mstdout[2m | src/components/RecordingStudio2.stories.jsx[2m > [22m[2mWith Recorded Answer
[22m[39m[Mock Data] Assignment.onDelete() called with filter: {
  "filter": {
    "unitID": {
      "eq": "mock-unit-id",
    },
  },
}
[90mstdout[2m | src/components/RecordingStudio2.stories.jsx[2m > [22m[2mWith Recorded Answer
[22m[39m[Mock Data] Assignment.onDelete() subscription added. Total: 1
[90mstdout[2m | src/components/RecordingStudio2.stories.jsx[2m > [22m[2mWith Recorded Answer
[22m[39m[FilesContext] File observeQuery subscription triggered:
[90mstdout[2m | src/components/RecordingStudio2.stories.jsx[2m > [22m[2mWith Recorded Answer
[22m[39m  - items.length: 0
[90mstdout[2m | src/components/RecordingStudio2.stories.jsx[2m > [22m[2mWith Recorded Answer
[22m[39m  - isSynced: true
[90mstdout[2m | src/components/RecordingStudio2.stories.jsx[2m > [22m[2mWith Recorded Answer
[22m[39m  - items: []
[90mstdout[2m | src/components/RecordingStudio2.stories.jsx[2m > [22m[2mWith Recorded Answer
[22m[39m[ChatContext] AssistantChat query update: 0 items (synced)
[90mstdout[2m | src/components/RecordingStudio2.stories.jsx[2m > [22m[2mWith Recorded Answer
[22m[39m[ChatContext] AssistantChat subscription initialized
[90mstdout[2m | src/components/RecordingStudio2.stories.jsx[2m > [22m[2mWith Recorded Answer
[22m[39m[ChatContext] AssistantChat list updated: 0 chats
[90mstdout[2m | src/components/RecordingStudio2.stories.jsx[2m > [22m[2mWith Recorded Answer
[22m[39m[ChatContext] No chats found, clearing current chat - new one will be created
[90mstdout[2m | src/components/RecordingStudio2.stories.jsx[2m > [22m[2mWith Recorded Answer
[22m[39mFileManager.mainColor #556cd6
[90mstdout[2m | src/components/RecordingStudio2.stories.jsx[2m > [22m[2mWith Recorded Answer
[22m[39maudioFiles {
  "bonjourbohn-ZHOOR": {
    "key": "audio/bonjour-recording.mp3",
    "lastModified": 2026-04-16T10:56:27.068Z,
    "size": 12345,
  },
}
[90mstdout[2m | src/components/RecordingStudio2.stories.jsx[2m > [22m[2mWith Recorded Answer
[22m[39m_word, phrase, definition, pronunciation bonjour hello; good day bohn-ZHOOR
[90mstdout[2m | src/components/RecordingStudio2.stories.jsx[2m > [22m[2mWith Recorded Answer
[22m[39maudioFile {
  "key": "audio/bonjour-recording.mp3",
  "lastModified": 2026-04-16T10:56:27.068Z,
  "size": 12345,
}
[90mstdout[2m | src/components/RecordingStudio2.stories.jsx[2m > [22m[2mWith Recorded Answer
[22m[39m[useTranslationWithCapture] t() called: {
  "key": "components:recordingStudio2.existingRecordings",
  "mode": "off",
  "namespace": "components",
  "value": "Existing Recordings",
}
[90mstdout[2m | src/components/RecordingStudio2.stories.jsx[2m > [22m[2mWith Recorded Answer
[22m[39m[useTranslationWithCapture] t() called: {
  "key": "components:recordingStudio2.staticWaveformPreview",
  "mode": "off",
  "namespace": "components",
  "value": "Static Waveform Preview:",
}
[90mstdout[2m | src/components/RecordingStudio2.stories.jsx[2m > [22m[2mWith Recorded Answer
[22m[39m[useTranslationWithCapture] t() called: {
  "key": "components:recordingStudio2.recordingNumber",
  "mode": "off",
  "namespace": "components",
  "value": "Recording 1",
}
[90mstdout[2m | src/components/RecordingStudio2.stories.jsx[2m > [22m[2mWith Recorded Answer
[22m[39m[Mock Data] Settings.create() called with: {
  "assistantVoice": "shimmer",
  "autoAnalyzeDocuments": true,
  "defaultAIModel": "gpt-4",
  "documentAnalysisModel": "gpt-4",
  "editorFontSize": 14,
  "editorTheme": "auto",
  "emailNotifications": true,
  "language": "en",
  "webhookNotifications": false,
}
[90mstdout[2m | src/components/RecordingStudio2.stories.jsx[2m > [22m[2mWith Recorded Answer
[22m[39m[Mock Data] Settings created: mock-settings-1776336987559 - notified 1 subscribers
[90mstdout[2m | src/components/RecordingStudio2.stories.jsx[2m > [22m[2mWith Recorded Answer
[22m[39m[Mock Data] seedMockFiles: Adding 1 files
[90mstdout[2m | src/components/RecordingStudio2.stories.jsx[2m > [22m[2mWith Recorded Answer
[22m[39m[ChatContext] No current chat available, will create one
[90mstdout[2m | src/components/RecordingStudio2.stories.jsx[2m > [22m[2mWith Recorded Answer
[22m[39m[ChatContext] Creating AssistantChat with user: undefined
[90mstdout[2m | src/components/RecordingStudio2.stories.jsx[2m > [22m[2mWith Recorded Answer
[22m[39m[Mock Data] AssistantChat.create() called with: {
  "archived": false,
  "model": "gpt-4",
}
[90mstdout[2m | src/components/RecordingStudio2.stories.jsx[2m > [22m[2mWith Recorded Answer
[22m[39m[Mock Data] AssistantChat created: mock-assistantchat-1776336987623 - notified 1 subscribers
[90mstdout[2m | src/components/RecordingStudio2.stories.jsx[2m > [22m[2mWith Recorded Answer
[22m[39m[ChatContext] Create result: {
  "data": {
    "_version": 1,
    "archived": false,
    "chatFiles": [Function anonymous],
    "createdAt": "2026-04-16T10:56:27.623Z",
    "id": "mock-assistantchat-1776336987623",
    "model": "gpt-4",
    "updatedAt": "2026-04-16T10:56:27.623Z",
  },
  "errors": [],
  "hasData": true,
  "hasErrors": true,
}
[90mstdout[2m | src/components/RecordingStudio2.stories.jsx[2m > [22m[2mWith Recorded Answer
[22m[39m[ChatContext] Created AssistantChat: mock-assistantchat-1776336987623 at: 2026-04-16T10:56:27.623Z
[90mstdout[2m | src/components/RecordingStudio2.stories.jsx[2m > [22m[2mWith Recorded Answer
[22m[39m[ChatContext] AssistantChat query update: 1 items (synced)
[90mstdout[2m | src/components/RecordingStudio2.stories.jsx[2m > [22m[2mWith Recorded Answer
[22m[39m[ChatContext] First item details: {
  "id": "mock-assistantchat-1776336987623",
  "updatedAt": "2026-04-16T10:56:27.623Z",
}
[90mstdout[2m | src/components/RecordingStudio2.stories.jsx[2m > [22m[2mWith Recorded Answer
[22m[39m[ChatContext] AssistantChat list updated: 1 chats
[90mstdout[2m | src/components/RecordingStudio2.stories.jsx[2m > [22m[2mWith Recorded Answer
[22m[39m[ChatContext] Setting initial chat: mock-assistantchat-1776336987623
[90mstdout[2m | src/components/RecordingStudio2.stories.jsx
[22m[39m[ChatContext] Chat exists and not archived, skipping creation
 [32m✓[39m [30m[45m storybook (chromium) [49m[39m src/components/RecordingStudio2.stories.jsx [2m([22m[2m4 tests[22m[2m)[22m[33m 565[2mms[22m[39m
[90mstderr[2m | unknown test
[22m[39mError calculating waveform data: [EncodingError: Unable to decode audio data]
[90mstderr[2m | unknown test
[22m[39mError drawing waveform: [EncodingError: Unable to decode audio data]
[90mstderr[2m | unknown test
[22m[39mError calculating waveform data: [EncodingError: Unable to decode audio data]
[90mstderr[2m | unknown test
[22m[39mError drawing waveform: [EncodingError: Unable to decode audio data]
[90mstdout[2m | src/components/RecordingStudio3.stories.jsx[2m > [22m[2mCoffee Shop Dialogue
[22m[39m[Mock Data] Settings subscription unsubscribed. Remaining: 0
[90mstdout[2m | src/components/RecordingStudio3.stories.jsx[2m > [22m[2mCoffee Shop Dialogue
[22m[39m[ChatContext] Cleaning up subscription
[90mstdout[2m | src/components/RecordingStudio3.stories.jsx[2m > [22m[2mCoffee Shop Dialogue
[22m[39m[Mock Data] AssistantChat subscription unsubscribed. Remaining: 0
[90mstdout[2m | src/components/RecordingStudio3.stories.jsx[2m > [22m[2mCoffee Shop Dialogue
[22m[39m[Mock Data] File subscription unsubscribed. Remaining: 0
[90mstdout[2m | src/components/RecordingStudio3.stories.jsx[2m > [22m[2mCoffee Shop Dialogue
[22m[39m[Mock Data] Document subscription unsubscribed. Remaining: 0
[90mstdout[2m | src/components/RecordingStudio3.stories.jsx[2m > [22m[2mCoffee Shop Dialogue
[22m[39m[Mock Data] Word subscription unsubscribed. Remaining: 0
[90mstdout[2m | src/components/RecordingStudio3.stories.jsx[2m > [22m[2mCoffee Shop Dialogue
[22m[39m[Mock Data] Question subscription unsubscribed. Remaining: 0
[90mstdout[2m | src/components/RecordingStudio3.stories.jsx[2m > [22m[2mCoffee Shop Dialogue
[22m[39m[Mock Data] Grade subscription unsubscribed. Remaining: 0
[90mstdout[2m | src/components/RecordingStudio3.stories.jsx[2m > [22m[2mCoffee Shop Dialogue
[22m[39m[Mock Data] Unit subscription unsubscribed. Remaining: 0
[90mstdout[2m | src/components/RecordingStudio3.stories.jsx[2m > [22m[2mCoffee Shop Dialogue
[22m[39m[SectionContext] Cleaning up subscriptions
[90mstdout[2m | src/components/RecordingStudio3.stories.jsx[2m > [22m[2mCoffee Shop Dialogue
[22m[39m[Mock Data] Section.onCreate() subscription removed. Remaining: 0
[90mstdout[2m | src/components/RecordingStudio3.stories.jsx[2m > [22m[2mCoffee Shop Dialogue
[22m[39m[Mock Data] Section.onUpdate() subscription removed. Remaining: 0
[90mstdout[2m | src/components/RecordingStudio3.stories.jsx[2m > [22m[2mCoffee Shop Dialogue
[22m[39m[Mock Data] Section.onDelete() subscription removed. Remaining: 0
[90mstdout[2m | src/components/RecordingStudio3.stories.jsx[2m > [22m[2mCoffee Shop Dialogue
[22m[39m[Mock Data] Assignment.onCreate() subscription removed. Remaining: 0
[90mstdout[2m | src/components/RecordingStudio3.stories.jsx[2m > [22m[2mCoffee Shop Dialogue
[22m[39m[Mock Data] Assignment.onUpdate() subscription removed. Remaining: 0
[90mstdout[2m | src/components/RecordingStudio3.stories.jsx[2m > [22m[2mCoffee Shop Dialogue
[22m[39m[Mock Data] Assignment.onDelete() subscription removed. Remaining: 0
[90mstdout[2m | src/components/RecordingStudio3.stories.jsx[2m > [22m[2mCoffee Shop Dialogue
[22m[39m[Mock Data] Clearing all data stores
[90mstdout[2m | src/components/RecordingStudio3.stories.jsx[2m > [22m[2mCoffee Shop Dialogue
[22m[39m[Mock Data] All data stores cleared
[90mstdout[2m | src/components/RecordingStudio3.stories.jsx[2m > [22m[2mCoffee Shop Dialogue
[22m[39m[Preview] Cleared mock data for story
[90mstdout[2m | src/components/RecordingStudio3.stories.jsx[2m > [22m[2mCoffee Shop Dialogue
[22m[39m[Mock Data Gen 2] Initializing mock data
[90mstdout[2m | src/components/RecordingStudio3.stories.jsx[2m > [22m[2mCoffee Shop Dialogue
[22m[39m[Mock Data] seedMockAssistantChats: Replacing with 1 assistant chats
[90mstdout[2m | src/components/RecordingStudio3.stories.jsx[2m > [22m[2mCoffee Shop Dialogue
[22m[39m[Mock Data Gen 2] Seeded AssistantChat: mock-assistant-chat-1
[90mstdout[2m | src/components/RecordingStudio3.stories.jsx[2m > [22m[2mCoffee Shop Dialogue
[22m[39m[Mock Data] seedMockFiles: Adding 6 files
[90mstdout[2m | src/components/RecordingStudio3.stories.jsx[2m > [22m[2mCoffee Shop Dialogue
[22m[39m[Mock Data Gen 2] Seeded Files: 6
[90mstdout[2m | src/components/RecordingStudio3.stories.jsx[2m > [22m[2mCoffee Shop Dialogue
[22m[39m[Mock Data Gen 2] Initializing mock data
[90mstdout[2m | src/components/RecordingStudio3.stories.jsx[2m > [22m[2mCoffee Shop Dialogue
[22m[39m[Mock Data] seedMockAssistantChats: Replacing with 1 assistant chats
[90mstdout[2m | src/components/RecordingStudio3.stories.jsx[2m > [22m[2mCoffee Shop Dialogue
[22m[39m[Mock Data Gen 2] Seeded AssistantChat: mock-assistant-chat-1
[90mstdout[2m | src/components/RecordingStudio3.stories.jsx[2m > [22m[2mCoffee Shop Dialogue
[22m[39m[Mock Data] seedMockFiles: Adding 6 files
[90mstdout[2m | src/components/RecordingStudio3.stories.jsx[2m > [22m[2mCoffee Shop Dialogue
[22m[39m[Mock Data Gen 2] Seeded Files: 6
[90mstdout[2m | src/components/RecordingStudio3.stories.jsx[2m > [22m[2mCoffee Shop Dialogue
[22m[39m[Preview] Initialized default mock data for story
[90mstdout[2m | src/components/RecordingStudio3.stories.jsx[2m > [22m[2mCoffee Shop Dialogue
[22m[39m[Mock AuthContext] Providing auth: {
  "error": undefined,
  "isLoading": false,
  "session": {
    "idToken": {
      "toString": [Function toString],
    },
    "identityId": "us-east-1:mock-identity-123",
    "username": "mock-user-sub",
  },
  "user": {
    "attributes": {
      "email": "alice@example.com",
      "name": "Alice Student",
      "sub": "mock-user-sub",
    },
  },
}
[90mstdout[2m | src/components/RecordingStudio3.stories.jsx[2m > [22m[2mCoffee Shop Dialogue
[22m[39m[Mock Data] generateClient() called - returning mock client
[90mstdout[2m | src/components/RecordingStudio3.stories.jsx[2m > [22m[2mCoffee Shop Dialogue
[22m[39m[Mock amplifyClient] getAmplifyClient() called - returning mock client
[90mstdout[2m | src/components/RecordingStudio3.stories.jsx[2m > [22m[2mCoffee Shop Dialogue
[22m[39m[MOCK CourseVectorStore] Initialized with mock data
[90mstdout[2m | src/components/RecordingStudio3.stories.jsx[2m > [22m[2mCoffee Shop Dialogue
[22m[39m[TranslationModeController] Setting mode to: off
[90mstdout[2m | src/components/RecordingStudio3.stories.jsx[2m > [22m[2mCoffee Shop Dialogue
[22m[39m[SectionContext] useEffect triggered {
  "authLoading": false,
  "hasUser": true,
  "userSub": "mock-user-sub",
}
[90mstdout[2m | src/components/RecordingStudio3.stories.jsx[2m > [22m[2mCoffee Shop Dialogue
[22m[39m[SectionContext] Fetching sections for userId: mock-user-sub
[90mstdout[2m | src/components/RecordingStudio3.stories.jsx[2m > [22m[2mCoffee Shop Dialogue
[22m[39m[Mock Data] generateClient() called - returning mock client
[90mstdout[2m | src/components/RecordingStudio3.stories.jsx[2m > [22m[2mCoffee Shop Dialogue
[22m[39m[Mock amplifyClient] getAmplifyClient() called - returning mock client
[90mstdout[2m | src/components/RecordingStudio3.stories.jsx[2m > [22m[2mCoffee Shop Dialogue
[22m[39m[Mock Data] Section.list() called with options: undefined
[90mstdout[2m | src/components/RecordingStudio3.stories.jsx[2m > [22m[2mCoffee Shop Dialogue
[22m[39m[Mock Data] generateClient() called - returning mock client
[90mstdout[2m | src/components/RecordingStudio3.stories.jsx[2m > [22m[2mCoffee Shop Dialogue
[22m[39m[Mock amplifyClient] getAmplifyClient() called - returning mock client
[90mstdout[2m | src/components/RecordingStudio3.stories.jsx[2m > [22m[2mCoffee Shop Dialogue
[22m[39m[Mock Data] Assignment.list() called with options: {
  "filter": {
    "unitID": {
      "eq": "mock-unit-id",
    },
  },
}
[90mstdout[2m | src/components/RecordingStudio3.stories.jsx[2m > [22m[2mCoffee Shop Dialogue
[22m[39m[Mock Data] generateClient() called - returning mock client
[90mstdout[2m | src/components/RecordingStudio3.stories.jsx[2m > [22m[2mCoffee Shop Dialogue
[22m[39m[Mock amplifyClient] getAmplifyClient() called - returning mock client
[90mstdout[2m | src/components/RecordingStudio3.stories.jsx[2m > [22m[2mCoffee Shop Dialogue
[22m[39m[Mock Data] Grade.observeQuery() called with filter: {
  "filter": {
    "unitID": {
      "eq": "mock-unit-id",
    },
  },
}
[90mstdout[2m | src/components/RecordingStudio3.stories.jsx[2m > [22m[2mCoffee Shop Dialogue
[22m[39m[Mock Data] Grade.observeQuery() applying filter: {
  "unitID": {
    "eq": "mock-unit-id",
  },
}
[90mstdout[2m | src/components/RecordingStudio3.stories.jsx[2m > [22m[2mCoffee Shop Dialogue
[22m[39m[Mock Data] Grade.observeQuery() items before filter: 0
[90mstdout[2m | src/components/RecordingStudio3.stories.jsx[2m > [22m[2mCoffee Shop Dialogue
[22m[39m[Mock Data] Grade.observeQuery() items after filter: 0
[90mstdout[2m | src/components/RecordingStudio3.stories.jsx[2m > [22m[2mCoffee Shop Dialogue
[22m[39m[Mock Data] Grade.observeQuery() returning 0 items (filter applied) {
  "filter": {
    "unitID": {
      "eq": "mock-unit-id",
    },
  },
}
[90mstdout[2m | src/components/RecordingStudio3.stories.jsx[2m > [22m[2mCoffee Shop Dialogue
[22m[39m[Mock Data] Grade subscription added. Total subscriptions: 1
[90mstdout[2m | src/components/RecordingStudio3.stories.jsx[2m > [22m[2mCoffee Shop Dialogue
[22m[39m[UnitContext] useEffect triggered {
  "authLoading": false,
  "hasUser": true,
  "id": "mock-unit-id",
  "userSub": "mock-user-sub",
}
[90mstdout[2m | src/components/RecordingStudio3.stories.jsx[2m > [22m[2mCoffee Shop Dialogue
[22m[39m[UnitContext] Fetching unit data for id: mock-unit-id
[90mstdout[2m | src/components/RecordingStudio3.stories.jsx[2m > [22m[2mCoffee Shop Dialogue
[22m[39m[Mock Data] generateClient() called - returning mock client
[90mstdout[2m | src/components/RecordingStudio3.stories.jsx[2m > [22m[2mCoffee Shop Dialogue
[22m[39m[Mock amplifyClient] getAmplifyClient() called - returning mock client
[90mstdout[2m | src/components/RecordingStudio3.stories.jsx[2m > [22m[2mCoffee Shop Dialogue
[22m[39m[Mock Data] Unit.observeQuery() called with filter: {
  "filter": {
    "id": {
      "eq": "mock-unit-id",
    },
  },
}
[90mstdout[2m | src/components/RecordingStudio3.stories.jsx[2m > [22m[2mCoffee Shop Dialogue
[22m[39m[Mock Data] Unit.observeQuery() applying filter: {
  "id": {
    "eq": "mock-unit-id",
  },
}
[90mstdout[2m | src/components/RecordingStudio3.stories.jsx[2m > [22m[2mCoffee Shop Dialogue
[22m[39m[Mock Data] Unit.observeQuery() items before filter: 0
[90mstdout[2m | src/components/RecordingStudio3.stories.jsx[2m > [22m[2mCoffee Shop Dialogue
[22m[39m[Mock Data] Unit.observeQuery() items after filter: 0
[90mstdout[2m | src/components/RecordingStudio3.stories.jsx[2m > [22m[2mCoffee Shop Dialogue
[22m[39m[Mock Data] Unit.observeQuery() returning 0 items (filter applied) {
  "filter": {
    "id": {
      "eq": "mock-unit-id",
    },
  },
}
[90mstdout[2m | src/components/RecordingStudio3.stories.jsx[2m > [22m[2mCoffee Shop Dialogue
[22m[39m[Mock Data] Unit subscription added. Total subscriptions: 1
[90mstdout[2m | src/components/RecordingStudio3.stories.jsx[2m > [22m[2mCoffee Shop Dialogue
[22m[39m[Mock Data] generateClient() called - returning mock client
[90mstdout[2m | src/components/RecordingStudio3.stories.jsx[2m > [22m[2mCoffee Shop Dialogue
[22m[39m[Mock amplifyClient] getAmplifyClient() called - returning mock client
[90mstdout[2m | src/components/RecordingStudio3.stories.jsx[2m > [22m[2mCoffee Shop Dialogue
[22m[39m[Mock Data] Word.observeQuery() called with filter: undefined
[90mstdout[2m | src/components/RecordingStudio3.stories.jsx[2m > [22m[2mCoffee Shop Dialogue
[22m[39m[Mock Data] Word.observeQuery() returning 0 items (filter applied) undefined
[90mstdout[2m | src/components/RecordingStudio3.stories.jsx[2m > [22m[2mCoffee Shop Dialogue
[22m[39m[Mock Data] Word subscription added. Total subscriptions: 1
[90mstdout[2m | src/components/RecordingStudio3.stories.jsx[2m > [22m[2mCoffee Shop Dialogue
[22m[39m[Mock Data] generateClient() called - returning mock client
[90mstdout[2m | src/components/RecordingStudio3.stories.jsx[2m > [22m[2mCoffee Shop Dialogue
[22m[39m[Mock amplifyClient] getAmplifyClient() called - returning mock client
[90mstdout[2m | src/components/RecordingStudio3.stories.jsx[2m > [22m[2mCoffee Shop Dialogue
[22m[39m[Mock Data] Question.observeQuery() called with filter: undefined
[90mstdout[2m | src/components/RecordingStudio3.stories.jsx[2m > [22m[2mCoffee Shop Dialogue
[22m[39m[Mock Data] Question.observeQuery() returning 0 items (filter applied) undefined
[90mstdout[2m | src/components/RecordingStudio3.stories.jsx[2m > [22m[2mCoffee Shop Dialogue
[22m[39m[Mock Data] Question subscription added. Total subscriptions: 1
[90mstdout[2m | src/components/RecordingStudio3.stories.jsx[2m > [22m[2mCoffee Shop Dialogue
[22m[39m[FilesContext] Initializing vector store from IndexedDB
[90mstdout[2m | src/components/RecordingStudio3.stories.jsx[2m > [22m[2mCoffee Shop Dialogue
[22m[39m[FilesContext] fetchFiles called
[90mstdout[2m | src/components/RecordingStudio3.stories.jsx[2m > [22m[2mCoffee Shop Dialogue
[22m[39m[FilesContext] User authenticated: mock-user-sub
[90mstdout[2m | src/components/RecordingStudio3.stories.jsx[2m > [22m[2mCoffee Shop Dialogue
[22m[39m[FilesContext] Identity ID: us-east-1:mock-identity-123
[90mstdout[2m | src/components/RecordingStudio3.stories.jsx[2m > [22m[2mCoffee Shop Dialogue
[22m[39m[FilesContext] About to subscribe to File model
[90mstdout[2m | src/components/RecordingStudio3.stories.jsx[2m > [22m[2mCoffee Shop Dialogue
[22m[39m[Mock Data] generateClient() called - returning mock client
[90mstdout[2m | src/components/RecordingStudio3.stories.jsx[2m > [22m[2mCoffee Shop Dialogue
[22m[39m[Mock amplifyClient] getAmplifyClient() called - returning mock client
[90mstdout[2m | src/components/RecordingStudio3.stories.jsx[2m > [22m[2mCoffee Shop Dialogue
[22m[39m[Mock Data] File.observeQuery() called with filter: undefined
[90mstdout[2m | src/components/RecordingStudio3.stories.jsx[2m > [22m[2mCoffee Shop Dialogue
[22m[39m[Mock Data] File.observeQuery() returning 6 items (filter applied) undefined
[90mstdout[2m | src/components/RecordingStudio3.stories.jsx[2m > [22m[2mCoffee Shop Dialogue
[22m[39m[Mock Data] File subscription added. Total subscriptions: 1
[90mstdout[2m | src/components/RecordingStudio3.stories.jsx[2m > [22m[2mCoffee Shop Dialogue
[22m[39m[Mock Data] generateClient() called - returning mock client
[90mstdout[2m | src/components/RecordingStudio3.stories.jsx[2m > [22m[2mCoffee Shop Dialogue
[22m[39m[Mock amplifyClient] getAmplifyClient() called - returning mock client
[90mstdout[2m | src/components/RecordingStudio3.stories.jsx[2m > [22m[2mCoffee Shop Dialogue
[22m[39m[Mock Data] Document.observeQuery() called with filter: undefined
[90mstdout[2m | src/components/RecordingStudio3.stories.jsx[2m > [22m[2mCoffee Shop Dialogue
[22m[39m[Mock Data] Document.observeQuery() returning 0 items (filter applied) undefined
[90mstdout[2m | src/components/RecordingStudio3.stories.jsx[2m > [22m[2mCoffee Shop Dialogue
[22m[39m[Mock Data] Document subscription added. Total subscriptions: 1
[90mstdout[2m | src/components/RecordingStudio3.stories.jsx[2m > [22m[2mCoffee Shop Dialogue
[22m[39m[ChatContext] Setting up observeQuery for AssistantChat
[90mstdout[2m | src/components/RecordingStudio3.stories.jsx[2m > [22m[2mCoffee Shop Dialogue
[22m[39m[Mock Data] AssistantChat.observeQuery() called with filter: {
  "sortDirection": "DESC",
  "sortField": "createdAt",
}
[90mstdout[2m | src/components/RecordingStudio3.stories.jsx[2m > [22m[2mCoffee Shop Dialogue
[22m[39m[Mock Data] AssistantChat.observeQuery() returning 1 items (filter applied) {
  "sortDirection": "DESC",
  "sortField": "createdAt",
}
[90mstdout[2m | src/components/RecordingStudio3.stories.jsx[2m > [22m[2mCoffee Shop Dialogue
[22m[39m[Mock Data] AssistantChat subscription added. Total subscriptions: 1
[90mstdout[2m | src/components/RecordingStudio3.stories.jsx[2m > [22m[2mCoffee Shop Dialogue
[22m[39m[ChatContext] Waiting for subscription to initialize
[90mstdout[2m | src/components/RecordingStudio3.stories.jsx[2m > [22m[2mCoffee Shop Dialogue
[22m[39m[SettingsContext] Setting up Settings subscription for user: mock-user-sub
[90mstdout[2m | src/components/RecordingStudio3.stories.jsx[2m > [22m[2mCoffee Shop Dialogue
[22m[39m[Mock Data] generateClient() called - returning mock client
[90mstdout[2m | src/components/RecordingStudio3.stories.jsx[2m > [22m[2mCoffee Shop Dialogue
[22m[39m[Mock amplifyClient] getAmplifyClient() called - returning mock client
[90mstdout[2m | src/components/RecordingStudio3.stories.jsx[2m > [22m[2mCoffee Shop Dialogue
[22m[39m[Mock Data] Settings.observeQuery() called with filter: undefined
[90mstdout[2m | src/components/RecordingStudio3.stories.jsx[2m > [22m[2mCoffee Shop Dialogue
[22m[39m[Mock Data] Settings.observeQuery() returning 0 items (filter applied) undefined
[90mstdout[2m | src/components/RecordingStudio3.stories.jsx[2m > [22m[2mCoffee Shop Dialogue
[22m[39m[Mock Data] Settings subscription added. Total subscriptions: 1
[90mstdout[2m | src/components/RecordingStudio3.stories.jsx[2m > [22m[2mCoffee Shop Dialogue
[22m[39m[SectionContext] Initial sections: 0 []
[90mstdout[2m | src/components/RecordingStudio3.stories.jsx[2m > [22m[2mCoffee Shop Dialogue
[22m[39m[Mock Data] Section.onCreate() called with filter: undefined
[90mstdout[2m | src/components/RecordingStudio3.stories.jsx[2m > [22m[2mCoffee Shop Dialogue
[22m[39m[Mock Data] Section.onCreate() subscription added. Total: 1
[90mstdout[2m | src/components/RecordingStudio3.stories.jsx[2m > [22m[2mCoffee Shop Dialogue
[22m[39m[Mock Data] Section.onUpdate() called with filter: undefined
[90mstdout[2m | src/components/RecordingStudio3.stories.jsx[2m > [22m[2mCoffee Shop Dialogue
[22m[39m[Mock Data] Section.onUpdate() subscription added. Total: 1
[90mstdout[2m | src/components/RecordingStudio3.stories.jsx[2m > [22m[2mCoffee Shop Dialogue
[22m[39m[Mock Data] Section.onDelete() called with filter: undefined
[90mstdout[2m | src/components/RecordingStudio3.stories.jsx[2m > [22m[2mCoffee Shop Dialogue
[22m[39m[Mock Data] Section.onDelete() subscription added. Total: 1
[90mstdout[2m | src/components/RecordingStudio3.stories.jsx[2m > [22m[2mCoffee Shop Dialogue
[22m[39m[Mock Data] Assignment.onCreate() called with filter: {
  "filter": {
    "unitID": {
      "eq": "mock-unit-id",
    },
  },
}
[90mstdout[2m | src/components/RecordingStudio3.stories.jsx[2m > [22m[2mCoffee Shop Dialogue
[22m[39m[Mock Data] Assignment.onCreate() subscription added. Total: 1
[90mstdout[2m | src/components/RecordingStudio3.stories.jsx[2m > [22m[2mCoffee Shop Dialogue
[22m[39m[Mock Data] Assignment.onUpdate() called with filter: {
  "filter": {
    "unitID": {
      "eq": "mock-unit-id",
    },
  },
}
[90mstdout[2m | src/components/RecordingStudio3.stories.jsx[2m > [22m[2mCoffee Shop Dialogue
[22m[39m[Mock Data] Assignment.onUpdate() subscription added. Total: 1
[90mstdout[2m | src/components/RecordingStudio3.stories.jsx[2m > [22m[2mCoffee Shop Dialogue
[22m[39m[Mock Data] Assignment.onDelete() called with filter: {
  "filter": {
    "unitID": {
      "eq": "mock-unit-id",
    },
  },
}
[90mstdout[2m | src/components/RecordingStudio3.stories.jsx[2m > [22m[2mCoffee Shop Dialogue
[22m[39m[Mock Data] Assignment.onDelete() subscription added. Total: 1
[90mstdout[2m | src/components/RecordingStudio3.stories.jsx[2m > [22m[2mCoffee Shop Dialogue
[22m[39m[FilesContext] File observeQuery subscription triggered:
[90mstdout[2m | src/components/RecordingStudio3.stories.jsx[2m > [22m[2mCoffee Shop Dialogue
[22m[39m  - items.length: 6
[90mstdout[2m | src/components/RecordingStudio3.stories.jsx[2m > [22m[2mCoffee Shop Dialogue
[22m[39m  - isSynced: true
[90mstdout[2m | src/components/RecordingStudio3.stories.jsx[2m > [22m[2mCoffee Shop Dialogue
[22m[39m  - items: [
  {
    "_deleted": null,
    "_lastChangedAt": 1767711773285,
    "_version": 1,
    "byHex": null,
    "createdAt": "2026-01-06T15:02:53.253Z",
    "description": "Japanese language textbook - Chapter 1",
    "document": Promise {},
    "documentID": "e01017e1-fe7a-4521-b71c-09ec31b18639",
    "duration": null,
    "embedding": null,
    "generated": null,
    "hex": null,
    "id": "a57d7833-5fa7-4cb7-8b7a-ce7c6e10e551",
    "identityId": "us-east-1:b0eadde9-f02c-c71b-17a6-22ffd37d89c8",
    "key": "files/Japanese Wind 1.pdf",
    "level": "protected",
    "mimeType": "application/pdf",
    "model": null,
    "name": "Japanese Wind 1.pdf",
    "owner": "64d81418-7021-701d-9fed-a4c2e0735711",
    "parsedContent": [Function anonymous],
    "parsedContentID": null,
    "path": "files/Japanese Wind 1.pdf",
    "prompt": null,
    "size": 4706654,
    "thumbnail": null,
    "type": "pdf",
    "updatedAt": "2026-01-06T15:02:53.253Z",
    "variant": null,
    "waveformData": null,
  },
  {
    "_version": 2,
    "createdAt": "2026-01-15T10:00:00.000Z",
    "description": "Sample report with vocabulary",
    "document": Promise {},
    "documentID": "cd824b5b-2c66-41f8-8571-aa6794ff590c",
    "generated": false,
    "id": "mock-pdf-file-2",
    "identityId": "us-east-1:mock-identity",
    "key": "files/report.pdf",
    "level": "protected",
    "mimeType": "application/pdf",
    "name": "report.pdf",
    "owner": "mock-user-id",
    "parsedContent": [Function anonymous],
    "path": "files/report.pdf",
    "size": 123456,
    "type": "pdf",
    "updatedAt": "2026-01-15T10:30:00.000Z",
  },
  {
    "_version": 3,
    "createdAt": "2026-01-14T08:00:00.000Z",
    "description": "Vocabulary lesson PDF with extracted content",
    "document": Promise {},
    "documentID": "mock-document-3",
    "generated": false,
    "id": "mock-pdf-file-3",
    "identityId": "us-east-1:mock-identity",
    "key": "files/vocabulary-lesson.pdf",
    "level": "public",
    "mimeType": "application/pdf",
    "name": "vocabulary-lesson.pdf",
    "owner": "mock-user-id",
    "parsedContent": [Function anonymous],
    "path": "files/vocabulary-lesson.pdf",
    "size": 567890,
    "type": "pdf",
    "updatedAt": "2026-01-14T08:45:00.000Z",
  },
  {
    "_version": 1,
    "createdAt": "2026-01-20T10:00:00.000Z",
    "description": "Sample pronunciation audio",
    "documentID": null,
    "duration": 3.5,
    "generated": true,
    "id": "mock-audio-file-1",
    "identityId": "us-east-1:mock-identity",
    "key": "audio/pronunciation-demo.mp3",
    "level": "public",
    "mimeType": "audio/mpeg",
    "name": "pronunciation-demo.mp3",
    "owner": "mock-user-id",
    "parsedContent": [Function anonymous],
    "path": "/story-mocks/cinematic-designed-sci-fi-whoosh-transition-nexawave-228295.mp3",
    "size": 56789,
    "type": "audio",
    "updatedAt": "2026-01-20T10:00:00.000Z",
    "waveformData": null,
  },
  {
    "_version": 1,
    "createdAt": "2026-01-19T14:30:00.000Z",
    "description": "Lesson introduction audio",
    "documentID": null,
    "duration": 5.2,
    "generated": false,
    "id": "mock-audio-file-2",
    "identityId": "us-east-1:mock-identity",
    "key": "audio/lesson-intro.mp3",
    "level": "public",
    "mimeType": "audio/mpeg",
    "name": "lesson-intro.mp3",
    "owner": "mock-user-id",
    "parsedContent": [Function anonymous],
    "path": "/story-mocks/descent-whoosh-long-cinematic-sound-effect-405921.mp3",
    "size": 87654,
    "type": "audio",
    "updatedAt": "2026-01-19T14:30:00.000Z",
    "waveformData": null,
  },
  {
    "_version": 1,
    "createdAt": "2026-01-18T09:15:00.000Z",
    "description": "Hiragana character chart",
    "documentID": null,
    "generated": false,
    "id": "mock-image-file-1",
    "identityId": "us-east-1:mock-identity",
    "key": "images/hiragana-chart.png",
    "level": "public",
    "mimeType": "image/png",
    "name": "hiragana-chart.png",
    "owner": "mock-user-id",
    "parsedContent": [Function anonymous],
    "path": "images/hiragana-chart.png",
    "size": 234567,
    "thumbnail": "thumbnails/hiragana-chart-thumb.png",
    "type": "image",
    "updatedAt": "2026-01-18T09:15:00.000Z",
  },
]
[90mstdout[2m | src/components/RecordingStudio3.stories.jsx[2m > [22m[2mCoffee Shop Dialogue
[22m[39m[ChatContext] AssistantChat query update: 1 items (synced)
[90mstdout[2m | src/components/RecordingStudio3.stories.jsx[2m > [22m[2mCoffee Shop Dialogue
[22m[39m[ChatContext] First item details: {
  "id": "mock-assistant-chat-1",
  "updatedAt": "2024-01-26T10:15:00.000Z",
}
[90mstdout[2m | src/components/RecordingStudio3.stories.jsx[2m > [22m[2mCoffee Shop Dialogue
[22m[39m[ChatContext] AssistantChat subscription initialized
[90mstdout[2m | src/components/RecordingStudio3.stories.jsx[2m > [22m[2mCoffee Shop Dialogue
[22m[39m[ChatContext] AssistantChat list updated: 1 chats
[90mstdout[2m | src/components/RecordingStudio3.stories.jsx[2m > [22m[2mCoffee Shop Dialogue
[22m[39m[ChatContext] Setting initial chat: mock-assistant-chat-1
[90mstdout[2m | src/components/RecordingStudio3.stories.jsx[2m > [22m[2mCoffee Shop Dialogue
[22m[39m[FilesContext] Files count changed: 0 → 6
[90mstdout[2m | src/components/RecordingStudio3.stories.jsx[2m > [22m[2mCoffee Shop Dialogue
[22m[39m[MOCK CourseVectorStore] Initialized with mock data
[90mstdout[2m | src/components/RecordingStudio3.stories.jsx[2m > [22m[2mCoffee Shop Dialogue
[22m[39m[MOCK CourseVectorStore] Initialized with mock data
[90mstdout[2m | src/components/RecordingStudio3.stories.jsx[2m > [22m[2mCoffee Shop Dialogue
[22m[39m[useTranslationWithCapture] t() called: {
  "key": "recordingStudio3.importJson",
  "mode": "off",
  "namespace": "components",
  "value": "Import JSON",
}
[90mstdout[2m | src/components/RecordingStudio3.stories.jsx[2m > [22m[2mCoffee Shop Dialogue
[22m[39m[useTranslationWithCapture] t() called: {
  "key": "recordingStudio3.exportJson",
  "mode": "off",
  "namespace": "components",
  "value": "Export JSON",
}
[90mstdout[2m | src/components/RecordingStudio3.stories.jsx[2m > [22m[2mCoffee Shop Dialogue
[22m[39m[useTranslationWithCapture] t() called: {
  "key": "recordingStudio3.script",
  "mode": "off",
  "namespace": "components",
  "value": "Script",
}
[90mstdout[2m | src/components/RecordingStudio3.stories.jsx[2m > [22m[2mCoffee Shop Dialogue
[22m[39m[useTranslationWithCapture] t() called: {
  "key": "recordingStudio3.addLine",
  "mode": "off",
  "namespace": "components",
  "value": "Add Line",
}
[90mstdout[2m | src/components/RecordingStudio3.stories.jsx[2m > [22m[2mCoffee Shop Dialogue
[22m[39m[useTranslationWithCapture] t() called: {
  "key": "recordingStudio3.timeline",
  "mode": "off",
  "namespace": "components",
  "value": "Timeline",
}
[90mstdout[2m | src/components/RecordingStudio3.stories.jsx[2m > [22m[2mCoffee Shop Dialogue
[22m[39m[useTranslationWithCapture] t() called: {
  "key": "recordingStudio3.speakers",
  "mode": "off",
  "namespace": "components",
  "value": "Speakers",
}
[90mstdout[2m | src/components/RecordingStudio3.stories.jsx[2m > [22m[2mCoffee Shop Dialogue
[22m[39m[useTranslationWithCapture] t() called: {
  "key": "recordingStudio3.add",
  "mode": "off",
  "namespace": "components",
  "value": "Add",
}
[90mstdout[2m | src/components/RecordingStudio3.stories.jsx[2m > [22m[2mCoffee Shop Dialogue
[22m[39m[useTranslationWithCapture] t() called: {
  "key": "recordingStudio3.voice",
  "mode": "off",
  "namespace": "components",
  "value": "Voice",
}
[90mstdout[2m | src/components/RecordingStudio3.stories.jsx[2m > [22m[2mCoffee Shop Dialogue
[22m[39m[useTranslationWithCapture] t() called: {
  "key": "recordingStudio3.voice",
  "mode": "off",
  "namespace": "components",
  "value": "Voice",
}
[90mstdout[2m | src/components/RecordingStudio3.stories.jsx[2m > [22m[2mCoffee Shop Dialogue
[22m[39m[useTranslationWithCapture] t() called: {
  "key": "recordingStudio3.voice",
  "mode": "off",
  "namespace": "components",
  "value": "Voice",
}
[90mstdout[2m | src/components/RecordingStudio3.stories.jsx[2m > [22m[2mCoffee Shop Dialogue
[22m[39m[useTranslationWithCapture] t() called: {
  "key": "recordingStudio3.voice",
  "mode": "off",
  "namespace": "components",
  "value": "Voice",
}
[90mstdout[2m | src/components/RecordingStudio3.stories.jsx[2m > [22m[2mCoffee Shop Dialogue
[22m[39m[useTranslationWithCapture] t() called: {
  "key": "recordingStudio3.generateAllMissing",
  "mode": "off",
  "namespace": "components",
  "value": "Generate All Missing TTS",
}
[90mstdout[2m | src/components/RecordingStudio3.stories.jsx[2m > [22m[2mCoffee Shop Dialogue
[22m[39m[FilesContext] Vector store population triggered {
  "currentVectorStoreSize": 3,
  "documentsCount": 0,
  "filesCount": 6,
  "isInitialLoad": true,
}
[90mstdout[2m | src/components/RecordingStudio3.stories.jsx[2m > [22m[2mCoffee Shop Dialogue
[22m[39m[FilesContext] Vector store population complete - 3 total embeddings
[90mstdout[2m | src/components/RecordingStudio3.stories.jsx[2m > [22m[2mCoffee Shop Dialogue
[22m[39m[ChatContext] Chat exists and not archived, skipping creation
[90mstdout[2m | src/components/RecordingStudio3.stories.jsx[2m > [22m[2mCoffee Shop Dialogue
[22m[39m[Mock Data] Settings.create() called with: {
  "assistantVoice": "shimmer",
  "autoAnalyzeDocuments": true,
  "defaultAIModel": "gpt-4",
  "documentAnalysisModel": "gpt-4",
  "editorFontSize": 14,
  "editorTheme": "auto",
  "emailNotifications": true,
  "language": "en",
  "webhookNotifications": false,
}
[90mstdout[2m | src/components/RecordingStudio3.stories.jsx[2m > [22m[2mCoffee Shop Dialogue
[22m[39m[Mock Data] Settings created: mock-settings-1776336988262 - notified 1 subscribers
[90mstdout[2m | src/components/RecordingStudio3.stories.jsx[2m > [22m[2mJapanese Vocabulary Word
[22m[39m[Mock Data] Settings subscription unsubscribed. Remaining: 0
[90mstdout[2m | src/components/RecordingStudio3.stories.jsx[2m > [22m[2mJapanese Vocabulary Word
[22m[39m[ChatContext] Cleaning up subscription
[90mstdout[2m | src/components/RecordingStudio3.stories.jsx[2m > [22m[2mJapanese Vocabulary Word
[22m[39m[Mock Data] AssistantChat subscription unsubscribed. Remaining: 0
[90mstdout[2m | src/components/RecordingStudio3.stories.jsx[2m > [22m[2mJapanese Vocabulary Word
[22m[39m[Mock Data] File subscription unsubscribed. Remaining: 0
[90mstdout[2m | src/components/RecordingStudio3.stories.jsx[2m > [22m[2mJapanese Vocabulary Word
[22m[39m[Mock Data] Document subscription unsubscribed. Remaining: 0
[90mstdout[2m | src/components/RecordingStudio3.stories.jsx[2m > [22m[2mJapanese Vocabulary Word
[22m[39m[Mock Data] Word subscription unsubscribed. Remaining: 0
[90mstdout[2m | src/components/RecordingStudio3.stories.jsx[2m > [22m[2mJapanese Vocabulary Word
[22m[39m[Mock Data] Question subscription unsubscribed. Remaining: 0
[90mstdout[2m | src/components/RecordingStudio3.stories.jsx[2m > [22m[2mJapanese Vocabulary Word
[22m[39m[Mock Data] Grade subscription unsubscribed. Remaining: 0
[90mstdout[2m | src/components/RecordingStudio3.stories.jsx[2m > [22m[2mJapanese Vocabulary Word
[22m[39m[Mock Data] Unit subscription unsubscribed. Remaining: 0
[90mstdout[2m | src/components/RecordingStudio3.stories.jsx[2m > [22m[2mJapanese Vocabulary Word
[22m[39m[SectionContext] Cleaning up subscriptions
[90mstdout[2m | src/components/RecordingStudio3.stories.jsx[2m > [22m[2mJapanese Vocabulary Word
[22m[39m[Mock Data] Section.onCreate() subscription removed. Remaining: 0
[90mstdout[2m | src/components/RecordingStudio3.stories.jsx[2m > [22m[2mJapanese Vocabulary Word
[22m[39m[Mock Data] Section.onUpdate() subscription removed. Remaining: 0
[90mstdout[2m | src/components/RecordingStudio3.stories.jsx[2m > [22m[2mJapanese Vocabulary Word
[22m[39m[Mock Data] Section.onDelete() subscription removed. Remaining: 0
[90mstdout[2m | src/components/RecordingStudio3.stories.jsx[2m > [22m[2mJapanese Vocabulary Word
[22m[39m[Mock Data] Assignment.onCreate() subscription removed. Remaining: 0
[90mstdout[2m | src/components/RecordingStudio3.stories.jsx[2m > [22m[2mJapanese Vocabulary Word
[22m[39m[Mock Data] Assignment.onUpdate() subscription removed. Remaining: 0
[90mstdout[2m | src/components/RecordingStudio3.stories.jsx[2m > [22m[2mJapanese Vocabulary Word
[22m[39m[Mock Data] Assignment.onDelete() subscription removed. Remaining: 0
[90mstdout[2m | src/components/RecordingStudio3.stories.jsx[2m > [22m[2mJapanese Vocabulary Word
[22m[39m[Mock Data] Clearing all data stores
[90mstdout[2m | src/components/RecordingStudio3.stories.jsx[2m > [22m[2mJapanese Vocabulary Word
[22m[39m[Mock Data] All data stores cleared
[90mstdout[2m | src/components/RecordingStudio3.stories.jsx[2m > [22m[2mJapanese Vocabulary Word
[22m[39m[Preview] Cleared mock data for story
[90mstdout[2m | src/components/RecordingStudio3.stories.jsx[2m > [22m[2mJapanese Vocabulary Word
[22m[39m[Mock Data Gen 2] Initializing mock data
[90mstdout[2m | src/components/RecordingStudio3.stories.jsx[2m > [22m[2mJapanese Vocabulary Word
[22m[39m[Mock Data] seedMockAssistantChats: Replacing with 1 assistant chats
[90mstdout[2m | src/components/RecordingStudio3.stories.jsx[2m > [22m[2mJapanese Vocabulary Word
[22m[39m[Mock Data Gen 2] Seeded AssistantChat: mock-assistant-chat-1
[90mstdout[2m | src/components/RecordingStudio3.stories.jsx[2m > [22m[2mJapanese Vocabulary Word
[22m[39m[Mock Data] seedMockFiles: Adding 6 files
[90mstdout[2m | src/components/RecordingStudio3.stories.jsx[2m > [22m[2mJapanese Vocabulary Word
[22m[39m[Mock Data Gen 2] Seeded Files: 6
[90mstdout[2m | src/components/RecordingStudio3.stories.jsx[2m > [22m[2mJapanese Vocabulary Word
[22m[39m[Mock Data Gen 2] Initializing mock data
[90mstdout[2m | src/components/RecordingStudio3.stories.jsx[2m > [22m[2mJapanese Vocabulary Word
[22m[39m[Mock Data] seedMockAssistantChats: Replacing with 1 assistant chats
[90mstdout[2m | src/components/RecordingStudio3.stories.jsx[2m > [22m[2mJapanese Vocabulary Word
[22m[39m[Mock Data Gen 2] Seeded AssistantChat: mock-assistant-chat-1
[90mstdout[2m | src/components/RecordingStudio3.stories.jsx[2m > [22m[2mJapanese Vocabulary Word
[22m[39m[Mock Data] seedMockFiles: Adding 6 files
[90mstdout[2m | src/components/RecordingStudio3.stories.jsx[2m > [22m[2mJapanese Vocabulary Word
[22m[39m[Mock Data Gen 2] Seeded Files: 6
[90mstdout[2m | src/components/RecordingStudio3.stories.jsx[2m > [22m[2mJapanese Vocabulary Word
[22m[39m[Preview] Initialized default mock data for story
[90mstdout[2m | src/components/RecordingStudio3.stories.jsx[2m > [22m[2mJapanese Vocabulary Word
[22m[39m[Mock AuthContext] Providing auth: {
  "error": undefined,
  "isLoading": false,
  "session": {
    "idToken": {
      "toString": [Function toString],
    },
    "identityId": "us-east-1:mock-identity-123",
    "username": "mock-user-sub",
  },
  "user": {
    "attributes": {
      "email": "alice@example.com",
      "name": "Alice Student",
      "sub": "mock-user-sub",
    },
  },
}
[90mstdout[2m | src/components/RecordingStudio3.stories.jsx[2m > [22m[2mJapanese Vocabulary Word
[22m[39m[Mock Data] generateClient() called - returning mock client
[90mstdout[2m | src/components/RecordingStudio3.stories.jsx[2m > [22m[2mJapanese Vocabulary Word
[22m[39m[Mock amplifyClient] getAmplifyClient() called - returning mock client
[90mstdout[2m | src/components/RecordingStudio3.stories.jsx[2m > [22m[2mJapanese Vocabulary Word
[22m[39m[MOCK CourseVectorStore] Initialized with mock data
[90mstdout[2m | src/components/RecordingStudio3.stories.jsx[2m > [22m[2mJapanese Vocabulary Word
[22m[39m[TranslationModeController] Setting mode to: off
[90mstdout[2m | src/components/RecordingStudio3.stories.jsx[2m > [22m[2mJapanese Vocabulary Word
[22m[39m[SectionContext] useEffect triggered {
  "authLoading": false,
  "hasUser": true,
  "userSub": "mock-user-sub",
}
[90mstdout[2m | src/components/RecordingStudio3.stories.jsx[2m > [22m[2mJapanese Vocabulary Word
[22m[39m[SectionContext] Fetching sections for userId: mock-user-sub
[90mstdout[2m | src/components/RecordingStudio3.stories.jsx[2m > [22m[2mJapanese Vocabulary Word
[22m[39m[Mock Data] generateClient() called - returning mock client
[90mstdout[2m | src/components/RecordingStudio3.stories.jsx[2m > [22m[2mJapanese Vocabulary Word
[22m[39m[Mock amplifyClient] getAmplifyClient() called - returning mock client
[90mstdout[2m | src/components/RecordingStudio3.stories.jsx[2m > [22m[2mJapanese Vocabulary Word
[22m[39m[Mock Data] Section.list() called with options: undefined
[90mstdout[2m | src/components/RecordingStudio3.stories.jsx[2m > [22m[2mJapanese Vocabulary Word
[22m[39m[Mock Data] generateClient() called - returning mock client
[90mstdout[2m | src/components/RecordingStudio3.stories.jsx[2m > [22m[2mJapanese Vocabulary Word
[22m[39m[Mock amplifyClient] getAmplifyClient() called - returning mock client
[90mstdout[2m | src/components/RecordingStudio3.stories.jsx[2m > [22m[2mJapanese Vocabulary Word
[22m[39m[Mock Data] Assignment.list() called with options: {
  "filter": {
    "unitID": {
      "eq": "mock-unit-id",
    },
  },
}
[90mstdout[2m | src/components/RecordingStudio3.stories.jsx[2m > [22m[2mJapanese Vocabulary Word
[22m[39m[Mock Data] generateClient() called - returning mock client
[90mstdout[2m | src/components/RecordingStudio3.stories.jsx[2m > [22m[2mJapanese Vocabulary Word
[22m[39m[Mock amplifyClient] getAmplifyClient() called - returning mock client
[90mstdout[2m | src/components/RecordingStudio3.stories.jsx[2m > [22m[2mJapanese Vocabulary Word
[22m[39m[Mock Data] Grade.observeQuery() called with filter: {
  "filter": {
    "unitID": {
      "eq": "mock-unit-id",
    },
  },
}
[90mstdout[2m | src/components/RecordingStudio3.stories.jsx[2m > [22m[2mJapanese Vocabulary Word
[22m[39m[Mock Data] Grade.observeQuery() applying filter: {
  "unitID": {
    "eq": "mock-unit-id",
  },
}
[90mstdout[2m | src/components/RecordingStudio3.stories.jsx[2m > [22m[2mJapanese Vocabulary Word
[22m[39m[Mock Data] Grade.observeQuery() items before filter: 0
[90mstdout[2m | src/components/RecordingStudio3.stories.jsx[2m > [22m[2mJapanese Vocabulary Word
[22m[39m[Mock Data] Grade.observeQuery() items after filter: 0
[90mstdout[2m | src/components/RecordingStudio3.stories.jsx[2m > [22m[2mJapanese Vocabulary Word
[22m[39m[Mock Data] Grade.observeQuery() returning 0 items (filter applied) {
  "filter": {
    "unitID": {
      "eq": "mock-unit-id",
    },
  },
}
[90mstdout[2m | src/components/RecordingStudio3.stories.jsx[2m > [22m[2mJapanese Vocabulary Word
[22m[39m[Mock Data] Grade subscription added. Total subscriptions: 1
[90mstdout[2m | src/components/RecordingStudio3.stories.jsx[2m > [22m[2mJapanese Vocabulary Word
[22m[39m[UnitContext] useEffect triggered {
  "authLoading": false,
  "hasUser": true,
  "id": "mock-unit-id",
  "userSub": "mock-user-sub",
}
[90mstdout[2m | src/components/RecordingStudio3.stories.jsx[2m > [22m[2mJapanese Vocabulary Word
[22m[39m[UnitContext] Fetching unit data for id: mock-unit-id
[90mstdout[2m | src/components/RecordingStudio3.stories.jsx[2m > [22m[2mJapanese Vocabulary Word
[22m[39m[Mock Data] generateClient() called - returning mock client
[90mstdout[2m | src/components/RecordingStudio3.stories.jsx[2m > [22m[2mJapanese Vocabulary Word
[22m[39m[Mock amplifyClient] getAmplifyClient() called - returning mock client
[90mstdout[2m | src/components/RecordingStudio3.stories.jsx[2m > [22m[2mJapanese Vocabulary Word
[22m[39m[Mock Data] Unit.observeQuery() called with filter: {
  "filter": {
    "id": {
      "eq": "mock-unit-id",
    },
  },
}
[90mstdout[2m | src/components/RecordingStudio3.stories.jsx[2m > [22m[2mJapanese Vocabulary Word
[22m[39m[Mock Data] Unit.observeQuery() applying filter: {
  "id": {
    "eq": "mock-unit-id",
  },
}
[90mstdout[2m | src/components/RecordingStudio3.stories.jsx[2m > [22m[2mJapanese Vocabulary Word
[22m[39m[Mock Data] Unit.observeQuery() items before filter: 0
[90mstdout[2m | src/components/RecordingStudio3.stories.jsx[2m > [22m[2mJapanese Vocabulary Word
[22m[39m[Mock Data] Unit.observeQuery() items after filter: 0
[90mstdout[2m | src/components/RecordingStudio3.stories.jsx[2m > [22m[2mJapanese Vocabulary Word
[22m[39m[Mock Data] Unit.observeQuery() returning 0 items (filter applied) {
  "filter": {
    "id": {
      "eq": "mock-unit-id",
    },
  },
}
[90mstdout[2m | src/components/RecordingStudio3.stories.jsx[2m > [22m[2mJapanese Vocabulary Word
[22m[39m[Mock Data] Unit subscription added. Total subscriptions: 1
[90mstdout[2m | src/components/RecordingStudio3.stories.jsx[2m > [22m[2mJapanese Vocabulary Word
[22m[39m[Mock Data] generateClient() called - returning mock client
[90mstdout[2m | src/components/RecordingStudio3.stories.jsx[2m > [22m[2mJapanese Vocabulary Word
[22m[39m[Mock amplifyClient] getAmplifyClient() called - returning mock client
[90mstdout[2m | src/components/RecordingStudio3.stories.jsx[2m > [22m[2mJapanese Vocabulary Word
[22m[39m[Mock Data] Word.observeQuery() called with filter: undefined
[90mstdout[2m | src/components/RecordingStudio3.stories.jsx[2m > [22m[2mJapanese Vocabulary Word
[22m[39m[Mock Data] Word.observeQuery() returning 0 items (filter applied) undefined
[90mstdout[2m | src/components/RecordingStudio3.stories.jsx[2m > [22m[2mJapanese Vocabulary Word
[22m[39m[Mock Data] Word subscription added. Total subscriptions: 1
[90mstdout[2m | src/components/RecordingStudio3.stories.jsx[2m > [22m[2mJapanese Vocabulary Word
[22m[39m[Mock Data] generateClient() called - returning mock client
[90mstdout[2m | src/components/RecordingStudio3.stories.jsx[2m > [22m[2mJapanese Vocabulary Word
[22m[39m[Mock amplifyClient] getAmplifyClient() called - returning mock client
[90mstdout[2m | src/components/RecordingStudio3.stories.jsx[2m > [22m[2mJapanese Vocabulary Word
[22m[39m[Mock Data] Question.observeQuery() called with filter: undefined
[90mstdout[2m | src/components/RecordingStudio3.stories.jsx[2m > [22m[2mJapanese Vocabulary Word
[22m[39m[Mock Data] Question.observeQuery() returning 0 items (filter applied) undefined
[90mstdout[2m | src/components/RecordingStudio3.stories.jsx[2m > [22m[2mJapanese Vocabulary Word
[22m[39m[Mock Data] Question subscription added. Total subscriptions: 1
[90mstdout[2m | src/components/RecordingStudio3.stories.jsx[2m > [22m[2mJapanese Vocabulary Word
[22m[39m[FilesContext] Initializing vector store from IndexedDB
[90mstdout[2m | src/components/RecordingStudio3.stories.jsx[2m > [22m[2mJapanese Vocabulary Word
[22m[39m[FilesContext] fetchFiles called
[90mstdout[2m | src/components/RecordingStudio3.stories.jsx[2m > [22m[2mJapanese Vocabulary Word
[22m[39m[FilesContext] User authenticated: mock-user-sub
[90mstdout[2m | src/components/RecordingStudio3.stories.jsx[2m > [22m[2mJapanese Vocabulary Word
[22m[39m[FilesContext] Identity ID: us-east-1:mock-identity-123
[90mstdout[2m | src/components/RecordingStudio3.stories.jsx[2m > [22m[2mJapanese Vocabulary Word
[22m[39m[FilesContext] About to subscribe to File model
[90mstdout[2m | src/components/RecordingStudio3.stories.jsx[2m > [22m[2mJapanese Vocabulary Word
[22m[39m[Mock Data] generateClient() called - returning mock client
[90mstdout[2m | src/components/RecordingStudio3.stories.jsx[2m > [22m[2mJapanese Vocabulary Word
[22m[39m[Mock amplifyClient] getAmplifyClient() called - returning mock client
[90mstdout[2m | src/components/RecordingStudio3.stories.jsx[2m > [22m[2mJapanese Vocabulary Word
[22m[39m[Mock Data] File.observeQuery() called with filter: undefined
[90mstdout[2m | src/components/RecordingStudio3.stories.jsx[2m > [22m[2mJapanese Vocabulary Word
[22m[39m[Mock Data] File.observeQuery() returning 6 items (filter applied) undefined
[90mstdout[2m | src/components/RecordingStudio3.stories.jsx[2m > [22m[2mJapanese Vocabulary Word
[22m[39m[Mock Data] File subscription added. Total subscriptions: 1
[90mstdout[2m | src/components/RecordingStudio3.stories.jsx[2m > [22m[2mJapanese Vocabulary Word
[22m[39m[Mock Data] generateClient() called - returning mock client
[90mstdout[2m | src/components/RecordingStudio3.stories.jsx[2m > [22m[2mJapanese Vocabulary Word
[22m[39m[Mock amplifyClient] getAmplifyClient() called - returning mock client
[90mstdout[2m | src/components/RecordingStudio3.stories.jsx[2m > [22m[2mJapanese Vocabulary Word
[22m[39m[Mock Data] Document.observeQuery() called with filter: undefined
[90mstdout[2m | src/components/RecordingStudio3.stories.jsx[2m > [22m[2mJapanese Vocabulary Word
[22m[39m[Mock Data] Document.observeQuery() returning 0 items (filter applied) undefined
[90mstdout[2m | src/components/RecordingStudio3.stories.jsx[2m > [22m[2mJapanese Vocabulary Word
[22m[39m[Mock Data] Document subscription added. Total subscriptions: 1
[90mstdout[2m | src/components/RecordingStudio3.stories.jsx[2m > [22m[2mJapanese Vocabulary Word
[22m[39m[ChatContext] Setting up observeQuery for AssistantChat
[90mstdout[2m | src/components/RecordingStudio3.stories.jsx[2m > [22m[2mJapanese Vocabulary Word
[22m[39m[Mock Data] AssistantChat.observeQuery() called with filter: {
  "sortDirection": "DESC",
  "sortField": "createdAt",
}
[90mstdout[2m | src/components/RecordingStudio3.stories.jsx[2m > [22m[2mJapanese Vocabulary Word
[22m[39m[Mock Data] AssistantChat.observeQuery() returning 1 items (filter applied) {
  "sortDirection": "DESC",
  "sortField": "createdAt",
}
[90mstdout[2m | src/components/RecordingStudio3.stories.jsx[2m > [22m[2mJapanese Vocabulary Word
[22m[39m[Mock Data] AssistantChat subscription added. Total subscriptions: 1
[90mstdout[2m | src/components/RecordingStudio3.stories.jsx[2m > [22m[2mJapanese Vocabulary Word
[22m[39m[ChatContext] Waiting for subscription to initialize
[90mstdout[2m | src/components/RecordingStudio3.stories.jsx[2m > [22m[2mJapanese Vocabulary Word
[22m[39m[SettingsContext] Setting up Settings subscription for user: mock-user-sub
[90mstdout[2m | src/components/RecordingStudio3.stories.jsx[2m > [22m[2mJapanese Vocabulary Word
[22m[39m[Mock Data] generateClient() called - returning mock client
[90mstdout[2m | src/components/RecordingStudio3.stories.jsx[2m > [22m[2mJapanese Vocabulary Word
[22m[39m[Mock amplifyClient] getAmplifyClient() called - returning mock client
[90mstdout[2m | src/components/RecordingStudio3.stories.jsx[2m > [22m[2mJapanese Vocabulary Word
[22m[39m[Mock Data] Settings.observeQuery() called with filter: undefined
[90mstdout[2m | src/components/RecordingStudio3.stories.jsx[2m > [22m[2mJapanese Vocabulary Word
[22m[39m[Mock Data] Settings.observeQuery() returning 0 items (filter applied) undefined
[90mstdout[2m | src/components/RecordingStudio3.stories.jsx[2m > [22m[2mJapanese Vocabulary Word
[22m[39m[Mock Data] Settings subscription added. Total subscriptions: 1
[90mstdout[2m | src/components/RecordingStudio3.stories.jsx[2m > [22m[2mJapanese Vocabulary Word
[22m[39m[SectionContext] Initial sections: 0 []
[90mstdout[2m | src/components/RecordingStudio3.stories.jsx[2m > [22m[2mJapanese Vocabulary Word
[22m[39m[Mock Data] Section.onCreate() called with filter: undefined
[90mstdout[2m | src/components/RecordingStudio3.stories.jsx[2m > [22m[2mJapanese Vocabulary Word
[22m[39m[Mock Data] Section.onCreate() subscription added. Total: 1
[90mstdout[2m | src/components/RecordingStudio3.stories.jsx[2m > [22m[2mJapanese Vocabulary Word
[22m[39m[Mock Data] Section.onUpdate() called with filter: undefined
[90mstdout[2m | src/components/RecordingStudio3.stories.jsx[2m > [22m[2mJapanese Vocabulary Word
[22m[39m[Mock Data] Section.onUpdate() subscription added. Total: 1
[90mstdout[2m | src/components/RecordingStudio3.stories.jsx[2m > [22m[2mJapanese Vocabulary Word
[22m[39m[Mock Data] Section.onDelete() called with filter: undefined
[90mstdout[2m | src/components/RecordingStudio3.stories.jsx[2m > [22m[2mJapanese Vocabulary Word
[22m[39m[Mock Data] Section.onDelete() subscription added. Total: 1
[90mstdout[2m | src/components/RecordingStudio3.stories.jsx[2m > [22m[2mJapanese Vocabulary Word
[22m[39m[Mock Data] Assignment.onCreate() called with filter: {
  "filter": {
    "unitID": {
      "eq": "mock-unit-id",
    },
  },
}
[90mstdout[2m | src/components/RecordingStudio3.stories.jsx[2m > [22m[2mJapanese Vocabulary Word
[22m[39m[Mock Data] Assignment.onCreate() subscription added. Total: 1
[90mstdout[2m | src/components/RecordingStudio3.stories.jsx[2m > [22m[2mJapanese Vocabulary Word
[22m[39m[Mock Data] Assignment.onUpdate() called with filter: {
  "filter": {
    "unitID": {
      "eq": "mock-unit-id",
    },
  },
}
[90mstdout[2m | src/components/RecordingStudio3.stories.jsx[2m > [22m[2mJapanese Vocabulary Word
[22m[39m[Mock Data] Assignment.onUpdate() subscription added. Total: 1
[90mstdout[2m | src/components/RecordingStudio3.stories.jsx[2m > [22m[2mJapanese Vocabulary Word
[22m[39m[Mock Data] Assignment.onDelete() called with filter: {
  "filter": {
    "unitID": {
      "eq": "mock-unit-id",
    },
  },
}
[90mstdout[2m | src/components/RecordingStudio3.stories.jsx[2m > [22m[2mJapanese Vocabulary Word
[22m[39m[Mock Data] Assignment.onDelete() subscription added. Total: 1
[90mstdout[2m | src/components/RecordingStudio3.stories.jsx[2m > [22m[2mJapanese Vocabulary Word
[22m[39m[FilesContext] File observeQuery subscription triggered:
[90mstdout[2m | src/components/RecordingStudio3.stories.jsx[2m > [22m[2mJapanese Vocabulary Word
[22m[39m  - items.length: 6
[90mstdout[2m | src/components/RecordingStudio3.stories.jsx[2m > [22m[2mJapanese Vocabulary Word
[22m[39m  - isSynced: true
[90mstdout[2m | src/components/RecordingStudio3.stories.jsx[2m > [22m[2mJapanese Vocabulary Word
[22m[39m  - items: [
  {
    "_deleted": null,
    "_lastChangedAt": 1767711773285,
    "_version": 1,
    "byHex": null,
    "createdAt": "2026-01-06T15:02:53.253Z",
    "description": "Japanese language textbook - Chapter 1",
    "document": Promise {},
    "documentID": "e01017e1-fe7a-4521-b71c-09ec31b18639",
    "duration": null,
    "embedding": null,
    "generated": null,
    "hex": null,
    "id": "a57d7833-5fa7-4cb7-8b7a-ce7c6e10e551",
    "identityId": "us-east-1:b0eadde9-f02c-c71b-17a6-22ffd37d89c8",
    "key": "files/Japanese Wind 1.pdf",
    "level": "protected",
    "mimeType": "application/pdf",
    "model": null,
    "name": "Japanese Wind 1.pdf",
    "owner": "64d81418-7021-701d-9fed-a4c2e0735711",
    "parsedContent": [Function anonymous],
    "parsedContentID": null,
    "path": "files/Japanese Wind 1.pdf",
    "prompt": null,
    "size": 4706654,
    "thumbnail": null,
    "type": "pdf",
    "updatedAt": "2026-01-06T15:02:53.253Z",
    "variant": null,
    "waveformData": null,
  },
  {
    "_version": 2,
    "createdAt": "2026-01-15T10:00:00.000Z",
    "description": "Sample report with vocabulary",
    "document": Promise {},
    "documentID": "cd824b5b-2c66-41f8-8571-aa6794ff590c",
    "generated": false,
    "id": "mock-pdf-file-2",
    "identityId": "us-east-1:mock-identity",
    "key": "files/report.pdf",
    "level": "protected",
    "mimeType": "application/pdf",
    "name": "report.pdf",
    "owner": "mock-user-id",
    "parsedContent": [Function anonymous],
    "path": "files/report.pdf",
    "size": 123456,
    "type": "pdf",
    "updatedAt": "2026-01-15T10:30:00.000Z",
  },
  {
    "_version": 3,
    "createdAt": "2026-01-14T08:00:00.000Z",
    "description": "Vocabulary lesson PDF with extracted content",
    "document": Promise {},
    "documentID": "mock-document-3",
    "generated": false,
    "id": "mock-pdf-file-3",
    "identityId": "us-east-1:mock-identity",
    "key": "files/vocabulary-lesson.pdf",
    "level": "public",
    "mimeType": "application/pdf",
    "name": "vocabulary-lesson.pdf",
    "owner": "mock-user-id",
    "parsedContent": [Function anonymous],
    "path": "files/vocabulary-lesson.pdf",
    "size": 567890,
    "type": "pdf",
    "updatedAt": "2026-01-14T08:45:00.000Z",
  },
  {
    "_version": 1,
    "createdAt": "2026-01-20T10:00:00.000Z",
    "description": "Sample pronunciation audio",
    "documentID": null,
    "duration": 3.5,
    "generated": true,
    "id": "mock-audio-file-1",
    "identityId": "us-east-1:mock-identity",
    "key": "audio/pronunciation-demo.mp3",
    "level": "public",
    "mimeType": "audio/mpeg",
    "name": "pronunciation-demo.mp3",
    "owner": "mock-user-id",
    "parsedContent": [Function anonymous],
    "path": "/story-mocks/cinematic-designed-sci-fi-whoosh-transition-nexawave-228295.mp3",
    "size": 56789,
    "type": "audio",
    "updatedAt": "2026-01-20T10:00:00.000Z",
    "waveformData": null,
  },
  {
    "_version": 1,
    "createdAt": "2026-01-19T14:30:00.000Z",
    "description": "Lesson introduction audio",
    "documentID": null,
    "duration": 5.2,
    "generated": false,
    "id": "mock-audio-file-2",
    "identityId": "us-east-1:mock-identity",
    "key": "audio/lesson-intro.mp3",
    "level": "public",
    "mimeType": "audio/mpeg",
    "name": "lesson-intro.mp3",
    "owner": "mock-user-id",
    "parsedContent": [Function anonymous],
    "path": "/story-mocks/descent-whoosh-long-cinematic-sound-effect-405921.mp3",
    "size": 87654,
    "type": "audio",
    "updatedAt": "2026-01-19T14:30:00.000Z",
    "waveformData": null,
  },
  {
    "_version": 1,
    "createdAt": "2026-01-18T09:15:00.000Z",
    "description": "Hiragana character chart",
    "documentID": null,
    "generated": false,
    "id": "mock-image-file-1",
    "identityId": "us-east-1:mock-identity",
    "key": "images/hiragana-chart.png",
    "level": "public",
    "mimeType": "image/png",
    "name": "hiragana-chart.png",
    "owner": "mock-user-id",
    "parsedContent": [Function anonymous],
    "path": "images/hiragana-chart.png",
    "size": 234567,
    "thumbnail": "thumbnails/hiragana-chart-thumb.png",
    "type": "image",
    "updatedAt": "2026-01-18T09:15:00.000Z",
  },
]
[90mstdout[2m | src/components/RecordingStudio3.stories.jsx[2m > [22m[2mJapanese Vocabulary Word
[22m[39m[FilesContext] Files count changed: 0 → 6
[90mstdout[2m | src/components/RecordingStudio3.stories.jsx[2m > [22m[2mJapanese Vocabulary Word
[22m[39m[MOCK CourseVectorStore] Initialized with mock data
[90mstdout[2m | src/components/RecordingStudio3.stories.jsx[2m > [22m[2mJapanese Vocabulary Word
[22m[39m[MOCK CourseVectorStore] Initialized with mock data
[90mstdout[2m | src/components/RecordingStudio3.stories.jsx[2m > [22m[2mJapanese Vocabulary Word
[22m[39m[useTranslationWithCapture] t() called: {
  "key": "recordingStudio3.importJson",
  "mode": "off",
  "namespace": "components",
  "value": "Import JSON",
}
[90mstdout[2m | src/components/RecordingStudio3.stories.jsx[2m > [22m[2mJapanese Vocabulary Word
[22m[39m[useTranslationWithCapture] t() called: {
  "key": "recordingStudio3.exportJson",
  "mode": "off",
  "namespace": "components",
  "value": "Export JSON",
}
[90mstdout[2m | src/components/RecordingStudio3.stories.jsx[2m > [22m[2mJapanese Vocabulary Word
[22m[39m[useTranslationWithCapture] t() called: {
  "key": "recordingStudio3.script",
  "mode": "off",
  "namespace": "components",
  "value": "Script",
}
[90mstdout[2m | src/components/RecordingStudio3.stories.jsx[2m > [22m[2mJapanese Vocabulary Word
[22m[39m[useTranslationWithCapture] t() called: {
  "key": "recordingStudio3.addLine",
  "mode": "off",
  "namespace": "components",
  "value": "Add Line",
}
[90mstdout[2m | src/components/RecordingStudio3.stories.jsx[2m > [22m[2mJapanese Vocabulary Word
[22m[39m[useTranslationWithCapture] t() called: {
  "key": "recordingStudio3.timeline",
  "mode": "off",
  "namespace": "components",
  "value": "Timeline",
}
[90mstdout[2m | src/components/RecordingStudio3.stories.jsx[2m > [22m[2mJapanese Vocabulary Word
[22m[39m[useTranslationWithCapture] t() called: {
  "key": "recordingStudio3.speakers",
  "mode": "off",
  "namespace": "components",
  "value": "Speakers",
}
[90mstdout[2m | src/components/RecordingStudio3.stories.jsx[2m > [22m[2mJapanese Vocabulary Word
[22m[39m[useTranslationWithCapture] t() called: {
  "key": "recordingStudio3.add",
  "mode": "off",
  "namespace": "components",
  "value": "Add",
}
[90mstdout[2m | src/components/RecordingStudio3.stories.jsx[2m > [22m[2mJapanese Vocabulary Word
[22m[39m[useTranslationWithCapture] t() called: {
  "key": "recordingStudio3.voice",
  "mode": "off",
  "namespace": "components",
  "value": "Voice",
}
[90mstdout[2m | src/components/RecordingStudio3.stories.jsx[2m > [22m[2mJapanese Vocabulary Word
[22m[39m[useTranslationWithCapture] t() called: {
  "key": "recordingStudio3.voice",
  "mode": "off",
  "namespace": "components",
  "value": "Voice",
}
[90mstdout[2m | src/components/RecordingStudio3.stories.jsx[2m > [22m[2mJapanese Vocabulary Word
[22m[39m[useTranslationWithCapture] t() called: {
  "key": "recordingStudio3.voice",
  "mode": "off",
  "namespace": "components",
  "value": "Voice",
}
[90mstdout[2m | src/components/RecordingStudio3.stories.jsx[2m > [22m[2mJapanese Vocabulary Word
[22m[39m[useTranslationWithCapture] t() called: {
  "key": "recordingStudio3.voice",
  "mode": "off",
  "namespace": "components",
  "value": "Voice",
}
[90mstdout[2m | src/components/RecordingStudio3.stories.jsx[2m > [22m[2mJapanese Vocabulary Word
[22m[39m[useTranslationWithCapture] t() called: {
  "key": "recordingStudio3.generateAllMissing",
  "mode": "off",
  "namespace": "components",
  "value": "Generate All Missing TTS",
}
[90mstdout[2m | src/components/RecordingStudio3.stories.jsx[2m > [22m[2mJapanese Vocabulary Word
[22m[39m[FilesContext] Vector store population triggered {
  "currentVectorStoreSize": 3,
  "documentsCount": 0,
  "filesCount": 6,
  "isInitialLoad": true,
}
[90mstdout[2m | src/components/RecordingStudio3.stories.jsx[2m > [22m[2mJapanese Vocabulary Word
[22m[39m[FilesContext] Vector store population complete - 3 total embeddings
[90mstdout[2m | src/components/RecordingStudio3.stories.jsx[2m > [22m[2mJapanese Vocabulary Word
[22m[39m[ChatContext] AssistantChat query update: 1 items (synced)
[90mstdout[2m | src/components/RecordingStudio3.stories.jsx[2m > [22m[2mJapanese Vocabulary Word
[22m[39m[ChatContext] First item details: {
  "id": "mock-assistant-chat-1",
  "updatedAt": "2024-01-26T10:15:00.000Z",
}
[90mstdout[2m | src/components/RecordingStudio3.stories.jsx[2m > [22m[2mJapanese Vocabulary Word
[22m[39m[ChatContext] AssistantChat subscription initialized
[90mstdout[2m | src/components/RecordingStudio3.stories.jsx[2m > [22m[2mJapanese Vocabulary Word
[22m[39m[ChatContext] AssistantChat list updated: 1 chats
[90mstdout[2m | src/components/RecordingStudio3.stories.jsx[2m > [22m[2mJapanese Vocabulary Word
[22m[39m[Mock Data] Settings.create() called with: {
  "assistantVoice": "shimmer",
  "autoAnalyzeDocuments": true,
  "defaultAIModel": "gpt-4",
  "documentAnalysisModel": "gpt-4",
  "editorFontSize": 14,
  "editorTheme": "auto",
  "emailNotifications": true,
  "language": "en",
  "webhookNotifications": false,
}
[90mstdout[2m | src/components/RecordingStudio3.stories.jsx[2m > [22m[2mJapanese Vocabulary Word
[22m[39m[Mock Data] Settings created: mock-settings-1776336988610 - notified 1 subscribers
[90mstdout[2m | src/components/RecordingStudio3.stories.jsx[2m > [22m[2mJapanese Vocabulary Word
[22m[39m[ChatContext] Setting initial chat: mock-assistant-chat-1
[90mstdout[2m | src/components/RecordingStudio3.stories.jsx[2m > [22m[2mJapanese Vocabulary Word
[22m[39m[ChatContext] Chat exists and not archived, skipping creation
[90mstdout[2m | src/components/RecordingStudio3.stories.jsx[2m > [22m[2mQuiz Question Audio
[22m[39m[Mock Data] Settings subscription unsubscribed. Remaining: 0
[90mstdout[2m | src/components/RecordingStudio3.stories.jsx[2m > [22m[2mQuiz Question Audio
[22m[39m[ChatContext] Cleaning up subscription
[90mstdout[2m | src/components/RecordingStudio3.stories.jsx[2m > [22m[2mQuiz Question Audio
[22m[39m[Mock Data] AssistantChat subscription unsubscribed. Remaining: 0
[90mstdout[2m | src/components/RecordingStudio3.stories.jsx[2m > [22m[2mQuiz Question Audio
[22m[39m[Mock Data] File subscription unsubscribed. Remaining: 0
[90mstdout[2m | src/components/RecordingStudio3.stories.jsx[2m > [22m[2mQuiz Question Audio
[22m[39m[Mock Data] Document subscription unsubscribed. Remaining: 0
[90mstdout[2m | src/components/RecordingStudio3.stories.jsx[2m > [22m[2mQuiz Question Audio
[22m[39m[Mock Data] Word subscription unsubscribed. Remaining: 0
[90mstdout[2m | src/components/RecordingStudio3.stories.jsx[2m > [22m[2mQuiz Question Audio
[22m[39m[Mock Data] Question subscription unsubscribed. Remaining: 0
[90mstdout[2m | src/components/RecordingStudio3.stories.jsx[2m > [22m[2mQuiz Question Audio
[22m[39m[Mock Data] Grade subscription unsubscribed. Remaining: 0
[90mstdout[2m | src/components/RecordingStudio3.stories.jsx[2m > [22m[2mQuiz Question Audio
[22m[39m[Mock Data] Unit subscription unsubscribed. Remaining: 0
[90mstdout[2m | src/components/RecordingStudio3.stories.jsx[2m > [22m[2mQuiz Question Audio
[22m[39m[SectionContext] Cleaning up subscriptions
[90mstdout[2m | src/components/RecordingStudio3.stories.jsx[2m > [22m[2mQuiz Question Audio
[22m[39m[Mock Data] Section.onCreate() subscription removed. Remaining: 0
[90mstdout[2m | src/components/RecordingStudio3.stories.jsx[2m > [22m[2mQuiz Question Audio
[22m[39m[Mock Data] Section.onUpdate() subscription removed. Remaining: 0
[90mstdout[2m | src/components/RecordingStudio3.stories.jsx[2m > [22m[2mQuiz Question Audio
[22m[39m[Mock Data] Section.onDelete() subscription removed. Remaining: 0
[90mstdout[2m | src/components/RecordingStudio3.stories.jsx[2m > [22m[2mQuiz Question Audio
[22m[39m[Mock Data] Assignment.onCreate() subscription removed. Remaining: 0
[90mstdout[2m | src/components/RecordingStudio3.stories.jsx[2m > [22m[2mQuiz Question Audio
[22m[39m[Mock Data] Assignment.onUpdate() subscription removed. Remaining: 0
[90mstdout[2m | src/components/RecordingStudio3.stories.jsx[2m > [22m[2mQuiz Question Audio
[22m[39m[Mock Data] Assignment.onDelete() subscription removed. Remaining: 0
[90mstdout[2m | src/components/RecordingStudio3.stories.jsx[2m > [22m[2mQuiz Question Audio
[22m[39m[Mock Data] Clearing all data stores
[90mstdout[2m | src/components/RecordingStudio3.stories.jsx[2m > [22m[2mQuiz Question Audio
[22m[39m[Mock Data] All data stores cleared
[90mstdout[2m | src/components/RecordingStudio3.stories.jsx[2m > [22m[2mQuiz Question Audio
[22m[39m[Preview] Cleared mock data for story
[90mstdout[2m | src/components/RecordingStudio3.stories.jsx[2m > [22m[2mQuiz Question Audio
[22m[39m[Mock Data Gen 2] Initializing mock data
[90mstdout[2m | src/components/RecordingStudio3.stories.jsx[2m > [22m[2mQuiz Question Audio
[22m[39m[Mock Data] seedMockAssistantChats: Replacing with 1 assistant chats
[90mstdout[2m | src/components/RecordingStudio3.stories.jsx[2m > [22m[2mQuiz Question Audio
[22m[39m[Mock Data Gen 2] Seeded AssistantChat: mock-assistant-chat-1
[90mstdout[2m | src/components/RecordingStudio3.stories.jsx[2m > [22m[2mQuiz Question Audio
[22m[39m[Mock Data] seedMockFiles: Adding 6 files
[90mstdout[2m | src/components/RecordingStudio3.stories.jsx[2m > [22m[2mQuiz Question Audio
[22m[39m[Mock Data Gen 2] Seeded Files: 6
[90mstdout[2m | src/components/RecordingStudio3.stories.jsx[2m > [22m[2mQuiz Question Audio
[22m[39m[Mock Data Gen 2] Initializing mock data
[90mstdout[2m | src/components/RecordingStudio3.stories.jsx[2m > [22m[2mQuiz Question Audio
[22m[39m[Mock Data] seedMockAssistantChats: Replacing with 1 assistant chats
[90mstdout[2m | src/components/RecordingStudio3.stories.jsx[2m > [22m[2mQuiz Question Audio
[22m[39m[Mock Data Gen 2] Seeded AssistantChat: mock-assistant-chat-1
[90mstdout[2m | src/components/RecordingStudio3.stories.jsx[2m > [22m[2mQuiz Question Audio
[22m[39m[Mock Data] seedMockFiles: Adding 6 files
[90mstdout[2m | src/components/RecordingStudio3.stories.jsx[2m > [22m[2mQuiz Question Audio
[22m[39m[Mock Data Gen 2] Seeded Files: 6
[90mstdout[2m | src/components/RecordingStudio3.stories.jsx[2m > [22m[2mQuiz Question Audio
[22m[39m[Preview] Initialized default mock data for story
[90mstdout[2m | src/components/RecordingStudio3.stories.jsx[2m > [22m[2mQuiz Question Audio
[22m[39m[Mock AuthContext] Providing auth: {
  "error": undefined,
  "isLoading": false,
  "session": {
    "idToken": {
      "toString": [Function toString],
    },
    "identityId": "us-east-1:mock-identity-123",
    "username": "mock-user-sub",
  },
  "user": {
    "attributes": {
      "email": "alice@example.com",
      "name": "Alice Student",
      "sub": "mock-user-sub",
    },
  },
}
[90mstdout[2m | src/components/RecordingStudio3.stories.jsx[2m > [22m[2mQuiz Question Audio
[22m[39m[Mock Data] generateClient() called - returning mock client
[90mstdout[2m | src/components/RecordingStudio3.stories.jsx[2m > [22m[2mQuiz Question Audio
[22m[39m[Mock amplifyClient] getAmplifyClient() called - returning mock client
[90mstdout[2m | src/components/RecordingStudio3.stories.jsx[2m > [22m[2mQuiz Question Audio
[22m[39m[MOCK CourseVectorStore] Initialized with mock data
[90mstdout[2m | src/components/RecordingStudio3.stories.jsx[2m > [22m[2mQuiz Question Audio
[22m[39m[TranslationModeController] Setting mode to: off
[90mstdout[2m | src/components/RecordingStudio3.stories.jsx[2m > [22m[2mQuiz Question Audio
[22m[39m[SectionContext] useEffect triggered {
  "authLoading": false,
  "hasUser": true,
  "userSub": "mock-user-sub",
}
[90mstdout[2m | src/components/RecordingStudio3.stories.jsx[2m > [22m[2mQuiz Question Audio
[22m[39m[SectionContext] Fetching sections for userId: mock-user-sub
[90mstdout[2m | src/components/RecordingStudio3.stories.jsx[2m > [22m[2mQuiz Question Audio
[22m[39m[Mock Data] generateClient() called - returning mock client
[90mstdout[2m | src/components/RecordingStudio3.stories.jsx[2m > [22m[2mQuiz Question Audio
[22m[39m[Mock amplifyClient] getAmplifyClient() called - returning mock client
[90mstdout[2m | src/components/RecordingStudio3.stories.jsx[2m > [22m[2mQuiz Question Audio
[22m[39m[Mock Data] Section.list() called with options: undefined
[90mstdout[2m | src/components/RecordingStudio3.stories.jsx[2m > [22m[2mQuiz Question Audio
[22m[39m[Mock Data] generateClient() called - returning mock client
[90mstdout[2m | src/components/RecordingStudio3.stories.jsx[2m > [22m[2mQuiz Question Audio
[22m[39m[Mock amplifyClient] getAmplifyClient() called - returning mock client
[90mstdout[2m | src/components/RecordingStudio3.stories.jsx[2m > [22m[2mQuiz Question Audio
[22m[39m[Mock Data] Assignment.list() called with options: {
  "filter": {
    "unitID": {
      "eq": "mock-unit-id",
    },
  },
}
[90mstdout[2m | src/components/RecordingStudio3.stories.jsx[2m > [22m[2mQuiz Question Audio
[22m[39m[Mock Data] generateClient() called - returning mock client
[90mstdout[2m | src/components/RecordingStudio3.stories.jsx[2m > [22m[2mQuiz Question Audio
[22m[39m[Mock amplifyClient] getAmplifyClient() called - returning mock client
[90mstdout[2m | src/components/RecordingStudio3.stories.jsx[2m > [22m[2mQuiz Question Audio
[22m[39m[Mock Data] Grade.observeQuery() called with filter: {
  "filter": {
    "unitID": {
      "eq": "mock-unit-id",
    },
  },
}
[90mstdout[2m | src/components/RecordingStudio3.stories.jsx[2m > [22m[2mQuiz Question Audio
[22m[39m[Mock Data] Grade.observeQuery() applying filter: {
  "unitID": {
    "eq": "mock-unit-id",
  },
}
[90mstdout[2m | src/components/RecordingStudio3.stories.jsx[2m > [22m[2mQuiz Question Audio
[22m[39m[Mock Data] Grade.observeQuery() items before filter: 0
[90mstdout[2m | src/components/RecordingStudio3.stories.jsx[2m > [22m[2mQuiz Question Audio
[22m[39m[Mock Data] Grade.observeQuery() items after filter: 0
[90mstdout[2m | src/components/RecordingStudio3.stories.jsx[2m > [22m[2mQuiz Question Audio
[22m[39m[Mock Data] Grade.observeQuery() returning 0 items (filter applied) {
  "filter": {
    "unitID": {
      "eq": "mock-unit-id",
    },
  },
}
[90mstdout[2m | src/components/RecordingStudio3.stories.jsx[2m > [22m[2mQuiz Question Audio
[22m[39m[Mock Data] Grade subscription added. Total subscriptions: 1
[90mstdout[2m | src/components/RecordingStudio3.stories.jsx[2m > [22m[2mQuiz Question Audio
[22m[39m[UnitContext] useEffect triggered {
  "authLoading": false,
  "hasUser": true,
  "id": "mock-unit-id",
  "userSub": "mock-user-sub",
}
[90mstdout[2m | src/components/RecordingStudio3.stories.jsx[2m > [22m[2mQuiz Question Audio
[22m[39m[UnitContext] Fetching unit data for id: mock-unit-id
[90mstdout[2m | src/components/RecordingStudio3.stories.jsx[2m > [22m[2mQuiz Question Audio
[22m[39m[Mock Data] generateClient() called - returning mock client
[90mstdout[2m | src/components/RecordingStudio3.stories.jsx[2m > [22m[2mQuiz Question Audio
[22m[39m[Mock amplifyClient] getAmplifyClient() called - returning mock client
[90mstdout[2m | src/components/RecordingStudio3.stories.jsx[2m > [22m[2mQuiz Question Audio
[22m[39m[Mock Data] Unit.observeQuery() called with filter: {
  "filter": {
    "id": {
      "eq": "mock-unit-id",
    },
  },
}
[90mstdout[2m | src/components/RecordingStudio3.stories.jsx[2m > [22m[2mQuiz Question Audio
[22m[39m[Mock Data] Unit.observeQuery() applying filter: {
  "id": {
    "eq": "mock-unit-id",
  },
}
[90mstdout[2m | src/components/RecordingStudio3.stories.jsx[2m > [22m[2mQuiz Question Audio
[22m[39m[Mock Data] Unit.observeQuery() items before filter: 0
[90mstdout[2m | src/components/RecordingStudio3.stories.jsx[2m > [22m[2mQuiz Question Audio
[22m[39m[Mock Data] Unit.observeQuery() items after filter: 0
[90mstdout[2m | src/components/RecordingStudio3.stories.jsx[2m > [22m[2mQuiz Question Audio
[22m[39m[Mock Data] Unit.observeQuery() returning 0 items (filter applied) {
  "filter": {
    "id": {
      "eq": "mock-unit-id",
    },
  },
}
[90mstdout[2m | src/components/RecordingStudio3.stories.jsx[2m > [22m[2mQuiz Question Audio
[22m[39m[Mock Data] Unit subscription added. Total subscriptions: 1
[90mstdout[2m | src/components/RecordingStudio3.stories.jsx[2m > [22m[2mQuiz Question Audio
[22m[39m[Mock Data] generateClient() called - returning mock client
[90mstdout[2m | src/components/RecordingStudio3.stories.jsx[2m > [22m[2mQuiz Question Audio
[22m[39m[Mock amplifyClient] getAmplifyClient() called - returning mock client
[90mstdout[2m | src/components/RecordingStudio3.stories.jsx[2m > [22m[2mQuiz Question Audio
[22m[39m[Mock Data] Word.observeQuery() called with filter: undefined
[90mstdout[2m | src/components/RecordingStudio3.stories.jsx[2m > [22m[2mQuiz Question Audio
[22m[39m[Mock Data] Word.observeQuery() returning 0 items (filter applied) undefined
[90mstdout[2m | src/components/RecordingStudio3.stories.jsx[2m > [22m[2mQuiz Question Audio
[22m[39m[Mock Data] Word subscription added. Total subscriptions: 1
[90mstdout[2m | src/components/RecordingStudio3.stories.jsx[2m > [22m[2mQuiz Question Audio
[22m[39m[Mock Data] generateClient() called - returning mock client
[90mstdout[2m | src/components/RecordingStudio3.stories.jsx[2m > [22m[2mQuiz Question Audio
[22m[39m[Mock amplifyClient] getAmplifyClient() called - returning mock client
[90mstdout[2m | src/components/RecordingStudio3.stories.jsx[2m > [22m[2mQuiz Question Audio
[22m[39m[Mock Data] Question.observeQuery() called with filter: undefined
[90mstdout[2m | src/components/RecordingStudio3.stories.jsx[2m > [22m[2mQuiz Question Audio
[22m[39m[Mock Data] Question.observeQuery() returning 0 items (filter applied) undefined
[90mstdout[2m | src/components/RecordingStudio3.stories.jsx[2m > [22m[2mQuiz Question Audio
[22m[39m[Mock Data] Question subscription added. Total subscriptions: 1
[90mstdout[2m | src/components/RecordingStudio3.stories.jsx[2m > [22m[2mQuiz Question Audio
[22m[39m[FilesContext] Initializing vector store from IndexedDB
[90mstdout[2m | src/components/RecordingStudio3.stories.jsx[2m > [22m[2mQuiz Question Audio
[22m[39m[FilesContext] fetchFiles called
[90mstdout[2m | src/components/RecordingStudio3.stories.jsx[2m > [22m[2mQuiz Question Audio
[22m[39m[FilesContext] User authenticated: mock-user-sub
[90mstdout[2m | src/components/RecordingStudio3.stories.jsx[2m > [22m[2mQuiz Question Audio
[22m[39m[FilesContext] Identity ID: us-east-1:mock-identity-123
[90mstdout[2m | src/components/RecordingStudio3.stories.jsx[2m > [22m[2mQuiz Question Audio
[22m[39m[FilesContext] About to subscribe to File model
[90mstdout[2m | src/components/RecordingStudio3.stories.jsx[2m > [22m[2mQuiz Question Audio
[22m[39m[Mock Data] generateClient() called - returning mock client
[90mstdout[2m | src/components/RecordingStudio3.stories.jsx[2m > [22m[2mQuiz Question Audio
[22m[39m[Mock amplifyClient] getAmplifyClient() called - returning mock client
[90mstdout[2m | src/components/RecordingStudio3.stories.jsx[2m > [22m[2mQuiz Question Audio
[22m[39m[Mock Data] File.observeQuery() called with filter: undefined
[90mstdout[2m | src/components/RecordingStudio3.stories.jsx[2m > [22m[2mQuiz Question Audio
[22m[39m[Mock Data] File.observeQuery() returning 6 items (filter applied) undefined
[90mstdout[2m | src/components/RecordingStudio3.stories.jsx[2m > [22m[2mQuiz Question Audio
[22m[39m[Mock Data] File subscription added. Total subscriptions: 1
[90mstdout[2m | src/components/RecordingStudio3.stories.jsx[2m > [22m[2mQuiz Question Audio
[22m[39m[Mock Data] generateClient() called - returning mock client
[90mstdout[2m | src/components/RecordingStudio3.stories.jsx[2m > [22m[2mQuiz Question Audio
[22m[39m[Mock amplifyClient] getAmplifyClient() called - returning mock client
[90mstdout[2m | src/components/RecordingStudio3.stories.jsx[2m > [22m[2mQuiz Question Audio
[22m[39m[Mock Data] Document.observeQuery() called with filter: undefined
[90mstdout[2m | src/components/RecordingStudio3.stories.jsx[2m > [22m[2mQuiz Question Audio
[22m[39m[Mock Data] Document.observeQuery() returning 0 items (filter applied) undefined
[90mstdout[2m | src/components/RecordingStudio3.stories.jsx[2m > [22m[2mQuiz Question Audio
[22m[39m[Mock Data] Document subscription added. Total subscriptions: 1
[90mstdout[2m | src/components/RecordingStudio3.stories.jsx[2m > [22m[2mQuiz Question Audio
[22m[39m[ChatContext] Setting up observeQuery for AssistantChat
[90mstdout[2m | src/components/RecordingStudio3.stories.jsx[2m > [22m[2mQuiz Question Audio
[22m[39m[Mock Data] AssistantChat.observeQuery() called with filter: {
  "sortDirection": "DESC",
  "sortField": "createdAt",
}
[90mstdout[2m | src/components/RecordingStudio3.stories.jsx[2m > [22m[2mQuiz Question Audio
[22m[39m[Mock Data] AssistantChat.observeQuery() returning 1 items (filter applied) {
  "sortDirection": "DESC",
  "sortField": "createdAt",
}
[90mstdout[2m | src/components/RecordingStudio3.stories.jsx[2m > [22m[2mQuiz Question Audio
[22m[39m[Mock Data] AssistantChat subscription added. Total subscriptions: 1
[90mstdout[2m | src/components/RecordingStudio3.stories.jsx[2m > [22m[2mQuiz Question Audio
[22m[39m[ChatContext] Waiting for subscription to initialize
[90mstdout[2m | src/components/RecordingStudio3.stories.jsx[2m > [22m[2mQuiz Question Audio
[22m[39m[SettingsContext] Setting up Settings subscription for user: mock-user-sub
[90mstdout[2m | src/components/RecordingStudio3.stories.jsx[2m > [22m[2mQuiz Question Audio
[22m[39m[Mock Data] generateClient() called - returning mock client
[90mstdout[2m | src/components/RecordingStudio3.stories.jsx[2m > [22m[2mQuiz Question Audio
[22m[39m[Mock amplifyClient] getAmplifyClient() called - returning mock client
[90mstdout[2m | src/components/RecordingStudio3.stories.jsx[2m > [22m[2mQuiz Question Audio
[22m[39m[Mock Data] Settings.observeQuery() called with filter: undefined
[90mstdout[2m | src/components/RecordingStudio3.stories.jsx[2m > [22m[2mQuiz Question Audio
[22m[39m[Mock Data] Settings.observeQuery() returning 0 items (filter applied) undefined
[90mstdout[2m | src/components/RecordingStudio3.stories.jsx[2m > [22m[2mQuiz Question Audio
[22m[39m[Mock Data] Settings subscription added. Total subscriptions: 1
[90mstdout[2m | src/components/RecordingStudio3.stories.jsx[2m > [22m[2mQuiz Question Audio
[22m[39m[SectionContext] Initial sections: 0 []
[90mstdout[2m | src/components/RecordingStudio3.stories.jsx[2m > [22m[2mQuiz Question Audio
[22m[39m[Mock Data] Section.onCreate() called with filter: undefined
[90mstdout[2m | src/components/RecordingStudio3.stories.jsx[2m > [22m[2mQuiz Question Audio
[22m[39m[Mock Data] Section.onCreate() subscription added. Total: 1
[90mstdout[2m | src/components/RecordingStudio3.stories.jsx[2m > [22m[2mQuiz Question Audio
[22m[39m[Mock Data] Section.onUpdate() called with filter: undefined
[90mstdout[2m | src/components/RecordingStudio3.stories.jsx[2m > [22m[2mQuiz Question Audio
[22m[39m[Mock Data] Section.onUpdate() subscription added. Total: 1
[90mstdout[2m | src/components/RecordingStudio3.stories.jsx[2m > [22m[2mQuiz Question Audio
[22m[39m[Mock Data] Section.onDelete() called with filter: undefined
[90mstdout[2m | src/components/RecordingStudio3.stories.jsx[2m > [22m[2mQuiz Question Audio
[22m[39m[Mock Data] Section.onDelete() subscription added. Total: 1
[90mstdout[2m | src/components/RecordingStudio3.stories.jsx[2m > [22m[2mQuiz Question Audio
[22m[39m[Mock Data] Assignment.onCreate() called with filter: {
  "filter": {
    "unitID": {
      "eq": "mock-unit-id",
    },
  },
}
[90mstdout[2m | src/components/RecordingStudio3.stories.jsx[2m > [22m[2mQuiz Question Audio
[22m[39m[Mock Data] Assignment.onCreate() subscription added. Total: 1
[90mstdout[2m | src/components/RecordingStudio3.stories.jsx[2m > [22m[2mQuiz Question Audio
[22m[39m[Mock Data] Assignment.onUpdate() called with filter: {
  "filter": {
    "unitID": {
      "eq": "mock-unit-id",
    },
  },
}
[90mstdout[2m | src/components/RecordingStudio3.stories.jsx[2m > [22m[2mQuiz Question Audio
[22m[39m[Mock Data] Assignment.onUpdate() subscription added. Total: 1
[90mstdout[2m | src/components/RecordingStudio3.stories.jsx[2m > [22m[2mQuiz Question Audio
[22m[39m[Mock Data] Assignment.onDelete() called with filter: {
  "filter": {
    "unitID": {
      "eq": "mock-unit-id",
    },
  },
}
[90mstdout[2m | src/components/RecordingStudio3.stories.jsx[2m > [22m[2mQuiz Question Audio
[22m[39m[Mock Data] Assignment.onDelete() subscription added. Total: 1
[90mstdout[2m | src/components/RecordingStudio3.stories.jsx[2m > [22m[2mQuiz Question Audio
[22m[39m[FilesContext] File observeQuery subscription triggered:
[90mstdout[2m | src/components/RecordingStudio3.stories.jsx[2m > [22m[2mQuiz Question Audio
[22m[39m  - items.length: 6
[90mstdout[2m | src/components/RecordingStudio3.stories.jsx[2m > [22m[2mQuiz Question Audio
[22m[39m  - isSynced: true
[90mstdout[2m | src/components/RecordingStudio3.stories.jsx[2m > [22m[2mQuiz Question Audio
[22m[39m  - items: [
  {
    "_deleted": null,
    "_lastChangedAt": 1767711773285,
    "_version": 1,
    "byHex": null,
    "createdAt": "2026-01-06T15:02:53.253Z",
    "description": "Japanese language textbook - Chapter 1",
    "document": Promise {},
    "documentID": "e01017e1-fe7a-4521-b71c-09ec31b18639",
    "duration": null,
    "embedding": null,
    "generated": null,
    "hex": null,
    "id": "a57d7833-5fa7-4cb7-8b7a-ce7c6e10e551",
    "identityId": "us-east-1:b0eadde9-f02c-c71b-17a6-22ffd37d89c8",
    "key": "files/Japanese Wind 1.pdf",
    "level": "protected",
    "mimeType": "application/pdf",
    "model": null,
    "name": "Japanese Wind 1.pdf",
    "owner": "64d81418-7021-701d-9fed-a4c2e0735711",
    "parsedContent": [Function anonymous],
    "parsedContentID": null,
    "path": "files/Japanese Wind 1.pdf",
    "prompt": null,
    "size": 4706654,
    "thumbnail": null,
    "type": "pdf",
    "updatedAt": "2026-01-06T15:02:53.253Z",
    "variant": null,
    "waveformData": null,
  },
  {
    "_version": 2,
    "createdAt": "2026-01-15T10:00:00.000Z",
    "description": "Sample report with vocabulary",
    "document": Promise {},
    "documentID": "cd824b5b-2c66-41f8-8571-aa6794ff590c",
    "generated": false,
    "id": "mock-pdf-file-2",
    "identityId": "us-east-1:mock-identity",
    "key": "files/report.pdf",
    "level": "protected",
    "mimeType": "application/pdf",
    "name": "report.pdf",
    "owner": "mock-user-id",
    "parsedContent": [Function anonymous],
    "path": "files/report.pdf",
    "size": 123456,
    "type": "pdf",
    "updatedAt": "2026-01-15T10:30:00.000Z",
  },
  {
    "_version": 3,
    "createdAt": "2026-01-14T08:00:00.000Z",
    "description": "Vocabulary lesson PDF with extracted content",
    "document": Promise {},
    "documentID": "mock-document-3",
    "generated": false,
    "id": "mock-pdf-file-3",
    "identityId": "us-east-1:mock-identity",
    "key": "files/vocabulary-lesson.pdf",
    "level": "public",
    "mimeType": "application/pdf",
    "name": "vocabulary-lesson.pdf",
    "owner": "mock-user-id",
    "parsedContent": [Function anonymous],
    "path": "files/vocabulary-lesson.pdf",
    "size": 567890,
    "type": "pdf",
    "updatedAt": "2026-01-14T08:45:00.000Z",
  },
  {
    "_version": 1,
    "createdAt": "2026-01-20T10:00:00.000Z",
    "description": "Sample pronunciation audio",
    "documentID": null,
    "duration": 3.5,
    "generated": true,
    "id": "mock-audio-file-1",
    "identityId": "us-east-1:mock-identity",
    "key": "audio/pronunciation-demo.mp3",
    "level": "public",
    "mimeType": "audio/mpeg",
    "name": "pronunciation-demo.mp3",
    "owner": "mock-user-id",
    "parsedContent": [Function anonymous],
    "path": "/story-mocks/cinematic-designed-sci-fi-whoosh-transition-nexawave-228295.mp3",
    "size": 56789,
    "type": "audio",
    "updatedAt": "2026-01-20T10:00:00.000Z",
    "waveformData": null,
  },
  {
    "_version": 1,
    "createdAt": "2026-01-19T14:30:00.000Z",
    "description": "Lesson introduction audio",
    "documentID": null,
    "duration": 5.2,
    "generated": false,
    "id": "mock-audio-file-2",
    "identityId": "us-east-1:mock-identity",
    "key": "audio/lesson-intro.mp3",
    "level": "public",
    "mimeType": "audio/mpeg",
    "name": "lesson-intro.mp3",
    "owner": "mock-user-id",
    "parsedContent": [Function anonymous],
    "path": "/story-mocks/descent-whoosh-long-cinematic-sound-effect-405921.mp3",
    "size": 87654,
    "type": "audio",
    "updatedAt": "2026-01-19T14:30:00.000Z",
    "waveformData": null,
  },
  {
    "_version": 1,
    "createdAt": "2026-01-18T09:15:00.000Z",
    "description": "Hiragana character chart",
    "documentID": null,
    "generated": false,
    "id": "mock-image-file-1",
    "identityId": "us-east-1:mock-identity",
    "key": "images/hiragana-chart.png",
    "level": "public",
    "mimeType": "image/png",
    "name": "hiragana-chart.png",
    "owner": "mock-user-id",
    "parsedContent": [Function anonymous],
    "path": "images/hiragana-chart.png",
    "size": 234567,
    "thumbnail": "thumbnails/hiragana-chart-thumb.png",
    "type": "image",
    "updatedAt": "2026-01-18T09:15:00.000Z",
  },
]
[90mstdout[2m | src/components/RecordingStudio3.stories.jsx[2m > [22m[2mQuiz Question Audio
[22m[39m[ChatContext] AssistantChat query update: 1 items (synced)
[90mstdout[2m | src/components/RecordingStudio3.stories.jsx[2m > [22m[2mQuiz Question Audio
[22m[39m[ChatContext] First item details: {
  "id": "mock-assistant-chat-1",
  "updatedAt": "2024-01-26T10:15:00.000Z",
}
[90mstdout[2m | src/components/RecordingStudio3.stories.jsx[2m > [22m[2mQuiz Question Audio
[22m[39m[ChatContext] AssistantChat subscription initialized
[90mstdout[2m | src/components/RecordingStudio3.stories.jsx[2m > [22m[2mQuiz Question Audio
[22m[39m[ChatContext] AssistantChat list updated: 1 chats
[90mstdout[2m | src/components/RecordingStudio3.stories.jsx[2m > [22m[2mQuiz Question Audio
[22m[39m[ChatContext] Setting initial chat: mock-assistant-chat-1
[90mstdout[2m | src/components/RecordingStudio3.stories.jsx[2m > [22m[2mQuiz Question Audio
[22m[39m[FilesContext] Files count changed: 0 → 6
[90mstdout[2m | src/components/RecordingStudio3.stories.jsx[2m > [22m[2mQuiz Question Audio
[22m[39m[MOCK CourseVectorStore] Initialized with mock data
[90mstdout[2m | src/components/RecordingStudio3.stories.jsx[2m > [22m[2mQuiz Question Audio
[22m[39m[MOCK CourseVectorStore] Initialized with mock data
[90mstdout[2m | src/components/RecordingStudio3.stories.jsx[2m > [22m[2mQuiz Question Audio
[22m[39m[useTranslationWithCapture] t() called: {
  "key": "recordingStudio3.importJson",
  "mode": "off",
  "namespace": "components",
  "value": "Import JSON",
}
[90mstdout[2m | src/components/RecordingStudio3.stories.jsx[2m > [22m[2mQuiz Question Audio
[22m[39m[useTranslationWithCapture] t() called: {
  "key": "recordingStudio3.exportJson",
  "mode": "off",
  "namespace": "components",
  "value": "Export JSON",
}
[90mstdout[2m | src/components/RecordingStudio3.stories.jsx[2m > [22m[2mQuiz Question Audio
[22m[39m[useTranslationWithCapture] t() called: {
  "key": "recordingStudio3.script",
  "mode": "off",
  "namespace": "components",
  "value": "Script",
}
[90mstdout[2m | src/components/RecordingStudio3.stories.jsx[2m > [22m[2mQuiz Question Audio
[22m[39m[useTranslationWithCapture] t() called: {
  "key": "recordingStudio3.addLine",
  "mode": "off",
  "namespace": "components",
  "value": "Add Line",
}
[90mstdout[2m | src/components/RecordingStudio3.stories.jsx[2m > [22m[2mQuiz Question Audio
[22m[39m[useTranslationWithCapture] t() called: {
  "key": "recordingStudio3.timeline",
  "mode": "off",
  "namespace": "components",
  "value": "Timeline",
}
[90mstdout[2m | src/components/RecordingStudio3.stories.jsx[2m > [22m[2mQuiz Question Audio
[22m[39m[useTranslationWithCapture] t() called: {
  "key": "recordingStudio3.speakers",
  "mode": "off",
  "namespace": "components",
  "value": "Speakers",
}
[90mstdout[2m | src/components/RecordingStudio3.stories.jsx[2m > [22m[2mQuiz Question Audio
[22m[39m[useTranslationWithCapture] t() called: {
  "key": "recordingStudio3.add",
  "mode": "off",
  "namespace": "components",
  "value": "Add",
}
[90mstdout[2m | src/components/RecordingStudio3.stories.jsx[2m > [22m[2mQuiz Question Audio
[22m[39m[useTranslationWithCapture] t() called: {
  "key": "recordingStudio3.voice",
  "mode": "off",
  "namespace": "components",
  "value": "Voice",
}
[90mstdout[2m | src/components/RecordingStudio3.stories.jsx[2m > [22m[2mQuiz Question Audio
[22m[39m[useTranslationWithCapture] t() called: {
  "key": "recordingStudio3.voice",
  "mode": "off",
  "namespace": "components",
  "value": "Voice",
}
[90mstdout[2m | src/components/RecordingStudio3.stories.jsx[2m > [22m[2mQuiz Question Audio
[22m[39m[useTranslationWithCapture] t() called: {
  "key": "recordingStudio3.voice",
  "mode": "off",
  "namespace": "components",
  "value": "Voice",
}
[90mstdout[2m | src/components/RecordingStudio3.stories.jsx[2m > [22m[2mQuiz Question Audio
[22m[39m[useTranslationWithCapture] t() called: {
  "key": "recordingStudio3.voice",
  "mode": "off",
  "namespace": "components",
  "value": "Voice",
}
[90mstdout[2m | src/components/RecordingStudio3.stories.jsx[2m > [22m[2mQuiz Question Audio
[22m[39m[useTranslationWithCapture] t() called: {
  "key": "recordingStudio3.generateAllMissing",
  "mode": "off",
  "namespace": "components",
  "value": "Generate All Missing TTS",
}
[90mstdout[2m | src/components/RecordingStudio3.stories.jsx[2m > [22m[2mQuiz Question Audio
[22m[39m[FilesContext] Vector store population triggered {
  "currentVectorStoreSize": 3,
  "documentsCount": 0,
  "filesCount": 6,
  "isInitialLoad": true,
}
[90mstdout[2m | src/components/RecordingStudio3.stories.jsx[2m > [22m[2mQuiz Question Audio
[22m[39m[FilesContext] Vector store population complete - 3 total embeddings
[90mstdout[2m | src/components/RecordingStudio3.stories.jsx[2m > [22m[2mQuiz Question Audio
[22m[39m[ChatContext] Chat exists and not archived, skipping creation
[90mstdout[2m | src/components/RecordingStudio3.stories.jsx[2m > [22m[2mQuiz Question Audio
[22m[39m[Mock Data] Settings.create() called with: {
  "assistantVoice": "shimmer",
  "autoAnalyzeDocuments": true,
  "defaultAIModel": "gpt-4",
  "documentAnalysisModel": "gpt-4",
  "editorFontSize": 14,
  "editorTheme": "auto",
  "emailNotifications": true,
  "language": "en",
  "webhookNotifications": false,
}
[90mstdout[2m | src/components/RecordingStudio3.stories.jsx[2m > [22m[2mQuiz Question Audio
[22m[39m[Mock Data] Settings created: mock-settings-1776336988931 - notified 1 subscribers
[90mstdout[2m | src/components/RecordingStudio3.stories.jsx[2m > [22m[2mComparing Multiple Takes
[22m[39m[Mock Data] Settings subscription unsubscribed. Remaining: 0
[90mstdout[2m | src/components/RecordingStudio3.stories.jsx[2m > [22m[2mComparing Multiple Takes
[22m[39m[ChatContext] Cleaning up subscription
[90mstdout[2m | src/components/RecordingStudio3.stories.jsx[2m > [22m[2mComparing Multiple Takes
[22m[39m[Mock Data] AssistantChat subscription unsubscribed. Remaining: 0
[90mstdout[2m | src/components/RecordingStudio3.stories.jsx[2m > [22m[2mComparing Multiple Takes
[22m[39m[Mock Data] File subscription unsubscribed. Remaining: 0
[90mstdout[2m | src/components/RecordingStudio3.stories.jsx[2m > [22m[2mComparing Multiple Takes
[22m[39m[Mock Data] Document subscription unsubscribed. Remaining: 0
[90mstdout[2m | src/components/RecordingStudio3.stories.jsx[2m > [22m[2mComparing Multiple Takes
[22m[39m[Mock Data] Word subscription unsubscribed. Remaining: 0
[90mstdout[2m | src/components/RecordingStudio3.stories.jsx[2m > [22m[2mComparing Multiple Takes
[22m[39m[Mock Data] Question subscription unsubscribed. Remaining: 0
[90mstdout[2m | src/components/RecordingStudio3.stories.jsx[2m > [22m[2mComparing Multiple Takes
[22m[39m[Mock Data] Grade subscription unsubscribed. Remaining: 0
[90mstdout[2m | src/components/RecordingStudio3.stories.jsx[2m > [22m[2mComparing Multiple Takes
[22m[39m[Mock Data] Unit subscription unsubscribed. Remaining: 0
[90mstdout[2m | src/components/RecordingStudio3.stories.jsx[2m > [22m[2mComparing Multiple Takes
[22m[39m[SectionContext] Cleaning up subscriptions
[90mstdout[2m | src/components/RecordingStudio3.stories.jsx[2m > [22m[2mComparing Multiple Takes
[22m[39m[Mock Data] Section.onCreate() subscription removed. Remaining: 0
[90mstdout[2m | src/components/RecordingStudio3.stories.jsx[2m > [22m[2mComparing Multiple Takes
[22m[39m[Mock Data] Section.onUpdate() subscription removed. Remaining: 0
[90mstdout[2m | src/components/RecordingStudio3.stories.jsx[2m > [22m[2mComparing Multiple Takes
[22m[39m[Mock Data] Section.onDelete() subscription removed. Remaining: 0
[90mstdout[2m | src/components/RecordingStudio3.stories.jsx[2m > [22m[2mComparing Multiple Takes
[22m[39m[Mock Data] Assignment.onCreate() subscription removed. Remaining: 0
[90mstdout[2m | src/components/RecordingStudio3.stories.jsx[2m > [22m[2mComparing Multiple Takes
[22m[39m[Mock Data] Assignment.onUpdate() subscription removed. Remaining: 0
[90mstdout[2m | src/components/RecordingStudio3.stories.jsx[2m > [22m[2mComparing Multiple Takes
[22m[39m[Mock Data] Assignment.onDelete() subscription removed. Remaining: 0
[90mstdout[2m | src/components/RecordingStudio3.stories.jsx[2m > [22m[2mComparing Multiple Takes
[22m[39m[Mock Data] Clearing all data stores
[90mstdout[2m | src/components/RecordingStudio3.stories.jsx[2m > [22m[2mComparing Multiple Takes
[22m[39m[Mock Data] All data stores cleared
[90mstdout[2m | src/components/RecordingStudio3.stories.jsx[2m > [22m[2mComparing Multiple Takes
[22m[39m[Preview] Cleared mock data for story
[90mstdout[2m | src/components/RecordingStudio3.stories.jsx[2m > [22m[2mComparing Multiple Takes
[22m[39m[Mock Data Gen 2] Initializing mock data
[90mstdout[2m | src/components/RecordingStudio3.stories.jsx[2m > [22m[2mComparing Multiple Takes
[22m[39m[Mock Data] seedMockAssistantChats: Replacing with 1 assistant chats
[90mstdout[2m | src/components/RecordingStudio3.stories.jsx[2m > [22m[2mComparing Multiple Takes
[22m[39m[Mock Data Gen 2] Seeded AssistantChat: mock-assistant-chat-1
[90mstdout[2m | src/components/RecordingStudio3.stories.jsx[2m > [22m[2mComparing Multiple Takes
[22m[39m[Mock Data] seedMockFiles: Adding 6 files
[90mstdout[2m | src/components/RecordingStudio3.stories.jsx[2m > [22m[2mComparing Multiple Takes
[22m[39m[Mock Data Gen 2] Seeded Files: 6
[90mstdout[2m | src/components/RecordingStudio3.stories.jsx[2m > [22m[2mComparing Multiple Takes
[22m[39m[Mock Data Gen 2] Initializing mock data
[90mstdout[2m | src/components/RecordingStudio3.stories.jsx[2m > [22m[2mComparing Multiple Takes
[22m[39m[Mock Data] seedMockAssistantChats: Replacing with 1 assistant chats
[90mstdout[2m | src/components/RecordingStudio3.stories.jsx[2m > [22m[2mComparing Multiple Takes
[22m[39m[Mock Data Gen 2] Seeded AssistantChat: mock-assistant-chat-1
[90mstdout[2m | src/components/RecordingStudio3.stories.jsx[2m > [22m[2mComparing Multiple Takes
[22m[39m[Mock Data] seedMockFiles: Adding 6 files
[90mstdout[2m | src/components/RecordingStudio3.stories.jsx[2m > [22m[2mComparing Multiple Takes
[22m[39m[Mock Data Gen 2] Seeded Files: 6
[90mstdout[2m | src/components/RecordingStudio3.stories.jsx[2m > [22m[2mComparing Multiple Takes
[22m[39m[Preview] Initialized default mock data for story
[90mstdout[2m | src/components/RecordingStudio3.stories.jsx[2m > [22m[2mComparing Multiple Takes
[22m[39m[Mock AuthContext] Providing auth: {
  "error": undefined,
  "isLoading": false,
  "session": {
    "idToken": {
      "toString": [Function toString],
    },
    "identityId": "us-east-1:mock-identity-123",
    "username": "mock-user-sub",
  },
  "user": {
    "attributes": {
      "email": "alice@example.com",
      "name": "Alice Student",
      "sub": "mock-user-sub",
    },
  },
}
[90mstdout[2m | src/components/RecordingStudio3.stories.jsx[2m > [22m[2mComparing Multiple Takes
[22m[39m[Mock Data] generateClient() called - returning mock client
[90mstdout[2m | src/components/RecordingStudio3.stories.jsx[2m > [22m[2mComparing Multiple Takes
[22m[39m[Mock amplifyClient] getAmplifyClient() called - returning mock client
[90mstdout[2m | src/components/RecordingStudio3.stories.jsx[2m > [22m[2mComparing Multiple Takes
[22m[39m[MOCK CourseVectorStore] Initialized with mock data
[90mstdout[2m | src/components/RecordingStudio3.stories.jsx[2m > [22m[2mComparing Multiple Takes
[22m[39m[TranslationModeController] Setting mode to: off
[90mstdout[2m | src/components/RecordingStudio3.stories.jsx[2m > [22m[2mComparing Multiple Takes
[22m[39m[SectionContext] useEffect triggered {
  "authLoading": false,
  "hasUser": true,
  "userSub": "mock-user-sub",
}
[90mstdout[2m | src/components/RecordingStudio3.stories.jsx[2m > [22m[2mComparing Multiple Takes
[22m[39m[SectionContext] Fetching sections for userId: mock-user-sub
[90mstdout[2m | src/components/RecordingStudio3.stories.jsx[2m > [22m[2mComparing Multiple Takes
[22m[39m[Mock Data] generateClient() called - returning mock client
[90mstdout[2m | src/components/RecordingStudio3.stories.jsx[2m > [22m[2mComparing Multiple Takes
[22m[39m[Mock amplifyClient] getAmplifyClient() called - returning mock client
[90mstdout[2m | src/components/RecordingStudio3.stories.jsx[2m > [22m[2mComparing Multiple Takes
[22m[39m[Mock Data] Section.list() called with options: undefined
[90mstdout[2m | src/components/RecordingStudio3.stories.jsx[2m > [22m[2mComparing Multiple Takes
[22m[39m[Mock Data] generateClient() called - returning mock client
[90mstdout[2m | src/components/RecordingStudio3.stories.jsx[2m > [22m[2mComparing Multiple Takes
[22m[39m[Mock amplifyClient] getAmplifyClient() called - returning mock client
[90mstdout[2m | src/components/RecordingStudio3.stories.jsx[2m > [22m[2mComparing Multiple Takes
[22m[39m[Mock Data] Assignment.list() called with options: {
  "filter": {
    "unitID": {
      "eq": "mock-unit-id",
    },
  },
}
[90mstdout[2m | src/components/RecordingStudio3.stories.jsx[2m > [22m[2mComparing Multiple Takes
[22m[39m[Mock Data] generateClient() called - returning mock client
[90mstdout[2m | src/components/RecordingStudio3.stories.jsx[2m > [22m[2mComparing Multiple Takes
[22m[39m[Mock amplifyClient] getAmplifyClient() called - returning mock client
[90mstdout[2m | src/components/RecordingStudio3.stories.jsx[2m > [22m[2mComparing Multiple Takes
[22m[39m[Mock Data] Grade.observeQuery() called with filter: {
  "filter": {
    "unitID": {
      "eq": "mock-unit-id",
    },
  },
}
[90mstdout[2m | src/components/RecordingStudio3.stories.jsx[2m > [22m[2mComparing Multiple Takes
[22m[39m[Mock Data] Grade.observeQuery() applying filter: {
  "unitID": {
    "eq": "mock-unit-id",
  },
}
[90mstdout[2m | src/components/RecordingStudio3.stories.jsx[2m > [22m[2mComparing Multiple Takes
[22m[39m[Mock Data] Grade.observeQuery() items before filter: 0
[90mstdout[2m | src/components/RecordingStudio3.stories.jsx[2m > [22m[2mComparing Multiple Takes
[22m[39m[Mock Data] Grade.observeQuery() items after filter: 0
[90mstdout[2m | src/components/RecordingStudio3.stories.jsx[2m > [22m[2mComparing Multiple Takes
[22m[39m[Mock Data] Grade.observeQuery() returning 0 items (filter applied) {
  "filter": {
    "unitID": {
      "eq": "mock-unit-id",
    },
  },
}
[90mstdout[2m | src/components/RecordingStudio3.stories.jsx[2m > [22m[2mComparing Multiple Takes
[22m[39m[Mock Data] Grade subscription added. Total subscriptions: 1
[90mstdout[2m | src/components/RecordingStudio3.stories.jsx[2m > [22m[2mComparing Multiple Takes
[22m[39m[UnitContext] useEffect triggered {
  "authLoading": false,
  "hasUser": true,
  "id": "mock-unit-id",
  "userSub": "mock-user-sub",
}
[90mstdout[2m | src/components/RecordingStudio3.stories.jsx[2m > [22m[2mComparing Multiple Takes
[22m[39m[UnitContext] Fetching unit data for id: mock-unit-id
[90mstdout[2m | src/components/RecordingStudio3.stories.jsx[2m > [22m[2mComparing Multiple Takes
[22m[39m[Mock Data] generateClient() called - returning mock client
[90mstdout[2m | src/components/RecordingStudio3.stories.jsx[2m > [22m[2mComparing Multiple Takes
[22m[39m[Mock amplifyClient] getAmplifyClient() called - returning mock client
[90mstdout[2m | src/components/RecordingStudio3.stories.jsx[2m > [22m[2mComparing Multiple Takes
[22m[39m[Mock Data] Unit.observeQuery() called with filter: {
  "filter": {
    "id": {
      "eq": "mock-unit-id",
    },
  },
}
[90mstdout[2m | src/components/RecordingStudio3.stories.jsx[2m > [22m[2mComparing Multiple Takes
[22m[39m[Mock Data] Unit.observeQuery() applying filter: {
  "id": {
    "eq": "mock-unit-id",
  },
}
[90mstdout[2m | src/components/RecordingStudio3.stories.jsx[2m > [22m[2mComparing Multiple Takes
[22m[39m[Mock Data] Unit.observeQuery() items before filter: 0
[90mstdout[2m | src/components/RecordingStudio3.stories.jsx[2m > [22m[2mComparing Multiple Takes
[22m[39m[Mock Data] Unit.observeQuery() items after filter: 0
[90mstdout[2m | src/components/RecordingStudio3.stories.jsx[2m > [22m[2mComparing Multiple Takes
[22m[39m[Mock Data] Unit.observeQuery() returning 0 items (filter applied) {
  "filter": {
    "id": {
      "eq": "mock-unit-id",
    },
  },
}
[90mstdout[2m | src/components/RecordingStudio3.stories.jsx[2m > [22m[2mComparing Multiple Takes
[22m[39m[Mock Data] Unit subscription added. Total subscriptions: 1
[90mstdout[2m | src/components/RecordingStudio3.stories.jsx[2m > [22m[2mComparing Multiple Takes
[22m[39m[Mock Data] generateClient() called - returning mock client
[90mstdout[2m | src/components/RecordingStudio3.stories.jsx[2m > [22m[2mComparing Multiple Takes
[22m[39m[Mock amplifyClient] getAmplifyClient() called - returning mock client
[90mstdout[2m | src/components/RecordingStudio3.stories.jsx[2m > [22m[2mComparing Multiple Takes
[22m[39m[Mock Data] Word.observeQuery() called with filter: undefined
[90mstdout[2m | src/components/RecordingStudio3.stories.jsx[2m > [22m[2mComparing Multiple Takes
[22m[39m[Mock Data] Word.observeQuery() returning 0 items (filter applied) undefined
[90mstdout[2m | src/components/RecordingStudio3.stories.jsx[2m > [22m[2mComparing Multiple Takes
[22m[39m[Mock Data] Word subscription added. Total subscriptions: 1
[90mstdout[2m | src/components/RecordingStudio3.stories.jsx[2m > [22m[2mComparing Multiple Takes
[22m[39m[Mock Data] generateClient() called - returning mock client
[90mstdout[2m | src/components/RecordingStudio3.stories.jsx[2m > [22m[2mComparing Multiple Takes
[22m[39m[Mock amplifyClient] getAmplifyClient() called - returning mock client
[90mstdout[2m | src/components/RecordingStudio3.stories.jsx[2m > [22m[2mComparing Multiple Takes
[22m[39m[Mock Data] Question.observeQuery() called with filter: undefined
[90mstdout[2m | src/components/RecordingStudio3.stories.jsx[2m > [22m[2mComparing Multiple Takes
[22m[39m[Mock Data] Question.observeQuery() returning 0 items (filter applied) undefined
[90mstdout[2m | src/components/RecordingStudio3.stories.jsx[2m > [22m[2mComparing Multiple Takes
[22m[39m[Mock Data] Question subscription added. Total subscriptions: 1
[90mstdout[2m | src/components/RecordingStudio3.stories.jsx[2m > [22m[2mComparing Multiple Takes
[22m[39m[FilesContext] Initializing vector store from IndexedDB
[90mstdout[2m | src/components/RecordingStudio3.stories.jsx[2m > [22m[2mComparing Multiple Takes
[22m[39m[FilesContext] fetchFiles called
[90mstdout[2m | src/components/RecordingStudio3.stories.jsx[2m > [22m[2mComparing Multiple Takes
[22m[39m[FilesContext] User authenticated: mock-user-sub
[90mstdout[2m | src/components/RecordingStudio3.stories.jsx[2m > [22m[2mComparing Multiple Takes
[22m[39m[FilesContext] Identity ID: us-east-1:mock-identity-123
[90mstdout[2m | src/components/RecordingStudio3.stories.jsx[2m > [22m[2mComparing Multiple Takes
[22m[39m[FilesContext] About to subscribe to File model
[90mstdout[2m | src/components/RecordingStudio3.stories.jsx[2m > [22m[2mComparing Multiple Takes
[22m[39m[Mock Data] generateClient() called - returning mock client
[90mstdout[2m | src/components/RecordingStudio3.stories.jsx[2m > [22m[2mComparing Multiple Takes
[22m[39m[Mock amplifyClient] getAmplifyClient() called - returning mock client
[90mstdout[2m | src/components/RecordingStudio3.stories.jsx[2m > [22m[2mComparing Multiple Takes
[22m[39m[Mock Data] File.observeQuery() called with filter: undefined
[90mstdout[2m | src/components/RecordingStudio3.stories.jsx[2m > [22m[2mComparing Multiple Takes
[22m[39m[Mock Data] File.observeQuery() returning 6 items (filter applied) undefined
[90mstdout[2m | src/components/RecordingStudio3.stories.jsx[2m > [22m[2mComparing Multiple Takes
[22m[39m[Mock Data] File subscription added. Total subscriptions: 1
[90mstdout[2m | src/components/RecordingStudio3.stories.jsx[2m > [22m[2mComparing Multiple Takes
[22m[39m[Mock Data] generateClient() called - returning mock client
[90mstdout[2m | src/components/RecordingStudio3.stories.jsx[2m > [22m[2mComparing Multiple Takes
[22m[39m[Mock amplifyClient] getAmplifyClient() called - returning mock client
[90mstdout[2m | src/components/RecordingStudio3.stories.jsx[2m > [22m[2mComparing Multiple Takes
[22m[39m[Mock Data] Document.observeQuery() called with filter: undefined
[90mstdout[2m | src/components/RecordingStudio3.stories.jsx[2m > [22m[2mComparing Multiple Takes
[22m[39m[Mock Data] Document.observeQuery() returning 0 items (filter applied) undefined
[90mstdout[2m | src/components/RecordingStudio3.stories.jsx[2m > [22m[2mComparing Multiple Takes
[22m[39m[Mock Data] Document subscription added. Total subscriptions: 1
[90mstdout[2m | src/components/RecordingStudio3.stories.jsx[2m > [22m[2mComparing Multiple Takes
[22m[39m[ChatContext] Setting up observeQuery for AssistantChat
[90mstdout[2m | src/components/RecordingStudio3.stories.jsx[2m > [22m[2mComparing Multiple Takes
[22m[39m[Mock Data] AssistantChat.observeQuery() called with filter: {
  "sortDirection": "DESC",
  "sortField": "createdAt",
}
[90mstdout[2m | src/components/RecordingStudio3.stories.jsx[2m > [22m[2mComparing Multiple Takes
[22m[39m[Mock Data] AssistantChat.observeQuery() returning 1 items (filter applied) {
  "sortDirection": "DESC",
  "sortField": "createdAt",
}
[90mstdout[2m | src/components/RecordingStudio3.stories.jsx[2m > [22m[2mComparing Multiple Takes
[22m[39m[Mock Data] AssistantChat subscription added. Total subscriptions: 1
[90mstdout[2m | src/components/RecordingStudio3.stories.jsx[2m > [22m[2mComparing Multiple Takes
[22m[39m[ChatContext] Waiting for subscription to initialize
[90mstdout[2m | src/components/RecordingStudio3.stories.jsx[2m > [22m[2mComparing Multiple Takes
[22m[39m[SettingsContext] Setting up Settings subscription for user: mock-user-sub
[90mstdout[2m | src/components/RecordingStudio3.stories.jsx[2m > [22m[2mComparing Multiple Takes
[22m[39m[Mock Data] generateClient() called - returning mock client
[90mstdout[2m | src/components/RecordingStudio3.stories.jsx[2m > [22m[2mComparing Multiple Takes
[22m[39m[Mock amplifyClient] getAmplifyClient() called - returning mock client
[90mstdout[2m | src/components/RecordingStudio3.stories.jsx[2m > [22m[2mComparing Multiple Takes
[22m[39m[Mock Data] Settings.observeQuery() called with filter: undefined
[90mstdout[2m | src/components/RecordingStudio3.stories.jsx[2m > [22m[2mComparing Multiple Takes
[22m[39m[Mock Data] Settings.observeQuery() returning 0 items (filter applied) undefined
[90mstdout[2m | src/components/RecordingStudio3.stories.jsx[2m > [22m[2mComparing Multiple Takes
[22m[39m[Mock Data] Settings subscription added. Total subscriptions: 1
[90mstdout[2m | src/components/RecordingStudio3.stories.jsx[2m > [22m[2mComparing Multiple Takes
[22m[39m[SectionContext] Initial sections: 0 []
[90mstdout[2m | src/components/RecordingStudio3.stories.jsx[2m > [22m[2mComparing Multiple Takes
[22m[39m[Mock Data] Section.onCreate() called with filter: undefined
[90mstdout[2m | src/components/RecordingStudio3.stories.jsx[2m > [22m[2mComparing Multiple Takes
[22m[39m[Mock Data] Section.onCreate() subscription added. Total: 1
[90mstdout[2m | src/components/RecordingStudio3.stories.jsx[2m > [22m[2mComparing Multiple Takes
[22m[39m[Mock Data] Section.onUpdate() called with filter: undefined
[90mstdout[2m | src/components/RecordingStudio3.stories.jsx[2m > [22m[2mComparing Multiple Takes
[22m[39m[Mock Data] Section.onUpdate() subscription added. Total: 1
[90mstdout[2m | src/components/RecordingStudio3.stories.jsx[2m > [22m[2mComparing Multiple Takes
[22m[39m[Mock Data] Section.onDelete() called with filter: undefined
[90mstdout[2m | src/components/RecordingStudio3.stories.jsx[2m > [22m[2mComparing Multiple Takes
[22m[39m[Mock Data] Section.onDelete() subscription added. Total: 1
[90mstdout[2m | src/components/RecordingStudio3.stories.jsx[2m > [22m[2mComparing Multiple Takes
[22m[39m[Mock Data] Assignment.onCreate() called with filter: {
  "filter": {
    "unitID": {
      "eq": "mock-unit-id",
    },
  },
}
[90mstdout[2m | src/components/RecordingStudio3.stories.jsx[2m > [22m[2mComparing Multiple Takes
[22m[39m[Mock Data] Assignment.onCreate() subscription added. Total: 1
[90mstdout[2m | src/components/RecordingStudio3.stories.jsx[2m > [22m[2mComparing Multiple Takes
[22m[39m[Mock Data] Assignment.onUpdate() called with filter: {
  "filter": {
    "unitID": {
      "eq": "mock-unit-id",
    },
  },
}
[90mstdout[2m | src/components/RecordingStudio3.stories.jsx[2m > [22m[2mComparing Multiple Takes
[22m[39m[Mock Data] Assignment.onUpdate() subscription added. Total: 1
[90mstdout[2m | src/components/RecordingStudio3.stories.jsx[2m > [22m[2mComparing Multiple Takes
[22m[39m[Mock Data] Assignment.onDelete() called with filter: {
  "filter": {
    "unitID": {
      "eq": "mock-unit-id",
    },
  },
}
[90mstdout[2m | src/components/RecordingStudio3.stories.jsx[2m > [22m[2mComparing Multiple Takes
[22m[39m[Mock Data] Assignment.onDelete() subscription added. Total: 1
[90mstdout[2m | src/components/RecordingStudio3.stories.jsx[2m > [22m[2mComparing Multiple Takes
[22m[39m[FilesContext] File observeQuery subscription triggered:
[90mstdout[2m | src/components/RecordingStudio3.stories.jsx[2m > [22m[2mComparing Multiple Takes
[22m[39m  - items.length: 6
[90mstdout[2m | src/components/RecordingStudio3.stories.jsx[2m > [22m[2mComparing Multiple Takes
[22m[39m  - isSynced: true
[90mstdout[2m | src/components/RecordingStudio3.stories.jsx[2m > [22m[2mComparing Multiple Takes
[22m[39m  - items: [
  {
    "_deleted": null,
    "_lastChangedAt": 1767711773285,
    "_version": 1,
    "byHex": null,
    "createdAt": "2026-01-06T15:02:53.253Z",
    "description": "Japanese language textbook - Chapter 1",
    "document": Promise {},
    "documentID": "e01017e1-fe7a-4521-b71c-09ec31b18639",
    "duration": null,
    "embedding": null,
    "generated": null,
    "hex": null,
    "id": "a57d7833-5fa7-4cb7-8b7a-ce7c6e10e551",
    "identityId": "us-east-1:b0eadde9-f02c-c71b-17a6-22ffd37d89c8",
    "key": "files/Japanese Wind 1.pdf",
    "level": "protected",
    "mimeType": "application/pdf",
    "model": null,
    "name": "Japanese Wind 1.pdf",
    "owner": "64d81418-7021-701d-9fed-a4c2e0735711",
    "parsedContent": [Function anonymous],
    "parsedContentID": null,
    "path": "files/Japanese Wind 1.pdf",
    "prompt": null,
    "size": 4706654,
    "thumbnail": null,
    "type": "pdf",
    "updatedAt": "2026-01-06T15:02:53.253Z",
    "variant": null,
    "waveformData": null,
  },
  {
    "_version": 2,
    "createdAt": "2026-01-15T10:00:00.000Z",
    "description": "Sample report with vocabulary",
    "document": Promise {},
    "documentID": "cd824b5b-2c66-41f8-8571-aa6794ff590c",
    "generated": false,
    "id": "mock-pdf-file-2",
    "identityId": "us-east-1:mock-identity",
    "key": "files/report.pdf",
    "level": "protected",
    "mimeType": "application/pdf",
    "name": "report.pdf",
    "owner": "mock-user-id",
    "parsedContent": [Function anonymous],
    "path": "files/report.pdf",
    "size": 123456,
    "type": "pdf",
    "updatedAt": "2026-01-15T10:30:00.000Z",
  },
  {
    "_version": 3,
    "createdAt": "2026-01-14T08:00:00.000Z",
    "description": "Vocabulary lesson PDF with extracted content",
    "document": Promise {},
    "documentID": "mock-document-3",
    "generated": false,
    "id": "mock-pdf-file-3",
    "identityId": "us-east-1:mock-identity",
    "key": "files/vocabulary-lesson.pdf",
    "level": "public",
    "mimeType": "application/pdf",
    "name": "vocabulary-lesson.pdf",
    "owner": "mock-user-id",
    "parsedContent": [Function anonymous],
    "path": "files/vocabulary-lesson.pdf",
    "size": 567890,
    "type": "pdf",
    "updatedAt": "2026-01-14T08:45:00.000Z",
  },
  {
    "_version": 1,
    "createdAt": "2026-01-20T10:00:00.000Z",
    "description": "Sample pronunciation audio",
    "documentID": null,
    "duration": 3.5,
    "generated": true,
    "id": "mock-audio-file-1",
    "identityId": "us-east-1:mock-identity",
    "key": "audio/pronunciation-demo.mp3",
    "level": "public",
    "mimeType": "audio/mpeg",
    "name": "pronunciation-demo.mp3",
    "owner": "mock-user-id",
    "parsedContent": [Function anonymous],
    "path": "/story-mocks/cinematic-designed-sci-fi-whoosh-transition-nexawave-228295.mp3",
    "size": 56789,
    "type": "audio",
    "updatedAt": "2026-01-20T10:00:00.000Z",
    "waveformData": null,
  },
  {
    "_version": 1,
    "createdAt": "2026-01-19T14:30:00.000Z",
    "description": "Lesson introduction audio",
    "documentID": null,
    "duration": 5.2,
    "generated": false,
    "id": "mock-audio-file-2",
    "identityId": "us-east-1:mock-identity",
    "key": "audio/lesson-intro.mp3",
    "level": "public",
    "mimeType": "audio/mpeg",
    "name": "lesson-intro.mp3",
    "owner": "mock-user-id",
    "parsedContent": [Function anonymous],
    "path": "/story-mocks/descent-whoosh-long-cinematic-sound-effect-405921.mp3",
    "size": 87654,
    "type": "audio",
    "updatedAt": "2026-01-19T14:30:00.000Z",
    "waveformData": null,
  },
  {
    "_version": 1,
    "createdAt": "2026-01-18T09:15:00.000Z",
    "description": "Hiragana character chart",
    "documentID": null,
    "generated": false,
    "id": "mock-image-file-1",
    "identityId": "us-east-1:mock-identity",
    "key": "images/hiragana-chart.png",
    "level": "public",
    "mimeType": "image/png",
    "name": "hiragana-chart.png",
    "owner": "mock-user-id",
    "parsedContent": [Function anonymous],
    "path": "images/hiragana-chart.png",
    "size": 234567,
    "thumbnail": "thumbnails/hiragana-chart-thumb.png",
    "type": "image",
    "updatedAt": "2026-01-18T09:15:00.000Z",
  },
]
[90mstdout[2m | src/components/RecordingStudio3.stories.jsx[2m > [22m[2mComparing Multiple Takes
[22m[39m[FilesContext] Files count changed: 0 → 6
[90mstdout[2m | src/components/RecordingStudio3.stories.jsx[2m > [22m[2mComparing Multiple Takes
[22m[39m[MOCK CourseVectorStore] Initialized with mock data
[90mstdout[2m | src/components/RecordingStudio3.stories.jsx[2m > [22m[2mComparing Multiple Takes
[22m[39m[MOCK CourseVectorStore] Initialized with mock data
[90mstdout[2m | src/components/RecordingStudio3.stories.jsx[2m > [22m[2mComparing Multiple Takes
[22m[39m[useTranslationWithCapture] t() called: {
  "key": "recordingStudio3.importJson",
  "mode": "off",
  "namespace": "components",
  "value": "Import JSON",
}
[90mstdout[2m | src/components/RecordingStudio3.stories.jsx[2m > [22m[2mComparing Multiple Takes
[22m[39m[useTranslationWithCapture] t() called: {
  "key": "recordingStudio3.exportJson",
  "mode": "off",
  "namespace": "components",
  "value": "Export JSON",
}
[90mstdout[2m | src/components/RecordingStudio3.stories.jsx[2m > [22m[2mComparing Multiple Takes
[22m[39m[useTranslationWithCapture] t() called: {
  "key": "recordingStudio3.script",
  "mode": "off",
  "namespace": "components",
  "value": "Script",
}
[90mstdout[2m | src/components/RecordingStudio3.stories.jsx[2m > [22m[2mComparing Multiple Takes
[22m[39m[useTranslationWithCapture] t() called: {
  "key": "recordingStudio3.addLine",
  "mode": "off",
  "namespace": "components",
  "value": "Add Line",
}
[90mstdout[2m | src/components/RecordingStudio3.stories.jsx[2m > [22m[2mComparing Multiple Takes
[22m[39m[useTranslationWithCapture] t() called: {
  "key": "recordingStudio3.timeline",
  "mode": "off",
  "namespace": "components",
  "value": "Timeline",
}
[90mstdout[2m | src/components/RecordingStudio3.stories.jsx[2m > [22m[2mComparing Multiple Takes
[22m[39m[useTranslationWithCapture] t() called: {
  "key": "recordingStudio3.speakers",
  "mode": "off",
  "namespace": "components",
  "value": "Speakers",
}
[90mstdout[2m | src/components/RecordingStudio3.stories.jsx[2m > [22m[2mComparing Multiple Takes
[22m[39m[useTranslationWithCapture] t() called: {
  "key": "recordingStudio3.add",
  "mode": "off",
  "namespace": "components",
  "value": "Add",
}
[90mstdout[2m | src/components/RecordingStudio3.stories.jsx[2m > [22m[2mComparing Multiple Takes
[22m[39m[useTranslationWithCapture] t() called: {
  "key": "recordingStudio3.voice",
  "mode": "off",
  "namespace": "components",
  "value": "Voice",
}
[90mstdout[2m | src/components/RecordingStudio3.stories.jsx[2m > [22m[2mComparing Multiple Takes
[22m[39m[useTranslationWithCapture] t() called: {
  "key": "recordingStudio3.voice",
  "mode": "off",
  "namespace": "components",
  "value": "Voice",
}
[90mstdout[2m | src/components/RecordingStudio3.stories.jsx[2m > [22m[2mComparing Multiple Takes
[22m[39m[useTranslationWithCapture] t() called: {
  "key": "recordingStudio3.voice",
  "mode": "off",
  "namespace": "components",
  "value": "Voice",
}
[90mstdout[2m | src/components/RecordingStudio3.stories.jsx[2m > [22m[2mComparing Multiple Takes
[22m[39m[useTranslationWithCapture] t() called: {
  "key": "recordingStudio3.voice",
  "mode": "off",
  "namespace": "components",
  "value": "Voice",
}
[90mstdout[2m | src/components/RecordingStudio3.stories.jsx[2m > [22m[2mComparing Multiple Takes
[22m[39m[useTranslationWithCapture] t() called: {
  "key": "recordingStudio3.generateAllMissing",
  "mode": "off",
  "namespace": "components",
  "value": "Generate All Missing TTS",
}
 [31m❯[39m [30m[42m unit [49m[39m test/performance/datastore-sync.test.ts [2m([22m[2m12 tests[22m[2m | [22m[31m4 failed[39m[2m)[22m[33m 33179[2mms[22m[39m
[31m       [31m×[31m fetches small dataset efficiently[39m[33m 2945[2mms[22m[39m
       [33m[2m✓[22m[39m fetches large dataset efficiently [33m 2523[2mms[22m[39m
       [33m[2m✓[22m[39m handles pagination efficiently [33m 1215[2mms[22m[39m
[31m       [31m×[31m propagates updates quickly[39m[33m 6789[2mms[22m[39m
[31m       [31m×[31m handles rapid successive updates[39m[33m 6034[2mms[22m[39m
       [33m[2m✓[22m[39m unsubscribes cleanly without memory leaks [33m 1515[2mms[22m[39m
       [33m[2m✓[22m[39m handles subscription errors gracefully [33m 1003[2mms[22m[39m
       [33m[2m✓[22m[39m monitors memory usage during sustained operations [33m 2036[2mms[22m[39m
       [33m[2m✓[22m[39m handles multiple concurrent subscriptions efficiently [33m 2007[2mms[22m[39m
       [33m[2m✓[22m[39m applies filters efficiently on large datasets [33m 1601[2mms[22m[39m
       [33m[2m✓[22m[39m handles complex filter combinations [33m 433[2mms[22m[39m
[31m       [31m×[31m generates comprehensive DataStore performance report[39m[33m 1430[2mms[22m[39m
[90mstderr[2m | src/components/RecordingStudio3.stories.jsx[2m > [22m[2mComparing Multiple Takes
[22m[39m🔊 WAVEFORM DEBUG: {
  "barWidth": 1.3333333333333333,
  "dataLength": 150,
  "firstValues": [
    0.30578620172173065,
    0.6322784848482879,
    0.3178094518031317,
    0.1498881773214607,
    0.8805836381357547,
  ],
  "height": 40,
  "maxValue": 0.894195549889032,
  "minValue": 0.11080323051376517,
  "note": "✅ Good variance",
  "range": 0.7833923193752669,
  "width": 200,
}
[90mstderr[2m | src/components/RecordingStudio3.stories.jsx[2m > [22m[2mComparing Multiple Takes
[22m[39m🔊 WAVEFORM DEBUG: {
  "barWidth": 1.6666666666666667,
  "dataLength": 120,
  "firstValues": [
    0.2996624098309104,
    0.5639702134852403,
    0.25565177009444384,
    0.8889536264783029,
    0.5852109136544311,
  ],
  "height": 40,
  "maxValue": 0.8978537062879264,
  "minValue": 0.10774628293886304,
  "note": "✅ Good variance",
  "range": 0.7901074233490634,
  "width": 200,
}
[90mstdout[2m | src/components/RecordingStudio3.stories.jsx[2m > [22m[2mComparing Multiple Takes
[22m[39m[FilesContext] Vector store population triggered {
  "currentVectorStoreSize": 3,
  "documentsCount": 0,
  "filesCount": 6,
  "isInitialLoad": true,
}
[90mstdout[2m | src/components/RecordingStudio3.stories.jsx[2m > [22m[2mComparing Multiple Takes
[22m[39m[FilesContext] Vector store population complete - 3 total embeddings
[90mstdout[2m | src/components/RecordingStudio3.stories.jsx[2m > [22m[2mComparing Multiple Takes
[22m[39m[ChatContext] AssistantChat query update: 1 items (synced)
[90mstdout[2m | src/components/RecordingStudio3.stories.jsx[2m > [22m[2mComparing Multiple Takes
[22m[39m[ChatContext] First item details: {
  "id": "mock-assistant-chat-1",
  "updatedAt": "2024-01-26T10:15:00.000Z",
}
[90mstdout[2m | src/components/RecordingStudio3.stories.jsx[2m > [22m[2mComparing Multiple Takes
[22m[39m[ChatContext] AssistantChat subscription initialized
[90mstdout[2m | src/components/RecordingStudio3.stories.jsx[2m > [22m[2mComparing Multiple Takes
[22m[39m[ChatContext] AssistantChat list updated: 1 chats
[90mstdout[2m | src/components/RecordingStudio3.stories.jsx[2m > [22m[2mComparing Multiple Takes
[22m[39m[Mock Data] Settings.create() called with: {
  "assistantVoice": "shimmer",
  "autoAnalyzeDocuments": true,
  "defaultAIModel": "gpt-4",
  "documentAnalysisModel": "gpt-4",
  "editorFontSize": 14,
  "editorTheme": "auto",
  "emailNotifications": true,
  "language": "en",
  "webhookNotifications": false,
}
[90mstdout[2m | src/components/RecordingStudio3.stories.jsx[2m > [22m[2mComparing Multiple Takes
[22m[39m[Mock Data] Settings created: mock-settings-1776336989276 - notified 1 subscribers
[90mstdout[2m | src/components/RecordingStudio3.stories.jsx[2m > [22m[2mComparing Multiple Takes
[22m[39m[ChatContext] Setting initial chat: mock-assistant-chat-1
[90mstdout[2m | src/components/RecordingStudio3.stories.jsx[2m > [22m[2mComparing Multiple Takes
[22m[39m[ChatContext] Chat exists and not archived, skipping creation
[90mstdout[2m | src/components/RecordingStudio3.stories.jsx[2m > [22m[2mComparing Multiple Takes
[22m[39m[useTranslationWithCapture] t() called: {
  "key": "recordingStudio3.importJson",
  "mode": "off",
  "namespace": "components",
  "value": "Import JSON",
}
[90mstdout[2m | src/components/RecordingStudio3.stories.jsx[2m > [22m[2mComparing Multiple Takes
[22m[39m[useTranslationWithCapture] t() called: {
  "key": "recordingStudio3.exportJson",
  "mode": "off",
  "namespace": "components",
  "value": "Export JSON",
}
[90mstdout[2m | src/components/RecordingStudio3.stories.jsx[2m > [22m[2mComparing Multiple Takes
[22m[39m[useTranslationWithCapture] t() called: {
  "key": "recordingStudio3.script",
  "mode": "off",
  "namespace": "components",
  "value": "Script",
}
[90mstdout[2m | src/components/RecordingStudio3.stories.jsx[2m > [22m[2mComparing Multiple Takes
[22m[39m[useTranslationWithCapture] t() called: {
  "key": "recordingStudio3.addLine",
  "mode": "off",
  "namespace": "components",
  "value": "Add Line",
}
[90mstdout[2m | src/components/RecordingStudio3.stories.jsx[2m > [22m[2mComparing Multiple Takes
[22m[39m[useTranslationWithCapture] t() called: {
  "key": "recordingStudio3.lineNumber",
  "mode": "off",
  "namespace": "components",
  "value": "Line #1 - Narrator",
}
[90mstdout[2m | src/components/RecordingStudio3.stories.jsx[2m > [22m[2mComparing Multiple Takes
[22m[39m[useTranslationWithCapture] t() called: {
  "key": "recordingStudio3.record",
  "mode": "off",
  "namespace": "components",
  "value": "Record",
}
[90mstdout[2m | src/components/RecordingStudio3.stories.jsx[2m > [22m[2mComparing Multiple Takes
[22m[39m[useTranslationWithCapture] t() called: {
  "key": "recordingStudio3.generateTts",
  "mode": "off",
  "namespace": "components",
  "value": "Generate TTS",
}
[90mstdout[2m | src/components/RecordingStudio3.stories.jsx[2m > [22m[2mComparing Multiple Takes
[22m[39m[useTranslationWithCapture] t() called: {
  "key": "recordingStudio3.takes",
  "mode": "off",
  "namespace": "components",
  "value": "Takes:",
}
[90mstdout[2m | src/components/RecordingStudio3.stories.jsx[2m > [22m[2mComparing Multiple Takes
[22m[39m[useTranslationWithCapture] t() called: {
  "key": "recordingStudio3.timeline",
  "mode": "off",
  "namespace": "components",
  "value": "Timeline",
}
[90mstdout[2m | src/components/RecordingStudio3.stories.jsx[2m > [22m[2mComparing Multiple Takes
[22m[39m[useTranslationWithCapture] t() called: {
  "key": "recordingStudio3.speakers",
  "mode": "off",
  "namespace": "components",
  "value": "Speakers",
}
[90mstdout[2m | src/components/RecordingStudio3.stories.jsx[2m > [22m[2mComparing Multiple Takes
[22m[39m[useTranslationWithCapture] t() called: {
  "key": "recordingStudio3.add",
  "mode": "off",
  "namespace": "components",
  "value": "Add",
}
[90mstdout[2m | src/components/RecordingStudio3.stories.jsx[2m > [22m[2mComparing Multiple Takes
[22m[39m[useTranslationWithCapture] t() called: {
  "key": "recordingStudio3.voice",
  "mode": "off",
  "namespace": "components",
  "value": "Voice",
}
[90mstdout[2m | src/components/RecordingStudio3.stories.jsx[2m > [22m[2mComparing Multiple Takes
[22m[39m[useTranslationWithCapture] t() called: {
  "key": "recordingStudio3.voice",
  "mode": "off",
  "namespace": "components",
  "value": "Voice",
}
[90mstdout[2m | src/components/RecordingStudio3.stories.jsx[2m > [22m[2mComparing Multiple Takes
[22m[39m[useTranslationWithCapture] t() called: {
  "key": "recordingStudio3.voice",
  "mode": "off",
  "namespace": "components",
  "value": "Voice",
}
[90mstdout[2m | src/components/RecordingStudio3.stories.jsx[2m > [22m[2mComparing Multiple Takes
[22m[39m[useTranslationWithCapture] t() called: {
  "key": "recordingStudio3.voice",
  "mode": "off",
  "namespace": "components",
  "value": "Voice",
}
[90mstdout[2m | src/components/RecordingStudio3.stories.jsx[2m > [22m[2mComparing Multiple Takes
[22m[39m[useTranslationWithCapture] t() called: {
  "key": "recordingStudio3.generateAllMissing",
  "mode": "off",
  "namespace": "components",
  "value": "Generate All Missing TTS",
}
[90mstdout[2m | src/components/RecordingStudio3.stories.jsx[2m > [22m[2mPreview Mode
[22m[39m[Mock Data] Settings subscription unsubscribed. Remaining: 0
[90mstdout[2m | src/components/RecordingStudio3.stories.jsx[2m > [22m[2mPreview Mode
[22m[39m[ChatContext] Cleaning up subscription
[90mstdout[2m | src/components/RecordingStudio3.stories.jsx[2m > [22m[2mPreview Mode
[22m[39m[Mock Data] AssistantChat subscription unsubscribed. Remaining: 0
[90mstdout[2m | src/components/RecordingStudio3.stories.jsx[2m > [22m[2mPreview Mode
[22m[39m[Mock Data] File subscription unsubscribed. Remaining: 0
[90mstdout[2m | src/components/RecordingStudio3.stories.jsx[2m > [22m[2mPreview Mode
[22m[39m[Mock Data] Document subscription unsubscribed. Remaining: 0
[90mstdout[2m | src/components/RecordingStudio3.stories.jsx[2m > [22m[2mPreview Mode
[22m[39m[Mock Data] Word subscription unsubscribed. Remaining: 0
[90mstdout[2m | src/components/RecordingStudio3.stories.jsx[2m > [22m[2mPreview Mode
[22m[39m[Mock Data] Question subscription unsubscribed. Remaining: 0
[90mstdout[2m | src/components/RecordingStudio3.stories.jsx[2m > [22m[2mPreview Mode
[22m[39m[Mock Data] Grade subscription unsubscribed. Remaining: 0
[90mstdout[2m | src/components/RecordingStudio3.stories.jsx[2m > [22m[2mPreview Mode
[22m[39m[Mock Data] Unit subscription unsubscribed. Remaining: 0
[90mstdout[2m | src/components/RecordingStudio3.stories.jsx[2m > [22m[2mPreview Mode
[22m[39m[SectionContext] Cleaning up subscriptions
[90mstdout[2m | src/components/RecordingStudio3.stories.jsx[2m > [22m[2mPreview Mode
[22m[39m[Mock Data] Section.onCreate() subscription removed. Remaining: 0
[90mstdout[2m | src/components/RecordingStudio3.stories.jsx[2m > [22m[2mPreview Mode
[22m[39m[Mock Data] Section.onUpdate() subscription removed. Remaining: 0
[90mstdout[2m | src/components/RecordingStudio3.stories.jsx[2m > [22m[2mPreview Mode
[22m[39m[Mock Data] Section.onDelete() subscription removed. Remaining: 0
[90mstdout[2m | src/components/RecordingStudio3.stories.jsx[2m > [22m[2mPreview Mode
[22m[39m[Mock Data] Assignment.onCreate() subscription removed. Remaining: 0
[90mstdout[2m | src/components/RecordingStudio3.stories.jsx[2m > [22m[2mPreview Mode
[22m[39m[Mock Data] Assignment.onUpdate() subscription removed. Remaining: 0
[90mstdout[2m | src/components/RecordingStudio3.stories.jsx[2m > [22m[2mPreview Mode
[22m[39m[Mock Data] Assignment.onDelete() subscription removed. Remaining: 0
[90mstdout[2m | src/components/RecordingStudio3.stories.jsx[2m > [22m[2mPreview Mode
[22m[39m[Mock Data] Clearing all data stores
[90mstdout[2m | src/components/RecordingStudio3.stories.jsx[2m > [22m[2mPreview Mode
[22m[39m[Mock Data] All data stores cleared
[90mstdout[2m | src/components/RecordingStudio3.stories.jsx[2m > [22m[2mPreview Mode
[22m[39m[Preview] Cleared mock data for story
[90mstdout[2m | src/components/RecordingStudio3.stories.jsx[2m > [22m[2mPreview Mode
[22m[39m[Mock Data Gen 2] Initializing mock data
[90mstdout[2m | src/components/RecordingStudio3.stories.jsx[2m > [22m[2mPreview Mode
[22m[39m[Mock Data] seedMockAssistantChats: Replacing with 1 assistant chats
[90mstdout[2m | src/components/RecordingStudio3.stories.jsx[2m > [22m[2mPreview Mode
[22m[39m[Mock Data Gen 2] Seeded AssistantChat: mock-assistant-chat-1
[90mstdout[2m | src/components/RecordingStudio3.stories.jsx[2m > [22m[2mPreview Mode
[22m[39m[Mock Data] seedMockFiles: Adding 6 files
[90mstdout[2m | src/components/RecordingStudio3.stories.jsx[2m > [22m[2mPreview Mode
[22m[39m[Mock Data Gen 2] Seeded Files: 6
[90mstdout[2m | src/components/RecordingStudio3.stories.jsx[2m > [22m[2mPreview Mode
[22m[39m[Mock Data Gen 2] Initializing mock data
[90mstdout[2m | src/components/RecordingStudio3.stories.jsx[2m > [22m[2mPreview Mode
[22m[39m[Mock Data] seedMockAssistantChats: Replacing with 1 assistant chats
[90mstdout[2m | src/components/RecordingStudio3.stories.jsx[2m > [22m[2mPreview Mode
[22m[39m[Mock Data Gen 2] Seeded AssistantChat: mock-assistant-chat-1
[90mstdout[2m | src/components/RecordingStudio3.stories.jsx[2m > [22m[2mPreview Mode
[22m[39m[Mock Data] seedMockFiles: Adding 6 files
[90mstdout[2m | src/components/RecordingStudio3.stories.jsx[2m > [22m[2mPreview Mode
[22m[39m[Mock Data Gen 2] Seeded Files: 6
[90mstdout[2m | src/components/RecordingStudio3.stories.jsx[2m > [22m[2mPreview Mode
[22m[39m[Preview] Initialized default mock data for story
[90mstdout[2m | src/components/RecordingStudio3.stories.jsx[2m > [22m[2mPreview Mode
[22m[39m[Mock AuthContext] Providing auth: {
  "error": undefined,
  "isLoading": false,
  "session": {
    "idToken": {
      "toString": [Function toString],
    },
    "identityId": "us-east-1:mock-identity-123",
    "username": "mock-user-sub",
  },
  "user": {
    "attributes": {
      "email": "alice@example.com",
      "name": "Alice Student",
      "sub": "mock-user-sub",
    },
  },
}
[90mstdout[2m | src/components/RecordingStudio3.stories.jsx[2m > [22m[2mPreview Mode
[22m[39m[Mock Data] generateClient() called - returning mock client
[90mstdout[2m | src/components/RecordingStudio3.stories.jsx[2m > [22m[2mPreview Mode
[22m[39m[Mock amplifyClient] getAmplifyClient() called - returning mock client
[90mstdout[2m | src/components/RecordingStudio3.stories.jsx[2m > [22m[2mPreview Mode
[22m[39m[MOCK CourseVectorStore] Initialized with mock data
[90mstdout[2m | src/components/RecordingStudio3.stories.jsx[2m > [22m[2mPreview Mode
[22m[39m[TranslationModeController] Setting mode to: off
[90mstdout[2m | src/components/RecordingStudio3.stories.jsx[2m > [22m[2mPreview Mode
[22m[39m[SectionContext] useEffect triggered {
  "authLoading": false,
  "hasUser": true,
  "userSub": "mock-user-sub",
}
[90mstdout[2m | src/components/RecordingStudio3.stories.jsx[2m > [22m[2mPreview Mode
[22m[39m[SectionContext] Fetching sections for userId: mock-user-sub
[90mstdout[2m | src/components/RecordingStudio3.stories.jsx[2m > [22m[2mPreview Mode
[22m[39m[Mock Data] generateClient() called - returning mock client
[90mstdout[2m | src/components/RecordingStudio3.stories.jsx[2m > [22m[2mPreview Mode
[22m[39m[Mock amplifyClient] getAmplifyClient() called - returning mock client
[90mstdout[2m | src/components/RecordingStudio3.stories.jsx[2m > [22m[2mPreview Mode
[22m[39m[Mock Data] Section.list() called with options: undefined
[90mstdout[2m | src/components/RecordingStudio3.stories.jsx[2m > [22m[2mPreview Mode
[22m[39m[Mock Data] generateClient() called - returning mock client
[90mstdout[2m | src/components/RecordingStudio3.stories.jsx[2m > [22m[2mPreview Mode
[22m[39m[Mock amplifyClient] getAmplifyClient() called - returning mock client
[90mstdout[2m | src/components/RecordingStudio3.stories.jsx[2m > [22m[2mPreview Mode
[22m[39m[Mock Data] Assignment.list() called with options: {
  "filter": {
    "unitID": {
      "eq": "mock-unit-id",
    },
  },
}
[90mstdout[2m | src/components/RecordingStudio3.stories.jsx[2m > [22m[2mPreview Mode
[22m[39m[Mock Data] generateClient() called - returning mock client
[90mstdout[2m | src/components/RecordingStudio3.stories.jsx[2m > [22m[2mPreview Mode
[22m[39m[Mock amplifyClient] getAmplifyClient() called - returning mock client
[90mstdout[2m | src/components/RecordingStudio3.stories.jsx[2m > [22m[2mPreview Mode
[22m[39m[Mock Data] Grade.observeQuery() called with filter: {
  "filter": {
    "unitID": {
      "eq": "mock-unit-id",
    },
  },
}
[90mstdout[2m | src/components/RecordingStudio3.stories.jsx[2m > [22m[2mPreview Mode
[22m[39m[Mock Data] Grade.observeQuery() applying filter: {
  "unitID": {
    "eq": "mock-unit-id",
  },
}
[90mstdout[2m | src/components/RecordingStudio3.stories.jsx[2m > [22m[2mPreview Mode
[22m[39m[Mock Data] Grade.observeQuery() items before filter: 0
[90mstdout[2m | src/components/RecordingStudio3.stories.jsx[2m > [22m[2mPreview Mode
[22m[39m[Mock Data] Grade.observeQuery() items after filter: 0
[90mstdout[2m | src/components/RecordingStudio3.stories.jsx[2m > [22m[2mPreview Mode
[22m[39m[Mock Data] Grade.observeQuery() returning 0 items (filter applied) {
  "filter": {
    "unitID": {
      "eq": "mock-unit-id",
    },
  },
}
[90mstdout[2m | src/components/RecordingStudio3.stories.jsx[2m > [22m[2mPreview Mode
[22m[39m[Mock Data] Grade subscription added. Total subscriptions: 1
[90mstdout[2m | src/components/RecordingStudio3.stories.jsx[2m > [22m[2mPreview Mode
[22m[39m[UnitContext] useEffect triggered {
  "authLoading": false,
  "hasUser": true,
  "id": "mock-unit-id",
  "userSub": "mock-user-sub",
}
[90mstdout[2m | src/components/RecordingStudio3.stories.jsx[2m > [22m[2mPreview Mode
[22m[39m[UnitContext] Fetching unit data for id: mock-unit-id
[90mstdout[2m | src/components/RecordingStudio3.stories.jsx[2m > [22m[2mPreview Mode
[22m[39m[Mock Data] generateClient() called - returning mock client
[90mstdout[2m | src/components/RecordingStudio3.stories.jsx[2m > [22m[2mPreview Mode
[22m[39m[Mock amplifyClient] getAmplifyClient() called - returning mock client
[90mstdout[2m | src/components/RecordingStudio3.stories.jsx[2m > [22m[2mPreview Mode
[22m[39m[Mock Data] Unit.observeQuery() called with filter: {
  "filter": {
    "id": {
      "eq": "mock-unit-id",
    },
  },
}
[90mstdout[2m | src/components/RecordingStudio3.stories.jsx[2m > [22m[2mPreview Mode
[22m[39m[Mock Data] Unit.observeQuery() applying filter: {
  "id": {
    "eq": "mock-unit-id",
  },
}
[90mstdout[2m | src/components/RecordingStudio3.stories.jsx[2m > [22m[2mPreview Mode
[22m[39m[Mock Data] Unit.observeQuery() items before filter: 0
[90mstdout[2m | src/components/RecordingStudio3.stories.jsx[2m > [22m[2mPreview Mode
[22m[39m[Mock Data] Unit.observeQuery() items after filter: 0
[90mstdout[2m | src/components/RecordingStudio3.stories.jsx[2m > [22m[2mPreview Mode
[22m[39m[Mock Data] Unit.observeQuery() returning 0 items (filter applied) {
  "filter": {
    "id": {
      "eq": "mock-unit-id",
    },
  },
}
[90mstdout[2m | src/components/RecordingStudio3.stories.jsx[2m > [22m[2mPreview Mode
[22m[39m[Mock Data] Unit subscription added. Total subscriptions: 1
[90mstdout[2m | src/components/RecordingStudio3.stories.jsx[2m > [22m[2mPreview Mode
[22m[39m[Mock Data] generateClient() called - returning mock client
[90mstdout[2m | src/components/RecordingStudio3.stories.jsx[2m > [22m[2mPreview Mode
[22m[39m[Mock amplifyClient] getAmplifyClient() called - returning mock client
[90mstdout[2m | src/components/RecordingStudio3.stories.jsx[2m > [22m[2mPreview Mode
[22m[39m[Mock Data] Word.observeQuery() called with filter: undefined
[90mstdout[2m | src/components/RecordingStudio3.stories.jsx[2m > [22m[2mPreview Mode
[22m[39m[Mock Data] Word.observeQuery() returning 0 items (filter applied) undefined
[90mstdout[2m | src/components/RecordingStudio3.stories.jsx[2m > [22m[2mPreview Mode
[22m[39m[Mock Data] Word subscription added. Total subscriptions: 1
[90mstdout[2m | src/components/RecordingStudio3.stories.jsx[2m > [22m[2mPreview Mode
[22m[39m[Mock Data] generateClient() called - returning mock client
[90mstdout[2m | src/components/RecordingStudio3.stories.jsx[2m > [22m[2mPreview Mode
[22m[39m[Mock amplifyClient] getAmplifyClient() called - returning mock client
[90mstdout[2m | src/components/RecordingStudio3.stories.jsx[2m > [22m[2mPreview Mode
[22m[39m[Mock Data] Question.observeQuery() called with filter: undefined
[90mstdout[2m | src/components/RecordingStudio3.stories.jsx[2m > [22m[2mPreview Mode
[22m[39m[Mock Data] Question.observeQuery() returning 0 items (filter applied) undefined
[90mstdout[2m | src/components/RecordingStudio3.stories.jsx[2m > [22m[2mPreview Mode
[22m[39m[Mock Data] Question subscription added. Total subscriptions: 1
[90mstdout[2m | src/components/RecordingStudio3.stories.jsx[2m > [22m[2mPreview Mode
[22m[39m[FilesContext] Initializing vector store from IndexedDB
[90mstdout[2m | src/components/RecordingStudio3.stories.jsx[2m > [22m[2mPreview Mode
[22m[39m[FilesContext] fetchFiles called
[90mstdout[2m | src/components/RecordingStudio3.stories.jsx[2m > [22m[2mPreview Mode
[22m[39m[FilesContext] User authenticated: mock-user-sub
[90mstdout[2m | src/components/RecordingStudio3.stories.jsx[2m > [22m[2mPreview Mode
[22m[39m[FilesContext] Identity ID: us-east-1:mock-identity-123
[90mstdout[2m | src/components/RecordingStudio3.stories.jsx[2m > [22m[2mPreview Mode
[22m[39m[FilesContext] About to subscribe to File model
[90mstdout[2m | src/components/RecordingStudio3.stories.jsx[2m > [22m[2mPreview Mode
[22m[39m[Mock Data] generateClient() called - returning mock client
[90mstdout[2m | src/components/RecordingStudio3.stories.jsx[2m > [22m[2mPreview Mode
[22m[39m[Mock amplifyClient] getAmplifyClient() called - returning mock client
[90mstdout[2m | src/components/RecordingStudio3.stories.jsx[2m > [22m[2mPreview Mode
[22m[39m[Mock Data] File.observeQuery() called with filter: undefined
[90mstdout[2m | src/components/RecordingStudio3.stories.jsx[2m > [22m[2mPreview Mode
[22m[39m[Mock Data] File.observeQuery() returning 6 items (filter applied) undefined
[90mstdout[2m | src/components/RecordingStudio3.stories.jsx[2m > [22m[2mPreview Mode
[22m[39m[Mock Data] File subscription added. Total subscriptions: 1
[90mstdout[2m | src/components/RecordingStudio3.stories.jsx[2m > [22m[2mPreview Mode
[22m[39m[Mock Data] generateClient() called - returning mock client
[90mstdout[2m | src/components/RecordingStudio3.stories.jsx[2m > [22m[2mPreview Mode
[22m[39m[Mock amplifyClient] getAmplifyClient() called - returning mock client
[90mstdout[2m | src/components/RecordingStudio3.stories.jsx[2m > [22m[2mPreview Mode
[22m[39m[Mock Data] Document.observeQuery() called with filter: undefined
[90mstdout[2m | src/components/RecordingStudio3.stories.jsx[2m > [22m[2mPreview Mode
[22m[39m[Mock Data] Document.observeQuery() returning 0 items (filter applied) undefined
[90mstdout[2m | src/components/RecordingStudio3.stories.jsx[2m > [22m[2mPreview Mode
[22m[39m[Mock Data] Document subscription added. Total subscriptions: 1
[90mstdout[2m | src/components/RecordingStudio3.stories.jsx[2m > [22m[2mPreview Mode
[22m[39m[ChatContext] Setting up observeQuery for AssistantChat
[90mstdout[2m | src/components/RecordingStudio3.stories.jsx[2m > [22m[2mPreview Mode
[22m[39m[Mock Data] AssistantChat.observeQuery() called with filter: {
  "sortDirection": "DESC",
  "sortField": "createdAt",
}
[90mstdout[2m | src/components/RecordingStudio3.stories.jsx[2m > [22m[2mPreview Mode
[22m[39m[Mock Data] AssistantChat.observeQuery() returning 1 items (filter applied) {
  "sortDirection": "DESC",
  "sortField": "createdAt",
}
[90mstdout[2m | src/components/RecordingStudio3.stories.jsx[2m > [22m[2mPreview Mode
[22m[39m[Mock Data] AssistantChat subscription added. Total subscriptions: 1
[90mstdout[2m | src/components/RecordingStudio3.stories.jsx[2m > [22m[2mPreview Mode
[22m[39m[ChatContext] Waiting for subscription to initialize
[90mstdout[2m | src/components/RecordingStudio3.stories.jsx[2m > [22m[2mPreview Mode
[22m[39m[SettingsContext] Setting up Settings subscription for user: mock-user-sub
[90mstdout[2m | src/components/RecordingStudio3.stories.jsx[2m > [22m[2mPreview Mode
[22m[39m[Mock Data] generateClient() called - returning mock client
[90mstdout[2m | src/components/RecordingStudio3.stories.jsx[2m > [22m[2mPreview Mode
[22m[39m[Mock amplifyClient] getAmplifyClient() called - returning mock client
[90mstdout[2m | src/components/RecordingStudio3.stories.jsx[2m > [22m[2mPreview Mode
[22m[39m[Mock Data] Settings.observeQuery() called with filter: undefined
[90mstdout[2m | src/components/RecordingStudio3.stories.jsx[2m > [22m[2mPreview Mode
[22m[39m[Mock Data] Settings.observeQuery() returning 0 items (filter applied) undefined
[90mstdout[2m | src/components/RecordingStudio3.stories.jsx[2m > [22m[2mPreview Mode
[22m[39m[Mock Data] Settings subscription added. Total subscriptions: 1
[90mstdout[2m | src/components/RecordingStudio3.stories.jsx[2m > [22m[2mPreview Mode
[22m[39m[SectionContext] Initial sections: 0 []
[90mstdout[2m | src/components/RecordingStudio3.stories.jsx[2m > [22m[2mPreview Mode
[22m[39m[Mock Data] Section.onCreate() called with filter: undefined
[90mstdout[2m | src/components/RecordingStudio3.stories.jsx[2m > [22m[2mPreview Mode
[22m[39m[Mock Data] Section.onCreate() subscription added. Total: 1
[90mstdout[2m | src/components/RecordingStudio3.stories.jsx[2m > [22m[2mPreview Mode
[22m[39m[Mock Data] Section.onUpdate() called with filter: undefined
[90mstdout[2m | src/components/RecordingStudio3.stories.jsx[2m > [22m[2mPreview Mode
[22m[39m[Mock Data] Section.onUpdate() subscription added. Total: 1
[90mstdout[2m | src/components/RecordingStudio3.stories.jsx[2m > [22m[2mPreview Mode
[22m[39m[Mock Data] Section.onDelete() called with filter: undefined
[90mstdout[2m | src/components/RecordingStudio3.stories.jsx[2m > [22m[2mPreview Mode
[22m[39m[Mock Data] Section.onDelete() subscription added. Total: 1
[90mstdout[2m | src/components/RecordingStudio3.stories.jsx[2m > [22m[2mPreview Mode
[22m[39m[Mock Data] Assignment.onCreate() called with filter: {
  "filter": {
    "unitID": {
      "eq": "mock-unit-id",
    },
  },
}
[90mstdout[2m | src/components/RecordingStudio3.stories.jsx[2m > [22m[2mPreview Mode
[22m[39m[Mock Data] Assignment.onCreate() subscription added. Total: 1
[90mstdout[2m | src/components/RecordingStudio3.stories.jsx[2m > [22m[2mPreview Mode
[22m[39m[Mock Data] Assignment.onUpdate() called with filter: {
  "filter": {
    "unitID": {
      "eq": "mock-unit-id",
    },
  },
}
[90mstdout[2m | src/components/RecordingStudio3.stories.jsx[2m > [22m[2mPreview Mode
[22m[39m[Mock Data] Assignment.onUpdate() subscription added. Total: 1
[90mstdout[2m | src/components/RecordingStudio3.stories.jsx[2m > [22m[2mPreview Mode
[22m[39m[Mock Data] Assignment.onDelete() called with filter: {
  "filter": {
    "unitID": {
      "eq": "mock-unit-id",
    },
  },
}
[90mstdout[2m | src/components/RecordingStudio3.stories.jsx[2m > [22m[2mPreview Mode
[22m[39m[Mock Data] Assignment.onDelete() subscription added. Total: 1
[90mstdout[2m | src/components/RecordingStudio3.stories.jsx[2m > [22m[2mPreview Mode
[22m[39m[FilesContext] File observeQuery subscription triggered:
[90mstdout[2m | src/components/RecordingStudio3.stories.jsx[2m > [22m[2mPreview Mode
[22m[39m  - items.length: 6
[90mstdout[2m | src/components/RecordingStudio3.stories.jsx[2m > [22m[2mPreview Mode
[22m[39m  - isSynced: true
[90mstdout[2m | src/components/RecordingStudio3.stories.jsx[2m > [22m[2mPreview Mode
[22m[39m  - items: [
  {
    "_deleted": null,
    "_lastChangedAt": 1767711773285,
    "_version": 1,
    "byHex": null,
    "createdAt": "2026-01-06T15:02:53.253Z",
    "description": "Japanese language textbook - Chapter 1",
    "document": Promise {},
    "documentID": "e01017e1-fe7a-4521-b71c-09ec31b18639",
    "duration": null,
    "embedding": null,
    "generated": null,
    "hex": null,
    "id": "a57d7833-5fa7-4cb7-8b7a-ce7c6e10e551",
    "identityId": "us-east-1:b0eadde9-f02c-c71b-17a6-22ffd37d89c8",
    "key": "files/Japanese Wind 1.pdf",
    "level": "protected",
    "mimeType": "application/pdf",
    "model": null,
    "name": "Japanese Wind 1.pdf",
    "owner": "64d81418-7021-701d-9fed-a4c2e0735711",
    "parsedContent": [Function anonymous],
    "parsedContentID": null,
    "path": "files/Japanese Wind 1.pdf",
    "prompt": null,
    "size": 4706654,
    "thumbnail": null,
    "type": "pdf",
    "updatedAt": "2026-01-06T15:02:53.253Z",
    "variant": null,
    "waveformData": null,
  },
  {
    "_version": 2,
    "createdAt": "2026-01-15T10:00:00.000Z",
    "description": "Sample report with vocabulary",
    "document": Promise {},
    "documentID": "cd824b5b-2c66-41f8-8571-aa6794ff590c",
    "generated": false,
    "id": "mock-pdf-file-2",
    "identityId": "us-east-1:mock-identity",
    "key": "files/report.pdf",
    "level": "protected",
    "mimeType": "application/pdf",
    "name": "report.pdf",
    "owner": "mock-user-id",
    "parsedContent": [Function anonymous],
    "path": "files/report.pdf",
    "size": 123456,
    "type": "pdf",
    "updatedAt": "2026-01-15T10:30:00.000Z",
  },
  {
    "_version": 3,
    "createdAt": "2026-01-14T08:00:00.000Z",
    "description": "Vocabulary lesson PDF with extracted content",
    "document": Promise {},
    "documentID": "mock-document-3",
    "generated": false,
    "id": "mock-pdf-file-3",
    "identityId": "us-east-1:mock-identity",
    "key": "files/vocabulary-lesson.pdf",
    "level": "public",
    "mimeType": "application/pdf",
    "name": "vocabulary-lesson.pdf",
    "owner": "mock-user-id",
    "parsedContent": [Function anonymous],
    "path": "files/vocabulary-lesson.pdf",
    "size": 567890,
    "type": "pdf",
    "updatedAt": "2026-01-14T08:45:00.000Z",
  },
  {
    "_version": 1,
    "createdAt": "2026-01-20T10:00:00.000Z",
    "description": "Sample pronunciation audio",
    "documentID": null,
    "duration": 3.5,
    "generated": true,
    "id": "mock-audio-file-1",
    "identityId": "us-east-1:mock-identity",
    "key": "audio/pronunciation-demo.mp3",
    "level": "public",
    "mimeType": "audio/mpeg",
    "name": "pronunciation-demo.mp3",
    "owner": "mock-user-id",
    "parsedContent": [Function anonymous],
    "path": "/story-mocks/cinematic-designed-sci-fi-whoosh-transition-nexawave-228295.mp3",
    "size": 56789,
    "type": "audio",
    "updatedAt": "2026-01-20T10:00:00.000Z",
    "waveformData": null,
  },
  {
    "_version": 1,
    "createdAt": "2026-01-19T14:30:00.000Z",
    "description": "Lesson introduction audio",
    "documentID": null,
    "duration": 5.2,
    "generated": false,
    "id": "mock-audio-file-2",
    "identityId": "us-east-1:mock-identity",
    "key": "audio/lesson-intro.mp3",
    "level": "public",
    "mimeType": "audio/mpeg",
    "name": "lesson-intro.mp3",
    "owner": "mock-user-id",
    "parsedContent": [Function anonymous],
    "path": "/story-mocks/descent-whoosh-long-cinematic-sound-effect-405921.mp3",
    "size": 87654,
    "type": "audio",
    "updatedAt": "2026-01-19T14:30:00.000Z",
    "waveformData": null,
  },
  {
    "_version": 1,
    "createdAt": "2026-01-18T09:15:00.000Z",
    "description": "Hiragana character chart",
    "documentID": null,
    "generated": false,
    "id": "mock-image-file-1",
    "identityId": "us-east-1:mock-identity",
    "key": "images/hiragana-chart.png",
    "level": "public",
    "mimeType": "image/png",
    "name": "hiragana-chart.png",
    "owner": "mock-user-id",
    "parsedContent": [Function anonymous],
    "path": "images/hiragana-chart.png",
    "size": 234567,
    "thumbnail": "thumbnails/hiragana-chart-thumb.png",
    "type": "image",
    "updatedAt": "2026-01-18T09:15:00.000Z",
  },
]
[90mstdout[2m | src/components/RecordingStudio3.stories.jsx[2m > [22m[2mPreview Mode
[22m[39m[FilesContext] Files count changed: 0 → 6
[90mstdout[2m | src/components/RecordingStudio3.stories.jsx[2m > [22m[2mPreview Mode
[22m[39m[MOCK CourseVectorStore] Initialized with mock data
[90mstdout[2m | src/components/RecordingStudio3.stories.jsx[2m > [22m[2mPreview Mode
[22m[39m[MOCK CourseVectorStore] Initialized with mock data
[90mstdout[2m | src/components/RecordingStudio3.stories.jsx[2m > [22m[2mPreview Mode
[22m[39m[useTranslationWithCapture] t() called: {
  "key": "recordingStudio3.importJson",
  "mode": "off",
  "namespace": "components",
  "value": "Import JSON",
}
[90mstdout[2m | src/components/RecordingStudio3.stories.jsx[2m > [22m[2mPreview Mode
[22m[39m[useTranslationWithCapture] t() called: {
  "key": "recordingStudio3.exportJson",
  "mode": "off",
  "namespace": "components",
  "value": "Export JSON",
}
[90mstdout[2m | src/components/RecordingStudio3.stories.jsx[2m > [22m[2mPreview Mode
[22m[39m[useTranslationWithCapture] t() called: {
  "key": "recordingStudio3.script",
  "mode": "off",
  "namespace": "components",
  "value": "Script",
}
[90mstdout[2m | src/components/RecordingStudio3.stories.jsx[2m > [22m[2mPreview Mode
[22m[39m[useTranslationWithCapture] t() called: {
  "key": "recordingStudio3.addLine",
  "mode": "off",
  "namespace": "components",
  "value": "Add Line",
}
[90mstdout[2m | src/components/RecordingStudio3.stories.jsx[2m > [22m[2mPreview Mode
[22m[39m[useTranslationWithCapture] t() called: {
  "key": "recordingStudio3.timeline",
  "mode": "off",
  "namespace": "components",
  "value": "Timeline",
}
[90mstdout[2m | src/components/RecordingStudio3.stories.jsx[2m > [22m[2mPreview Mode
[22m[39m[useTranslationWithCapture] t() called: {
  "key": "recordingStudio3.speakers",
  "mode": "off",
  "namespace": "components",
  "value": "Speakers",
}
[90mstdout[2m | src/components/RecordingStudio3.stories.jsx[2m > [22m[2mPreview Mode
[22m[39m[useTranslationWithCapture] t() called: {
  "key": "recordingStudio3.add",
  "mode": "off",
  "namespace": "components",
  "value": "Add",
}
[90mstdout[2m | src/components/RecordingStudio3.stories.jsx[2m > [22m[2mPreview Mode
[22m[39m[useTranslationWithCapture] t() called: {
  "key": "recordingStudio3.voice",
  "mode": "off",
  "namespace": "components",
  "value": "Voice",
}
[90mstdout[2m | src/components/RecordingStudio3.stories.jsx[2m > [22m[2mPreview Mode
[22m[39m[useTranslationWithCapture] t() called: {
  "key": "recordingStudio3.voice",
  "mode": "off",
  "namespace": "components",
  "value": "Voice",
}
[90mstdout[2m | src/components/RecordingStudio3.stories.jsx[2m > [22m[2mPreview Mode
[22m[39m[useTranslationWithCapture] t() called: {
  "key": "recordingStudio3.voice",
  "mode": "off",
  "namespace": "components",
  "value": "Voice",
}
[90mstdout[2m | src/components/RecordingStudio3.stories.jsx[2m > [22m[2mPreview Mode
[22m[39m[useTranslationWithCapture] t() called: {
  "key": "recordingStudio3.voice",
  "mode": "off",
  "namespace": "components",
  "value": "Voice",
}
[90mstdout[2m | src/components/RecordingStudio3.stories.jsx[2m > [22m[2mPreview Mode
[22m[39m[useTranslationWithCapture] t() called: {
  "key": "recordingStudio3.generateAllMissing",
  "mode": "off",
  "namespace": "components",
  "value": "Generate All Missing TTS",
}
[90mstderr[2m | src/components/RecordingStudio3.stories.jsx[2m > [22m[2mPreview Mode
[22m[39m🔊 WAVEFORM DEBUG: {
  "barWidth": 1.3333333333333333,
  "dataLength": 150,
  "firstValues": [
    0.30578620172173065,
    0.6322784848482879,
    0.3178094518031317,
    0.1498881773214607,
    0.8805836381357547,
  ],
  "height": 40,
  "maxValue": 0.894195549889032,
  "minValue": 0.11080323051376517,
  "note": "✅ Good variance",
  "range": 0.7833923193752669,
  "width": 200,
}
[90mstderr[2m | src/components/RecordingStudio3.stories.jsx[2m > [22m[2mPreview Mode
[22m[39m🔊 WAVEFORM DEBUG: {
  "barWidth": 1.6666666666666667,
  "dataLength": 120,
  "firstValues": [
    0.2996624098309104,
    0.5639702134852403,
    0.25565177009444384,
    0.8889536264783029,
    0.5852109136544311,
  ],
  "height": 40,
  "maxValue": 0.8978537062879264,
  "minValue": 0.10774628293886304,
  "note": "✅ Good variance",
  "range": 0.7901074233490634,
  "width": 200,
}
[90mstdout[2m | src/components/RecordingStudio3.stories.jsx[2m > [22m[2mPreview Mode
[22m[39m[FilesContext] Vector store population triggered {
  "currentVectorStoreSize": 3,
  "documentsCount": 0,
  "filesCount": 6,
  "isInitialLoad": true,
}
[90mstdout[2m | src/components/RecordingStudio3.stories.jsx[2m > [22m[2mPreview Mode
[22m[39m[FilesContext] Vector store population complete - 3 total embeddings
[90mstdout[2m | src/components/RecordingStudio3.stories.jsx[2m > [22m[2mPreview Mode
[22m[39m[ChatContext] AssistantChat query update: 1 items (synced)
[90mstdout[2m | src/components/RecordingStudio3.stories.jsx[2m > [22m[2mPreview Mode
[22m[39m[ChatContext] First item details: {
  "id": "mock-assistant-chat-1",
  "updatedAt": "2024-01-26T10:15:00.000Z",
}
[90mstdout[2m | src/components/RecordingStudio3.stories.jsx[2m > [22m[2mPreview Mode
[22m[39m[ChatContext] AssistantChat subscription initialized
[90mstdout[2m | src/components/RecordingStudio3.stories.jsx[2m > [22m[2mPreview Mode
[22m[39m[ChatContext] AssistantChat list updated: 1 chats
[90mstdout[2m | src/components/RecordingStudio3.stories.jsx[2m > [22m[2mPreview Mode
[22m[39m[Mock Data] Settings.create() called with: {
  "assistantVoice": "shimmer",
  "autoAnalyzeDocuments": true,
  "defaultAIModel": "gpt-4",
  "documentAnalysisModel": "gpt-4",
  "editorFontSize": 14,
  "editorTheme": "auto",
  "emailNotifications": true,
  "language": "en",
  "webhookNotifications": false,
}
[90mstdout[2m | src/components/RecordingStudio3.stories.jsx[2m > [22m[2mPreview Mode
[22m[39m[Mock Data] Settings created: mock-settings-1776336989773 - notified 1 subscribers
[90mstdout[2m | src/components/RecordingStudio3.stories.jsx[2m > [22m[2mPreview Mode
[22m[39m[ChatContext] Setting initial chat: mock-assistant-chat-1
[90mstdout[2m | src/components/RecordingStudio3.stories.jsx[2m > [22m[2mPreview Mode
[22m[39m[ChatContext] Chat exists and not archived, skipping creation
[90mstdout[2m | src/components/RecordingStudio3.stories.jsx[2m > [22m[2mStart From Scratch
[22m[39m[Mock Data] Settings subscription unsubscribed. Remaining: 0
[90mstdout[2m | src/components/RecordingStudio3.stories.jsx[2m > [22m[2mStart From Scratch
[22m[39m[ChatContext] Cleaning up subscription
[90mstdout[2m | src/components/RecordingStudio3.stories.jsx[2m > [22m[2mStart From Scratch
[22m[39m[Mock Data] AssistantChat subscription unsubscribed. Remaining: 0
[90mstdout[2m | src/components/RecordingStudio3.stories.jsx[2m > [22m[2mStart From Scratch
[22m[39m[Mock Data] File subscription unsubscribed. Remaining: 0
[90mstdout[2m | src/components/RecordingStudio3.stories.jsx[2m > [22m[2mStart From Scratch
[22m[39m[Mock Data] Document subscription unsubscribed. Remaining: 0
[90mstdout[2m | src/components/RecordingStudio3.stories.jsx[2m > [22m[2mStart From Scratch
[22m[39m[Mock Data] Word subscription unsubscribed. Remaining: 0
[90mstdout[2m | src/components/RecordingStudio3.stories.jsx[2m > [22m[2mStart From Scratch
[22m[39m[Mock Data] Question subscription unsubscribed. Remaining: 0
[90mstdout[2m | src/components/RecordingStudio3.stories.jsx[2m > [22m[2mStart From Scratch
[22m[39m[Mock Data] Grade subscription unsubscribed. Remaining: 0
[90mstdout[2m | src/components/RecordingStudio3.stories.jsx[2m > [22m[2mStart From Scratch
[22m[39m[Mock Data] Unit subscription unsubscribed. Remaining: 0
[90mstdout[2m | src/components/RecordingStudio3.stories.jsx[2m > [22m[2mStart From Scratch
[22m[39m[SectionContext] Cleaning up subscriptions
[90mstdout[2m | src/components/RecordingStudio3.stories.jsx[2m > [22m[2mStart From Scratch
[22m[39m[Mock Data] Section.onCreate() subscription removed. Remaining: 0
[90mstdout[2m | src/components/RecordingStudio3.stories.jsx[2m > [22m[2mStart From Scratch
[22m[39m[Mock Data] Section.onUpdate() subscription removed. Remaining: 0
[90mstdout[2m | src/components/RecordingStudio3.stories.jsx[2m > [22m[2mStart From Scratch
[22m[39m[Mock Data] Section.onDelete() subscription removed. Remaining: 0
[90mstdout[2m | src/components/RecordingStudio3.stories.jsx[2m > [22m[2mStart From Scratch
[22m[39m[Mock Data] Assignment.onCreate() subscription removed. Remaining: 0
[90mstdout[2m | src/components/RecordingStudio3.stories.jsx[2m > [22m[2mStart From Scratch
[22m[39m[Mock Data] Assignment.onUpdate() subscription removed. Remaining: 0
[90mstdout[2m | src/components/RecordingStudio3.stories.jsx[2m > [22m[2mStart From Scratch
[22m[39m[Mock Data] Assignment.onDelete() subscription removed. Remaining: 0
[90mstdout[2m | src/components/RecordingStudio3.stories.jsx[2m > [22m[2mStart From Scratch
[22m[39m[Mock Data] Clearing all data stores
[90mstdout[2m | src/components/RecordingStudio3.stories.jsx[2m > [22m[2mStart From Scratch
[22m[39m[Mock Data] All data stores cleared
[90mstdout[2m | src/components/RecordingStudio3.stories.jsx[2m > [22m[2mStart From Scratch
[22m[39m[Preview] Cleared mock data for story
[90mstdout[2m | src/components/RecordingStudio3.stories.jsx[2m > [22m[2mStart From Scratch
[22m[39m[Mock Data Gen 2] Initializing mock data
[90mstdout[2m | src/components/RecordingStudio3.stories.jsx[2m > [22m[2mStart From Scratch
[22m[39m[Mock Data] seedMockAssistantChats: Replacing with 1 assistant chats
[90mstdout[2m | src/components/RecordingStudio3.stories.jsx[2m > [22m[2mStart From Scratch
[22m[39m[Mock Data Gen 2] Seeded AssistantChat: mock-assistant-chat-1
[90mstdout[2m | src/components/RecordingStudio3.stories.jsx[2m > [22m[2mStart From Scratch
[22m[39m[Mock Data] seedMockFiles: Adding 6 files
[90mstdout[2m | src/components/RecordingStudio3.stories.jsx[2m > [22m[2mStart From Scratch
[22m[39m[Mock Data Gen 2] Seeded Files: 6
[90mstdout[2m | src/components/RecordingStudio3.stories.jsx[2m > [22m[2mStart From Scratch
[22m[39m[Mock Data Gen 2] Initializing mock data
[90mstdout[2m | src/components/RecordingStudio3.stories.jsx[2m > [22m[2mStart From Scratch
[22m[39m[Mock Data] seedMockAssistantChats: Replacing with 1 assistant chats
[90mstdout[2m | src/components/RecordingStudio3.stories.jsx[2m > [22m[2mStart From Scratch
[22m[39m[Mock Data Gen 2] Seeded AssistantChat: mock-assistant-chat-1
[90mstdout[2m | src/components/RecordingStudio3.stories.jsx[2m > [22m[2mStart From Scratch
[22m[39m[Mock Data] seedMockFiles: Adding 6 files
[90mstdout[2m | src/components/RecordingStudio3.stories.jsx[2m > [22m[2mStart From Scratch
[22m[39m[Mock Data Gen 2] Seeded Files: 6
[90mstdout[2m | src/components/RecordingStudio3.stories.jsx[2m > [22m[2mStart From Scratch
[22m[39m[Preview] Initialized default mock data for story
[90mstdout[2m | src/components/RecordingStudio3.stories.jsx[2m > [22m[2mStart From Scratch
[22m[39m[Mock AuthContext] Providing auth: {
  "error": undefined,
  "isLoading": false,
  "session": {
    "idToken": {
      "toString": [Function toString],
    },
    "identityId": "us-east-1:mock-identity-123",
    "username": "mock-user-sub",
  },
  "user": {
    "attributes": {
      "email": "alice@example.com",
      "name": "Alice Student",
      "sub": "mock-user-sub",
    },
  },
}
[90mstdout[2m | src/components/RecordingStudio3.stories.jsx[2m > [22m[2mStart From Scratch
[22m[39m[Mock Data] generateClient() called - returning mock client
[90mstdout[2m | src/components/RecordingStudio3.stories.jsx[2m > [22m[2mStart From Scratch
[22m[39m[Mock amplifyClient] getAmplifyClient() called - returning mock client
[90mstdout[2m | src/components/RecordingStudio3.stories.jsx[2m > [22m[2mStart From Scratch
[22m[39m[MOCK CourseVectorStore] Initialized with mock data
[90mstdout[2m | src/components/RecordingStudio3.stories.jsx[2m > [22m[2mStart From Scratch
[22m[39m[TranslationModeController] Setting mode to: off
[90mstdout[2m | src/components/RecordingStudio3.stories.jsx[2m > [22m[2mStart From Scratch
[22m[39m[SectionContext] useEffect triggered {
  "authLoading": false,
  "hasUser": true,
  "userSub": "mock-user-sub",
}
[90mstdout[2m | src/components/RecordingStudio3.stories.jsx[2m > [22m[2mStart From Scratch
[22m[39m[SectionContext] Fetching sections for userId: mock-user-sub
[90mstdout[2m | src/components/RecordingStudio3.stories.jsx[2m > [22m[2mStart From Scratch
[22m[39m[Mock Data] generateClient() called - returning mock client
[90mstdout[2m | src/components/RecordingStudio3.stories.jsx[2m > [22m[2mStart From Scratch
[22m[39m[Mock amplifyClient] getAmplifyClient() called - returning mock client
[90mstdout[2m | src/components/RecordingStudio3.stories.jsx[2m > [22m[2mStart From Scratch
[22m[39m[Mock Data] Section.list() called with options: undefined
[90mstdout[2m | src/components/RecordingStudio3.stories.jsx[2m > [22m[2mStart From Scratch
[22m[39m[Mock Data] generateClient() called - returning mock client
[90mstdout[2m | src/components/RecordingStudio3.stories.jsx[2m > [22m[2mStart From Scratch
[22m[39m[Mock amplifyClient] getAmplifyClient() called - returning mock client
[90mstdout[2m | src/components/RecordingStudio3.stories.jsx[2m > [22m[2mStart From Scratch
[22m[39m[Mock Data] Assignment.list() called with options: {
  "filter": {
    "unitID": {
      "eq": "mock-unit-id",
    },
  },
}
[90mstdout[2m | src/components/RecordingStudio3.stories.jsx[2m > [22m[2mStart From Scratch
[22m[39m[Mock Data] generateClient() called - returning mock client
[90mstdout[2m | src/components/RecordingStudio3.stories.jsx[2m > [22m[2mStart From Scratch
[22m[39m[Mock amplifyClient] getAmplifyClient() called - returning mock client
[90mstdout[2m | src/components/RecordingStudio3.stories.jsx[2m > [22m[2mStart From Scratch
[22m[39m[Mock Data] Grade.observeQuery() called with filter: {
  "filter": {
    "unitID": {
      "eq": "mock-unit-id",
    },
  },
}
[90mstdout[2m | src/components/RecordingStudio3.stories.jsx[2m > [22m[2mStart From Scratch
[22m[39m[Mock Data] Grade.observeQuery() applying filter: {
  "unitID": {
    "eq": "mock-unit-id",
  },
}
[90mstdout[2m | src/components/RecordingStudio3.stories.jsx[2m > [22m[2mStart From Scratch
[22m[39m[Mock Data] Grade.observeQuery() items before filter: 0
[90mstdout[2m | src/components/RecordingStudio3.stories.jsx[2m > [22m[2mStart From Scratch
[22m[39m[Mock Data] Grade.observeQuery() items after filter: 0
[90mstdout[2m | src/components/RecordingStudio3.stories.jsx[2m > [22m[2mStart From Scratch
[22m[39m[Mock Data] Grade.observeQuery() returning 0 items (filter applied) {
  "filter": {
    "unitID": {
      "eq": "mock-unit-id",
    },
  },
}
[90mstdout[2m | src/components/RecordingStudio3.stories.jsx[2m > [22m[2mStart From Scratch
[22m[39m[Mock Data] Grade subscription added. Total subscriptions: 1
[90mstdout[2m | src/components/RecordingStudio3.stories.jsx[2m > [22m[2mStart From Scratch
[22m[39m[UnitContext] useEffect triggered {
  "authLoading": false,
  "hasUser": true,
  "id": "mock-unit-id",
  "userSub": "mock-user-sub",
}
[90mstdout[2m | src/components/RecordingStudio3.stories.jsx[2m > [22m[2mStart From Scratch
[22m[39m[UnitContext] Fetching unit data for id: mock-unit-id
[90mstdout[2m | src/components/RecordingStudio3.stories.jsx[2m > [22m[2mStart From Scratch
[22m[39m[Mock Data] generateClient() called - returning mock client
[90mstdout[2m | src/components/RecordingStudio3.stories.jsx[2m > [22m[2mStart From Scratch
[22m[39m[Mock amplifyClient] getAmplifyClient() called - returning mock client
[90mstdout[2m | src/components/RecordingStudio3.stories.jsx[2m > [22m[2mStart From Scratch
[22m[39m[Mock Data] Unit.observeQuery() called with filter: {
  "filter": {
    "id": {
      "eq": "mock-unit-id",
    },
  },
}
[90mstdout[2m | src/components/RecordingStudio3.stories.jsx[2m > [22m[2mStart From Scratch
[22m[39m[Mock Data] Unit.observeQuery() applying filter: {
  "id": {
    "eq": "mock-unit-id",
  },
}
[90mstdout[2m | src/components/RecordingStudio3.stories.jsx[2m > [22m[2mStart From Scratch
[22m[39m[Mock Data] Unit.observeQuery() items before filter: 0
[90mstdout[2m | src/components/RecordingStudio3.stories.jsx[2m > [22m[2mStart From Scratch
[22m[39m[Mock Data] Unit.observeQuery() items after filter: 0
[90mstdout[2m | src/components/RecordingStudio3.stories.jsx[2m > [22m[2mStart From Scratch
[22m[39m[Mock Data] Unit.observeQuery() returning 0 items (filter applied) {
  "filter": {
    "id": {
      "eq": "mock-unit-id",
    },
  },
}
[90mstdout[2m | src/components/RecordingStudio3.stories.jsx[2m > [22m[2mStart From Scratch
[22m[39m[Mock Data] Unit subscription added. Total subscriptions: 1
[90mstdout[2m | src/components/RecordingStudio3.stories.jsx[2m > [22m[2mStart From Scratch
[22m[39m[Mock Data] generateClient() called - returning mock client
[90mstdout[2m | src/components/RecordingStudio3.stories.jsx[2m > [22m[2mStart From Scratch
[22m[39m[Mock amplifyClient] getAmplifyClient() called - returning mock client
[90mstdout[2m | src/components/RecordingStudio3.stories.jsx[2m > [22m[2mStart From Scratch
[22m[39m[Mock Data] Word.observeQuery() called with filter: undefined
[90mstdout[2m | src/components/RecordingStudio3.stories.jsx[2m > [22m[2mStart From Scratch
[22m[39m[Mock Data] Word.observeQuery() returning 0 items (filter applied) undefined
[90mstdout[2m | src/components/RecordingStudio3.stories.jsx[2m > [22m[2mStart From Scratch
[22m[39m[Mock Data] Word subscription added. Total subscriptions: 1
[90mstdout[2m | src/components/RecordingStudio3.stories.jsx[2m > [22m[2mStart From Scratch
[22m[39m[Mock Data] generateClient() called - returning mock client
[90mstdout[2m | src/components/RecordingStudio3.stories.jsx[2m > [22m[2mStart From Scratch
[22m[39m[Mock amplifyClient] getAmplifyClient() called - returning mock client
[90mstdout[2m | src/components/RecordingStudio3.stories.jsx[2m > [22m[2mStart From Scratch
[22m[39m[Mock Data] Question.observeQuery() called with filter: undefined
[90mstdout[2m | src/components/RecordingStudio3.stories.jsx[2m > [22m[2mStart From Scratch
[22m[39m[Mock Data] Question.observeQuery() returning 0 items (filter applied) undefined
[90mstdout[2m | src/components/RecordingStudio3.stories.jsx[2m > [22m[2mStart From Scratch
[22m[39m[Mock Data] Question subscription added. Total subscriptions: 1
[90mstdout[2m | src/components/RecordingStudio3.stories.jsx[2m > [22m[2mStart From Scratch
[22m[39m[FilesContext] Initializing vector store from IndexedDB
[90mstdout[2m | src/components/RecordingStudio3.stories.jsx[2m > [22m[2mStart From Scratch
[22m[39m[FilesContext] fetchFiles called
[90mstdout[2m | src/components/RecordingStudio3.stories.jsx[2m > [22m[2mStart From Scratch
[22m[39m[FilesContext] User authenticated: mock-user-sub
[90mstdout[2m | src/components/RecordingStudio3.stories.jsx[2m > [22m[2mStart From Scratch
[22m[39m[FilesContext] Identity ID: us-east-1:mock-identity-123
[90mstdout[2m | src/components/RecordingStudio3.stories.jsx[2m > [22m[2mStart From Scratch
[22m[39m[FilesContext] About to subscribe to File model
[90mstdout[2m | src/components/RecordingStudio3.stories.jsx[2m > [22m[2mStart From Scratch
[22m[39m[Mock Data] generateClient() called - returning mock client
[90mstdout[2m | src/components/RecordingStudio3.stories.jsx[2m > [22m[2mStart From Scratch
[22m[39m[Mock amplifyClient] getAmplifyClient() called - returning mock client
[90mstdout[2m | src/components/RecordingStudio3.stories.jsx[2m > [22m[2mStart From Scratch
[22m[39m[Mock Data] File.observeQuery() called with filter: undefined
[90mstdout[2m | src/components/RecordingStudio3.stories.jsx[2m > [22m[2mStart From Scratch
[22m[39m[Mock Data] File.observeQuery() returning 6 items (filter applied) undefined
[90mstdout[2m | src/components/RecordingStudio3.stories.jsx[2m > [22m[2mStart From Scratch
[22m[39m[Mock Data] File subscription added. Total subscriptions: 1
[90mstdout[2m | src/components/RecordingStudio3.stories.jsx[2m > [22m[2mStart From Scratch
[22m[39m[Mock Data] generateClient() called - returning mock client
[90mstdout[2m | src/components/RecordingStudio3.stories.jsx[2m > [22m[2mStart From Scratch
[22m[39m[Mock amplifyClient] getAmplifyClient() called - returning mock client
[90mstdout[2m | src/components/RecordingStudio3.stories.jsx[2m > [22m[2mStart From Scratch
[22m[39m[Mock Data] Document.observeQuery() called with filter: undefined
[90mstdout[2m | src/components/RecordingStudio3.stories.jsx[2m > [22m[2mStart From Scratch
[22m[39m[Mock Data] Document.observeQuery() returning 0 items (filter applied) undefined
[90mstdout[2m | src/components/RecordingStudio3.stories.jsx[2m > [22m[2mStart From Scratch
[22m[39m[Mock Data] Document subscription added. Total subscriptions: 1
[90mstdout[2m | src/components/RecordingStudio3.stories.jsx[2m > [22m[2mStart From Scratch
[22m[39m[ChatContext] Setting up observeQuery for AssistantChat
[90mstdout[2m | src/components/RecordingStudio3.stories.jsx[2m > [22m[2mStart From Scratch
[22m[39m[Mock Data] AssistantChat.observeQuery() called with filter: {
  "sortDirection": "DESC",
  "sortField": "createdAt",
}
[90mstdout[2m | src/components/RecordingStudio3.stories.jsx[2m > [22m[2mStart From Scratch
[22m[39m[Mock Data] AssistantChat.observeQuery() returning 1 items (filter applied) {
  "sortDirection": "DESC",
  "sortField": "createdAt",
}
[90mstdout[2m | src/components/RecordingStudio3.stories.jsx[2m > [22m[2mStart From Scratch
[22m[39m[Mock Data] AssistantChat subscription added. Total subscriptions: 1
[90mstdout[2m | src/components/RecordingStudio3.stories.jsx[2m > [22m[2mStart From Scratch
[22m[39m[ChatContext] Waiting for subscription to initialize
[90mstdout[2m | src/components/RecordingStudio3.stories.jsx[2m > [22m[2mStart From Scratch
[22m[39m[SettingsContext] Setting up Settings subscription for user: mock-user-sub
[90mstdout[2m | src/components/RecordingStudio3.stories.jsx[2m > [22m[2mStart From Scratch
[22m[39m[Mock Data] generateClient() called - returning mock client
[90mstdout[2m | src/components/RecordingStudio3.stories.jsx[2m > [22m[2mStart From Scratch
[22m[39m[Mock amplifyClient] getAmplifyClient() called - returning mock client
[90mstdout[2m | src/components/RecordingStudio3.stories.jsx[2m > [22m[2mStart From Scratch
[22m[39m[Mock Data] Settings.observeQuery() called with filter: undefined
[90mstdout[2m | src/components/RecordingStudio3.stories.jsx[2m > [22m[2mStart From Scratch
[22m[39m[Mock Data] Settings.observeQuery() returning 0 items (filter applied) undefined
[90mstdout[2m | src/components/RecordingStudio3.stories.jsx[2m > [22m[2mStart From Scratch
[22m[39m[Mock Data] Settings subscription added. Total subscriptions: 1
[90mstdout[2m | src/components/RecordingStudio3.stories.jsx[2m > [22m[2mStart From Scratch
[22m[39m[SectionContext] Initial sections: 0 []
[90mstdout[2m | src/components/RecordingStudio3.stories.jsx[2m > [22m[2mStart From Scratch
[22m[39m[Mock Data] Section.onCreate() called with filter: undefined
[90mstdout[2m | src/components/RecordingStudio3.stories.jsx[2m > [22m[2mStart From Scratch
[22m[39m[Mock Data] Section.onCreate() subscription added. Total: 1
[90mstdout[2m | src/components/RecordingStudio3.stories.jsx[2m > [22m[2mStart From Scratch
[22m[39m[Mock Data] Section.onUpdate() called with filter: undefined
[90mstdout[2m | src/components/RecordingStudio3.stories.jsx[2m > [22m[2mStart From Scratch
[22m[39m[Mock Data] Section.onUpdate() subscription added. Total: 1
[90mstdout[2m | src/components/RecordingStudio3.stories.jsx[2m > [22m[2mStart From Scratch
[22m[39m[Mock Data] Section.onDelete() called with filter: undefined
[90mstdout[2m | src/components/RecordingStudio3.stories.jsx[2m > [22m[2mStart From Scratch
[22m[39m[Mock Data] Section.onDelete() subscription added. Total: 1
[90mstdout[2m | src/components/RecordingStudio3.stories.jsx[2m > [22m[2mStart From Scratch
[22m[39m[Mock Data] Assignment.onCreate() called with filter: {
  "filter": {
    "unitID": {
      "eq": "mock-unit-id",
    },
  },
}
[90mstdout[2m | src/components/RecordingStudio3.stories.jsx[2m > [22m[2mStart From Scratch
[22m[39m[Mock Data] Assignment.onCreate() subscription added. Total: 1
[90mstdout[2m | src/components/RecordingStudio3.stories.jsx[2m > [22m[2mStart From Scratch
[22m[39m[Mock Data] Assignment.onUpdate() called with filter: {
  "filter": {
    "unitID": {
      "eq": "mock-unit-id",
    },
  },
}
[90mstdout[2m | src/components/RecordingStudio3.stories.jsx[2m > [22m[2mStart From Scratch
[22m[39m[Mock Data] Assignment.onUpdate() subscription added. Total: 1
[90mstdout[2m | src/components/RecordingStudio3.stories.jsx[2m > [22m[2mStart From Scratch
[22m[39m[Mock Data] Assignment.onDelete() called with filter: {
  "filter": {
    "unitID": {
      "eq": "mock-unit-id",
    },
  },
}
[90mstdout[2m | src/components/RecordingStudio3.stories.jsx[2m > [22m[2mStart From Scratch
[22m[39m[Mock Data] Assignment.onDelete() subscription added. Total: 1
[90mstdout[2m | src/components/RecordingStudio3.stories.jsx[2m > [22m[2mStart From Scratch
[22m[39m[FilesContext] File observeQuery subscription triggered:
[90mstdout[2m | src/components/RecordingStudio3.stories.jsx[2m > [22m[2mStart From Scratch
[22m[39m  - items.length: 6
[90mstdout[2m | src/components/RecordingStudio3.stories.jsx[2m > [22m[2mStart From Scratch
[22m[39m  - isSynced: true
[90mstdout[2m | src/components/RecordingStudio3.stories.jsx[2m > [22m[2mStart From Scratch
[22m[39m  - items: [
  {
    "_deleted": null,
    "_lastChangedAt": 1767711773285,
    "_version": 1,
    "byHex": null,
    "createdAt": "2026-01-06T15:02:53.253Z",
    "description": "Japanese language textbook - Chapter 1",
    "document": Promise {},
    "documentID": "e01017e1-fe7a-4521-b71c-09ec31b18639",
    "duration": null,
    "embedding": null,
    "generated": null,
    "hex": null,
    "id": "a57d7833-5fa7-4cb7-8b7a-ce7c6e10e551",
    "identityId": "us-east-1:b0eadde9-f02c-c71b-17a6-22ffd37d89c8",
    "key": "files/Japanese Wind 1.pdf",
    "level": "protected",
    "mimeType": "application/pdf",
    "model": null,
    "name": "Japanese Wind 1.pdf",
    "owner": "64d81418-7021-701d-9fed-a4c2e0735711",
    "parsedContent": [Function anonymous],
    "parsedContentID": null,
    "path": "files/Japanese Wind 1.pdf",
    "prompt": null,
    "size": 4706654,
    "thumbnail": null,
    "type": "pdf",
    "updatedAt": "2026-01-06T15:02:53.253Z",
    "variant": null,
    "waveformData": null,
  },
  {
    "_version": 2,
    "createdAt": "2026-01-15T10:00:00.000Z",
    "description": "Sample report with vocabulary",
    "document": Promise {},
    "documentID": "cd824b5b-2c66-41f8-8571-aa6794ff590c",
    "generated": false,
    "id": "mock-pdf-file-2",
    "identityId": "us-east-1:mock-identity",
    "key": "files/report.pdf",
    "level": "protected",
    "mimeType": "application/pdf",
    "name": "report.pdf",
    "owner": "mock-user-id",
    "parsedContent": [Function anonymous],
    "path": "files/report.pdf",
    "size": 123456,
    "type": "pdf",
    "updatedAt": "2026-01-15T10:30:00.000Z",
  },
  {
    "_version": 3,
    "createdAt": "2026-01-14T08:00:00.000Z",
    "description": "Vocabulary lesson PDF with extracted content",
    "document": Promise {},
    "documentID": "mock-document-3",
    "generated": false,
    "id": "mock-pdf-file-3",
    "identityId": "us-east-1:mock-identity",
    "key": "files/vocabulary-lesson.pdf",
    "level": "public",
    "mimeType": "application/pdf",
    "name": "vocabulary-lesson.pdf",
    "owner": "mock-user-id",
    "parsedContent": [Function anonymous],
    "path": "files/vocabulary-lesson.pdf",
    "size": 567890,
    "type": "pdf",
    "updatedAt": "2026-01-14T08:45:00.000Z",
  },
  {
    "_version": 1,
    "createdAt": "2026-01-20T10:00:00.000Z",
    "description": "Sample pronunciation audio",
    "documentID": null,
    "duration": 3.5,
    "generated": true,
    "id": "mock-audio-file-1",
    "identityId": "us-east-1:mock-identity",
    "key": "audio/pronunciation-demo.mp3",
    "level": "public",
    "mimeType": "audio/mpeg",
    "name": "pronunciation-demo.mp3",
    "owner": "mock-user-id",
    "parsedContent": [Function anonymous],
    "path": "/story-mocks/cinematic-designed-sci-fi-whoosh-transition-nexawave-228295.mp3",
    "size": 56789,
    "type": "audio",
    "updatedAt": "2026-01-20T10:00:00.000Z",
    "waveformData": null,
  },
  {
    "_version": 1,
    "createdAt": "2026-01-19T14:30:00.000Z",
    "description": "Lesson introduction audio",
    "documentID": null,
    "duration": 5.2,
    "generated": false,
    "id": "mock-audio-file-2",
    "identityId": "us-east-1:mock-identity",
    "key": "audio/lesson-intro.mp3",
    "level": "public",
    "mimeType": "audio/mpeg",
    "name": "lesson-intro.mp3",
    "owner": "mock-user-id",
    "parsedContent": [Function anonymous],
    "path": "/story-mocks/descent-whoosh-long-cinematic-sound-effect-405921.mp3",
    "size": 87654,
    "type": "audio",
    "updatedAt": "2026-01-19T14:30:00.000Z",
    "waveformData": null,
  },
  {
    "_version": 1,
    "createdAt": "2026-01-18T09:15:00.000Z",
    "description": "Hiragana character chart",
    "documentID": null,
    "generated": false,
    "id": "mock-image-file-1",
    "identityId": "us-east-1:mock-identity",
    "key": "images/hiragana-chart.png",
    "level": "public",
    "mimeType": "image/png",
    "name": "hiragana-chart.png",
    "owner": "mock-user-id",
    "parsedContent": [Function anonymous],
    "path": "images/hiragana-chart.png",
    "size": 234567,
    "thumbnail": "thumbnails/hiragana-chart-thumb.png",
    "type": "image",
    "updatedAt": "2026-01-18T09:15:00.000Z",
  },
]
[90mstdout[2m | src/components/RecordingStudio3.stories.jsx[2m > [22m[2mStart From Scratch
[22m[39m[ChatContext] AssistantChat query update: 1 items (synced)
[90mstdout[2m | src/components/RecordingStudio3.stories.jsx[2m > [22m[2mStart From Scratch
[22m[39m[ChatContext] First item details: {
  "id": "mock-assistant-chat-1",
  "updatedAt": "2024-01-26T10:15:00.000Z",
}
[90mstdout[2m | src/components/RecordingStudio3.stories.jsx[2m > [22m[2mStart From Scratch
[22m[39m[ChatContext] AssistantChat subscription initialized
[90mstdout[2m | src/components/RecordingStudio3.stories.jsx[2m > [22m[2mStart From Scratch
[22m[39m[ChatContext] AssistantChat list updated: 1 chats
[90mstdout[2m | src/components/RecordingStudio3.stories.jsx[2m > [22m[2mStart From Scratch
[22m[39m[ChatContext] Setting initial chat: mock-assistant-chat-1
[90mstdout[2m | src/components/RecordingStudio3.stories.jsx[2m > [22m[2mStart From Scratch
[22m[39m[FilesContext] Files count changed: 0 → 6
[90mstdout[2m | src/components/RecordingStudio3.stories.jsx[2m > [22m[2mStart From Scratch
[22m[39m[MOCK CourseVectorStore] Initialized with mock data
[90mstdout[2m | src/components/RecordingStudio3.stories.jsx[2m > [22m[2mStart From Scratch
[22m[39m[MOCK CourseVectorStore] Initialized with mock data
[90mstdout[2m | src/components/RecordingStudio3.stories.jsx[2m > [22m[2mStart From Scratch
[22m[39m[useTranslationWithCapture] t() called: {
  "key": "recordingStudio3.importJson",
  "mode": "off",
  "namespace": "components",
  "value": "Import JSON",
}
[90mstdout[2m | src/components/RecordingStudio3.stories.jsx[2m > [22m[2mStart From Scratch
[22m[39m[useTranslationWithCapture] t() called: {
  "key": "recordingStudio3.exportJson",
  "mode": "off",
  "namespace": "components",
  "value": "Export JSON",
}
[90mstdout[2m | src/components/RecordingStudio3.stories.jsx[2m > [22m[2mStart From Scratch
[22m[39m[useTranslationWithCapture] t() called: {
  "key": "recordingStudio3.script",
  "mode": "off",
  "namespace": "components",
  "value": "Script",
}
[90mstdout[2m | src/components/RecordingStudio3.stories.jsx[2m > [22m[2mStart From Scratch
[22m[39m[useTranslationWithCapture] t() called: {
  "key": "recordingStudio3.addLine",
  "mode": "off",
  "namespace": "components",
  "value": "Add Line",
}
[90mstdout[2m | src/components/RecordingStudio3.stories.jsx[2m > [22m[2mStart From Scratch
[22m[39m[useTranslationWithCapture] t() called: {
  "key": "recordingStudio3.timeline",
  "mode": "off",
  "namespace": "components",
  "value": "Timeline",
}
[90mstdout[2m | src/components/RecordingStudio3.stories.jsx[2m > [22m[2mStart From Scratch
[22m[39m[useTranslationWithCapture] t() called: {
  "key": "recordingStudio3.speakers",
  "mode": "off",
  "namespace": "components",
  "value": "Speakers",
}
[90mstdout[2m | src/components/RecordingStudio3.stories.jsx[2m > [22m[2mStart From Scratch
[22m[39m[useTranslationWithCapture] t() called: {
  "key": "recordingStudio3.add",
  "mode": "off",
  "namespace": "components",
  "value": "Add",
}
[90mstdout[2m | src/components/RecordingStudio3.stories.jsx[2m > [22m[2mStart From Scratch
[22m[39m[useTranslationWithCapture] t() called: {
  "key": "recordingStudio3.generateAllMissing",
  "mode": "off",
  "namespace": "components",
  "value": "Generate All Missing TTS",
}
[90mstdout[2m | src/components/RecordingStudio3.stories.jsx[2m > [22m[2mStart From Scratch
[22m[39m[Mock Data] Settings.create() called with: {
  "assistantVoice": "shimmer",
  "autoAnalyzeDocuments": true,
  "defaultAIModel": "gpt-4",
  "documentAnalysisModel": "gpt-4",
  "editorFontSize": 14,
  "editorTheme": "auto",
  "emailNotifications": true,
  "language": "en",
  "webhookNotifications": false,
}
[90mstdout[2m | src/components/RecordingStudio3.stories.jsx[2m > [22m[2mStart From Scratch
[22m[39m[Mock Data] Settings created: mock-settings-1776336990045 - notified 1 subscribers
[90mstdout[2m | src/components/RecordingStudio3.stories.jsx[2m > [22m[2mStart From Scratch
[22m[39m[FilesContext] Vector store population triggered {
  "currentVectorStoreSize": 3,
  "documentsCount": 0,
  "filesCount": 6,
  "isInitialLoad": true,
}
[90mstdout[2m | src/components/RecordingStudio3.stories.jsx[2m > [22m[2mStart From Scratch
[22m[39m[FilesContext] Vector store population complete - 3 total embeddings
[90mstdout[2m | src/components/RecordingStudio3.stories.jsx[2m > [22m[2mStart From Scratch
[22m[39m[ChatContext] Chat exists and not archived, skipping creation
[90mstdout[2m | src/components/RecordingStudio3.stories.jsx[2m > [22m[2mInteractive
[22m[39m[Mock Data] Settings subscription unsubscribed. Remaining: 0
[90mstdout[2m | src/components/RecordingStudio3.stories.jsx[2m > [22m[2mInteractive
[22m[39m[ChatContext] Cleaning up subscription
[90mstdout[2m | src/components/RecordingStudio3.stories.jsx[2m > [22m[2mInteractive
[22m[39m[Mock Data] AssistantChat subscription unsubscribed. Remaining: 0
[90mstdout[2m | src/components/RecordingStudio3.stories.jsx[2m > [22m[2mInteractive
[22m[39m[Mock Data] File subscription unsubscribed. Remaining: 0
[90mstdout[2m | src/components/RecordingStudio3.stories.jsx[2m > [22m[2mInteractive
[22m[39m[Mock Data] Document subscription unsubscribed. Remaining: 0
[90mstdout[2m | src/components/RecordingStudio3.stories.jsx[2m > [22m[2mInteractive
[22m[39m[Mock Data] Word subscription unsubscribed. Remaining: 0
[90mstdout[2m | src/components/RecordingStudio3.stories.jsx[2m > [22m[2mInteractive
[22m[39m[Mock Data] Question subscription unsubscribed. Remaining: 0
[90mstdout[2m | src/components/RecordingStudio3.stories.jsx[2m > [22m[2mInteractive
[22m[39m[Mock Data] Grade subscription unsubscribed. Remaining: 0
[90mstdout[2m | src/components/RecordingStudio3.stories.jsx[2m > [22m[2mInteractive
[22m[39m[Mock Data] Unit subscription unsubscribed. Remaining: 0
[90mstdout[2m | src/components/RecordingStudio3.stories.jsx[2m > [22m[2mInteractive
[22m[39m[SectionContext] Cleaning up subscriptions
[90mstdout[2m | src/components/RecordingStudio3.stories.jsx[2m > [22m[2mInteractive
[22m[39m[Mock Data] Section.onCreate() subscription removed. Remaining: 0
[90mstdout[2m | src/components/RecordingStudio3.stories.jsx[2m > [22m[2mInteractive
[22m[39m[Mock Data] Section.onUpdate() subscription removed. Remaining: 0
[90mstdout[2m | src/components/RecordingStudio3.stories.jsx[2m > [22m[2mInteractive
[22m[39m[Mock Data] Section.onDelete() subscription removed. Remaining: 0
[90mstdout[2m | src/components/RecordingStudio3.stories.jsx[2m > [22m[2mInteractive
[22m[39m[Mock Data] Assignment.onCreate() subscription removed. Remaining: 0
[90mstdout[2m | src/components/RecordingStudio3.stories.jsx[2m > [22m[2mInteractive
[22m[39m[Mock Data] Assignment.onUpdate() subscription removed. Remaining: 0
[90mstdout[2m | src/components/RecordingStudio3.stories.jsx[2m > [22m[2mInteractive
[22m[39m[Mock Data] Assignment.onDelete() subscription removed. Remaining: 0
[90mstdout[2m | src/components/RecordingStudio3.stories.jsx[2m > [22m[2mInteractive
[22m[39m[Mock Data] Clearing all data stores
[90mstdout[2m | src/components/RecordingStudio3.stories.jsx[2m > [22m[2mInteractive
[22m[39m[Mock Data] All data stores cleared
[90mstdout[2m | src/components/RecordingStudio3.stories.jsx[2m > [22m[2mInteractive
[22m[39m[Preview] Cleared mock data for story
[90mstdout[2m | src/components/RecordingStudio3.stories.jsx[2m > [22m[2mInteractive
[22m[39m[Mock Data Gen 2] Initializing mock data
[90mstdout[2m | src/components/RecordingStudio3.stories.jsx[2m > [22m[2mInteractive
[22m[39m[Mock Data] seedMockAssistantChats: Replacing with 1 assistant chats
[90mstdout[2m | src/components/RecordingStudio3.stories.jsx[2m > [22m[2mInteractive
[22m[39m[Mock Data Gen 2] Seeded AssistantChat: mock-assistant-chat-1
[90mstdout[2m | src/components/RecordingStudio3.stories.jsx[2m > [22m[2mInteractive
[22m[39m[Mock Data] seedMockFiles: Adding 6 files
[90mstdout[2m | src/components/RecordingStudio3.stories.jsx[2m > [22m[2mInteractive
[22m[39m[Mock Data Gen 2] Seeded Files: 6
[90mstdout[2m | src/components/RecordingStudio3.stories.jsx[2m > [22m[2mInteractive
[22m[39m[Mock Data Gen 2] Initializing mock data
[90mstdout[2m | src/components/RecordingStudio3.stories.jsx[2m > [22m[2mInteractive
[22m[39m[Mock Data] seedMockAssistantChats: Replacing with 1 assistant chats
[90mstdout[2m | src/components/RecordingStudio3.stories.jsx[2m > [22m[2mInteractive
[22m[39m[Mock Data Gen 2] Seeded AssistantChat: mock-assistant-chat-1
[90mstdout[2m | src/components/RecordingStudio3.stories.jsx[2m > [22m[2mInteractive
[22m[39m[Mock Data] seedMockFiles: Adding 6 files
[90mstdout[2m | src/components/RecordingStudio3.stories.jsx[2m > [22m[2mInteractive
[22m[39m[Mock Data Gen 2] Seeded Files: 6
[90mstdout[2m | src/components/RecordingStudio3.stories.jsx[2m > [22m[2mInteractive
[22m[39m[Preview] Initialized default mock data for story
[90mstdout[2m | src/components/RecordingStudio3.stories.jsx[2m > [22m[2mInteractive
[22m[39m[Mock AuthContext] Providing auth: {
  "error": undefined,
  "isLoading": false,
  "session": {
    "idToken": {
      "toString": [Function toString],
    },
    "identityId": "us-east-1:mock-identity-123",
    "username": "mock-user-sub",
  },
  "user": {
    "attributes": {
      "email": "alice@example.com",
      "name": "Alice Student",
      "sub": "mock-user-sub",
    },
  },
}
[90mstdout[2m | src/components/RecordingStudio3.stories.jsx[2m > [22m[2mInteractive
[22m[39m[Mock Data] generateClient() called - returning mock client
[90mstdout[2m | src/components/RecordingStudio3.stories.jsx[2m > [22m[2mInteractive
[22m[39m[Mock amplifyClient] getAmplifyClient() called - returning mock client
[90mstdout[2m | src/components/RecordingStudio3.stories.jsx[2m > [22m[2mInteractive
[22m[39m[MOCK CourseVectorStore] Initialized with mock data
[90mstdout[2m | src/components/RecordingStudio3.stories.jsx[2m > [22m[2mInteractive
[22m[39m[TranslationModeController] Setting mode to: off
[90mstdout[2m | src/components/RecordingStudio3.stories.jsx[2m > [22m[2mInteractive
[22m[39m[SectionContext] useEffect triggered {
  "authLoading": false,
  "hasUser": true,
  "userSub": "mock-user-sub",
}
[90mstdout[2m | src/components/RecordingStudio3.stories.jsx[2m > [22m[2mInteractive
[22m[39m[SectionContext] Fetching sections for userId: mock-user-sub
[90mstdout[2m | src/components/RecordingStudio3.stories.jsx[2m > [22m[2mInteractive
[22m[39m[Mock Data] generateClient() called - returning mock client
[90mstdout[2m | src/components/RecordingStudio3.stories.jsx[2m > [22m[2mInteractive
[22m[39m[Mock amplifyClient] getAmplifyClient() called - returning mock client
[90mstdout[2m | src/components/RecordingStudio3.stories.jsx[2m > [22m[2mInteractive
[22m[39m[Mock Data] Section.list() called with options: undefined
[90mstdout[2m | src/components/RecordingStudio3.stories.jsx[2m > [22m[2mInteractive
[22m[39m[Mock Data] generateClient() called - returning mock client
[90mstdout[2m | src/components/RecordingStudio3.stories.jsx[2m > [22m[2mInteractive
[22m[39m[Mock amplifyClient] getAmplifyClient() called - returning mock client
[90mstdout[2m | src/components/RecordingStudio3.stories.jsx[2m > [22m[2mInteractive
[22m[39m[Mock Data] Assignment.list() called with options: {
  "filter": {
    "unitID": {
      "eq": "mock-unit-id",
    },
  },
}
[90mstdout[2m | src/components/RecordingStudio3.stories.jsx[2m > [22m[2mInteractive
[22m[39m[Mock Data] generateClient() called - returning mock client
[90mstdout[2m | src/components/RecordingStudio3.stories.jsx[2m > [22m[2mInteractive
[22m[39m[Mock amplifyClient] getAmplifyClient() called - returning mock client
[90mstdout[2m | src/components/RecordingStudio3.stories.jsx[2m > [22m[2mInteractive
[22m[39m[Mock Data] Grade.observeQuery() called with filter: {
  "filter": {
    "unitID": {
      "eq": "mock-unit-id",
    },
  },
}
[90mstdout[2m | src/components/RecordingStudio3.stories.jsx[2m > [22m[2mInteractive
[22m[39m[Mock Data] Grade.observeQuery() applying filter: {
  "unitID": {
    "eq": "mock-unit-id",
  },
}
[90mstdout[2m | src/components/RecordingStudio3.stories.jsx[2m > [22m[2mInteractive
[22m[39m[Mock Data] Grade.observeQuery() items before filter: 0
[90mstdout[2m | src/components/RecordingStudio3.stories.jsx[2m > [22m[2mInteractive
[22m[39m[Mock Data] Grade.observeQuery() items after filter: 0
[90mstdout[2m | src/components/RecordingStudio3.stories.jsx[2m > [22m[2mInteractive
[22m[39m[Mock Data] Grade.observeQuery() returning 0 items (filter applied) {
  "filter": {
    "unitID": {
      "eq": "mock-unit-id",
    },
  },
}
[90mstdout[2m | src/components/RecordingStudio3.stories.jsx[2m > [22m[2mInteractive
[22m[39m[Mock Data] Grade subscription added. Total subscriptions: 1
[90mstdout[2m | src/components/RecordingStudio3.stories.jsx[2m > [22m[2mInteractive
[22m[39m[UnitContext] useEffect triggered {
  "authLoading": false,
  "hasUser": true,
  "id": "mock-unit-id",
  "userSub": "mock-user-sub",
}
[90mstdout[2m | src/components/RecordingStudio3.stories.jsx[2m > [22m[2mInteractive
[22m[39m[UnitContext] Fetching unit data for id: mock-unit-id
[90mstdout[2m | src/components/RecordingStudio3.stories.jsx[2m > [22m[2mInteractive
[22m[39m[Mock Data] generateClient() called - returning mock client
[90mstdout[2m | src/components/RecordingStudio3.stories.jsx[2m > [22m[2mInteractive
[22m[39m[Mock amplifyClient] getAmplifyClient() called - returning mock client
[90mstdout[2m | src/components/RecordingStudio3.stories.jsx[2m > [22m[2mInteractive
[22m[39m[Mock Data] Unit.observeQuery() called with filter: {
  "filter": {
    "id": {
      "eq": "mock-unit-id",
    },
  },
}
[90mstdout[2m | src/components/RecordingStudio3.stories.jsx[2m > [22m[2mInteractive
[22m[39m[Mock Data] Unit.observeQuery() applying filter: {
  "id": {
    "eq": "mock-unit-id",
  },
}
[90mstdout[2m | src/components/RecordingStudio3.stories.jsx[2m > [22m[2mInteractive
[22m[39m[Mock Data] Unit.observeQuery() items before filter: 0
[90mstdout[2m | src/components/RecordingStudio3.stories.jsx[2m > [22m[2mInteractive
[22m[39m[Mock Data] Unit.observeQuery() items after filter: 0
[90mstdout[2m | src/components/RecordingStudio3.stories.jsx[2m > [22m[2mInteractive
[22m[39m[Mock Data] Unit.observeQuery() returning 0 items (filter applied) {
  "filter": {
    "id": {
      "eq": "mock-unit-id",
    },
  },
}
[90mstdout[2m | src/components/RecordingStudio3.stories.jsx[2m > [22m[2mInteractive
[22m[39m[Mock Data] Unit subscription added. Total subscriptions: 1
[90mstdout[2m | src/components/RecordingStudio3.stories.jsx[2m > [22m[2mInteractive
[22m[39m[Mock Data] generateClient() called - returning mock client
[90mstdout[2m | src/components/RecordingStudio3.stories.jsx[2m > [22m[2mInteractive
[22m[39m[Mock amplifyClient] getAmplifyClient() called - returning mock client
[90mstdout[2m | src/components/RecordingStudio3.stories.jsx[2m > [22m[2mInteractive
[22m[39m[Mock Data] Word.observeQuery() called with filter: undefined
[90mstdout[2m | src/components/RecordingStudio3.stories.jsx[2m > [22m[2mInteractive
[22m[39m[Mock Data] Word.observeQuery() returning 0 items (filter applied) undefined
[90mstdout[2m | src/components/RecordingStudio3.stories.jsx[2m > [22m[2mInteractive
[22m[39m[Mock Data] Word subscription added. Total subscriptions: 1
[90mstdout[2m | src/components/RecordingStudio3.stories.jsx[2m > [22m[2mInteractive
[22m[39m[Mock Data] generateClient() called - returning mock client
[90mstdout[2m | src/components/RecordingStudio3.stories.jsx[2m > [22m[2mInteractive
[22m[39m[Mock amplifyClient] getAmplifyClient() called - returning mock client
[90mstdout[2m | src/components/RecordingStudio3.stories.jsx[2m > [22m[2mInteractive
[22m[39m[Mock Data] Question.observeQuery() called with filter: undefined
[90mstdout[2m | src/components/RecordingStudio3.stories.jsx[2m > [22m[2mInteractive
[22m[39m[Mock Data] Question.observeQuery() returning 0 items (filter applied) undefined
[90mstdout[2m | src/components/RecordingStudio3.stories.jsx[2m > [22m[2mInteractive
[22m[39m[Mock Data] Question subscription added. Total subscriptions: 1
[90mstdout[2m | src/components/RecordingStudio3.stories.jsx[2m > [22m[2mInteractive
[22m[39m[FilesContext] Initializing vector store from IndexedDB
[90mstdout[2m | src/components/RecordingStudio3.stories.jsx[2m > [22m[2mInteractive
[22m[39m[FilesContext] fetchFiles called
[90mstdout[2m | src/components/RecordingStudio3.stories.jsx[2m > [22m[2mInteractive
[22m[39m[FilesContext] User authenticated: mock-user-sub
[90mstdout[2m | src/components/RecordingStudio3.stories.jsx[2m > [22m[2mInteractive
[22m[39m[FilesContext] Identity ID: us-east-1:mock-identity-123
[90mstdout[2m | src/components/RecordingStudio3.stories.jsx[2m > [22m[2mInteractive
[22m[39m[FilesContext] About to subscribe to File model
[90mstdout[2m | src/components/RecordingStudio3.stories.jsx[2m > [22m[2mInteractive
[22m[39m[Mock Data] generateClient() called - returning mock client
[90mstdout[2m | src/components/RecordingStudio3.stories.jsx[2m > [22m[2mInteractive
[22m[39m[Mock amplifyClient] getAmplifyClient() called - returning mock client
[90mstdout[2m | src/components/RecordingStudio3.stories.jsx[2m > [22m[2mInteractive
[22m[39m[Mock Data] File.observeQuery() called with filter: undefined
[90mstdout[2m | src/components/RecordingStudio3.stories.jsx[2m > [22m[2mInteractive
[22m[39m[Mock Data] File.observeQuery() returning 6 items (filter applied) undefined
[90mstdout[2m | src/components/RecordingStudio3.stories.jsx[2m > [22m[2mInteractive
[22m[39m[Mock Data] File subscription added. Total subscriptions: 1
[90mstdout[2m | src/components/RecordingStudio3.stories.jsx[2m > [22m[2mInteractive
[22m[39m[Mock Data] generateClient() called - returning mock client
[90mstdout[2m | src/components/RecordingStudio3.stories.jsx[2m > [22m[2mInteractive
[22m[39m[Mock amplifyClient] getAmplifyClient() called - returning mock client
[90mstdout[2m | src/components/RecordingStudio3.stories.jsx[2m > [22m[2mInteractive
[22m[39m[Mock Data] Document.observeQuery() called with filter: undefined
[90mstdout[2m | src/components/RecordingStudio3.stories.jsx[2m > [22m[2mInteractive
[22m[39m[Mock Data] Document.observeQuery() returning 0 items (filter applied) undefined
[90mstdout[2m | src/components/RecordingStudio3.stories.jsx[2m > [22m[2mInteractive
[22m[39m[Mock Data] Document subscription added. Total subscriptions: 1
[90mstdout[2m | src/components/RecordingStudio3.stories.jsx[2m > [22m[2mInteractive
[22m[39m[ChatContext] Setting up observeQuery for AssistantChat
[90mstdout[2m | src/components/RecordingStudio3.stories.jsx[2m > [22m[2mInteractive
[22m[39m[Mock Data] AssistantChat.observeQuery() called with filter: {
  "sortDirection": "DESC",
  "sortField": "createdAt",
}
[90mstdout[2m | src/components/RecordingStudio3.stories.jsx[2m > [22m[2mInteractive
[22m[39m[Mock Data] AssistantChat.observeQuery() returning 1 items (filter applied) {
  "sortDirection": "DESC",
  "sortField": "createdAt",
}
[90mstdout[2m | src/components/RecordingStudio3.stories.jsx[2m > [22m[2mInteractive
[22m[39m[Mock Data] AssistantChat subscription added. Total subscriptions: 1
[90mstdout[2m | src/components/RecordingStudio3.stories.jsx[2m > [22m[2mInteractive
[22m[39m[ChatContext] Waiting for subscription to initialize
[90mstdout[2m | src/components/RecordingStudio3.stories.jsx[2m > [22m[2mInteractive
[22m[39m[SettingsContext] Setting up Settings subscription for user: mock-user-sub
[90mstdout[2m | src/components/RecordingStudio3.stories.jsx[2m > [22m[2mInteractive
[22m[39m[Mock Data] generateClient() called - returning mock client
[90mstdout[2m | src/components/RecordingStudio3.stories.jsx[2m > [22m[2mInteractive
[22m[39m[Mock amplifyClient] getAmplifyClient() called - returning mock client
[90mstdout[2m | src/components/RecordingStudio3.stories.jsx[2m > [22m[2mInteractive
[22m[39m[Mock Data] Settings.observeQuery() called with filter: undefined
[90mstdout[2m | src/components/RecordingStudio3.stories.jsx[2m > [22m[2mInteractive
[22m[39m[Mock Data] Settings.observeQuery() returning 0 items (filter applied) undefined
[90mstdout[2m | src/components/RecordingStudio3.stories.jsx[2m > [22m[2mInteractive
[22m[39m[Mock Data] Settings subscription added. Total subscriptions: 1
[90mstdout[2m | src/components/RecordingStudio3.stories.jsx[2m > [22m[2mInteractive
[22m[39m[SectionContext] Initial sections: 0 []
[90mstdout[2m | src/components/RecordingStudio3.stories.jsx[2m > [22m[2mInteractive
[22m[39m[Mock Data] Section.onCreate() called with filter: undefined
[90mstdout[2m | src/components/RecordingStudio3.stories.jsx[2m > [22m[2mInteractive
[22m[39m[Mock Data] Section.onCreate() subscription added. Total: 1
[90mstdout[2m | src/components/RecordingStudio3.stories.jsx[2m > [22m[2mInteractive
[22m[39m[Mock Data] Section.onUpdate() called with filter: undefined
[90mstdout[2m | src/components/RecordingStudio3.stories.jsx[2m > [22m[2mInteractive
[22m[39m[Mock Data] Section.onUpdate() subscription added. Total: 1
[90mstdout[2m | src/components/RecordingStudio3.stories.jsx[2m > [22m[2mInteractive
[22m[39m[Mock Data] Section.onDelete() called with filter: undefined
[90mstdout[2m | src/components/RecordingStudio3.stories.jsx[2m > [22m[2mInteractive
[22m[39m[Mock Data] Section.onDelete() subscription added. Total: 1
[90mstdout[2m | src/components/RecordingStudio3.stories.jsx[2m > [22m[2mInteractive
[22m[39m[Mock Data] Assignment.onCreate() called with filter: {
  "filter": {
    "unitID": {
      "eq": "mock-unit-id",
    },
  },
}
[90mstdout[2m | src/components/RecordingStudio3.stories.jsx[2m > [22m[2mInteractive
[22m[39m[Mock Data] Assignment.onCreate() subscription added. Total: 1
[90mstdout[2m | src/components/RecordingStudio3.stories.jsx[2m > [22m[2mInteractive
[22m[39m[Mock Data] Assignment.onUpdate() called with filter: {
  "filter": {
    "unitID": {
      "eq": "mock-unit-id",
    },
  },
}
[90mstdout[2m | src/components/RecordingStudio3.stories.jsx[2m > [22m[2mInteractive
[22m[39m[Mock Data] Assignment.onUpdate() subscription added. Total: 1
[90mstdout[2m | src/components/RecordingStudio3.stories.jsx[2m > [22m[2mInteractive
[22m[39m[Mock Data] Assignment.onDelete() called with filter: {
  "filter": {
    "unitID": {
      "eq": "mock-unit-id",
    },
  },
}
[90mstdout[2m | src/components/RecordingStudio3.stories.jsx[2m > [22m[2mInteractive
[22m[39m[Mock Data] Assignment.onDelete() subscription added. Total: 1
[90mstdout[2m | src/components/RecordingStudio3.stories.jsx[2m > [22m[2mInteractive
[22m[39m[FilesContext] File observeQuery subscription triggered:
[90mstdout[2m | src/components/RecordingStudio3.stories.jsx[2m > [22m[2mInteractive
[22m[39m  - items.length: 6
[90mstdout[2m | src/components/RecordingStudio3.stories.jsx[2m > [22m[2mInteractive
[22m[39m  - isSynced: true
[90mstdout[2m | src/components/RecordingStudio3.stories.jsx[2m > [22m[2mInteractive
[22m[39m  - items: [
  {
    "_deleted": null,
    "_lastChangedAt": 1767711773285,
    "_version": 1,
    "byHex": null,
    "createdAt": "2026-01-06T15:02:53.253Z",
    "description": "Japanese language textbook - Chapter 1",
    "document": Promise {},
    "documentID": "e01017e1-fe7a-4521-b71c-09ec31b18639",
    "duration": null,
    "embedding": null,
    "generated": null,
    "hex": null,
    "id": "a57d7833-5fa7-4cb7-8b7a-ce7c6e10e551",
    "identityId": "us-east-1:b0eadde9-f02c-c71b-17a6-22ffd37d89c8",
    "key": "files/Japanese Wind 1.pdf",
    "level": "protected",
    "mimeType": "application/pdf",
    "model": null,
    "name": "Japanese Wind 1.pdf",
    "owner": "64d81418-7021-701d-9fed-a4c2e0735711",
    "parsedContent": [Function anonymous],
    "parsedContentID": null,
    "path": "files/Japanese Wind 1.pdf",
    "prompt": null,
    "size": 4706654,
    "thumbnail": null,
    "type": "pdf",
    "updatedAt": "2026-01-06T15:02:53.253Z",
    "variant": null,
    "waveformData": null,
  },
  {
    "_version": 2,
    "createdAt": "2026-01-15T10:00:00.000Z",
    "description": "Sample report with vocabulary",
    "document": Promise {},
    "documentID": "cd824b5b-2c66-41f8-8571-aa6794ff590c",
    "generated": false,
    "id": "mock-pdf-file-2",
    "identityId": "us-east-1:mock-identity",
    "key": "files/report.pdf",
    "level": "protected",
    "mimeType": "application/pdf",
    "name": "report.pdf",
    "owner": "mock-user-id",
    "parsedContent": [Function anonymous],
    "path": "files/report.pdf",
    "size": 123456,
    "type": "pdf",
    "updatedAt": "2026-01-15T10:30:00.000Z",
  },
  {
    "_version": 3,
    "createdAt": "2026-01-14T08:00:00.000Z",
    "description": "Vocabulary lesson PDF with extracted content",
    "document": Promise {},
    "documentID": "mock-document-3",
    "generated": false,
    "id": "mock-pdf-file-3",
    "identityId": "us-east-1:mock-identity",
    "key": "files/vocabulary-lesson.pdf",
    "level": "public",
    "mimeType": "application/pdf",
    "name": "vocabulary-lesson.pdf",
    "owner": "mock-user-id",
    "parsedContent": [Function anonymous],
    "path": "files/vocabulary-lesson.pdf",
    "size": 567890,
    "type": "pdf",
    "updatedAt": "2026-01-14T08:45:00.000Z",
  },
  {
    "_version": 1,
    "createdAt": "2026-01-20T10:00:00.000Z",
    "description": "Sample pronunciation audio",
    "documentID": null,
    "duration": 3.5,
    "generated": true,
    "id": "mock-audio-file-1",
    "identityId": "us-east-1:mock-identity",
    "key": "audio/pronunciation-demo.mp3",
    "level": "public",
    "mimeType": "audio/mpeg",
    "name": "pronunciation-demo.mp3",
    "owner": "mock-user-id",
    "parsedContent": [Function anonymous],
    "path": "/story-mocks/cinematic-designed-sci-fi-whoosh-transition-nexawave-228295.mp3",
    "size": 56789,
    "type": "audio",
    "updatedAt": "2026-01-20T10:00:00.000Z",
    "waveformData": null,
  },
  {
    "_version": 1,
    "createdAt": "2026-01-19T14:30:00.000Z",
    "description": "Lesson introduction audio",
    "documentID": null,
    "duration": 5.2,
    "generated": false,
    "id": "mock-audio-file-2",
    "identityId": "us-east-1:mock-identity",
    "key": "audio/lesson-intro.mp3",
    "level": "public",
    "mimeType": "audio/mpeg",
    "name": "lesson-intro.mp3",
    "owner": "mock-user-id",
    "parsedContent": [Function anonymous],
    "path": "/story-mocks/descent-whoosh-long-cinematic-sound-effect-405921.mp3",
    "size": 87654,
    "type": "audio",
    "updatedAt": "2026-01-19T14:30:00.000Z",
    "waveformData": null,
  },
  {
    "_version": 1,
    "createdAt": "2026-01-18T09:15:00.000Z",
    "description": "Hiragana character chart",
    "documentID": null,
    "generated": false,
    "id": "mock-image-file-1",
    "identityId": "us-east-1:mock-identity",
    "key": "images/hiragana-chart.png",
    "level": "public",
    "mimeType": "image/png",
    "name": "hiragana-chart.png",
    "owner": "mock-user-id",
    "parsedContent": [Function anonymous],
    "path": "images/hiragana-chart.png",
    "size": 234567,
    "thumbnail": "thumbnails/hiragana-chart-thumb.png",
    "type": "image",
    "updatedAt": "2026-01-18T09:15:00.000Z",
  },
]
[90mstdout[2m | src/components/RecordingStudio3.stories.jsx[2m > [22m[2mInteractive
[22m[39m[ChatContext] AssistantChat query update: 1 items (synced)
[90mstdout[2m | src/components/RecordingStudio3.stories.jsx[2m > [22m[2mInteractive
[22m[39m[ChatContext] First item details: {
  "id": "mock-assistant-chat-1",
  "updatedAt": "2024-01-26T10:15:00.000Z",
}
[90mstdout[2m | src/components/RecordingStudio3.stories.jsx[2m > [22m[2mInteractive
[22m[39m[ChatContext] AssistantChat subscription initialized
[90mstdout[2m | src/components/RecordingStudio3.stories.jsx[2m > [22m[2mInteractive
[22m[39m[ChatContext] AssistantChat list updated: 1 chats
[90mstdout[2m | src/components/RecordingStudio3.stories.jsx[2m > [22m[2mInteractive
[22m[39m[ChatContext] Setting initial chat: mock-assistant-chat-1
[90mstdout[2m | src/components/RecordingStudio3.stories.jsx[2m > [22m[2mInteractive
[22m[39m[FilesContext] Files count changed: 0 → 6
[90mstdout[2m | src/components/RecordingStudio3.stories.jsx[2m > [22m[2mInteractive
[22m[39m[MOCK CourseVectorStore] Initialized with mock data
[90mstdout[2m | src/components/RecordingStudio3.stories.jsx[2m > [22m[2mInteractive
[22m[39m[MOCK CourseVectorStore] Initialized with mock data
[90mstdout[2m | src/components/RecordingStudio3.stories.jsx[2m > [22m[2mInteractive
[22m[39m[useTranslationWithCapture] t() called: {
  "key": "recordingStudio3.importJson",
  "mode": "off",
  "namespace": "components",
  "value": "Import JSON",
}
[90mstdout[2m | src/components/RecordingStudio3.stories.jsx[2m > [22m[2mInteractive
[22m[39m[useTranslationWithCapture] t() called: {
  "key": "recordingStudio3.exportJson",
  "mode": "off",
  "namespace": "components",
  "value": "Export JSON",
}
[90mstdout[2m | src/components/RecordingStudio3.stories.jsx[2m > [22m[2mInteractive
[22m[39m[useTranslationWithCapture] t() called: {
  "key": "recordingStudio3.script",
  "mode": "off",
  "namespace": "components",
  "value": "Script",
}
[90mstdout[2m | src/components/RecordingStudio3.stories.jsx[2m > [22m[2mInteractive
[22m[39m[useTranslationWithCapture] t() called: {
  "key": "recordingStudio3.addLine",
  "mode": "off",
  "namespace": "components",
  "value": "Add Line",
}
[90mstdout[2m | src/components/RecordingStudio3.stories.jsx[2m > [22m[2mInteractive
[22m[39m[useTranslationWithCapture] t() called: {
  "key": "recordingStudio3.timeline",
  "mode": "off",
  "namespace": "components",
  "value": "Timeline",
}
[90mstdout[2m | src/components/RecordingStudio3.stories.jsx[2m > [22m[2mInteractive
[22m[39m[useTranslationWithCapture] t() called: {
  "key": "recordingStudio3.speakers",
  "mode": "off",
  "namespace": "components",
  "value": "Speakers",
}
[90mstdout[2m | src/components/RecordingStudio3.stories.jsx[2m > [22m[2mInteractive
[22m[39m[useTranslationWithCapture] t() called: {
  "key": "recordingStudio3.add",
  "mode": "off",
  "namespace": "components",
  "value": "Add",
}
[90mstdout[2m | src/components/RecordingStudio3.stories.jsx[2m > [22m[2mInteractive
[22m[39m[useTranslationWithCapture] t() called: {
  "key": "recordingStudio3.voice",
  "mode": "off",
  "namespace": "components",
  "value": "Voice",
}
[90mstdout[2m | src/components/RecordingStudio3.stories.jsx[2m > [22m[2mInteractive
[22m[39m[useTranslationWithCapture] t() called: {
  "key": "recordingStudio3.voice",
  "mode": "off",
  "namespace": "components",
  "value": "Voice",
}
[90mstdout[2m | src/components/RecordingStudio3.stories.jsx[2m > [22m[2mInteractive
[22m[39m[useTranslationWithCapture] t() called: {
  "key": "recordingStudio3.voice",
  "mode": "off",
  "namespace": "components",
  "value": "Voice",
}
[90mstdout[2m | src/components/RecordingStudio3.stories.jsx[2m > [22m[2mInteractive
[22m[39m[useTranslationWithCapture] t() called: {
  "key": "recordingStudio3.voice",
  "mode": "off",
  "namespace": "components",
  "value": "Voice",
}
[90mstdout[2m | src/components/RecordingStudio3.stories.jsx[2m > [22m[2mInteractive
[22m[39m[useTranslationWithCapture] t() called: {
  "key": "recordingStudio3.generateAllMissing",
  "mode": "off",
  "namespace": "components",
  "value": "Generate All Missing TTS",
}
[90mstdout[2m | src/components/RecordingStudio3.stories.jsx[2m > [22m[2mInteractive
[22m[39m[FilesContext] Vector store population triggered {
  "currentVectorStoreSize": 3,
  "documentsCount": 0,
  "filesCount": 6,
  "isInitialLoad": true,
}
[90mstdout[2m | src/components/RecordingStudio3.stories.jsx[2m > [22m[2mInteractive
[22m[39m[FilesContext] Vector store population complete - 3 total embeddings
[90mstdout[2m | src/components/RecordingStudio3.stories.jsx[2m > [22m[2mInteractive
[22m[39m[ChatContext] Chat exists and not archived, skipping creation
[90mstdout[2m | src/components/RecordingStudio3.stories.jsx[2m > [22m[2mInteractive
[22m[39m[Mock Data] Settings.create() called with: {
  "assistantVoice": "shimmer",
  "autoAnalyzeDocuments": true,
  "defaultAIModel": "gpt-4",
  "documentAnalysisModel": "gpt-4",
  "editorFontSize": 14,
  "editorTheme": "auto",
  "emailNotifications": true,
  "language": "en",
  "webhookNotifications": false,
}
[90mstdout[2m | src/components/RecordingStudio3.stories.jsx[2m > [22m[2mInteractive
[22m[39m[Mock Data] Settings created: mock-settings-1776336990302 - notified 1 subscribers
[90mstdout[2m | src/components/RecordingStudio3.stories.jsx[2m > [22m[2mWord Preset
[22m[39m[Mock Data] Settings subscription unsubscribed. Remaining: 0
[90mstdout[2m | src/components/RecordingStudio3.stories.jsx[2m > [22m[2mWord Preset
[22m[39m[ChatContext] Cleaning up subscription
[90mstdout[2m | src/components/RecordingStudio3.stories.jsx[2m > [22m[2mWord Preset
[22m[39m[Mock Data] AssistantChat subscription unsubscribed. Remaining: 0
[90mstdout[2m | src/components/RecordingStudio3.stories.jsx[2m > [22m[2mWord Preset
[22m[39m[Mock Data] File subscription unsubscribed. Remaining: 0
[90mstdout[2m | src/components/RecordingStudio3.stories.jsx[2m > [22m[2mWord Preset
[22m[39m[Mock Data] Document subscription unsubscribed. Remaining: 0
[90mstdout[2m | src/components/RecordingStudio3.stories.jsx[2m > [22m[2mWord Preset
[22m[39m[Mock Data] Word subscription unsubscribed. Remaining: 0
[90mstdout[2m | src/components/RecordingStudio3.stories.jsx[2m > [22m[2mWord Preset
[22m[39m[Mock Data] Question subscription unsubscribed. Remaining: 0
[90mstdout[2m | src/components/RecordingStudio3.stories.jsx[2m > [22m[2mWord Preset
[22m[39m[Mock Data] Grade subscription unsubscribed. Remaining: 0
[90mstdout[2m | src/components/RecordingStudio3.stories.jsx[2m > [22m[2mWord Preset
[22m[39m[Mock Data] Unit subscription unsubscribed. Remaining: 0
[90mstdout[2m | src/components/RecordingStudio3.stories.jsx[2m > [22m[2mWord Preset
[22m[39m[SectionContext] Cleaning up subscriptions
[90mstdout[2m | src/components/RecordingStudio3.stories.jsx[2m > [22m[2mWord Preset
[22m[39m[Mock Data] Section.onCreate() subscription removed. Remaining: 0
[90mstdout[2m | src/components/RecordingStudio3.stories.jsx[2m > [22m[2mWord Preset
[22m[39m[Mock Data] Section.onUpdate() subscription removed. Remaining: 0
[90mstdout[2m | src/components/RecordingStudio3.stories.jsx[2m > [22m[2mWord Preset
[22m[39m[Mock Data] Section.onDelete() subscription removed. Remaining: 0
[90mstdout[2m | src/components/RecordingStudio3.stories.jsx[2m > [22m[2mWord Preset
[22m[39m[Mock Data] Assignment.onCreate() subscription removed. Remaining: 0
[90mstdout[2m | src/components/RecordingStudio3.stories.jsx[2m > [22m[2mWord Preset
[22m[39m[Mock Data] Assignment.onUpdate() subscription removed. Remaining: 0
[90mstdout[2m | src/components/RecordingStudio3.stories.jsx[2m > [22m[2mWord Preset
[22m[39m[Mock Data] Assignment.onDelete() subscription removed. Remaining: 0
[90mstdout[2m | src/components/RecordingStudio3.stories.jsx[2m > [22m[2mWord Preset
[22m[39m[Mock Data] Clearing all data stores
[90mstdout[2m | src/components/RecordingStudio3.stories.jsx[2m > [22m[2mWord Preset
[22m[39m[Mock Data] All data stores cleared
[90mstdout[2m | src/components/RecordingStudio3.stories.jsx[2m > [22m[2mWord Preset
[22m[39m[Preview] Cleared mock data for story
[90mstdout[2m | src/components/RecordingStudio3.stories.jsx[2m > [22m[2mWord Preset
[22m[39m[Mock Data Gen 2] Initializing mock data
[90mstdout[2m | src/components/RecordingStudio3.stories.jsx[2m > [22m[2mWord Preset
[22m[39m[Mock Data] seedMockAssistantChats: Replacing with 1 assistant chats
[90mstdout[2m | src/components/RecordingStudio3.stories.jsx[2m > [22m[2mWord Preset
[22m[39m[Mock Data Gen 2] Seeded AssistantChat: mock-assistant-chat-1
[90mstdout[2m | src/components/RecordingStudio3.stories.jsx[2m > [22m[2mWord Preset
[22m[39m[Mock Data] seedMockFiles: Adding 6 files
[90mstdout[2m | src/components/RecordingStudio3.stories.jsx[2m > [22m[2mWord Preset
[22m[39m[Mock Data Gen 2] Seeded Files: 6
[90mstdout[2m | src/components/RecordingStudio3.stories.jsx[2m > [22m[2mWord Preset
[22m[39m[Mock Data Gen 2] Initializing mock data
[90mstdout[2m | src/components/RecordingStudio3.stories.jsx[2m > [22m[2mWord Preset
[22m[39m[Mock Data] seedMockAssistantChats: Replacing with 1 assistant chats
[90mstdout[2m | src/components/RecordingStudio3.stories.jsx[2m > [22m[2mWord Preset
[22m[39m[Mock Data Gen 2] Seeded AssistantChat: mock-assistant-chat-1
[90mstdout[2m | src/components/RecordingStudio3.stories.jsx[2m > [22m[2mWord Preset
[22m[39m[Mock Data] seedMockFiles: Adding 6 files
[90mstdout[2m | src/components/RecordingStudio3.stories.jsx[2m > [22m[2mWord Preset
[22m[39m[Mock Data Gen 2] Seeded Files: 6
[90mstdout[2m | src/components/RecordingStudio3.stories.jsx[2m > [22m[2mWord Preset
[22m[39m[Preview] Initialized default mock data for story
[90mstdout[2m | src/components/RecordingStudio3.stories.jsx[2m > [22m[2mWord Preset
[22m[39m[Mock AuthContext] Providing auth: {
  "error": undefined,
  "isLoading": false,
  "session": {
    "idToken": {
      "toString": [Function toString],
    },
    "identityId": "us-east-1:mock-identity-123",
    "username": "mock-user-sub",
  },
  "user": {
    "attributes": {
      "email": "alice@example.com",
      "name": "Alice Student",
      "sub": "mock-user-sub",
    },
  },
}
[90mstdout[2m | src/components/RecordingStudio3.stories.jsx[2m > [22m[2mWord Preset
[22m[39m[Mock Data] generateClient() called - returning mock client
[90mstdout[2m | src/components/RecordingStudio3.stories.jsx[2m > [22m[2mWord Preset
[22m[39m[Mock amplifyClient] getAmplifyClient() called - returning mock client
[90mstdout[2m | src/components/RecordingStudio3.stories.jsx[2m > [22m[2mWord Preset
[22m[39m[MOCK CourseVectorStore] Initialized with mock data
[90mstdout[2m | src/components/RecordingStudio3.stories.jsx[2m > [22m[2mWord Preset
[22m[39m[TranslationModeController] Setting mode to: off
[90mstdout[2m | src/components/RecordingStudio3.stories.jsx[2m > [22m[2mWord Preset
[22m[39m[SectionContext] useEffect triggered {
  "authLoading": false,
  "hasUser": true,
  "userSub": "mock-user-sub",
}
[90mstdout[2m | src/components/RecordingStudio3.stories.jsx[2m > [22m[2mWord Preset
[22m[39m[SectionContext] Fetching sections for userId: mock-user-sub
[90mstdout[2m | src/components/RecordingStudio3.stories.jsx[2m > [22m[2mWord Preset
[22m[39m[Mock Data] generateClient() called - returning mock client
[90mstdout[2m | src/components/RecordingStudio3.stories.jsx[2m > [22m[2mWord Preset
[22m[39m[Mock amplifyClient] getAmplifyClient() called - returning mock client
[90mstdout[2m | src/components/RecordingStudio3.stories.jsx[2m > [22m[2mWord Preset
[22m[39m[Mock Data] Section.list() called with options: undefined
[90mstdout[2m | src/components/RecordingStudio3.stories.jsx[2m > [22m[2mWord Preset
[22m[39m[Mock Data] generateClient() called - returning mock client
[90mstdout[2m | src/components/RecordingStudio3.stories.jsx[2m > [22m[2mWord Preset
[22m[39m[Mock amplifyClient] getAmplifyClient() called - returning mock client
[90mstdout[2m | src/components/RecordingStudio3.stories.jsx[2m > [22m[2mWord Preset
[22m[39m[Mock Data] Assignment.list() called with options: {
  "filter": {
    "unitID": {
      "eq": "mock-unit-id",
    },
  },
}
[90mstdout[2m | src/components/RecordingStudio3.stories.jsx[2m > [22m[2mWord Preset
[22m[39m[Mock Data] generateClient() called - returning mock client
[90mstdout[2m | src/components/RecordingStudio3.stories.jsx[2m > [22m[2mWord Preset
[22m[39m[Mock amplifyClient] getAmplifyClient() called - returning mock client
[90mstdout[2m | src/components/RecordingStudio3.stories.jsx[2m > [22m[2mWord Preset
[22m[39m[Mock Data] Grade.observeQuery() called with filter: {
  "filter": {
    "unitID": {
      "eq": "mock-unit-id",
    },
  },
}
[90mstdout[2m | src/components/RecordingStudio3.stories.jsx[2m > [22m[2mWord Preset
[22m[39m[Mock Data] Grade.observeQuery() applying filter: {
  "unitID": {
    "eq": "mock-unit-id",
  },
}
[90mstdout[2m | src/components/RecordingStudio3.stories.jsx[2m > [22m[2mWord Preset
[22m[39m[Mock Data] Grade.observeQuery() items before filter: 0
[90mstdout[2m | src/components/RecordingStudio3.stories.jsx[2m > [22m[2mWord Preset
[22m[39m[Mock Data] Grade.observeQuery() items after filter: 0
[90mstdout[2m | src/components/RecordingStudio3.stories.jsx[2m > [22m[2mWord Preset
[22m[39m[Mock Data] Grade.observeQuery() returning 0 items (filter applied) {
  "filter": {
    "unitID": {
      "eq": "mock-unit-id",
    },
  },
}
[90mstdout[2m | src/components/RecordingStudio3.stories.jsx[2m > [22m[2mWord Preset
[22m[39m[Mock Data] Grade subscription added. Total subscriptions: 1
[90mstdout[2m | src/components/RecordingStudio3.stories.jsx[2m > [22m[2mWord Preset
[22m[39m[UnitContext] useEffect triggered {
  "authLoading": false,
  "hasUser": true,
  "id": "mock-unit-id",
  "userSub": "mock-user-sub",
}
[90mstdout[2m | src/components/RecordingStudio3.stories.jsx[2m > [22m[2mWord Preset
[22m[39m[UnitContext] Fetching unit data for id: mock-unit-id
[90mstdout[2m | src/components/RecordingStudio3.stories.jsx[2m > [22m[2mWord Preset
[22m[39m[Mock Data] generateClient() called - returning mock client
[90mstdout[2m | src/components/RecordingStudio3.stories.jsx[2m > [22m[2mWord Preset
[22m[39m[Mock amplifyClient] getAmplifyClient() called - returning mock client
[90mstdout[2m | src/components/RecordingStudio3.stories.jsx[2m > [22m[2mWord Preset
[22m[39m[Mock Data] Unit.observeQuery() called with filter: {
  "filter": {
    "id": {
      "eq": "mock-unit-id",
    },
  },
}
[90mstdout[2m | src/components/RecordingStudio3.stories.jsx[2m > [22m[2mWord Preset
[22m[39m[Mock Data] Unit.observeQuery() applying filter: {
  "id": {
    "eq": "mock-unit-id",
  },
}
[90mstdout[2m | src/components/RecordingStudio3.stories.jsx[2m > [22m[2mWord Preset
[22m[39m[Mock Data] Unit.observeQuery() items before filter: 0
[90mstdout[2m | src/components/RecordingStudio3.stories.jsx[2m > [22m[2mWord Preset
[22m[39m[Mock Data] Unit.observeQuery() items after filter: 0
[90mstdout[2m | src/components/RecordingStudio3.stories.jsx[2m > [22m[2mWord Preset
[22m[39m[Mock Data] Unit.observeQuery() returning 0 items (filter applied) {
  "filter": {
    "id": {
      "eq": "mock-unit-id",
    },
  },
}
[90mstdout[2m | src/components/RecordingStudio3.stories.jsx[2m > [22m[2mWord Preset
[22m[39m[Mock Data] Unit subscription added. Total subscriptions: 1
[90mstdout[2m | src/components/RecordingStudio3.stories.jsx[2m > [22m[2mWord Preset
[22m[39m[Mock Data] generateClient() called - returning mock client
[90mstdout[2m | src/components/RecordingStudio3.stories.jsx[2m > [22m[2mWord Preset
[22m[39m[Mock amplifyClient] getAmplifyClient() called - returning mock client
[90mstdout[2m | src/components/RecordingStudio3.stories.jsx[2m > [22m[2mWord Preset
[22m[39m[Mock Data] Word.observeQuery() called with filter: undefined
[90mstdout[2m | src/components/RecordingStudio3.stories.jsx[2m > [22m[2mWord Preset
[22m[39m[Mock Data] Word.observeQuery() returning 0 items (filter applied) undefined
[90mstdout[2m | src/components/RecordingStudio3.stories.jsx[2m > [22m[2mWord Preset
[22m[39m[Mock Data] Word subscription added. Total subscriptions: 1
[90mstdout[2m | src/components/RecordingStudio3.stories.jsx[2m > [22m[2mWord Preset
[22m[39m[Mock Data] generateClient() called - returning mock client
[90mstdout[2m | src/components/RecordingStudio3.stories.jsx[2m > [22m[2mWord Preset
[22m[39m[Mock amplifyClient] getAmplifyClient() called - returning mock client
[90mstdout[2m | src/components/RecordingStudio3.stories.jsx[2m > [22m[2mWord Preset
[22m[39m[Mock Data] Question.observeQuery() called with filter: undefined
[90mstdout[2m | src/components/RecordingStudio3.stories.jsx[2m > [22m[2mWord Preset
[22m[39m[Mock Data] Question.observeQuery() returning 0 items (filter applied) undefined
[90mstdout[2m | src/components/RecordingStudio3.stories.jsx[2m > [22m[2mWord Preset
[22m[39m[Mock Data] Question subscription added. Total subscriptions: 1
[90mstdout[2m | src/components/RecordingStudio3.stories.jsx[2m > [22m[2mWord Preset
[22m[39m[FilesContext] Initializing vector store from IndexedDB
[90mstdout[2m | src/components/RecordingStudio3.stories.jsx[2m > [22m[2mWord Preset
[22m[39m[FilesContext] fetchFiles called
[90mstdout[2m | src/components/RecordingStudio3.stories.jsx[2m > [22m[2mWord Preset
[22m[39m[FilesContext] User authenticated: mock-user-sub
[90mstdout[2m | src/components/RecordingStudio3.stories.jsx[2m > [22m[2mWord Preset
[22m[39m[FilesContext] Identity ID: us-east-1:mock-identity-123
[90mstdout[2m | src/components/RecordingStudio3.stories.jsx[2m > [22m[2mWord Preset
[22m[39m[FilesContext] About to subscribe to File model
[90mstdout[2m | src/components/RecordingStudio3.stories.jsx[2m > [22m[2mWord Preset
[22m[39m[Mock Data] generateClient() called - returning mock client
[90mstdout[2m | src/components/RecordingStudio3.stories.jsx[2m > [22m[2mWord Preset
[22m[39m[Mock amplifyClient] getAmplifyClient() called - returning mock client
[90mstdout[2m | src/components/RecordingStudio3.stories.jsx[2m > [22m[2mWord Preset
[22m[39m[Mock Data] File.observeQuery() called with filter: undefined
[90mstdout[2m | src/components/RecordingStudio3.stories.jsx[2m > [22m[2mWord Preset
[22m[39m[Mock Data] File.observeQuery() returning 6 items (filter applied) undefined
[90mstdout[2m | src/components/RecordingStudio3.stories.jsx[2m > [22m[2mWord Preset
[22m[39m[Mock Data] File subscription added. Total subscriptions: 1
[90mstdout[2m | src/components/RecordingStudio3.stories.jsx[2m > [22m[2mWord Preset
[22m[39m[Mock Data] generateClient() called - returning mock client
[90mstdout[2m | src/components/RecordingStudio3.stories.jsx[2m > [22m[2mWord Preset
[22m[39m[Mock amplifyClient] getAmplifyClient() called - returning mock client
[90mstdout[2m | src/components/RecordingStudio3.stories.jsx[2m > [22m[2mWord Preset
[22m[39m[Mock Data] Document.observeQuery() called with filter: undefined
[90mstdout[2m | src/components/RecordingStudio3.stories.jsx[2m > [22m[2mWord Preset
[22m[39m[Mock Data] Document.observeQuery() returning 0 items (filter applied) undefined
[90mstdout[2m | src/components/RecordingStudio3.stories.jsx[2m > [22m[2mWord Preset
[22m[39m[Mock Data] Document subscription added. Total subscriptions: 1
[90mstdout[2m | src/components/RecordingStudio3.stories.jsx[2m > [22m[2mWord Preset
[22m[39m[ChatContext] Setting up observeQuery for AssistantChat
[90mstdout[2m | src/components/RecordingStudio3.stories.jsx[2m > [22m[2mWord Preset
[22m[39m[Mock Data] AssistantChat.observeQuery() called with filter: {
  "sortDirection": "DESC",
  "sortField": "createdAt",
}
[90mstdout[2m | src/components/RecordingStudio3.stories.jsx[2m > [22m[2mWord Preset
[22m[39m[Mock Data] AssistantChat.observeQuery() returning 1 items (filter applied) {
  "sortDirection": "DESC",
  "sortField": "createdAt",
}
[90mstdout[2m | src/components/RecordingStudio3.stories.jsx[2m > [22m[2mWord Preset
[22m[39m[Mock Data] AssistantChat subscription added. Total subscriptions: 1
[90mstdout[2m | src/components/RecordingStudio3.stories.jsx[2m > [22m[2mWord Preset
[22m[39m[ChatContext] Waiting for subscription to initialize
[90mstdout[2m | src/components/RecordingStudio3.stories.jsx[2m > [22m[2mWord Preset
[22m[39m[SettingsContext] Setting up Settings subscription for user: mock-user-sub
[90mstdout[2m | src/components/RecordingStudio3.stories.jsx[2m > [22m[2mWord Preset
[22m[39m[Mock Data] generateClient() called - returning mock client
[90mstdout[2m | src/components/RecordingStudio3.stories.jsx[2m > [22m[2mWord Preset
[22m[39m[Mock amplifyClient] getAmplifyClient() called - returning mock client
[90mstdout[2m | src/components/RecordingStudio3.stories.jsx[2m > [22m[2mWord Preset
[22m[39m[Mock Data] Settings.observeQuery() called with filter: undefined
[90mstdout[2m | src/components/RecordingStudio3.stories.jsx[2m > [22m[2mWord Preset
[22m[39m[Mock Data] Settings.observeQuery() returning 0 items (filter applied) undefined
[90mstdout[2m | src/components/RecordingStudio3.stories.jsx[2m > [22m[2mWord Preset
[22m[39m[Mock Data] Settings subscription added. Total subscriptions: 1
[90mstdout[2m | src/components/RecordingStudio3.stories.jsx[2m > [22m[2mWord Preset
[22m[39m[SectionContext] Initial sections: 0 []
[90mstdout[2m | src/components/RecordingStudio3.stories.jsx[2m > [22m[2mWord Preset
[22m[39m[Mock Data] Section.onCreate() called with filter: undefined
[90mstdout[2m | src/components/RecordingStudio3.stories.jsx[2m > [22m[2mWord Preset
[22m[39m[Mock Data] Section.onCreate() subscription added. Total: 1
[90mstdout[2m | src/components/RecordingStudio3.stories.jsx[2m > [22m[2mWord Preset
[22m[39m[Mock Data] Section.onUpdate() called with filter: undefined
[90mstdout[2m | src/components/RecordingStudio3.stories.jsx[2m > [22m[2mWord Preset
[22m[39m[Mock Data] Section.onUpdate() subscription added. Total: 1
[90mstdout[2m | src/components/RecordingStudio3.stories.jsx[2m > [22m[2mWord Preset
[22m[39m[Mock Data] Section.onDelete() called with filter: undefined
[90mstdout[2m | src/components/RecordingStudio3.stories.jsx[2m > [22m[2mWord Preset
[22m[39m[Mock Data] Section.onDelete() subscription added. Total: 1
[90mstdout[2m | src/components/RecordingStudio3.stories.jsx[2m > [22m[2mWord Preset
[22m[39m[Mock Data] Assignment.onCreate() called with filter: {
  "filter": {
    "unitID": {
      "eq": "mock-unit-id",
    },
  },
}
[90mstdout[2m | src/components/RecordingStudio3.stories.jsx[2m > [22m[2mWord Preset
[22m[39m[Mock Data] Assignment.onCreate() subscription added. Total: 1
[90mstdout[2m | src/components/RecordingStudio3.stories.jsx[2m > [22m[2mWord Preset
[22m[39m[Mock Data] Assignment.onUpdate() called with filter: {
  "filter": {
    "unitID": {
      "eq": "mock-unit-id",
    },
  },
}
[90mstdout[2m | src/components/RecordingStudio3.stories.jsx[2m > [22m[2mWord Preset
[22m[39m[Mock Data] Assignment.onUpdate() subscription added. Total: 1
[90mstdout[2m | src/components/RecordingStudio3.stories.jsx[2m > [22m[2mWord Preset
[22m[39m[Mock Data] Assignment.onDelete() called with filter: {
  "filter": {
    "unitID": {
      "eq": "mock-unit-id",
    },
  },
}
[90mstdout[2m | src/components/RecordingStudio3.stories.jsx[2m > [22m[2mWord Preset
[22m[39m[Mock Data] Assignment.onDelete() subscription added. Total: 1
[90mstdout[2m | src/components/RecordingStudio3.stories.jsx[2m > [22m[2mWord Preset
[22m[39m[FilesContext] File observeQuery subscription triggered:
[90mstdout[2m | src/components/RecordingStudio3.stories.jsx[2m > [22m[2mWord Preset
[22m[39m  - items.length: 6
[90mstdout[2m | src/components/RecordingStudio3.stories.jsx[2m > [22m[2mWord Preset
[22m[39m  - isSynced: true
[90mstdout[2m | src/components/RecordingStudio3.stories.jsx[2m > [22m[2mWord Preset
[22m[39m  - items: [
  {
    "_deleted": null,
    "_lastChangedAt": 1767711773285,
    "_version": 1,
    "byHex": null,
    "createdAt": "2026-01-06T15:02:53.253Z",
    "description": "Japanese language textbook - Chapter 1",
    "document": Promise {},
    "documentID": "e01017e1-fe7a-4521-b71c-09ec31b18639",
    "duration": null,
    "embedding": null,
    "generated": null,
    "hex": null,
    "id": "a57d7833-5fa7-4cb7-8b7a-ce7c6e10e551",
    "identityId": "us-east-1:b0eadde9-f02c-c71b-17a6-22ffd37d89c8",
    "key": "files/Japanese Wind 1.pdf",
    "level": "protected",
    "mimeType": "application/pdf",
    "model": null,
    "name": "Japanese Wind 1.pdf",
    "owner": "64d81418-7021-701d-9fed-a4c2e0735711",
    "parsedContent": [Function anonymous],
    "parsedContentID": null,
    "path": "files/Japanese Wind 1.pdf",
    "prompt": null,
    "size": 4706654,
    "thumbnail": null,
    "type": "pdf",
    "updatedAt": "2026-01-06T15:02:53.253Z",
    "variant": null,
    "waveformData": null,
  },
  {
    "_version": 2,
    "createdAt": "2026-01-15T10:00:00.000Z",
    "description": "Sample report with vocabulary",
    "document": Promise {},
    "documentID": "cd824b5b-2c66-41f8-8571-aa6794ff590c",
    "generated": false,
    "id": "mock-pdf-file-2",
    "identityId": "us-east-1:mock-identity",
    "key": "files/report.pdf",
    "level": "protected",
    "mimeType": "application/pdf",
    "name": "report.pdf",
    "owner": "mock-user-id",
    "parsedContent": [Function anonymous],
    "path": "files/report.pdf",
    "size": 123456,
    "type": "pdf",
    "updatedAt": "2026-01-15T10:30:00.000Z",
  },
  {
    "_version": 3,
    "createdAt": "2026-01-14T08:00:00.000Z",
    "description": "Vocabulary lesson PDF with extracted content",
    "document": Promise {},
    "documentID": "mock-document-3",
    "generated": false,
    "id": "mock-pdf-file-3",
    "identityId": "us-east-1:mock-identity",
    "key": "files/vocabulary-lesson.pdf",
    "level": "public",
    "mimeType": "application/pdf",
    "name": "vocabulary-lesson.pdf",
    "owner": "mock-user-id",
    "parsedContent": [Function anonymous],
    "path": "files/vocabulary-lesson.pdf",
    "size": 567890,
    "type": "pdf",
    "updatedAt": "2026-01-14T08:45:00.000Z",
  },
  {
    "_version": 1,
    "createdAt": "2026-01-20T10:00:00.000Z",
    "description": "Sample pronunciation audio",
    "documentID": null,
    "duration": 3.5,
    "generated": true,
    "id": "mock-audio-file-1",
    "identityId": "us-east-1:mock-identity",
    "key": "audio/pronunciation-demo.mp3",
    "level": "public",
    "mimeType": "audio/mpeg",
    "name": "pronunciation-demo.mp3",
    "owner": "mock-user-id",
    "parsedContent": [Function anonymous],
    "path": "/story-mocks/cinematic-designed-sci-fi-whoosh-transition-nexawave-228295.mp3",
    "size": 56789,
    "type": "audio",
    "updatedAt": "2026-01-20T10:00:00.000Z",
    "waveformData": null,
  },
  {
    "_version": 1,
    "createdAt": "2026-01-19T14:30:00.000Z",
    "description": "Lesson introduction audio",
    "documentID": null,
    "duration": 5.2,
    "generated": false,
    "id": "mock-audio-file-2",
    "identityId": "us-east-1:mock-identity",
    "key": "audio/lesson-intro.mp3",
    "level": "public",
    "mimeType": "audio/mpeg",
    "name": "lesson-intro.mp3",
    "owner": "mock-user-id",
    "parsedContent": [Function anonymous],
    "path": "/story-mocks/descent-whoosh-long-cinematic-sound-effect-405921.mp3",
    "size": 87654,
    "type": "audio",
    "updatedAt": "2026-01-19T14:30:00.000Z",
    "waveformData": null,
  },
  {
    "_version": 1,
    "createdAt": "2026-01-18T09:15:00.000Z",
    "description": "Hiragana character chart",
    "documentID": null,
    "generated": false,
    "id": "mock-image-file-1",
    "identityId": "us-east-1:mock-identity",
    "key": "images/hiragana-chart.png",
    "level": "public",
    "mimeType": "image/png",
    "name": "hiragana-chart.png",
    "owner": "mock-user-id",
    "parsedContent": [Function anonymous],
    "path": "images/hiragana-chart.png",
    "size": 234567,
    "thumbnail": "thumbnails/hiragana-chart-thumb.png",
    "type": "image",
    "updatedAt": "2026-01-18T09:15:00.000Z",
  },
]
[90mstdout[2m | src/components/RecordingStudio3.stories.jsx[2m > [22m[2mWord Preset
[22m[39m[FilesContext] Files count changed: 0 → 6
[90mstdout[2m | src/components/RecordingStudio3.stories.jsx[2m > [22m[2mWord Preset
[22m[39m[MOCK CourseVectorStore] Initialized with mock data
[90mstdout[2m | src/components/RecordingStudio3.stories.jsx[2m > [22m[2mWord Preset
[22m[39m[MOCK CourseVectorStore] Initialized with mock data
[90mstdout[2m | src/components/RecordingStudio3.stories.jsx[2m > [22m[2mWord Preset
[22m[39m[useTranslationWithCapture] t() called: {
  "key": "recordingStudio3.importJson",
  "mode": "off",
  "namespace": "components",
  "value": "Import JSON",
}
[90mstdout[2m | src/components/RecordingStudio3.stories.jsx[2m > [22m[2mWord Preset
[22m[39m[useTranslationWithCapture] t() called: {
  "key": "recordingStudio3.exportJson",
  "mode": "off",
  "namespace": "components",
  "value": "Export JSON",
}
[90mstdout[2m | src/components/RecordingStudio3.stories.jsx[2m > [22m[2mWord Preset
[22m[39m[useTranslationWithCapture] t() called: {
  "key": "recordingStudio3.script",
  "mode": "off",
  "namespace": "components",
  "value": "Script",
}
[90mstdout[2m | src/components/RecordingStudio3.stories.jsx[2m > [22m[2mWord Preset
[22m[39m[useTranslationWithCapture] t() called: {
  "key": "recordingStudio3.addLine",
  "mode": "off",
  "namespace": "components",
  "value": "Add Line",
}
[90mstdout[2m | src/components/RecordingStudio3.stories.jsx[2m > [22m[2mWord Preset
[22m[39m[useTranslationWithCapture] t() called: {
  "key": "recordingStudio3.timeline",
  "mode": "off",
  "namespace": "components",
  "value": "Timeline",
}
[90mstdout[2m | src/components/RecordingStudio3.stories.jsx[2m > [22m[2mWord Preset
[22m[39m[useTranslationWithCapture] t() called: {
  "key": "recordingStudio3.speakers",
  "mode": "off",
  "namespace": "components",
  "value": "Speakers",
}
[90mstdout[2m | src/components/RecordingStudio3.stories.jsx[2m > [22m[2mWord Preset
[22m[39m[useTranslationWithCapture] t() called: {
  "key": "recordingStudio3.add",
  "mode": "off",
  "namespace": "components",
  "value": "Add",
}
[90mstdout[2m | src/components/RecordingStudio3.stories.jsx[2m > [22m[2mWord Preset
[22m[39m[useTranslationWithCapture] t() called: {
  "key": "recordingStudio3.voice",
  "mode": "off",
  "namespace": "components",
  "value": "Voice",
}
[90mstdout[2m | src/components/RecordingStudio3.stories.jsx[2m > [22m[2mWord Preset
[22m[39m[useTranslationWithCapture] t() called: {
  "key": "recordingStudio3.voice",
  "mode": "off",
  "namespace": "components",
  "value": "Voice",
}
[90mstdout[2m | src/components/RecordingStudio3.stories.jsx[2m > [22m[2mWord Preset
[22m[39m[useTranslationWithCapture] t() called: {
  "key": "recordingStudio3.voice",
  "mode": "off",
  "namespace": "components",
  "value": "Voice",
}
[90mstdout[2m | src/components/RecordingStudio3.stories.jsx[2m > [22m[2mWord Preset
[22m[39m[useTranslationWithCapture] t() called: {
  "key": "recordingStudio3.voice",
  "mode": "off",
  "namespace": "components",
  "value": "Voice",
}
[90mstdout[2m | src/components/RecordingStudio3.stories.jsx[2m > [22m[2mWord Preset
[22m[39m[useTranslationWithCapture] t() called: {
  "key": "recordingStudio3.generateAllMissing",
  "mode": "off",
  "namespace": "components",
  "value": "Generate All Missing TTS",
}
[90mstdout[2m | src/components/RecordingStudio3.stories.jsx[2m > [22m[2mWord Preset
[22m[39m[FilesContext] Vector store population triggered {
  "currentVectorStoreSize": 3,
  "documentsCount": 0,
  "filesCount": 6,
  "isInitialLoad": true,
}
[90mstdout[2m | src/components/RecordingStudio3.stories.jsx[2m > [22m[2mWord Preset
[22m[39m[FilesContext] Vector store population complete - 3 total embeddings
[90mstdout[2m | src/components/RecordingStudio3.stories.jsx[2m > [22m[2mWord Preset
[22m[39m[ChatContext] AssistantChat query update: 1 items (synced)
[90mstdout[2m | src/components/RecordingStudio3.stories.jsx[2m > [22m[2mWord Preset
[22m[39m[ChatContext] First item details: {
  "id": "mock-assistant-chat-1",
  "updatedAt": "2024-01-26T10:15:00.000Z",
}
[90mstdout[2m | src/components/RecordingStudio3.stories.jsx[2m > [22m[2mWord Preset
[22m[39m[ChatContext] AssistantChat subscription initialized
[90mstdout[2m | src/components/RecordingStudio3.stories.jsx[2m > [22m[2mWord Preset
[22m[39m[ChatContext] AssistantChat list updated: 1 chats
[90mstdout[2m | src/components/RecordingStudio3.stories.jsx[2m > [22m[2mWord Preset
[22m[39m[Mock Data] Settings.create() called with: {
  "assistantVoice": "shimmer",
  "autoAnalyzeDocuments": true,
  "defaultAIModel": "gpt-4",
  "documentAnalysisModel": "gpt-4",
  "editorFontSize": 14,
  "editorTheme": "auto",
  "emailNotifications": true,
  "language": "en",
  "webhookNotifications": false,
}
[90mstdout[2m | src/components/RecordingStudio3.stories.jsx[2m > [22m[2mWord Preset
[22m[39m[Mock Data] Settings created: mock-settings-1776336990587 - notified 1 subscribers
[90mstdout[2m | src/components/RecordingStudio3.stories.jsx[2m > [22m[2mWord Preset
[22m[39m[ChatContext] Setting initial chat: mock-assistant-chat-1
[90mstdout[2m | src/components/RecordingStudio3.stories.jsx[2m > [22m[2mWord Preset
[22m[39m[ChatContext] Chat exists and not archived, skipping creation
[90mstdout[2m | src/components/RecordingStudio3.stories.jsx[2m > [22m[2mConversation Preset
[22m[39m[Mock Data] Settings subscription unsubscribed. Remaining: 0
[90mstdout[2m | src/components/RecordingStudio3.stories.jsx[2m > [22m[2mConversation Preset
[22m[39m[ChatContext] Cleaning up subscription
[90mstdout[2m | src/components/RecordingStudio3.stories.jsx[2m > [22m[2mConversation Preset
[22m[39m[Mock Data] AssistantChat subscription unsubscribed. Remaining: 0
[90mstdout[2m | src/components/RecordingStudio3.stories.jsx[2m > [22m[2mConversation Preset
[22m[39m[Mock Data] File subscription unsubscribed. Remaining: 0
[90mstdout[2m | src/components/RecordingStudio3.stories.jsx[2m > [22m[2mConversation Preset
[22m[39m[Mock Data] Document subscription unsubscribed. Remaining: 0
[90mstdout[2m | src/components/RecordingStudio3.stories.jsx[2m > [22m[2mConversation Preset
[22m[39m[Mock Data] Word subscription unsubscribed. Remaining: 0
[90mstdout[2m | src/components/RecordingStudio3.stories.jsx[2m > [22m[2mConversation Preset
[22m[39m[Mock Data] Question subscription unsubscribed. Remaining: 0
[90mstdout[2m | src/components/RecordingStudio3.stories.jsx[2m > [22m[2mConversation Preset
[22m[39m[Mock Data] Grade subscription unsubscribed. Remaining: 0
[90mstdout[2m | src/components/RecordingStudio3.stories.jsx[2m > [22m[2mConversation Preset
[22m[39m[Mock Data] Unit subscription unsubscribed. Remaining: 0
[90mstdout[2m | src/components/RecordingStudio3.stories.jsx[2m > [22m[2mConversation Preset
[22m[39m[SectionContext] Cleaning up subscriptions
[90mstdout[2m | src/components/RecordingStudio3.stories.jsx[2m > [22m[2mConversation Preset
[22m[39m[Mock Data] Section.onCreate() subscription removed. Remaining: 0
[90mstdout[2m | src/components/RecordingStudio3.stories.jsx[2m > [22m[2mConversation Preset
[22m[39m[Mock Data] Section.onUpdate() subscription removed. Remaining: 0
[90mstdout[2m | src/components/RecordingStudio3.stories.jsx[2m > [22m[2mConversation Preset
[22m[39m[Mock Data] Section.onDelete() subscription removed. Remaining: 0
[90mstdout[2m | src/components/RecordingStudio3.stories.jsx[2m > [22m[2mConversation Preset
[22m[39m[Mock Data] Assignment.onCreate() subscription removed. Remaining: 0
[90mstdout[2m | src/components/RecordingStudio3.stories.jsx[2m > [22m[2mConversation Preset
[22m[39m[Mock Data] Assignment.onUpdate() subscription removed. Remaining: 0
[90mstdout[2m | src/components/RecordingStudio3.stories.jsx[2m > [22m[2mConversation Preset
[22m[39m[Mock Data] Assignment.onDelete() subscription removed. Remaining: 0
[90mstdout[2m | src/components/RecordingStudio3.stories.jsx[2m > [22m[2mConversation Preset
[22m[39m[Mock Data] Clearing all data stores
[90mstdout[2m | src/components/RecordingStudio3.stories.jsx[2m > [22m[2mConversation Preset
[22m[39m[Mock Data] All data stores cleared
[90mstdout[2m | src/components/RecordingStudio3.stories.jsx[2m > [22m[2mConversation Preset
[22m[39m[Preview] Cleared mock data for story
[90mstdout[2m | src/components/RecordingStudio3.stories.jsx[2m > [22m[2mConversation Preset
[22m[39m[Mock Data Gen 2] Initializing mock data
[90mstdout[2m | src/components/RecordingStudio3.stories.jsx[2m > [22m[2mConversation Preset
[22m[39m[Mock Data] seedMockAssistantChats: Replacing with 1 assistant chats
[90mstdout[2m | src/components/RecordingStudio3.stories.jsx[2m > [22m[2mConversation Preset
[22m[39m[Mock Data Gen 2] Seeded AssistantChat: mock-assistant-chat-1
[90mstdout[2m | src/components/RecordingStudio3.stories.jsx[2m > [22m[2mConversation Preset
[22m[39m[Mock Data] seedMockFiles: Adding 6 files
[90mstdout[2m | src/components/RecordingStudio3.stories.jsx[2m > [22m[2mConversation Preset
[22m[39m[Mock Data Gen 2] Seeded Files: 6
[90mstdout[2m | src/components/RecordingStudio3.stories.jsx[2m > [22m[2mConversation Preset
[22m[39m[Mock Data Gen 2] Initializing mock data
[90mstdout[2m | src/components/RecordingStudio3.stories.jsx[2m > [22m[2mConversation Preset
[22m[39m[Mock Data] seedMockAssistantChats: Replacing with 1 assistant chats
[90mstdout[2m | src/components/RecordingStudio3.stories.jsx[2m > [22m[2mConversation Preset
[22m[39m[Mock Data Gen 2] Seeded AssistantChat: mock-assistant-chat-1
[90mstdout[2m | src/components/RecordingStudio3.stories.jsx[2m > [22m[2mConversation Preset
[22m[39m[Mock Data] seedMockFiles: Adding 6 files
[90mstdout[2m | src/components/RecordingStudio3.stories.jsx[2m > [22m[2mConversation Preset
[22m[39m[Mock Data Gen 2] Seeded Files: 6
[90mstdout[2m | src/components/RecordingStudio3.stories.jsx[2m > [22m[2mConversation Preset
[22m[39m[Preview] Initialized default mock data for story
[90mstdout[2m | src/components/RecordingStudio3.stories.jsx[2m > [22m[2mConversation Preset
[22m[39m[Mock AuthContext] Providing auth: {
  "error": undefined,
  "isLoading": false,
  "session": {
    "idToken": {
      "toString": [Function toString],
    },
    "identityId": "us-east-1:mock-identity-123",
    "username": "mock-user-sub",
  },
  "user": {
    "attributes": {
      "email": "alice@example.com",
      "name": "Alice Student",
      "sub": "mock-user-sub",
    },
  },
}
[90mstdout[2m | src/components/RecordingStudio3.stories.jsx[2m > [22m[2mConversation Preset
[22m[39m[Mock Data] generateClient() called - returning mock client
[90mstdout[2m | src/components/RecordingStudio3.stories.jsx[2m > [22m[2mConversation Preset
[22m[39m[Mock amplifyClient] getAmplifyClient() called - returning mock client
[90mstdout[2m | src/components/RecordingStudio3.stories.jsx[2m > [22m[2mConversation Preset
[22m[39m[MOCK CourseVectorStore] Initialized with mock data
[90mstdout[2m | src/components/RecordingStudio3.stories.jsx[2m > [22m[2mConversation Preset
[22m[39m[TranslationModeController] Setting mode to: off
[90mstdout[2m | src/components/RecordingStudio3.stories.jsx[2m > [22m[2mConversation Preset
[22m[39m[SectionContext] useEffect triggered {
  "authLoading": false,
  "hasUser": true,
  "userSub": "mock-user-sub",
}
[90mstdout[2m | src/components/RecordingStudio3.stories.jsx[2m > [22m[2mConversation Preset
[22m[39m[SectionContext] Fetching sections for userId: mock-user-sub
[90mstdout[2m | src/components/RecordingStudio3.stories.jsx[2m > [22m[2mConversation Preset
[22m[39m[Mock Data] generateClient() called - returning mock client
[90mstdout[2m | src/components/RecordingStudio3.stories.jsx[2m > [22m[2mConversation Preset
[22m[39m[Mock amplifyClient] getAmplifyClient() called - returning mock client
[90mstdout[2m | src/components/RecordingStudio3.stories.jsx[2m > [22m[2mConversation Preset
[22m[39m[Mock Data] Section.list() called with options: undefined
[90mstdout[2m | src/components/RecordingStudio3.stories.jsx[2m > [22m[2mConversation Preset
[22m[39m[Mock Data] generateClient() called - returning mock client
[90mstdout[2m | src/components/RecordingStudio3.stories.jsx[2m > [22m[2mConversation Preset
[22m[39m[Mock amplifyClient] getAmplifyClient() called - returning mock client
[90mstdout[2m | src/components/RecordingStudio3.stories.jsx[2m > [22m[2mConversation Preset
[22m[39m[Mock Data] Assignment.list() called with options: {
  "filter": {
    "unitID": {
      "eq": "mock-unit-id",
    },
  },
}
[90mstdout[2m | src/components/RecordingStudio3.stories.jsx[2m > [22m[2mConversation Preset
[22m[39m[Mock Data] generateClient() called - returning mock client
[90mstdout[2m | src/components/RecordingStudio3.stories.jsx[2m > [22m[2mConversation Preset
[22m[39m[Mock amplifyClient] getAmplifyClient() called - returning mock client
[90mstdout[2m | src/components/RecordingStudio3.stories.jsx[2m > [22m[2mConversation Preset
[22m[39m[Mock Data] Grade.observeQuery() called with filter: {
  "filter": {
    "unitID": {
      "eq": "mock-unit-id",
    },
  },
}
[90mstdout[2m | src/components/RecordingStudio3.stories.jsx[2m > [22m[2mConversation Preset
[22m[39m[Mock Data] Grade.observeQuery() applying filter: {
  "unitID": {
    "eq": "mock-unit-id",
  },
}
[90mstdout[2m | src/components/RecordingStudio3.stories.jsx[2m > [22m[2mConversation Preset
[22m[39m[Mock Data] Grade.observeQuery() items before filter: 0
[90mstdout[2m | src/components/RecordingStudio3.stories.jsx[2m > [22m[2mConversation Preset
[22m[39m[Mock Data] Grade.observeQuery() items after filter: 0
[90mstdout[2m | src/components/RecordingStudio3.stories.jsx[2m > [22m[2mConversation Preset
[22m[39m[Mock Data] Grade.observeQuery() returning 0 items (filter applied) {
  "filter": {
    "unitID": {
      "eq": "mock-unit-id",
    },
  },
}
[90mstdout[2m | src/components/RecordingStudio3.stories.jsx[2m > [22m[2mConversation Preset
[22m[39m[Mock Data] Grade subscription added. Total subscriptions: 1
[90mstdout[2m | src/components/RecordingStudio3.stories.jsx[2m > [22m[2mConversation Preset
[22m[39m[UnitContext] useEffect triggered {
  "authLoading": false,
  "hasUser": true,
  "id": "mock-unit-id",
  "userSub": "mock-user-sub",
}
[90mstdout[2m | src/components/RecordingStudio3.stories.jsx[2m > [22m[2mConversation Preset
[22m[39m[UnitContext] Fetching unit data for id: mock-unit-id
[90mstdout[2m | src/components/RecordingStudio3.stories.jsx[2m > [22m[2mConversation Preset
[22m[39m[Mock Data] generateClient() called - returning mock client
[90mstdout[2m | src/components/RecordingStudio3.stories.jsx[2m > [22m[2mConversation Preset
[22m[39m[Mock amplifyClient] getAmplifyClient() called - returning mock client
[90mstdout[2m | src/components/RecordingStudio3.stories.jsx[2m > [22m[2mConversation Preset
[22m[39m[Mock Data] Unit.observeQuery() called with filter: {
  "filter": {
    "id": {
      "eq": "mock-unit-id",
    },
  },
}
[90mstdout[2m | src/components/RecordingStudio3.stories.jsx[2m > [22m[2mConversation Preset
[22m[39m[Mock Data] Unit.observeQuery() applying filter: {
  "id": {
    "eq": "mock-unit-id",
  },
}
[90mstdout[2m | src/components/RecordingStudio3.stories.jsx[2m > [22m[2mConversation Preset
[22m[39m[Mock Data] Unit.observeQuery() items before filter: 0
[90mstdout[2m | src/components/RecordingStudio3.stories.jsx[2m > [22m[2mConversation Preset
[22m[39m[Mock Data] Unit.observeQuery() items after filter: 0
[90mstdout[2m | src/components/RecordingStudio3.stories.jsx[2m > [22m[2mConversation Preset
[22m[39m[Mock Data] Unit.observeQuery() returning 0 items (filter applied) {
  "filter": {
    "id": {
      "eq": "mock-unit-id",
    },
  },
}
[90mstdout[2m | src/components/RecordingStudio3.stories.jsx[2m > [22m[2mConversation Preset
[22m[39m[Mock Data] Unit subscription added. Total subscriptions: 1
[90mstdout[2m | src/components/RecordingStudio3.stories.jsx[2m > [22m[2mConversation Preset
[22m[39m[Mock Data] generateClient() called - returning mock client
[90mstdout[2m | src/components/RecordingStudio3.stories.jsx[2m > [22m[2mConversation Preset
[22m[39m[Mock amplifyClient] getAmplifyClient() called - returning mock client
[90mstdout[2m | src/components/RecordingStudio3.stories.jsx[2m > [22m[2mConversation Preset
[22m[39m[Mock Data] Word.observeQuery() called with filter: undefined
[90mstdout[2m | src/components/RecordingStudio3.stories.jsx[2m > [22m[2mConversation Preset
[22m[39m[Mock Data] Word.observeQuery() returning 0 items (filter applied) undefined
[90mstdout[2m | src/components/RecordingStudio3.stories.jsx[2m > [22m[2mConversation Preset
[22m[39m[Mock Data] Word subscription added. Total subscriptions: 1
[90mstdout[2m | src/components/RecordingStudio3.stories.jsx[2m > [22m[2mConversation Preset
[22m[39m[Mock Data] generateClient() called - returning mock client
[90mstdout[2m | src/components/RecordingStudio3.stories.jsx[2m > [22m[2mConversation Preset
[22m[39m[Mock amplifyClient] getAmplifyClient() called - returning mock client
[90mstdout[2m | src/components/RecordingStudio3.stories.jsx[2m > [22m[2mConversation Preset
[22m[39m[Mock Data] Question.observeQuery() called with filter: undefined
[90mstdout[2m | src/components/RecordingStudio3.stories.jsx[2m > [22m[2mConversation Preset
[22m[39m[Mock Data] Question.observeQuery() returning 0 items (filter applied) undefined
[90mstdout[2m | src/components/RecordingStudio3.stories.jsx[2m > [22m[2mConversation Preset
[22m[39m[Mock Data] Question subscription added. Total subscriptions: 1
[90mstdout[2m | src/components/RecordingStudio3.stories.jsx[2m > [22m[2mConversation Preset
[22m[39m[FilesContext] Initializing vector store from IndexedDB
[90mstdout[2m | src/components/RecordingStudio3.stories.jsx[2m > [22m[2mConversation Preset
[22m[39m[FilesContext] fetchFiles called
[90mstdout[2m | src/components/RecordingStudio3.stories.jsx[2m > [22m[2mConversation Preset
[22m[39m[FilesContext] User authenticated: mock-user-sub
[90mstdout[2m | src/components/RecordingStudio3.stories.jsx[2m > [22m[2mConversation Preset
[22m[39m[FilesContext] Identity ID: us-east-1:mock-identity-123
[90mstdout[2m | src/components/RecordingStudio3.stories.jsx[2m > [22m[2mConversation Preset
[22m[39m[FilesContext] About to subscribe to File model
[90mstdout[2m | src/components/RecordingStudio3.stories.jsx[2m > [22m[2mConversation Preset
[22m[39m[Mock Data] generateClient() called - returning mock client
[90mstdout[2m | src/components/RecordingStudio3.stories.jsx[2m > [22m[2mConversation Preset
[22m[39m[Mock amplifyClient] getAmplifyClient() called - returning mock client
[90mstdout[2m | src/components/RecordingStudio3.stories.jsx[2m > [22m[2mConversation Preset
[22m[39m[Mock Data] File.observeQuery() called with filter: undefined
[90mstdout[2m | src/components/RecordingStudio3.stories.jsx[2m > [22m[2mConversation Preset
[22m[39m[Mock Data] File.observeQuery() returning 6 items (filter applied) undefined
[90mstdout[2m | src/components/RecordingStudio3.stories.jsx[2m > [22m[2mConversation Preset
[22m[39m[Mock Data] File subscription added. Total subscriptions: 1
[90mstdout[2m | src/components/RecordingStudio3.stories.jsx[2m > [22m[2mConversation Preset
[22m[39m[Mock Data] generateClient() called - returning mock client
[90mstdout[2m | src/components/RecordingStudio3.stories.jsx[2m > [22m[2mConversation Preset
[22m[39m[Mock amplifyClient] getAmplifyClient() called - returning mock client
[90mstdout[2m | src/components/RecordingStudio3.stories.jsx[2m > [22m[2mConversation Preset
[22m[39m[Mock Data] Document.observeQuery() called with filter: undefined
[90mstdout[2m | src/components/RecordingStudio3.stories.jsx[2m > [22m[2mConversation Preset
[22m[39m[Mock Data] Document.observeQuery() returning 0 items (filter applied) undefined
[90mstdout[2m | src/components/RecordingStudio3.stories.jsx[2m > [22m[2mConversation Preset
[22m[39m[Mock Data] Document subscription added. Total subscriptions: 1
[90mstdout[2m | src/components/RecordingStudio3.stories.jsx[2m > [22m[2mConversation Preset
[22m[39m[ChatContext] Setting up observeQuery for AssistantChat
[90mstdout[2m | src/components/RecordingStudio3.stories.jsx[2m > [22m[2mConversation Preset
[22m[39m[Mock Data] AssistantChat.observeQuery() called with filter: {
  "sortDirection": "DESC",
  "sortField": "createdAt",
}
[90mstdout[2m | src/components/RecordingStudio3.stories.jsx[2m > [22m[2mConversation Preset
[22m[39m[Mock Data] AssistantChat.observeQuery() returning 1 items (filter applied) {
  "sortDirection": "DESC",
  "sortField": "createdAt",
}
[90mstdout[2m | src/components/RecordingStudio3.stories.jsx[2m > [22m[2mConversation Preset
[22m[39m[Mock Data] AssistantChat subscription added. Total subscriptions: 1
[90mstdout[2m | src/components/RecordingStudio3.stories.jsx[2m > [22m[2mConversation Preset
[22m[39m[ChatContext] Waiting for subscription to initialize
[90mstdout[2m | src/components/RecordingStudio3.stories.jsx[2m > [22m[2mConversation Preset
[22m[39m[SettingsContext] Setting up Settings subscription for user: mock-user-sub
[90mstdout[2m | src/components/RecordingStudio3.stories.jsx[2m > [22m[2mConversation Preset
[22m[39m[Mock Data] generateClient() called - returning mock client
[90mstdout[2m | src/components/RecordingStudio3.stories.jsx[2m > [22m[2mConversation Preset
[22m[39m[Mock amplifyClient] getAmplifyClient() called - returning mock client
[90mstdout[2m | src/components/RecordingStudio3.stories.jsx[2m > [22m[2mConversation Preset
[22m[39m[Mock Data] Settings.observeQuery() called with filter: undefined
[90mstdout[2m | src/components/RecordingStudio3.stories.jsx[2m > [22m[2mConversation Preset
[22m[39m[Mock Data] Settings.observeQuery() returning 0 items (filter applied) undefined
[90mstdout[2m | src/components/RecordingStudio3.stories.jsx[2m > [22m[2mConversation Preset
[22m[39m[Mock Data] Settings subscription added. Total subscriptions: 1
[90mstdout[2m | src/components/RecordingStudio3.stories.jsx[2m > [22m[2mConversation Preset
[22m[39m[SectionContext] Initial sections: 0 []
[90mstdout[2m | src/components/RecordingStudio3.stories.jsx[2m > [22m[2mConversation Preset
[22m[39m[Mock Data] Section.onCreate() called with filter: undefined
[90mstdout[2m | src/components/RecordingStudio3.stories.jsx[2m > [22m[2mConversation Preset
[22m[39m[Mock Data] Section.onCreate() subscription added. Total: 1
[90mstdout[2m | src/components/RecordingStudio3.stories.jsx[2m > [22m[2mConversation Preset
[22m[39m[Mock Data] Section.onUpdate() called with filter: undefined
[90mstdout[2m | src/components/RecordingStudio3.stories.jsx[2m > [22m[2mConversation Preset
[22m[39m[Mock Data] Section.onUpdate() subscription added. Total: 1
[90mstdout[2m | src/components/RecordingStudio3.stories.jsx[2m > [22m[2mConversation Preset
[22m[39m[Mock Data] Section.onDelete() called with filter: undefined
[90mstdout[2m | src/components/RecordingStudio3.stories.jsx[2m > [22m[2mConversation Preset
[22m[39m[Mock Data] Section.onDelete() subscription added. Total: 1
[90mstdout[2m | src/components/RecordingStudio3.stories.jsx[2m > [22m[2mConversation Preset
[22m[39m[Mock Data] Assignment.onCreate() called with filter: {
  "filter": {
    "unitID": {
      "eq": "mock-unit-id",
    },
  },
}
[90mstdout[2m | src/components/RecordingStudio3.stories.jsx[2m > [22m[2mConversation Preset
[22m[39m[Mock Data] Assignment.onCreate() subscription added. Total: 1
[90mstdout[2m | src/components/RecordingStudio3.stories.jsx[2m > [22m[2mConversation Preset
[22m[39m[Mock Data] Assignment.onUpdate() called with filter: {
  "filter": {
    "unitID": {
      "eq": "mock-unit-id",
    },
  },
}
[90mstdout[2m | src/components/RecordingStudio3.stories.jsx[2m > [22m[2mConversation Preset
[22m[39m[Mock Data] Assignment.onUpdate() subscription added. Total: 1
[90mstdout[2m | src/components/RecordingStudio3.stories.jsx[2m > [22m[2mConversation Preset
[22m[39m[Mock Data] Assignment.onDelete() called with filter: {
  "filter": {
    "unitID": {
      "eq": "mock-unit-id",
    },
  },
}
[90mstdout[2m | src/components/RecordingStudio3.stories.jsx[2m > [22m[2mConversation Preset
[22m[39m[Mock Data] Assignment.onDelete() subscription added. Total: 1
[90mstdout[2m | src/components/RecordingStudio3.stories.jsx[2m > [22m[2mConversation Preset
[22m[39m[FilesContext] File observeQuery subscription triggered:
[90mstdout[2m | src/components/RecordingStudio3.stories.jsx[2m > [22m[2mConversation Preset
[22m[39m  - items.length: 6
[90mstdout[2m | src/components/RecordingStudio3.stories.jsx[2m > [22m[2mConversation Preset
[22m[39m  - isSynced: true
[90mstdout[2m | src/components/RecordingStudio3.stories.jsx[2m > [22m[2mConversation Preset
[22m[39m  - items: [
  {
    "_deleted": null,
    "_lastChangedAt": 1767711773285,
    "_version": 1,
    "byHex": null,
    "createdAt": "2026-01-06T15:02:53.253Z",
    "description": "Japanese language textbook - Chapter 1",
    "document": Promise {},
    "documentID": "e01017e1-fe7a-4521-b71c-09ec31b18639",
    "duration": null,
    "embedding": null,
    "generated": null,
    "hex": null,
    "id": "a57d7833-5fa7-4cb7-8b7a-ce7c6e10e551",
    "identityId": "us-east-1:b0eadde9-f02c-c71b-17a6-22ffd37d89c8",
    "key": "files/Japanese Wind 1.pdf",
    "level": "protected",
    "mimeType": "application/pdf",
    "model": null,
    "name": "Japanese Wind 1.pdf",
    "owner": "64d81418-7021-701d-9fed-a4c2e0735711",
    "parsedContent": [Function anonymous],
    "parsedContentID": null,
    "path": "files/Japanese Wind 1.pdf",
    "prompt": null,
    "size": 4706654,
    "thumbnail": null,
    "type": "pdf",
    "updatedAt": "2026-01-06T15:02:53.253Z",
    "variant": null,
    "waveformData": null,
  },
  {
    "_version": 2,
    "createdAt": "2026-01-15T10:00:00.000Z",
    "description": "Sample report with vocabulary",
    "document": Promise {},
    "documentID": "cd824b5b-2c66-41f8-8571-aa6794ff590c",
    "generated": false,
    "id": "mock-pdf-file-2",
    "identityId": "us-east-1:mock-identity",
    "key": "files/report.pdf",
    "level": "protected",
    "mimeType": "application/pdf",
    "name": "report.pdf",
    "owner": "mock-user-id",
    "parsedContent": [Function anonymous],
    "path": "files/report.pdf",
    "size": 123456,
    "type": "pdf",
    "updatedAt": "2026-01-15T10:30:00.000Z",
  },
  {
    "_version": 3,
    "createdAt": "2026-01-14T08:00:00.000Z",
    "description": "Vocabulary lesson PDF with extracted content",
    "document": Promise {},
    "documentID": "mock-document-3",
    "generated": false,
    "id": "mock-pdf-file-3",
    "identityId": "us-east-1:mock-identity",
    "key": "files/vocabulary-lesson.pdf",
    "level": "public",
    "mimeType": "application/pdf",
    "name": "vocabulary-lesson.pdf",
    "owner": "mock-user-id",
    "parsedContent": [Function anonymous],
    "path": "files/vocabulary-lesson.pdf",
    "size": 567890,
    "type": "pdf",
    "updatedAt": "2026-01-14T08:45:00.000Z",
  },
  {
    "_version": 1,
    "createdAt": "2026-01-20T10:00:00.000Z",
    "description": "Sample pronunciation audio",
    "documentID": null,
    "duration": 3.5,
    "generated": true,
    "id": "mock-audio-file-1",
    "identityId": "us-east-1:mock-identity",
    "key": "audio/pronunciation-demo.mp3",
    "level": "public",
    "mimeType": "audio/mpeg",
    "name": "pronunciation-demo.mp3",
    "owner": "mock-user-id",
    "parsedContent": [Function anonymous],
    "path": "/story-mocks/cinematic-designed-sci-fi-whoosh-transition-nexawave-228295.mp3",
    "size": 56789,
    "type": "audio",
    "updatedAt": "2026-01-20T10:00:00.000Z",
    "waveformData": null,
  },
  {
    "_version": 1,
    "createdAt": "2026-01-19T14:30:00.000Z",
    "description": "Lesson introduction audio",
    "documentID": null,
    "duration": 5.2,
    "generated": false,
    "id": "mock-audio-file-2",
    "identityId": "us-east-1:mock-identity",
    "key": "audio/lesson-intro.mp3",
    "level": "public",
    "mimeType": "audio/mpeg",
    "name": "lesson-intro.mp3",
    "owner": "mock-user-id",
    "parsedContent": [Function anonymous],
    "path": "/story-mocks/descent-whoosh-long-cinematic-sound-effect-405921.mp3",
    "size": 87654,
    "type": "audio",
    "updatedAt": "2026-01-19T14:30:00.000Z",
    "waveformData": null,
  },
  {
    "_version": 1,
    "createdAt": "2026-01-18T09:15:00.000Z",
    "description": "Hiragana character chart",
    "documentID": null,
    "generated": false,
    "id": "mock-image-file-1",
    "identityId": "us-east-1:mock-identity",
    "key": "images/hiragana-chart.png",
    "level": "public",
    "mimeType": "image/png",
    "name": "hiragana-chart.png",
    "owner": "mock-user-id",
    "parsedContent": [Function anonymous],
    "path": "images/hiragana-chart.png",
    "size": 234567,
    "thumbnail": "thumbnails/hiragana-chart-thumb.png",
    "type": "image",
    "updatedAt": "2026-01-18T09:15:00.000Z",
  },
]
[90mstdout[2m | src/components/RecordingStudio3.stories.jsx[2m > [22m[2mConversation Preset
[22m[39m[FilesContext] Files count changed: 0 → 6
[90mstdout[2m | src/components/RecordingStudio3.stories.jsx[2m > [22m[2mConversation Preset
[22m[39m[MOCK CourseVectorStore] Initialized with mock data
[90mstdout[2m | src/components/RecordingStudio3.stories.jsx[2m > [22m[2mConversation Preset
[22m[39m[MOCK CourseVectorStore] Initialized with mock data
[90mstdout[2m | src/components/RecordingStudio3.stories.jsx[2m > [22m[2mConversation Preset
[22m[39m[useTranslationWithCapture] t() called: {
  "key": "recordingStudio3.importJson",
  "mode": "off",
  "namespace": "components",
  "value": "Import JSON",
}
[90mstdout[2m | src/components/RecordingStudio3.stories.jsx[2m > [22m[2mConversation Preset
[22m[39m[useTranslationWithCapture] t() called: {
  "key": "recordingStudio3.exportJson",
  "mode": "off",
  "namespace": "components",
  "value": "Export JSON",
}
[90mstdout[2m | src/components/RecordingStudio3.stories.jsx[2m > [22m[2mConversation Preset
[22m[39m[useTranslationWithCapture] t() called: {
  "key": "recordingStudio3.script",
  "mode": "off",
  "namespace": "components",
  "value": "Script",
}
[90mstdout[2m | src/components/RecordingStudio3.stories.jsx[2m > [22m[2mConversation Preset
[22m[39m[useTranslationWithCapture] t() called: {
  "key": "recordingStudio3.addLine",
  "mode": "off",
  "namespace": "components",
  "value": "Add Line",
}
[90mstdout[2m | src/components/RecordingStudio3.stories.jsx[2m > [22m[2mConversation Preset
[22m[39m[useTranslationWithCapture] t() called: {
  "key": "recordingStudio3.timeline",
  "mode": "off",
  "namespace": "components",
  "value": "Timeline",
}
[90mstdout[2m | src/components/RecordingStudio3.stories.jsx[2m > [22m[2mConversation Preset
[22m[39m[useTranslationWithCapture] t() called: {
  "key": "recordingStudio3.speakers",
  "mode": "off",
  "namespace": "components",
  "value": "Speakers",
}
[90mstdout[2m | src/components/RecordingStudio3.stories.jsx[2m > [22m[2mConversation Preset
[22m[39m[useTranslationWithCapture] t() called: {
  "key": "recordingStudio3.add",
  "mode": "off",
  "namespace": "components",
  "value": "Add",
}
[90mstdout[2m | src/components/RecordingStudio3.stories.jsx[2m > [22m[2mConversation Preset
[22m[39m[useTranslationWithCapture] t() called: {
  "key": "recordingStudio3.generateAllMissing",
  "mode": "off",
  "namespace": "components",
  "value": "Generate All Missing TTS",
}
[90mstdout[2m | src/components/RecordingStudio3.stories.jsx[2m > [22m[2mConversation Preset
[22m[39m[ChatContext] AssistantChat query update: 1 items (synced)
[90mstdout[2m | src/components/RecordingStudio3.stories.jsx[2m > [22m[2mConversation Preset
[22m[39m[ChatContext] First item details: {
  "id": "mock-assistant-chat-1",
  "updatedAt": "2024-01-26T10:15:00.000Z",
}
[90mstdout[2m | src/components/RecordingStudio3.stories.jsx[2m > [22m[2mConversation Preset
[22m[39m[ChatContext] AssistantChat subscription initialized
[90mstdout[2m | src/components/RecordingStudio3.stories.jsx[2m > [22m[2mConversation Preset
[22m[39m[ChatContext] AssistantChat list updated: 1 chats
[90mstdout[2m | src/components/RecordingStudio3.stories.jsx[2m > [22m[2mConversation Preset
[22m[39m[Mock Data] Settings.create() called with: {
  "assistantVoice": "shimmer",
  "autoAnalyzeDocuments": true,
  "defaultAIModel": "gpt-4",
  "documentAnalysisModel": "gpt-4",
  "editorFontSize": 14,
  "editorTheme": "auto",
  "emailNotifications": true,
  "language": "en",
  "webhookNotifications": false,
}
[90mstdout[2m | src/components/RecordingStudio3.stories.jsx[2m > [22m[2mConversation Preset
[22m[39m[Mock Data] Settings created: mock-settings-1776336990860 - notified 1 subscribers
[90mstdout[2m | src/components/RecordingStudio3.stories.jsx[2m > [22m[2mConversation Preset
[22m[39m[FilesContext] Vector store population triggered {
  "currentVectorStoreSize": 3,
  "documentsCount": 0,
  "filesCount": 6,
  "isInitialLoad": true,
}
[90mstdout[2m | src/components/RecordingStudio3.stories.jsx[2m > [22m[2mConversation Preset
[22m[39m[FilesContext] Vector store population complete - 3 total embeddings
[90mstdout[2m | src/components/RecordingStudio3.stories.jsx[2m > [22m[2mConversation Preset
[22m[39m[ChatContext] Setting initial chat: mock-assistant-chat-1
[90mstdout[2m | src/components/RecordingStudio3.stories.jsx[2m > [22m[2mConversation Preset
[22m[39m[ChatContext] Chat exists and not archived, skipping creation
[90mstdout[2m | src/components/RecordingStudio3.stories.jsx[2m > [22m[2mQuestion Preset
[22m[39m[Mock Data] Settings subscription unsubscribed. Remaining: 0
[90mstdout[2m | src/components/RecordingStudio3.stories.jsx[2m > [22m[2mQuestion Preset
[22m[39m[ChatContext] Cleaning up subscription
[90mstdout[2m | src/components/RecordingStudio3.stories.jsx[2m > [22m[2mQuestion Preset
[22m[39m[Mock Data] AssistantChat subscription unsubscribed. Remaining: 0
[90mstdout[2m | src/components/RecordingStudio3.stories.jsx[2m > [22m[2mQuestion Preset
[22m[39m[Mock Data] File subscription unsubscribed. Remaining: 0
[90mstdout[2m | src/components/RecordingStudio3.stories.jsx[2m > [22m[2mQuestion Preset
[22m[39m[Mock Data] Document subscription unsubscribed. Remaining: 0
[90mstdout[2m | src/components/RecordingStudio3.stories.jsx[2m > [22m[2mQuestion Preset
[22m[39m[Mock Data] Word subscription unsubscribed. Remaining: 0
[90mstdout[2m | src/components/RecordingStudio3.stories.jsx[2m > [22m[2mQuestion Preset
[22m[39m[Mock Data] Question subscription unsubscribed. Remaining: 0
[90mstdout[2m | src/components/RecordingStudio3.stories.jsx[2m > [22m[2mQuestion Preset
[22m[39m[Mock Data] Grade subscription unsubscribed. Remaining: 0
[90mstdout[2m | src/components/RecordingStudio3.stories.jsx[2m > [22m[2mQuestion Preset
[22m[39m[Mock Data] Unit subscription unsubscribed. Remaining: 0
[90mstdout[2m | src/components/RecordingStudio3.stories.jsx[2m > [22m[2mQuestion Preset
[22m[39m[SectionContext] Cleaning up subscriptions
[90mstdout[2m | src/components/RecordingStudio3.stories.jsx[2m > [22m[2mQuestion Preset
[22m[39m[Mock Data] Section.onCreate() subscription removed. Remaining: 0
[90mstdout[2m | src/components/RecordingStudio3.stories.jsx[2m > [22m[2mQuestion Preset
[22m[39m[Mock Data] Section.onUpdate() subscription removed. Remaining: 0
[90mstdout[2m | src/components/RecordingStudio3.stories.jsx[2m > [22m[2mQuestion Preset
[22m[39m[Mock Data] Section.onDelete() subscription removed. Remaining: 0
[90mstdout[2m | src/components/RecordingStudio3.stories.jsx[2m > [22m[2mQuestion Preset
[22m[39m[Mock Data] Assignment.onCreate() subscription removed. Remaining: 0
[90mstdout[2m | src/components/RecordingStudio3.stories.jsx[2m > [22m[2mQuestion Preset
[22m[39m[Mock Data] Assignment.onUpdate() subscription removed. Remaining: 0
[90mstdout[2m | src/components/RecordingStudio3.stories.jsx[2m > [22m[2mQuestion Preset
[22m[39m[Mock Data] Assignment.onDelete() subscription removed. Remaining: 0
[90mstdout[2m | src/components/RecordingStudio3.stories.jsx[2m > [22m[2mQuestion Preset
[22m[39m[Mock Data] Clearing all data stores
[90mstdout[2m | src/components/RecordingStudio3.stories.jsx[2m > [22m[2mQuestion Preset
[22m[39m[Mock Data] All data stores cleared
[90mstdout[2m | src/components/RecordingStudio3.stories.jsx[2m > [22m[2mQuestion Preset
[22m[39m[Preview] Cleared mock data for story
[90mstdout[2m | src/components/RecordingStudio3.stories.jsx[2m > [22m[2mQuestion Preset
[22m[39m[Mock Data Gen 2] Initializing mock data
[90mstdout[2m | src/components/RecordingStudio3.stories.jsx[2m > [22m[2mQuestion Preset
[22m[39m[Mock Data] seedMockAssistantChats: Replacing with 1 assistant chats
[90mstdout[2m | src/components/RecordingStudio3.stories.jsx[2m > [22m[2mQuestion Preset
[22m[39m[Mock Data Gen 2] Seeded AssistantChat: mock-assistant-chat-1
[90mstdout[2m | src/components/RecordingStudio3.stories.jsx[2m > [22m[2mQuestion Preset
[22m[39m[Mock Data] seedMockFiles: Adding 6 files
[90mstdout[2m | src/components/RecordingStudio3.stories.jsx[2m > [22m[2mQuestion Preset
[22m[39m[Mock Data Gen 2] Seeded Files: 6
[90mstdout[2m | src/components/RecordingStudio3.stories.jsx[2m > [22m[2mQuestion Preset
[22m[39m[Mock Data Gen 2] Initializing mock data
[90mstdout[2m | src/components/RecordingStudio3.stories.jsx[2m > [22m[2mQuestion Preset
[22m[39m[Mock Data] seedMockAssistantChats: Replacing with 1 assistant chats
[90mstdout[2m | src/components/RecordingStudio3.stories.jsx[2m > [22m[2mQuestion Preset
[22m[39m[Mock Data Gen 2] Seeded AssistantChat: mock-assistant-chat-1
[90mstdout[2m | src/components/RecordingStudio3.stories.jsx[2m > [22m[2mQuestion Preset
[22m[39m[Mock Data] seedMockFiles: Adding 6 files
[90mstdout[2m | src/components/RecordingStudio3.stories.jsx[2m > [22m[2mQuestion Preset
[22m[39m[Mock Data Gen 2] Seeded Files: 6
[90mstdout[2m | src/components/RecordingStudio3.stories.jsx[2m > [22m[2mQuestion Preset
[22m[39m[Preview] Initialized default mock data for story
[90mstdout[2m | src/components/RecordingStudio3.stories.jsx[2m > [22m[2mQuestion Preset
[22m[39m[Mock AuthContext] Providing auth: {
  "error": undefined,
  "isLoading": false,
  "session": {
    "idToken": {
      "toString": [Function toString],
    },
    "identityId": "us-east-1:mock-identity-123",
    "username": "mock-user-sub",
  },
  "user": {
    "attributes": {
      "email": "alice@example.com",
      "name": "Alice Student",
      "sub": "mock-user-sub",
    },
  },
}
[90mstdout[2m | src/components/RecordingStudio3.stories.jsx[2m > [22m[2mQuestion Preset
[22m[39m[Mock Data] generateClient() called - returning mock client
[90mstdout[2m | src/components/RecordingStudio3.stories.jsx[2m > [22m[2mQuestion Preset
[22m[39m[Mock amplifyClient] getAmplifyClient() called - returning mock client
[90mstdout[2m | src/components/RecordingStudio3.stories.jsx[2m > [22m[2mQuestion Preset
[22m[39m[MOCK CourseVectorStore] Initialized with mock data
[90mstdout[2m | src/components/RecordingStudio3.stories.jsx[2m > [22m[2mQuestion Preset
[22m[39m[TranslationModeController] Setting mode to: off
[90mstdout[2m | src/components/RecordingStudio3.stories.jsx[2m > [22m[2mQuestion Preset
[22m[39m[SectionContext] useEffect triggered {
  "authLoading": false,
  "hasUser": true,
  "userSub": "mock-user-sub",
}
[90mstdout[2m | src/components/RecordingStudio3.stories.jsx[2m > [22m[2mQuestion Preset
[22m[39m[SectionContext] Fetching sections for userId: mock-user-sub
[90mstdout[2m | src/components/RecordingStudio3.stories.jsx[2m > [22m[2mQuestion Preset
[22m[39m[Mock Data] generateClient() called - returning mock client
[90mstdout[2m | src/components/RecordingStudio3.stories.jsx[2m > [22m[2mQuestion Preset
[22m[39m[Mock amplifyClient] getAmplifyClient() called - returning mock client
[90mstdout[2m | src/components/RecordingStudio3.stories.jsx[2m > [22m[2mQuestion Preset
[22m[39m[Mock Data] Section.list() called with options: undefined
[90mstdout[2m | src/components/RecordingStudio3.stories.jsx[2m > [22m[2mQuestion Preset
[22m[39m[Mock Data] generateClient() called - returning mock client
[90mstdout[2m | src/components/RecordingStudio3.stories.jsx[2m > [22m[2mQuestion Preset
[22m[39m[Mock amplifyClient] getAmplifyClient() called - returning mock client
[90mstdout[2m | src/components/RecordingStudio3.stories.jsx[2m > [22m[2mQuestion Preset
[22m[39m[Mock Data] Assignment.list() called with options: {
  "filter": {
    "unitID": {
      "eq": "mock-unit-id",
    },
  },
}
[90mstdout[2m | src/components/RecordingStudio3.stories.jsx[2m > [22m[2mQuestion Preset
[22m[39m[Mock Data] generateClient() called - returning mock client
[90mstdout[2m | src/components/RecordingStudio3.stories.jsx[2m > [22m[2mQuestion Preset
[22m[39m[Mock amplifyClient] getAmplifyClient() called - returning mock client
[90mstdout[2m | src/components/RecordingStudio3.stories.jsx[2m > [22m[2mQuestion Preset
[22m[39m[Mock Data] Grade.observeQuery() called with filter: {
  "filter": {
    "unitID": {
      "eq": "mock-unit-id",
    },
  },
}
[90mstdout[2m | src/components/RecordingStudio3.stories.jsx[2m > [22m[2mQuestion Preset
[22m[39m[Mock Data] Grade.observeQuery() applying filter: {
  "unitID": {
    "eq": "mock-unit-id",
  },
}
[90mstdout[2m | src/components/RecordingStudio3.stories.jsx[2m > [22m[2mQuestion Preset
[22m[39m[Mock Data] Grade.observeQuery() items before filter: 0
[90mstdout[2m | src/components/RecordingStudio3.stories.jsx[2m > [22m[2mQuestion Preset
[22m[39m[Mock Data] Grade.observeQuery() items after filter: 0
[90mstdout[2m | src/components/RecordingStudio3.stories.jsx[2m > [22m[2mQuestion Preset
[22m[39m[Mock Data] Grade.observeQuery() returning 0 items (filter applied) {
  "filter": {
    "unitID": {
      "eq": "mock-unit-id",
    },
  },
}
[90mstdout[2m | src/components/RecordingStudio3.stories.jsx[2m > [22m[2mQuestion Preset
[22m[39m[Mock Data] Grade subscription added. Total subscriptions: 1
[90mstdout[2m | src/components/RecordingStudio3.stories.jsx[2m > [22m[2mQuestion Preset
[22m[39m[UnitContext] useEffect triggered {
  "authLoading": false,
  "hasUser": true,
  "id": "mock-unit-id",
  "userSub": "mock-user-sub",
}
[90mstdout[2m | src/components/RecordingStudio3.stories.jsx[2m > [22m[2mQuestion Preset
[22m[39m[UnitContext] Fetching unit data for id: mock-unit-id
[90mstdout[2m | src/components/RecordingStudio3.stories.jsx[2m > [22m[2mQuestion Preset
[22m[39m[Mock Data] generateClient() called - returning mock client
[90mstdout[2m | src/components/RecordingStudio3.stories.jsx[2m > [22m[2mQuestion Preset
[22m[39m[Mock amplifyClient] getAmplifyClient() called - returning mock client
[90mstdout[2m | src/components/RecordingStudio3.stories.jsx[2m > [22m[2mQuestion Preset
[22m[39m[Mock Data] Unit.observeQuery() called with filter: {
  "filter": {
    "id": {
      "eq": "mock-unit-id",
    },
  },
}
[90mstdout[2m | src/components/RecordingStudio3.stories.jsx[2m > [22m[2mQuestion Preset
[22m[39m[Mock Data] Unit.observeQuery() applying filter: {
  "id": {
    "eq": "mock-unit-id",
  },
}
[90mstdout[2m | src/components/RecordingStudio3.stories.jsx[2m > [22m[2mQuestion Preset
[22m[39m[Mock Data] Unit.observeQuery() items before filter: 0
[90mstdout[2m | src/components/RecordingStudio3.stories.jsx[2m > [22m[2mQuestion Preset
[22m[39m[Mock Data] Unit.observeQuery() items after filter: 0
[90mstdout[2m | src/components/RecordingStudio3.stories.jsx[2m > [22m[2mQuestion Preset
[22m[39m[Mock Data] Unit.observeQuery() returning 0 items (filter applied) {
  "filter": {
    "id": {
      "eq": "mock-unit-id",
    },
  },
}
[90mstdout[2m | src/components/RecordingStudio3.stories.jsx[2m > [22m[2mQuestion Preset
[22m[39m[Mock Data] Unit subscription added. Total subscriptions: 1
[90mstdout[2m | src/components/RecordingStudio3.stories.jsx[2m > [22m[2mQuestion Preset
[22m[39m[Mock Data] generateClient() called - returning mock client
[90mstdout[2m | src/components/RecordingStudio3.stories.jsx[2m > [22m[2mQuestion Preset
[22m[39m[Mock amplifyClient] getAmplifyClient() called - returning mock client
[90mstdout[2m | src/components/RecordingStudio3.stories.jsx[2m > [22m[2mQuestion Preset
[22m[39m[Mock Data] Word.observeQuery() called with filter: undefined
[90mstdout[2m | src/components/RecordingStudio3.stories.jsx[2m > [22m[2mQuestion Preset
[22m[39m[Mock Data] Word.observeQuery() returning 0 items (filter applied) undefined
[90mstdout[2m | src/components/RecordingStudio3.stories.jsx[2m > [22m[2mQuestion Preset
[22m[39m[Mock Data] Word subscription added. Total subscriptions: 1
[90mstdout[2m | src/components/RecordingStudio3.stories.jsx[2m > [22m[2mQuestion Preset
[22m[39m[Mock Data] generateClient() called - returning mock client
[90mstdout[2m | src/components/RecordingStudio3.stories.jsx[2m > [22m[2mQuestion Preset
[22m[39m[Mock amplifyClient] getAmplifyClient() called - returning mock client
[90mstdout[2m | src/components/RecordingStudio3.stories.jsx[2m > [22m[2mQuestion Preset
[22m[39m[Mock Data] Question.observeQuery() called with filter: undefined
[90mstdout[2m | src/components/RecordingStudio3.stories.jsx[2m > [22m[2mQuestion Preset
[22m[39m[Mock Data] Question.observeQuery() returning 0 items (filter applied) undefined
[90mstdout[2m | src/components/RecordingStudio3.stories.jsx[2m > [22m[2mQuestion Preset
[22m[39m[Mock Data] Question subscription added. Total subscriptions: 1
[90mstdout[2m | src/components/RecordingStudio3.stories.jsx[2m > [22m[2mQuestion Preset
[22m[39m[FilesContext] Initializing vector store from IndexedDB
[90mstdout[2m | src/components/RecordingStudio3.stories.jsx[2m > [22m[2mQuestion Preset
[22m[39m[FilesContext] fetchFiles called
[90mstdout[2m | src/components/RecordingStudio3.stories.jsx[2m > [22m[2mQuestion Preset
[22m[39m[FilesContext] User authenticated: mock-user-sub
[90mstdout[2m | src/components/RecordingStudio3.stories.jsx[2m > [22m[2mQuestion Preset
[22m[39m[FilesContext] Identity ID: us-east-1:mock-identity-123
[90mstdout[2m | src/components/RecordingStudio3.stories.jsx[2m > [22m[2mQuestion Preset
[22m[39m[FilesContext] About to subscribe to File model
[90mstdout[2m | src/components/RecordingStudio3.stories.jsx[2m > [22m[2mQuestion Preset
[22m[39m[Mock Data] generateClient() called - returning mock client
[90mstdout[2m | src/components/RecordingStudio3.stories.jsx[2m > [22m[2mQuestion Preset
[22m[39m[Mock amplifyClient] getAmplifyClient() called - returning mock client
[90mstdout[2m | src/components/RecordingStudio3.stories.jsx[2m > [22m[2mQuestion Preset
[22m[39m[Mock Data] File.observeQuery() called with filter: undefined
[90mstdout[2m | src/components/RecordingStudio3.stories.jsx[2m > [22m[2mQuestion Preset
[22m[39m[Mock Data] File.observeQuery() returning 6 items (filter applied) undefined
[90mstdout[2m | src/components/RecordingStudio3.stories.jsx[2m > [22m[2mQuestion Preset
[22m[39m[Mock Data] File subscription added. Total subscriptions: 1
[90mstdout[2m | src/components/RecordingStudio3.stories.jsx[2m > [22m[2mQuestion Preset
[22m[39m[Mock Data] generateClient() called - returning mock client
[90mstdout[2m | src/components/RecordingStudio3.stories.jsx[2m > [22m[2mQuestion Preset
[22m[39m[Mock amplifyClient] getAmplifyClient() called - returning mock client
[90mstdout[2m | src/components/RecordingStudio3.stories.jsx[2m > [22m[2mQuestion Preset
[22m[39m[Mock Data] Document.observeQuery() called with filter: undefined
[90mstdout[2m | src/components/RecordingStudio3.stories.jsx[2m > [22m[2mQuestion Preset
[22m[39m[Mock Data] Document.observeQuery() returning 0 items (filter applied) undefined
[90mstdout[2m | src/components/RecordingStudio3.stories.jsx[2m > [22m[2mQuestion Preset
[22m[39m[Mock Data] Document subscription added. Total subscriptions: 1
[90mstdout[2m | src/components/RecordingStudio3.stories.jsx[2m > [22m[2mQuestion Preset
[22m[39m[ChatContext] Setting up observeQuery for AssistantChat
[90mstdout[2m | src/components/RecordingStudio3.stories.jsx[2m > [22m[2mQuestion Preset
[22m[39m[Mock Data] AssistantChat.observeQuery() called with filter: {
  "sortDirection": "DESC",
  "sortField": "createdAt",
}
[90mstdout[2m | src/components/RecordingStudio3.stories.jsx[2m > [22m[2mQuestion Preset
[22m[39m[Mock Data] AssistantChat.observeQuery() returning 1 items (filter applied) {
  "sortDirection": "DESC",
  "sortField": "createdAt",
}
[90mstdout[2m | src/components/RecordingStudio3.stories.jsx[2m > [22m[2mQuestion Preset
[22m[39m[Mock Data] AssistantChat subscription added. Total subscriptions: 1
[90mstdout[2m | src/components/RecordingStudio3.stories.jsx[2m > [22m[2mQuestion Preset
[22m[39m[ChatContext] Waiting for subscription to initialize
[90mstdout[2m | src/components/RecordingStudio3.stories.jsx[2m > [22m[2mQuestion Preset
[22m[39m[SettingsContext] Setting up Settings subscription for user: mock-user-sub
[90mstdout[2m | src/components/RecordingStudio3.stories.jsx[2m > [22m[2mQuestion Preset
[22m[39m[Mock Data] generateClient() called - returning mock client
[90mstdout[2m | src/components/RecordingStudio3.stories.jsx[2m > [22m[2mQuestion Preset
[22m[39m[Mock amplifyClient] getAmplifyClient() called - returning mock client
[90mstdout[2m | src/components/RecordingStudio3.stories.jsx[2m > [22m[2mQuestion Preset
[22m[39m[Mock Data] Settings.observeQuery() called with filter: undefined
[90mstdout[2m | src/components/RecordingStudio3.stories.jsx[2m > [22m[2mQuestion Preset
[22m[39m[Mock Data] Settings.observeQuery() returning 0 items (filter applied) undefined
[90mstdout[2m | src/components/RecordingStudio3.stories.jsx[2m > [22m[2mQuestion Preset
[22m[39m[Mock Data] Settings subscription added. Total subscriptions: 1
[90mstdout[2m | src/components/RecordingStudio3.stories.jsx[2m > [22m[2mQuestion Preset
[22m[39m[SectionContext] Initial sections: 0 []
[90mstdout[2m | src/components/RecordingStudio3.stories.jsx[2m > [22m[2mQuestion Preset
[22m[39m[Mock Data] Section.onCreate() called with filter: undefined
[90mstdout[2m | src/components/RecordingStudio3.stories.jsx[2m > [22m[2mQuestion Preset
[22m[39m[Mock Data] Section.onCreate() subscription added. Total: 1
[90mstdout[2m | src/components/RecordingStudio3.stories.jsx[2m > [22m[2mQuestion Preset
[22m[39m[Mock Data] Section.onUpdate() called with filter: undefined
[90mstdout[2m | src/components/RecordingStudio3.stories.jsx[2m > [22m[2mQuestion Preset
[22m[39m[Mock Data] Section.onUpdate() subscription added. Total: 1
[90mstdout[2m | src/components/RecordingStudio3.stories.jsx[2m > [22m[2mQuestion Preset
[22m[39m[Mock Data] Section.onDelete() called with filter: undefined
[90mstdout[2m | src/components/RecordingStudio3.stories.jsx[2m > [22m[2mQuestion Preset
[22m[39m[Mock Data] Section.onDelete() subscription added. Total: 1
[90mstdout[2m | src/components/RecordingStudio3.stories.jsx[2m > [22m[2mQuestion Preset
[22m[39m[Mock Data] Assignment.onCreate() called with filter: {
  "filter": {
    "unitID": {
      "eq": "mock-unit-id",
    },
  },
}
[90mstdout[2m | src/components/RecordingStudio3.stories.jsx[2m > [22m[2mQuestion Preset
[22m[39m[Mock Data] Assignment.onCreate() subscription added. Total: 1
[90mstdout[2m | src/components/RecordingStudio3.stories.jsx[2m > [22m[2mQuestion Preset
[22m[39m[Mock Data] Assignment.onUpdate() called with filter: {
  "filter": {
    "unitID": {
      "eq": "mock-unit-id",
    },
  },
}
[90mstdout[2m | src/components/RecordingStudio3.stories.jsx[2m > [22m[2mQuestion Preset
[22m[39m[Mock Data] Assignment.onUpdate() subscription added. Total: 1
[90mstdout[2m | src/components/RecordingStudio3.stories.jsx[2m > [22m[2mQuestion Preset
[22m[39m[Mock Data] Assignment.onDelete() called with filter: {
  "filter": {
    "unitID": {
      "eq": "mock-unit-id",
    },
  },
}
[90mstdout[2m | src/components/RecordingStudio3.stories.jsx[2m > [22m[2mQuestion Preset
[22m[39m[Mock Data] Assignment.onDelete() subscription added. Total: 1
[90mstdout[2m | src/components/RecordingStudio3.stories.jsx[2m > [22m[2mQuestion Preset
[22m[39m[FilesContext] File observeQuery subscription triggered:
[90mstdout[2m | src/components/RecordingStudio3.stories.jsx[2m > [22m[2mQuestion Preset
[22m[39m  - items.length: 6
[90mstdout[2m | src/components/RecordingStudio3.stories.jsx[2m > [22m[2mQuestion Preset
[22m[39m  - isSynced: true
[90mstdout[2m | src/components/RecordingStudio3.stories.jsx[2m > [22m[2mQuestion Preset
[22m[39m  - items: [
  {
    "_deleted": null,
    "_lastChangedAt": 1767711773285,
    "_version": 1,
    "byHex": null,
    "createdAt": "2026-01-06T15:02:53.253Z",
    "description": "Japanese language textbook - Chapter 1",
    "document": Promise {},
    "documentID": "e01017e1-fe7a-4521-b71c-09ec31b18639",
    "duration": null,
    "embedding": null,
    "generated": null,
    "hex": null,
    "id": "a57d7833-5fa7-4cb7-8b7a-ce7c6e10e551",
    "identityId": "us-east-1:b0eadde9-f02c-c71b-17a6-22ffd37d89c8",
    "key": "files/Japanese Wind 1.pdf",
    "level": "protected",
    "mimeType": "application/pdf",
    "model": null,
    "name": "Japanese Wind 1.pdf",
    "owner": "64d81418-7021-701d-9fed-a4c2e0735711",
    "parsedContent": [Function anonymous],
    "parsedContentID": null,
    "path": "files/Japanese Wind 1.pdf",
    "prompt": null,
    "size": 4706654,
    "thumbnail": null,
    "type": "pdf",
    "updatedAt": "2026-01-06T15:02:53.253Z",
    "variant": null,
    "waveformData": null,
  },
  {
    "_version": 2,
    "createdAt": "2026-01-15T10:00:00.000Z",
    "description": "Sample report with vocabulary",
    "document": Promise {},
    "documentID": "cd824b5b-2c66-41f8-8571-aa6794ff590c",
    "generated": false,
    "id": "mock-pdf-file-2",
    "identityId": "us-east-1:mock-identity",
    "key": "files/report.pdf",
    "level": "protected",
    "mimeType": "application/pdf",
    "name": "report.pdf",
    "owner": "mock-user-id",
    "parsedContent": [Function anonymous],
    "path": "files/report.pdf",
    "size": 123456,
    "type": "pdf",
    "updatedAt": "2026-01-15T10:30:00.000Z",
  },
  {
    "_version": 3,
    "createdAt": "2026-01-14T08:00:00.000Z",
    "description": "Vocabulary lesson PDF with extracted content",
    "document": Promise {},
    "documentID": "mock-document-3",
    "generated": false,
    "id": "mock-pdf-file-3",
    "identityId": "us-east-1:mock-identity",
    "key": "files/vocabulary-lesson.pdf",
    "level": "public",
    "mimeType": "application/pdf",
    "name": "vocabulary-lesson.pdf",
    "owner": "mock-user-id",
    "parsedContent": [Function anonymous],
    "path": "files/vocabulary-lesson.pdf",
    "size": 567890,
    "type": "pdf",
    "updatedAt": "2026-01-14T08:45:00.000Z",
  },
  {
    "_version": 1,
    "createdAt": "2026-01-20T10:00:00.000Z",
    "description": "Sample pronunciation audio",
    "documentID": null,
    "duration": 3.5,
    "generated": true,
    "id": "mock-audio-file-1",
    "identityId": "us-east-1:mock-identity",
    "key": "audio/pronunciation-demo.mp3",
    "level": "public",
    "mimeType": "audio/mpeg",
    "name": "pronunciation-demo.mp3",
    "owner": "mock-user-id",
    "parsedContent": [Function anonymous],
    "path": "/story-mocks/cinematic-designed-sci-fi-whoosh-transition-nexawave-228295.mp3",
    "size": 56789,
    "type": "audio",
    "updatedAt": "2026-01-20T10:00:00.000Z",
    "waveformData": null,
  },
  {
    "_version": 1,
    "createdAt": "2026-01-19T14:30:00.000Z",
    "description": "Lesson introduction audio",
    "documentID": null,
    "duration": 5.2,
    "generated": false,
    "id": "mock-audio-file-2",
    "identityId": "us-east-1:mock-identity",
    "key": "audio/lesson-intro.mp3",
    "level": "public",
    "mimeType": "audio/mpeg",
    "name": "lesson-intro.mp3",
    "owner": "mock-user-id",
    "parsedContent": [Function anonymous],
    "path": "/story-mocks/descent-whoosh-long-cinematic-sound-effect-405921.mp3",
    "size": 87654,
    "type": "audio",
    "updatedAt": "2026-01-19T14:30:00.000Z",
    "waveformData": null,
  },
  {
    "_version": 1,
    "createdAt": "2026-01-18T09:15:00.000Z",
    "description": "Hiragana character chart",
    "documentID": null,
    "generated": false,
    "id": "mock-image-file-1",
    "identityId": "us-east-1:mock-identity",
    "key": "images/hiragana-chart.png",
    "level": "public",
    "mimeType": "image/png",
    "name": "hiragana-chart.png",
    "owner": "mock-user-id",
    "parsedContent": [Function anonymous],
    "path": "images/hiragana-chart.png",
    "size": 234567,
    "thumbnail": "thumbnails/hiragana-chart-thumb.png",
    "type": "image",
    "updatedAt": "2026-01-18T09:15:00.000Z",
  },
]
[90mstdout[2m | src/components/RecordingStudio3.stories.jsx[2m > [22m[2mQuestion Preset
[22m[39m[FilesContext] Files count changed: 0 → 6
[90mstdout[2m | src/components/RecordingStudio3.stories.jsx[2m > [22m[2mQuestion Preset
[22m[39m[MOCK CourseVectorStore] Initialized with mock data
[90mstdout[2m | src/components/RecordingStudio3.stories.jsx[2m > [22m[2mQuestion Preset
[22m[39m[MOCK CourseVectorStore] Initialized with mock data
[90mstdout[2m | src/components/RecordingStudio3.stories.jsx[2m > [22m[2mQuestion Preset
[22m[39m[useTranslationWithCapture] t() called: {
  "key": "recordingStudio3.importJson",
  "mode": "off",
  "namespace": "components",
  "value": "Import JSON",
}
[90mstdout[2m | src/components/RecordingStudio3.stories.jsx[2m > [22m[2mQuestion Preset
[22m[39m[useTranslationWithCapture] t() called: {
  "key": "recordingStudio3.exportJson",
  "mode": "off",
  "namespace": "components",
  "value": "Export JSON",
}
[90mstdout[2m | src/components/RecordingStudio3.stories.jsx[2m > [22m[2mQuestion Preset
[22m[39m[useTranslationWithCapture] t() called: {
  "key": "recordingStudio3.script",
  "mode": "off",
  "namespace": "components",
  "value": "Script",
}
[90mstdout[2m | src/components/RecordingStudio3.stories.jsx[2m > [22m[2mQuestion Preset
[22m[39m[useTranslationWithCapture] t() called: {
  "key": "recordingStudio3.addLine",
  "mode": "off",
  "namespace": "components",
  "value": "Add Line",
}
[90mstdout[2m | src/components/RecordingStudio3.stories.jsx[2m > [22m[2mQuestion Preset
[22m[39m[useTranslationWithCapture] t() called: {
  "key": "recordingStudio3.timeline",
  "mode": "off",
  "namespace": "components",
  "value": "Timeline",
}
[90mstdout[2m | src/components/RecordingStudio3.stories.jsx[2m > [22m[2mQuestion Preset
[22m[39m[useTranslationWithCapture] t() called: {
  "key": "recordingStudio3.speakers",
  "mode": "off",
  "namespace": "components",
  "value": "Speakers",
}
[90mstdout[2m | src/components/RecordingStudio3.stories.jsx[2m > [22m[2mQuestion Preset
[22m[39m[useTranslationWithCapture] t() called: {
  "key": "recordingStudio3.add",
  "mode": "off",
  "namespace": "components",
  "value": "Add",
}
[90mstdout[2m | src/components/RecordingStudio3.stories.jsx[2m > [22m[2mQuestion Preset
[22m[39m[useTranslationWithCapture] t() called: {
  "key": "recordingStudio3.voice",
  "mode": "off",
  "namespace": "components",
  "value": "Voice",
}
[90mstdout[2m | src/components/RecordingStudio3.stories.jsx[2m > [22m[2mQuestion Preset
[22m[39m[useTranslationWithCapture] t() called: {
  "key": "recordingStudio3.voice",
  "mode": "off",
  "namespace": "components",
  "value": "Voice",
}
[90mstdout[2m | src/components/RecordingStudio3.stories.jsx[2m > [22m[2mQuestion Preset
[22m[39m[useTranslationWithCapture] t() called: {
  "key": "recordingStudio3.voice",
  "mode": "off",
  "namespace": "components",
  "value": "Voice",
}
[90mstdout[2m | src/components/RecordingStudio3.stories.jsx[2m > [22m[2mQuestion Preset
[22m[39m[useTranslationWithCapture] t() called: {
  "key": "recordingStudio3.voice",
  "mode": "off",
  "namespace": "components",
  "value": "Voice",
}
[90mstdout[2m | src/components/RecordingStudio3.stories.jsx[2m > [22m[2mQuestion Preset
[22m[39m[useTranslationWithCapture] t() called: {
  "key": "recordingStudio3.generateAllMissing",
  "mode": "off",
  "namespace": "components",
  "value": "Generate All Missing TTS",
}
[90mstdout[2m | src/components/RecordingStudio3.stories.jsx[2m > [22m[2mQuestion Preset
[22m[39m[FilesContext] Vector store population triggered {
  "currentVectorStoreSize": 3,
  "documentsCount": 0,
  "filesCount": 6,
  "isInitialLoad": true,
}
[90mstdout[2m | src/components/RecordingStudio3.stories.jsx[2m > [22m[2mQuestion Preset
[22m[39m[FilesContext] Vector store population complete - 3 total embeddings
[90mstdout[2m | src/components/RecordingStudio3.stories.jsx[2m > [22m[2mQuestion Preset
[22m[39m[ChatContext] AssistantChat query update: 1 items (synced)
[90mstdout[2m | src/components/RecordingStudio3.stories.jsx[2m > [22m[2mQuestion Preset
[22m[39m[ChatContext] First item details: {
  "id": "mock-assistant-chat-1",
  "updatedAt": "2024-01-26T10:15:00.000Z",
}
[90mstdout[2m | src/components/RecordingStudio3.stories.jsx[2m > [22m[2mQuestion Preset
[22m[39m[ChatContext] AssistantChat subscription initialized
[90mstdout[2m | src/components/RecordingStudio3.stories.jsx[2m > [22m[2mQuestion Preset
[22m[39m[ChatContext] AssistantChat list updated: 1 chats
[90mstdout[2m | src/components/RecordingStudio3.stories.jsx[2m > [22m[2mQuestion Preset
[22m[39m[Mock Data] Settings.create() called with: {
  "assistantVoice": "shimmer",
  "autoAnalyzeDocuments": true,
  "defaultAIModel": "gpt-4",
  "documentAnalysisModel": "gpt-4",
  "editorFontSize": 14,
  "editorTheme": "auto",
  "emailNotifications": true,
  "language": "en",
  "webhookNotifications": false,
}
[90mstdout[2m | src/components/RecordingStudio3.stories.jsx[2m > [22m[2mQuestion Preset
[22m[39m[Mock Data] Settings created: mock-settings-1776336991101 - notified 1 subscribers
[90mstdout[2m | src/components/RecordingStudio3.stories.jsx[2m > [22m[2mQuestion Preset
[22m[39m[ChatContext] Setting initial chat: mock-assistant-chat-1
[90mstdout[2m | src/components/RecordingStudio3.stories.jsx[2m > [22m[2mQuestion Preset
[22m[39m[ChatContext] Chat exists and not archived, skipping creation
 [32m✓[39m [30m[45m storybook (chromium) [49m[39m src/components/RecordingStudio3.stories.jsx [2m([22m[2m10 tests[22m[2m)[22m[33m 3146[2mms[22m[39m
   [33m[2m✓[22m[39m Coffee Shop Dialogue [33m 352[2mms[22m[39m
   [33m[2m✓[22m[39m Japanese Vocabulary Word [33m 314[2mms[22m[39m
   [33m[2m✓[22m[39m Quiz Question Audio [33m 331[2mms[22m[39m
   [33m[2m✓[22m[39m Comparing Multiple Takes [33m 497[2mms[22m[39m
   [33m[2m✓[22m[39m Preview Mode [33m 343[2mms[22m[39m
   [33m[2m✓[22m[39m Interactive [33m 308[2mms[22m[39m
   [33m[2m✓[22m[39m Word Preset [33m 305[2mms[22m[39m
[90mstdout[2m | src/components/RecordingStudio3Modal.stories.jsx[2m > [22m[2mWord Preset
[22m[39m[Mock Data] Settings subscription unsubscribed. Remaining: 0
[90mstdout[2m | src/components/RecordingStudio3Modal.stories.jsx[2m > [22m[2mWord Preset
[22m[39m[ChatContext] Cleaning up subscription
[90mstdout[2m | src/components/RecordingStudio3Modal.stories.jsx[2m > [22m[2mWord Preset
[22m[39m[Mock Data] AssistantChat subscription unsubscribed. Remaining: 0
[90mstdout[2m | src/components/RecordingStudio3Modal.stories.jsx[2m > [22m[2mWord Preset
[22m[39m[Mock Data] File subscription unsubscribed. Remaining: 0
[90mstdout[2m | src/components/RecordingStudio3Modal.stories.jsx[2m > [22m[2mWord Preset
[22m[39m[Mock Data] Document subscription unsubscribed. Remaining: 0
[90mstdout[2m | src/components/RecordingStudio3Modal.stories.jsx[2m > [22m[2mWord Preset
[22m[39m[Mock Data] Word subscription unsubscribed. Remaining: 0
[90mstdout[2m | src/components/RecordingStudio3Modal.stories.jsx[2m > [22m[2mWord Preset
[22m[39m[Mock Data] Question subscription unsubscribed. Remaining: 0
[90mstdout[2m | src/components/RecordingStudio3Modal.stories.jsx[2m > [22m[2mWord Preset
[22m[39m[Mock Data] Grade subscription unsubscribed. Remaining: 0
[90mstdout[2m | src/components/RecordingStudio3Modal.stories.jsx[2m > [22m[2mWord Preset
[22m[39m[Mock Data] Unit subscription unsubscribed. Remaining: 0
[90mstdout[2m | src/components/RecordingStudio3Modal.stories.jsx[2m > [22m[2mWord Preset
[22m[39m[SectionContext] Cleaning up subscriptions
[90mstdout[2m | src/components/RecordingStudio3Modal.stories.jsx[2m > [22m[2mWord Preset
[22m[39m[Mock Data] Section.onCreate() subscription removed. Remaining: 0
[90mstdout[2m | src/components/RecordingStudio3Modal.stories.jsx[2m > [22m[2mWord Preset
[22m[39m[Mock Data] Section.onUpdate() subscription removed. Remaining: 0
[90mstdout[2m | src/components/RecordingStudio3Modal.stories.jsx[2m > [22m[2mWord Preset
[22m[39m[Mock Data] Section.onDelete() subscription removed. Remaining: 0
[90mstdout[2m | src/components/RecordingStudio3Modal.stories.jsx[2m > [22m[2mWord Preset
[22m[39m[Mock Data] Assignment.onCreate() subscription removed. Remaining: 0
[90mstdout[2m | src/components/RecordingStudio3Modal.stories.jsx[2m > [22m[2mWord Preset
[22m[39m[Mock Data] Assignment.onUpdate() subscription removed. Remaining: 0
[90mstdout[2m | src/components/RecordingStudio3Modal.stories.jsx[2m > [22m[2mWord Preset
[22m[39m[Mock Data] Assignment.onDelete() subscription removed. Remaining: 0
[90mstdout[2m | src/components/RecordingStudio3Modal.stories.jsx[2m > [22m[2mWord Preset
[22m[39m[Mock Data] Clearing all data stores
[90mstdout[2m | src/components/RecordingStudio3Modal.stories.jsx[2m > [22m[2mWord Preset
[22m[39m[Mock Data] All data stores cleared
[90mstdout[2m | src/components/RecordingStudio3Modal.stories.jsx[2m > [22m[2mWord Preset
[22m[39m[Preview] Cleared mock data for story
[90mstdout[2m | src/components/RecordingStudio3Modal.stories.jsx[2m > [22m[2mWord Preset
[22m[39m[Mock Data Gen 2] Initializing mock data
[90mstdout[2m | src/components/RecordingStudio3Modal.stories.jsx[2m > [22m[2mWord Preset
[22m[39m[Mock Data] seedMockAssistantChats: Replacing with 1 assistant chats
[90mstdout[2m | src/components/RecordingStudio3Modal.stories.jsx[2m > [22m[2mWord Preset
[22m[39m[Mock Data Gen 2] Seeded AssistantChat: mock-assistant-chat-1
[90mstdout[2m | src/components/RecordingStudio3Modal.stories.jsx[2m > [22m[2mWord Preset
[22m[39m[Mock Data] seedMockFiles: Adding 6 files
[90mstdout[2m | src/components/RecordingStudio3Modal.stories.jsx[2m > [22m[2mWord Preset
[22m[39m[Mock Data Gen 2] Seeded Files: 6
[90mstdout[2m | src/components/RecordingStudio3Modal.stories.jsx[2m > [22m[2mWord Preset
[22m[39m[Mock Data Gen 2] Initializing mock data
[90mstdout[2m | src/components/RecordingStudio3Modal.stories.jsx[2m > [22m[2mWord Preset
[22m[39m[Mock Data] seedMockAssistantChats: Replacing with 1 assistant chats
[90mstdout[2m | src/components/RecordingStudio3Modal.stories.jsx[2m > [22m[2mWord Preset
[22m[39m[Mock Data Gen 2] Seeded AssistantChat: mock-assistant-chat-1
[90mstdout[2m | src/components/RecordingStudio3Modal.stories.jsx[2m > [22m[2mWord Preset
[22m[39m[Mock Data] seedMockFiles: Adding 6 files
[90mstdout[2m | src/components/RecordingStudio3Modal.stories.jsx[2m > [22m[2mWord Preset
[22m[39m[Mock Data Gen 2] Seeded Files: 6
[90mstdout[2m | src/components/RecordingStudio3Modal.stories.jsx[2m > [22m[2mWord Preset
[22m[39m[Preview] Initialized default mock data for story
[90mstdout[2m | src/components/RecordingStudio3Modal.stories.jsx[2m > [22m[2mWord Preset
[22m[39m[Mock AuthContext] Providing auth: {
  "error": undefined,
  "isLoading": false,
  "session": {
    "idToken": {
      "toString": [Function toString],
    },
    "identityId": "us-east-1:mock-identity-123",
    "username": "mock-user-sub",
  },
  "user": {
    "attributes": {
      "email": "alice@example.com",
      "name": "Alice Student",
      "sub": "mock-user-sub",
    },
  },
}
[90mstdout[2m | src/components/RecordingStudio3Modal.stories.jsx[2m > [22m[2mWord Preset
[22m[39m[Mock Data] generateClient() called - returning mock client
[90mstdout[2m | src/components/RecordingStudio3Modal.stories.jsx[2m > [22m[2mWord Preset
[22m[39m[Mock amplifyClient] getAmplifyClient() called - returning mock client
[90mstdout[2m | src/components/RecordingStudio3Modal.stories.jsx[2m > [22m[2mWord Preset
[22m[39m[MOCK CourseVectorStore] Initialized with mock data
[90mstdout[2m | src/components/RecordingStudio3Modal.stories.jsx[2m > [22m[2mWord Preset
[22m[39m[TranslationModeController] Setting mode to: off
[90mstdout[2m | src/components/RecordingStudio3Modal.stories.jsx[2m > [22m[2mWord Preset
[22m[39m[SectionContext] useEffect triggered {
  "authLoading": false,
  "hasUser": true,
  "userSub": "mock-user-sub",
}
[90mstdout[2m | src/components/RecordingStudio3Modal.stories.jsx[2m > [22m[2mWord Preset
[22m[39m[SectionContext] Fetching sections for userId: mock-user-sub
[90mstdout[2m | src/components/RecordingStudio3Modal.stories.jsx[2m > [22m[2mWord Preset
[22m[39m[Mock Data] generateClient() called - returning mock client
[90mstdout[2m | src/components/RecordingStudio3Modal.stories.jsx[2m > [22m[2mWord Preset
[22m[39m[Mock amplifyClient] getAmplifyClient() called - returning mock client
[90mstdout[2m | src/components/RecordingStudio3Modal.stories.jsx[2m > [22m[2mWord Preset
[22m[39m[Mock Data] Section.list() called with options: undefined
[90mstdout[2m | src/components/RecordingStudio3Modal.stories.jsx[2m > [22m[2mWord Preset
[22m[39m[Mock Data] generateClient() called - returning mock client
[90mstdout[2m | src/components/RecordingStudio3Modal.stories.jsx[2m > [22m[2mWord Preset
[22m[39m[Mock amplifyClient] getAmplifyClient() called - returning mock client
[90mstdout[2m | src/components/RecordingStudio3Modal.stories.jsx[2m > [22m[2mWord Preset
[22m[39m[Mock Data] Assignment.list() called with options: {
  "filter": {
    "unitID": {
      "eq": "mock-unit-id",
    },
  },
}
[90mstdout[2m | src/components/RecordingStudio3Modal.stories.jsx[2m > [22m[2mWord Preset
[22m[39m[Mock Data] generateClient() called - returning mock client
[90mstdout[2m | src/components/RecordingStudio3Modal.stories.jsx[2m > [22m[2mWord Preset
[22m[39m[Mock amplifyClient] getAmplifyClient() called - returning mock client
[90mstdout[2m | src/components/RecordingStudio3Modal.stories.jsx[2m > [22m[2mWord Preset
[22m[39m[Mock Data] Grade.observeQuery() called with filter: {
  "filter": {
    "unitID": {
      "eq": "mock-unit-id",
    },
  },
}
[90mstdout[2m | src/components/RecordingStudio3Modal.stories.jsx[2m > [22m[2mWord Preset
[22m[39m[Mock Data] Grade.observeQuery() applying filter: {
  "unitID": {
    "eq": "mock-unit-id",
  },
}
[90mstdout[2m | src/components/RecordingStudio3Modal.stories.jsx[2m > [22m[2mWord Preset
[22m[39m[Mock Data] Grade.observeQuery() items before filter: 0
[90mstdout[2m | src/components/RecordingStudio3Modal.stories.jsx[2m > [22m[2mWord Preset
[22m[39m[Mock Data] Grade.observeQuery() items after filter: 0
[90mstdout[2m | src/components/RecordingStudio3Modal.stories.jsx[2m > [22m[2mWord Preset
[22m[39m[Mock Data] Grade.observeQuery() returning 0 items (filter applied) {
  "filter": {
    "unitID": {
      "eq": "mock-unit-id",
    },
  },
}
[90mstdout[2m | src/components/RecordingStudio3Modal.stories.jsx[2m > [22m[2mWord Preset
[22m[39m[Mock Data] Grade subscription added. Total subscriptions: 1
[90mstdout[2m | src/components/RecordingStudio3Modal.stories.jsx[2m > [22m[2mWord Preset
[22m[39m[UnitContext] useEffect triggered {
  "authLoading": false,
  "hasUser": true,
  "id": "mock-unit-id",
  "userSub": "mock-user-sub",
}
[90mstdout[2m | src/components/RecordingStudio3Modal.stories.jsx[2m > [22m[2mWord Preset
[22m[39m[UnitContext] Fetching unit data for id: mock-unit-id
[90mstdout[2m | src/components/RecordingStudio3Modal.stories.jsx[2m > [22m[2mWord Preset
[22m[39m[Mock Data] generateClient() called - returning mock client
[90mstdout[2m | src/components/RecordingStudio3Modal.stories.jsx[2m > [22m[2mWord Preset
[22m[39m[Mock amplifyClient] getAmplifyClient() called - returning mock client
[90mstdout[2m | src/components/RecordingStudio3Modal.stories.jsx[2m > [22m[2mWord Preset
[22m[39m[Mock Data] Unit.observeQuery() called with filter: {
  "filter": {
    "id": {
      "eq": "mock-unit-id",
    },
  },
}
[90mstdout[2m | src/components/RecordingStudio3Modal.stories.jsx[2m > [22m[2mWord Preset
[22m[39m[Mock Data] Unit.observeQuery() applying filter: {
  "id": {
    "eq": "mock-unit-id",
  },
}
[90mstdout[2m | src/components/RecordingStudio3Modal.stories.jsx[2m > [22m[2mWord Preset
[22m[39m[Mock Data] Unit.observeQuery() items before filter: 0
[90mstdout[2m | src/components/RecordingStudio3Modal.stories.jsx[2m > [22m[2mWord Preset
[22m[39m[Mock Data] Unit.observeQuery() items after filter: 0
[90mstdout[2m | src/components/RecordingStudio3Modal.stories.jsx[2m > [22m[2mWord Preset
[22m[39m[Mock Data] Unit.observeQuery() returning 0 items (filter applied) {
  "filter": {
    "id": {
      "eq": "mock-unit-id",
    },
  },
}
[90mstdout[2m | src/components/RecordingStudio3Modal.stories.jsx[2m > [22m[2mWord Preset
[22m[39m[Mock Data] Unit subscription added. Total subscriptions: 1
[90mstdout[2m | src/components/RecordingStudio3Modal.stories.jsx[2m > [22m[2mWord Preset
[22m[39m[Mock Data] generateClient() called - returning mock client
[90mstdout[2m | src/components/RecordingStudio3Modal.stories.jsx[2m > [22m[2mWord Preset
[22m[39m[Mock amplifyClient] getAmplifyClient() called - returning mock client
[90mstdout[2m | src/components/RecordingStudio3Modal.stories.jsx[2m > [22m[2mWord Preset
[22m[39m[Mock Data] Word.observeQuery() called with filter: undefined
[90mstdout[2m | src/components/RecordingStudio3Modal.stories.jsx[2m > [22m[2mWord Preset
[22m[39m[Mock Data] Word.observeQuery() returning 0 items (filter applied) undefined
[90mstdout[2m | src/components/RecordingStudio3Modal.stories.jsx[2m > [22m[2mWord Preset
[22m[39m[Mock Data] Word subscription added. Total subscriptions: 1
[90mstdout[2m | src/components/RecordingStudio3Modal.stories.jsx[2m > [22m[2mWord Preset
[22m[39m[Mock Data] generateClient() called - returning mock client
[90mstdout[2m | src/components/RecordingStudio3Modal.stories.jsx[2m > [22m[2mWord Preset
[22m[39m[Mock amplifyClient] getAmplifyClient() called - returning mock client
[90mstdout[2m | src/components/RecordingStudio3Modal.stories.jsx[2m > [22m[2mWord Preset
[22m[39m[Mock Data] Question.observeQuery() called with filter: undefined
[90mstdout[2m | src/components/RecordingStudio3Modal.stories.jsx[2m > [22m[2mWord Preset
[22m[39m[Mock Data] Question.observeQuery() returning 0 items (filter applied) undefined
[90mstdout[2m | src/components/RecordingStudio3Modal.stories.jsx[2m > [22m[2mWord Preset
[22m[39m[Mock Data] Question subscription added. Total subscriptions: 1
[90mstdout[2m | src/components/RecordingStudio3Modal.stories.jsx[2m > [22m[2mWord Preset
[22m[39m[FilesContext] Initializing vector store from IndexedDB
[90mstdout[2m | src/components/RecordingStudio3Modal.stories.jsx[2m > [22m[2mWord Preset
[22m[39m[FilesContext] fetchFiles called
[90mstdout[2m | src/components/RecordingStudio3Modal.stories.jsx[2m > [22m[2mWord Preset
[22m[39m[FilesContext] User authenticated: mock-user-sub
[90mstdout[2m | src/components/RecordingStudio3Modal.stories.jsx[2m > [22m[2mWord Preset
[22m[39m[FilesContext] Identity ID: us-east-1:mock-identity-123
[90mstdout[2m | src/components/RecordingStudio3Modal.stories.jsx[2m > [22m[2mWord Preset
[22m[39m[FilesContext] About to subscribe to File model
[90mstdout[2m | src/components/RecordingStudio3Modal.stories.jsx[2m > [22m[2mWord Preset
[22m[39m[Mock Data] generateClient() called - returning mock client
[90mstdout[2m | src/components/RecordingStudio3Modal.stories.jsx[2m > [22m[2mWord Preset
[22m[39m[Mock amplifyClient] getAmplifyClient() called - returning mock client
[90mstdout[2m | src/components/RecordingStudio3Modal.stories.jsx[2m > [22m[2mWord Preset
[22m[39m[Mock Data] File.observeQuery() called with filter: undefined
[90mstdout[2m | src/components/RecordingStudio3Modal.stories.jsx[2m > [22m[2mWord Preset
[22m[39m[Mock Data] File.observeQuery() returning 6 items (filter applied) undefined
[90mstdout[2m | src/components/RecordingStudio3Modal.stories.jsx[2m > [22m[2mWord Preset
[22m[39m[Mock Data] File subscription added. Total subscriptions: 1
[90mstdout[2m | src/components/RecordingStudio3Modal.stories.jsx[2m > [22m[2mWord Preset
[22m[39m[Mock Data] generateClient() called - returning mock client
[90mstdout[2m | src/components/RecordingStudio3Modal.stories.jsx[2m > [22m[2mWord Preset
[22m[39m[Mock amplifyClient] getAmplifyClient() called - returning mock client
[90mstdout[2m | src/components/RecordingStudio3Modal.stories.jsx[2m > [22m[2mWord Preset
[22m[39m[Mock Data] Document.observeQuery() called with filter: undefined
[90mstdout[2m | src/components/RecordingStudio3Modal.stories.jsx[2m > [22m[2mWord Preset
[22m[39m[Mock Data] Document.observeQuery() returning 0 items (filter applied) undefined
[90mstdout[2m | src/components/RecordingStudio3Modal.stories.jsx[2m > [22m[2mWord Preset
[22m[39m[Mock Data] Document subscription added. Total subscriptions: 1
[90mstdout[2m | src/components/RecordingStudio3Modal.stories.jsx[2m > [22m[2mWord Preset
[22m[39m[ChatContext] Setting up observeQuery for AssistantChat
[90mstdout[2m | src/components/RecordingStudio3Modal.stories.jsx[2m > [22m[2mWord Preset
[22m[39m[Mock Data] AssistantChat.observeQuery() called with filter: {
  "sortDirection": "DESC",
  "sortField": "createdAt",
}
[90mstdout[2m | src/components/RecordingStudio3Modal.stories.jsx[2m > [22m[2mWord Preset
[22m[39m[Mock Data] AssistantChat.observeQuery() returning 1 items (filter applied) {
  "sortDirection": "DESC",
  "sortField": "createdAt",
}
[90mstdout[2m | src/components/RecordingStudio3Modal.stories.jsx[2m > [22m[2mWord Preset
[22m[39m[Mock Data] AssistantChat subscription added. Total subscriptions: 1
[90mstdout[2m | src/components/RecordingStudio3Modal.stories.jsx[2m > [22m[2mWord Preset
[22m[39m[ChatContext] Waiting for subscription to initialize
[90mstdout[2m | src/components/RecordingStudio3Modal.stories.jsx[2m > [22m[2mWord Preset
[22m[39m[SettingsContext] Setting up Settings subscription for user: mock-user-sub
[90mstdout[2m | src/components/RecordingStudio3Modal.stories.jsx[2m > [22m[2mWord Preset
[22m[39m[Mock Data] generateClient() called - returning mock client
[90mstdout[2m | src/components/RecordingStudio3Modal.stories.jsx[2m > [22m[2mWord Preset
[22m[39m[Mock amplifyClient] getAmplifyClient() called - returning mock client
[90mstdout[2m | src/components/RecordingStudio3Modal.stories.jsx[2m > [22m[2mWord Preset
[22m[39m[Mock Data] Settings.observeQuery() called with filter: undefined
[90mstdout[2m | src/components/RecordingStudio3Modal.stories.jsx[2m > [22m[2mWord Preset
[22m[39m[Mock Data] Settings.observeQuery() returning 0 items (filter applied) undefined
[90mstdout[2m | src/components/RecordingStudio3Modal.stories.jsx[2m > [22m[2mWord Preset
[22m[39m[Mock Data] Settings subscription added. Total subscriptions: 1
[90mstdout[2m | src/components/RecordingStudio3Modal.stories.jsx[2m > [22m[2mWord Preset
[22m[39m[SectionContext] Initial sections: 0 []
[90mstdout[2m | src/components/RecordingStudio3Modal.stories.jsx[2m > [22m[2mWord Preset
[22m[39m[Mock Data] Section.onCreate() called with filter: undefined
[90mstdout[2m | src/components/RecordingStudio3Modal.stories.jsx[2m > [22m[2mWord Preset
[22m[39m[Mock Data] Section.onCreate() subscription added. Total: 1
[90mstdout[2m | src/components/RecordingStudio3Modal.stories.jsx[2m > [22m[2mWord Preset
[22m[39m[Mock Data] Section.onUpdate() called with filter: undefined
[90mstdout[2m | src/components/RecordingStudio3Modal.stories.jsx[2m > [22m[2mWord Preset
[22m[39m[Mock Data] Section.onUpdate() subscription added. Total: 1
[90mstdout[2m | src/components/RecordingStudio3Modal.stories.jsx[2m > [22m[2mWord Preset
[22m[39m[Mock Data] Section.onDelete() called with filter: undefined
[90mstdout[2m | src/components/RecordingStudio3Modal.stories.jsx[2m > [22m[2mWord Preset
[22m[39m[Mock Data] Section.onDelete() subscription added. Total: 1
[90mstdout[2m | src/components/RecordingStudio3Modal.stories.jsx[2m > [22m[2mWord Preset
[22m[39m[Mock Data] Assignment.onCreate() called with filter: {
  "filter": {
    "unitID": {
      "eq": "mock-unit-id",
    },
  },
}
[90mstdout[2m | src/components/RecordingStudio3Modal.stories.jsx[2m > [22m[2mWord Preset
[22m[39m[Mock Data] Assignment.onCreate() subscription added. Total: 1
[90mstdout[2m | src/components/RecordingStudio3Modal.stories.jsx[2m > [22m[2mWord Preset
[22m[39m[Mock Data] Assignment.onUpdate() called with filter: {
  "filter": {
    "unitID": {
      "eq": "mock-unit-id",
    },
  },
}
[90mstdout[2m | src/components/RecordingStudio3Modal.stories.jsx[2m > [22m[2mWord Preset
[22m[39m[Mock Data] Assignment.onUpdate() subscription added. Total: 1
[90mstdout[2m | src/components/RecordingStudio3Modal.stories.jsx[2m > [22m[2mWord Preset
[22m[39m[Mock Data] Assignment.onDelete() called with filter: {
  "filter": {
    "unitID": {
      "eq": "mock-unit-id",
    },
  },
}
[90mstdout[2m | src/components/RecordingStudio3Modal.stories.jsx[2m > [22m[2mWord Preset
[22m[39m[Mock Data] Assignment.onDelete() subscription added. Total: 1
[90mstdout[2m | src/components/RecordingStudio3Modal.stories.jsx[2m > [22m[2mWord Preset
[22m[39m[FilesContext] File observeQuery subscription triggered:
[90mstdout[2m | src/components/RecordingStudio3Modal.stories.jsx[2m > [22m[2mWord Preset
[22m[39m  - items.length: 6
[90mstdout[2m | src/components/RecordingStudio3Modal.stories.jsx[2m > [22m[2mWord Preset
[22m[39m  - isSynced: true
[90mstdout[2m | src/components/RecordingStudio3Modal.stories.jsx[2m > [22m[2mWord Preset
[22m[39m  - items: [
  {
    "_deleted": null,
    "_lastChangedAt": 1767711773285,
    "_version": 1,
    "byHex": null,
    "createdAt": "2026-01-06T15:02:53.253Z",
    "description": "Japanese language textbook - Chapter 1",
    "document": Promise {},
    "documentID": "e01017e1-fe7a-4521-b71c-09ec31b18639",
    "duration": null,
    "embedding": null,
    "generated": null,
    "hex": null,
    "id": "a57d7833-5fa7-4cb7-8b7a-ce7c6e10e551",
    "identityId": "us-east-1:b0eadde9-f02c-c71b-17a6-22ffd37d89c8",
    "key": "files/Japanese Wind 1.pdf",
    "level": "protected",
    "mimeType": "application/pdf",
    "model": null,
    "name": "Japanese Wind 1.pdf",
    "owner": "64d81418-7021-701d-9fed-a4c2e0735711",
    "parsedContent": [Function anonymous],
    "parsedContentID": null,
    "path": "files/Japanese Wind 1.pdf",
    "prompt": null,
    "size": 4706654,
    "thumbnail": null,
    "type": "pdf",
    "updatedAt": "2026-01-06T15:02:53.253Z",
    "variant": null,
    "waveformData": null,
  },
  {
    "_version": 2,
    "createdAt": "2026-01-15T10:00:00.000Z",
    "description": "Sample report with vocabulary",
    "document": Promise {},
    "documentID": "cd824b5b-2c66-41f8-8571-aa6794ff590c",
    "generated": false,
    "id": "mock-pdf-file-2",
    "identityId": "us-east-1:mock-identity",
    "key": "files/report.pdf",
    "level": "protected",
    "mimeType": "application/pdf",
    "name": "report.pdf",
    "owner": "mock-user-id",
    "parsedContent": [Function anonymous],
    "path": "files/report.pdf",
    "size": 123456,
    "type": "pdf",
    "updatedAt": "2026-01-15T10:30:00.000Z",
  },
  {
    "_version": 3,
    "createdAt": "2026-01-14T08:00:00.000Z",
    "description": "Vocabulary lesson PDF with extracted content",
    "document": Promise {},
    "documentID": "mock-document-3",
    "generated": false,
    "id": "mock-pdf-file-3",
    "identityId": "us-east-1:mock-identity",
    "key": "files/vocabulary-lesson.pdf",
    "level": "public",
    "mimeType": "application/pdf",
    "name": "vocabulary-lesson.pdf",
    "owner": "mock-user-id",
    "parsedContent": [Function anonymous],
    "path": "files/vocabulary-lesson.pdf",
    "size": 567890,
    "type": "pdf",
    "updatedAt": "2026-01-14T08:45:00.000Z",
  },
  {
    "_version": 1,
    "createdAt": "2026-01-20T10:00:00.000Z",
    "description": "Sample pronunciation audio",
    "documentID": null,
    "duration": 3.5,
    "generated": true,
    "id": "mock-audio-file-1",
    "identityId": "us-east-1:mock-identity",
    "key": "audio/pronunciation-demo.mp3",
    "level": "public",
    "mimeType": "audio/mpeg",
    "name": "pronunciation-demo.mp3",
    "owner": "mock-user-id",
    "parsedContent": [Function anonymous],
    "path": "/story-mocks/cinematic-designed-sci-fi-whoosh-transition-nexawave-228295.mp3",
    "size": 56789,
    "type": "audio",
    "updatedAt": "2026-01-20T10:00:00.000Z",
    "waveformData": null,
  },
  {
    "_version": 1,
    "createdAt": "2026-01-19T14:30:00.000Z",
    "description": "Lesson introduction audio",
    "documentID": null,
    "duration": 5.2,
    "generated": false,
    "id": "mock-audio-file-2",
    "identityId": "us-east-1:mock-identity",
    "key": "audio/lesson-intro.mp3",
    "level": "public",
    "mimeType": "audio/mpeg",
    "name": "lesson-intro.mp3",
    "owner": "mock-user-id",
    "parsedContent": [Function anonymous],
    "path": "/story-mocks/descent-whoosh-long-cinematic-sound-effect-405921.mp3",
    "size": 87654,
    "type": "audio",
    "updatedAt": "2026-01-19T14:30:00.000Z",
    "waveformData": null,
  },
  {
    "_version": 1,
    "createdAt": "2026-01-18T09:15:00.000Z",
    "description": "Hiragana character chart",
    "documentID": null,
    "generated": false,
    "id": "mock-image-file-1",
    "identityId": "us-east-1:mock-identity",
    "key": "images/hiragana-chart.png",
    "level": "public",
    "mimeType": "image/png",
    "name": "hiragana-chart.png",
    "owner": "mock-user-id",
    "parsedContent": [Function anonymous],
    "path": "images/hiragana-chart.png",
    "size": 234567,
    "thumbnail": "thumbnails/hiragana-chart-thumb.png",
    "type": "image",
    "updatedAt": "2026-01-18T09:15:00.000Z",
  },
]
[90mstdout[2m | src/components/RecordingStudio3Modal.stories.jsx[2m > [22m[2mWord Preset
[22m[39m[ChatContext] AssistantChat query update: 1 items (synced)
[90mstdout[2m | src/components/RecordingStudio3Modal.stories.jsx[2m > [22m[2mWord Preset
[22m[39m[ChatContext] First item details: {
  "id": "mock-assistant-chat-1",
  "updatedAt": "2024-01-26T10:15:00.000Z",
}
[90mstdout[2m | src/components/RecordingStudio3Modal.stories.jsx[2m > [22m[2mWord Preset
[22m[39m[ChatContext] AssistantChat subscription initialized
[90mstdout[2m | src/components/RecordingStudio3Modal.stories.jsx[2m > [22m[2mWord Preset
[22m[39m[ChatContext] AssistantChat list updated: 1 chats
[90mstdout[2m | src/components/RecordingStudio3Modal.stories.jsx[2m > [22m[2mWord Preset
[22m[39m[ChatContext] Setting initial chat: mock-assistant-chat-1
[90mstdout[2m | src/components/RecordingStudio3Modal.stories.jsx[2m > [22m[2mWord Preset
[22m[39m[FilesContext] Files count changed: 0 → 6
[90mstdout[2m | src/components/RecordingStudio3Modal.stories.jsx[2m > [22m[2mWord Preset
[22m[39m[MOCK CourseVectorStore] Initialized with mock data
[90mstdout[2m | src/components/RecordingStudio3Modal.stories.jsx[2m > [22m[2mWord Preset
[22m[39m[MOCK CourseVectorStore] Initialized with mock data
[90mstdout[2m | src/components/RecordingStudio3Modal.stories.jsx[2m > [22m[2mWord Preset
[22m[39m[i18next] Missing key: components:common.close for [
  "en",
]
[90mstdout[2m | src/components/RecordingStudio3Modal.stories.jsx[2m > [22m[2mWord Preset
[22m[39m[useTranslationWithCapture] t() called: {
  "key": "common.close",
  "mode": "off",
  "namespace": "components",
  "value": "common.close",
}
[90mstdout[2m | src/components/RecordingStudio3Modal.stories.jsx[2m > [22m[2mWord Preset
[22m[39m[i18next] Missing key: components:recordingStudio3Modal.done for [
  "en",
]
[90mstdout[2m | src/components/RecordingStudio3Modal.stories.jsx[2m > [22m[2mWord Preset
[22m[39m[useTranslationWithCapture] t() called: {
  "key": "recordingStudio3Modal.done",
  "mode": "off",
  "namespace": "components",
  "value": "recordingStudio3Modal.done",
}
[90mstdout[2m | src/components/RecordingStudio3Modal.stories.jsx[2m > [22m[2mWord Preset
[22m[39m[FilesContext] Vector store population triggered {
  "currentVectorStoreSize": 3,
  "documentsCount": 0,
  "filesCount": 6,
  "isInitialLoad": true,
}
[90mstdout[2m | src/components/RecordingStudio3Modal.stories.jsx[2m > [22m[2mWord Preset
[22m[39m[FilesContext] Vector store population complete - 3 total embeddings
[90mstdout[2m | src/components/RecordingStudio3Modal.stories.jsx[2m > [22m[2mWord Preset
[22m[39m[ChatContext] Chat exists and not archived, skipping creation
[90mstdout[2m | src/components/RecordingStudio3Modal.stories.jsx[2m > [22m[2mWord Preset
[22m[39m[i18next] Missing key: components:common.close for [
  "en",
]
[90mstdout[2m | src/components/RecordingStudio3Modal.stories.jsx[2m > [22m[2mWord Preset
[22m[39m[useTranslationWithCapture] t() called: {
  "key": "common.close",
  "mode": "off",
  "namespace": "components",
  "value": "common.close",
}
[90mstdout[2m | src/components/RecordingStudio3Modal.stories.jsx[2m > [22m[2mWord Preset
[22m[39m[i18next] Missing key: components:recordingStudio3Modal.done for [
  "en",
]
[90mstdout[2m | src/components/RecordingStudio3Modal.stories.jsx[2m > [22m[2mWord Preset
[22m[39m[useTranslationWithCapture] t() called: {
  "key": "recordingStudio3Modal.done",
  "mode": "off",
  "namespace": "components",
  "value": "recordingStudio3Modal.done",
}
[90mstdout[2m | src/components/RecordingStudio3Modal.stories.jsx[2m > [22m[2mWord Preset
[22m[39m[useTranslationWithCapture] t() called: {
  "key": "recordingStudio3.importJson",
  "mode": "off",
  "namespace": "components",
  "value": "Import JSON",
}
[90mstdout[2m | src/components/RecordingStudio3Modal.stories.jsx[2m > [22m[2mWord Preset
[22m[39m[useTranslationWithCapture] t() called: {
  "key": "recordingStudio3.exportJson",
  "mode": "off",
  "namespace": "components",
  "value": "Export JSON",
}
[90mstdout[2m | src/components/RecordingStudio3Modal.stories.jsx[2m > [22m[2mWord Preset
[22m[39m[useTranslationWithCapture] t() called: {
  "key": "recordingStudio3.script",
  "mode": "off",
  "namespace": "components",
  "value": "Script",
}
[90mstdout[2m | src/components/RecordingStudio3Modal.stories.jsx[2m > [22m[2mWord Preset
[22m[39m[useTranslationWithCapture] t() called: {
  "key": "recordingStudio3.addLine",
  "mode": "off",
  "namespace": "components",
  "value": "Add Line",
}
[90mstdout[2m | src/components/RecordingStudio3Modal.stories.jsx[2m > [22m[2mWord Preset
[22m[39m[useTranslationWithCapture] t() called: {
  "key": "recordingStudio3.timeline",
  "mode": "off",
  "namespace": "components",
  "value": "Timeline",
}
[90mstdout[2m | src/components/RecordingStudio3Modal.stories.jsx[2m > [22m[2mWord Preset
[22m[39m[useTranslationWithCapture] t() called: {
  "key": "recordingStudio3.speakers",
  "mode": "off",
  "namespace": "components",
  "value": "Speakers",
}
[90mstdout[2m | src/components/RecordingStudio3Modal.stories.jsx[2m > [22m[2mWord Preset
[22m[39m[useTranslationWithCapture] t() called: {
  "key": "recordingStudio3.add",
  "mode": "off",
  "namespace": "components",
  "value": "Add",
}
[90mstdout[2m | src/components/RecordingStudio3Modal.stories.jsx[2m > [22m[2mWord Preset
[22m[39m[useTranslationWithCapture] t() called: {
  "key": "recordingStudio3.voice",
  "mode": "off",
  "namespace": "components",
  "value": "Voice",
}
[90mstdout[2m | src/components/RecordingStudio3Modal.stories.jsx[2m > [22m[2mWord Preset
[22m[39m[useTranslationWithCapture] t() called: {
  "key": "recordingStudio3.voice",
  "mode": "off",
  "namespace": "components",
  "value": "Voice",
}
[90mstdout[2m | src/components/RecordingStudio3Modal.stories.jsx[2m > [22m[2mWord Preset
[22m[39m[useTranslationWithCapture] t() called: {
  "key": "recordingStudio3.voice",
  "mode": "off",
  "namespace": "components",
  "value": "Voice",
}
[90mstdout[2m | src/components/RecordingStudio3Modal.stories.jsx[2m > [22m[2mWord Preset
[22m[39m[useTranslationWithCapture] t() called: {
  "key": "recordingStudio3.voice",
  "mode": "off",
  "namespace": "components",
  "value": "Voice",
}
[90mstdout[2m | src/components/RecordingStudio3Modal.stories.jsx[2m > [22m[2mWord Preset
[22m[39m[useTranslationWithCapture] t() called: {
  "key": "recordingStudio3.generateAllMissing",
  "mode": "off",
  "namespace": "components",
  "value": "Generate All Missing TTS",
}
[90mstdout[2m | src/components/RecordingStudio3Modal.stories.jsx[2m > [22m[2mWord Preset
[22m[39m[Mock Data] Settings.create() called with: {
  "assistantVoice": "shimmer",
  "autoAnalyzeDocuments": true,
  "defaultAIModel": "gpt-4",
  "documentAnalysisModel": "gpt-4",
  "editorFontSize": 14,
  "editorTheme": "auto",
  "emailNotifications": true,
  "language": "en",
  "webhookNotifications": false,
}
[90mstdout[2m | src/components/RecordingStudio3Modal.stories.jsx[2m > [22m[2mWord Preset
[22m[39m[Mock Data] Settings created: mock-settings-1776336991559 - notified 1 subscribers
[90mstdout[2m | src/components/RecordingStudio3Modal.stories.jsx[2m > [22m[2mConversation Preset
[22m[39m[Mock Data] Settings subscription unsubscribed. Remaining: 0
[90mstdout[2m | src/components/RecordingStudio3Modal.stories.jsx[2m > [22m[2mConversation Preset
[22m[39m[ChatContext] Cleaning up subscription
[90mstdout[2m | src/components/RecordingStudio3Modal.stories.jsx[2m > [22m[2mConversation Preset
[22m[39m[Mock Data] AssistantChat subscription unsubscribed. Remaining: 0
[90mstdout[2m | src/components/RecordingStudio3Modal.stories.jsx[2m > [22m[2mConversation Preset
[22m[39m[Mock Data] File subscription unsubscribed. Remaining: 0
[90mstdout[2m | src/components/RecordingStudio3Modal.stories.jsx[2m > [22m[2mConversation Preset
[22m[39m[Mock Data] Document subscription unsubscribed. Remaining: 0
[90mstdout[2m | src/components/RecordingStudio3Modal.stories.jsx[2m > [22m[2mConversation Preset
[22m[39m[Mock Data] Word subscription unsubscribed. Remaining: 0
[90mstdout[2m | src/components/RecordingStudio3Modal.stories.jsx[2m > [22m[2mConversation Preset
[22m[39m[Mock Data] Question subscription unsubscribed. Remaining: 0
[90mstdout[2m | src/components/RecordingStudio3Modal.stories.jsx[2m > [22m[2mConversation Preset
[22m[39m[Mock Data] Grade subscription unsubscribed. Remaining: 0
[90mstdout[2m | src/components/RecordingStudio3Modal.stories.jsx[2m > [22m[2mConversation Preset
[22m[39m[Mock Data] Unit subscription unsubscribed. Remaining: 0
[90mstdout[2m | src/components/RecordingStudio3Modal.stories.jsx[2m > [22m[2mConversation Preset
[22m[39m[SectionContext] Cleaning up subscriptions
[90mstdout[2m | src/components/RecordingStudio3Modal.stories.jsx[2m > [22m[2mConversation Preset
[22m[39m[Mock Data] Section.onCreate() subscription removed. Remaining: 0
[90mstdout[2m | src/components/RecordingStudio3Modal.stories.jsx[2m > [22m[2mConversation Preset
[22m[39m[Mock Data] Section.onUpdate() subscription removed. Remaining: 0
[90mstdout[2m | src/components/RecordingStudio3Modal.stories.jsx[2m > [22m[2mConversation Preset
[22m[39m[Mock Data] Section.onDelete() subscription removed. Remaining: 0
[90mstdout[2m | src/components/RecordingStudio3Modal.stories.jsx[2m > [22m[2mConversation Preset
[22m[39m[Mock Data] Assignment.onCreate() subscription removed. Remaining: 0
[90mstdout[2m | src/components/RecordingStudio3Modal.stories.jsx[2m > [22m[2mConversation Preset
[22m[39m[Mock Data] Assignment.onUpdate() subscription removed. Remaining: 0
[90mstdout[2m | src/components/RecordingStudio3Modal.stories.jsx[2m > [22m[2mConversation Preset
[22m[39m[Mock Data] Assignment.onDelete() subscription removed. Remaining: 0
[90mstdout[2m | src/components/RecordingStudio3Modal.stories.jsx[2m > [22m[2mConversation Preset
[22m[39m[Mock Data] Clearing all data stores
[90mstdout[2m | src/components/RecordingStudio3Modal.stories.jsx[2m > [22m[2mConversation Preset
[22m[39m[Mock Data] All data stores cleared
[90mstdout[2m | src/components/RecordingStudio3Modal.stories.jsx[2m > [22m[2mConversation Preset
[22m[39m[Preview] Cleared mock data for story
[90mstdout[2m | src/components/RecordingStudio3Modal.stories.jsx[2m > [22m[2mConversation Preset
[22m[39m[Mock Data Gen 2] Initializing mock data
[90mstdout[2m | src/components/RecordingStudio3Modal.stories.jsx[2m > [22m[2mConversation Preset
[22m[39m[Mock Data] seedMockAssistantChats: Replacing with 1 assistant chats
[90mstdout[2m | src/components/RecordingStudio3Modal.stories.jsx[2m > [22m[2mConversation Preset
[22m[39m[Mock Data Gen 2] Seeded AssistantChat: mock-assistant-chat-1
[90mstdout[2m | src/components/RecordingStudio3Modal.stories.jsx[2m > [22m[2mConversation Preset
[22m[39m[Mock Data] seedMockFiles: Adding 6 files
[90mstdout[2m | src/components/RecordingStudio3Modal.stories.jsx[2m > [22m[2mConversation Preset
[22m[39m[Mock Data Gen 2] Seeded Files: 6
[90mstdout[2m | src/components/RecordingStudio3Modal.stories.jsx[2m > [22m[2mConversation Preset
[22m[39m[Mock Data Gen 2] Initializing mock data
[90mstdout[2m | src/components/RecordingStudio3Modal.stories.jsx[2m > [22m[2mConversation Preset
[22m[39m[Mock Data] seedMockAssistantChats: Replacing with 1 assistant chats
[90mstdout[2m | src/components/RecordingStudio3Modal.stories.jsx[2m > [22m[2mConversation Preset
[22m[39m[Mock Data Gen 2] Seeded AssistantChat: mock-assistant-chat-1
[90mstdout[2m | src/components/RecordingStudio3Modal.stories.jsx[2m > [22m[2mConversation Preset
[22m[39m[Mock Data] seedMockFiles: Adding 6 files
[90mstdout[2m | src/components/RecordingStudio3Modal.stories.jsx[2m > [22m[2mConversation Preset
[22m[39m[Mock Data Gen 2] Seeded Files: 6
[90mstdout[2m | src/components/RecordingStudio3Modal.stories.jsx[2m > [22m[2mConversation Preset
[22m[39m[Preview] Initialized default mock data for story
[90mstdout[2m | src/components/RecordingStudio3Modal.stories.jsx[2m > [22m[2mConversation Preset
[22m[39m[Mock AuthContext] Providing auth: {
  "error": undefined,
  "isLoading": false,
  "session": {
    "idToken": {
      "toString": [Function toString],
    },
    "identityId": "us-east-1:mock-identity-123",
    "username": "mock-user-sub",
  },
  "user": {
    "attributes": {
      "email": "alice@example.com",
      "name": "Alice Student",
      "sub": "mock-user-sub",
    },
  },
}
[90mstdout[2m | src/components/RecordingStudio3Modal.stories.jsx[2m > [22m[2mConversation Preset
[22m[39m[Mock Data] generateClient() called - returning mock client
[90mstdout[2m | src/components/RecordingStudio3Modal.stories.jsx[2m > [22m[2mConversation Preset
[22m[39m[Mock amplifyClient] getAmplifyClient() called - returning mock client
[90mstdout[2m | src/components/RecordingStudio3Modal.stories.jsx[2m > [22m[2mConversation Preset
[22m[39m[MOCK CourseVectorStore] Initialized with mock data
[90mstdout[2m | src/components/RecordingStudio3Modal.stories.jsx[2m > [22m[2mConversation Preset
[22m[39m[TranslationModeController] Setting mode to: off
[90mstdout[2m | src/components/RecordingStudio3Modal.stories.jsx[2m > [22m[2mConversation Preset
[22m[39m[SectionContext] useEffect triggered {
  "authLoading": false,
  "hasUser": true,
  "userSub": "mock-user-sub",
}
[90mstdout[2m | src/components/RecordingStudio3Modal.stories.jsx[2m > [22m[2mConversation Preset
[22m[39m[SectionContext] Fetching sections for userId: mock-user-sub
[90mstdout[2m | src/components/RecordingStudio3Modal.stories.jsx[2m > [22m[2mConversation Preset
[22m[39m[Mock Data] generateClient() called - returning mock client
[90mstdout[2m | src/components/RecordingStudio3Modal.stories.jsx[2m > [22m[2mConversation Preset
[22m[39m[Mock amplifyClient] getAmplifyClient() called - returning mock client
[90mstdout[2m | src/components/RecordingStudio3Modal.stories.jsx[2m > [22m[2mConversation Preset
[22m[39m[Mock Data] Section.list() called with options: undefined
[90mstdout[2m | src/components/RecordingStudio3Modal.stories.jsx[2m > [22m[2mConversation Preset
[22m[39m[Mock Data] generateClient() called - returning mock client
[90mstdout[2m | src/components/RecordingStudio3Modal.stories.jsx[2m > [22m[2mConversation Preset
[22m[39m[Mock amplifyClient] getAmplifyClient() called - returning mock client
[90mstdout[2m | src/components/RecordingStudio3Modal.stories.jsx[2m > [22m[2mConversation Preset
[22m[39m[Mock Data] Assignment.list() called with options: {
  "filter": {
    "unitID": {
      "eq": "mock-unit-id",
    },
  },
}
[90mstdout[2m | src/components/RecordingStudio3Modal.stories.jsx[2m > [22m[2mConversation Preset
[22m[39m[Mock Data] generateClient() called - returning mock client
[90mstdout[2m | src/components/RecordingStudio3Modal.stories.jsx[2m > [22m[2mConversation Preset
[22m[39m[Mock amplifyClient] getAmplifyClient() called - returning mock client
[90mstdout[2m | src/components/RecordingStudio3Modal.stories.jsx[2m > [22m[2mConversation Preset
[22m[39m[Mock Data] Grade.observeQuery() called with filter: {
  "filter": {
    "unitID": {
      "eq": "mock-unit-id",
    },
  },
}
[90mstdout[2m | src/components/RecordingStudio3Modal.stories.jsx[2m > [22m[2mConversation Preset
[22m[39m[Mock Data] Grade.observeQuery() applying filter: {
  "unitID": {
    "eq": "mock-unit-id",
  },
}
[90mstdout[2m | src/components/RecordingStudio3Modal.stories.jsx[2m > [22m[2mConversation Preset
[22m[39m[Mock Data] Grade.observeQuery() items before filter: 0
[90mstdout[2m | src/components/RecordingStudio3Modal.stories.jsx[2m > [22m[2mConversation Preset
[22m[39m[Mock Data] Grade.observeQuery() items after filter: 0
[90mstdout[2m | src/components/RecordingStudio3Modal.stories.jsx[2m > [22m[2mConversation Preset
[22m[39m[Mock Data] Grade.observeQuery() returning 0 items (filter applied) {
  "filter": {
    "unitID": {
      "eq": "mock-unit-id",
    },
  },
}
[90mstdout[2m | src/components/RecordingStudio3Modal.stories.jsx[2m > [22m[2mConversation Preset
[22m[39m[Mock Data] Grade subscription added. Total subscriptions: 1
[90mstdout[2m | src/components/RecordingStudio3Modal.stories.jsx[2m > [22m[2mConversation Preset
[22m[39m[UnitContext] useEffect triggered {
  "authLoading": false,
  "hasUser": true,
  "id": "mock-unit-id",
  "userSub": "mock-user-sub",
}
[90mstdout[2m | src/components/RecordingStudio3Modal.stories.jsx[2m > [22m[2mConversation Preset
[22m[39m[UnitContext] Fetching unit data for id: mock-unit-id
[90mstdout[2m | src/components/RecordingStudio3Modal.stories.jsx[2m > [22m[2mConversation Preset
[22m[39m[Mock Data] generateClient() called - returning mock client
[90mstdout[2m | src/components/RecordingStudio3Modal.stories.jsx[2m > [22m[2mConversation Preset
[22m[39m[Mock amplifyClient] getAmplifyClient() called - returning mock client
[90mstdout[2m | src/components/RecordingStudio3Modal.stories.jsx[2m > [22m[2mConversation Preset
[22m[39m[Mock Data] Unit.observeQuery() called with filter: {
  "filter": {
    "id": {
      "eq": "mock-unit-id",
    },
  },
}
[90mstdout[2m | src/components/RecordingStudio3Modal.stories.jsx[2m > [22m[2mConversation Preset
[22m[39m[Mock Data] Unit.observeQuery() applying filter: {
  "id": {
    "eq": "mock-unit-id",
  },
}
[90mstdout[2m | src/components/RecordingStudio3Modal.stories.jsx[2m > [22m[2mConversation Preset
[22m[39m[Mock Data] Unit.observeQuery() items before filter: 0
[90mstdout[2m | src/components/RecordingStudio3Modal.stories.jsx[2m > [22m[2mConversation Preset
[22m[39m[Mock Data] Unit.observeQuery() items after filter: 0
[90mstdout[2m | src/components/RecordingStudio3Modal.stories.jsx[2m > [22m[2mConversation Preset
[22m[39m[Mock Data] Unit.observeQuery() returning 0 items (filter applied) {
  "filter": {
    "id": {
      "eq": "mock-unit-id",
    },
  },
}
[90mstdout[2m | src/components/RecordingStudio3Modal.stories.jsx[2m > [22m[2mConversation Preset
[22m[39m[Mock Data] Unit subscription added. Total subscriptions: 1
[90mstdout[2m | src/components/RecordingStudio3Modal.stories.jsx[2m > [22m[2mConversation Preset
[22m[39m[Mock Data] generateClient() called - returning mock client
[90mstdout[2m | src/components/RecordingStudio3Modal.stories.jsx[2m > [22m[2mConversation Preset
[22m[39m[Mock amplifyClient] getAmplifyClient() called - returning mock client
[90mstdout[2m | src/components/RecordingStudio3Modal.stories.jsx[2m > [22m[2mConversation Preset
[22m[39m[Mock Data] Word.observeQuery() called with filter: undefined
[90mstdout[2m | src/components/RecordingStudio3Modal.stories.jsx[2m > [22m[2mConversation Preset
[22m[39m[Mock Data] Word.observeQuery() returning 0 items (filter applied) undefined
[90mstdout[2m | src/components/RecordingStudio3Modal.stories.jsx[2m > [22m[2mConversation Preset
[22m[39m[Mock Data] Word subscription added. Total subscriptions: 1
[90mstdout[2m | src/components/RecordingStudio3Modal.stories.jsx[2m > [22m[2mConversation Preset
[22m[39m[Mock Data] generateClient() called - returning mock client
[90mstdout[2m | src/components/RecordingStudio3Modal.stories.jsx[2m > [22m[2mConversation Preset
[22m[39m[Mock amplifyClient] getAmplifyClient() called - returning mock client
[90mstdout[2m | src/components/RecordingStudio3Modal.stories.jsx[2m > [22m[2mConversation Preset
[22m[39m[Mock Data] Question.observeQuery() called with filter: undefined
[90mstdout[2m | src/components/RecordingStudio3Modal.stories.jsx[2m > [22m[2mConversation Preset
[22m[39m[Mock Data] Question.observeQuery() returning 0 items (filter applied) undefined
[90mstdout[2m | src/components/RecordingStudio3Modal.stories.jsx[2m > [22m[2mConversation Preset
[22m[39m[Mock Data] Question subscription added. Total subscriptions: 1
[90mstdout[2m | src/components/RecordingStudio3Modal.stories.jsx[2m > [22m[2mConversation Preset
[22m[39m[FilesContext] Initializing vector store from IndexedDB
[90mstdout[2m | src/components/RecordingStudio3Modal.stories.jsx[2m > [22m[2mConversation Preset
[22m[39m[FilesContext] fetchFiles called
[90mstdout[2m | src/components/RecordingStudio3Modal.stories.jsx[2m > [22m[2mConversation Preset
[22m[39m[FilesContext] User authenticated: mock-user-sub
[90mstdout[2m | src/components/RecordingStudio3Modal.stories.jsx[2m > [22m[2mConversation Preset
[22m[39m[FilesContext] Identity ID: us-east-1:mock-identity-123
[90mstdout[2m | src/components/RecordingStudio3Modal.stories.jsx[2m > [22m[2mConversation Preset
[22m[39m[FilesContext] About to subscribe to File model
[90mstdout[2m | src/components/RecordingStudio3Modal.stories.jsx[2m > [22m[2mConversation Preset
[22m[39m[Mock Data] generateClient() called - returning mock client
[90mstdout[2m | src/components/RecordingStudio3Modal.stories.jsx[2m > [22m[2mConversation Preset
[22m[39m[Mock amplifyClient] getAmplifyClient() called - returning mock client
[90mstdout[2m | src/components/RecordingStudio3Modal.stories.jsx[2m > [22m[2mConversation Preset
[22m[39m[Mock Data] File.observeQuery() called with filter: undefined
[90mstdout[2m | src/components/RecordingStudio3Modal.stories.jsx[2m > [22m[2mConversation Preset
[22m[39m[Mock Data] File.observeQuery() returning 6 items (filter applied) undefined
[90mstdout[2m | src/components/RecordingStudio3Modal.stories.jsx[2m > [22m[2mConversation Preset
[22m[39m[Mock Data] File subscription added. Total subscriptions: 1
[90mstdout[2m | src/components/RecordingStudio3Modal.stories.jsx[2m > [22m[2mConversation Preset
[22m[39m[Mock Data] generateClient() called - returning mock client
[90mstdout[2m | src/components/RecordingStudio3Modal.stories.jsx[2m > [22m[2mConversation Preset
[22m[39m[Mock amplifyClient] getAmplifyClient() called - returning mock client
[90mstdout[2m | src/components/RecordingStudio3Modal.stories.jsx[2m > [22m[2mConversation Preset
[22m[39m[Mock Data] Document.observeQuery() called with filter: undefined
[90mstdout[2m | src/components/RecordingStudio3Modal.stories.jsx[2m > [22m[2mConversation Preset
[22m[39m[Mock Data] Document.observeQuery() returning 0 items (filter applied) undefined
[90mstdout[2m | src/components/RecordingStudio3Modal.stories.jsx[2m > [22m[2mConversation Preset
[22m[39m[Mock Data] Document subscription added. Total subscriptions: 1
[90mstdout[2m | src/components/RecordingStudio3Modal.stories.jsx[2m > [22m[2mConversation Preset
[22m[39m[ChatContext] Setting up observeQuery for AssistantChat
[90mstdout[2m | src/components/RecordingStudio3Modal.stories.jsx[2m > [22m[2mConversation Preset
[22m[39m[Mock Data] AssistantChat.observeQuery() called with filter: {
  "sortDirection": "DESC",
  "sortField": "createdAt",
}
[90mstdout[2m | src/components/RecordingStudio3Modal.stories.jsx[2m > [22m[2mConversation Preset
[22m[39m[Mock Data] AssistantChat.observeQuery() returning 1 items (filter applied) {
  "sortDirection": "DESC",
  "sortField": "createdAt",
}
[90mstdout[2m | src/components/RecordingStudio3Modal.stories.jsx[2m > [22m[2mConversation Preset
[22m[39m[Mock Data] AssistantChat subscription added. Total subscriptions: 1
[90mstdout[2m | src/components/RecordingStudio3Modal.stories.jsx[2m > [22m[2mConversation Preset
[22m[39m[ChatContext] Waiting for subscription to initialize
[90mstdout[2m | src/components/RecordingStudio3Modal.stories.jsx[2m > [22m[2mConversation Preset
[22m[39m[SettingsContext] Setting up Settings subscription for user: mock-user-sub
[90mstdout[2m | src/components/RecordingStudio3Modal.stories.jsx[2m > [22m[2mConversation Preset
[22m[39m[Mock Data] generateClient() called - returning mock client
[90mstdout[2m | src/components/RecordingStudio3Modal.stories.jsx[2m > [22m[2mConversation Preset
[22m[39m[Mock amplifyClient] getAmplifyClient() called - returning mock client
[90mstdout[2m | src/components/RecordingStudio3Modal.stories.jsx[2m > [22m[2mConversation Preset
[22m[39m[Mock Data] Settings.observeQuery() called with filter: undefined
[90mstdout[2m | src/components/RecordingStudio3Modal.stories.jsx[2m > [22m[2mConversation Preset
[22m[39m[Mock Data] Settings.observeQuery() returning 0 items (filter applied) undefined
[90mstdout[2m | src/components/RecordingStudio3Modal.stories.jsx[2m > [22m[2mConversation Preset
[22m[39m[Mock Data] Settings subscription added. Total subscriptions: 1
[90mstdout[2m | src/components/RecordingStudio3Modal.stories.jsx[2m > [22m[2mConversation Preset
[22m[39m[SectionContext] Initial sections: 0 []
[90mstdout[2m | src/components/RecordingStudio3Modal.stories.jsx[2m > [22m[2mConversation Preset
[22m[39m[Mock Data] Section.onCreate() called with filter: undefined
[90mstdout[2m | src/components/RecordingStudio3Modal.stories.jsx[2m > [22m[2mConversation Preset
[22m[39m[Mock Data] Section.onCreate() subscription added. Total: 1
[90mstdout[2m | src/components/RecordingStudio3Modal.stories.jsx[2m > [22m[2mConversation Preset
[22m[39m[Mock Data] Section.onUpdate() called with filter: undefined
[90mstdout[2m | src/components/RecordingStudio3Modal.stories.jsx[2m > [22m[2mConversation Preset
[22m[39m[Mock Data] Section.onUpdate() subscription added. Total: 1
[90mstdout[2m | src/components/RecordingStudio3Modal.stories.jsx[2m > [22m[2mConversation Preset
[22m[39m[Mock Data] Section.onDelete() called with filter: undefined
[90mstdout[2m | src/components/RecordingStudio3Modal.stories.jsx[2m > [22m[2mConversation Preset
[22m[39m[Mock Data] Section.onDelete() subscription added. Total: 1
[90mstdout[2m | src/components/RecordingStudio3Modal.stories.jsx[2m > [22m[2mConversation Preset
[22m[39m[Mock Data] Assignment.onCreate() called with filter: {
  "filter": {
    "unitID": {
      "eq": "mock-unit-id",
    },
  },
}
[90mstdout[2m | src/components/RecordingStudio3Modal.stories.jsx[2m > [22m[2mConversation Preset
[22m[39m[Mock Data] Assignment.onCreate() subscription added. Total: 1
[90mstdout[2m | src/components/RecordingStudio3Modal.stories.jsx[2m > [22m[2mConversation Preset
[22m[39m[Mock Data] Assignment.onUpdate() called with filter: {
  "filter": {
    "unitID": {
      "eq": "mock-unit-id",
    },
  },
}
[90mstdout[2m | src/components/RecordingStudio3Modal.stories.jsx[2m > [22m[2mConversation Preset
[22m[39m[Mock Data] Assignment.onUpdate() subscription added. Total: 1
[90mstdout[2m | src/components/RecordingStudio3Modal.stories.jsx[2m > [22m[2mConversation Preset
[22m[39m[Mock Data] Assignment.onDelete() called with filter: {
  "filter": {
    "unitID": {
      "eq": "mock-unit-id",
    },
  },
}
[90mstdout[2m | src/components/RecordingStudio3Modal.stories.jsx[2m > [22m[2mConversation Preset
[22m[39m[Mock Data] Assignment.onDelete() subscription added. Total: 1
[90mstdout[2m | src/components/RecordingStudio3Modal.stories.jsx[2m > [22m[2mConversation Preset
[22m[39m[FilesContext] File observeQuery subscription triggered:
[90mstdout[2m | src/components/RecordingStudio3Modal.stories.jsx[2m > [22m[2mConversation Preset
[22m[39m  - items.length: 6
[90mstdout[2m | src/components/RecordingStudio3Modal.stories.jsx[2m > [22m[2mConversation Preset
[22m[39m  - isSynced: true
[90mstdout[2m | src/components/RecordingStudio3Modal.stories.jsx[2m > [22m[2mConversation Preset
[22m[39m  - items: [
  {
    "_deleted": null,
    "_lastChangedAt": 1767711773285,
    "_version": 1,
    "byHex": null,
    "createdAt": "2026-01-06T15:02:53.253Z",
    "description": "Japanese language textbook - Chapter 1",
    "document": Promise {},
    "documentID": "e01017e1-fe7a-4521-b71c-09ec31b18639",
    "duration": null,
    "embedding": null,
    "generated": null,
    "hex": null,
    "id": "a57d7833-5fa7-4cb7-8b7a-ce7c6e10e551",
    "identityId": "us-east-1:b0eadde9-f02c-c71b-17a6-22ffd37d89c8",
    "key": "files/Japanese Wind 1.pdf",
    "level": "protected",
    "mimeType": "application/pdf",
    "model": null,
    "name": "Japanese Wind 1.pdf",
    "owner": "64d81418-7021-701d-9fed-a4c2e0735711",
    "parsedContent": [Function anonymous],
    "parsedContentID": null,
    "path": "files/Japanese Wind 1.pdf",
    "prompt": null,
    "size": 4706654,
    "thumbnail": null,
    "type": "pdf",
    "updatedAt": "2026-01-06T15:02:53.253Z",
    "variant": null,
    "waveformData": null,
  },
  {
    "_version": 2,
    "createdAt": "2026-01-15T10:00:00.000Z",
    "description": "Sample report with vocabulary",
    "document": Promise {},
    "documentID": "cd824b5b-2c66-41f8-8571-aa6794ff590c",
    "generated": false,
    "id": "mock-pdf-file-2",
    "identityId": "us-east-1:mock-identity",
    "key": "files/report.pdf",
    "level": "protected",
    "mimeType": "application/pdf",
    "name": "report.pdf",
    "owner": "mock-user-id",
    "parsedContent": [Function anonymous],
    "path": "files/report.pdf",
    "size": 123456,
    "type": "pdf",
    "updatedAt": "2026-01-15T10:30:00.000Z",
  },
  {
    "_version": 3,
    "createdAt": "2026-01-14T08:00:00.000Z",
    "description": "Vocabulary lesson PDF with extracted content",
    "document": Promise {},
    "documentID": "mock-document-3",
    "generated": false,
    "id": "mock-pdf-file-3",
    "identityId": "us-east-1:mock-identity",
    "key": "files/vocabulary-lesson.pdf",
    "level": "public",
    "mimeType": "application/pdf",
    "name": "vocabulary-lesson.pdf",
    "owner": "mock-user-id",
    "parsedContent": [Function anonymous],
    "path": "files/vocabulary-lesson.pdf",
    "size": 567890,
    "type": "pdf",
    "updatedAt": "2026-01-14T08:45:00.000Z",
  },
  {
    "_version": 1,
    "createdAt": "2026-01-20T10:00:00.000Z",
    "description": "Sample pronunciation audio",
    "documentID": null,
    "duration": 3.5,
    "generated": true,
    "id": "mock-audio-file-1",
    "identityId": "us-east-1:mock-identity",
    "key": "audio/pronunciation-demo.mp3",
    "level": "public",
    "mimeType": "audio/mpeg",
    "name": "pronunciation-demo.mp3",
    "owner": "mock-user-id",
    "parsedContent": [Function anonymous],
    "path": "/story-mocks/cinematic-designed-sci-fi-whoosh-transition-nexawave-228295.mp3",
    "size": 56789,
    "type": "audio",
    "updatedAt": "2026-01-20T10:00:00.000Z",
    "waveformData": null,
  },
  {
    "_version": 1,
    "createdAt": "2026-01-19T14:30:00.000Z",
    "description": "Lesson introduction audio",
    "documentID": null,
    "duration": 5.2,
    "generated": false,
    "id": "mock-audio-file-2",
    "identityId": "us-east-1:mock-identity",
    "key": "audio/lesson-intro.mp3",
    "level": "public",
    "mimeType": "audio/mpeg",
    "name": "lesson-intro.mp3",
    "owner": "mock-user-id",
    "parsedContent": [Function anonymous],
    "path": "/story-mocks/descent-whoosh-long-cinematic-sound-effect-405921.mp3",
    "size": 87654,
    "type": "audio",
    "updatedAt": "2026-01-19T14:30:00.000Z",
    "waveformData": null,
  },
  {
    "_version": 1,
    "createdAt": "2026-01-18T09:15:00.000Z",
    "description": "Hiragana character chart",
    "documentID": null,
    "generated": false,
    "id": "mock-image-file-1",
    "identityId": "us-east-1:mock-identity",
    "key": "images/hiragana-chart.png",
    "level": "public",
    "mimeType": "image/png",
    "name": "hiragana-chart.png",
    "owner": "mock-user-id",
    "parsedContent": [Function anonymous],
    "path": "images/hiragana-chart.png",
    "size": 234567,
    "thumbnail": "thumbnails/hiragana-chart-thumb.png",
    "type": "image",
    "updatedAt": "2026-01-18T09:15:00.000Z",
  },
]
[90mstdout[2m | src/components/RecordingStudio3Modal.stories.jsx[2m > [22m[2mConversation Preset
[22m[39m[ChatContext] AssistantChat query update: 1 items (synced)
[90mstdout[2m | src/components/RecordingStudio3Modal.stories.jsx[2m > [22m[2mConversation Preset
[22m[39m[ChatContext] First item details: {
  "id": "mock-assistant-chat-1",
  "updatedAt": "2024-01-26T10:15:00.000Z",
}
[90mstdout[2m | src/components/RecordingStudio3Modal.stories.jsx[2m > [22m[2mConversation Preset
[22m[39m[ChatContext] AssistantChat subscription initialized
[90mstdout[2m | src/components/RecordingStudio3Modal.stories.jsx[2m > [22m[2mConversation Preset
[22m[39m[ChatContext] AssistantChat list updated: 1 chats
[90mstdout[2m | src/components/RecordingStudio3Modal.stories.jsx[2m > [22m[2mConversation Preset
[22m[39m[ChatContext] Setting initial chat: mock-assistant-chat-1
[90mstdout[2m | src/components/RecordingStudio3Modal.stories.jsx[2m > [22m[2mConversation Preset
[22m[39m[FilesContext] Files count changed: 0 → 6
[90mstdout[2m | src/components/RecordingStudio3Modal.stories.jsx[2m > [22m[2mConversation Preset
[22m[39m[MOCK CourseVectorStore] Initialized with mock data
[90mstdout[2m | src/components/RecordingStudio3Modal.stories.jsx[2m > [22m[2mConversation Preset
[22m[39m[MOCK CourseVectorStore] Initialized with mock data
[90mstdout[2m | src/components/RecordingStudio3Modal.stories.jsx[2m > [22m[2mConversation Preset
[22m[39m[i18next] Missing key: components:common.close for [
  "en",
]
[90mstdout[2m | src/components/RecordingStudio3Modal.stories.jsx[2m > [22m[2mConversation Preset
[22m[39m[useTranslationWithCapture] t() called: {
  "key": "common.close",
  "mode": "off",
  "namespace": "components",
  "value": "common.close",
}
[90mstdout[2m | src/components/RecordingStudio3Modal.stories.jsx[2m > [22m[2mConversation Preset
[22m[39m[i18next] Missing key: components:recordingStudio3Modal.done for [
  "en",
]
[90mstdout[2m | src/components/RecordingStudio3Modal.stories.jsx[2m > [22m[2mConversation Preset
[22m[39m[useTranslationWithCapture] t() called: {
  "key": "recordingStudio3Modal.done",
  "mode": "off",
  "namespace": "components",
  "value": "recordingStudio3Modal.done",
}
[90mstdout[2m | src/components/RecordingStudio3Modal.stories.jsx[2m > [22m[2mConversation Preset
[22m[39m[FilesContext] Vector store population triggered {
  "currentVectorStoreSize": 3,
  "documentsCount": 0,
  "filesCount": 6,
  "isInitialLoad": true,
}
[90mstdout[2m | src/components/RecordingStudio3Modal.stories.jsx[2m > [22m[2mConversation Preset
[22m[39m[FilesContext] Vector store population complete - 3 total embeddings
[90mstdout[2m | src/components/RecordingStudio3Modal.stories.jsx[2m > [22m[2mConversation Preset
[22m[39m[ChatContext] Chat exists and not archived, skipping creation
[90mstdout[2m | src/components/RecordingStudio3Modal.stories.jsx[2m > [22m[2mConversation Preset
[22m[39m[i18next] Missing key: components:common.close for [
  "en",
]
[90mstdout[2m | src/components/RecordingStudio3Modal.stories.jsx[2m > [22m[2mConversation Preset
[22m[39m[useTranslationWithCapture] t() called: {
  "key": "common.close",
  "mode": "off",
  "namespace": "components",
  "value": "common.close",
}
[90mstdout[2m | src/components/RecordingStudio3Modal.stories.jsx[2m > [22m[2mConversation Preset
[22m[39m[i18next] Missing key: components:recordingStudio3Modal.done for [
  "en",
]
[90mstdout[2m | src/components/RecordingStudio3Modal.stories.jsx[2m > [22m[2mConversation Preset
[22m[39m[useTranslationWithCapture] t() called: {
  "key": "recordingStudio3Modal.done",
  "mode": "off",
  "namespace": "components",
  "value": "recordingStudio3Modal.done",
}
[90mstdout[2m | src/components/RecordingStudio3Modal.stories.jsx[2m > [22m[2mConversation Preset
[22m[39m[useTranslationWithCapture] t() called: {
  "key": "recordingStudio3.importJson",
  "mode": "off",
  "namespace": "components",
  "value": "Import JSON",
}
[90mstdout[2m | src/components/RecordingStudio3Modal.stories.jsx[2m > [22m[2mConversation Preset
[22m[39m[useTranslationWithCapture] t() called: {
  "key": "recordingStudio3.exportJson",
  "mode": "off",
  "namespace": "components",
  "value": "Export JSON",
}
[90mstdout[2m | src/components/RecordingStudio3Modal.stories.jsx[2m > [22m[2mConversation Preset
[22m[39m[useTranslationWithCapture] t() called: {
  "key": "recordingStudio3.script",
  "mode": "off",
  "namespace": "components",
  "value": "Script",
}
[90mstdout[2m | src/components/RecordingStudio3Modal.stories.jsx[2m > [22m[2mConversation Preset
[22m[39m[useTranslationWithCapture] t() called: {
  "key": "recordingStudio3.addLine",
  "mode": "off",
  "namespace": "components",
  "value": "Add Line",
}
[90mstdout[2m | src/components/RecordingStudio3Modal.stories.jsx[2m > [22m[2mConversation Preset
[22m[39m[useTranslationWithCapture] t() called: {
  "key": "recordingStudio3.timeline",
  "mode": "off",
  "namespace": "components",
  "value": "Timeline",
}
[90mstdout[2m | src/components/RecordingStudio3Modal.stories.jsx[2m > [22m[2mConversation Preset
[22m[39m[useTranslationWithCapture] t() called: {
  "key": "recordingStudio3.speakers",
  "mode": "off",
  "namespace": "components",
  "value": "Speakers",
}
[90mstdout[2m | src/components/RecordingStudio3Modal.stories.jsx[2m > [22m[2mConversation Preset
[22m[39m[useTranslationWithCapture] t() called: {
  "key": "recordingStudio3.add",
  "mode": "off",
  "namespace": "components",
  "value": "Add",
}
[90mstdout[2m | src/components/RecordingStudio3Modal.stories.jsx[2m > [22m[2mConversation Preset
[22m[39m[useTranslationWithCapture] t() called: {
  "key": "recordingStudio3.generateAllMissing",
  "mode": "off",
  "namespace": "components",
  "value": "Generate All Missing TTS",
}
[90mstdout[2m | src/components/RecordingStudio3Modal.stories.jsx[2m > [22m[2mConversation Preset
[22m[39m[Mock Data] Settings.create() called with: {
  "assistantVoice": "shimmer",
  "autoAnalyzeDocuments": true,
  "defaultAIModel": "gpt-4",
  "documentAnalysisModel": "gpt-4",
  "editorFontSize": 14,
  "editorTheme": "auto",
  "emailNotifications": true,
  "language": "en",
  "webhookNotifications": false,
}
[90mstdout[2m | src/components/RecordingStudio3Modal.stories.jsx[2m > [22m[2mConversation Preset
[22m[39m[Mock Data] Settings created: mock-settings-1776336991856 - notified 1 subscribers
[90mstdout[2m | src/components/RecordingStudio3Modal.stories.jsx[2m > [22m[2mQuestion Preset
[22m[39m[Mock Data] Settings subscription unsubscribed. Remaining: 0
[90mstdout[2m | src/components/RecordingStudio3Modal.stories.jsx[2m > [22m[2mQuestion Preset
[22m[39m[ChatContext] Cleaning up subscription
[90mstdout[2m | src/components/RecordingStudio3Modal.stories.jsx[2m > [22m[2mQuestion Preset
[22m[39m[Mock Data] AssistantChat subscription unsubscribed. Remaining: 0
[90mstdout[2m | src/components/RecordingStudio3Modal.stories.jsx[2m > [22m[2mQuestion Preset
[22m[39m[Mock Data] File subscription unsubscribed. Remaining: 0
[90mstdout[2m | src/components/RecordingStudio3Modal.stories.jsx[2m > [22m[2mQuestion Preset
[22m[39m[Mock Data] Document subscription unsubscribed. Remaining: 0
[90mstdout[2m | src/components/RecordingStudio3Modal.stories.jsx[2m > [22m[2mQuestion Preset
[22m[39m[Mock Data] Word subscription unsubscribed. Remaining: 0
[90mstdout[2m | src/components/RecordingStudio3Modal.stories.jsx[2m > [22m[2mQuestion Preset
[22m[39m[Mock Data] Question subscription unsubscribed. Remaining: 0
[90mstdout[2m | src/components/RecordingStudio3Modal.stories.jsx[2m > [22m[2mQuestion Preset
[22m[39m[Mock Data] Grade subscription unsubscribed. Remaining: 0
[90mstdout[2m | src/components/RecordingStudio3Modal.stories.jsx[2m > [22m[2mQuestion Preset
[22m[39m[Mock Data] Unit subscription unsubscribed. Remaining: 0
[90mstdout[2m | src/components/RecordingStudio3Modal.stories.jsx[2m > [22m[2mQuestion Preset
[22m[39m[SectionContext] Cleaning up subscriptions
[90mstdout[2m | src/components/RecordingStudio3Modal.stories.jsx[2m > [22m[2mQuestion Preset
[22m[39m[Mock Data] Section.onCreate() subscription removed. Remaining: 0
[90mstdout[2m | src/components/RecordingStudio3Modal.stories.jsx[2m > [22m[2mQuestion Preset
[22m[39m[Mock Data] Section.onUpdate() subscription removed. Remaining: 0
[90mstdout[2m | src/components/RecordingStudio3Modal.stories.jsx[2m > [22m[2mQuestion Preset
[22m[39m[Mock Data] Section.onDelete() subscription removed. Remaining: 0
[90mstdout[2m | src/components/RecordingStudio3Modal.stories.jsx[2m > [22m[2mQuestion Preset
[22m[39m[Mock Data] Assignment.onCreate() subscription removed. Remaining: 0
[90mstdout[2m | src/components/RecordingStudio3Modal.stories.jsx[2m > [22m[2mQuestion Preset
[22m[39m[Mock Data] Assignment.onUpdate() subscription removed. Remaining: 0
[90mstdout[2m | src/components/RecordingStudio3Modal.stories.jsx[2m > [22m[2mQuestion Preset
[22m[39m[Mock Data] Assignment.onDelete() subscription removed. Remaining: 0
[90mstdout[2m | src/components/RecordingStudio3Modal.stories.jsx[2m > [22m[2mQuestion Preset
[22m[39m[Mock Data] Clearing all data stores
[90mstdout[2m | src/components/RecordingStudio3Modal.stories.jsx[2m > [22m[2mQuestion Preset
[22m[39m[Mock Data] All data stores cleared
[90mstdout[2m | src/components/RecordingStudio3Modal.stories.jsx[2m > [22m[2mQuestion Preset
[22m[39m[Preview] Cleared mock data for story
[90mstdout[2m | src/components/RecordingStudio3Modal.stories.jsx[2m > [22m[2mQuestion Preset
[22m[39m[Mock Data Gen 2] Initializing mock data
[90mstdout[2m | src/components/RecordingStudio3Modal.stories.jsx[2m > [22m[2mQuestion Preset
[22m[39m[Mock Data] seedMockAssistantChats: Replacing with 1 assistant chats
[90mstdout[2m | src/components/RecordingStudio3Modal.stories.jsx[2m > [22m[2mQuestion Preset
[22m[39m[Mock Data Gen 2] Seeded AssistantChat: mock-assistant-chat-1
[90mstdout[2m | src/components/RecordingStudio3Modal.stories.jsx[2m > [22m[2mQuestion Preset
[22m[39m[Mock Data] seedMockFiles: Adding 6 files
[90mstdout[2m | src/components/RecordingStudio3Modal.stories.jsx[2m > [22m[2mQuestion Preset
[22m[39m[Mock Data Gen 2] Seeded Files: 6
[90mstdout[2m | src/components/RecordingStudio3Modal.stories.jsx[2m > [22m[2mQuestion Preset
[22m[39m[Mock Data Gen 2] Initializing mock data
[90mstdout[2m | src/components/RecordingStudio3Modal.stories.jsx[2m > [22m[2mQuestion Preset
[22m[39m[Mock Data] seedMockAssistantChats: Replacing with 1 assistant chats
[90mstdout[2m | src/components/RecordingStudio3Modal.stories.jsx[2m > [22m[2mQuestion Preset
[22m[39m[Mock Data Gen 2] Seeded AssistantChat: mock-assistant-chat-1
[90mstdout[2m | src/components/RecordingStudio3Modal.stories.jsx[2m > [22m[2mQuestion Preset
[22m[39m[Mock Data] seedMockFiles: Adding 6 files
[90mstdout[2m | src/components/RecordingStudio3Modal.stories.jsx[2m > [22m[2mQuestion Preset
[22m[39m[Mock Data Gen 2] Seeded Files: 6
[90mstdout[2m | src/components/RecordingStudio3Modal.stories.jsx[2m > [22m[2mQuestion Preset
[22m[39m[Preview] Initialized default mock data for story
[90mstdout[2m | src/components/RecordingStudio3Modal.stories.jsx[2m > [22m[2mQuestion Preset
[22m[39m[Mock AuthContext] Providing auth: {
  "error": undefined,
  "isLoading": false,
  "session": {
    "idToken": {
      "toString": [Function toString],
    },
    "identityId": "us-east-1:mock-identity-123",
    "username": "mock-user-sub",
  },
  "user": {
    "attributes": {
      "email": "alice@example.com",
      "name": "Alice Student",
      "sub": "mock-user-sub",
    },
  },
}
[90mstdout[2m | src/components/RecordingStudio3Modal.stories.jsx[2m > [22m[2mQuestion Preset
[22m[39m[Mock Data] generateClient() called - returning mock client
[90mstdout[2m | src/components/RecordingStudio3Modal.stories.jsx[2m > [22m[2mQuestion Preset
[22m[39m[Mock amplifyClient] getAmplifyClient() called - returning mock client
[90mstdout[2m | src/components/RecordingStudio3Modal.stories.jsx[2m > [22m[2mQuestion Preset
[22m[39m[MOCK CourseVectorStore] Initialized with mock data
[90mstdout[2m | src/components/RecordingStudio3Modal.stories.jsx[2m > [22m[2mQuestion Preset
[22m[39m[TranslationModeController] Setting mode to: off
[90mstdout[2m | src/components/RecordingStudio3Modal.stories.jsx[2m > [22m[2mQuestion Preset
[22m[39m[SectionContext] useEffect triggered {
  "authLoading": false,
  "hasUser": true,
  "userSub": "mock-user-sub",
}
[90mstdout[2m | src/components/RecordingStudio3Modal.stories.jsx[2m > [22m[2mQuestion Preset
[22m[39m[SectionContext] Fetching sections for userId: mock-user-sub
[90mstdout[2m | src/components/RecordingStudio3Modal.stories.jsx[2m > [22m[2mQuestion Preset
[22m[39m[Mock Data] generateClient() called - returning mock client
[90mstdout[2m | src/components/RecordingStudio3Modal.stories.jsx[2m > [22m[2mQuestion Preset
[22m[39m[Mock amplifyClient] getAmplifyClient() called - returning mock client
[90mstdout[2m | src/components/RecordingStudio3Modal.stories.jsx[2m > [22m[2mQuestion Preset
[22m[39m[Mock Data] Section.list() called with options: undefined
[90mstdout[2m | src/components/RecordingStudio3Modal.stories.jsx[2m > [22m[2mQuestion Preset
[22m[39m[Mock Data] generateClient() called - returning mock client
[90mstdout[2m | src/components/RecordingStudio3Modal.stories.jsx[2m > [22m[2mQuestion Preset
[22m[39m[Mock amplifyClient] getAmplifyClient() called - returning mock client
[90mstdout[2m | src/components/RecordingStudio3Modal.stories.jsx[2m > [22m[2mQuestion Preset
[22m[39m[Mock Data] Assignment.list() called with options: {
  "filter": {
    "unitID": {
      "eq": "mock-unit-id",
    },
  },
}
[90mstdout[2m | src/components/RecordingStudio3Modal.stories.jsx[2m > [22m[2mQuestion Preset
[22m[39m[Mock Data] generateClient() called - returning mock client
[90mstdout[2m | src/components/RecordingStudio3Modal.stories.jsx[2m > [22m[2mQuestion Preset
[22m[39m[Mock amplifyClient] getAmplifyClient() called - returning mock client
[90mstdout[2m | src/components/RecordingStudio3Modal.stories.jsx[2m > [22m[2mQuestion Preset
[22m[39m[Mock Data] Grade.observeQuery() called with filter: {
  "filter": {
    "unitID": {
      "eq": "mock-unit-id",
    },
  },
}
[90mstdout[2m | src/components/RecordingStudio3Modal.stories.jsx[2m > [22m[2mQuestion Preset
[22m[39m[Mock Data] Grade.observeQuery() applying filter: {
  "unitID": {
    "eq": "mock-unit-id",
  },
}
[90mstdout[2m | src/components/RecordingStudio3Modal.stories.jsx[2m > [22m[2mQuestion Preset
[22m[39m[Mock Data] Grade.observeQuery() items before filter: 0
[90mstdout[2m | src/components/RecordingStudio3Modal.stories.jsx[2m > [22m[2mQuestion Preset
[22m[39m[Mock Data] Grade.observeQuery() items after filter: 0
[90mstdout[2m | src/components/RecordingStudio3Modal.stories.jsx[2m > [22m[2mQuestion Preset
[22m[39m[Mock Data] Grade.observeQuery() returning 0 items (filter applied) {
  "filter": {
    "unitID": {
      "eq": "mock-unit-id",
    },
  },
}
[90mstdout[2m | src/components/RecordingStudio3Modal.stories.jsx[2m > [22m[2mQuestion Preset
[22m[39m[Mock Data] Grade subscription added. Total subscriptions: 1
[90mstdout[2m | src/components/RecordingStudio3Modal.stories.jsx[2m > [22m[2mQuestion Preset
[22m[39m[UnitContext] useEffect triggered {
  "authLoading": false,
  "hasUser": true,
  "id": "mock-unit-id",
  "userSub": "mock-user-sub",
}
[90mstdout[2m | src/components/RecordingStudio3Modal.stories.jsx[2m > [22m[2mQuestion Preset
[22m[39m[UnitContext] Fetching unit data for id: mock-unit-id
[90mstdout[2m | src/components/RecordingStudio3Modal.stories.jsx[2m > [22m[2mQuestion Preset
[22m[39m[Mock Data] generateClient() called - returning mock client
[90mstdout[2m | src/components/RecordingStudio3Modal.stories.jsx[2m > [22m[2mQuestion Preset
[22m[39m[Mock amplifyClient] getAmplifyClient() called - returning mock client
[90mstdout[2m | src/components/RecordingStudio3Modal.stories.jsx[2m > [22m[2mQuestion Preset
[22m[39m[Mock Data] Unit.observeQuery() called with filter: {
  "filter": {
    "id": {
      "eq": "mock-unit-id",
    },
  },
}
[90mstdout[2m | src/components/RecordingStudio3Modal.stories.jsx[2m > [22m[2mQuestion Preset
[22m[39m[Mock Data] Unit.observeQuery() applying filter: {
  "id": {
    "eq": "mock-unit-id",
  },
}
[90mstdout[2m | src/components/RecordingStudio3Modal.stories.jsx[2m > [22m[2mQuestion Preset
[22m[39m[Mock Data] Unit.observeQuery() items before filter: 0
[90mstdout[2m | src/components/RecordingStudio3Modal.stories.jsx[2m > [22m[2mQuestion Preset
[22m[39m[Mock Data] Unit.observeQuery() items after filter: 0
[90mstdout[2m | src/components/RecordingStudio3Modal.stories.jsx[2m > [22m[2mQuestion Preset
[22m[39m[Mock Data] Unit.observeQuery() returning 0 items (filter applied) {
  "filter": {
    "id": {
      "eq": "mock-unit-id",
    },
  },
}
[90mstdout[2m | src/components/RecordingStudio3Modal.stories.jsx[2m > [22m[2mQuestion Preset
[22m[39m[Mock Data] Unit subscription added. Total subscriptions: 1
[90mstdout[2m | src/components/RecordingStudio3Modal.stories.jsx[2m > [22m[2mQuestion Preset
[22m[39m[Mock Data] generateClient() called - returning mock client
[90mstdout[2m | src/components/RecordingStudio3Modal.stories.jsx[2m > [22m[2mQuestion Preset
[22m[39m[Mock amplifyClient] getAmplifyClient() called - returning mock client
[90mstdout[2m | src/components/RecordingStudio3Modal.stories.jsx[2m > [22m[2mQuestion Preset
[22m[39m[Mock Data] Word.observeQuery() called with filter: undefined
[90mstdout[2m | src/components/RecordingStudio3Modal.stories.jsx[2m > [22m[2mQuestion Preset
[22m[39m[Mock Data] Word.observeQuery() returning 0 items (filter applied) undefined
[90mstdout[2m | src/components/RecordingStudio3Modal.stories.jsx[2m > [22m[2mQuestion Preset
[22m[39m[Mock Data] Word subscription added. Total subscriptions: 1
[90mstdout[2m | src/components/RecordingStudio3Modal.stories.jsx[2m > [22m[2mQuestion Preset
[22m[39m[Mock Data] generateClient() called - returning mock client
[90mstdout[2m | src/components/RecordingStudio3Modal.stories.jsx[2m > [22m[2mQuestion Preset
[22m[39m[Mock amplifyClient] getAmplifyClient() called - returning mock client
[90mstdout[2m | src/components/RecordingStudio3Modal.stories.jsx[2m > [22m[2mQuestion Preset
[22m[39m[Mock Data] Question.observeQuery() called with filter: undefined
[90mstdout[2m | src/components/RecordingStudio3Modal.stories.jsx[2m > [22m[2mQuestion Preset
[22m[39m[Mock Data] Question.observeQuery() returning 0 items (filter applied) undefined
[90mstdout[2m | src/components/RecordingStudio3Modal.stories.jsx[2m > [22m[2mQuestion Preset
[22m[39m[Mock Data] Question subscription added. Total subscriptions: 1
[90mstdout[2m | src/components/RecordingStudio3Modal.stories.jsx[2m > [22m[2mQuestion Preset
[22m[39m[FilesContext] Initializing vector store from IndexedDB
[90mstdout[2m | src/components/RecordingStudio3Modal.stories.jsx[2m > [22m[2mQuestion Preset
[22m[39m[FilesContext] fetchFiles called
[90mstdout[2m | src/components/RecordingStudio3Modal.stories.jsx[2m > [22m[2mQuestion Preset
[22m[39m[FilesContext] User authenticated: mock-user-sub
[90mstdout[2m | src/components/RecordingStudio3Modal.stories.jsx[2m > [22m[2mQuestion Preset
[22m[39m[FilesContext] Identity ID: us-east-1:mock-identity-123
[90mstdout[2m | src/components/RecordingStudio3Modal.stories.jsx[2m > [22m[2mQuestion Preset
[22m[39m[FilesContext] About to subscribe to File model
[90mstdout[2m | src/components/RecordingStudio3Modal.stories.jsx[2m > [22m[2mQuestion Preset
[22m[39m[Mock Data] generateClient() called - returning mock client
[90mstdout[2m | src/components/RecordingStudio3Modal.stories.jsx[2m > [22m[2mQuestion Preset
[22m[39m[Mock amplifyClient] getAmplifyClient() called - returning mock client
[90mstdout[2m | src/components/RecordingStudio3Modal.stories.jsx[2m > [22m[2mQuestion Preset
[22m[39m[Mock Data] File.observeQuery() called with filter: undefined
[90mstdout[2m | src/components/RecordingStudio3Modal.stories.jsx[2m > [22m[2mQuestion Preset
[22m[39m[Mock Data] File.observeQuery() returning 6 items (filter applied) undefined
[90mstdout[2m | src/components/RecordingStudio3Modal.stories.jsx[2m > [22m[2mQuestion Preset
[22m[39m[Mock Data] File subscription added. Total subscriptions: 1
[90mstdout[2m | src/components/RecordingStudio3Modal.stories.jsx[2m > [22m[2mQuestion Preset
[22m[39m[Mock Data] generateClient() called - returning mock client
[90mstdout[2m | src/components/RecordingStudio3Modal.stories.jsx[2m > [22m[2mQuestion Preset
[22m[39m[Mock amplifyClient] getAmplifyClient() called - returning mock client
[90mstdout[2m | src/components/RecordingStudio3Modal.stories.jsx[2m > [22m[2mQuestion Preset
[22m[39m[Mock Data] Document.observeQuery() called with filter: undefined
[90mstdout[2m | src/components/RecordingStudio3Modal.stories.jsx[2m > [22m[2mQuestion Preset
[22m[39m[Mock Data] Document.observeQuery() returning 0 items (filter applied) undefined
[90mstdout[2m | src/components/RecordingStudio3Modal.stories.jsx[2m > [22m[2mQuestion Preset
[22m[39m[Mock Data] Document subscription added. Total subscriptions: 1
[90mstdout[2m | src/components/RecordingStudio3Modal.stories.jsx[2m > [22m[2mQuestion Preset
[22m[39m[ChatContext] Setting up observeQuery for AssistantChat
[90mstdout[2m | src/components/RecordingStudio3Modal.stories.jsx[2m > [22m[2mQuestion Preset
[22m[39m[Mock Data] AssistantChat.observeQuery() called with filter: {
  "sortDirection": "DESC",
  "sortField": "createdAt",
}
[90mstdout[2m | src/components/RecordingStudio3Modal.stories.jsx[2m > [22m[2mQuestion Preset
[22m[39m[Mock Data] AssistantChat.observeQuery() returning 1 items (filter applied) {
  "sortDirection": "DESC",
  "sortField": "createdAt",
}
[90mstdout[2m | src/components/RecordingStudio3Modal.stories.jsx[2m > [22m[2mQuestion Preset
[22m[39m[Mock Data] AssistantChat subscription added. Total subscriptions: 1
[90mstdout[2m | src/components/RecordingStudio3Modal.stories.jsx[2m > [22m[2mQuestion Preset
[22m[39m[ChatContext] Waiting for subscription to initialize
[90mstdout[2m | src/components/RecordingStudio3Modal.stories.jsx[2m > [22m[2mQuestion Preset
[22m[39m[SettingsContext] Setting up Settings subscription for user: mock-user-sub
[90mstdout[2m | src/components/RecordingStudio3Modal.stories.jsx[2m > [22m[2mQuestion Preset
[22m[39m[Mock Data] generateClient() called - returning mock client
[90mstdout[2m | src/components/RecordingStudio3Modal.stories.jsx[2m > [22m[2mQuestion Preset
[22m[39m[Mock amplifyClient] getAmplifyClient() called - returning mock client
[90mstdout[2m | src/components/RecordingStudio3Modal.stories.jsx[2m > [22m[2mQuestion Preset
[22m[39m[Mock Data] Settings.observeQuery() called with filter: undefined
[90mstdout[2m | src/components/RecordingStudio3Modal.stories.jsx[2m > [22m[2mQuestion Preset
[22m[39m[Mock Data] Settings.observeQuery() returning 0 items (filter applied) undefined
[90mstdout[2m | src/components/RecordingStudio3Modal.stories.jsx[2m > [22m[2mQuestion Preset
[22m[39m[Mock Data] Settings subscription added. Total subscriptions: 1
[90mstdout[2m | src/components/RecordingStudio3Modal.stories.jsx[2m > [22m[2mQuestion Preset
[22m[39m[SectionContext] Initial sections: 0 []
[90mstdout[2m | src/components/RecordingStudio3Modal.stories.jsx[2m > [22m[2mQuestion Preset
[22m[39m[Mock Data] Section.onCreate() called with filter: undefined
[90mstdout[2m | src/components/RecordingStudio3Modal.stories.jsx[2m > [22m[2mQuestion Preset
[22m[39m[Mock Data] Section.onCreate() subscription added. Total: 1
[90mstdout[2m | src/components/RecordingStudio3Modal.stories.jsx[2m > [22m[2mQuestion Preset
[22m[39m[Mock Data] Section.onUpdate() called with filter: undefined
[90mstdout[2m | src/components/RecordingStudio3Modal.stories.jsx[2m > [22m[2mQuestion Preset
[22m[39m[Mock Data] Section.onUpdate() subscription added. Total: 1
[90mstdout[2m | src/components/RecordingStudio3Modal.stories.jsx[2m > [22m[2mQuestion Preset
[22m[39m[Mock Data] Section.onDelete() called with filter: undefined
[90mstdout[2m | src/components/RecordingStudio3Modal.stories.jsx[2m > [22m[2mQuestion Preset
[22m[39m[Mock Data] Section.onDelete() subscription added. Total: 1
[90mstdout[2m | src/components/RecordingStudio3Modal.stories.jsx[2m > [22m[2mQuestion Preset
[22m[39m[Mock Data] Assignment.onCreate() called with filter: {
  "filter": {
    "unitID": {
      "eq": "mock-unit-id",
    },
  },
}
[90mstdout[2m | src/components/RecordingStudio3Modal.stories.jsx[2m > [22m[2mQuestion Preset
[22m[39m[Mock Data] Assignment.onCreate() subscription added. Total: 1
[90mstdout[2m | src/components/RecordingStudio3Modal.stories.jsx[2m > [22m[2mQuestion Preset
[22m[39m[Mock Data] Assignment.onUpdate() called with filter: {
  "filter": {
    "unitID": {
      "eq": "mock-unit-id",
    },
  },
}
[90mstdout[2m | src/components/RecordingStudio3Modal.stories.jsx[2m > [22m[2mQuestion Preset
[22m[39m[Mock Data] Assignment.onUpdate() subscription added. Total: 1
[90mstdout[2m | src/components/RecordingStudio3Modal.stories.jsx[2m > [22m[2mQuestion Preset
[22m[39m[Mock Data] Assignment.onDelete() called with filter: {
  "filter": {
    "unitID": {
      "eq": "mock-unit-id",
    },
  },
}
[90mstdout[2m | src/components/RecordingStudio3Modal.stories.jsx[2m > [22m[2mQuestion Preset
[22m[39m[Mock Data] Assignment.onDelete() subscription added. Total: 1
[90mstdout[2m | src/components/RecordingStudio3Modal.stories.jsx[2m > [22m[2mQuestion Preset
[22m[39m[FilesContext] File observeQuery subscription triggered:
[90mstdout[2m | src/components/RecordingStudio3Modal.stories.jsx[2m > [22m[2mQuestion Preset
[22m[39m  - items.length: 6
[90mstdout[2m | src/components/RecordingStudio3Modal.stories.jsx[2m > [22m[2mQuestion Preset
[22m[39m  - isSynced: true
[90mstdout[2m | src/components/RecordingStudio3Modal.stories.jsx[2m > [22m[2mQuestion Preset
[22m[39m  - items: [
  {
    "_deleted": null,
    "_lastChangedAt": 1767711773285,
    "_version": 1,
    "byHex": null,
    "createdAt": "2026-01-06T15:02:53.253Z",
    "description": "Japanese language textbook - Chapter 1",
    "document": Promise {},
    "documentID": "e01017e1-fe7a-4521-b71c-09ec31b18639",
    "duration": null,
    "embedding": null,
    "generated": null,
    "hex": null,
    "id": "a57d7833-5fa7-4cb7-8b7a-ce7c6e10e551",
    "identityId": "us-east-1:b0eadde9-f02c-c71b-17a6-22ffd37d89c8",
    "key": "files/Japanese Wind 1.pdf",
    "level": "protected",
    "mimeType": "application/pdf",
    "model": null,
    "name": "Japanese Wind 1.pdf",
    "owner": "64d81418-7021-701d-9fed-a4c2e0735711",
    "parsedContent": [Function anonymous],
    "parsedContentID": null,
    "path": "files/Japanese Wind 1.pdf",
    "prompt": null,
    "size": 4706654,
    "thumbnail": null,
    "type": "pdf",
    "updatedAt": "2026-01-06T15:02:53.253Z",
    "variant": null,
    "waveformData": null,
  },
  {
    "_version": 2,
    "createdAt": "2026-01-15T10:00:00.000Z",
    "description": "Sample report with vocabulary",
    "document": Promise {},
    "documentID": "cd824b5b-2c66-41f8-8571-aa6794ff590c",
    "generated": false,
    "id": "mock-pdf-file-2",
    "identityId": "us-east-1:mock-identity",
    "key": "files/report.pdf",
    "level": "protected",
    "mimeType": "application/pdf",
    "name": "report.pdf",
    "owner": "mock-user-id",
    "parsedContent": [Function anonymous],
    "path": "files/report.pdf",
    "size": 123456,
    "type": "pdf",
    "updatedAt": "2026-01-15T10:30:00.000Z",
  },
  {
    "_version": 3,
    "createdAt": "2026-01-14T08:00:00.000Z",
    "description": "Vocabulary lesson PDF with extracted content",
    "document": Promise {},
    "documentID": "mock-document-3",
    "generated": false,
    "id": "mock-pdf-file-3",
    "identityId": "us-east-1:mock-identity",
    "key": "files/vocabulary-lesson.pdf",
    "level": "public",
    "mimeType": "application/pdf",
    "name": "vocabulary-lesson.pdf",
    "owner": "mock-user-id",
    "parsedContent": [Function anonymous],
    "path": "files/vocabulary-lesson.pdf",
    "size": 567890,
    "type": "pdf",
    "updatedAt": "2026-01-14T08:45:00.000Z",
  },
  {
    "_version": 1,
    "createdAt": "2026-01-20T10:00:00.000Z",
    "description": "Sample pronunciation audio",
    "documentID": null,
    "duration": 3.5,
    "generated": true,
    "id": "mock-audio-file-1",
    "identityId": "us-east-1:mock-identity",
    "key": "audio/pronunciation-demo.mp3",
    "level": "public",
    "mimeType": "audio/mpeg",
    "name": "pronunciation-demo.mp3",
    "owner": "mock-user-id",
    "parsedContent": [Function anonymous],
    "path": "/story-mocks/cinematic-designed-sci-fi-whoosh-transition-nexawave-228295.mp3",
    "size": 56789,
    "type": "audio",
    "updatedAt": "2026-01-20T10:00:00.000Z",
    "waveformData": null,
  },
  {
    "_version": 1,
    "createdAt": "2026-01-19T14:30:00.000Z",
    "description": "Lesson introduction audio",
    "documentID": null,
    "duration": 5.2,
    "generated": false,
    "id": "mock-audio-file-2",
    "identityId": "us-east-1:mock-identity",
    "key": "audio/lesson-intro.mp3",
    "level": "public",
    "mimeType": "audio/mpeg",
    "name": "lesson-intro.mp3",
    "owner": "mock-user-id",
    "parsedContent": [Function anonymous],
    "path": "/story-mocks/descent-whoosh-long-cinematic-sound-effect-405921.mp3",
    "size": 87654,
    "type": "audio",
    "updatedAt": "2026-01-19T14:30:00.000Z",
    "waveformData": null,
  },
  {
    "_version": 1,
    "createdAt": "2026-01-18T09:15:00.000Z",
    "description": "Hiragana character chart",
    "documentID": null,
    "generated": false,
    "id": "mock-image-file-1",
    "identityId": "us-east-1:mock-identity",
    "key": "images/hiragana-chart.png",
    "level": "public",
    "mimeType": "image/png",
    "name": "hiragana-chart.png",
    "owner": "mock-user-id",
    "parsedContent": [Function anonymous],
    "path": "images/hiragana-chart.png",
    "size": 234567,
    "thumbnail": "thumbnails/hiragana-chart-thumb.png",
    "type": "image",
    "updatedAt": "2026-01-18T09:15:00.000Z",
  },
]
[90mstdout[2m | src/components/RecordingStudio3Modal.stories.jsx[2m > [22m[2mQuestion Preset
[22m[39m[ChatContext] AssistantChat query update: 1 items (synced)
[90mstdout[2m | src/components/RecordingStudio3Modal.stories.jsx[2m > [22m[2mQuestion Preset
[22m[39m[ChatContext] First item details: {
  "id": "mock-assistant-chat-1",
  "updatedAt": "2024-01-26T10:15:00.000Z",
}
[90mstdout[2m | src/components/RecordingStudio3Modal.stories.jsx[2m > [22m[2mQuestion Preset
[22m[39m[ChatContext] AssistantChat subscription initialized
[90mstdout[2m | src/components/RecordingStudio3Modal.stories.jsx[2m > [22m[2mQuestion Preset
[22m[39m[ChatContext] AssistantChat list updated: 1 chats
[90mstdout[2m | src/components/RecordingStudio3Modal.stories.jsx[2m > [22m[2mQuestion Preset
[22m[39m[ChatContext] Setting initial chat: mock-assistant-chat-1
[90mstdout[2m | src/components/RecordingStudio3Modal.stories.jsx[2m > [22m[2mQuestion Preset
[22m[39m[FilesContext] Files count changed: 0 → 6
[90mstdout[2m | src/components/RecordingStudio3Modal.stories.jsx[2m > [22m[2mQuestion Preset
[22m[39m[MOCK CourseVectorStore] Initialized with mock data
[90mstdout[2m | src/components/RecordingStudio3Modal.stories.jsx[2m > [22m[2mQuestion Preset
[22m[39m[MOCK CourseVectorStore] Initialized with mock data
[90mstdout[2m | src/components/RecordingStudio3Modal.stories.jsx[2m > [22m[2mQuestion Preset
[22m[39m[i18next] Missing key: components:common.close for [
  "en",
]
[90mstdout[2m | src/components/RecordingStudio3Modal.stories.jsx[2m > [22m[2mQuestion Preset
[22m[39m[useTranslationWithCapture] t() called: {
  "key": "common.close",
  "mode": "off",
  "namespace": "components",
  "value": "common.close",
}
[90mstdout[2m | src/components/RecordingStudio3Modal.stories.jsx[2m > [22m[2mQuestion Preset
[22m[39m[i18next] Missing key: components:recordingStudio3Modal.done for [
  "en",
]
[90mstdout[2m | src/components/RecordingStudio3Modal.stories.jsx[2m > [22m[2mQuestion Preset
[22m[39m[useTranslationWithCapture] t() called: {
  "key": "recordingStudio3Modal.done",
  "mode": "off",
  "namespace": "components",
  "value": "recordingStudio3Modal.done",
}
[90mstdout[2m | src/components/RecordingStudio3Modal.stories.jsx[2m > [22m[2mQuestion Preset
[22m[39m[FilesContext] Vector store population triggered {
  "currentVectorStoreSize": 3,
  "documentsCount": 0,
  "filesCount": 6,
  "isInitialLoad": true,
}
[90mstdout[2m | src/components/RecordingStudio3Modal.stories.jsx[2m > [22m[2mQuestion Preset
[22m[39m[FilesContext] Vector store population complete - 3 total embeddings
[90mstdout[2m | src/components/RecordingStudio3Modal.stories.jsx[2m > [22m[2mQuestion Preset
[22m[39m[ChatContext] Chat exists and not archived, skipping creation
[90mstdout[2m | src/components/RecordingStudio3Modal.stories.jsx[2m > [22m[2mQuestion Preset
[22m[39m[i18next] Missing key: components:common.close for [
  "en",
]
[90mstdout[2m | src/components/RecordingStudio3Modal.stories.jsx[2m > [22m[2mQuestion Preset
[22m[39m[useTranslationWithCapture] t() called: {
  "key": "common.close",
  "mode": "off",
  "namespace": "components",
  "value": "common.close",
}
[90mstdout[2m | src/components/RecordingStudio3Modal.stories.jsx[2m > [22m[2mQuestion Preset
[22m[39m[i18next] Missing key: components:recordingStudio3Modal.done for [
  "en",
]
[90mstdout[2m | src/components/RecordingStudio3Modal.stories.jsx[2m > [22m[2mQuestion Preset
[22m[39m[useTranslationWithCapture] t() called: {
  "key": "recordingStudio3Modal.done",
  "mode": "off",
  "namespace": "components",
  "value": "recordingStudio3Modal.done",
}
[90mstdout[2m | src/components/RecordingStudio3Modal.stories.jsx[2m > [22m[2mQuestion Preset
[22m[39m[useTranslationWithCapture] t() called: {
  "key": "recordingStudio3.importJson",
  "mode": "off",
  "namespace": "components",
  "value": "Import JSON",
}
[90mstdout[2m | src/components/RecordingStudio3Modal.stories.jsx[2m > [22m[2mQuestion Preset
[22m[39m[useTranslationWithCapture] t() called: {
  "key": "recordingStudio3.exportJson",
  "mode": "off",
  "namespace": "components",
  "value": "Export JSON",
}
[90mstdout[2m | src/components/RecordingStudio3Modal.stories.jsx[2m > [22m[2mQuestion Preset
[22m[39m[useTranslationWithCapture] t() called: {
  "key": "recordingStudio3.script",
  "mode": "off",
  "namespace": "components",
  "value": "Script",
}
[90mstdout[2m | src/components/RecordingStudio3Modal.stories.jsx[2m > [22m[2mQuestion Preset
[22m[39m[useTranslationWithCapture] t() called: {
  "key": "recordingStudio3.addLine",
  "mode": "off",
  "namespace": "components",
  "value": "Add Line",
}
[90mstdout[2m | src/components/RecordingStudio3Modal.stories.jsx[2m > [22m[2mQuestion Preset
[22m[39m[useTranslationWithCapture] t() called: {
  "key": "recordingStudio3.timeline",
  "mode": "off",
  "namespace": "components",
  "value": "Timeline",
}
[90mstdout[2m | src/components/RecordingStudio3Modal.stories.jsx[2m > [22m[2mQuestion Preset
[22m[39m[useTranslationWithCapture] t() called: {
  "key": "recordingStudio3.speakers",
  "mode": "off",
  "namespace": "components",
  "value": "Speakers",
}
[90mstdout[2m | src/components/RecordingStudio3Modal.stories.jsx[2m > [22m[2mQuestion Preset
[22m[39m[useTranslationWithCapture] t() called: {
  "key": "recordingStudio3.add",
  "mode": "off",
  "namespace": "components",
  "value": "Add",
}
[90mstdout[2m | src/components/RecordingStudio3Modal.stories.jsx[2m > [22m[2mQuestion Preset
[22m[39m[useTranslationWithCapture] t() called: {
  "key": "recordingStudio3.voice",
  "mode": "off",
  "namespace": "components",
  "value": "Voice",
}
[90mstdout[2m | src/components/RecordingStudio3Modal.stories.jsx[2m > [22m[2mQuestion Preset
[22m[39m[useTranslationWithCapture] t() called: {
  "key": "recordingStudio3.voice",
  "mode": "off",
  "namespace": "components",
  "value": "Voice",
}
[90mstdout[2m | src/components/RecordingStudio3Modal.stories.jsx[2m > [22m[2mQuestion Preset
[22m[39m[useTranslationWithCapture] t() called: {
  "key": "recordingStudio3.voice",
  "mode": "off",
  "namespace": "components",
  "value": "Voice",
}
[90mstdout[2m | src/components/RecordingStudio3Modal.stories.jsx[2m > [22m[2mQuestion Preset
[22m[39m[useTranslationWithCapture] t() called: {
  "key": "recordingStudio3.voice",
  "mode": "off",
  "namespace": "components",
  "value": "Voice",
}
[90mstdout[2m | src/components/RecordingStudio3Modal.stories.jsx[2m > [22m[2mQuestion Preset
[22m[39m[useTranslationWithCapture] t() called: {
  "key": "recordingStudio3.generateAllMissing",
  "mode": "off",
  "namespace": "components",
  "value": "Generate All Missing TTS",
}
[90mstdout[2m | src/components/RecordingStudio3Modal.stories.jsx[2m > [22m[2mQuestion Preset
[22m[39m[Mock Data] Settings.create() called with: {
  "assistantVoice": "shimmer",
  "autoAnalyzeDocuments": true,
  "defaultAIModel": "gpt-4",
  "documentAnalysisModel": "gpt-4",
  "editorFontSize": 14,
  "editorTheme": "auto",
  "emailNotifications": true,
  "language": "en",
  "webhookNotifications": false,
}
[90mstdout[2m | src/components/RecordingStudio3Modal.stories.jsx[2m > [22m[2mQuestion Preset
[22m[39m[Mock Data] Settings created: mock-settings-1776336992130 - notified 1 subscribers
[90mstdout[2m | src/components/RecordingStudio3Modal.stories.jsx[2m > [22m[2mConfirmation Preview
[22m[39m[Mock Data] Settings subscription unsubscribed. Remaining: 0
[90mstdout[2m | src/components/RecordingStudio3Modal.stories.jsx[2m > [22m[2mConfirmation Preview
[22m[39m[ChatContext] Cleaning up subscription
[90mstdout[2m | src/components/RecordingStudio3Modal.stories.jsx[2m > [22m[2mConfirmation Preview
[22m[39m[Mock Data] AssistantChat subscription unsubscribed. Remaining: 0
[90mstdout[2m | src/components/RecordingStudio3Modal.stories.jsx[2m > [22m[2mConfirmation Preview
[22m[39m[Mock Data] File subscription unsubscribed. Remaining: 0
[90mstdout[2m | src/components/RecordingStudio3Modal.stories.jsx[2m > [22m[2mConfirmation Preview
[22m[39m[Mock Data] Document subscription unsubscribed. Remaining: 0
[90mstdout[2m | src/components/RecordingStudio3Modal.stories.jsx[2m > [22m[2mConfirmation Preview
[22m[39m[Mock Data] Word subscription unsubscribed. Remaining: 0
[90mstdout[2m | src/components/RecordingStudio3Modal.stories.jsx[2m > [22m[2mConfirmation Preview
[22m[39m[Mock Data] Question subscription unsubscribed. Remaining: 0
[90mstdout[2m | src/components/RecordingStudio3Modal.stories.jsx[2m > [22m[2mConfirmation Preview
[22m[39m[Mock Data] Grade subscription unsubscribed. Remaining: 0
[90mstdout[2m | src/components/RecordingStudio3Modal.stories.jsx[2m > [22m[2mConfirmation Preview
[22m[39m[Mock Data] Unit subscription unsubscribed. Remaining: 0
[90mstdout[2m | src/components/RecordingStudio3Modal.stories.jsx[2m > [22m[2mConfirmation Preview
[22m[39m[SectionContext] Cleaning up subscriptions
[90mstdout[2m | src/components/RecordingStudio3Modal.stories.jsx[2m > [22m[2mConfirmation Preview
[22m[39m[Mock Data] Section.onCreate() subscription removed. Remaining: 0
[90mstdout[2m | src/components/RecordingStudio3Modal.stories.jsx[2m > [22m[2mConfirmation Preview
[22m[39m[Mock Data] Section.onUpdate() subscription removed. Remaining: 0
[90mstdout[2m | src/components/RecordingStudio3Modal.stories.jsx[2m > [22m[2mConfirmation Preview
[22m[39m[Mock Data] Section.onDelete() subscription removed. Remaining: 0
[90mstdout[2m | src/components/RecordingStudio3Modal.stories.jsx[2m > [22m[2mConfirmation Preview
[22m[39m[Mock Data] Assignment.onCreate() subscription removed. Remaining: 0
[90mstdout[2m | src/components/RecordingStudio3Modal.stories.jsx[2m > [22m[2mConfirmation Preview
[22m[39m[Mock Data] Assignment.onUpdate() subscription removed. Remaining: 0
[90mstdout[2m | src/components/RecordingStudio3Modal.stories.jsx[2m > [22m[2mConfirmation Preview
[22m[39m[Mock Data] Assignment.onDelete() subscription removed. Remaining: 0
[90mstdout[2m | src/components/RecordingStudio3Modal.stories.jsx[2m > [22m[2mConfirmation Preview
[22m[39m[Mock Data] Clearing all data stores
[90mstdout[2m | src/components/RecordingStudio3Modal.stories.jsx[2m > [22m[2mConfirmation Preview
[22m[39m[Mock Data] All data stores cleared
[90mstdout[2m | src/components/RecordingStudio3Modal.stories.jsx[2m > [22m[2mConfirmation Preview
[22m[39m[Preview] Cleared mock data for story
[90mstdout[2m | src/components/RecordingStudio3Modal.stories.jsx[2m > [22m[2mConfirmation Preview
[22m[39m[Mock Data Gen 2] Initializing mock data
[90mstdout[2m | src/components/RecordingStudio3Modal.stories.jsx[2m > [22m[2mConfirmation Preview
[22m[39m[Mock Data] seedMockAssistantChats: Replacing with 1 assistant chats
[90mstdout[2m | src/components/RecordingStudio3Modal.stories.jsx[2m > [22m[2mConfirmation Preview
[22m[39m[Mock Data Gen 2] Seeded AssistantChat: mock-assistant-chat-1
[90mstdout[2m | src/components/RecordingStudio3Modal.stories.jsx[2m > [22m[2mConfirmation Preview
[22m[39m[Mock Data] seedMockFiles: Adding 6 files
[90mstdout[2m | src/components/RecordingStudio3Modal.stories.jsx[2m > [22m[2mConfirmation Preview
[22m[39m[Mock Data Gen 2] Seeded Files: 6
[90mstdout[2m | src/components/RecordingStudio3Modal.stories.jsx[2m > [22m[2mConfirmation Preview
[22m[39m[Mock Data Gen 2] Initializing mock data
[90mstdout[2m | src/components/RecordingStudio3Modal.stories.jsx[2m > [22m[2mConfirmation Preview
[22m[39m[Mock Data] seedMockAssistantChats: Replacing with 1 assistant chats
[90mstdout[2m | src/components/RecordingStudio3Modal.stories.jsx[2m > [22m[2mConfirmation Preview
[22m[39m[Mock Data Gen 2] Seeded AssistantChat: mock-assistant-chat-1
[90mstdout[2m | src/components/RecordingStudio3Modal.stories.jsx[2m > [22m[2mConfirmation Preview
[22m[39m[Mock Data] seedMockFiles: Adding 6 files
[90mstdout[2m | src/components/RecordingStudio3Modal.stories.jsx[2m > [22m[2mConfirmation Preview
[22m[39m[Mock Data Gen 2] Seeded Files: 6
[90mstdout[2m | src/components/RecordingStudio3Modal.stories.jsx[2m > [22m[2mConfirmation Preview
[22m[39m[Preview] Initialized default mock data for story
[90mstdout[2m | src/components/RecordingStudio3Modal.stories.jsx[2m > [22m[2mConfirmation Preview
[22m[39m[Mock AuthContext] Providing auth: {
  "error": undefined,
  "isLoading": false,
  "session": {
    "idToken": {
      "toString": [Function toString],
    },
    "identityId": "us-east-1:mock-identity-123",
    "username": "mock-user-sub",
  },
  "user": {
    "attributes": {
      "email": "alice@example.com",
      "name": "Alice Student",
      "sub": "mock-user-sub",
    },
  },
}
[90mstdout[2m | src/components/RecordingStudio3Modal.stories.jsx[2m > [22m[2mConfirmation Preview
[22m[39m[Mock Data] generateClient() called - returning mock client
[90mstdout[2m | src/components/RecordingStudio3Modal.stories.jsx[2m > [22m[2mConfirmation Preview
[22m[39m[Mock amplifyClient] getAmplifyClient() called - returning mock client
[90mstdout[2m | src/components/RecordingStudio3Modal.stories.jsx[2m > [22m[2mConfirmation Preview
[22m[39m[MOCK CourseVectorStore] Initialized with mock data
[90mstdout[2m | src/components/RecordingStudio3Modal.stories.jsx[2m > [22m[2mConfirmation Preview
[22m[39m[TranslationModeController] Setting mode to: off
[90mstdout[2m | src/components/RecordingStudio3Modal.stories.jsx[2m > [22m[2mConfirmation Preview
[22m[39m[SectionContext] useEffect triggered {
  "authLoading": false,
  "hasUser": true,
  "userSub": "mock-user-sub",
}
[90mstdout[2m | src/components/RecordingStudio3Modal.stories.jsx[2m > [22m[2mConfirmation Preview
[22m[39m[SectionContext] Fetching sections for userId: mock-user-sub
[90mstdout[2m | src/components/RecordingStudio3Modal.stories.jsx[2m > [22m[2mConfirmation Preview
[22m[39m[Mock Data] generateClient() called - returning mock client
[90mstdout[2m | src/components/RecordingStudio3Modal.stories.jsx[2m > [22m[2mConfirmation Preview
[22m[39m[Mock amplifyClient] getAmplifyClient() called - returning mock client
[90mstdout[2m | src/components/RecordingStudio3Modal.stories.jsx[2m > [22m[2mConfirmation Preview
[22m[39m[Mock Data] Section.list() called with options: undefined
[90mstdout[2m | src/components/RecordingStudio3Modal.stories.jsx[2m > [22m[2mConfirmation Preview
[22m[39m[Mock Data] generateClient() called - returning mock client
[90mstdout[2m | src/components/RecordingStudio3Modal.stories.jsx[2m > [22m[2mConfirmation Preview
[22m[39m[Mock amplifyClient] getAmplifyClient() called - returning mock client
[90mstdout[2m | src/components/RecordingStudio3Modal.stories.jsx[2m > [22m[2mConfirmation Preview
[22m[39m[Mock Data] Assignment.list() called with options: {
  "filter": {
    "unitID": {
      "eq": "mock-unit-id",
    },
  },
}
[90mstdout[2m | src/components/RecordingStudio3Modal.stories.jsx[2m > [22m[2mConfirmation Preview
[22m[39m[Mock Data] generateClient() called - returning mock client
[90mstdout[2m | src/components/RecordingStudio3Modal.stories.jsx[2m > [22m[2mConfirmation Preview
[22m[39m[Mock amplifyClient] getAmplifyClient() called - returning mock client
[90mstdout[2m | src/components/RecordingStudio3Modal.stories.jsx[2m > [22m[2mConfirmation Preview
[22m[39m[Mock Data] Grade.observeQuery() called with filter: {
  "filter": {
    "unitID": {
      "eq": "mock-unit-id",
    },
  },
}
[90mstdout[2m | src/components/RecordingStudio3Modal.stories.jsx[2m > [22m[2mConfirmation Preview
[22m[39m[Mock Data] Grade.observeQuery() applying filter: {
  "unitID": {
    "eq": "mock-unit-id",
  },
}
[90mstdout[2m | src/components/RecordingStudio3Modal.stories.jsx[2m > [22m[2mConfirmation Preview
[22m[39m[Mock Data] Grade.observeQuery() items before filter: 0
[90mstdout[2m | src/components/RecordingStudio3Modal.stories.jsx[2m > [22m[2mConfirmation Preview
[22m[39m[Mock Data] Grade.observeQuery() items after filter: 0
[90mstdout[2m | src/components/RecordingStudio3Modal.stories.jsx[2m > [22m[2mConfirmation Preview
[22m[39m[Mock Data] Grade.observeQuery() returning 0 items (filter applied) {
  "filter": {
    "unitID": {
      "eq": "mock-unit-id",
    },
  },
}
[90mstdout[2m | src/components/RecordingStudio3Modal.stories.jsx[2m > [22m[2mConfirmation Preview
[22m[39m[Mock Data] Grade subscription added. Total subscriptions: 1
[90mstdout[2m | src/components/RecordingStudio3Modal.stories.jsx[2m > [22m[2mConfirmation Preview
[22m[39m[UnitContext] useEffect triggered {
  "authLoading": false,
  "hasUser": true,
  "id": "mock-unit-id",
  "userSub": "mock-user-sub",
}
[90mstdout[2m | src/components/RecordingStudio3Modal.stories.jsx[2m > [22m[2mConfirmation Preview
[22m[39m[UnitContext] Fetching unit data for id: mock-unit-id
[90mstdout[2m | src/components/RecordingStudio3Modal.stories.jsx[2m > [22m[2mConfirmation Preview
[22m[39m[Mock Data] generateClient() called - returning mock client
[90mstdout[2m | src/components/RecordingStudio3Modal.stories.jsx[2m > [22m[2mConfirmation Preview
[22m[39m[Mock amplifyClient] getAmplifyClient() called - returning mock client
[90mstdout[2m | src/components/RecordingStudio3Modal.stories.jsx[2m > [22m[2mConfirmation Preview
[22m[39m[Mock Data] Unit.observeQuery() called with filter: {
  "filter": {
    "id": {
      "eq": "mock-unit-id",
    },
  },
}
[90mstdout[2m | src/components/RecordingStudio3Modal.stories.jsx[2m > [22m[2mConfirmation Preview
[22m[39m[Mock Data] Unit.observeQuery() applying filter: {
  "id": {
    "eq": "mock-unit-id",
  },
}
[90mstdout[2m | src/components/RecordingStudio3Modal.stories.jsx[2m > [22m[2mConfirmation Preview
[22m[39m[Mock Data] Unit.observeQuery() items before filter: 0
[90mstdout[2m | src/components/RecordingStudio3Modal.stories.jsx[2m > [22m[2mConfirmation Preview
[22m[39m[Mock Data] Unit.observeQuery() items after filter: 0
[90mstdout[2m | src/components/RecordingStudio3Modal.stories.jsx[2m > [22m[2mConfirmation Preview
[22m[39m[Mock Data] Unit.observeQuery() returning 0 items (filter applied) {
  "filter": {
    "id": {
      "eq": "mock-unit-id",
    },
  },
}
[90mstdout[2m | src/components/RecordingStudio3Modal.stories.jsx[2m > [22m[2mConfirmation Preview
[22m[39m[Mock Data] Unit subscription added. Total subscriptions: 1
[90mstdout[2m | src/components/RecordingStudio3Modal.stories.jsx[2m > [22m[2mConfirmation Preview
[22m[39m[Mock Data] generateClient() called - returning mock client
[90mstdout[2m | src/components/RecordingStudio3Modal.stories.jsx[2m > [22m[2mConfirmation Preview
[22m[39m[Mock amplifyClient] getAmplifyClient() called - returning mock client
[90mstdout[2m | src/components/RecordingStudio3Modal.stories.jsx[2m > [22m[2mConfirmation Preview
[22m[39m[Mock Data] Word.observeQuery() called with filter: undefined
[90mstdout[2m | src/components/RecordingStudio3Modal.stories.jsx[2m > [22m[2mConfirmation Preview
[22m[39m[Mock Data] Word.observeQuery() returning 0 items (filter applied) undefined
[90mstdout[2m | src/components/RecordingStudio3Modal.stories.jsx[2m > [22m[2mConfirmation Preview
[22m[39m[Mock Data] Word subscription added. Total subscriptions: 1
[90mstdout[2m | src/components/RecordingStudio3Modal.stories.jsx[2m > [22m[2mConfirmation Preview
[22m[39m[Mock Data] generateClient() called - returning mock client
[90mstdout[2m | src/components/RecordingStudio3Modal.stories.jsx[2m > [22m[2mConfirmation Preview
[22m[39m[Mock amplifyClient] getAmplifyClient() called - returning mock client
[90mstdout[2m | src/components/RecordingStudio3Modal.stories.jsx[2m > [22m[2mConfirmation Preview
[22m[39m[Mock Data] Question.observeQuery() called with filter: undefined
[90mstdout[2m | src/components/RecordingStudio3Modal.stories.jsx[2m > [22m[2mConfirmation Preview
[22m[39m[Mock Data] Question.observeQuery() returning 0 items (filter applied) undefined
[90mstdout[2m | src/components/RecordingStudio3Modal.stories.jsx[2m > [22m[2mConfirmation Preview
[22m[39m[Mock Data] Question subscription added. Total subscriptions: 1
[90mstdout[2m | src/components/RecordingStudio3Modal.stories.jsx[2m > [22m[2mConfirmation Preview
[22m[39m[FilesContext] Initializing vector store from IndexedDB
[90mstdout[2m | src/components/RecordingStudio3Modal.stories.jsx[2m > [22m[2mConfirmation Preview
[22m[39m[FilesContext] fetchFiles called
[90mstdout[2m | src/components/RecordingStudio3Modal.stories.jsx[2m > [22m[2mConfirmation Preview
[22m[39m[FilesContext] User authenticated: mock-user-sub
[90mstdout[2m | src/components/RecordingStudio3Modal.stories.jsx[2m > [22m[2mConfirmation Preview
[22m[39m[FilesContext] Identity ID: us-east-1:mock-identity-123
[90mstdout[2m | src/components/RecordingStudio3Modal.stories.jsx[2m > [22m[2mConfirmation Preview
[22m[39m[FilesContext] About to subscribe to File model
[90mstdout[2m | src/components/RecordingStudio3Modal.stories.jsx[2m > [22m[2mConfirmation Preview
[22m[39m[Mock Data] generateClient() called - returning mock client
[90mstdout[2m | src/components/RecordingStudio3Modal.stories.jsx[2m > [22m[2mConfirmation Preview
[22m[39m[Mock amplifyClient] getAmplifyClient() called - returning mock client
[90mstdout[2m | src/components/RecordingStudio3Modal.stories.jsx[2m > [22m[2mConfirmation Preview
[22m[39m[Mock Data] File.observeQuery() called with filter: undefined
[90mstdout[2m | src/components/RecordingStudio3Modal.stories.jsx[2m > [22m[2mConfirmation Preview
[22m[39m[Mock Data] File.observeQuery() returning 6 items (filter applied) undefined
[90mstdout[2m | src/components/RecordingStudio3Modal.stories.jsx[2m > [22m[2mConfirmation Preview
[22m[39m[Mock Data] File subscription added. Total subscriptions: 1
[90mstdout[2m | src/components/RecordingStudio3Modal.stories.jsx[2m > [22m[2mConfirmation Preview
[22m[39m[Mock Data] generateClient() called - returning mock client
[90mstdout[2m | src/components/RecordingStudio3Modal.stories.jsx[2m > [22m[2mConfirmation Preview
[22m[39m[Mock amplifyClient] getAmplifyClient() called - returning mock client
[90mstdout[2m | src/components/RecordingStudio3Modal.stories.jsx[2m > [22m[2mConfirmation Preview
[22m[39m[Mock Data] Document.observeQuery() called with filter: undefined
[90mstdout[2m | src/components/RecordingStudio3Modal.stories.jsx[2m > [22m[2mConfirmation Preview
[22m[39m[Mock Data] Document.observeQuery() returning 0 items (filter applied) undefined
[90mstdout[2m | src/components/RecordingStudio3Modal.stories.jsx[2m > [22m[2mConfirmation Preview
[22m[39m[Mock Data] Document subscription added. Total subscriptions: 1
[90mstdout[2m | src/components/RecordingStudio3Modal.stories.jsx[2m > [22m[2mConfirmation Preview
[22m[39m[ChatContext] Setting up observeQuery for AssistantChat
[90mstdout[2m | src/components/RecordingStudio3Modal.stories.jsx[2m > [22m[2mConfirmation Preview
[22m[39m[Mock Data] AssistantChat.observeQuery() called with filter: {
  "sortDirection": "DESC",
  "sortField": "createdAt",
}
[90mstdout[2m | src/components/RecordingStudio3Modal.stories.jsx[2m > [22m[2mConfirmation Preview
[22m[39m[Mock Data] AssistantChat.observeQuery() returning 1 items (filter applied) {
  "sortDirection": "DESC",
  "sortField": "createdAt",
}
[90mstdout[2m | src/components/RecordingStudio3Modal.stories.jsx[2m > [22m[2mConfirmation Preview
[22m[39m[Mock Data] AssistantChat subscription added. Total subscriptions: 1
[90mstdout[2m | src/components/RecordingStudio3Modal.stories.jsx[2m > [22m[2mConfirmation Preview
[22m[39m[ChatContext] Waiting for subscription to initialize
[90mstdout[2m | src/components/RecordingStudio3Modal.stories.jsx[2m > [22m[2mConfirmation Preview
[22m[39m[SettingsContext] Setting up Settings subscription for user: mock-user-sub
[90mstdout[2m | src/components/RecordingStudio3Modal.stories.jsx[2m > [22m[2mConfirmation Preview
[22m[39m[Mock Data] generateClient() called - returning mock client
[90mstdout[2m | src/components/RecordingStudio3Modal.stories.jsx[2m > [22m[2mConfirmation Preview
[22m[39m[Mock amplifyClient] getAmplifyClient() called - returning mock client
[90mstdout[2m | src/components/RecordingStudio3Modal.stories.jsx[2m > [22m[2mConfirmation Preview
[22m[39m[Mock Data] Settings.observeQuery() called with filter: undefined
[90mstdout[2m | src/components/RecordingStudio3Modal.stories.jsx[2m > [22m[2mConfirmation Preview
[22m[39m[Mock Data] Settings.observeQuery() returning 0 items (filter applied) undefined
[90mstdout[2m | src/components/RecordingStudio3Modal.stories.jsx[2m > [22m[2mConfirmation Preview
[22m[39m[Mock Data] Settings subscription added. Total subscriptions: 1
[90mstdout[2m | src/components/RecordingStudio3Modal.stories.jsx[2m > [22m[2mConfirmation Preview
[22m[39m[SectionContext] Initial sections: 0 []
[90mstdout[2m | src/components/RecordingStudio3Modal.stories.jsx[2m > [22m[2mConfirmation Preview
[22m[39m[Mock Data] Section.onCreate() called with filter: undefined
[90mstdout[2m | src/components/RecordingStudio3Modal.stories.jsx[2m > [22m[2mConfirmation Preview
[22m[39m[Mock Data] Section.onCreate() subscription added. Total: 1
[90mstdout[2m | src/components/RecordingStudio3Modal.stories.jsx[2m > [22m[2mConfirmation Preview
[22m[39m[Mock Data] Section.onUpdate() called with filter: undefined
[90mstdout[2m | src/components/RecordingStudio3Modal.stories.jsx[2m > [22m[2mConfirmation Preview
[22m[39m[Mock Data] Section.onUpdate() subscription added. Total: 1
[90mstdout[2m | src/components/RecordingStudio3Modal.stories.jsx[2m > [22m[2mConfirmation Preview
[22m[39m[Mock Data] Section.onDelete() called with filter: undefined
[90mstdout[2m | src/components/RecordingStudio3Modal.stories.jsx[2m > [22m[2mConfirmation Preview
[22m[39m[Mock Data] Section.onDelete() subscription added. Total: 1
[90mstdout[2m | src/components/RecordingStudio3Modal.stories.jsx[2m > [22m[2mConfirmation Preview
[22m[39m[Mock Data] Assignment.onCreate() called with filter: {
  "filter": {
    "unitID": {
      "eq": "mock-unit-id",
    },
  },
}
[90mstdout[2m | src/components/RecordingStudio3Modal.stories.jsx[2m > [22m[2mConfirmation Preview
[22m[39m[Mock Data] Assignment.onCreate() subscription added. Total: 1
[90mstdout[2m | src/components/RecordingStudio3Modal.stories.jsx[2m > [22m[2mConfirmation Preview
[22m[39m[Mock Data] Assignment.onUpdate() called with filter: {
  "filter": {
    "unitID": {
      "eq": "mock-unit-id",
    },
  },
}
[90mstdout[2m | src/components/RecordingStudio3Modal.stories.jsx[2m > [22m[2mConfirmation Preview
[22m[39m[Mock Data] Assignment.onUpdate() subscription added. Total: 1
[90mstdout[2m | src/components/RecordingStudio3Modal.stories.jsx[2m > [22m[2mConfirmation Preview
[22m[39m[Mock Data] Assignment.onDelete() called with filter: {
  "filter": {
    "unitID": {
      "eq": "mock-unit-id",
    },
  },
}
[90mstdout[2m | src/components/RecordingStudio3Modal.stories.jsx[2m > [22m[2mConfirmation Preview
[22m[39m[Mock Data] Assignment.onDelete() subscription added. Total: 1
[90mstdout[2m | src/components/RecordingStudio3Modal.stories.jsx[2m > [22m[2mConfirmation Preview
[22m[39m[FilesContext] File observeQuery subscription triggered:
[90mstdout[2m | src/components/RecordingStudio3Modal.stories.jsx[2m > [22m[2mConfirmation Preview
[22m[39m  - items.length: 6
[90mstdout[2m | src/components/RecordingStudio3Modal.stories.jsx[2m > [22m[2mConfirmation Preview
[22m[39m  - isSynced: true
[90mstdout[2m | src/components/RecordingStudio3Modal.stories.jsx[2m > [22m[2mConfirmation Preview
[22m[39m  - items: [
  {
    "_deleted": null,
    "_lastChangedAt": 1767711773285,
    "_version": 1,
    "byHex": null,
    "createdAt": "2026-01-06T15:02:53.253Z",
    "description": "Japanese language textbook - Chapter 1",
    "document": Promise {},
    "documentID": "e01017e1-fe7a-4521-b71c-09ec31b18639",
    "duration": null,
    "embedding": null,
    "generated": null,
    "hex": null,
    "id": "a57d7833-5fa7-4cb7-8b7a-ce7c6e10e551",
    "identityId": "us-east-1:b0eadde9-f02c-c71b-17a6-22ffd37d89c8",
    "key": "files/Japanese Wind 1.pdf",
    "level": "protected",
    "mimeType": "application/pdf",
    "model": null,
    "name": "Japanese Wind 1.pdf",
    "owner": "64d81418-7021-701d-9fed-a4c2e0735711",
    "parsedContent": [Function anonymous],
    "parsedContentID": null,
    "path": "files/Japanese Wind 1.pdf",
    "prompt": null,
    "size": 4706654,
    "thumbnail": null,
    "type": "pdf",
    "updatedAt": "2026-01-06T15:02:53.253Z",
    "variant": null,
    "waveformData": null,
  },
  {
    "_version": 2,
    "createdAt": "2026-01-15T10:00:00.000Z",
    "description": "Sample report with vocabulary",
    "document": Promise {},
    "documentID": "cd824b5b-2c66-41f8-8571-aa6794ff590c",
    "generated": false,
    "id": "mock-pdf-file-2",
    "identityId": "us-east-1:mock-identity",
    "key": "files/report.pdf",
    "level": "protected",
    "mimeType": "application/pdf",
    "name": "report.pdf",
    "owner": "mock-user-id",
    "parsedContent": [Function anonymous],
    "path": "files/report.pdf",
    "size": 123456,
    "type": "pdf",
    "updatedAt": "2026-01-15T10:30:00.000Z",
  },
  {
    "_version": 3,
    "createdAt": "2026-01-14T08:00:00.000Z",
    "description": "Vocabulary lesson PDF with extracted content",
    "document": Promise {},
    "documentID": "mock-document-3",
    "generated": false,
    "id": "mock-pdf-file-3",
    "identityId": "us-east-1:mock-identity",
    "key": "files/vocabulary-lesson.pdf",
    "level": "public",
    "mimeType": "application/pdf",
    "name": "vocabulary-lesson.pdf",
    "owner": "mock-user-id",
    "parsedContent": [Function anonymous],
    "path": "files/vocabulary-lesson.pdf",
    "size": 567890,
    "type": "pdf",
    "updatedAt": "2026-01-14T08:45:00.000Z",
  },
  {
    "_version": 1,
    "createdAt": "2026-01-20T10:00:00.000Z",
    "description": "Sample pronunciation audio",
    "documentID": null,
    "duration": 3.5,
    "generated": true,
    "id": "mock-audio-file-1",
    "identityId": "us-east-1:mock-identity",
    "key": "audio/pronunciation-demo.mp3",
    "level": "public",
    "mimeType": "audio/mpeg",
    "name": "pronunciation-demo.mp3",
    "owner": "mock-user-id",
    "parsedContent": [Function anonymous],
    "path": "/story-mocks/cinematic-designed-sci-fi-whoosh-transition-nexawave-228295.mp3",
    "size": 56789,
    "type": "audio",
    "updatedAt": "2026-01-20T10:00:00.000Z",
    "waveformData": null,
  },
  {
    "_version": 1,
    "createdAt": "2026-01-19T14:30:00.000Z",
    "description": "Lesson introduction audio",
    "documentID": null,
    "duration": 5.2,
    "generated": false,
    "id": "mock-audio-file-2",
    "identityId": "us-east-1:mock-identity",
    "key": "audio/lesson-intro.mp3",
    "level": "public",
    "mimeType": "audio/mpeg",
    "name": "lesson-intro.mp3",
    "owner": "mock-user-id",
    "parsedContent": [Function anonymous],
    "path": "/story-mocks/descent-whoosh-long-cinematic-sound-effect-405921.mp3",
    "size": 87654,
    "type": "audio",
    "updatedAt": "2026-01-19T14:30:00.000Z",
    "waveformData": null,
  },
  {
    "_version": 1,
    "createdAt": "2026-01-18T09:15:00.000Z",
    "description": "Hiragana character chart",
    "documentID": null,
    "generated": false,
    "id": "mock-image-file-1",
    "identityId": "us-east-1:mock-identity",
    "key": "images/hiragana-chart.png",
    "level": "public",
    "mimeType": "image/png",
    "name": "hiragana-chart.png",
    "owner": "mock-user-id",
    "parsedContent": [Function anonymous],
    "path": "images/hiragana-chart.png",
    "size": 234567,
    "thumbnail": "thumbnails/hiragana-chart-thumb.png",
    "type": "image",
    "updatedAt": "2026-01-18T09:15:00.000Z",
  },
]
[90mstdout[2m | src/components/RecordingStudio3Modal.stories.jsx[2m > [22m[2mConfirmation Preview
[22m[39m[ChatContext] AssistantChat query update: 1 items (synced)
[90mstdout[2m | src/components/RecordingStudio3Modal.stories.jsx[2m > [22m[2mConfirmation Preview
[22m[39m[ChatContext] First item details: {
  "id": "mock-assistant-chat-1",
  "updatedAt": "2024-01-26T10:15:00.000Z",
}
[90mstdout[2m | src/components/RecordingStudio3Modal.stories.jsx[2m > [22m[2mConfirmation Preview
[22m[39m[ChatContext] AssistantChat subscription initialized
[90mstdout[2m | src/components/RecordingStudio3Modal.stories.jsx[2m > [22m[2mConfirmation Preview
[22m[39m[ChatContext] AssistantChat list updated: 1 chats
[90mstdout[2m | src/components/RecordingStudio3Modal.stories.jsx[2m > [22m[2mConfirmation Preview
[22m[39m[ChatContext] Setting initial chat: mock-assistant-chat-1
[90mstdout[2m | src/components/RecordingStudio3Modal.stories.jsx[2m > [22m[2mConfirmation Preview
[22m[39m[FilesContext] Files count changed: 0 → 6
[90mstdout[2m | src/components/RecordingStudio3Modal.stories.jsx[2m > [22m[2mConfirmation Preview
[22m[39m[MOCK CourseVectorStore] Initialized with mock data
[90mstdout[2m | src/components/RecordingStudio3Modal.stories.jsx[2m > [22m[2mConfirmation Preview
[22m[39m[MOCK CourseVectorStore] Initialized with mock data
[90mstdout[2m | src/components/RecordingStudio3Modal.stories.jsx[2m > [22m[2mConfirmation Preview
[22m[39m[i18next] Missing key: components:common.close for [
  "en",
]
[90mstdout[2m | src/components/RecordingStudio3Modal.stories.jsx[2m > [22m[2mConfirmation Preview
[22m[39m[useTranslationWithCapture] t() called: {
  "key": "common.close",
  "mode": "off",
  "namespace": "components",
  "value": "common.close",
}
[90mstdout[2m | src/components/RecordingStudio3Modal.stories.jsx[2m > [22m[2mConfirmation Preview
[22m[39m[i18next] Missing key: components:recordingStudio3Modal.done for [
  "en",
]
[90mstdout[2m | src/components/RecordingStudio3Modal.stories.jsx[2m > [22m[2mConfirmation Preview
[22m[39m[useTranslationWithCapture] t() called: {
  "key": "recordingStudio3Modal.done",
  "mode": "off",
  "namespace": "components",
  "value": "recordingStudio3Modal.done",
}
[90mstdout[2m | src/components/RecordingStudio3Modal.stories.jsx[2m > [22m[2mConfirmation Preview
[22m[39m[FilesContext] Vector store population triggered {
  "currentVectorStoreSize": 3,
  "documentsCount": 0,
  "filesCount": 6,
  "isInitialLoad": true,
}
[90mstdout[2m | src/components/RecordingStudio3Modal.stories.jsx[2m > [22m[2mConfirmation Preview
[22m[39m[FilesContext] Vector store population complete - 3 total embeddings
[90mstdout[2m | src/components/RecordingStudio3Modal.stories.jsx[2m > [22m[2mConfirmation Preview
[22m[39m[ChatContext] Chat exists and not archived, skipping creation
[90mstdout[2m | src/components/RecordingStudio3Modal.stories.jsx[2m > [22m[2mConfirmation Preview
[22m[39m[i18next] Missing key: components:common.close for [
  "en",
]
[90mstdout[2m | src/components/RecordingStudio3Modal.stories.jsx[2m > [22m[2mConfirmation Preview
[22m[39m[useTranslationWithCapture] t() called: {
  "key": "common.close",
  "mode": "off",
  "namespace": "components",
  "value": "common.close",
}
[90mstdout[2m | src/components/RecordingStudio3Modal.stories.jsx[2m > [22m[2mConfirmation Preview
[22m[39m[i18next] Missing key: components:recordingStudio3Modal.done for [
  "en",
]
[90mstdout[2m | src/components/RecordingStudio3Modal.stories.jsx[2m > [22m[2mConfirmation Preview
[22m[39m[useTranslationWithCapture] t() called: {
  "key": "recordingStudio3Modal.done",
  "mode": "off",
  "namespace": "components",
  "value": "recordingStudio3Modal.done",
}
[90mstdout[2m | src/components/RecordingStudio3Modal.stories.jsx[2m > [22m[2mConfirmation Preview
[22m[39m[useTranslationWithCapture] t() called: {
  "key": "recordingStudio3.importJson",
  "mode": "off",
  "namespace": "components",
  "value": "Import JSON",
}
[90mstdout[2m | src/components/RecordingStudio3Modal.stories.jsx[2m > [22m[2mConfirmation Preview
[22m[39m[useTranslationWithCapture] t() called: {
  "key": "recordingStudio3.exportJson",
  "mode": "off",
  "namespace": "components",
  "value": "Export JSON",
}
[90mstdout[2m | src/components/RecordingStudio3Modal.stories.jsx[2m > [22m[2mConfirmation Preview
[22m[39m[useTranslationWithCapture] t() called: {
  "key": "recordingStudio3.script",
  "mode": "off",
  "namespace": "components",
  "value": "Script",
}
[90mstdout[2m | src/components/RecordingStudio3Modal.stories.jsx[2m > [22m[2mConfirmation Preview
[22m[39m[useTranslationWithCapture] t() called: {
  "key": "recordingStudio3.addLine",
  "mode": "off",
  "namespace": "components",
  "value": "Add Line",
}
[90mstdout[2m | src/components/RecordingStudio3Modal.stories.jsx[2m > [22m[2mConfirmation Preview
[22m[39m[useTranslationWithCapture] t() called: {
  "key": "recordingStudio3.timeline",
  "mode": "off",
  "namespace": "components",
  "value": "Timeline",
}
[90mstdout[2m | src/components/RecordingStudio3Modal.stories.jsx[2m > [22m[2mConfirmation Preview
[22m[39m[useTranslationWithCapture] t() called: {
  "key": "recordingStudio3.speakers",
  "mode": "off",
  "namespace": "components",
  "value": "Speakers",
}
[90mstdout[2m | src/components/RecordingStudio3Modal.stories.jsx[2m > [22m[2mConfirmation Preview
[22m[39m[useTranslationWithCapture] t() called: {
  "key": "recordingStudio3.add",
  "mode": "off",
  "namespace": "components",
  "value": "Add",
}
[90mstdout[2m | src/components/RecordingStudio3Modal.stories.jsx[2m > [22m[2mConfirmation Preview
[22m[39m[useTranslationWithCapture] t() called: {
  "key": "recordingStudio3.voice",
  "mode": "off",
  "namespace": "components",
  "value": "Voice",
}
[90mstdout[2m | src/components/RecordingStudio3Modal.stories.jsx[2m > [22m[2mConfirmation Preview
[22m[39m[useTranslationWithCapture] t() called: {
  "key": "recordingStudio3.voice",
  "mode": "off",
  "namespace": "components",
  "value": "Voice",
}
[90mstdout[2m | src/components/RecordingStudio3Modal.stories.jsx[2m > [22m[2mConfirmation Preview
[22m[39m[useTranslationWithCapture] t() called: {
  "key": "recordingStudio3.voice",
  "mode": "off",
  "namespace": "components",
  "value": "Voice",
}
[90mstdout[2m | src/components/RecordingStudio3Modal.stories.jsx[2m > [22m[2mConfirmation Preview
[22m[39m[useTranslationWithCapture] t() called: {
  "key": "recordingStudio3.voice",
  "mode": "off",
  "namespace": "components",
  "value": "Voice",
}
[90mstdout[2m | src/components/RecordingStudio3Modal.stories.jsx[2m > [22m[2mConfirmation Preview
[22m[39m[useTranslationWithCapture] t() called: {
  "key": "recordingStudio3.generateAllMissing",
  "mode": "off",
  "namespace": "components",
  "value": "Generate All Missing TTS",
}
[90mstderr[2m | src/components/RecordingStudio3Modal.stories.jsx[2m > [22m[2mConfirmation Preview
[22m[39m🔊 WAVEFORM DEBUG: {
  "barWidth": 2,
  "dataLength": 100,
  "firstValues": [
    0.3204589722163956,
    0.39717440664027837,
    0.7385769182403293,
    0.885339985113519,
    0.5033530928720341,
  ],
  "height": 40,
  "maxValue": 0.8925525572036567,
  "minValue": 0.10074542169328807,
  "note": "✅ Good variance",
  "range": 0.7918071355103686,
  "width": 200,
}
[90mstdout[2m | src/components/RecordingStudio3Modal.stories.jsx[2m > [22m[2mConfirmation Preview
[22m[39m[Mock Data] Settings.create() called with: {
  "assistantVoice": "shimmer",
  "autoAnalyzeDocuments": true,
  "defaultAIModel": "gpt-4",
  "documentAnalysisModel": "gpt-4",
  "editorFontSize": 14,
  "editorTheme": "auto",
  "emailNotifications": true,
  "language": "en",
  "webhookNotifications": false,
}
[90mstdout[2m | src/components/RecordingStudio3Modal.stories.jsx[2m > [22m[2mConfirmation Preview
[22m[39m[Mock Data] Settings created: mock-settings-1776336992514 - notified 1 subscribers
[90mstdout[2m | src/components/RecordingStudio3Modal.stories.jsx[2m > [22m[2mRead Only
[22m[39m[Mock Data] Settings subscription unsubscribed. Remaining: 0
[90mstdout[2m | src/components/RecordingStudio3Modal.stories.jsx[2m > [22m[2mRead Only
[22m[39m[ChatContext] Cleaning up subscription
[90mstdout[2m | src/components/RecordingStudio3Modal.stories.jsx[2m > [22m[2mRead Only
[22m[39m[Mock Data] AssistantChat subscription unsubscribed. Remaining: 0
[90mstdout[2m | src/components/RecordingStudio3Modal.stories.jsx[2m > [22m[2mRead Only
[22m[39m[Mock Data] File subscription unsubscribed. Remaining: 0
[90mstdout[2m | src/components/RecordingStudio3Modal.stories.jsx[2m > [22m[2mRead Only
[22m[39m[Mock Data] Document subscription unsubscribed. Remaining: 0
[90mstdout[2m | src/components/RecordingStudio3Modal.stories.jsx[2m > [22m[2mRead Only
[22m[39m[Mock Data] Word subscription unsubscribed. Remaining: 0
[90mstdout[2m | src/components/RecordingStudio3Modal.stories.jsx[2m > [22m[2mRead Only
[22m[39m[Mock Data] Question subscription unsubscribed. Remaining: 0
[90mstdout[2m | src/components/RecordingStudio3Modal.stories.jsx[2m > [22m[2mRead Only
[22m[39m[Mock Data] Grade subscription unsubscribed. Remaining: 0
[90mstdout[2m | src/components/RecordingStudio3Modal.stories.jsx[2m > [22m[2mRead Only
[22m[39m[Mock Data] Unit subscription unsubscribed. Remaining: 0
[90mstdout[2m | src/components/RecordingStudio3Modal.stories.jsx[2m > [22m[2mRead Only
[22m[39m[SectionContext] Cleaning up subscriptions
[90mstdout[2m | src/components/RecordingStudio3Modal.stories.jsx[2m > [22m[2mRead Only
[22m[39m[Mock Data] Section.onCreate() subscription removed. Remaining: 0
[90mstdout[2m | src/components/RecordingStudio3Modal.stories.jsx[2m > [22m[2mRead Only
[22m[39m[Mock Data] Section.onUpdate() subscription removed. Remaining: 0
[90mstdout[2m | src/components/RecordingStudio3Modal.stories.jsx[2m > [22m[2mRead Only
[22m[39m[Mock Data] Section.onDelete() subscription removed. Remaining: 0
[90mstdout[2m | src/components/RecordingStudio3Modal.stories.jsx[2m > [22m[2mRead Only
[22m[39m[Mock Data] Assignment.onCreate() subscription removed. Remaining: 0
[90mstdout[2m | src/components/RecordingStudio3Modal.stories.jsx[2m > [22m[2mRead Only
[22m[39m[Mock Data] Assignment.onUpdate() subscription removed. Remaining: 0
[90mstdout[2m | src/components/RecordingStudio3Modal.stories.jsx[2m > [22m[2mRead Only
[22m[39m[Mock Data] Assignment.onDelete() subscription removed. Remaining: 0
[90mstdout[2m | src/components/RecordingStudio3Modal.stories.jsx[2m > [22m[2mRead Only
[22m[39m[Mock Data] Clearing all data stores
[90mstdout[2m | src/components/RecordingStudio3Modal.stories.jsx[2m > [22m[2mRead Only
[22m[39m[Mock Data] All data stores cleared
[90mstdout[2m | src/components/RecordingStudio3Modal.stories.jsx[2m > [22m[2mRead Only
[22m[39m[Preview] Cleared mock data for story
[90mstdout[2m | src/components/RecordingStudio3Modal.stories.jsx[2m > [22m[2mRead Only
[22m[39m[Mock Data Gen 2] Initializing mock data
[90mstdout[2m | src/components/RecordingStudio3Modal.stories.jsx[2m > [22m[2mRead Only
[22m[39m[Mock Data] seedMockAssistantChats: Replacing with 1 assistant chats
[90mstdout[2m | src/components/RecordingStudio3Modal.stories.jsx[2m > [22m[2mRead Only
[22m[39m[Mock Data Gen 2] Seeded AssistantChat: mock-assistant-chat-1
[90mstdout[2m | src/components/RecordingStudio3Modal.stories.jsx[2m > [22m[2mRead Only
[22m[39m[Mock Data] seedMockFiles: Adding 6 files
[90mstdout[2m | src/components/RecordingStudio3Modal.stories.jsx[2m > [22m[2mRead Only
[22m[39m[Mock Data Gen 2] Seeded Files: 6
[90mstdout[2m | src/components/RecordingStudio3Modal.stories.jsx[2m > [22m[2mRead Only
[22m[39m[Mock Data Gen 2] Initializing mock data
[90mstdout[2m | src/components/RecordingStudio3Modal.stories.jsx[2m > [22m[2mRead Only
[22m[39m[Mock Data] seedMockAssistantChats: Replacing with 1 assistant chats
[90mstdout[2m | src/components/RecordingStudio3Modal.stories.jsx[2m > [22m[2mRead Only
[22m[39m[Mock Data Gen 2] Seeded AssistantChat: mock-assistant-chat-1
[90mstdout[2m | src/components/RecordingStudio3Modal.stories.jsx[2m > [22m[2mRead Only
[22m[39m[Mock Data] seedMockFiles: Adding 6 files
[90mstdout[2m | src/components/RecordingStudio3Modal.stories.jsx[2m > [22m[2mRead Only
[22m[39m[Mock Data Gen 2] Seeded Files: 6
[90mstdout[2m | src/components/RecordingStudio3Modal.stories.jsx[2m > [22m[2mRead Only
[22m[39m[Preview] Initialized default mock data for story
[90mstdout[2m | src/components/RecordingStudio3Modal.stories.jsx[2m > [22m[2mRead Only
[22m[39m[Mock AuthContext] Providing auth: {
  "error": undefined,
  "isLoading": false,
  "session": {
    "idToken": {
      "toString": [Function toString],
    },
    "identityId": "us-east-1:mock-identity-123",
    "username": "mock-user-sub",
  },
  "user": {
    "attributes": {
      "email": "alice@example.com",
      "name": "Alice Student",
      "sub": "mock-user-sub",
    },
  },
}
[90mstdout[2m | src/components/RecordingStudio3Modal.stories.jsx[2m > [22m[2mRead Only
[22m[39m[Mock Data] generateClient() called - returning mock client
[90mstdout[2m | src/components/RecordingStudio3Modal.stories.jsx[2m > [22m[2mRead Only
[22m[39m[Mock amplifyClient] getAmplifyClient() called - returning mock client
[90mstdout[2m | src/components/RecordingStudio3Modal.stories.jsx[2m > [22m[2mRead Only
[22m[39m[MOCK CourseVectorStore] Initialized with mock data
[90mstdout[2m | src/components/RecordingStudio3Modal.stories.jsx[2m > [22m[2mRead Only
[22m[39m[TranslationModeController] Setting mode to: off
[90mstdout[2m | src/components/RecordingStudio3Modal.stories.jsx[2m > [22m[2mRead Only
[22m[39m[SectionContext] useEffect triggered {
  "authLoading": false,
  "hasUser": true,
  "userSub": "mock-user-sub",
}
[90mstdout[2m | src/components/RecordingStudio3Modal.stories.jsx[2m > [22m[2mRead Only
[22m[39m[SectionContext] Fetching sections for userId: mock-user-sub
[90mstdout[2m | src/components/RecordingStudio3Modal.stories.jsx[2m > [22m[2mRead Only
[22m[39m[Mock Data] generateClient() called - returning mock client
[90mstdout[2m | src/components/RecordingStudio3Modal.stories.jsx[2m > [22m[2mRead Only
[22m[39m[Mock amplifyClient] getAmplifyClient() called - returning mock client
[90mstdout[2m | src/components/RecordingStudio3Modal.stories.jsx[2m > [22m[2mRead Only
[22m[39m[Mock Data] Section.list() called with options: undefined
[90mstdout[2m | src/components/RecordingStudio3Modal.stories.jsx[2m > [22m[2mRead Only
[22m[39m[Mock Data] generateClient() called - returning mock client
[90mstdout[2m | src/components/RecordingStudio3Modal.stories.jsx[2m > [22m[2mRead Only
[22m[39m[Mock amplifyClient] getAmplifyClient() called - returning mock client
[90mstdout[2m | src/components/RecordingStudio3Modal.stories.jsx[2m > [22m[2mRead Only
[22m[39m[Mock Data] Assignment.list() called with options: {
  "filter": {
    "unitID": {
      "eq": "mock-unit-id",
    },
  },
}
[90mstdout[2m | src/components/RecordingStudio3Modal.stories.jsx[2m > [22m[2mRead Only
[22m[39m[Mock Data] generateClient() called - returning mock client
[90mstdout[2m | src/components/RecordingStudio3Modal.stories.jsx[2m > [22m[2mRead Only
[22m[39m[Mock amplifyClient] getAmplifyClient() called - returning mock client
[90mstdout[2m | src/components/RecordingStudio3Modal.stories.jsx[2m > [22m[2mRead Only
[22m[39m[Mock Data] Grade.observeQuery() called with filter: {
  "filter": {
    "unitID": {
      "eq": "mock-unit-id",
    },
  },
}
[90mstdout[2m | src/components/RecordingStudio3Modal.stories.jsx[2m > [22m[2mRead Only
[22m[39m[Mock Data] Grade.observeQuery() applying filter: {
  "unitID": {
    "eq": "mock-unit-id",
  },
}
[90mstdout[2m | src/components/RecordingStudio3Modal.stories.jsx[2m > [22m[2mRead Only
[22m[39m[Mock Data] Grade.observeQuery() items before filter: 0
[90mstdout[2m | src/components/RecordingStudio3Modal.stories.jsx[2m > [22m[2mRead Only
[22m[39m[Mock Data] Grade.observeQuery() items after filter: 0
[90mstdout[2m | src/components/RecordingStudio3Modal.stories.jsx[2m > [22m[2mRead Only
[22m[39m[Mock Data] Grade.observeQuery() returning 0 items (filter applied) {
  "filter": {
    "unitID": {
      "eq": "mock-unit-id",
    },
  },
}
[90mstdout[2m | src/components/RecordingStudio3Modal.stories.jsx[2m > [22m[2mRead Only
[22m[39m[Mock Data] Grade subscription added. Total subscriptions: 1
[90mstdout[2m | src/components/RecordingStudio3Modal.stories.jsx[2m > [22m[2mRead Only
[22m[39m[UnitContext] useEffect triggered {
  "authLoading": false,
  "hasUser": true,
  "id": "mock-unit-id",
  "userSub": "mock-user-sub",
}
[90mstdout[2m | src/components/RecordingStudio3Modal.stories.jsx[2m > [22m[2mRead Only
[22m[39m[UnitContext] Fetching unit data for id: mock-unit-id
[90mstdout[2m | src/components/RecordingStudio3Modal.stories.jsx[2m > [22m[2mRead Only
[22m[39m[Mock Data] generateClient() called - returning mock client
[90mstdout[2m | src/components/RecordingStudio3Modal.stories.jsx[2m > [22m[2mRead Only
[22m[39m[Mock amplifyClient] getAmplifyClient() called - returning mock client
[90mstdout[2m | src/components/RecordingStudio3Modal.stories.jsx[2m > [22m[2mRead Only
[22m[39m[Mock Data] Unit.observeQuery() called with filter: {
  "filter": {
    "id": {
      "eq": "mock-unit-id",
    },
  },
}
[90mstdout[2m | src/components/RecordingStudio3Modal.stories.jsx[2m > [22m[2mRead Only
[22m[39m[Mock Data] Unit.observeQuery() applying filter: {
  "id": {
    "eq": "mock-unit-id",
  },
}
[90mstdout[2m | src/components/RecordingStudio3Modal.stories.jsx[2m > [22m[2mRead Only
[22m[39m[Mock Data] Unit.observeQuery() items before filter: 0
[90mstdout[2m | src/components/RecordingStudio3Modal.stories.jsx[2m > [22m[2mRead Only
[22m[39m[Mock Data] Unit.observeQuery() items after filter: 0
[90mstdout[2m | src/components/RecordingStudio3Modal.stories.jsx[2m > [22m[2mRead Only
[22m[39m[Mock Data] Unit.observeQuery() returning 0 items (filter applied) {
  "filter": {
    "id": {
      "eq": "mock-unit-id",
    },
  },
}
[90mstdout[2m | src/components/RecordingStudio3Modal.stories.jsx[2m > [22m[2mRead Only
[22m[39m[Mock Data] Unit subscription added. Total subscriptions: 1
[90mstdout[2m | src/components/RecordingStudio3Modal.stories.jsx[2m > [22m[2mRead Only
[22m[39m[Mock Data] generateClient() called - returning mock client
[90mstdout[2m | src/components/RecordingStudio3Modal.stories.jsx[2m > [22m[2mRead Only
[22m[39m[Mock amplifyClient] getAmplifyClient() called - returning mock client
[90mstdout[2m | src/components/RecordingStudio3Modal.stories.jsx[2m > [22m[2mRead Only
[22m[39m[Mock Data] Word.observeQuery() called with filter: undefined
[90mstdout[2m | src/components/RecordingStudio3Modal.stories.jsx[2m > [22m[2mRead Only
[22m[39m[Mock Data] Word.observeQuery() returning 0 items (filter applied) undefined
[90mstdout[2m | src/components/RecordingStudio3Modal.stories.jsx[2m > [22m[2mRead Only
[22m[39m[Mock Data] Word subscription added. Total subscriptions: 1
[90mstdout[2m | src/components/RecordingStudio3Modal.stories.jsx[2m > [22m[2mRead Only
[22m[39m[Mock Data] generateClient() called - returning mock client
[90mstdout[2m | src/components/RecordingStudio3Modal.stories.jsx[2m > [22m[2mRead Only
[22m[39m[Mock amplifyClient] getAmplifyClient() called - returning mock client
[90mstdout[2m | src/components/RecordingStudio3Modal.stories.jsx[2m > [22m[2mRead Only
[22m[39m[Mock Data] Question.observeQuery() called with filter: undefined
[90mstdout[2m | src/components/RecordingStudio3Modal.stories.jsx[2m > [22m[2mRead Only
[22m[39m[Mock Data] Question.observeQuery() returning 0 items (filter applied) undefined
[90mstdout[2m | src/components/RecordingStudio3Modal.stories.jsx[2m > [22m[2mRead Only
[22m[39m[Mock Data] Question subscription added. Total subscriptions: 1
[90mstdout[2m | src/components/RecordingStudio3Modal.stories.jsx[2m > [22m[2mRead Only
[22m[39m[FilesContext] Initializing vector store from IndexedDB
[90mstdout[2m | src/components/RecordingStudio3Modal.stories.jsx[2m > [22m[2mRead Only
[22m[39m[FilesContext] fetchFiles called
[90mstdout[2m | src/components/RecordingStudio3Modal.stories.jsx[2m > [22m[2mRead Only
[22m[39m[FilesContext] User authenticated: mock-user-sub
[90mstdout[2m | src/components/RecordingStudio3Modal.stories.jsx[2m > [22m[2mRead Only
[22m[39m[FilesContext] Identity ID: us-east-1:mock-identity-123
[90mstdout[2m | src/components/RecordingStudio3Modal.stories.jsx[2m > [22m[2mRead Only
[22m[39m[FilesContext] About to subscribe to File model
[90mstdout[2m | src/components/RecordingStudio3Modal.stories.jsx[2m > [22m[2mRead Only
[22m[39m[Mock Data] generateClient() called - returning mock client
[90mstdout[2m | src/components/RecordingStudio3Modal.stories.jsx[2m > [22m[2mRead Only
[22m[39m[Mock amplifyClient] getAmplifyClient() called - returning mock client
[90mstdout[2m | src/components/RecordingStudio3Modal.stories.jsx[2m > [22m[2mRead Only
[22m[39m[Mock Data] File.observeQuery() called with filter: undefined
[90mstdout[2m | src/components/RecordingStudio3Modal.stories.jsx[2m > [22m[2mRead Only
[22m[39m[Mock Data] File.observeQuery() returning 6 items (filter applied) undefined
[90mstdout[2m | src/components/RecordingStudio3Modal.stories.jsx[2m > [22m[2mRead Only
[22m[39m[Mock Data] File subscription added. Total subscriptions: 1
[90mstdout[2m | src/components/RecordingStudio3Modal.stories.jsx[2m > [22m[2mRead Only
[22m[39m[Mock Data] generateClient() called - returning mock client
[90mstdout[2m | src/components/RecordingStudio3Modal.stories.jsx[2m > [22m[2mRead Only
[22m[39m[Mock amplifyClient] getAmplifyClient() called - returning mock client
[90mstdout[2m | src/components/RecordingStudio3Modal.stories.jsx[2m > [22m[2mRead Only
[22m[39m[Mock Data] Document.observeQuery() called with filter: undefined
[90mstdout[2m | src/components/RecordingStudio3Modal.stories.jsx[2m > [22m[2mRead Only
[22m[39m[Mock Data] Document.observeQuery() returning 0 items (filter applied) undefined
[90mstdout[2m | src/components/RecordingStudio3Modal.stories.jsx[2m > [22m[2mRead Only
[22m[39m[Mock Data] Document subscription added. Total subscriptions: 1
[90mstdout[2m | src/components/RecordingStudio3Modal.stories.jsx[2m > [22m[2mRead Only
[22m[39m[ChatContext] Setting up observeQuery for AssistantChat
[90mstdout[2m | src/components/RecordingStudio3Modal.stories.jsx[2m > [22m[2mRead Only
[22m[39m[Mock Data] AssistantChat.observeQuery() called with filter: {
  "sortDirection": "DESC",
  "sortField": "createdAt",
}
[90mstdout[2m | src/components/RecordingStudio3Modal.stories.jsx[2m > [22m[2mRead Only
[22m[39m[Mock Data] AssistantChat.observeQuery() returning 1 items (filter applied) {
  "sortDirection": "DESC",
  "sortField": "createdAt",
}
[90mstdout[2m | src/components/RecordingStudio3Modal.stories.jsx[2m > [22m[2mRead Only
[22m[39m[Mock Data] AssistantChat subscription added. Total subscriptions: 1
[90mstdout[2m | src/components/RecordingStudio3Modal.stories.jsx[2m > [22m[2mRead Only
[22m[39m[ChatContext] Waiting for subscription to initialize
[90mstdout[2m | src/components/RecordingStudio3Modal.stories.jsx[2m > [22m[2mRead Only
[22m[39m[SettingsContext] Setting up Settings subscription for user: mock-user-sub
[90mstdout[2m | src/components/RecordingStudio3Modal.stories.jsx[2m > [22m[2mRead Only
[22m[39m[Mock Data] generateClient() called - returning mock client
[90mstdout[2m | src/components/RecordingStudio3Modal.stories.jsx[2m > [22m[2mRead Only
[22m[39m[Mock amplifyClient] getAmplifyClient() called - returning mock client
[90mstdout[2m | src/components/RecordingStudio3Modal.stories.jsx[2m > [22m[2mRead Only
[22m[39m[Mock Data] Settings.observeQuery() called with filter: undefined
[90mstdout[2m | src/components/RecordingStudio3Modal.stories.jsx[2m > [22m[2mRead Only
[22m[39m[Mock Data] Settings.observeQuery() returning 0 items (filter applied) undefined
[90mstdout[2m | src/components/RecordingStudio3Modal.stories.jsx[2m > [22m[2mRead Only
[22m[39m[Mock Data] Settings subscription added. Total subscriptions: 1
[90mstdout[2m | src/components/RecordingStudio3Modal.stories.jsx[2m > [22m[2mRead Only
[22m[39m[SectionContext] Initial sections: 0 []
[90mstdout[2m | src/components/RecordingStudio3Modal.stories.jsx[2m > [22m[2mRead Only
[22m[39m[Mock Data] Section.onCreate() called with filter: undefined
[90mstdout[2m | src/components/RecordingStudio3Modal.stories.jsx[2m > [22m[2mRead Only
[22m[39m[Mock Data] Section.onCreate() subscription added. Total: 1
[90mstdout[2m | src/components/RecordingStudio3Modal.stories.jsx[2m > [22m[2mRead Only
[22m[39m[Mock Data] Section.onUpdate() called with filter: undefined
[90mstdout[2m | src/components/RecordingStudio3Modal.stories.jsx[2m > [22m[2mRead Only
[22m[39m[Mock Data] Section.onUpdate() subscription added. Total: 1
[90mstdout[2m | src/components/RecordingStudio3Modal.stories.jsx[2m > [22m[2mRead Only
[22m[39m[Mock Data] Section.onDelete() called with filter: undefined
[90mstdout[2m | src/components/RecordingStudio3Modal.stories.jsx[2m > [22m[2mRead Only
[22m[39m[Mock Data] Section.onDelete() subscription added. Total: 1
[90mstdout[2m | src/components/RecordingStudio3Modal.stories.jsx[2m > [22m[2mRead Only
[22m[39m[Mock Data] Assignment.onCreate() called with filter: {
  "filter": {
    "unitID": {
      "eq": "mock-unit-id",
    },
  },
}
[90mstdout[2m | src/components/RecordingStudio3Modal.stories.jsx[2m > [22m[2mRead Only
[22m[39m[Mock Data] Assignment.onCreate() subscription added. Total: 1
[90mstdout[2m | src/components/RecordingStudio3Modal.stories.jsx[2m > [22m[2mRead Only
[22m[39m[Mock Data] Assignment.onUpdate() called with filter: {
  "filter": {
    "unitID": {
      "eq": "mock-unit-id",
    },
  },
}
[90mstdout[2m | src/components/RecordingStudio3Modal.stories.jsx[2m > [22m[2mRead Only
[22m[39m[Mock Data] Assignment.onUpdate() subscription added. Total: 1
[90mstdout[2m | src/components/RecordingStudio3Modal.stories.jsx[2m > [22m[2mRead Only
[22m[39m[Mock Data] Assignment.onDelete() called with filter: {
  "filter": {
    "unitID": {
      "eq": "mock-unit-id",
    },
  },
}
[90mstdout[2m | src/components/RecordingStudio3Modal.stories.jsx[2m > [22m[2mRead Only
[22m[39m[Mock Data] Assignment.onDelete() subscription added. Total: 1
[90mstdout[2m | src/components/RecordingStudio3Modal.stories.jsx[2m > [22m[2mRead Only
[22m[39m[FilesContext] File observeQuery subscription triggered:
[90mstdout[2m | src/components/RecordingStudio3Modal.stories.jsx[2m > [22m[2mRead Only
[22m[39m  - items.length: 6
[90mstdout[2m | src/components/RecordingStudio3Modal.stories.jsx[2m > [22m[2mRead Only
[22m[39m  - isSynced: true
[90mstdout[2m | src/components/RecordingStudio3Modal.stories.jsx[2m > [22m[2mRead Only
[22m[39m  - items: [
  {
    "_deleted": null,
    "_lastChangedAt": 1767711773285,
    "_version": 1,
    "byHex": null,
    "createdAt": "2026-01-06T15:02:53.253Z",
    "description": "Japanese language textbook - Chapter 1",
    "document": Promise {},
    "documentID": "e01017e1-fe7a-4521-b71c-09ec31b18639",
    "duration": null,
    "embedding": null,
    "generated": null,
    "hex": null,
    "id": "a57d7833-5fa7-4cb7-8b7a-ce7c6e10e551",
    "identityId": "us-east-1:b0eadde9-f02c-c71b-17a6-22ffd37d89c8",
    "key": "files/Japanese Wind 1.pdf",
    "level": "protected",
    "mimeType": "application/pdf",
    "model": null,
    "name": "Japanese Wind 1.pdf",
    "owner": "64d81418-7021-701d-9fed-a4c2e0735711",
    "parsedContent": [Function anonymous],
    "parsedContentID": null,
    "path": "files/Japanese Wind 1.pdf",
    "prompt": null,
    "size": 4706654,
    "thumbnail": null,
    "type": "pdf",
    "updatedAt": "2026-01-06T15:02:53.253Z",
    "variant": null,
    "waveformData": null,
  },
  {
    "_version": 2,
    "createdAt": "2026-01-15T10:00:00.000Z",
    "description": "Sample report with vocabulary",
    "document": Promise {},
    "documentID": "cd824b5b-2c66-41f8-8571-aa6794ff590c",
    "generated": false,
    "id": "mock-pdf-file-2",
    "identityId": "us-east-1:mock-identity",
    "key": "files/report.pdf",
    "level": "protected",
    "mimeType": "application/pdf",
    "name": "report.pdf",
    "owner": "mock-user-id",
    "parsedContent": [Function anonymous],
    "path": "files/report.pdf",
    "size": 123456,
    "type": "pdf",
    "updatedAt": "2026-01-15T10:30:00.000Z",
  },
  {
    "_version": 3,
    "createdAt": "2026-01-14T08:00:00.000Z",
    "description": "Vocabulary lesson PDF with extracted content",
    "document": Promise {},
    "documentID": "mock-document-3",
    "generated": false,
    "id": "mock-pdf-file-3",
    "identityId": "us-east-1:mock-identity",
    "key": "files/vocabulary-lesson.pdf",
    "level": "public",
    "mimeType": "application/pdf",
    "name": "vocabulary-lesson.pdf",
    "owner": "mock-user-id",
    "parsedContent": [Function anonymous],
    "path": "files/vocabulary-lesson.pdf",
    "size": 567890,
    "type": "pdf",
    "updatedAt": "2026-01-14T08:45:00.000Z",
  },
  {
    "_version": 1,
    "createdAt": "2026-01-20T10:00:00.000Z",
    "description": "Sample pronunciation audio",
    "documentID": null,
    "duration": 3.5,
    "generated": true,
    "id": "mock-audio-file-1",
    "identityId": "us-east-1:mock-identity",
    "key": "audio/pronunciation-demo.mp3",
    "level": "public",
    "mimeType": "audio/mpeg",
    "name": "pronunciation-demo.mp3",
    "owner": "mock-user-id",
    "parsedContent": [Function anonymous],
    "path": "/story-mocks/cinematic-designed-sci-fi-whoosh-transition-nexawave-228295.mp3",
    "size": 56789,
    "type": "audio",
    "updatedAt": "2026-01-20T10:00:00.000Z",
    "waveformData": null,
  },
  {
    "_version": 1,
    "createdAt": "2026-01-19T14:30:00.000Z",
    "description": "Lesson introduction audio",
    "documentID": null,
    "duration": 5.2,
    "generated": false,
    "id": "mock-audio-file-2",
    "identityId": "us-east-1:mock-identity",
    "key": "audio/lesson-intro.mp3",
    "level": "public",
    "mimeType": "audio/mpeg",
    "name": "lesson-intro.mp3",
    "owner": "mock-user-id",
    "parsedContent": [Function anonymous],
    "path": "/story-mocks/descent-whoosh-long-cinematic-sound-effect-405921.mp3",
    "size": 87654,
    "type": "audio",
    "updatedAt": "2026-01-19T14:30:00.000Z",
    "waveformData": null,
  },
  {
    "_version": 1,
    "createdAt": "2026-01-18T09:15:00.000Z",
    "description": "Hiragana character chart",
    "documentID": null,
    "generated": false,
    "id": "mock-image-file-1",
    "identityId": "us-east-1:mock-identity",
    "key": "images/hiragana-chart.png",
    "level": "public",
    "mimeType": "image/png",
    "name": "hiragana-chart.png",
    "owner": "mock-user-id",
    "parsedContent": [Function anonymous],
    "path": "images/hiragana-chart.png",
    "size": 234567,
    "thumbnail": "thumbnails/hiragana-chart-thumb.png",
    "type": "image",
    "updatedAt": "2026-01-18T09:15:00.000Z",
  },
]
[90mstdout[2m | src/components/RecordingStudio3Modal.stories.jsx[2m > [22m[2mRead Only
[22m[39m[FilesContext] Files count changed: 0 → 6
[90mstdout[2m | src/components/RecordingStudio3Modal.stories.jsx[2m > [22m[2mRead Only
[22m[39m[MOCK CourseVectorStore] Initialized with mock data
[90mstdout[2m | src/components/RecordingStudio3Modal.stories.jsx[2m > [22m[2mRead Only
[22m[39m[MOCK CourseVectorStore] Initialized with mock data
[90mstdout[2m | src/components/RecordingStudio3Modal.stories.jsx[2m > [22m[2mRead Only
[22m[39m[i18next] Missing key: components:common.close for [
  "en",
]
[90mstdout[2m | src/components/RecordingStudio3Modal.stories.jsx[2m > [22m[2mRead Only
[22m[39m[useTranslationWithCapture] t() called: {
  "key": "common.close",
  "mode": "off",
  "namespace": "components",
  "value": "common.close",
}
[90mstdout[2m | src/components/RecordingStudio3Modal.stories.jsx[2m > [22m[2mRead Only
[22m[39m[i18next] Missing key: components:recordingStudio3Modal.done for [
  "en",
]
[90mstdout[2m | src/components/RecordingStudio3Modal.stories.jsx[2m > [22m[2mRead Only
[22m[39m[useTranslationWithCapture] t() called: {
  "key": "recordingStudio3Modal.done",
  "mode": "off",
  "namespace": "components",
  "value": "recordingStudio3Modal.done",
}
[90mstdout[2m | src/components/RecordingStudio3Modal.stories.jsx[2m > [22m[2mRead Only
[22m[39m[FilesContext] Vector store population triggered {
  "currentVectorStoreSize": 3,
  "documentsCount": 0,
  "filesCount": 6,
  "isInitialLoad": true,
}
[90mstdout[2m | src/components/RecordingStudio3Modal.stories.jsx[2m > [22m[2mRead Only
[22m[39m[FilesContext] Vector store population complete - 3 total embeddings
[90mstdout[2m | src/components/RecordingStudio3Modal.stories.jsx[2m > [22m[2mRead Only
[22m[39m[i18next] Missing key: components:common.close for [
  "en",
]
[90mstdout[2m | src/components/RecordingStudio3Modal.stories.jsx[2m > [22m[2mRead Only
[22m[39m[useTranslationWithCapture] t() called: {
  "key": "common.close",
  "mode": "off",
  "namespace": "components",
  "value": "common.close",
}
[90mstdout[2m | src/components/RecordingStudio3Modal.stories.jsx[2m > [22m[2mRead Only
[22m[39m[i18next] Missing key: components:recordingStudio3Modal.done for [
  "en",
]
[90mstdout[2m | src/components/RecordingStudio3Modal.stories.jsx[2m > [22m[2mRead Only
[22m[39m[useTranslationWithCapture] t() called: {
  "key": "recordingStudio3Modal.done",
  "mode": "off",
  "namespace": "components",
  "value": "recordingStudio3Modal.done",
}
[90mstdout[2m | src/components/RecordingStudio3Modal.stories.jsx[2m > [22m[2mRead Only
[22m[39m[useTranslationWithCapture] t() called: {
  "key": "recordingStudio3.importJson",
  "mode": "off",
  "namespace": "components",
  "value": "Import JSON",
}
[90mstdout[2m | src/components/RecordingStudio3Modal.stories.jsx[2m > [22m[2mRead Only
[22m[39m[useTranslationWithCapture] t() called: {
  "key": "recordingStudio3.exportJson",
  "mode": "off",
  "namespace": "components",
  "value": "Export JSON",
}
[90mstdout[2m | src/components/RecordingStudio3Modal.stories.jsx[2m > [22m[2mRead Only
[22m[39m[useTranslationWithCapture] t() called: {
  "key": "recordingStudio3.script",
  "mode": "off",
  "namespace": "components",
  "value": "Script",
}
[90mstdout[2m | src/components/RecordingStudio3Modal.stories.jsx[2m > [22m[2mRead Only
[22m[39m[useTranslationWithCapture] t() called: {
  "key": "recordingStudio3.addLine",
  "mode": "off",
  "namespace": "components",
  "value": "Add Line",
}
[90mstdout[2m | src/components/RecordingStudio3Modal.stories.jsx[2m > [22m[2mRead Only
[22m[39m[useTranslationWithCapture] t() called: {
  "key": "recordingStudio3.timeline",
  "mode": "off",
  "namespace": "components",
  "value": "Timeline",
}
[90mstdout[2m | src/components/RecordingStudio3Modal.stories.jsx[2m > [22m[2mRead Only
[22m[39m[useTranslationWithCapture] t() called: {
  "key": "recordingStudio3.speakers",
  "mode": "off",
  "namespace": "components",
  "value": "Speakers",
}
[90mstdout[2m | src/components/RecordingStudio3Modal.stories.jsx[2m > [22m[2mRead Only
[22m[39m[useTranslationWithCapture] t() called: {
  "key": "recordingStudio3.add",
  "mode": "off",
  "namespace": "components",
  "value": "Add",
}
[90mstdout[2m | src/components/RecordingStudio3Modal.stories.jsx[2m > [22m[2mRead Only
[22m[39m[useTranslationWithCapture] t() called: {
  "key": "recordingStudio3.voice",
  "mode": "off",
  "namespace": "components",
  "value": "Voice",
}
[90mstdout[2m | src/components/RecordingStudio3Modal.stories.jsx[2m > [22m[2mRead Only
[22m[39m[useTranslationWithCapture] t() called: {
  "key": "recordingStudio3.voice",
  "mode": "off",
  "namespace": "components",
  "value": "Voice",
}
[90mstdout[2m | src/components/RecordingStudio3Modal.stories.jsx[2m > [22m[2mRead Only
[22m[39m[useTranslationWithCapture] t() called: {
  "key": "recordingStudio3.voice",
  "mode": "off",
  "namespace": "components",
  "value": "Voice",
}
[90mstdout[2m | src/components/RecordingStudio3Modal.stories.jsx[2m > [22m[2mRead Only
[22m[39m[useTranslationWithCapture] t() called: {
  "key": "recordingStudio3.voice",
  "mode": "off",
  "namespace": "components",
  "value": "Voice",
}
[90mstdout[2m | src/components/RecordingStudio3Modal.stories.jsx[2m > [22m[2mRead Only
[22m[39m[useTranslationWithCapture] t() called: {
  "key": "recordingStudio3.generateAllMissing",
  "mode": "off",
  "namespace": "components",
  "value": "Generate All Missing TTS",
}
[90mstderr[2m | src/components/RecordingStudio3Modal.stories.jsx[2m > [22m[2mRead Only
[22m[39m🔊 WAVEFORM DEBUG: {
  "barWidth": 2,
  "dataLength": 100,
  "firstValues": [
    0.3204589722163956,
    0.39717440664027837,
    0.7385769182403293,
    0.885339985113519,
    0.5033530928720341,
  ],
  "height": 40,
  "maxValue": 0.8925525572036567,
  "minValue": 0.10074542169328807,
  "note": "✅ Good variance",
  "range": 0.7918071355103686,
  "width": 200,
}
[90mstdout[2m | src/components/RecordingStudio3Modal.stories.jsx[2m > [22m[2mRead Only
[22m[39m[ChatContext] AssistantChat query update: 1 items (synced)
[90mstdout[2m | src/components/RecordingStudio3Modal.stories.jsx[2m > [22m[2mRead Only
[22m[39m[ChatContext] First item details: {
  "id": "mock-assistant-chat-1",
  "updatedAt": "2024-01-26T10:15:00.000Z",
}
[90mstdout[2m | src/components/RecordingStudio3Modal.stories.jsx[2m > [22m[2mRead Only
[22m[39m[ChatContext] AssistantChat subscription initialized
[90mstdout[2m | src/components/RecordingStudio3Modal.stories.jsx[2m > [22m[2mRead Only
[22m[39m[ChatContext] AssistantChat list updated: 1 chats
[90mstdout[2m | src/components/RecordingStudio3Modal.stories.jsx[2m > [22m[2mRead Only
[22m[39m[Mock Data] Settings.create() called with: {
  "assistantVoice": "shimmer",
  "autoAnalyzeDocuments": true,
  "defaultAIModel": "gpt-4",
  "documentAnalysisModel": "gpt-4",
  "editorFontSize": 14,
  "editorTheme": "auto",
  "emailNotifications": true,
  "language": "en",
  "webhookNotifications": false,
}
[90mstdout[2m | src/components/RecordingStudio3Modal.stories.jsx[2m > [22m[2mRead Only
[22m[39m[Mock Data] Settings created: mock-settings-1776336992837 - notified 1 subscribers
[90mstdout[2m | src/components/RecordingStudio3Modal.stories.jsx[2m > [22m[2mRead Only
[22m[39m[ChatContext] Setting initial chat: mock-assistant-chat-1
[90mstdout[2m | src/components/RecordingStudio3Modal.stories.jsx[2m > [22m[2mRead Only
[22m[39m[ChatContext] Chat exists and not archived, skipping creation
[90mstdout[2m | src/components/RecordingStudio3Modal.stories.jsx[2m > [22m[2mConversation With Recorded Takes
[22m[39m[Mock Data] Settings subscription unsubscribed. Remaining: 0
[90mstdout[2m | src/components/RecordingStudio3Modal.stories.jsx[2m > [22m[2mConversation With Recorded Takes
[22m[39m[ChatContext] Cleaning up subscription
[90mstdout[2m | src/components/RecordingStudio3Modal.stories.jsx[2m > [22m[2mConversation With Recorded Takes
[22m[39m[Mock Data] AssistantChat subscription unsubscribed. Remaining: 0
[90mstdout[2m | src/components/RecordingStudio3Modal.stories.jsx[2m > [22m[2mConversation With Recorded Takes
[22m[39m[Mock Data] File subscription unsubscribed. Remaining: 0
[90mstdout[2m | src/components/RecordingStudio3Modal.stories.jsx[2m > [22m[2mConversation With Recorded Takes
[22m[39m[Mock Data] Document subscription unsubscribed. Remaining: 0
[90mstdout[2m | src/components/RecordingStudio3Modal.stories.jsx[2m > [22m[2mConversation With Recorded Takes
[22m[39m[Mock Data] Word subscription unsubscribed. Remaining: 0
[90mstdout[2m | src/components/RecordingStudio3Modal.stories.jsx[2m > [22m[2mConversation With Recorded Takes
[22m[39m[Mock Data] Question subscription unsubscribed. Remaining: 0
[90mstdout[2m | src/components/RecordingStudio3Modal.stories.jsx[2m > [22m[2mConversation With Recorded Takes
[22m[39m[Mock Data] Grade subscription unsubscribed. Remaining: 0
[90mstdout[2m | src/components/RecordingStudio3Modal.stories.jsx[2m > [22m[2mConversation With Recorded Takes
[22m[39m[Mock Data] Unit subscription unsubscribed. Remaining: 0
[90mstdout[2m | src/components/RecordingStudio3Modal.stories.jsx[2m > [22m[2mConversation With Recorded Takes
[22m[39m[SectionContext] Cleaning up subscriptions
[90mstdout[2m | src/components/RecordingStudio3Modal.stories.jsx[2m > [22m[2mConversation With Recorded Takes
[22m[39m[Mock Data] Section.onCreate() subscription removed. Remaining: 0
[90mstdout[2m | src/components/RecordingStudio3Modal.stories.jsx[2m > [22m[2mConversation With Recorded Takes
[22m[39m[Mock Data] Section.onUpdate() subscription removed. Remaining: 0
[90mstdout[2m | src/components/RecordingStudio3Modal.stories.jsx[2m > [22m[2mConversation With Recorded Takes
[22m[39m[Mock Data] Section.onDelete() subscription removed. Remaining: 0
[90mstdout[2m | src/components/RecordingStudio3Modal.stories.jsx[2m > [22m[2mConversation With Recorded Takes
[22m[39m[Mock Data] Assignment.onCreate() subscription removed. Remaining: 0
[90mstdout[2m | src/components/RecordingStudio3Modal.stories.jsx[2m > [22m[2mConversation With Recorded Takes
[22m[39m[Mock Data] Assignment.onUpdate() subscription removed. Remaining: 0
[90mstdout[2m | src/components/RecordingStudio3Modal.stories.jsx[2m > [22m[2mConversation With Recorded Takes
[22m[39m[Mock Data] Assignment.onDelete() subscription removed. Remaining: 0
[90mstdout[2m | src/components/RecordingStudio3Modal.stories.jsx[2m > [22m[2mConversation With Recorded Takes
[22m[39m[Mock Data] Clearing all data stores
[90mstdout[2m | src/components/RecordingStudio3Modal.stories.jsx[2m > [22m[2mConversation With Recorded Takes
[22m[39m[Mock Data] All data stores cleared
[90mstdout[2m | src/components/RecordingStudio3Modal.stories.jsx[2m > [22m[2mConversation With Recorded Takes
[22m[39m[Preview] Cleared mock data for story
[90mstdout[2m | src/components/RecordingStudio3Modal.stories.jsx[2m > [22m[2mConversation With Recorded Takes
[22m[39m[Mock Data Gen 2] Initializing mock data
[90mstdout[2m | src/components/RecordingStudio3Modal.stories.jsx[2m > [22m[2mConversation With Recorded Takes
[22m[39m[Mock Data] seedMockAssistantChats: Replacing with 1 assistant chats
[90mstdout[2m | src/components/RecordingStudio3Modal.stories.jsx[2m > [22m[2mConversation With Recorded Takes
[22m[39m[Mock Data Gen 2] Seeded AssistantChat: mock-assistant-chat-1
[90mstdout[2m | src/components/RecordingStudio3Modal.stories.jsx[2m > [22m[2mConversation With Recorded Takes
[22m[39m[Mock Data] seedMockFiles: Adding 6 files
[90mstdout[2m | src/components/RecordingStudio3Modal.stories.jsx[2m > [22m[2mConversation With Recorded Takes
[22m[39m[Mock Data Gen 2] Seeded Files: 6
[90mstdout[2m | src/components/RecordingStudio3Modal.stories.jsx[2m > [22m[2mConversation With Recorded Takes
[22m[39m[Mock Data Gen 2] Initializing mock data
[90mstdout[2m | src/components/RecordingStudio3Modal.stories.jsx[2m > [22m[2mConversation With Recorded Takes
[22m[39m[Mock Data] seedMockAssistantChats: Replacing with 1 assistant chats
[90mstdout[2m | src/components/RecordingStudio3Modal.stories.jsx[2m > [22m[2mConversation With Recorded Takes
[22m[39m[Mock Data Gen 2] Seeded AssistantChat: mock-assistant-chat-1
[90mstdout[2m | src/components/RecordingStudio3Modal.stories.jsx[2m > [22m[2mConversation With Recorded Takes
[22m[39m[Mock Data] seedMockFiles: Adding 6 files
[90mstdout[2m | src/components/RecordingStudio3Modal.stories.jsx[2m > [22m[2mConversation With Recorded Takes
[22m[39m[Mock Data Gen 2] Seeded Files: 6
[90mstdout[2m | src/components/RecordingStudio3Modal.stories.jsx[2m > [22m[2mConversation With Recorded Takes
[22m[39m[Preview] Initialized default mock data for story
[90mstdout[2m | src/components/RecordingStudio3Modal.stories.jsx[2m > [22m[2mConversation With Recorded Takes
[22m[39m[Mock AuthContext] Providing auth: {
  "error": undefined,
  "isLoading": false,
  "session": {
    "idToken": {
      "toString": [Function toString],
    },
    "identityId": "us-east-1:mock-identity-123",
    "username": "mock-user-sub",
  },
  "user": {
    "attributes": {
      "email": "alice@example.com",
      "name": "Alice Student",
      "sub": "mock-user-sub",
    },
  },
}
[90mstdout[2m | src/components/RecordingStudio3Modal.stories.jsx[2m > [22m[2mConversation With Recorded Takes
[22m[39m[Mock Data] generateClient() called - returning mock client
[90mstdout[2m | src/components/RecordingStudio3Modal.stories.jsx[2m > [22m[2mConversation With Recorded Takes
[22m[39m[Mock amplifyClient] getAmplifyClient() called - returning mock client
[90mstdout[2m | src/components/RecordingStudio3Modal.stories.jsx[2m > [22m[2mConversation With Recorded Takes
[22m[39m[MOCK CourseVectorStore] Initialized with mock data
[90mstdout[2m | src/components/RecordingStudio3Modal.stories.jsx[2m > [22m[2mConversation With Recorded Takes
[22m[39m[TranslationModeController] Setting mode to: off
[90mstdout[2m | src/components/RecordingStudio3Modal.stories.jsx[2m > [22m[2mConversation With Recorded Takes
[22m[39m[SectionContext] useEffect triggered {
  "authLoading": false,
  "hasUser": true,
  "userSub": "mock-user-sub",
}
[90mstdout[2m | src/components/RecordingStudio3Modal.stories.jsx[2m > [22m[2mConversation With Recorded Takes
[22m[39m[SectionContext] Fetching sections for userId: mock-user-sub
[90mstdout[2m | src/components/RecordingStudio3Modal.stories.jsx[2m > [22m[2mConversation With Recorded Takes
[22m[39m[Mock Data] generateClient() called - returning mock client
[90mstdout[2m | src/components/RecordingStudio3Modal.stories.jsx[2m > [22m[2mConversation With Recorded Takes
[22m[39m[Mock amplifyClient] getAmplifyClient() called - returning mock client
[90mstdout[2m | src/components/RecordingStudio3Modal.stories.jsx[2m > [22m[2mConversation With Recorded Takes
[22m[39m[Mock Data] Section.list() called with options: undefined
[90mstdout[2m | src/components/RecordingStudio3Modal.stories.jsx[2m > [22m[2mConversation With Recorded Takes
[22m[39m[Mock Data] generateClient() called - returning mock client
[90mstdout[2m | src/components/RecordingStudio3Modal.stories.jsx[2m > [22m[2mConversation With Recorded Takes
[22m[39m[Mock amplifyClient] getAmplifyClient() called - returning mock client
[90mstdout[2m | src/components/RecordingStudio3Modal.stories.jsx[2m > [22m[2mConversation With Recorded Takes
[22m[39m[Mock Data] Assignment.list() called with options: {
  "filter": {
    "unitID": {
      "eq": "mock-unit-id",
    },
  },
}
[90mstdout[2m | src/components/RecordingStudio3Modal.stories.jsx[2m > [22m[2mConversation With Recorded Takes
[22m[39m[Mock Data] generateClient() called - returning mock client
[90mstdout[2m | src/components/RecordingStudio3Modal.stories.jsx[2m > [22m[2mConversation With Recorded Takes
[22m[39m[Mock amplifyClient] getAmplifyClient() called - returning mock client
[90mstdout[2m | src/components/RecordingStudio3Modal.stories.jsx[2m > [22m[2mConversation With Recorded Takes
[22m[39m[Mock Data] Grade.observeQuery() called with filter: {
  "filter": {
    "unitID": {
      "eq": "mock-unit-id",
    },
  },
}
[90mstdout[2m | src/components/RecordingStudio3Modal.stories.jsx[2m > [22m[2mConversation With Recorded Takes
[22m[39m[Mock Data] Grade.observeQuery() applying filter: {
  "unitID": {
    "eq": "mock-unit-id",
  },
}
[90mstdout[2m | src/components/RecordingStudio3Modal.stories.jsx[2m > [22m[2mConversation With Recorded Takes
[22m[39m[Mock Data] Grade.observeQuery() items before filter: 0
[90mstdout[2m | src/components/RecordingStudio3Modal.stories.jsx[2m > [22m[2mConversation With Recorded Takes
[22m[39m[Mock Data] Grade.observeQuery() items after filter: 0
[90mstdout[2m | src/components/RecordingStudio3Modal.stories.jsx[2m > [22m[2mConversation With Recorded Takes
[22m[39m[Mock Data] Grade.observeQuery() returning 0 items (filter applied) {
  "filter": {
    "unitID": {
      "eq": "mock-unit-id",
    },
  },
}
[90mstdout[2m | src/components/RecordingStudio3Modal.stories.jsx[2m > [22m[2mConversation With Recorded Takes
[22m[39m[Mock Data] Grade subscription added. Total subscriptions: 1
[90mstdout[2m | src/components/RecordingStudio3Modal.stories.jsx[2m > [22m[2mConversation With Recorded Takes
[22m[39m[UnitContext] useEffect triggered {
  "authLoading": false,
  "hasUser": true,
  "id": "mock-unit-id",
  "userSub": "mock-user-sub",
}
[90mstdout[2m | src/components/RecordingStudio3Modal.stories.jsx[2m > [22m[2mConversation With Recorded Takes
[22m[39m[UnitContext] Fetching unit data for id: mock-unit-id
[90mstdout[2m | src/components/RecordingStudio3Modal.stories.jsx[2m > [22m[2mConversation With Recorded Takes
[22m[39m[Mock Data] generateClient() called - returning mock client
[90mstdout[2m | src/components/RecordingStudio3Modal.stories.jsx[2m > [22m[2mConversation With Recorded Takes
[22m[39m[Mock amplifyClient] getAmplifyClient() called - returning mock client
[90mstdout[2m | src/components/RecordingStudio3Modal.stories.jsx[2m > [22m[2mConversation With Recorded Takes
[22m[39m[Mock Data] Unit.observeQuery() called with filter: {
  "filter": {
    "id": {
      "eq": "mock-unit-id",
    },
  },
}
[90mstdout[2m | src/components/RecordingStudio3Modal.stories.jsx[2m > [22m[2mConversation With Recorded Takes
[22m[39m[Mock Data] Unit.observeQuery() applying filter: {
  "id": {
    "eq": "mock-unit-id",
  },
}
[90mstdout[2m | src/components/RecordingStudio3Modal.stories.jsx[2m > [22m[2mConversation With Recorded Takes
[22m[39m[Mock Data] Unit.observeQuery() items before filter: 0
[90mstdout[2m | src/components/RecordingStudio3Modal.stories.jsx[2m > [22m[2mConversation With Recorded Takes
[22m[39m[Mock Data] Unit.observeQuery() items after filter: 0
[90mstdout[2m | src/components/RecordingStudio3Modal.stories.jsx[2m > [22m[2mConversation With Recorded Takes
[22m[39m[Mock Data] Unit.observeQuery() returning 0 items (filter applied) {
  "filter": {
    "id": {
      "eq": "mock-unit-id",
    },
  },
}
[90mstdout[2m | src/components/RecordingStudio3Modal.stories.jsx[2m > [22m[2mConversation With Recorded Takes
[22m[39m[Mock Data] Unit subscription added. Total subscriptions: 1
[90mstdout[2m | src/components/RecordingStudio3Modal.stories.jsx[2m > [22m[2mConversation With Recorded Takes
[22m[39m[Mock Data] generateClient() called - returning mock client
[90mstdout[2m | src/components/RecordingStudio3Modal.stories.jsx[2m > [22m[2mConversation With Recorded Takes
[22m[39m[Mock amplifyClient] getAmplifyClient() called - returning mock client
[90mstdout[2m | src/components/RecordingStudio3Modal.stories.jsx[2m > [22m[2mConversation With Recorded Takes
[22m[39m[Mock Data] Word.observeQuery() called with filter: undefined
[90mstdout[2m | src/components/RecordingStudio3Modal.stories.jsx[2m > [22m[2mConversation With Recorded Takes
[22m[39m[Mock Data] Word.observeQuery() returning 0 items (filter applied) undefined
[90mstdout[2m | src/components/RecordingStudio3Modal.stories.jsx[2m > [22m[2mConversation With Recorded Takes
[22m[39m[Mock Data] Word subscription added. Total subscriptions: 1
[90mstdout[2m | src/components/RecordingStudio3Modal.stories.jsx[2m > [22m[2mConversation With Recorded Takes
[22m[39m[Mock Data] generateClient() called - returning mock client
[90mstdout[2m | src/components/RecordingStudio3Modal.stories.jsx[2m > [22m[2mConversation With Recorded Takes
[22m[39m[Mock amplifyClient] getAmplifyClient() called - returning mock client
[90mstdout[2m | src/components/RecordingStudio3Modal.stories.jsx[2m > [22m[2mConversation With Recorded Takes
[22m[39m[Mock Data] Question.observeQuery() called with filter: undefined
[90mstdout[2m | src/components/RecordingStudio3Modal.stories.jsx[2m > [22m[2mConversation With Recorded Takes
[22m[39m[Mock Data] Question.observeQuery() returning 0 items (filter applied) undefined
[90mstdout[2m | src/components/RecordingStudio3Modal.stories.jsx[2m > [22m[2mConversation With Recorded Takes
[22m[39m[Mock Data] Question subscription added. Total subscriptions: 1
[90mstdout[2m | src/components/RecordingStudio3Modal.stories.jsx[2m > [22m[2mConversation With Recorded Takes
[22m[39m[FilesContext] Initializing vector store from IndexedDB
[90mstdout[2m | src/components/RecordingStudio3Modal.stories.jsx[2m > [22m[2mConversation With Recorded Takes
[22m[39m[FilesContext] fetchFiles called
[90mstdout[2m | src/components/RecordingStudio3Modal.stories.jsx[2m > [22m[2mConversation With Recorded Takes
[22m[39m[FilesContext] User authenticated: mock-user-sub
[90mstdout[2m | src/components/RecordingStudio3Modal.stories.jsx[2m > [22m[2mConversation With Recorded Takes
[22m[39m[FilesContext] Identity ID: us-east-1:mock-identity-123
[90mstdout[2m | src/components/RecordingStudio3Modal.stories.jsx[2m > [22m[2mConversation With Recorded Takes
[22m[39m[FilesContext] About to subscribe to File model
[90mstdout[2m | src/components/RecordingStudio3Modal.stories.jsx[2m > [22m[2mConversation With Recorded Takes
[22m[39m[Mock Data] generateClient() called - returning mock client
[90mstdout[2m | src/components/RecordingStudio3Modal.stories.jsx[2m > [22m[2mConversation With Recorded Takes
[22m[39m[Mock amplifyClient] getAmplifyClient() called - returning mock client
[90mstdout[2m | src/components/RecordingStudio3Modal.stories.jsx[2m > [22m[2mConversation With Recorded Takes
[22m[39m[Mock Data] File.observeQuery() called with filter: undefined
[90mstdout[2m | src/components/RecordingStudio3Modal.stories.jsx[2m > [22m[2mConversation With Recorded Takes
[22m[39m[Mock Data] File.observeQuery() returning 6 items (filter applied) undefined
[90mstdout[2m | src/components/RecordingStudio3Modal.stories.jsx[2m > [22m[2mConversation With Recorded Takes
[22m[39m[Mock Data] File subscription added. Total subscriptions: 1
[90mstdout[2m | src/components/RecordingStudio3Modal.stories.jsx[2m > [22m[2mConversation With Recorded Takes
[22m[39m[Mock Data] generateClient() called - returning mock client
[90mstdout[2m | src/components/RecordingStudio3Modal.stories.jsx[2m > [22m[2mConversation With Recorded Takes
[22m[39m[Mock amplifyClient] getAmplifyClient() called - returning mock client
[90mstdout[2m | src/components/RecordingStudio3Modal.stories.jsx[2m > [22m[2mConversation With Recorded Takes
[22m[39m[Mock Data] Document.observeQuery() called with filter: undefined
[90mstdout[2m | src/components/RecordingStudio3Modal.stories.jsx[2m > [22m[2mConversation With Recorded Takes
[22m[39m[Mock Data] Document.observeQuery() returning 0 items (filter applied) undefined
[90mstdout[2m | src/components/RecordingStudio3Modal.stories.jsx[2m > [22m[2mConversation With Recorded Takes
[22m[39m[Mock Data] Document subscription added. Total subscriptions: 1
[90mstdout[2m | src/components/RecordingStudio3Modal.stories.jsx[2m > [22m[2mConversation With Recorded Takes
[22m[39m[ChatContext] Setting up observeQuery for AssistantChat
[90mstdout[2m | src/components/RecordingStudio3Modal.stories.jsx[2m > [22m[2mConversation With Recorded Takes
[22m[39m[Mock Data] AssistantChat.observeQuery() called with filter: {
  "sortDirection": "DESC",
  "sortField": "createdAt",
}
[90mstdout[2m | src/components/RecordingStudio3Modal.stories.jsx[2m > [22m[2mConversation With Recorded Takes
[22m[39m[Mock Data] AssistantChat.observeQuery() returning 1 items (filter applied) {
  "sortDirection": "DESC",
  "sortField": "createdAt",
}
[90mstdout[2m | src/components/RecordingStudio3Modal.stories.jsx[2m > [22m[2mConversation With Recorded Takes
[22m[39m[Mock Data] AssistantChat subscription added. Total subscriptions: 1
[90mstdout[2m | src/components/RecordingStudio3Modal.stories.jsx[2m > [22m[2mConversation With Recorded Takes
[22m[39m[ChatContext] Waiting for subscription to initialize
[90mstdout[2m | src/components/RecordingStudio3Modal.stories.jsx[2m > [22m[2mConversation With Recorded Takes
[22m[39m[SettingsContext] Setting up Settings subscription for user: mock-user-sub
[90mstdout[2m | src/components/RecordingStudio3Modal.stories.jsx[2m > [22m[2mConversation With Recorded Takes
[22m[39m[Mock Data] generateClient() called - returning mock client
[90mstdout[2m | src/components/RecordingStudio3Modal.stories.jsx[2m > [22m[2mConversation With Recorded Takes
[22m[39m[Mock amplifyClient] getAmplifyClient() called - returning mock client
[90mstdout[2m | src/components/RecordingStudio3Modal.stories.jsx[2m > [22m[2mConversation With Recorded Takes
[22m[39m[Mock Data] Settings.observeQuery() called with filter: undefined
[90mstdout[2m | src/components/RecordingStudio3Modal.stories.jsx[2m > [22m[2mConversation With Recorded Takes
[22m[39m[Mock Data] Settings.observeQuery() returning 0 items (filter applied) undefined
[90mstdout[2m | src/components/RecordingStudio3Modal.stories.jsx[2m > [22m[2mConversation With Recorded Takes
[22m[39m[Mock Data] Settings subscription added. Total subscriptions: 1
[90mstdout[2m | src/components/RecordingStudio3Modal.stories.jsx[2m > [22m[2mConversation With Recorded Takes
[22m[39m[SectionContext] Initial sections: 0 []
[90mstdout[2m | src/components/RecordingStudio3Modal.stories.jsx[2m > [22m[2mConversation With Recorded Takes
[22m[39m[Mock Data] Section.onCreate() called with filter: undefined
[90mstdout[2m | src/components/RecordingStudio3Modal.stories.jsx[2m > [22m[2mConversation With Recorded Takes
[22m[39m[Mock Data] Section.onCreate() subscription added. Total: 1
[90mstdout[2m | src/components/RecordingStudio3Modal.stories.jsx[2m > [22m[2mConversation With Recorded Takes
[22m[39m[Mock Data] Section.onUpdate() called with filter: undefined
[90mstdout[2m | src/components/RecordingStudio3Modal.stories.jsx[2m > [22m[2mConversation With Recorded Takes
[22m[39m[Mock Data] Section.onUpdate() subscription added. Total: 1
[90mstdout[2m | src/components/RecordingStudio3Modal.stories.jsx[2m > [22m[2mConversation With Recorded Takes
[22m[39m[Mock Data] Section.onDelete() called with filter: undefined
[90mstdout[2m | src/components/RecordingStudio3Modal.stories.jsx[2m > [22m[2mConversation With Recorded Takes
[22m[39m[Mock Data] Section.onDelete() subscription added. Total: 1
[90mstdout[2m | src/components/RecordingStudio3Modal.stories.jsx[2m > [22m[2mConversation With Recorded Takes
[22m[39m[Mock Data] Assignment.onCreate() called with filter: {
  "filter": {
    "unitID": {
      "eq": "mock-unit-id",
    },
  },
}
[90mstdout[2m | src/components/RecordingStudio3Modal.stories.jsx[2m > [22m[2mConversation With Recorded Takes
[22m[39m[Mock Data] Assignment.onCreate() subscription added. Total: 1
[90mstdout[2m | src/components/RecordingStudio3Modal.stories.jsx[2m > [22m[2mConversation With Recorded Takes
[22m[39m[Mock Data] Assignment.onUpdate() called with filter: {
  "filter": {
    "unitID": {
      "eq": "mock-unit-id",
    },
  },
}
[90mstdout[2m | src/components/RecordingStudio3Modal.stories.jsx[2m > [22m[2mConversation With Recorded Takes
[22m[39m[Mock Data] Assignment.onUpdate() subscription added. Total: 1
[90mstdout[2m | src/components/RecordingStudio3Modal.stories.jsx[2m > [22m[2mConversation With Recorded Takes
[22m[39m[Mock Data] Assignment.onDelete() called with filter: {
  "filter": {
    "unitID": {
      "eq": "mock-unit-id",
    },
  },
}
[90mstdout[2m | src/components/RecordingStudio3Modal.stories.jsx[2m > [22m[2mConversation With Recorded Takes
[22m[39m[Mock Data] Assignment.onDelete() subscription added. Total: 1
[90mstdout[2m | src/components/RecordingStudio3Modal.stories.jsx[2m > [22m[2mConversation With Recorded Takes
[22m[39m[FilesContext] File observeQuery subscription triggered:
[90mstdout[2m | src/components/RecordingStudio3Modal.stories.jsx[2m > [22m[2mConversation With Recorded Takes
[22m[39m  - items.length: 6
[90mstdout[2m | src/components/RecordingStudio3Modal.stories.jsx[2m > [22m[2mConversation With Recorded Takes
[22m[39m  - isSynced: true
[90mstdout[2m | src/components/RecordingStudio3Modal.stories.jsx[2m > [22m[2mConversation With Recorded Takes
[22m[39m  - items: [
  {
    "_deleted": null,
    "_lastChangedAt": 1767711773285,
    "_version": 1,
    "byHex": null,
    "createdAt": "2026-01-06T15:02:53.253Z",
    "description": "Japanese language textbook - Chapter 1",
    "document": Promise {},
    "documentID": "e01017e1-fe7a-4521-b71c-09ec31b18639",
    "duration": null,
    "embedding": null,
    "generated": null,
    "hex": null,
    "id": "a57d7833-5fa7-4cb7-8b7a-ce7c6e10e551",
    "identityId": "us-east-1:b0eadde9-f02c-c71b-17a6-22ffd37d89c8",
    "key": "files/Japanese Wind 1.pdf",
    "level": "protected",
    "mimeType": "application/pdf",
    "model": null,
    "name": "Japanese Wind 1.pdf",
    "owner": "64d81418-7021-701d-9fed-a4c2e0735711",
    "parsedContent": [Function anonymous],
    "parsedContentID": null,
    "path": "files/Japanese Wind 1.pdf",
    "prompt": null,
    "size": 4706654,
    "thumbnail": null,
    "type": "pdf",
    "updatedAt": "2026-01-06T15:02:53.253Z",
    "variant": null,
    "waveformData": null,
  },
  {
    "_version": 2,
    "createdAt": "2026-01-15T10:00:00.000Z",
    "description": "Sample report with vocabulary",
    "document": Promise {},
    "documentID": "cd824b5b-2c66-41f8-8571-aa6794ff590c",
    "generated": false,
    "id": "mock-pdf-file-2",
    "identityId": "us-east-1:mock-identity",
    "key": "files/report.pdf",
    "level": "protected",
    "mimeType": "application/pdf",
    "name": "report.pdf",
    "owner": "mock-user-id",
    "parsedContent": [Function anonymous],
    "path": "files/report.pdf",
    "size": 123456,
    "type": "pdf",
    "updatedAt": "2026-01-15T10:30:00.000Z",
  },
  {
    "_version": 3,
    "createdAt": "2026-01-14T08:00:00.000Z",
    "description": "Vocabulary lesson PDF with extracted content",
    "document": Promise {},
    "documentID": "mock-document-3",
    "generated": false,
    "id": "mock-pdf-file-3",
    "identityId": "us-east-1:mock-identity",
    "key": "files/vocabulary-lesson.pdf",
    "level": "public",
    "mimeType": "application/pdf",
    "name": "vocabulary-lesson.pdf",
    "owner": "mock-user-id",
    "parsedContent": [Function anonymous],
    "path": "files/vocabulary-lesson.pdf",
    "size": 567890,
    "type": "pdf",
    "updatedAt": "2026-01-14T08:45:00.000Z",
  },
  {
    "_version": 1,
    "createdAt": "2026-01-20T10:00:00.000Z",
    "description": "Sample pronunciation audio",
    "documentID": null,
    "duration": 3.5,
    "generated": true,
    "id": "mock-audio-file-1",
    "identityId": "us-east-1:mock-identity",
    "key": "audio/pronunciation-demo.mp3",
    "level": "public",
    "mimeType": "audio/mpeg",
    "name": "pronunciation-demo.mp3",
    "owner": "mock-user-id",
    "parsedContent": [Function anonymous],
    "path": "/story-mocks/cinematic-designed-sci-fi-whoosh-transition-nexawave-228295.mp3",
    "size": 56789,
    "type": "audio",
    "updatedAt": "2026-01-20T10:00:00.000Z",
    "waveformData": null,
  },
  {
    "_version": 1,
    "createdAt": "2026-01-19T14:30:00.000Z",
    "description": "Lesson introduction audio",
    "documentID": null,
    "duration": 5.2,
    "generated": false,
    "id": "mock-audio-file-2",
    "identityId": "us-east-1:mock-identity",
    "key": "audio/lesson-intro.mp3",
    "level": "public",
    "mimeType": "audio/mpeg",
    "name": "lesson-intro.mp3",
    "owner": "mock-user-id",
    "parsedContent": [Function anonymous],
    "path": "/story-mocks/descent-whoosh-long-cinematic-sound-effect-405921.mp3",
    "size": 87654,
    "type": "audio",
    "updatedAt": "2026-01-19T14:30:00.000Z",
    "waveformData": null,
  },
  {
    "_version": 1,
    "createdAt": "2026-01-18T09:15:00.000Z",
    "description": "Hiragana character chart",
    "documentID": null,
    "generated": false,
    "id": "mock-image-file-1",
    "identityId": "us-east-1:mock-identity",
    "key": "images/hiragana-chart.png",
    "level": "public",
    "mimeType": "image/png",
    "name": "hiragana-chart.png",
    "owner": "mock-user-id",
    "parsedContent": [Function anonymous],
    "path": "images/hiragana-chart.png",
    "size": 234567,
    "thumbnail": "thumbnails/hiragana-chart-thumb.png",
    "type": "image",
    "updatedAt": "2026-01-18T09:15:00.000Z",
  },
]
[90mstdout[2m | src/components/RecordingStudio3Modal.stories.jsx[2m > [22m[2mConversation With Recorded Takes
[22m[39m[FilesContext] Files count changed: 0 → 6
[90mstdout[2m | src/components/RecordingStudio3Modal.stories.jsx[2m > [22m[2mConversation With Recorded Takes
[22m[39m[MOCK CourseVectorStore] Initialized with mock data
[90mstdout[2m | src/components/RecordingStudio3Modal.stories.jsx[2m > [22m[2mConversation With Recorded Takes
[22m[39m[MOCK CourseVectorStore] Initialized with mock data
[90mstdout[2m | src/components/RecordingStudio3Modal.stories.jsx[2m > [22m[2mConversation With Recorded Takes
[22m[39m[i18next] Missing key: components:common.close for [
  "en",
]
[90mstdout[2m | src/components/RecordingStudio3Modal.stories.jsx[2m > [22m[2mConversation With Recorded Takes
[22m[39m[useTranslationWithCapture] t() called: {
  "key": "common.close",
  "mode": "off",
  "namespace": "components",
  "value": "common.close",
}
[90mstdout[2m | src/components/RecordingStudio3Modal.stories.jsx[2m > [22m[2mConversation With Recorded Takes
[22m[39m[i18next] Missing key: components:recordingStudio3Modal.done for [
  "en",
]
[90mstdout[2m | src/components/RecordingStudio3Modal.stories.jsx[2m > [22m[2mConversation With Recorded Takes
[22m[39m[useTranslationWithCapture] t() called: {
  "key": "recordingStudio3Modal.done",
  "mode": "off",
  "namespace": "components",
  "value": "recordingStudio3Modal.done",
}
[90mstdout[2m | src/components/RecordingStudio3Modal.stories.jsx[2m > [22m[2mConversation With Recorded Takes
[22m[39m[FilesContext] Vector store population triggered {
  "currentVectorStoreSize": 3,
  "documentsCount": 0,
  "filesCount": 6,
  "isInitialLoad": true,
}
[90mstdout[2m | src/components/RecordingStudio3Modal.stories.jsx[2m > [22m[2mConversation With Recorded Takes
[22m[39m[FilesContext] Vector store population complete - 3 total embeddings
[90mstdout[2m | src/components/RecordingStudio3Modal.stories.jsx[2m > [22m[2mConversation With Recorded Takes
[22m[39m[i18next] Missing key: components:common.close for [
  "en",
]
[90mstdout[2m | src/components/RecordingStudio3Modal.stories.jsx[2m > [22m[2mConversation With Recorded Takes
[22m[39m[useTranslationWithCapture] t() called: {
  "key": "common.close",
  "mode": "off",
  "namespace": "components",
  "value": "common.close",
}
[90mstdout[2m | src/components/RecordingStudio3Modal.stories.jsx[2m > [22m[2mConversation With Recorded Takes
[22m[39m[i18next] Missing key: components:recordingStudio3Modal.done for [
  "en",
]
[90mstdout[2m | src/components/RecordingStudio3Modal.stories.jsx[2m > [22m[2mConversation With Recorded Takes
[22m[39m[useTranslationWithCapture] t() called: {
  "key": "recordingStudio3Modal.done",
  "mode": "off",
  "namespace": "components",
  "value": "recordingStudio3Modal.done",
}
[90mstdout[2m | src/components/RecordingStudio3Modal.stories.jsx[2m > [22m[2mConversation With Recorded Takes
[22m[39m[useTranslationWithCapture] t() called: {
  "key": "recordingStudio3.importJson",
  "mode": "off",
  "namespace": "components",
  "value": "Import JSON",
}
[90mstdout[2m | src/components/RecordingStudio3Modal.stories.jsx[2m > [22m[2mConversation With Recorded Takes
[22m[39m[useTranslationWithCapture] t() called: {
  "key": "recordingStudio3.exportJson",
  "mode": "off",
  "namespace": "components",
  "value": "Export JSON",
}
[90mstdout[2m | src/components/RecordingStudio3Modal.stories.jsx[2m > [22m[2mConversation With Recorded Takes
[22m[39m[useTranslationWithCapture] t() called: {
  "key": "recordingStudio3.script",
  "mode": "off",
  "namespace": "components",
  "value": "Script",
}
[90mstdout[2m | src/components/RecordingStudio3Modal.stories.jsx[2m > [22m[2mConversation With Recorded Takes
[22m[39m[useTranslationWithCapture] t() called: {
  "key": "recordingStudio3.addLine",
  "mode": "off",
  "namespace": "components",
  "value": "Add Line",
}
[90mstdout[2m | src/components/RecordingStudio3Modal.stories.jsx[2m > [22m[2mConversation With Recorded Takes
[22m[39m[useTranslationWithCapture] t() called: {
  "key": "recordingStudio3.timeline",
  "mode": "off",
  "namespace": "components",
  "value": "Timeline",
}
[90mstdout[2m | src/components/RecordingStudio3Modal.stories.jsx[2m > [22m[2mConversation With Recorded Takes
[22m[39m[useTranslationWithCapture] t() called: {
  "key": "recordingStudio3.speakers",
  "mode": "off",
  "namespace": "components",
  "value": "Speakers",
}
[90mstdout[2m | src/components/RecordingStudio3Modal.stories.jsx[2m > [22m[2mConversation With Recorded Takes
[22m[39m[useTranslationWithCapture] t() called: {
  "key": "recordingStudio3.add",
  "mode": "off",
  "namespace": "components",
  "value": "Add",
}
[90mstdout[2m | src/components/RecordingStudio3Modal.stories.jsx[2m > [22m[2mConversation With Recorded Takes
[22m[39m[useTranslationWithCapture] t() called: {
  "key": "recordingStudio3.voice",
  "mode": "off",
  "namespace": "components",
  "value": "Voice",
}
[90mstdout[2m | src/components/RecordingStudio3Modal.stories.jsx[2m > [22m[2mConversation With Recorded Takes
[22m[39m[useTranslationWithCapture] t() called: {
  "key": "recordingStudio3.voice",
  "mode": "off",
  "namespace": "components",
  "value": "Voice",
}
[90mstdout[2m | src/components/RecordingStudio3Modal.stories.jsx[2m > [22m[2mConversation With Recorded Takes
[22m[39m[useTranslationWithCapture] t() called: {
  "key": "recordingStudio3.voice",
  "mode": "off",
  "namespace": "components",
  "value": "Voice",
}
[90mstdout[2m | src/components/RecordingStudio3Modal.stories.jsx[2m > [22m[2mConversation With Recorded Takes
[22m[39m[useTranslationWithCapture] t() called: {
  "key": "recordingStudio3.voice",
  "mode": "off",
  "namespace": "components",
  "value": "Voice",
}
[90mstdout[2m | src/components/RecordingStudio3Modal.stories.jsx[2m > [22m[2mConversation With Recorded Takes
[22m[39m[useTranslationWithCapture] t() called: {
  "key": "recordingStudio3.generateAllMissing",
  "mode": "off",
  "namespace": "components",
  "value": "Generate All Missing TTS",
}
[90mstderr[2m | src/components/RecordingStudio3Modal.stories.jsx[2m > [22m[2mConversation With Recorded Takes
[22m[39m🔊 WAVEFORM DEBUG: {
  "barWidth": 1.6666666666666667,
  "dataLength": 120,
  "firstValues": [
    0.6114234022819648,
    0.8535110470732772,
    0.8536947840955911,
    0.8048890950165601,
    0.5482479702934403,
  ],
  "height": 40,
  "maxValue": 0.8697234147887362,
  "minValue": 0.11281400370362604,
  "note": "✅ Good variance",
  "range": 0.7569094110851101,
  "width": 200,
}
[90mstdout[2m | src/components/RecordingStudio3Modal.stories.jsx[2m > [22m[2mConversation With Recorded Takes
[22m[39m[ChatContext] AssistantChat query update: 1 items (synced)
[90mstdout[2m | src/components/RecordingStudio3Modal.stories.jsx[2m > [22m[2mConversation With Recorded Takes
[22m[39m[ChatContext] First item details: {
  "id": "mock-assistant-chat-1",
  "updatedAt": "2024-01-26T10:15:00.000Z",
}
[90mstdout[2m | src/components/RecordingStudio3Modal.stories.jsx[2m > [22m[2mConversation With Recorded Takes
[22m[39m[ChatContext] AssistantChat subscription initialized
[90mstdout[2m | src/components/RecordingStudio3Modal.stories.jsx[2m > [22m[2mConversation With Recorded Takes
[22m[39m[ChatContext] AssistantChat list updated: 1 chats
[90mstdout[2m | src/components/RecordingStudio3Modal.stories.jsx[2m > [22m[2mConversation With Recorded Takes
[22m[39m[Mock Data] Settings.create() called with: {
  "assistantVoice": "shimmer",
  "autoAnalyzeDocuments": true,
  "defaultAIModel": "gpt-4",
  "documentAnalysisModel": "gpt-4",
  "editorFontSize": 14,
  "editorTheme": "auto",
  "emailNotifications": true,
  "language": "en",
  "webhookNotifications": false,
}
[90mstdout[2m | src/components/RecordingStudio3Modal.stories.jsx[2m > [22m[2mConversation With Recorded Takes
[22m[39m[Mock Data] Settings created: mock-settings-1776336993218 - notified 1 subscribers
[90mstdout[2m | src/components/RecordingStudio3Modal.stories.jsx[2m > [22m[2mConversation With Recorded Takes
[22m[39m[ChatContext] Setting initial chat: mock-assistant-chat-1
[90mstdout[2m | src/components/RecordingStudio3Modal.stories.jsx[2m > [22m[2mConversation With Recorded Takes
[22m[39m[ChatContext] Chat exists and not archived, skipping creation
[90mstdout[2m | src/components/RecordingStudio3Modal.stories.jsx[2m > [22m[2mClosed
[22m[39m[Mock Data] Settings subscription unsubscribed. Remaining: 0
[90mstdout[2m | src/components/RecordingStudio3Modal.stories.jsx[2m > [22m[2mClosed
[22m[39m[ChatContext] Cleaning up subscription
[90mstdout[2m | src/components/RecordingStudio3Modal.stories.jsx[2m > [22m[2mClosed
[22m[39m[Mock Data] AssistantChat subscription unsubscribed. Remaining: 0
[90mstdout[2m | src/components/RecordingStudio3Modal.stories.jsx[2m > [22m[2mClosed
[22m[39m[Mock Data] File subscription unsubscribed. Remaining: 0
[90mstdout[2m | src/components/RecordingStudio3Modal.stories.jsx[2m > [22m[2mClosed
[22m[39m[Mock Data] Document subscription unsubscribed. Remaining: 0
[90mstdout[2m | src/components/RecordingStudio3Modal.stories.jsx[2m > [22m[2mClosed
[22m[39m[Mock Data] Word subscription unsubscribed. Remaining: 0
[90mstdout[2m | src/components/RecordingStudio3Modal.stories.jsx[2m > [22m[2mClosed
[22m[39m[Mock Data] Question subscription unsubscribed. Remaining: 0
[90mstdout[2m | src/components/RecordingStudio3Modal.stories.jsx[2m > [22m[2mClosed
[22m[39m[Mock Data] Grade subscription unsubscribed. Remaining: 0
[90mstdout[2m | src/components/RecordingStudio3Modal.stories.jsx[2m > [22m[2mClosed
[22m[39m[Mock Data] Unit subscription unsubscribed. Remaining: 0
[90mstdout[2m | src/components/RecordingStudio3Modal.stories.jsx[2m > [22m[2mClosed
[22m[39m[SectionContext] Cleaning up subscriptions
[90mstdout[2m | src/components/RecordingStudio3Modal.stories.jsx[2m > [22m[2mClosed
[22m[39m[Mock Data] Section.onCreate() subscription removed. Remaining: 0
[90mstdout[2m | src/components/RecordingStudio3Modal.stories.jsx[2m > [22m[2mClosed
[22m[39m[Mock Data] Section.onUpdate() subscription removed. Remaining: 0
[90mstdout[2m | src/components/RecordingStudio3Modal.stories.jsx[2m > [22m[2mClosed
[22m[39m[Mock Data] Section.onDelete() subscription removed. Remaining: 0
[90mstdout[2m | src/components/RecordingStudio3Modal.stories.jsx[2m > [22m[2mClosed
[22m[39m[Mock Data] Assignment.onCreate() subscription removed. Remaining: 0
[90mstdout[2m | src/components/RecordingStudio3Modal.stories.jsx[2m > [22m[2mClosed
[22m[39m[Mock Data] Assignment.onUpdate() subscription removed. Remaining: 0
[90mstdout[2m | src/components/RecordingStudio3Modal.stories.jsx[2m > [22m[2mClosed
[22m[39m[Mock Data] Assignment.onDelete() subscription removed. Remaining: 0
[90mstdout[2m | src/components/RecordingStudio3Modal.stories.jsx[2m > [22m[2mClosed
[22m[39m[Mock Data] Clearing all data stores
[90mstdout[2m | src/components/RecordingStudio3Modal.stories.jsx[2m > [22m[2mClosed
[22m[39m[Mock Data] All data stores cleared
[90mstdout[2m | src/components/RecordingStudio3Modal.stories.jsx[2m > [22m[2mClosed
[22m[39m[Preview] Cleared mock data for story
[90mstdout[2m | src/components/RecordingStudio3Modal.stories.jsx[2m > [22m[2mClosed
[22m[39m[Mock Data Gen 2] Initializing mock data
[90mstdout[2m | src/components/RecordingStudio3Modal.stories.jsx[2m > [22m[2mClosed
[22m[39m[Mock Data] seedMockAssistantChats: Replacing with 1 assistant chats
[90mstdout[2m | src/components/RecordingStudio3Modal.stories.jsx[2m > [22m[2mClosed
[22m[39m[Mock Data Gen 2] Seeded AssistantChat: mock-assistant-chat-1
[90mstdout[2m | src/components/RecordingStudio3Modal.stories.jsx[2m > [22m[2mClosed
[22m[39m[Mock Data] seedMockFiles: Adding 6 files
[90mstdout[2m | src/components/RecordingStudio3Modal.stories.jsx[2m > [22m[2mClosed
[22m[39m[Mock Data Gen 2] Seeded Files: 6
[90mstdout[2m | src/components/RecordingStudio3Modal.stories.jsx[2m > [22m[2mClosed
[22m[39m[Mock Data Gen 2] Initializing mock data
[90mstdout[2m | src/components/RecordingStudio3Modal.stories.jsx[2m > [22m[2mClosed
[22m[39m[Mock Data] seedMockAssistantChats: Replacing with 1 assistant chats
[90mstdout[2m | src/components/RecordingStudio3Modal.stories.jsx[2m > [22m[2mClosed
[22m[39m[Mock Data Gen 2] Seeded AssistantChat: mock-assistant-chat-1
[90mstdout[2m | src/components/RecordingStudio3Modal.stories.jsx[2m > [22m[2mClosed
[22m[39m[Mock Data] seedMockFiles: Adding 6 files
[90mstdout[2m | src/components/RecordingStudio3Modal.stories.jsx[2m > [22m[2mClosed
[22m[39m[Mock Data Gen 2] Seeded Files: 6
[90mstdout[2m | src/components/RecordingStudio3Modal.stories.jsx[2m > [22m[2mClosed
[22m[39m[Preview] Initialized default mock data for story
[90mstdout[2m | src/components/RecordingStudio3Modal.stories.jsx[2m > [22m[2mClosed
[22m[39m[Mock AuthContext] Providing auth: {
  "error": undefined,
  "isLoading": false,
  "session": {
    "idToken": {
      "toString": [Function toString],
    },
    "identityId": "us-east-1:mock-identity-123",
    "username": "mock-user-sub",
  },
  "user": {
    "attributes": {
      "email": "alice@example.com",
      "name": "Alice Student",
      "sub": "mock-user-sub",
    },
  },
}
[90mstdout[2m | src/components/RecordingStudio3Modal.stories.jsx[2m > [22m[2mClosed
[22m[39m[Mock Data] generateClient() called - returning mock client
[90mstdout[2m | src/components/RecordingStudio3Modal.stories.jsx[2m > [22m[2mClosed
[22m[39m[Mock amplifyClient] getAmplifyClient() called - returning mock client
[90mstdout[2m | src/components/RecordingStudio3Modal.stories.jsx[2m > [22m[2mClosed
[22m[39m[MOCK CourseVectorStore] Initialized with mock data
[90mstdout[2m | src/components/RecordingStudio3Modal.stories.jsx[2m > [22m[2mClosed
[22m[39m[TranslationModeController] Setting mode to: off
[90mstdout[2m | src/components/RecordingStudio3Modal.stories.jsx[2m > [22m[2mClosed
[22m[39m[SectionContext] useEffect triggered {
  "authLoading": false,
  "hasUser": true,
  "userSub": "mock-user-sub",
}
[90mstdout[2m | src/components/RecordingStudio3Modal.stories.jsx[2m > [22m[2mClosed
[22m[39m[SectionContext] Fetching sections for userId: mock-user-sub
[90mstdout[2m | src/components/RecordingStudio3Modal.stories.jsx[2m > [22m[2mClosed
[22m[39m[Mock Data] generateClient() called - returning mock client
[90mstdout[2m | src/components/RecordingStudio3Modal.stories.jsx[2m > [22m[2mClosed
[22m[39m[Mock amplifyClient] getAmplifyClient() called - returning mock client
[90mstdout[2m | src/components/RecordingStudio3Modal.stories.jsx[2m > [22m[2mClosed
[22m[39m[Mock Data] Section.list() called with options: undefined
[90mstdout[2m | src/components/RecordingStudio3Modal.stories.jsx[2m > [22m[2mClosed
[22m[39m[Mock Data] generateClient() called - returning mock client
[90mstdout[2m | src/components/RecordingStudio3Modal.stories.jsx[2m > [22m[2mClosed
[22m[39m[Mock amplifyClient] getAmplifyClient() called - returning mock client
[90mstdout[2m | src/components/RecordingStudio3Modal.stories.jsx[2m > [22m[2mClosed
[22m[39m[Mock Data] Assignment.list() called with options: {
  "filter": {
    "unitID": {
      "eq": "mock-unit-id",
    },
  },
}
[90mstdout[2m | src/components/RecordingStudio3Modal.stories.jsx[2m > [22m[2mClosed
[22m[39m[Mock Data] generateClient() called - returning mock client
[90mstdout[2m | src/components/RecordingStudio3Modal.stories.jsx[2m > [22m[2mClosed
[22m[39m[Mock amplifyClient] getAmplifyClient() called - returning mock client
[90mstdout[2m | src/components/RecordingStudio3Modal.stories.jsx[2m > [22m[2mClosed
[22m[39m[Mock Data] Grade.observeQuery() called with filter: {
  "filter": {
    "unitID": {
      "eq": "mock-unit-id",
    },
  },
}
[90mstdout[2m | src/components/RecordingStudio3Modal.stories.jsx[2m > [22m[2mClosed
[22m[39m[Mock Data] Grade.observeQuery() applying filter: {
  "unitID": {
    "eq": "mock-unit-id",
  },
}
[90mstdout[2m | src/components/RecordingStudio3Modal.stories.jsx[2m > [22m[2mClosed
[22m[39m[Mock Data] Grade.observeQuery() items before filter: 0
[90mstdout[2m | src/components/RecordingStudio3Modal.stories.jsx[2m > [22m[2mClosed
[22m[39m[Mock Data] Grade.observeQuery() items after filter: 0
[90mstdout[2m | src/components/RecordingStudio3Modal.stories.jsx[2m > [22m[2mClosed
[22m[39m[Mock Data] Grade.observeQuery() returning 0 items (filter applied) {
  "filter": {
    "unitID": {
      "eq": "mock-unit-id",
    },
  },
}
[90mstdout[2m | src/components/RecordingStudio3Modal.stories.jsx[2m > [22m[2mClosed
[22m[39m[Mock Data] Grade subscription added. Total subscriptions: 1
[90mstdout[2m | src/components/RecordingStudio3Modal.stories.jsx[2m > [22m[2mClosed
[22m[39m[UnitContext] useEffect triggered {
  "authLoading": false,
  "hasUser": true,
  "id": "mock-unit-id",
  "userSub": "mock-user-sub",
}
[90mstdout[2m | src/components/RecordingStudio3Modal.stories.jsx[2m > [22m[2mClosed
[22m[39m[UnitContext] Fetching unit data for id: mock-unit-id
[90mstdout[2m | src/components/RecordingStudio3Modal.stories.jsx[2m > [22m[2mClosed
[22m[39m[Mock Data] generateClient() called - returning mock client
[90mstdout[2m | src/components/RecordingStudio3Modal.stories.jsx[2m > [22m[2mClosed
[22m[39m[Mock amplifyClient] getAmplifyClient() called - returning mock client
[90mstdout[2m | src/components/RecordingStudio3Modal.stories.jsx[2m > [22m[2mClosed
[22m[39m[Mock Data] Unit.observeQuery() called with filter: {
  "filter": {
    "id": {
      "eq": "mock-unit-id",
    },
  },
}
[90mstdout[2m | src/components/RecordingStudio3Modal.stories.jsx[2m > [22m[2mClosed
[22m[39m[Mock Data] Unit.observeQuery() applying filter: {
  "id": {
    "eq": "mock-unit-id",
  },
}
[90mstdout[2m | src/components/RecordingStudio3Modal.stories.jsx[2m > [22m[2mClosed
[22m[39m[Mock Data] Unit.observeQuery() items before filter: 0
[90mstdout[2m | src/components/RecordingStudio3Modal.stories.jsx[2m > [22m[2mClosed
[22m[39m[Mock Data] Unit.observeQuery() items after filter: 0
[90mstdout[2m | src/components/RecordingStudio3Modal.stories.jsx[2m > [22m[2mClosed
[22m[39m[Mock Data] Unit.observeQuery() returning 0 items (filter applied) {
  "filter": {
    "id": {
      "eq": "mock-unit-id",
    },
  },
}
[90mstdout[2m | src/components/RecordingStudio3Modal.stories.jsx[2m > [22m[2mClosed
[22m[39m[Mock Data] Unit subscription added. Total subscriptions: 1
[90mstdout[2m | src/components/RecordingStudio3Modal.stories.jsx[2m > [22m[2mClosed
[22m[39m[Mock Data] generateClient() called - returning mock client
[90mstdout[2m | src/components/RecordingStudio3Modal.stories.jsx[2m > [22m[2mClosed
[22m[39m[Mock amplifyClient] getAmplifyClient() called - returning mock client
[90mstdout[2m | src/components/RecordingStudio3Modal.stories.jsx[2m > [22m[2mClosed
[22m[39m[Mock Data] Word.observeQuery() called with filter: undefined
[90mstdout[2m | src/components/RecordingStudio3Modal.stories.jsx[2m > [22m[2mClosed
[22m[39m[Mock Data] Word.observeQuery() returning 0 items (filter applied) undefined
[90mstdout[2m | src/components/RecordingStudio3Modal.stories.jsx[2m > [22m[2mClosed
[22m[39m[Mock Data] Word subscription added. Total subscriptions: 1
[90mstdout[2m | src/components/RecordingStudio3Modal.stories.jsx[2m > [22m[2mClosed
[22m[39m[Mock Data] generateClient() called - returning mock client
[90mstdout[2m | src/components/RecordingStudio3Modal.stories.jsx[2m > [22m[2mClosed
[22m[39m[Mock amplifyClient] getAmplifyClient() called - returning mock client
[90mstdout[2m | src/components/RecordingStudio3Modal.stories.jsx[2m > [22m[2mClosed
[22m[39m[Mock Data] Question.observeQuery() called with filter: undefined
[90mstdout[2m | src/components/RecordingStudio3Modal.stories.jsx[2m > [22m[2mClosed
[22m[39m[Mock Data] Question.observeQuery() returning 0 items (filter applied) undefined
[90mstdout[2m | src/components/RecordingStudio3Modal.stories.jsx[2m > [22m[2mClosed
[22m[39m[Mock Data] Question subscription added. Total subscriptions: 1
[90mstdout[2m | src/components/RecordingStudio3Modal.stories.jsx[2m > [22m[2mClosed
[22m[39m[FilesContext] Initializing vector store from IndexedDB
[90mstdout[2m | src/components/RecordingStudio3Modal.stories.jsx[2m > [22m[2mClosed
[22m[39m[FilesContext] fetchFiles called
[90mstdout[2m | src/components/RecordingStudio3Modal.stories.jsx[2m > [22m[2mClosed
[22m[39m[FilesContext] User authenticated: mock-user-sub
[90mstdout[2m | src/components/RecordingStudio3Modal.stories.jsx[2m > [22m[2mClosed
[22m[39m[FilesContext] Identity ID: us-east-1:mock-identity-123
[90mstdout[2m | src/components/RecordingStudio3Modal.stories.jsx[2m > [22m[2mClosed
[22m[39m[FilesContext] About to subscribe to File model
[90mstdout[2m | src/components/RecordingStudio3Modal.stories.jsx[2m > [22m[2mClosed
[22m[39m[Mock Data] generateClient() called - returning mock client
[90mstdout[2m | src/components/RecordingStudio3Modal.stories.jsx[2m > [22m[2mClosed
[22m[39m[Mock amplifyClient] getAmplifyClient() called - returning mock client
[90mstdout[2m | src/components/RecordingStudio3Modal.stories.jsx[2m > [22m[2mClosed
[22m[39m[Mock Data] File.observeQuery() called with filter: undefined
[90mstdout[2m | src/components/RecordingStudio3Modal.stories.jsx[2m > [22m[2mClosed
[22m[39m[Mock Data] File.observeQuery() returning 6 items (filter applied) undefined
[90mstdout[2m | src/components/RecordingStudio3Modal.stories.jsx[2m > [22m[2mClosed
[22m[39m[Mock Data] File subscription added. Total subscriptions: 1
[90mstdout[2m | src/components/RecordingStudio3Modal.stories.jsx[2m > [22m[2mClosed
[22m[39m[Mock Data] generateClient() called - returning mock client
[90mstdout[2m | src/components/RecordingStudio3Modal.stories.jsx[2m > [22m[2mClosed
[22m[39m[Mock amplifyClient] getAmplifyClient() called - returning mock client
[90mstdout[2m | src/components/RecordingStudio3Modal.stories.jsx[2m > [22m[2mClosed
[22m[39m[Mock Data] Document.observeQuery() called with filter: undefined
[90mstdout[2m | src/components/RecordingStudio3Modal.stories.jsx[2m > [22m[2mClosed
[22m[39m[Mock Data] Document.observeQuery() returning 0 items (filter applied) undefined
[90mstdout[2m | src/components/RecordingStudio3Modal.stories.jsx[2m > [22m[2mClosed
[22m[39m[Mock Data] Document subscription added. Total subscriptions: 1
[90mstdout[2m | src/components/RecordingStudio3Modal.stories.jsx[2m > [22m[2mClosed
[22m[39m[ChatContext] Setting up observeQuery for AssistantChat
[90mstdout[2m | src/components/RecordingStudio3Modal.stories.jsx[2m > [22m[2mClosed
[22m[39m[Mock Data] AssistantChat.observeQuery() called with filter: {
  "sortDirection": "DESC",
  "sortField": "createdAt",
}
[90mstdout[2m | src/components/RecordingStudio3Modal.stories.jsx[2m > [22m[2mClosed
[22m[39m[Mock Data] AssistantChat.observeQuery() returning 1 items (filter applied) {
  "sortDirection": "DESC",
  "sortField": "createdAt",
}
[90mstdout[2m | src/components/RecordingStudio3Modal.stories.jsx[2m > [22m[2mClosed
[22m[39m[Mock Data] AssistantChat subscription added. Total subscriptions: 1
[90mstdout[2m | src/components/RecordingStudio3Modal.stories.jsx[2m > [22m[2mClosed
[22m[39m[ChatContext] Waiting for subscription to initialize
[90mstdout[2m | src/components/RecordingStudio3Modal.stories.jsx[2m > [22m[2mClosed
[22m[39m[SettingsContext] Setting up Settings subscription for user: mock-user-sub
[90mstdout[2m | src/components/RecordingStudio3Modal.stories.jsx[2m > [22m[2mClosed
[22m[39m[Mock Data] generateClient() called - returning mock client
[90mstdout[2m | src/components/RecordingStudio3Modal.stories.jsx[2m > [22m[2mClosed
[22m[39m[Mock amplifyClient] getAmplifyClient() called - returning mock client
[90mstdout[2m | src/components/RecordingStudio3Modal.stories.jsx[2m > [22m[2mClosed
[22m[39m[Mock Data] Settings.observeQuery() called with filter: undefined
[90mstdout[2m | src/components/RecordingStudio3Modal.stories.jsx[2m > [22m[2mClosed
[22m[39m[Mock Data] Settings.observeQuery() returning 0 items (filter applied) undefined
[90mstdout[2m | src/components/RecordingStudio3Modal.stories.jsx[2m > [22m[2mClosed
[22m[39m[Mock Data] Settings subscription added. Total subscriptions: 1
[90mstdout[2m | src/components/RecordingStudio3Modal.stories.jsx[2m > [22m[2mClosed
[22m[39m[SectionContext] Initial sections: 0 []
[90mstdout[2m | src/components/RecordingStudio3Modal.stories.jsx[2m > [22m[2mClosed
[22m[39m[Mock Data] Section.onCreate() called with filter: undefined
[90mstdout[2m | src/components/RecordingStudio3Modal.stories.jsx[2m > [22m[2mClosed
[22m[39m[Mock Data] Section.onCreate() subscription added. Total: 1
[90mstdout[2m | src/components/RecordingStudio3Modal.stories.jsx[2m > [22m[2mClosed
[22m[39m[Mock Data] Section.onUpdate() called with filter: undefined
[90mstdout[2m | src/components/RecordingStudio3Modal.stories.jsx[2m > [22m[2mClosed
[22m[39m[Mock Data] Section.onUpdate() subscription added. Total: 1
[90mstdout[2m | src/components/RecordingStudio3Modal.stories.jsx[2m > [22m[2mClosed
[22m[39m[Mock Data] Section.onDelete() called with filter: undefined
[90mstdout[2m | src/components/RecordingStudio3Modal.stories.jsx[2m > [22m[2mClosed
[22m[39m[Mock Data] Section.onDelete() subscription added. Total: 1
[90mstdout[2m | src/components/RecordingStudio3Modal.stories.jsx[2m > [22m[2mClosed
[22m[39m[Mock Data] Assignment.onCreate() called with filter: {
  "filter": {
    "unitID": {
      "eq": "mock-unit-id",
    },
  },
}
[90mstdout[2m | src/components/RecordingStudio3Modal.stories.jsx[2m > [22m[2mClosed
[22m[39m[Mock Data] Assignment.onCreate() subscription added. Total: 1
[90mstdout[2m | src/components/RecordingStudio3Modal.stories.jsx[2m > [22m[2mClosed
[22m[39m[Mock Data] Assignment.onUpdate() called with filter: {
  "filter": {
    "unitID": {
      "eq": "mock-unit-id",
    },
  },
}
[90mstdout[2m | src/components/RecordingStudio3Modal.stories.jsx[2m > [22m[2mClosed
[22m[39m[Mock Data] Assignment.onUpdate() subscription added. Total: 1
[90mstdout[2m | src/components/RecordingStudio3Modal.stories.jsx[2m > [22m[2mClosed
[22m[39m[Mock Data] Assignment.onDelete() called with filter: {
  "filter": {
    "unitID": {
      "eq": "mock-unit-id",
    },
  },
}
[90mstdout[2m | src/components/RecordingStudio3Modal.stories.jsx[2m > [22m[2mClosed
[22m[39m[Mock Data] Assignment.onDelete() subscription added. Total: 1
[90mstdout[2m | src/components/RecordingStudio3Modal.stories.jsx[2m > [22m[2mClosed
[22m[39m[FilesContext] File observeQuery subscription triggered:
[90mstdout[2m | src/components/RecordingStudio3Modal.stories.jsx[2m > [22m[2mClosed
[22m[39m  - items.length: 6
[90mstdout[2m | src/components/RecordingStudio3Modal.stories.jsx[2m > [22m[2mClosed
[22m[39m  - isSynced: true
[90mstdout[2m | src/components/RecordingStudio3Modal.stories.jsx[2m > [22m[2mClosed
[22m[39m  - items: [
  {
    "_deleted": null,
    "_lastChangedAt": 1767711773285,
    "_version": 1,
    "byHex": null,
    "createdAt": "2026-01-06T15:02:53.253Z",
    "description": "Japanese language textbook - Chapter 1",
    "document": Promise {},
    "documentID": "e01017e1-fe7a-4521-b71c-09ec31b18639",
    "duration": null,
    "embedding": null,
    "generated": null,
    "hex": null,
    "id": "a57d7833-5fa7-4cb7-8b7a-ce7c6e10e551",
    "identityId": "us-east-1:b0eadde9-f02c-c71b-17a6-22ffd37d89c8",
    "key": "files/Japanese Wind 1.pdf",
    "level": "protected",
    "mimeType": "application/pdf",
    "model": null,
    "name": "Japanese Wind 1.pdf",
    "owner": "64d81418-7021-701d-9fed-a4c2e0735711",
    "parsedContent": [Function anonymous],
    "parsedContentID": null,
    "path": "files/Japanese Wind 1.pdf",
    "prompt": null,
    "size": 4706654,
    "thumbnail": null,
    "type": "pdf",
    "updatedAt": "2026-01-06T15:02:53.253Z",
    "variant": null,
    "waveformData": null,
  },
  {
    "_version": 2,
    "createdAt": "2026-01-15T10:00:00.000Z",
    "description": "Sample report with vocabulary",
    "document": Promise {},
    "documentID": "cd824b5b-2c66-41f8-8571-aa6794ff590c",
    "generated": false,
    "id": "mock-pdf-file-2",
    "identityId": "us-east-1:mock-identity",
    "key": "files/report.pdf",
    "level": "protected",
    "mimeType": "application/pdf",
    "name": "report.pdf",
    "owner": "mock-user-id",
    "parsedContent": [Function anonymous],
    "path": "files/report.pdf",
    "size": 123456,
    "type": "pdf",
    "updatedAt": "2026-01-15T10:30:00.000Z",
  },
  {
    "_version": 3,
    "createdAt": "2026-01-14T08:00:00.000Z",
    "description": "Vocabulary lesson PDF with extracted content",
    "document": Promise {},
    "documentID": "mock-document-3",
    "generated": false,
    "id": "mock-pdf-file-3",
    "identityId": "us-east-1:mock-identity",
    "key": "files/vocabulary-lesson.pdf",
    "level": "public",
    "mimeType": "application/pdf",
    "name": "vocabulary-lesson.pdf",
    "owner": "mock-user-id",
    "parsedContent": [Function anonymous],
    "path": "files/vocabulary-lesson.pdf",
    "size": 567890,
    "type": "pdf",
    "updatedAt": "2026-01-14T08:45:00.000Z",
  },
  {
    "_version": 1,
    "createdAt": "2026-01-20T10:00:00.000Z",
    "description": "Sample pronunciation audio",
    "documentID": null,
    "duration": 3.5,
    "generated": true,
    "id": "mock-audio-file-1",
    "identityId": "us-east-1:mock-identity",
    "key": "audio/pronunciation-demo.mp3",
    "level": "public",
    "mimeType": "audio/mpeg",
    "name": "pronunciation-demo.mp3",
    "owner": "mock-user-id",
    "parsedContent": [Function anonymous],
    "path": "/story-mocks/cinematic-designed-sci-fi-whoosh-transition-nexawave-228295.mp3",
    "size": 56789,
    "type": "audio",
    "updatedAt": "2026-01-20T10:00:00.000Z",
    "waveformData": null,
  },
  {
    "_version": 1,
    "createdAt": "2026-01-19T14:30:00.000Z",
    "description": "Lesson introduction audio",
    "documentID": null,
    "duration": 5.2,
    "generated": false,
    "id": "mock-audio-file-2",
    "identityId": "us-east-1:mock-identity",
    "key": "audio/lesson-intro.mp3",
    "level": "public",
    "mimeType": "audio/mpeg",
    "name": "lesson-intro.mp3",
    "owner": "mock-user-id",
    "parsedContent": [Function anonymous],
    "path": "/story-mocks/descent-whoosh-long-cinematic-sound-effect-405921.mp3",
    "size": 87654,
    "type": "audio",
    "updatedAt": "2026-01-19T14:30:00.000Z",
    "waveformData": null,
  },
  {
    "_version": 1,
    "createdAt": "2026-01-18T09:15:00.000Z",
    "description": "Hiragana character chart",
    "documentID": null,
    "generated": false,
    "id": "mock-image-file-1",
    "identityId": "us-east-1:mock-identity",
    "key": "images/hiragana-chart.png",
    "level": "public",
    "mimeType": "image/png",
    "name": "hiragana-chart.png",
    "owner": "mock-user-id",
    "parsedContent": [Function anonymous],
    "path": "images/hiragana-chart.png",
    "size": 234567,
    "thumbnail": "thumbnails/hiragana-chart-thumb.png",
    "type": "image",
    "updatedAt": "2026-01-18T09:15:00.000Z",
  },
]
[90mstdout[2m | src/components/RecordingStudio3Modal.stories.jsx[2m > [22m[2mClosed
[22m[39m[ChatContext] AssistantChat query update: 1 items (synced)
[90mstdout[2m | src/components/RecordingStudio3Modal.stories.jsx[2m > [22m[2mClosed
[22m[39m[ChatContext] First item details: {
  "id": "mock-assistant-chat-1",
  "updatedAt": "2024-01-26T10:15:00.000Z",
}
[90mstdout[2m | src/components/RecordingStudio3Modal.stories.jsx[2m > [22m[2mClosed
[22m[39m[ChatContext] AssistantChat subscription initialized
[90mstdout[2m | src/components/RecordingStudio3Modal.stories.jsx[2m > [22m[2mClosed
[22m[39m[ChatContext] AssistantChat list updated: 1 chats
[90mstdout[2m | src/components/RecordingStudio3Modal.stories.jsx[2m > [22m[2mClosed
[22m[39m[ChatContext] Setting initial chat: mock-assistant-chat-1
[90mstdout[2m | src/components/RecordingStudio3Modal.stories.jsx[2m > [22m[2mClosed
[22m[39m[FilesContext] Files count changed: 0 → 6
[90mstdout[2m | src/components/RecordingStudio3Modal.stories.jsx[2m > [22m[2mClosed
[22m[39m[MOCK CourseVectorStore] Initialized with mock data
[90mstdout[2m | src/components/RecordingStudio3Modal.stories.jsx[2m > [22m[2mClosed
[22m[39m[MOCK CourseVectorStore] Initialized with mock data
[90mstdout[2m | src/components/RecordingStudio3Modal.stories.jsx[2m > [22m[2mClosed
[22m[39m[i18next] Missing key: components:common.close for [
  "en",
]
[90mstdout[2m | src/components/RecordingStudio3Modal.stories.jsx[2m > [22m[2mClosed
[22m[39m[useTranslationWithCapture] t() called: {
  "key": "common.close",
  "mode": "off",
  "namespace": "components",
  "value": "common.close",
}
[90mstdout[2m | src/components/RecordingStudio3Modal.stories.jsx[2m > [22m[2mClosed
[22m[39m[i18next] Missing key: components:recordingStudio3Modal.done for [
  "en",
]
[90mstdout[2m | src/components/RecordingStudio3Modal.stories.jsx[2m > [22m[2mClosed
[22m[39m[useTranslationWithCapture] t() called: {
  "key": "recordingStudio3Modal.done",
  "mode": "off",
  "namespace": "components",
  "value": "recordingStudio3Modal.done",
}
[90mstdout[2m | src/components/RecordingStudio3Modal.stories.jsx[2m > [22m[2mClosed
[22m[39m[Mock Data] Settings.create() called with: {
  "assistantVoice": "shimmer",
  "autoAnalyzeDocuments": true,
  "defaultAIModel": "gpt-4",
  "documentAnalysisModel": "gpt-4",
  "editorFontSize": 14,
  "editorTheme": "auto",
  "emailNotifications": true,
  "language": "en",
  "webhookNotifications": false,
}
[90mstdout[2m | src/components/RecordingStudio3Modal.stories.jsx[2m > [22m[2mClosed
[22m[39m[Mock Data] Settings created: mock-settings-1776336993502 - notified 1 subscribers
[90mstdout[2m | src/components/RecordingStudio3Modal.stories.jsx[2m > [22m[2mClosed
[22m[39m[FilesContext] Vector store population triggered {
  "currentVectorStoreSize": 3,
  "documentsCount": 0,
  "filesCount": 6,
  "isInitialLoad": true,
}
[90mstdout[2m | src/components/RecordingStudio3Modal.stories.jsx[2m > [22m[2mClosed
[22m[39m[FilesContext] Vector store population complete - 3 total embeddings
[90mstdout[2m | src/components/RecordingStudio3Modal.stories.jsx[2m > [22m[2mClosed
[22m[39m[ChatContext] Chat exists and not archived, skipping creation
[90mstdout[2m | src/components/RecordingStudio3Modal.stories.jsx[2m > [22m[2mInteractive
[22m[39m[Mock Data] Settings subscription unsubscribed. Remaining: 0
[90mstdout[2m | src/components/RecordingStudio3Modal.stories.jsx[2m > [22m[2mInteractive
[22m[39m[ChatContext] Cleaning up subscription
[90mstdout[2m | src/components/RecordingStudio3Modal.stories.jsx[2m > [22m[2mInteractive
[22m[39m[Mock Data] AssistantChat subscription unsubscribed. Remaining: 0
[90mstdout[2m | src/components/RecordingStudio3Modal.stories.jsx[2m > [22m[2mInteractive
[22m[39m[Mock Data] File subscription unsubscribed. Remaining: 0
[90mstdout[2m | src/components/RecordingStudio3Modal.stories.jsx[2m > [22m[2mInteractive
[22m[39m[Mock Data] Document subscription unsubscribed. Remaining: 0
[90mstdout[2m | src/components/RecordingStudio3Modal.stories.jsx[2m > [22m[2mInteractive
[22m[39m[Mock Data] Word subscription unsubscribed. Remaining: 0
[90mstdout[2m | src/components/RecordingStudio3Modal.stories.jsx[2m > [22m[2mInteractive
[22m[39m[Mock Data] Question subscription unsubscribed. Remaining: 0
[90mstdout[2m | src/components/RecordingStudio3Modal.stories.jsx[2m > [22m[2mInteractive
[22m[39m[Mock Data] Grade subscription unsubscribed. Remaining: 0
[90mstdout[2m | src/components/RecordingStudio3Modal.stories.jsx[2m > [22m[2mInteractive
[22m[39m[Mock Data] Unit subscription unsubscribed. Remaining: 0
[90mstdout[2m | src/components/RecordingStudio3Modal.stories.jsx[2m > [22m[2mInteractive
[22m[39m[SectionContext] Cleaning up subscriptions
[90mstdout[2m | src/components/RecordingStudio3Modal.stories.jsx[2m > [22m[2mInteractive
[22m[39m[Mock Data] Section.onCreate() subscription removed. Remaining: 0
[90mstdout[2m | src/components/RecordingStudio3Modal.stories.jsx[2m > [22m[2mInteractive
[22m[39m[Mock Data] Section.onUpdate() subscription removed. Remaining: 0
[90mstdout[2m | src/components/RecordingStudio3Modal.stories.jsx[2m > [22m[2mInteractive
[22m[39m[Mock Data] Section.onDelete() subscription removed. Remaining: 0
[90mstdout[2m | src/components/RecordingStudio3Modal.stories.jsx[2m > [22m[2mInteractive
[22m[39m[Mock Data] Assignment.onCreate() subscription removed. Remaining: 0
[90mstdout[2m | src/components/RecordingStudio3Modal.stories.jsx[2m > [22m[2mInteractive
[22m[39m[Mock Data] Assignment.onUpdate() subscription removed. Remaining: 0
[90mstdout[2m | src/components/RecordingStudio3Modal.stories.jsx[2m > [22m[2mInteractive
[22m[39m[Mock Data] Assignment.onDelete() subscription removed. Remaining: 0
[90mstdout[2m | src/components/RecordingStudio3Modal.stories.jsx[2m > [22m[2mInteractive
[22m[39m[Mock Data] Clearing all data stores
[90mstdout[2m | src/components/RecordingStudio3Modal.stories.jsx[2m > [22m[2mInteractive
[22m[39m[Mock Data] All data stores cleared
[90mstdout[2m | src/components/RecordingStudio3Modal.stories.jsx[2m > [22m[2mInteractive
[22m[39m[Preview] Cleared mock data for story
[90mstdout[2m | src/components/RecordingStudio3Modal.stories.jsx[2m > [22m[2mInteractive
[22m[39m[Mock Data Gen 2] Initializing mock data
[90mstdout[2m | src/components/RecordingStudio3Modal.stories.jsx[2m > [22m[2mInteractive
[22m[39m[Mock Data] seedMockAssistantChats: Replacing with 1 assistant chats
[90mstdout[2m | src/components/RecordingStudio3Modal.stories.jsx[2m > [22m[2mInteractive
[22m[39m[Mock Data Gen 2] Seeded AssistantChat: mock-assistant-chat-1
[90mstdout[2m | src/components/RecordingStudio3Modal.stories.jsx[2m > [22m[2mInteractive
[22m[39m[Mock Data] seedMockFiles: Adding 6 files
[90mstdout[2m | src/components/RecordingStudio3Modal.stories.jsx[2m > [22m[2mInteractive
[22m[39m[Mock Data Gen 2] Seeded Files: 6
[90mstdout[2m | src/components/RecordingStudio3Modal.stories.jsx[2m > [22m[2mInteractive
[22m[39m[Mock Data Gen 2] Initializing mock data
[90mstdout[2m | src/components/RecordingStudio3Modal.stories.jsx[2m > [22m[2mInteractive
[22m[39m[Mock Data] seedMockAssistantChats: Replacing with 1 assistant chats
[90mstdout[2m | src/components/RecordingStudio3Modal.stories.jsx[2m > [22m[2mInteractive
[22m[39m[Mock Data Gen 2] Seeded AssistantChat: mock-assistant-chat-1
[90mstdout[2m | src/components/RecordingStudio3Modal.stories.jsx[2m > [22m[2mInteractive
[22m[39m[Mock Data] seedMockFiles: Adding 6 files
[90mstdout[2m | src/components/RecordingStudio3Modal.stories.jsx[2m > [22m[2mInteractive
[22m[39m[Mock Data Gen 2] Seeded Files: 6
[90mstdout[2m | src/components/RecordingStudio3Modal.stories.jsx[2m > [22m[2mInteractive
[22m[39m[Preview] Initialized default mock data for story
[90mstdout[2m | src/components/RecordingStudio3Modal.stories.jsx[2m > [22m[2mInteractive
[22m[39m[Mock AuthContext] Providing auth: {
  "error": undefined,
  "isLoading": false,
  "session": {
    "idToken": {
      "toString": [Function toString],
    },
    "identityId": "us-east-1:mock-identity-123",
    "username": "mock-user-sub",
  },
  "user": {
    "attributes": {
      "email": "alice@example.com",
      "name": "Alice Student",
      "sub": "mock-user-sub",
    },
  },
}
[90mstdout[2m | src/components/RecordingStudio3Modal.stories.jsx[2m > [22m[2mInteractive
[22m[39m[Mock Data] generateClient() called - returning mock client
[90mstdout[2m | src/components/RecordingStudio3Modal.stories.jsx[2m > [22m[2mInteractive
[22m[39m[Mock amplifyClient] getAmplifyClient() called - returning mock client
[90mstdout[2m | src/components/RecordingStudio3Modal.stories.jsx[2m > [22m[2mInteractive
[22m[39m[MOCK CourseVectorStore] Initialized with mock data
[90mstdout[2m | src/components/RecordingStudio3Modal.stories.jsx[2m > [22m[2mInteractive
[22m[39m[TranslationModeController] Setting mode to: off
[90mstdout[2m | src/components/RecordingStudio3Modal.stories.jsx[2m > [22m[2mInteractive
[22m[39m[SectionContext] useEffect triggered {
  "authLoading": false,
  "hasUser": true,
  "userSub": "mock-user-sub",
}
[90mstdout[2m | src/components/RecordingStudio3Modal.stories.jsx[2m > [22m[2mInteractive
[22m[39m[SectionContext] Fetching sections for userId: mock-user-sub
[90mstdout[2m | src/components/RecordingStudio3Modal.stories.jsx[2m > [22m[2mInteractive
[22m[39m[Mock Data] generateClient() called - returning mock client
[90mstdout[2m | src/components/RecordingStudio3Modal.stories.jsx[2m > [22m[2mInteractive
[22m[39m[Mock amplifyClient] getAmplifyClient() called - returning mock client
[90mstdout[2m | src/components/RecordingStudio3Modal.stories.jsx[2m > [22m[2mInteractive
[22m[39m[Mock Data] Section.list() called with options: undefined
[90mstdout[2m | src/components/RecordingStudio3Modal.stories.jsx[2m > [22m[2mInteractive
[22m[39m[Mock Data] generateClient() called - returning mock client
[90mstdout[2m | src/components/RecordingStudio3Modal.stories.jsx[2m > [22m[2mInteractive
[22m[39m[Mock amplifyClient] getAmplifyClient() called - returning mock client
[90mstdout[2m | src/components/RecordingStudio3Modal.stories.jsx[2m > [22m[2mInteractive
[22m[39m[Mock Data] Assignment.list() called with options: {
  "filter": {
    "unitID": {
      "eq": "mock-unit-id",
    },
  },
}
[90mstdout[2m | src/components/RecordingStudio3Modal.stories.jsx[2m > [22m[2mInteractive
[22m[39m[Mock Data] generateClient() called - returning mock client
[90mstdout[2m | src/components/RecordingStudio3Modal.stories.jsx[2m > [22m[2mInteractive
[22m[39m[Mock amplifyClient] getAmplifyClient() called - returning mock client
[90mstdout[2m | src/components/RecordingStudio3Modal.stories.jsx[2m > [22m[2mInteractive
[22m[39m[Mock Data] Grade.observeQuery() called with filter: {
  "filter": {
    "unitID": {
      "eq": "mock-unit-id",
    },
  },
}
[90mstdout[2m | src/components/RecordingStudio3Modal.stories.jsx[2m > [22m[2mInteractive
[22m[39m[Mock Data] Grade.observeQuery() applying filter: {
  "unitID": {
    "eq": "mock-unit-id",
  },
}
[90mstdout[2m | src/components/RecordingStudio3Modal.stories.jsx[2m > [22m[2mInteractive
[22m[39m[Mock Data] Grade.observeQuery() items before filter: 0
[90mstdout[2m | src/components/RecordingStudio3Modal.stories.jsx[2m > [22m[2mInteractive
[22m[39m[Mock Data] Grade.observeQuery() items after filter: 0
[90mstdout[2m | src/components/RecordingStudio3Modal.stories.jsx[2m > [22m[2mInteractive
[22m[39m[Mock Data] Grade.observeQuery() returning 0 items (filter applied) {
  "filter": {
    "unitID": {
      "eq": "mock-unit-id",
    },
  },
}
[90mstdout[2m | src/components/RecordingStudio3Modal.stories.jsx[2m > [22m[2mInteractive
[22m[39m[Mock Data] Grade subscription added. Total subscriptions: 1
[90mstdout[2m | src/components/RecordingStudio3Modal.stories.jsx[2m > [22m[2mInteractive
[22m[39m[UnitContext] useEffect triggered {
  "authLoading": false,
  "hasUser": true,
  "id": "mock-unit-id",
  "userSub": "mock-user-sub",
}
[90mstdout[2m | src/components/RecordingStudio3Modal.stories.jsx[2m > [22m[2mInteractive
[22m[39m[UnitContext] Fetching unit data for id: mock-unit-id
[90mstdout[2m | src/components/RecordingStudio3Modal.stories.jsx[2m > [22m[2mInteractive
[22m[39m[Mock Data] generateClient() called - returning mock client
[90mstdout[2m | src/components/RecordingStudio3Modal.stories.jsx[2m > [22m[2mInteractive
[22m[39m[Mock amplifyClient] getAmplifyClient() called - returning mock client
[90mstdout[2m | src/components/RecordingStudio3Modal.stories.jsx[2m > [22m[2mInteractive
[22m[39m[Mock Data] Unit.observeQuery() called with filter: {
  "filter": {
    "id": {
      "eq": "mock-unit-id",
    },
  },
}
[90mstdout[2m | src/components/RecordingStudio3Modal.stories.jsx[2m > [22m[2mInteractive
[22m[39m[Mock Data] Unit.observeQuery() applying filter: {
  "id": {
    "eq": "mock-unit-id",
  },
}
[90mstdout[2m | src/components/RecordingStudio3Modal.stories.jsx[2m > [22m[2mInteractive
[22m[39m[Mock Data] Unit.observeQuery() items before filter: 0
[90mstdout[2m | src/components/RecordingStudio3Modal.stories.jsx[2m > [22m[2mInteractive
[22m[39m[Mock Data] Unit.observeQuery() items after filter: 0
[90mstdout[2m | src/components/RecordingStudio3Modal.stories.jsx[2m > [22m[2mInteractive
[22m[39m[Mock Data] Unit.observeQuery() returning 0 items (filter applied) {
  "filter": {
    "id": {
      "eq": "mock-unit-id",
    },
  },
}
[90mstdout[2m | src/components/RecordingStudio3Modal.stories.jsx[2m > [22m[2mInteractive
[22m[39m[Mock Data] Unit subscription added. Total subscriptions: 1
[90mstdout[2m | src/components/RecordingStudio3Modal.stories.jsx[2m > [22m[2mInteractive
[22m[39m[Mock Data] generateClient() called - returning mock client
[90mstdout[2m | src/components/RecordingStudio3Modal.stories.jsx[2m > [22m[2mInteractive
[22m[39m[Mock amplifyClient] getAmplifyClient() called - returning mock client
[90mstdout[2m | src/components/RecordingStudio3Modal.stories.jsx[2m > [22m[2mInteractive
[22m[39m[Mock Data] Word.observeQuery() called with filter: undefined
[90mstdout[2m | src/components/RecordingStudio3Modal.stories.jsx[2m > [22m[2mInteractive
[22m[39m[Mock Data] Word.observeQuery() returning 0 items (filter applied) undefined
[90mstdout[2m | src/components/RecordingStudio3Modal.stories.jsx[2m > [22m[2mInteractive
[22m[39m[Mock Data] Word subscription added. Total subscriptions: 1
[90mstdout[2m | src/components/RecordingStudio3Modal.stories.jsx[2m > [22m[2mInteractive
[22m[39m[Mock Data] generateClient() called - returning mock client
[90mstdout[2m | src/components/RecordingStudio3Modal.stories.jsx[2m > [22m[2mInteractive
[22m[39m[Mock amplifyClient] getAmplifyClient() called - returning mock client
[90mstdout[2m | src/components/RecordingStudio3Modal.stories.jsx[2m > [22m[2mInteractive
[22m[39m[Mock Data] Question.observeQuery() called with filter: undefined
[90mstdout[2m | src/components/RecordingStudio3Modal.stories.jsx[2m > [22m[2mInteractive
[22m[39m[Mock Data] Question.observeQuery() returning 0 items (filter applied) undefined
[90mstdout[2m | src/components/RecordingStudio3Modal.stories.jsx[2m > [22m[2mInteractive
[22m[39m[Mock Data] Question subscription added. Total subscriptions: 1
[90mstdout[2m | src/components/RecordingStudio3Modal.stories.jsx[2m > [22m[2mInteractive
[22m[39m[FilesContext] Initializing vector store from IndexedDB
[90mstdout[2m | src/components/RecordingStudio3Modal.stories.jsx[2m > [22m[2mInteractive
[22m[39m[FilesContext] fetchFiles called
[90mstdout[2m | src/components/RecordingStudio3Modal.stories.jsx[2m > [22m[2mInteractive
[22m[39m[FilesContext] User authenticated: mock-user-sub
[90mstdout[2m | src/components/RecordingStudio3Modal.stories.jsx[2m > [22m[2mInteractive
[22m[39m[FilesContext] Identity ID: us-east-1:mock-identity-123
[90mstdout[2m | src/components/RecordingStudio3Modal.stories.jsx[2m > [22m[2mInteractive
[22m[39m[FilesContext] About to subscribe to File model
[90mstdout[2m | src/components/RecordingStudio3Modal.stories.jsx[2m > [22m[2mInteractive
[22m[39m[Mock Data] generateClient() called - returning mock client
[90mstdout[2m | src/components/RecordingStudio3Modal.stories.jsx[2m > [22m[2mInteractive
[22m[39m[Mock amplifyClient] getAmplifyClient() called - returning mock client
[90mstdout[2m | src/components/RecordingStudio3Modal.stories.jsx[2m > [22m[2mInteractive
[22m[39m[Mock Data] File.observeQuery() called with filter: undefined
[90mstdout[2m | src/components/RecordingStudio3Modal.stories.jsx[2m > [22m[2mInteractive
[22m[39m[Mock Data] File.observeQuery() returning 6 items (filter applied) undefined
[90mstdout[2m | src/components/RecordingStudio3Modal.stories.jsx[2m > [22m[2mInteractive
[22m[39m[Mock Data] File subscription added. Total subscriptions: 1
[90mstdout[2m | src/components/RecordingStudio3Modal.stories.jsx[2m > [22m[2mInteractive
[22m[39m[Mock Data] generateClient() called - returning mock client
[90mstdout[2m | src/components/RecordingStudio3Modal.stories.jsx[2m > [22m[2mInteractive
[22m[39m[Mock amplifyClient] getAmplifyClient() called - returning mock client
[90mstdout[2m | src/components/RecordingStudio3Modal.stories.jsx[2m > [22m[2mInteractive
[22m[39m[Mock Data] Document.observeQuery() called with filter: undefined
[90mstdout[2m | src/components/RecordingStudio3Modal.stories.jsx[2m > [22m[2mInteractive
[22m[39m[Mock Data] Document.observeQuery() returning 0 items (filter applied) undefined
[90mstdout[2m | src/components/RecordingStudio3Modal.stories.jsx[2m > [22m[2mInteractive
[22m[39m[Mock Data] Document subscription added. Total subscriptions: 1
[90mstdout[2m | src/components/RecordingStudio3Modal.stories.jsx[2m > [22m[2mInteractive
[22m[39m[ChatContext] Setting up observeQuery for AssistantChat
[90mstdout[2m | src/components/RecordingStudio3Modal.stories.jsx[2m > [22m[2mInteractive
[22m[39m[Mock Data] AssistantChat.observeQuery() called with filter: {
  "sortDirection": "DESC",
  "sortField": "createdAt",
}
[90mstdout[2m | src/components/RecordingStudio3Modal.stories.jsx[2m > [22m[2mInteractive
[22m[39m[Mock Data] AssistantChat.observeQuery() returning 1 items (filter applied) {
  "sortDirection": "DESC",
  "sortField": "createdAt",
}
[90mstdout[2m | src/components/RecordingStudio3Modal.stories.jsx[2m > [22m[2mInteractive
[22m[39m[Mock Data] AssistantChat subscription added. Total subscriptions: 1
[90mstdout[2m | src/components/RecordingStudio3Modal.stories.jsx[2m > [22m[2mInteractive
[22m[39m[ChatContext] Waiting for subscription to initialize
[90mstdout[2m | src/components/RecordingStudio3Modal.stories.jsx[2m > [22m[2mInteractive
[22m[39m[SettingsContext] Setting up Settings subscription for user: mock-user-sub
[90mstdout[2m | src/components/RecordingStudio3Modal.stories.jsx[2m > [22m[2mInteractive
[22m[39m[Mock Data] generateClient() called - returning mock client
[90mstdout[2m | src/components/RecordingStudio3Modal.stories.jsx[2m > [22m[2mInteractive
[22m[39m[Mock amplifyClient] getAmplifyClient() called - returning mock client
[90mstdout[2m | src/components/RecordingStudio3Modal.stories.jsx[2m > [22m[2mInteractive
[22m[39m[Mock Data] Settings.observeQuery() called with filter: undefined
[90mstdout[2m | src/components/RecordingStudio3Modal.stories.jsx[2m > [22m[2mInteractive
[22m[39m[Mock Data] Settings.observeQuery() returning 0 items (filter applied) undefined
[90mstdout[2m | src/components/RecordingStudio3Modal.stories.jsx[2m > [22m[2mInteractive
[22m[39m[Mock Data] Settings subscription added. Total subscriptions: 1
[90mstdout[2m | src/components/RecordingStudio3Modal.stories.jsx[2m > [22m[2mInteractive
[22m[39m[SectionContext] Initial sections: 0 []
[90mstdout[2m | src/components/RecordingStudio3Modal.stories.jsx[2m > [22m[2mInteractive
[22m[39m[Mock Data] Section.onCreate() called with filter: undefined
[90mstdout[2m | src/components/RecordingStudio3Modal.stories.jsx[2m > [22m[2mInteractive
[22m[39m[Mock Data] Section.onCreate() subscription added. Total: 1
[90mstdout[2m | src/components/RecordingStudio3Modal.stories.jsx[2m > [22m[2mInteractive
[22m[39m[Mock Data] Section.onUpdate() called with filter: undefined
[90mstdout[2m | src/components/RecordingStudio3Modal.stories.jsx[2m > [22m[2mInteractive
[22m[39m[Mock Data] Section.onUpdate() subscription added. Total: 1
[90mstdout[2m | src/components/RecordingStudio3Modal.stories.jsx[2m > [22m[2mInteractive
[22m[39m[Mock Data] Section.onDelete() called with filter: undefined
[90mstdout[2m | src/components/RecordingStudio3Modal.stories.jsx[2m > [22m[2mInteractive
[22m[39m[Mock Data] Section.onDelete() subscription added. Total: 1
[90mstdout[2m | src/components/RecordingStudio3Modal.stories.jsx[2m > [22m[2mInteractive
[22m[39m[Mock Data] Assignment.onCreate() called with filter: {
  "filter": {
    "unitID": {
      "eq": "mock-unit-id",
    },
  },
}
[90mstdout[2m | src/components/RecordingStudio3Modal.stories.jsx[2m > [22m[2mInteractive
[22m[39m[Mock Data] Assignment.onCreate() subscription added. Total: 1
[90mstdout[2m | src/components/RecordingStudio3Modal.stories.jsx[2m > [22m[2mInteractive
[22m[39m[Mock Data] Assignment.onUpdate() called with filter: {
  "filter": {
    "unitID": {
      "eq": "mock-unit-id",
    },
  },
}
[90mstdout[2m | src/components/RecordingStudio3Modal.stories.jsx[2m > [22m[2mInteractive
[22m[39m[Mock Data] Assignment.onUpdate() subscription added. Total: 1
[90mstdout[2m | src/components/RecordingStudio3Modal.stories.jsx[2m > [22m[2mInteractive
[22m[39m[Mock Data] Assignment.onDelete() called with filter: {
  "filter": {
    "unitID": {
      "eq": "mock-unit-id",
    },
  },
}
[90mstdout[2m | src/components/RecordingStudio3Modal.stories.jsx[2m > [22m[2mInteractive
[22m[39m[Mock Data] Assignment.onDelete() subscription added. Total: 1
[90mstdout[2m | src/components/RecordingStudio3Modal.stories.jsx[2m > [22m[2mInteractive
[22m[39m[FilesContext] File observeQuery subscription triggered:
[90mstdout[2m | src/components/RecordingStudio3Modal.stories.jsx[2m > [22m[2mInteractive
[22m[39m  - items.length: 6
[90mstdout[2m | src/components/RecordingStudio3Modal.stories.jsx[2m > [22m[2mInteractive
[22m[39m  - isSynced: true
[90mstdout[2m | src/components/RecordingStudio3Modal.stories.jsx[2m > [22m[2mInteractive
[22m[39m  - items: [
  {
    "_deleted": null,
    "_lastChangedAt": 1767711773285,
    "_version": 1,
    "byHex": null,
    "createdAt": "2026-01-06T15:02:53.253Z",
    "description": "Japanese language textbook - Chapter 1",
    "document": Promise {},
    "documentID": "e01017e1-fe7a-4521-b71c-09ec31b18639",
    "duration": null,
    "embedding": null,
    "generated": null,
    "hex": null,
    "id": "a57d7833-5fa7-4cb7-8b7a-ce7c6e10e551",
    "identityId": "us-east-1:b0eadde9-f02c-c71b-17a6-22ffd37d89c8",
    "key": "files/Japanese Wind 1.pdf",
    "level": "protected",
    "mimeType": "application/pdf",
    "model": null,
    "name": "Japanese Wind 1.pdf",
    "owner": "64d81418-7021-701d-9fed-a4c2e0735711",
    "parsedContent": [Function anonymous],
    "parsedContentID": null,
    "path": "files/Japanese Wind 1.pdf",
    "prompt": null,
    "size": 4706654,
    "thumbnail": null,
    "type": "pdf",
    "updatedAt": "2026-01-06T15:02:53.253Z",
    "variant": null,
    "waveformData": null,
  },
  {
    "_version": 2,
    "createdAt": "2026-01-15T10:00:00.000Z",
    "description": "Sample report with vocabulary",
    "document": Promise {},
    "documentID": "cd824b5b-2c66-41f8-8571-aa6794ff590c",
    "generated": false,
    "id": "mock-pdf-file-2",
    "identityId": "us-east-1:mock-identity",
    "key": "files/report.pdf",
    "level": "protected",
    "mimeType": "application/pdf",
    "name": "report.pdf",
    "owner": "mock-user-id",
    "parsedContent": [Function anonymous],
    "path": "files/report.pdf",
    "size": 123456,
    "type": "pdf",
    "updatedAt": "2026-01-15T10:30:00.000Z",
  },
  {
    "_version": 3,
    "createdAt": "2026-01-14T08:00:00.000Z",
    "description": "Vocabulary lesson PDF with extracted content",
    "document": Promise {},
    "documentID": "mock-document-3",
    "generated": false,
    "id": "mock-pdf-file-3",
    "identityId": "us-east-1:mock-identity",
    "key": "files/vocabulary-lesson.pdf",
    "level": "public",
    "mimeType": "application/pdf",
    "name": "vocabulary-lesson.pdf",
    "owner": "mock-user-id",
    "parsedContent": [Function anonymous],
    "path": "files/vocabulary-lesson.pdf",
    "size": 567890,
    "type": "pdf",
    "updatedAt": "2026-01-14T08:45:00.000Z",
  },
  {
    "_version": 1,
    "createdAt": "2026-01-20T10:00:00.000Z",
    "description": "Sample pronunciation audio",
    "documentID": null,
    "duration": 3.5,
    "generated": true,
    "id": "mock-audio-file-1",
    "identityId": "us-east-1:mock-identity",
    "key": "audio/pronunciation-demo.mp3",
    "level": "public",
    "mimeType": "audio/mpeg",
    "name": "pronunciation-demo.mp3",
    "owner": "mock-user-id",
    "parsedContent": [Function anonymous],
    "path": "/story-mocks/cinematic-designed-sci-fi-whoosh-transition-nexawave-228295.mp3",
    "size": 56789,
    "type": "audio",
    "updatedAt": "2026-01-20T10:00:00.000Z",
    "waveformData": null,
  },
  {
    "_version": 1,
    "createdAt": "2026-01-19T14:30:00.000Z",
    "description": "Lesson introduction audio",
    "documentID": null,
    "duration": 5.2,
    "generated": false,
    "id": "mock-audio-file-2",
    "identityId": "us-east-1:mock-identity",
    "key": "audio/lesson-intro.mp3",
    "level": "public",
    "mimeType": "audio/mpeg",
    "name": "lesson-intro.mp3",
    "owner": "mock-user-id",
    "parsedContent": [Function anonymous],
    "path": "/story-mocks/descent-whoosh-long-cinematic-sound-effect-405921.mp3",
    "size": 87654,
    "type": "audio",
    "updatedAt": "2026-01-19T14:30:00.000Z",
    "waveformData": null,
  },
  {
    "_version": 1,
    "createdAt": "2026-01-18T09:15:00.000Z",
    "description": "Hiragana character chart",
    "documentID": null,
    "generated": false,
    "id": "mock-image-file-1",
    "identityId": "us-east-1:mock-identity",
    "key": "images/hiragana-chart.png",
    "level": "public",
    "mimeType": "image/png",
    "name": "hiragana-chart.png",
    "owner": "mock-user-id",
    "parsedContent": [Function anonymous],
    "path": "images/hiragana-chart.png",
    "size": 234567,
    "thumbnail": "thumbnails/hiragana-chart-thumb.png",
    "type": "image",
    "updatedAt": "2026-01-18T09:15:00.000Z",
  },
]
[90mstdout[2m | src/components/RecordingStudio3Modal.stories.jsx[2m > [22m[2mInteractive
[22m[39m[ChatContext] AssistantChat query update: 1 items (synced)
[90mstdout[2m | src/components/RecordingStudio3Modal.stories.jsx[2m > [22m[2mInteractive
[22m[39m[ChatContext] First item details: {
  "id": "mock-assistant-chat-1",
  "updatedAt": "2024-01-26T10:15:00.000Z",
}
[90mstdout[2m | src/components/RecordingStudio3Modal.stories.jsx[2m > [22m[2mInteractive
[22m[39m[ChatContext] AssistantChat subscription initialized
[90mstdout[2m | src/components/RecordingStudio3Modal.stories.jsx[2m > [22m[2mInteractive
[22m[39m[ChatContext] AssistantChat list updated: 1 chats
[90mstdout[2m | src/components/RecordingStudio3Modal.stories.jsx[2m > [22m[2mInteractive
[22m[39m[ChatContext] Setting initial chat: mock-assistant-chat-1
[90mstdout[2m | src/components/RecordingStudio3Modal.stories.jsx[2m > [22m[2mInteractive
[22m[39m[FilesContext] Files count changed: 0 → 6
[90mstdout[2m | src/components/RecordingStudio3Modal.stories.jsx[2m > [22m[2mInteractive
[22m[39m[MOCK CourseVectorStore] Initialized with mock data
[90mstdout[2m | src/components/RecordingStudio3Modal.stories.jsx[2m > [22m[2mInteractive
[22m[39m[MOCK CourseVectorStore] Initialized with mock data
[90mstdout[2m | src/components/RecordingStudio3Modal.stories.jsx[2m > [22m[2mInteractive
[22m[39m[i18next] Missing key: components:common.close for [
  "en",
]
[90mstdout[2m | src/components/RecordingStudio3Modal.stories.jsx[2m > [22m[2mInteractive
[22m[39m[useTranslationWithCapture] t() called: {
  "key": "common.close",
  "mode": "off",
  "namespace": "components",
  "value": "common.close",
}
[90mstdout[2m | src/components/RecordingStudio3Modal.stories.jsx[2m > [22m[2mInteractive
[22m[39m[i18next] Missing key: components:recordingStudio3Modal.done for [
  "en",
]
[90mstdout[2m | src/components/RecordingStudio3Modal.stories.jsx[2m > [22m[2mInteractive
[22m[39m[useTranslationWithCapture] t() called: {
  "key": "recordingStudio3Modal.done",
  "mode": "off",
  "namespace": "components",
  "value": "recordingStudio3Modal.done",
}
[90mstdout[2m | src/components/RecordingStudio3Modal.stories.jsx[2m > [22m[2mInteractive
[22m[39m[Mock Data] Settings.create() called with: {
  "assistantVoice": "shimmer",
  "autoAnalyzeDocuments": true,
  "defaultAIModel": "gpt-4",
  "documentAnalysisModel": "gpt-4",
  "editorFontSize": 14,
  "editorTheme": "auto",
  "emailNotifications": true,
  "language": "en",
  "webhookNotifications": false,
}
[90mstdout[2m | src/components/RecordingStudio3Modal.stories.jsx[2m > [22m[2mInteractive
[22m[39m[Mock Data] Settings created: mock-settings-1776336993651 - notified 1 subscribers
[90mstdout[2m | src/components/RecordingStudio3Modal.stories.jsx[2m > [22m[2mInteractive
[22m[39m[FilesContext] Vector store population triggered {
  "currentVectorStoreSize": 3,
  "documentsCount": 0,
  "filesCount": 6,
  "isInitialLoad": true,
}
[90mstdout[2m | src/components/RecordingStudio3Modal.stories.jsx[2m > [22m[2mInteractive
[22m[39m[FilesContext] Vector store population complete - 3 total embeddings
[90mstdout[2m | src/components/RecordingStudio3Modal.stories.jsx[2m > [22m[2mInteractive
[22m[39m[ChatContext] Chat exists and not archived, skipping creation
 [32m✓[39m [30m[45m storybook (chromium) [49m[39m src/components/RecordingStudio3Modal.stories.jsx [2m([22m[2m8 tests[22m[2m)[22m[33m 2348[2mms[22m[39m
   [33m[2m✓[22m[39m Word Preset [33m 356[2mms[22m[39m
   [33m[2m✓[22m[39m Question Preset [33m 341[2mms[22m[39m
   [33m[2m✓[22m[39m Confirmation Preview [33m 367[2mms[22m[39m
   [33m[2m✓[22m[39m Read Only [33m 342[2mms[22m[39m
   [33m[2m✓[22m[39m Conversation With Recorded Takes [33m 388[2mms[22m[39m
[90mstdout[2m | src/components/SafeHydrate.stories.jsx[2m > [22m[2mDefault
[22m[39m[Mock Data] Settings subscription unsubscribed. Remaining: 0
[90mstdout[2m | src/components/SafeHydrate.stories.jsx[2m > [22m[2mDefault
[22m[39m[ChatContext] Cleaning up subscription
[90mstdout[2m | src/components/SafeHydrate.stories.jsx[2m > [22m[2mDefault
[22m[39m[Mock Data] AssistantChat subscription unsubscribed. Remaining: 0
[90mstdout[2m | src/components/SafeHydrate.stories.jsx[2m > [22m[2mDefault
[22m[39m[Mock Data] File subscription unsubscribed. Remaining: 0
[90mstdout[2m | src/components/SafeHydrate.stories.jsx[2m > [22m[2mDefault
[22m[39m[Mock Data] Document subscription unsubscribed. Remaining: 0
[90mstdout[2m | src/components/SafeHydrate.stories.jsx[2m > [22m[2mDefault
[22m[39m[Mock Data] Word subscription unsubscribed. Remaining: 0
[90mstdout[2m | src/components/SafeHydrate.stories.jsx[2m > [22m[2mDefault
[22m[39m[Mock Data] Question subscription unsubscribed. Remaining: 0
[90mstdout[2m | src/components/SafeHydrate.stories.jsx[2m > [22m[2mDefault
[22m[39m[Mock Data] Grade subscription unsubscribed. Remaining: 0
[90mstdout[2m | src/components/SafeHydrate.stories.jsx[2m > [22m[2mDefault
[22m[39m[Mock Data] Unit subscription unsubscribed. Remaining: 0
[90mstdout[2m | src/components/SafeHydrate.stories.jsx[2m > [22m[2mDefault
[22m[39m[SectionContext] Cleaning up subscriptions
[90mstdout[2m | src/components/SafeHydrate.stories.jsx[2m > [22m[2mDefault
[22m[39m[Mock Data] Section.onCreate() subscription removed. Remaining: 0
[90mstdout[2m | src/components/SafeHydrate.stories.jsx[2m > [22m[2mDefault
[22m[39m[Mock Data] Section.onUpdate() subscription removed. Remaining: 0
[90mstdout[2m | src/components/SafeHydrate.stories.jsx[2m > [22m[2mDefault
[22m[39m[Mock Data] Section.onDelete() subscription removed. Remaining: 0
[90mstdout[2m | src/components/SafeHydrate.stories.jsx[2m > [22m[2mDefault
[22m[39m[Mock Data] Assignment.onCreate() subscription removed. Remaining: 0
[90mstdout[2m | src/components/SafeHydrate.stories.jsx[2m > [22m[2mDefault
[22m[39m[Mock Data] Assignment.onUpdate() subscription removed. Remaining: 0
[90mstdout[2m | src/components/SafeHydrate.stories.jsx[2m > [22m[2mDefault
[22m[39m[Mock Data] Assignment.onDelete() subscription removed. Remaining: 0
[90mstdout[2m | src/components/SafeHydrate.stories.jsx[2m > [22m[2mDefault
[22m[39m[Mock Data] Clearing all data stores
[90mstdout[2m | src/components/SafeHydrate.stories.jsx[2m > [22m[2mDefault
[22m[39m[Mock Data] All data stores cleared
[90mstdout[2m | src/components/SafeHydrate.stories.jsx[2m > [22m[2mDefault
[22m[39m[Preview] Cleared mock data for story
[90mstdout[2m | src/components/SafeHydrate.stories.jsx[2m > [22m[2mDefault
[22m[39m[Mock Data Gen 2] Initializing mock data
[90mstdout[2m | src/components/SafeHydrate.stories.jsx[2m > [22m[2mDefault
[22m[39m[Mock Data] seedMockAssistantChats: Replacing with 1 assistant chats
[90mstdout[2m | src/components/SafeHydrate.stories.jsx[2m > [22m[2mDefault
[22m[39m[Mock Data Gen 2] Seeded AssistantChat: mock-assistant-chat-1
[90mstdout[2m | src/components/SafeHydrate.stories.jsx[2m > [22m[2mDefault
[22m[39m[Mock Data] seedMockFiles: Adding 6 files
[90mstdout[2m | src/components/SafeHydrate.stories.jsx[2m > [22m[2mDefault
[22m[39m[Mock Data Gen 2] Seeded Files: 6
[90mstdout[2m | src/components/SafeHydrate.stories.jsx[2m > [22m[2mDefault
[22m[39m[Mock Data Gen 2] Initializing mock data
[90mstdout[2m | src/components/SafeHydrate.stories.jsx[2m > [22m[2mDefault
[22m[39m[Mock Data] seedMockAssistantChats: Replacing with 1 assistant chats
[90mstdout[2m | src/components/SafeHydrate.stories.jsx[2m > [22m[2mDefault
[22m[39m[Mock Data Gen 2] Seeded AssistantChat: mock-assistant-chat-1
[90mstdout[2m | src/components/SafeHydrate.stories.jsx[2m > [22m[2mDefault
[22m[39m[Mock Data] seedMockFiles: Adding 6 files
[90mstdout[2m | src/components/SafeHydrate.stories.jsx[2m > [22m[2mDefault
[22m[39m[Mock Data Gen 2] Seeded Files: 6
[90mstdout[2m | src/components/SafeHydrate.stories.jsx[2m > [22m[2mDefault
[22m[39m[Preview] Initialized default mock data for story
[90mstdout[2m | src/components/SafeHydrate.stories.jsx[2m > [22m[2mDefault
[22m[39m[Mock AuthContext] Providing auth: {
  "error": undefined,
  "isLoading": false,
  "session": {
    "idToken": {
      "toString": [Function toString],
    },
    "identityId": "us-east-1:mock-identity-123",
    "username": "mock-user-sub",
  },
  "user": {
    "attributes": {
      "email": "alice@example.com",
      "name": "Alice Student",
      "sub": "mock-user-sub",
    },
  },
}
[90mstdout[2m | src/components/SafeHydrate.stories.jsx[2m > [22m[2mDefault
[22m[39m[Mock Data] generateClient() called - returning mock client
[90mstdout[2m | src/components/SafeHydrate.stories.jsx[2m > [22m[2mDefault
[22m[39m[Mock amplifyClient] getAmplifyClient() called - returning mock client
[90mstdout[2m | src/components/SafeHydrate.stories.jsx[2m > [22m[2mDefault
[22m[39m[MOCK CourseVectorStore] Initialized with mock data
[90mstdout[2m | src/components/SafeHydrate.stories.jsx[2m > [22m[2mDefault
[22m[39m[TranslationModeController] Setting mode to: off
[90mstdout[2m | src/components/SafeHydrate.stories.jsx[2m > [22m[2mDefault
[22m[39m[SectionContext] useEffect triggered {
  "authLoading": false,
  "hasUser": true,
  "userSub": "mock-user-sub",
}
[90mstdout[2m | src/components/SafeHydrate.stories.jsx[2m > [22m[2mDefault
[22m[39m[SectionContext] Fetching sections for userId: mock-user-sub
[90mstdout[2m | src/components/SafeHydrate.stories.jsx[2m > [22m[2mDefault
[22m[39m[Mock Data] generateClient() called - returning mock client
[90mstdout[2m | src/components/SafeHydrate.stories.jsx[2m > [22m[2mDefault
[22m[39m[Mock amplifyClient] getAmplifyClient() called - returning mock client
[90mstdout[2m | src/components/SafeHydrate.stories.jsx[2m > [22m[2mDefault
[22m[39m[Mock Data] Section.list() called with options: undefined
[90mstdout[2m | src/components/SafeHydrate.stories.jsx[2m > [22m[2mDefault
[22m[39m[Mock Data] generateClient() called - returning mock client
[90mstdout[2m | src/components/SafeHydrate.stories.jsx[2m > [22m[2mDefault
[22m[39m[Mock amplifyClient] getAmplifyClient() called - returning mock client
[90mstdout[2m | src/components/SafeHydrate.stories.jsx[2m > [22m[2mDefault
[22m[39m[Mock Data] Assignment.list() called with options: {
  "filter": {
    "unitID": {
      "eq": "mock-unit-id",
    },
  },
}
[90mstdout[2m | src/components/SafeHydrate.stories.jsx[2m > [22m[2mDefault
[22m[39m[Mock Data] generateClient() called - returning mock client
[90mstdout[2m | src/components/SafeHydrate.stories.jsx[2m > [22m[2mDefault
[22m[39m[Mock amplifyClient] getAmplifyClient() called - returning mock client
[90mstdout[2m | src/components/SafeHydrate.stories.jsx[2m > [22m[2mDefault
[22m[39m[Mock Data] Grade.observeQuery() called with filter: {
  "filter": {
    "unitID": {
      "eq": "mock-unit-id",
    },
  },
}
[90mstdout[2m | src/components/SafeHydrate.stories.jsx[2m > [22m[2mDefault
[22m[39m[Mock Data] Grade.observeQuery() applying filter: {
  "unitID": {
    "eq": "mock-unit-id",
  },
}
[90mstdout[2m | src/components/SafeHydrate.stories.jsx[2m > [22m[2mDefault
[22m[39m[Mock Data] Grade.observeQuery() items before filter: 0
[90mstdout[2m | src/components/SafeHydrate.stories.jsx[2m > [22m[2mDefault
[22m[39m[Mock Data] Grade.observeQuery() items after filter: 0
[90mstdout[2m | src/components/SafeHydrate.stories.jsx[2m > [22m[2mDefault
[22m[39m[Mock Data] Grade.observeQuery() returning 0 items (filter applied) {
  "filter": {
    "unitID": {
      "eq": "mock-unit-id",
    },
  },
}
[90mstdout[2m | src/components/SafeHydrate.stories.jsx[2m > [22m[2mDefault
[22m[39m[Mock Data] Grade subscription added. Total subscriptions: 1
[90mstdout[2m | src/components/SafeHydrate.stories.jsx[2m > [22m[2mDefault
[22m[39m[UnitContext] useEffect triggered {
  "authLoading": false,
  "hasUser": true,
  "id": "mock-unit-id",
  "userSub": "mock-user-sub",
}
[90mstdout[2m | src/components/SafeHydrate.stories.jsx[2m > [22m[2mDefault
[22m[39m[UnitContext] Fetching unit data for id: mock-unit-id
[90mstdout[2m | src/components/SafeHydrate.stories.jsx[2m > [22m[2mDefault
[22m[39m[Mock Data] generateClient() called - returning mock client
[90mstdout[2m | src/components/SafeHydrate.stories.jsx[2m > [22m[2mDefault
[22m[39m[Mock amplifyClient] getAmplifyClient() called - returning mock client
[90mstdout[2m | src/components/SafeHydrate.stories.jsx[2m > [22m[2mDefault
[22m[39m[Mock Data] Unit.observeQuery() called with filter: {
  "filter": {
    "id": {
      "eq": "mock-unit-id",
    },
  },
}
[90mstdout[2m | src/components/SafeHydrate.stories.jsx[2m > [22m[2mDefault
[22m[39m[Mock Data] Unit.observeQuery() applying filter: {
  "id": {
    "eq": "mock-unit-id",
  },
}
[90mstdout[2m | src/components/SafeHydrate.stories.jsx[2m > [22m[2mDefault
[22m[39m[Mock Data] Unit.observeQuery() items before filter: 0
[90mstdout[2m | src/components/SafeHydrate.stories.jsx[2m > [22m[2mDefault
[22m[39m[Mock Data] Unit.observeQuery() items after filter: 0
[90mstdout[2m | src/components/SafeHydrate.stories.jsx[2m > [22m[2mDefault
[22m[39m[Mock Data] Unit.observeQuery() returning 0 items (filter applied) {
  "filter": {
    "id": {
      "eq": "mock-unit-id",
    },
  },
}
[90mstdout[2m | src/components/SafeHydrate.stories.jsx[2m > [22m[2mDefault
[22m[39m[Mock Data] Unit subscription added. Total subscriptions: 1
[90mstdout[2m | src/components/SafeHydrate.stories.jsx[2m > [22m[2mDefault
[22m[39m[Mock Data] generateClient() called - returning mock client
[90mstdout[2m | src/components/SafeHydrate.stories.jsx[2m > [22m[2mDefault
[22m[39m[Mock amplifyClient] getAmplifyClient() called - returning mock client
[90mstdout[2m | src/components/SafeHydrate.stories.jsx[2m > [22m[2mDefault
[22m[39m[Mock Data] Word.observeQuery() called with filter: undefined
[90mstdout[2m | src/components/SafeHydrate.stories.jsx[2m > [22m[2mDefault
[22m[39m[Mock Data] Word.observeQuery() returning 0 items (filter applied) undefined
[90mstdout[2m | src/components/SafeHydrate.stories.jsx[2m > [22m[2mDefault
[22m[39m[Mock Data] Word subscription added. Total subscriptions: 1
[90mstdout[2m | src/components/SafeHydrate.stories.jsx[2m > [22m[2mDefault
[22m[39m[Mock Data] generateClient() called - returning mock client
[90mstdout[2m | src/components/SafeHydrate.stories.jsx[2m > [22m[2mDefault
[22m[39m[Mock amplifyClient] getAmplifyClient() called - returning mock client
[90mstdout[2m | src/components/SafeHydrate.stories.jsx[2m > [22m[2mDefault
[22m[39m[Mock Data] Question.observeQuery() called with filter: undefined
[90mstdout[2m | src/components/SafeHydrate.stories.jsx[2m > [22m[2mDefault
[22m[39m[Mock Data] Question.observeQuery() returning 0 items (filter applied) undefined
[90mstdout[2m | src/components/SafeHydrate.stories.jsx[2m > [22m[2mDefault
[22m[39m[Mock Data] Question subscription added. Total subscriptions: 1
[90mstdout[2m | src/components/SafeHydrate.stories.jsx[2m > [22m[2mDefault
[22m[39m[FilesContext] Initializing vector store from IndexedDB
[90mstdout[2m | src/components/SafeHydrate.stories.jsx[2m > [22m[2mDefault
[22m[39m[FilesContext] fetchFiles called
[90mstdout[2m | src/components/SafeHydrate.stories.jsx[2m > [22m[2mDefault
[22m[39m[FilesContext] User authenticated: mock-user-sub
[90mstdout[2m | src/components/SafeHydrate.stories.jsx[2m > [22m[2mDefault
[22m[39m[FilesContext] Identity ID: us-east-1:mock-identity-123
[90mstdout[2m | src/components/SafeHydrate.stories.jsx[2m > [22m[2mDefault
[22m[39m[FilesContext] About to subscribe to File model
[90mstdout[2m | src/components/SafeHydrate.stories.jsx[2m > [22m[2mDefault
[22m[39m[Mock Data] generateClient() called - returning mock client
[90mstdout[2m | src/components/SafeHydrate.stories.jsx[2m > [22m[2mDefault
[22m[39m[Mock amplifyClient] getAmplifyClient() called - returning mock client
[90mstdout[2m | src/components/SafeHydrate.stories.jsx[2m > [22m[2mDefault
[22m[39m[Mock Data] File.observeQuery() called with filter: undefined
[90mstdout[2m | src/components/SafeHydrate.stories.jsx[2m > [22m[2mDefault
[22m[39m[Mock Data] File.observeQuery() returning 6 items (filter applied) undefined
[90mstdout[2m | src/components/SafeHydrate.stories.jsx[2m > [22m[2mDefault
[22m[39m[Mock Data] File subscription added. Total subscriptions: 1
[90mstdout[2m | src/components/SafeHydrate.stories.jsx[2m > [22m[2mDefault
[22m[39m[Mock Data] generateClient() called - returning mock client
[90mstdout[2m | src/components/SafeHydrate.stories.jsx[2m > [22m[2mDefault
[22m[39m[Mock amplifyClient] getAmplifyClient() called - returning mock client
[90mstdout[2m | src/components/SafeHydrate.stories.jsx[2m > [22m[2mDefault
[22m[39m[Mock Data] Document.observeQuery() called with filter: undefined
[90mstdout[2m | src/components/SafeHydrate.stories.jsx[2m > [22m[2mDefault
[22m[39m[Mock Data] Document.observeQuery() returning 0 items (filter applied) undefined
[90mstdout[2m | src/components/SafeHydrate.stories.jsx[2m > [22m[2mDefault
[22m[39m[Mock Data] Document subscription added. Total subscriptions: 1
[90mstdout[2m | src/components/SafeHydrate.stories.jsx[2m > [22m[2mDefault
[22m[39m[ChatContext] Setting up observeQuery for AssistantChat
[90mstdout[2m | src/components/SafeHydrate.stories.jsx[2m > [22m[2mDefault
[22m[39m[Mock Data] AssistantChat.observeQuery() called with filter: {
  "sortDirection": "DESC",
  "sortField": "createdAt",
}
[90mstdout[2m | src/components/SafeHydrate.stories.jsx[2m > [22m[2mDefault
[22m[39m[Mock Data] AssistantChat.observeQuery() returning 1 items (filter applied) {
  "sortDirection": "DESC",
  "sortField": "createdAt",
}
[90mstdout[2m | src/components/SafeHydrate.stories.jsx[2m > [22m[2mDefault
[22m[39m[Mock Data] AssistantChat subscription added. Total subscriptions: 1
[90mstdout[2m | src/components/SafeHydrate.stories.jsx[2m > [22m[2mDefault
[22m[39m[ChatContext] Waiting for subscription to initialize
[90mstdout[2m | src/components/SafeHydrate.stories.jsx[2m > [22m[2mDefault
[22m[39m[SettingsContext] Setting up Settings subscription for user: mock-user-sub
[90mstdout[2m | src/components/SafeHydrate.stories.jsx[2m > [22m[2mDefault
[22m[39m[Mock Data] generateClient() called - returning mock client
[90mstdout[2m | src/components/SafeHydrate.stories.jsx[2m > [22m[2mDefault
[22m[39m[Mock amplifyClient] getAmplifyClient() called - returning mock client
[90mstdout[2m | src/components/SafeHydrate.stories.jsx[2m > [22m[2mDefault
[22m[39m[Mock Data] Settings.observeQuery() called with filter: undefined
[90mstdout[2m | src/components/SafeHydrate.stories.jsx[2m > [22m[2mDefault
[22m[39m[Mock Data] Settings.observeQuery() returning 0 items (filter applied) undefined
[90mstdout[2m | src/components/SafeHydrate.stories.jsx[2m > [22m[2mDefault
[22m[39m[Mock Data] Settings subscription added. Total subscriptions: 1
[90mstdout[2m | src/components/SafeHydrate.stories.jsx[2m > [22m[2mDefault
[22m[39m[SectionContext] Initial sections: 0 []
[90mstdout[2m | src/components/SafeHydrate.stories.jsx[2m > [22m[2mDefault
[22m[39m[Mock Data] Section.onCreate() called with filter: undefined
[90mstdout[2m | src/components/SafeHydrate.stories.jsx[2m > [22m[2mDefault
[22m[39m[Mock Data] Section.onCreate() subscription added. Total: 1
[90mstdout[2m | src/components/SafeHydrate.stories.jsx[2m > [22m[2mDefault
[22m[39m[Mock Data] Section.onUpdate() called with filter: undefined
[90mstdout[2m | src/components/SafeHydrate.stories.jsx[2m > [22m[2mDefault
[22m[39m[Mock Data] Section.onUpdate() subscription added. Total: 1
[90mstdout[2m | src/components/SafeHydrate.stories.jsx[2m > [22m[2mDefault
[22m[39m[Mock Data] Section.onDelete() called with filter: undefined
[90mstdout[2m | src/components/SafeHydrate.stories.jsx[2m > [22m[2mDefault
[22m[39m[Mock Data] Section.onDelete() subscription added. Total: 1
[90mstdout[2m | src/components/SafeHydrate.stories.jsx[2m > [22m[2mDefault
[22m[39m[Mock Data] Assignment.onCreate() called with filter: {
  "filter": {
    "unitID": {
      "eq": "mock-unit-id",
    },
  },
}
[90mstdout[2m | src/components/SafeHydrate.stories.jsx[2m > [22m[2mDefault
[22m[39m[Mock Data] Assignment.onCreate() subscription added. Total: 1
[90mstdout[2m | src/components/SafeHydrate.stories.jsx[2m > [22m[2mDefault
[22m[39m[Mock Data] Assignment.onUpdate() called with filter: {
  "filter": {
    "unitID": {
      "eq": "mock-unit-id",
    },
  },
}
[90mstdout[2m | src/components/SafeHydrate.stories.jsx[2m > [22m[2mDefault
[22m[39m[Mock Data] Assignment.onUpdate() subscription added. Total: 1
[90mstdout[2m | src/components/SafeHydrate.stories.jsx[2m > [22m[2mDefault
[22m[39m[Mock Data] Assignment.onDelete() called with filter: {
  "filter": {
    "unitID": {
      "eq": "mock-unit-id",
    },
  },
}
[90mstdout[2m | src/components/SafeHydrate.stories.jsx[2m > [22m[2mDefault
[22m[39m[Mock Data] Assignment.onDelete() subscription added. Total: 1
[90mstdout[2m | src/components/SafeHydrate.stories.jsx[2m > [22m[2mDefault
[22m[39m[FilesContext] File observeQuery subscription triggered:
[90mstdout[2m | src/components/SafeHydrate.stories.jsx[2m > [22m[2mDefault
[22m[39m  - items.length: 6
[90mstdout[2m | src/components/SafeHydrate.stories.jsx[2m > [22m[2mDefault
[22m[39m  - isSynced: true
[90mstdout[2m | src/components/SafeHydrate.stories.jsx[2m > [22m[2mDefault
[22m[39m  - items: [
  {
    "_deleted": null,
    "_lastChangedAt": 1767711773285,
    "_version": 1,
    "byHex": null,
    "createdAt": "2026-01-06T15:02:53.253Z",
    "description": "Japanese language textbook - Chapter 1",
    "document": Promise {},
    "documentID": "e01017e1-fe7a-4521-b71c-09ec31b18639",
    "duration": null,
    "embedding": null,
    "generated": null,
    "hex": null,
    "id": "a57d7833-5fa7-4cb7-8b7a-ce7c6e10e551",
    "identityId": "us-east-1:b0eadde9-f02c-c71b-17a6-22ffd37d89c8",
    "key": "files/Japanese Wind 1.pdf",
    "level": "protected",
    "mimeType": "application/pdf",
    "model": null,
    "name": "Japanese Wind 1.pdf",
    "owner": "64d81418-7021-701d-9fed-a4c2e0735711",
    "parsedContent": [Function anonymous],
    "parsedContentID": null,
    "path": "files/Japanese Wind 1.pdf",
    "prompt": null,
    "size": 4706654,
    "thumbnail": null,
    "type": "pdf",
    "updatedAt": "2026-01-06T15:02:53.253Z",
    "variant": null,
    "waveformData": null,
  },
  {
    "_version": 2,
    "createdAt": "2026-01-15T10:00:00.000Z",
    "description": "Sample report with vocabulary",
    "document": Promise {},
    "documentID": "cd824b5b-2c66-41f8-8571-aa6794ff590c",
    "generated": false,
    "id": "mock-pdf-file-2",
    "identityId": "us-east-1:mock-identity",
    "key": "files/report.pdf",
    "level": "protected",
    "mimeType": "application/pdf",
    "name": "report.pdf",
    "owner": "mock-user-id",
    "parsedContent": [Function anonymous],
    "path": "files/report.pdf",
    "size": 123456,
    "type": "pdf",
    "updatedAt": "2026-01-15T10:30:00.000Z",
  },
  {
    "_version": 3,
    "createdAt": "2026-01-14T08:00:00.000Z",
    "description": "Vocabulary lesson PDF with extracted content",
    "document": Promise {},
    "documentID": "mock-document-3",
    "generated": false,
    "id": "mock-pdf-file-3",
    "identityId": "us-east-1:mock-identity",
    "key": "files/vocabulary-lesson.pdf",
    "level": "public",
    "mimeType": "application/pdf",
    "name": "vocabulary-lesson.pdf",
    "owner": "mock-user-id",
    "parsedContent": [Function anonymous],
    "path": "files/vocabulary-lesson.pdf",
    "size": 567890,
    "type": "pdf",
    "updatedAt": "2026-01-14T08:45:00.000Z",
  },
  {
    "_version": 1,
    "createdAt": "2026-01-20T10:00:00.000Z",
    "description": "Sample pronunciation audio",
    "documentID": null,
    "duration": 3.5,
    "generated": true,
    "id": "mock-audio-file-1",
    "identityId": "us-east-1:mock-identity",
    "key": "audio/pronunciation-demo.mp3",
    "level": "public",
    "mimeType": "audio/mpeg",
    "name": "pronunciation-demo.mp3",
    "owner": "mock-user-id",
    "parsedContent": [Function anonymous],
    "path": "/story-mocks/cinematic-designed-sci-fi-whoosh-transition-nexawave-228295.mp3",
    "size": 56789,
    "type": "audio",
    "updatedAt": "2026-01-20T10:00:00.000Z",
    "waveformData": null,
  },
  {
    "_version": 1,
    "createdAt": "2026-01-19T14:30:00.000Z",
    "description": "Lesson introduction audio",
    "documentID": null,
    "duration": 5.2,
    "generated": false,
    "id": "mock-audio-file-2",
    "identityId": "us-east-1:mock-identity",
    "key": "audio/lesson-intro.mp3",
    "level": "public",
    "mimeType": "audio/mpeg",
    "name": "lesson-intro.mp3",
    "owner": "mock-user-id",
    "parsedContent": [Function anonymous],
    "path": "/story-mocks/descent-whoosh-long-cinematic-sound-effect-405921.mp3",
    "size": 87654,
    "type": "audio",
    "updatedAt": "2026-01-19T14:30:00.000Z",
    "waveformData": null,
  },
  {
    "_version": 1,
    "createdAt": "2026-01-18T09:15:00.000Z",
    "description": "Hiragana character chart",
    "documentID": null,
    "generated": false,
    "id": "mock-image-file-1",
    "identityId": "us-east-1:mock-identity",
    "key": "images/hiragana-chart.png",
    "level": "public",
    "mimeType": "image/png",
    "name": "hiragana-chart.png",
    "owner": "mock-user-id",
    "parsedContent": [Function anonymous],
    "path": "images/hiragana-chart.png",
    "size": 234567,
    "thumbnail": "thumbnails/hiragana-chart-thumb.png",
    "type": "image",
    "updatedAt": "2026-01-18T09:15:00.000Z",
  },
]
[90mstdout[2m | src/components/SafeHydrate.stories.jsx[2m > [22m[2mDefault
[22m[39m[ChatContext] AssistantChat query update: 1 items (synced)
[90mstdout[2m | src/components/SafeHydrate.stories.jsx[2m > [22m[2mDefault
[22m[39m[ChatContext] First item details: {
  "id": "mock-assistant-chat-1",
  "updatedAt": "2024-01-26T10:15:00.000Z",
}
[90mstdout[2m | src/components/SafeHydrate.stories.jsx[2m > [22m[2mDefault
[22m[39m[ChatContext] AssistantChat subscription initialized
[90mstdout[2m | src/components/SafeHydrate.stories.jsx[2m > [22m[2mDefault
[22m[39m[ChatContext] AssistantChat list updated: 1 chats
[90mstdout[2m | src/components/SafeHydrate.stories.jsx[2m > [22m[2mDefault
[22m[39m[ChatContext] Setting initial chat: mock-assistant-chat-1
[90mstdout[2m | src/components/SafeHydrate.stories.jsx[2m > [22m[2mDefault
[22m[39m[FilesContext] Files count changed: 0 → 6
[90mstdout[2m | src/components/SafeHydrate.stories.jsx[2m > [22m[2mDefault
[22m[39m[MOCK CourseVectorStore] Initialized with mock data
[90mstdout[2m | src/components/SafeHydrate.stories.jsx[2m > [22m[2mDefault
[22m[39m[MOCK CourseVectorStore] Initialized with mock data
[90mstdout[2m | src/components/SafeHydrate.stories.jsx[2m > [22m[2mDefault
[22m[39m[Mock Data] Settings.create() called with: {
  "assistantVoice": "shimmer",
  "autoAnalyzeDocuments": true,
  "defaultAIModel": "gpt-4",
  "documentAnalysisModel": "gpt-4",
  "editorFontSize": 14,
  "editorTheme": "auto",
  "emailNotifications": true,
  "language": "en",
  "webhookNotifications": false,
}
[90mstdout[2m | src/components/SafeHydrate.stories.jsx[2m > [22m[2mDefault
[22m[39m[Mock Data] Settings created: mock-settings-1776336993835 - notified 1 subscribers
[90mstdout[2m | src/components/SafeHydrate.stories.jsx[2m > [22m[2mDefault
[22m[39m[FilesContext] Vector store population triggered {
  "currentVectorStoreSize": 3,
  "documentsCount": 0,
  "filesCount": 6,
  "isInitialLoad": true,
}
[90mstdout[2m | src/components/SafeHydrate.stories.jsx[2m > [22m[2mDefault
[22m[39m[FilesContext] Vector store population complete - 3 total embeddings
[90mstdout[2m | src/components/SafeHydrate.stories.jsx[2m > [22m[2mDefault
[22m[39m[ChatContext] Chat exists and not archived, skipping creation
[90mstdout[2m | src/components/SafeHydrate.stories.jsx[2m > [22m[2mWith Complex Content
[22m[39m[Mock Data] Settings subscription unsubscribed. Remaining: 0
[90mstdout[2m | src/components/SafeHydrate.stories.jsx[2m > [22m[2mWith Complex Content
[22m[39m[ChatContext] Cleaning up subscription
[90mstdout[2m | src/components/SafeHydrate.stories.jsx[2m > [22m[2mWith Complex Content
[22m[39m[Mock Data] AssistantChat subscription unsubscribed. Remaining: 0
[90mstdout[2m | src/components/SafeHydrate.stories.jsx[2m > [22m[2mWith Complex Content
[22m[39m[Mock Data] File subscription unsubscribed. Remaining: 0
[90mstdout[2m | src/components/SafeHydrate.stories.jsx[2m > [22m[2mWith Complex Content
[22m[39m[Mock Data] Document subscription unsubscribed. Remaining: 0
[90mstdout[2m | src/components/SafeHydrate.stories.jsx[2m > [22m[2mWith Complex Content
[22m[39m[Mock Data] Word subscription unsubscribed. Remaining: 0
[90mstdout[2m | src/components/SafeHydrate.stories.jsx[2m > [22m[2mWith Complex Content
[22m[39m[Mock Data] Question subscription unsubscribed. Remaining: 0
[90mstdout[2m | src/components/SafeHydrate.stories.jsx[2m > [22m[2mWith Complex Content
[22m[39m[Mock Data] Grade subscription unsubscribed. Remaining: 0
[90mstdout[2m | src/components/SafeHydrate.stories.jsx[2m > [22m[2mWith Complex Content
[22m[39m[Mock Data] Unit subscription unsubscribed. Remaining: 0
[90mstdout[2m | src/components/SafeHydrate.stories.jsx[2m > [22m[2mWith Complex Content
[22m[39m[SectionContext] Cleaning up subscriptions
[90mstdout[2m | src/components/SafeHydrate.stories.jsx[2m > [22m[2mWith Complex Content
[22m[39m[Mock Data] Section.onCreate() subscription removed. Remaining: 0
[90mstdout[2m | src/components/SafeHydrate.stories.jsx[2m > [22m[2mWith Complex Content
[22m[39m[Mock Data] Section.onUpdate() subscription removed. Remaining: 0
[90mstdout[2m | src/components/SafeHydrate.stories.jsx[2m > [22m[2mWith Complex Content
[22m[39m[Mock Data] Section.onDelete() subscription removed. Remaining: 0
[90mstdout[2m | src/components/SafeHydrate.stories.jsx[2m > [22m[2mWith Complex Content
[22m[39m[Mock Data] Assignment.onCreate() subscription removed. Remaining: 0
[90mstdout[2m | src/components/SafeHydrate.stories.jsx[2m > [22m[2mWith Complex Content
[22m[39m[Mock Data] Assignment.onUpdate() subscription removed. Remaining: 0
[90mstdout[2m | src/components/SafeHydrate.stories.jsx[2m > [22m[2mWith Complex Content
[22m[39m[Mock Data] Assignment.onDelete() subscription removed. Remaining: 0
[90mstdout[2m | src/components/SafeHydrate.stories.jsx[2m > [22m[2mWith Complex Content
[22m[39m[Mock Data] Clearing all data stores
[90mstdout[2m | src/components/SafeHydrate.stories.jsx[2m > [22m[2mWith Complex Content
[22m[39m[Mock Data] All data stores cleared
[90mstdout[2m | src/components/SafeHydrate.stories.jsx[2m > [22m[2mWith Complex Content
[22m[39m[Preview] Cleared mock data for story
[90mstdout[2m | src/components/SafeHydrate.stories.jsx[2m > [22m[2mWith Complex Content
[22m[39m[Mock Data Gen 2] Initializing mock data
[90mstdout[2m | src/components/SafeHydrate.stories.jsx[2m > [22m[2mWith Complex Content
[22m[39m[Mock Data] seedMockAssistantChats: Replacing with 1 assistant chats
[90mstdout[2m | src/components/SafeHydrate.stories.jsx[2m > [22m[2mWith Complex Content
[22m[39m[Mock Data Gen 2] Seeded AssistantChat: mock-assistant-chat-1
[90mstdout[2m | src/components/SafeHydrate.stories.jsx[2m > [22m[2mWith Complex Content
[22m[39m[Mock Data] seedMockFiles: Adding 6 files
[90mstdout[2m | src/components/SafeHydrate.stories.jsx[2m > [22m[2mWith Complex Content
[22m[39m[Mock Data Gen 2] Seeded Files: 6
[90mstdout[2m | src/components/SafeHydrate.stories.jsx[2m > [22m[2mWith Complex Content
[22m[39m[Mock Data Gen 2] Initializing mock data
[90mstdout[2m | src/components/SafeHydrate.stories.jsx[2m > [22m[2mWith Complex Content
[22m[39m[Mock Data] seedMockAssistantChats: Replacing with 1 assistant chats
[90mstdout[2m | src/components/SafeHydrate.stories.jsx[2m > [22m[2mWith Complex Content
[22m[39m[Mock Data Gen 2] Seeded AssistantChat: mock-assistant-chat-1
[90mstdout[2m | src/components/SafeHydrate.stories.jsx[2m > [22m[2mWith Complex Content
[22m[39m[Mock Data] seedMockFiles: Adding 6 files
[90mstdout[2m | src/components/SafeHydrate.stories.jsx[2m > [22m[2mWith Complex Content
[22m[39m[Mock Data Gen 2] Seeded Files: 6
[90mstdout[2m | src/components/SafeHydrate.stories.jsx[2m > [22m[2mWith Complex Content
[22m[39m[Preview] Initialized default mock data for story
[90mstdout[2m | src/components/SafeHydrate.stories.jsx[2m > [22m[2mWith Complex Content
[22m[39m[Mock AuthContext] Providing auth: {
  "error": undefined,
  "isLoading": false,
  "session": {
    "idToken": {
      "toString": [Function toString],
    },
    "identityId": "us-east-1:mock-identity-123",
    "username": "mock-user-sub",
  },
  "user": {
    "attributes": {
      "email": "alice@example.com",
      "name": "Alice Student",
      "sub": "mock-user-sub",
    },
  },
}
[90mstdout[2m | src/components/SafeHydrate.stories.jsx[2m > [22m[2mWith Complex Content
[22m[39m[Mock Data] generateClient() called - returning mock client
[90mstdout[2m | src/components/SafeHydrate.stories.jsx[2m > [22m[2mWith Complex Content
[22m[39m[Mock amplifyClient] getAmplifyClient() called - returning mock client
[90mstdout[2m | src/components/SafeHydrate.stories.jsx[2m > [22m[2mWith Complex Content
[22m[39m[MOCK CourseVectorStore] Initialized with mock data
[90mstdout[2m | src/components/SafeHydrate.stories.jsx[2m > [22m[2mWith Complex Content
[22m[39m[TranslationModeController] Setting mode to: off
[90mstdout[2m | src/components/SafeHydrate.stories.jsx[2m > [22m[2mWith Complex Content
[22m[39m[SectionContext] useEffect triggered {
  "authLoading": false,
  "hasUser": true,
  "userSub": "mock-user-sub",
}
[90mstdout[2m | src/components/SafeHydrate.stories.jsx[2m > [22m[2mWith Complex Content
[22m[39m[SectionContext] Fetching sections for userId: mock-user-sub
[90mstdout[2m | src/components/SafeHydrate.stories.jsx[2m > [22m[2mWith Complex Content
[22m[39m[Mock Data] generateClient() called - returning mock client
[90mstdout[2m | src/components/SafeHydrate.stories.jsx[2m > [22m[2mWith Complex Content
[22m[39m[Mock amplifyClient] getAmplifyClient() called - returning mock client
[90mstdout[2m | src/components/SafeHydrate.stories.jsx[2m > [22m[2mWith Complex Content
[22m[39m[Mock Data] Section.list() called with options: undefined
[90mstdout[2m | src/components/SafeHydrate.stories.jsx[2m > [22m[2mWith Complex Content
[22m[39m[Mock Data] generateClient() called - returning mock client
[90mstdout[2m | src/components/SafeHydrate.stories.jsx[2m > [22m[2mWith Complex Content
[22m[39m[Mock amplifyClient] getAmplifyClient() called - returning mock client
[90mstdout[2m | src/components/SafeHydrate.stories.jsx[2m > [22m[2mWith Complex Content
[22m[39m[Mock Data] Assignment.list() called with options: {
  "filter": {
    "unitID": {
      "eq": "mock-unit-id",
    },
  },
}
[90mstdout[2m | src/components/SafeHydrate.stories.jsx[2m > [22m[2mWith Complex Content
[22m[39m[Mock Data] generateClient() called - returning mock client
[90mstdout[2m | src/components/SafeHydrate.stories.jsx[2m > [22m[2mWith Complex Content
[22m[39m[Mock amplifyClient] getAmplifyClient() called - returning mock client
[90mstdout[2m | src/components/SafeHydrate.stories.jsx[2m > [22m[2mWith Complex Content
[22m[39m[Mock Data] Grade.observeQuery() called with filter: {
  "filter": {
    "unitID": {
      "eq": "mock-unit-id",
    },
  },
}
[90mstdout[2m | src/components/SafeHydrate.stories.jsx[2m > [22m[2mWith Complex Content
[22m[39m[Mock Data] Grade.observeQuery() applying filter: {
  "unitID": {
    "eq": "mock-unit-id",
  },
}
[90mstdout[2m | src/components/SafeHydrate.stories.jsx[2m > [22m[2mWith Complex Content
[22m[39m[Mock Data] Grade.observeQuery() items before filter: 0
[90mstdout[2m | src/components/SafeHydrate.stories.jsx[2m > [22m[2mWith Complex Content
[22m[39m[Mock Data] Grade.observeQuery() items after filter: 0
[90mstdout[2m | src/components/SafeHydrate.stories.jsx[2m > [22m[2mWith Complex Content
[22m[39m[Mock Data] Grade.observeQuery() returning 0 items (filter applied) {
  "filter": {
    "unitID": {
      "eq": "mock-unit-id",
    },
  },
}
[90mstdout[2m | src/components/SafeHydrate.stories.jsx[2m > [22m[2mWith Complex Content
[22m[39m[Mock Data] Grade subscription added. Total subscriptions: 1
[90mstdout[2m | src/components/SafeHydrate.stories.jsx[2m > [22m[2mWith Complex Content
[22m[39m[UnitContext] useEffect triggered {
  "authLoading": false,
  "hasUser": true,
  "id": "mock-unit-id",
  "userSub": "mock-user-sub",
}
[90mstdout[2m | src/components/SafeHydrate.stories.jsx[2m > [22m[2mWith Complex Content
[22m[39m[UnitContext] Fetching unit data for id: mock-unit-id
[90mstdout[2m | src/components/SafeHydrate.stories.jsx[2m > [22m[2mWith Complex Content
[22m[39m[Mock Data] generateClient() called - returning mock client
[90mstdout[2m | src/components/SafeHydrate.stories.jsx[2m > [22m[2mWith Complex Content
[22m[39m[Mock amplifyClient] getAmplifyClient() called - returning mock client
[90mstdout[2m | src/components/SafeHydrate.stories.jsx[2m > [22m[2mWith Complex Content
[22m[39m[Mock Data] Unit.observeQuery() called with filter: {
  "filter": {
    "id": {
      "eq": "mock-unit-id",
    },
  },
}
[90mstdout[2m | src/components/SafeHydrate.stories.jsx[2m > [22m[2mWith Complex Content
[22m[39m[Mock Data] Unit.observeQuery() applying filter: {
  "id": {
    "eq": "mock-unit-id",
  },
}
[90mstdout[2m | src/components/SafeHydrate.stories.jsx[2m > [22m[2mWith Complex Content
[22m[39m[Mock Data] Unit.observeQuery() items before filter: 0
[90mstdout[2m | src/components/SafeHydrate.stories.jsx[2m > [22m[2mWith Complex Content
[22m[39m[Mock Data] Unit.observeQuery() items after filter: 0
[90mstdout[2m | src/components/SafeHydrate.stories.jsx[2m > [22m[2mWith Complex Content
[22m[39m[Mock Data] Unit.observeQuery() returning 0 items (filter applied) {
  "filter": {
    "id": {
      "eq": "mock-unit-id",
    },
  },
}
[90mstdout[2m | src/components/SafeHydrate.stories.jsx[2m > [22m[2mWith Complex Content
[22m[39m[Mock Data] Unit subscription added. Total subscriptions: 1
[90mstdout[2m | src/components/SafeHydrate.stories.jsx[2m > [22m[2mWith Complex Content
[22m[39m[Mock Data] generateClient() called - returning mock client
[90mstdout[2m | src/components/SafeHydrate.stories.jsx[2m > [22m[2mWith Complex Content
[22m[39m[Mock amplifyClient] getAmplifyClient() called - returning mock client
[90mstdout[2m | src/components/SafeHydrate.stories.jsx[2m > [22m[2mWith Complex Content
[22m[39m[Mock Data] Word.observeQuery() called with filter: undefined
[90mstdout[2m | src/components/SafeHydrate.stories.jsx[2m > [22m[2mWith Complex Content
[22m[39m[Mock Data] Word.observeQuery() returning 0 items (filter applied) undefined
[90mstdout[2m | src/components/SafeHydrate.stories.jsx[2m > [22m[2mWith Complex Content
[22m[39m[Mock Data] Word subscription added. Total subscriptions: 1
[90mstdout[2m | src/components/SafeHydrate.stories.jsx[2m > [22m[2mWith Complex Content
[22m[39m[Mock Data] generateClient() called - returning mock client
[90mstdout[2m | src/components/SafeHydrate.stories.jsx[2m > [22m[2mWith Complex Content
[22m[39m[Mock amplifyClient] getAmplifyClient() called - returning mock client
[90mstdout[2m | src/components/SafeHydrate.stories.jsx[2m > [22m[2mWith Complex Content
[22m[39m[Mock Data] Question.observeQuery() called with filter: undefined
[90mstdout[2m | src/components/SafeHydrate.stories.jsx[2m > [22m[2mWith Complex Content
[22m[39m[Mock Data] Question.observeQuery() returning 0 items (filter applied) undefined
[90mstdout[2m | src/components/SafeHydrate.stories.jsx[2m > [22m[2mWith Complex Content
[22m[39m[Mock Data] Question subscription added. Total subscriptions: 1
[90mstdout[2m | src/components/SafeHydrate.stories.jsx[2m > [22m[2mWith Complex Content
[22m[39m[FilesContext] Initializing vector store from IndexedDB
[90mstdout[2m | src/components/SafeHydrate.stories.jsx[2m > [22m[2mWith Complex Content
[22m[39m[FilesContext] fetchFiles called
[90mstdout[2m | src/components/SafeHydrate.stories.jsx[2m > [22m[2mWith Complex Content
[22m[39m[FilesContext] User authenticated: mock-user-sub
[90mstdout[2m | src/components/SafeHydrate.stories.jsx[2m > [22m[2mWith Complex Content
[22m[39m[FilesContext] Identity ID: us-east-1:mock-identity-123
[90mstdout[2m | src/components/SafeHydrate.stories.jsx[2m > [22m[2mWith Complex Content
[22m[39m[FilesContext] About to subscribe to File model
[90mstdout[2m | src/components/SafeHydrate.stories.jsx[2m > [22m[2mWith Complex Content
[22m[39m[Mock Data] generateClient() called - returning mock client
[90mstdout[2m | src/components/SafeHydrate.stories.jsx[2m > [22m[2mWith Complex Content
[22m[39m[Mock amplifyClient] getAmplifyClient() called - returning mock client
[90mstdout[2m | src/components/SafeHydrate.stories.jsx[2m > [22m[2mWith Complex Content
[22m[39m[Mock Data] File.observeQuery() called with filter: undefined
[90mstdout[2m | src/components/SafeHydrate.stories.jsx[2m > [22m[2mWith Complex Content
[22m[39m[Mock Data] File.observeQuery() returning 6 items (filter applied) undefined
[90mstdout[2m | src/components/SafeHydrate.stories.jsx[2m > [22m[2mWith Complex Content
[22m[39m[Mock Data] File subscription added. Total subscriptions: 1
[90mstdout[2m | src/components/SafeHydrate.stories.jsx[2m > [22m[2mWith Complex Content
[22m[39m[Mock Data] generateClient() called - returning mock client
[90mstdout[2m | src/components/SafeHydrate.stories.jsx[2m > [22m[2mWith Complex Content
[22m[39m[Mock amplifyClient] getAmplifyClient() called - returning mock client
[90mstdout[2m | src/components/SafeHydrate.stories.jsx[2m > [22m[2mWith Complex Content
[22m[39m[Mock Data] Document.observeQuery() called with filter: undefined
[90mstdout[2m | src/components/SafeHydrate.stories.jsx[2m > [22m[2mWith Complex Content
[22m[39m[Mock Data] Document.observeQuery() returning 0 items (filter applied) undefined
[90mstdout[2m | src/components/SafeHydrate.stories.jsx[2m > [22m[2mWith Complex Content
[22m[39m[Mock Data] Document subscription added. Total subscriptions: 1
[90mstdout[2m | src/components/SafeHydrate.stories.jsx[2m > [22m[2mWith Complex Content
[22m[39m[ChatContext] Setting up observeQuery for AssistantChat
[90mstdout[2m | src/components/SafeHydrate.stories.jsx[2m > [22m[2mWith Complex Content
[22m[39m[Mock Data] AssistantChat.observeQuery() called with filter: {
  "sortDirection": "DESC",
  "sortField": "createdAt",
}
[90mstdout[2m | src/components/SafeHydrate.stories.jsx[2m > [22m[2mWith Complex Content
[22m[39m[Mock Data] AssistantChat.observeQuery() returning 1 items (filter applied) {
  "sortDirection": "DESC",
  "sortField": "createdAt",
}
[90mstdout[2m | src/components/SafeHydrate.stories.jsx[2m > [22m[2mWith Complex Content
[22m[39m[Mock Data] AssistantChat subscription added. Total subscriptions: 1
[90mstdout[2m | src/components/SafeHydrate.stories.jsx[2m > [22m[2mWith Complex Content
[22m[39m[ChatContext] Waiting for subscription to initialize
[90mstdout[2m | src/components/SafeHydrate.stories.jsx[2m > [22m[2mWith Complex Content
[22m[39m[SettingsContext] Setting up Settings subscription for user: mock-user-sub
[90mstdout[2m | src/components/SafeHydrate.stories.jsx[2m > [22m[2mWith Complex Content
[22m[39m[Mock Data] generateClient() called - returning mock client
[90mstdout[2m | src/components/SafeHydrate.stories.jsx[2m > [22m[2mWith Complex Content
[22m[39m[Mock amplifyClient] getAmplifyClient() called - returning mock client
[90mstdout[2m | src/components/SafeHydrate.stories.jsx[2m > [22m[2mWith Complex Content
[22m[39m[Mock Data] Settings.observeQuery() called with filter: undefined
[90mstdout[2m | src/components/SafeHydrate.stories.jsx[2m > [22m[2mWith Complex Content
[22m[39m[Mock Data] Settings.observeQuery() returning 0 items (filter applied) undefined
[90mstdout[2m | src/components/SafeHydrate.stories.jsx[2m > [22m[2mWith Complex Content
[22m[39m[Mock Data] Settings subscription added. Total subscriptions: 1
[90mstdout[2m | src/components/SafeHydrate.stories.jsx[2m > [22m[2mWith Complex Content
[22m[39m[SectionContext] Initial sections: 0 []
[90mstdout[2m | src/components/SafeHydrate.stories.jsx[2m > [22m[2mWith Complex Content
[22m[39m[Mock Data] Section.onCreate() called with filter: undefined
[90mstdout[2m | src/components/SafeHydrate.stories.jsx[2m > [22m[2mWith Complex Content
[22m[39m[Mock Data] Section.onCreate() subscription added. Total: 1
[90mstdout[2m | src/components/SafeHydrate.stories.jsx[2m > [22m[2mWith Complex Content
[22m[39m[Mock Data] Section.onUpdate() called with filter: undefined
[90mstdout[2m | src/components/SafeHydrate.stories.jsx[2m > [22m[2mWith Complex Content
[22m[39m[Mock Data] Section.onUpdate() subscription added. Total: 1
[90mstdout[2m | src/components/SafeHydrate.stories.jsx[2m > [22m[2mWith Complex Content
[22m[39m[Mock Data] Section.onDelete() called with filter: undefined
[90mstdout[2m | src/components/SafeHydrate.stories.jsx[2m > [22m[2mWith Complex Content
[22m[39m[Mock Data] Section.onDelete() subscription added. Total: 1
[90mstdout[2m | src/components/SafeHydrate.stories.jsx[2m > [22m[2mWith Complex Content
[22m[39m[Mock Data] Assignment.onCreate() called with filter: {
  "filter": {
    "unitID": {
      "eq": "mock-unit-id",
    },
  },
}
[90mstdout[2m | src/components/SafeHydrate.stories.jsx[2m > [22m[2mWith Complex Content
[22m[39m[Mock Data] Assignment.onCreate() subscription added. Total: 1
[90mstdout[2m | src/components/SafeHydrate.stories.jsx[2m > [22m[2mWith Complex Content
[22m[39m[Mock Data] Assignment.onUpdate() called with filter: {
  "filter": {
    "unitID": {
      "eq": "mock-unit-id",
    },
  },
}
[90mstdout[2m | src/components/SafeHydrate.stories.jsx[2m > [22m[2mWith Complex Content
[22m[39m[Mock Data] Assignment.onUpdate() subscription added. Total: 1
[90mstdout[2m | src/components/SafeHydrate.stories.jsx[2m > [22m[2mWith Complex Content
[22m[39m[Mock Data] Assignment.onDelete() called with filter: {
  "filter": {
    "unitID": {
      "eq": "mock-unit-id",
    },
  },
}
[90mstdout[2m | src/components/SafeHydrate.stories.jsx[2m > [22m[2mWith Complex Content
[22m[39m[Mock Data] Assignment.onDelete() subscription added. Total: 1
[90mstdout[2m | src/components/SafeHydrate.stories.jsx[2m > [22m[2mWith Complex Content
[22m[39m[FilesContext] File observeQuery subscription triggered:
[90mstdout[2m | src/components/SafeHydrate.stories.jsx[2m > [22m[2mWith Complex Content
[22m[39m  - items.length: 6
[90mstdout[2m | src/components/SafeHydrate.stories.jsx[2m > [22m[2mWith Complex Content
[22m[39m  - isSynced: true
[90mstdout[2m | src/components/SafeHydrate.stories.jsx[2m > [22m[2mWith Complex Content
[22m[39m  - items: [
  {
    "_deleted": null,
    "_lastChangedAt": 1767711773285,
    "_version": 1,
    "byHex": null,
    "createdAt": "2026-01-06T15:02:53.253Z",
    "description": "Japanese language textbook - Chapter 1",
    "document": Promise {},
    "documentID": "e01017e1-fe7a-4521-b71c-09ec31b18639",
    "duration": null,
    "embedding": null,
    "generated": null,
    "hex": null,
    "id": "a57d7833-5fa7-4cb7-8b7a-ce7c6e10e551",
    "identityId": "us-east-1:b0eadde9-f02c-c71b-17a6-22ffd37d89c8",
    "key": "files/Japanese Wind 1.pdf",
    "level": "protected",
    "mimeType": "application/pdf",
    "model": null,
    "name": "Japanese Wind 1.pdf",
    "owner": "64d81418-7021-701d-9fed-a4c2e0735711",
    "parsedContent": [Function anonymous],
    "parsedContentID": null,
    "path": "files/Japanese Wind 1.pdf",
    "prompt": null,
    "size": 4706654,
    "thumbnail": null,
    "type": "pdf",
    "updatedAt": "2026-01-06T15:02:53.253Z",
    "variant": null,
    "waveformData": null,
  },
  {
    "_version": 2,
    "createdAt": "2026-01-15T10:00:00.000Z",
    "description": "Sample report with vocabulary",
    "document": Promise {},
    "documentID": "cd824b5b-2c66-41f8-8571-aa6794ff590c",
    "generated": false,
    "id": "mock-pdf-file-2",
    "identityId": "us-east-1:mock-identity",
    "key": "files/report.pdf",
    "level": "protected",
    "mimeType": "application/pdf",
    "name": "report.pdf",
    "owner": "mock-user-id",
    "parsedContent": [Function anonymous],
    "path": "files/report.pdf",
    "size": 123456,
    "type": "pdf",
    "updatedAt": "2026-01-15T10:30:00.000Z",
  },
  {
    "_version": 3,
    "createdAt": "2026-01-14T08:00:00.000Z",
    "description": "Vocabulary lesson PDF with extracted content",
    "document": Promise {},
    "documentID": "mock-document-3",
    "generated": false,
    "id": "mock-pdf-file-3",
    "identityId": "us-east-1:mock-identity",
    "key": "files/vocabulary-lesson.pdf",
    "level": "public",
    "mimeType": "application/pdf",
    "name": "vocabulary-lesson.pdf",
    "owner": "mock-user-id",
    "parsedContent": [Function anonymous],
    "path": "files/vocabulary-lesson.pdf",
    "size": 567890,
    "type": "pdf",
    "updatedAt": "2026-01-14T08:45:00.000Z",
  },
  {
    "_version": 1,
    "createdAt": "2026-01-20T10:00:00.000Z",
    "description": "Sample pronunciation audio",
    "documentID": null,
    "duration": 3.5,
    "generated": true,
    "id": "mock-audio-file-1",
    "identityId": "us-east-1:mock-identity",
    "key": "audio/pronunciation-demo.mp3",
    "level": "public",
    "mimeType": "audio/mpeg",
    "name": "pronunciation-demo.mp3",
    "owner": "mock-user-id",
    "parsedContent": [Function anonymous],
    "path": "/story-mocks/cinematic-designed-sci-fi-whoosh-transition-nexawave-228295.mp3",
    "size": 56789,
    "type": "audio",
    "updatedAt": "2026-01-20T10:00:00.000Z",
    "waveformData": null,
  },
  {
    "_version": 1,
    "createdAt": "2026-01-19T14:30:00.000Z",
    "description": "Lesson introduction audio",
    "documentID": null,
    "duration": 5.2,
    "generated": false,
    "id": "mock-audio-file-2",
    "identityId": "us-east-1:mock-identity",
    "key": "audio/lesson-intro.mp3",
    "level": "public",
    "mimeType": "audio/mpeg",
    "name": "lesson-intro.mp3",
    "owner": "mock-user-id",
    "parsedContent": [Function anonymous],
    "path": "/story-mocks/descent-whoosh-long-cinematic-sound-effect-405921.mp3",
    "size": 87654,
    "type": "audio",
    "updatedAt": "2026-01-19T14:30:00.000Z",
    "waveformData": null,
  },
  {
    "_version": 1,
    "createdAt": "2026-01-18T09:15:00.000Z",
    "description": "Hiragana character chart",
    "documentID": null,
    "generated": false,
    "id": "mock-image-file-1",
    "identityId": "us-east-1:mock-identity",
    "key": "images/hiragana-chart.png",
    "level": "public",
    "mimeType": "image/png",
    "name": "hiragana-chart.png",
    "owner": "mock-user-id",
    "parsedContent": [Function anonymous],
    "path": "images/hiragana-chart.png",
    "size": 234567,
    "thumbnail": "thumbnails/hiragana-chart-thumb.png",
    "type": "image",
    "updatedAt": "2026-01-18T09:15:00.000Z",
  },
]
[90mstdout[2m | src/components/SafeHydrate.stories.jsx[2m > [22m[2mWith Complex Content
[22m[39m[ChatContext] AssistantChat query update: 1 items (synced)
[90mstdout[2m | src/components/SafeHydrate.stories.jsx[2m > [22m[2mWith Complex Content
[22m[39m[ChatContext] First item details: {
  "id": "mock-assistant-chat-1",
  "updatedAt": "2024-01-26T10:15:00.000Z",
}
[90mstdout[2m | src/components/SafeHydrate.stories.jsx[2m > [22m[2mWith Complex Content
[22m[39m[ChatContext] AssistantChat subscription initialized
[90mstdout[2m | src/components/SafeHydrate.stories.jsx[2m > [22m[2mWith Complex Content
[22m[39m[ChatContext] AssistantChat list updated: 1 chats
[90mstdout[2m | src/components/SafeHydrate.stories.jsx[2m > [22m[2mWith Complex Content
[22m[39m[ChatContext] Setting initial chat: mock-assistant-chat-1
[90mstdout[2m | src/components/SafeHydrate.stories.jsx[2m > [22m[2mWith Complex Content
[22m[39m[FilesContext] Files count changed: 0 → 6
[90mstdout[2m | src/components/SafeHydrate.stories.jsx[2m > [22m[2mWith Complex Content
[22m[39m[MOCK CourseVectorStore] Initialized with mock data
[90mstdout[2m | src/components/SafeHydrate.stories.jsx[2m > [22m[2mWith Complex Content
[22m[39m[MOCK CourseVectorStore] Initialized with mock data
[90mstdout[2m | src/components/SafeHydrate.stories.jsx[2m > [22m[2mWith Complex Content
[22m[39m[Mock Data] Settings.create() called with: {
  "assistantVoice": "shimmer",
  "autoAnalyzeDocuments": true,
  "defaultAIModel": "gpt-4",
  "documentAnalysisModel": "gpt-4",
  "editorFontSize": 14,
  "editorTheme": "auto",
  "emailNotifications": true,
  "language": "en",
  "webhookNotifications": false,
}
[90mstdout[2m | src/components/SafeHydrate.stories.jsx[2m > [22m[2mWith Complex Content
[22m[39m[Mock Data] Settings created: mock-settings-1776336993980 - notified 1 subscribers
[90mstdout[2m | src/components/SafeHydrate.stories.jsx[2m > [22m[2mWith Complex Content
[22m[39m[FilesContext] Vector store population triggered {
  "currentVectorStoreSize": 3,
  "documentsCount": 0,
  "filesCount": 6,
  "isInitialLoad": true,
}
[90mstdout[2m | src/components/SafeHydrate.stories.jsx[2m > [22m[2mWith Complex Content
[22m[39m[FilesContext] Vector store population complete - 3 total embeddings
[90mstdout[2m | src/components/SafeHydrate.stories.jsx[2m > [22m[2mWith Complex Content
[22m[39m[ChatContext] Chat exists and not archived, skipping creation
 [32m✓[39m [30m[45m storybook (chromium) [49m[39m src/components/SafeHydrate.stories.jsx [2m([22m[2m2 tests[22m[2m)[22m[32m 283[2mms[22m[39m
[90mstdout[2m | src/components/SectionAssigner.stories.jsx[2m > [22m[2mDefault
[22m[39m[Mock Data] Settings subscription unsubscribed. Remaining: 0
[90mstdout[2m | src/components/SectionAssigner.stories.jsx[2m > [22m[2mDefault
[22m[39m[ChatContext] Cleaning up subscription
[90mstdout[2m | src/components/SectionAssigner.stories.jsx[2m > [22m[2mDefault
[22m[39m[Mock Data] AssistantChat subscription unsubscribed. Remaining: 0
[90mstdout[2m | src/components/SectionAssigner.stories.jsx[2m > [22m[2mDefault
[22m[39m[Mock Data] File subscription unsubscribed. Remaining: 0
[90mstdout[2m | src/components/SectionAssigner.stories.jsx[2m > [22m[2mDefault
[22m[39m[Mock Data] Document subscription unsubscribed. Remaining: 0
[90mstdout[2m | src/components/SectionAssigner.stories.jsx[2m > [22m[2mDefault
[22m[39m[Mock Data] Word subscription unsubscribed. Remaining: 0
[90mstdout[2m | src/components/SectionAssigner.stories.jsx[2m > [22m[2mDefault
[22m[39m[Mock Data] Question subscription unsubscribed. Remaining: 0
[90mstdout[2m | src/components/SectionAssigner.stories.jsx[2m > [22m[2mDefault
[22m[39m[Mock Data] Grade subscription unsubscribed. Remaining: 0
[90mstdout[2m | src/components/SectionAssigner.stories.jsx[2m > [22m[2mDefault
[22m[39m[Mock Data] Unit subscription unsubscribed. Remaining: 0
[90mstdout[2m | src/components/SectionAssigner.stories.jsx[2m > [22m[2mDefault
[22m[39m[SectionContext] Cleaning up subscriptions
[90mstdout[2m | src/components/SectionAssigner.stories.jsx[2m > [22m[2mDefault
[22m[39m[Mock Data] Section.onCreate() subscription removed. Remaining: 0
[90mstdout[2m | src/components/SectionAssigner.stories.jsx[2m > [22m[2mDefault
[22m[39m[Mock Data] Section.onUpdate() subscription removed. Remaining: 0
[90mstdout[2m | src/components/SectionAssigner.stories.jsx[2m > [22m[2mDefault
[22m[39m[Mock Data] Section.onDelete() subscription removed. Remaining: 0
[90mstdout[2m | src/components/SectionAssigner.stories.jsx[2m > [22m[2mDefault
[22m[39m[Mock Data] Assignment.onCreate() subscription removed. Remaining: 0
[90mstdout[2m | src/components/SectionAssigner.stories.jsx[2m > [22m[2mDefault
[22m[39m[Mock Data] Assignment.onUpdate() subscription removed. Remaining: 0
[90mstdout[2m | src/components/SectionAssigner.stories.jsx[2m > [22m[2mDefault
[22m[39m[Mock Data] Assignment.onDelete() subscription removed. Remaining: 0
[90mstdout[2m | src/components/SectionAssigner.stories.jsx[2m > [22m[2mDefault
[22m[39m[Mock Data] Clearing all data stores
[90mstdout[2m | src/components/SectionAssigner.stories.jsx[2m > [22m[2mDefault
[22m[39m[Mock Data] All data stores cleared
[90mstdout[2m | src/components/SectionAssigner.stories.jsx[2m > [22m[2mDefault
[22m[39m[Preview] Cleared mock data for story
[90mstdout[2m | src/components/SectionAssigner.stories.jsx[2m > [22m[2mDefault
[22m[39m[Mock Data Gen 2] Initializing mock data
[90mstdout[2m | src/components/SectionAssigner.stories.jsx[2m > [22m[2mDefault
[22m[39m[Mock Data] seedMockAssistantChats: Replacing with 1 assistant chats
[90mstdout[2m | src/components/SectionAssigner.stories.jsx[2m > [22m[2mDefault
[22m[39m[Mock Data Gen 2] Seeded AssistantChat: mock-assistant-chat-1
[90mstdout[2m | src/components/SectionAssigner.stories.jsx[2m > [22m[2mDefault
[22m[39m[Mock Data] seedMockFiles: Adding 6 files
[90mstdout[2m | src/components/SectionAssigner.stories.jsx[2m > [22m[2mDefault
[22m[39m[Mock Data Gen 2] Seeded Files: 6
[90mstdout[2m | src/components/SectionAssigner.stories.jsx[2m > [22m[2mDefault
[22m[39m[Mock Data Gen 2] Initializing mock data
[90mstdout[2m | src/components/SectionAssigner.stories.jsx[2m > [22m[2mDefault
[22m[39m[Mock Data] seedMockAssistantChats: Replacing with 1 assistant chats
[90mstdout[2m | src/components/SectionAssigner.stories.jsx[2m > [22m[2mDefault
[22m[39m[Mock Data Gen 2] Seeded AssistantChat: mock-assistant-chat-1
[90mstdout[2m | src/components/SectionAssigner.stories.jsx[2m > [22m[2mDefault
[22m[39m[Mock Data] seedMockFiles: Adding 6 files
[90mstdout[2m | src/components/SectionAssigner.stories.jsx[2m > [22m[2mDefault
[22m[39m[Mock Data Gen 2] Seeded Files: 6
[90mstdout[2m | src/components/SectionAssigner.stories.jsx[2m > [22m[2mDefault
[22m[39m[Preview] Initialized default mock data for story
[90mstdout[2m | src/components/SectionAssigner.stories.jsx[2m > [22m[2mDefault
[22m[39m[Mock AuthContext] Providing auth: {
  "error": undefined,
  "isLoading": false,
  "session": {
    "idToken": {
      "toString": [Function toString],
    },
    "identityId": "us-east-1:mock-identity-123",
    "username": "mock-user-sub",
  },
  "user": {
    "attributes": {
      "email": "alice@example.com",
      "name": "Alice Student",
      "sub": "mock-user-sub",
    },
  },
}
[90mstdout[2m | src/components/SectionAssigner.stories.jsx[2m > [22m[2mDefault
[22m[39m[Mock Data] generateClient() called - returning mock client
[90mstdout[2m | src/components/SectionAssigner.stories.jsx[2m > [22m[2mDefault
[22m[39m[Mock amplifyClient] getAmplifyClient() called - returning mock client
[90mstdout[2m | src/components/SectionAssigner.stories.jsx[2m > [22m[2mDefault
[22m[39m[MOCK CourseVectorStore] Initialized with mock data
[90mstdout[2m | src/components/SectionAssigner.stories.jsx[2m > [22m[2mDefault
[22m[39m[TranslationModeController] Setting mode to: off
[90mstdout[2m | src/components/SectionAssigner.stories.jsx[2m > [22m[2mDefault
[22m[39m[SectionContext] useEffect triggered {
  "authLoading": false,
  "hasUser": true,
  "userSub": "mock-user-sub",
}
[90mstdout[2m | src/components/SectionAssigner.stories.jsx[2m > [22m[2mDefault
[22m[39m[SectionContext] Fetching sections for userId: mock-user-sub
[90mstdout[2m | src/components/SectionAssigner.stories.jsx[2m > [22m[2mDefault
[22m[39m[Mock Data] generateClient() called - returning mock client
[90mstdout[2m | src/components/SectionAssigner.stories.jsx[2m > [22m[2mDefault
[22m[39m[Mock amplifyClient] getAmplifyClient() called - returning mock client
[90mstdout[2m | src/components/SectionAssigner.stories.jsx[2m > [22m[2mDefault
[22m[39m[Mock Data] Section.list() called with options: undefined
[90mstdout[2m | src/components/SectionAssigner.stories.jsx[2m > [22m[2mDefault
[22m[39m[Mock Data] generateClient() called - returning mock client
[90mstdout[2m | src/components/SectionAssigner.stories.jsx[2m > [22m[2mDefault
[22m[39m[Mock amplifyClient] getAmplifyClient() called - returning mock client
[90mstdout[2m | src/components/SectionAssigner.stories.jsx[2m > [22m[2mDefault
[22m[39m[Mock Data] Assignment.list() called with options: {
  "filter": {
    "unitID": {
      "eq": "mock-unit-id",
    },
  },
}
[90mstdout[2m | src/components/SectionAssigner.stories.jsx[2m > [22m[2mDefault
[22m[39m[Mock Data] generateClient() called - returning mock client
[90mstdout[2m | src/components/SectionAssigner.stories.jsx[2m > [22m[2mDefault
[22m[39m[Mock amplifyClient] getAmplifyClient() called - returning mock client
[90mstdout[2m | src/components/SectionAssigner.stories.jsx[2m > [22m[2mDefault
[22m[39m[Mock Data] Grade.observeQuery() called with filter: {
  "filter": {
    "unitID": {
      "eq": "mock-unit-id",
    },
  },
}
[90mstdout[2m | src/components/SectionAssigner.stories.jsx[2m > [22m[2mDefault
[22m[39m[Mock Data] Grade.observeQuery() applying filter: {
  "unitID": {
    "eq": "mock-unit-id",
  },
}
[90mstdout[2m | src/components/SectionAssigner.stories.jsx[2m > [22m[2mDefault
[22m[39m[Mock Data] Grade.observeQuery() items before filter: 0
[90mstdout[2m | src/components/SectionAssigner.stories.jsx[2m > [22m[2mDefault
[22m[39m[Mock Data] Grade.observeQuery() items after filter: 0
[90mstdout[2m | src/components/SectionAssigner.stories.jsx[2m > [22m[2mDefault
[22m[39m[Mock Data] Grade.observeQuery() returning 0 items (filter applied) {
  "filter": {
    "unitID": {
      "eq": "mock-unit-id",
    },
  },
}
[90mstdout[2m | src/components/SectionAssigner.stories.jsx[2m > [22m[2mDefault
[22m[39m[Mock Data] Grade subscription added. Total subscriptions: 1
[90mstdout[2m | src/components/SectionAssigner.stories.jsx[2m > [22m[2mDefault
[22m[39m[UnitContext] useEffect triggered {
  "authLoading": false,
  "hasUser": true,
  "id": "mock-unit-id",
  "userSub": "mock-user-sub",
}
[90mstdout[2m | src/components/SectionAssigner.stories.jsx[2m > [22m[2mDefault
[22m[39m[UnitContext] Fetching unit data for id: mock-unit-id
[90mstdout[2m | src/components/SectionAssigner.stories.jsx[2m > [22m[2mDefault
[22m[39m[Mock Data] generateClient() called - returning mock client
[90mstdout[2m | src/components/SectionAssigner.stories.jsx[2m > [22m[2mDefault
[22m[39m[Mock amplifyClient] getAmplifyClient() called - returning mock client
[90mstdout[2m | src/components/SectionAssigner.stories.jsx[2m > [22m[2mDefault
[22m[39m[Mock Data] Unit.observeQuery() called with filter: {
  "filter": {
    "id": {
      "eq": "mock-unit-id",
    },
  },
}
[90mstdout[2m | src/components/SectionAssigner.stories.jsx[2m > [22m[2mDefault
[22m[39m[Mock Data] Unit.observeQuery() applying filter: {
  "id": {
    "eq": "mock-unit-id",
  },
}
[90mstdout[2m | src/components/SectionAssigner.stories.jsx[2m > [22m[2mDefault
[22m[39m[Mock Data] Unit.observeQuery() items before filter: 0
[90mstdout[2m | src/components/SectionAssigner.stories.jsx[2m > [22m[2mDefault
[22m[39m[Mock Data] Unit.observeQuery() items after filter: 0
[90mstdout[2m | src/components/SectionAssigner.stories.jsx[2m > [22m[2mDefault
[22m[39m[Mock Data] Unit.observeQuery() returning 0 items (filter applied) {
  "filter": {
    "id": {
      "eq": "mock-unit-id",
    },
  },
}
[90mstdout[2m | src/components/SectionAssigner.stories.jsx[2m > [22m[2mDefault
[22m[39m[Mock Data] Unit subscription added. Total subscriptions: 1
[90mstdout[2m | src/components/SectionAssigner.stories.jsx[2m > [22m[2mDefault
[22m[39m[Mock Data] generateClient() called - returning mock client
[90mstdout[2m | src/components/SectionAssigner.stories.jsx[2m > [22m[2mDefault
[22m[39m[Mock amplifyClient] getAmplifyClient() called - returning mock client
[90mstdout[2m | src/components/SectionAssigner.stories.jsx[2m > [22m[2mDefault
[22m[39m[Mock Data] Word.observeQuery() called with filter: undefined
[90mstdout[2m | src/components/SectionAssigner.stories.jsx[2m > [22m[2mDefault
[22m[39m[Mock Data] Word.observeQuery() returning 0 items (filter applied) undefined
[90mstdout[2m | src/components/SectionAssigner.stories.jsx[2m > [22m[2mDefault
[22m[39m[Mock Data] Word subscription added. Total subscriptions: 1
[90mstdout[2m | src/components/SectionAssigner.stories.jsx[2m > [22m[2mDefault
[22m[39m[Mock Data] generateClient() called - returning mock client
[90mstdout[2m | src/components/SectionAssigner.stories.jsx[2m > [22m[2mDefault
[22m[39m[Mock amplifyClient] getAmplifyClient() called - returning mock client
[90mstdout[2m | src/components/SectionAssigner.stories.jsx[2m > [22m[2mDefault
[22m[39m[Mock Data] Question.observeQuery() called with filter: undefined
[90mstdout[2m | src/components/SectionAssigner.stories.jsx[2m > [22m[2mDefault
[22m[39m[Mock Data] Question.observeQuery() returning 0 items (filter applied) undefined
[90mstdout[2m | src/components/SectionAssigner.stories.jsx[2m > [22m[2mDefault
[22m[39m[Mock Data] Question subscription added. Total subscriptions: 1
[90mstdout[2m | src/components/SectionAssigner.stories.jsx[2m > [22m[2mDefault
[22m[39m[FilesContext] Initializing vector store from IndexedDB
[90mstdout[2m | src/components/SectionAssigner.stories.jsx[2m > [22m[2mDefault
[22m[39m[FilesContext] fetchFiles called
[90mstdout[2m | src/components/SectionAssigner.stories.jsx[2m > [22m[2mDefault
[22m[39m[FilesContext] User authenticated: mock-user-sub
[90mstdout[2m | src/components/SectionAssigner.stories.jsx[2m > [22m[2mDefault
[22m[39m[FilesContext] Identity ID: us-east-1:mock-identity-123
[90mstdout[2m | src/components/SectionAssigner.stories.jsx[2m > [22m[2mDefault
[22m[39m[FilesContext] About to subscribe to File model
[90mstdout[2m | src/components/SectionAssigner.stories.jsx[2m > [22m[2mDefault
[22m[39m[Mock Data] generateClient() called - returning mock client
[90mstdout[2m | src/components/SectionAssigner.stories.jsx[2m > [22m[2mDefault
[22m[39m[Mock amplifyClient] getAmplifyClient() called - returning mock client
[90mstdout[2m | src/components/SectionAssigner.stories.jsx[2m > [22m[2mDefault
[22m[39m[Mock Data] File.observeQuery() called with filter: undefined
[90mstdout[2m | src/components/SectionAssigner.stories.jsx[2m > [22m[2mDefault
[22m[39m[Mock Data] File.observeQuery() returning 6 items (filter applied) undefined
[90mstdout[2m | src/components/SectionAssigner.stories.jsx[2m > [22m[2mDefault
[22m[39m[Mock Data] File subscription added. Total subscriptions: 1
[90mstdout[2m | src/components/SectionAssigner.stories.jsx[2m > [22m[2mDefault
[22m[39m[Mock Data] generateClient() called - returning mock client
[90mstdout[2m | src/components/SectionAssigner.stories.jsx[2m > [22m[2mDefault
[22m[39m[Mock amplifyClient] getAmplifyClient() called - returning mock client
[90mstdout[2m | src/components/SectionAssigner.stories.jsx[2m > [22m[2mDefault
[22m[39m[Mock Data] Document.observeQuery() called with filter: undefined
[90mstdout[2m | src/components/SectionAssigner.stories.jsx[2m > [22m[2mDefault
[22m[39m[Mock Data] Document.observeQuery() returning 0 items (filter applied) undefined
[90mstdout[2m | src/components/SectionAssigner.stories.jsx[2m > [22m[2mDefault
[22m[39m[Mock Data] Document subscription added. Total subscriptions: 1
[90mstdout[2m | src/components/SectionAssigner.stories.jsx[2m > [22m[2mDefault
[22m[39m[ChatContext] Setting up observeQuery for AssistantChat
[90mstdout[2m | src/components/SectionAssigner.stories.jsx[2m > [22m[2mDefault
[22m[39m[Mock Data] AssistantChat.observeQuery() called with filter: {
  "sortDirection": "DESC",
  "sortField": "createdAt",
}
[90mstdout[2m | src/components/SectionAssigner.stories.jsx[2m > [22m[2mDefault
[22m[39m[Mock Data] AssistantChat.observeQuery() returning 1 items (filter applied) {
  "sortDirection": "DESC",
  "sortField": "createdAt",
}
[90mstdout[2m | src/components/SectionAssigner.stories.jsx[2m > [22m[2mDefault
[22m[39m[Mock Data] AssistantChat subscription added. Total subscriptions: 1
[90mstdout[2m | src/components/SectionAssigner.stories.jsx[2m > [22m[2mDefault
[22m[39m[ChatContext] Waiting for subscription to initialize
[90mstdout[2m | src/components/SectionAssigner.stories.jsx[2m > [22m[2mDefault
[22m[39m[SettingsContext] Setting up Settings subscription for user: mock-user-sub
[90mstdout[2m | src/components/SectionAssigner.stories.jsx[2m > [22m[2mDefault
[22m[39m[Mock Data] generateClient() called - returning mock client
[90mstdout[2m | src/components/SectionAssigner.stories.jsx[2m > [22m[2mDefault
[22m[39m[Mock amplifyClient] getAmplifyClient() called - returning mock client
[90mstdout[2m | src/components/SectionAssigner.stories.jsx[2m > [22m[2mDefault
[22m[39m[Mock Data] Settings.observeQuery() called with filter: undefined
[90mstdout[2m | src/components/SectionAssigner.stories.jsx[2m > [22m[2mDefault
[22m[39m[Mock Data] Settings.observeQuery() returning 0 items (filter applied) undefined
[90mstdout[2m | src/components/SectionAssigner.stories.jsx[2m > [22m[2mDefault
[22m[39m[Mock Data] Settings subscription added. Total subscriptions: 1
[90mstdout[2m | src/components/SectionAssigner.stories.jsx[2m > [22m[2mDefault
[22m[39m[SectionContext] Initial sections: 0 []
[90mstdout[2m | src/components/SectionAssigner.stories.jsx[2m > [22m[2mDefault
[22m[39m[Mock Data] Section.onCreate() called with filter: undefined
[90mstdout[2m | src/components/SectionAssigner.stories.jsx[2m > [22m[2mDefault
[22m[39m[Mock Data] Section.onCreate() subscription added. Total: 1
[90mstdout[2m | src/components/SectionAssigner.stories.jsx[2m > [22m[2mDefault
[22m[39m[Mock Data] Section.onUpdate() called with filter: undefined
[90mstdout[2m | src/components/SectionAssigner.stories.jsx[2m > [22m[2mDefault
[22m[39m[Mock Data] Section.onUpdate() subscription added. Total: 1
[90mstdout[2m | src/components/SectionAssigner.stories.jsx[2m > [22m[2mDefault
[22m[39m[Mock Data] Section.onDelete() called with filter: undefined
[90mstdout[2m | src/components/SectionAssigner.stories.jsx[2m > [22m[2mDefault
[22m[39m[Mock Data] Section.onDelete() subscription added. Total: 1
[90mstdout[2m | src/components/SectionAssigner.stories.jsx[2m > [22m[2mDefault
[22m[39m[Mock Data] Assignment.onCreate() called with filter: {
  "filter": {
    "unitID": {
      "eq": "mock-unit-id",
    },
  },
}
[90mstdout[2m | src/components/SectionAssigner.stories.jsx[2m > [22m[2mDefault
[22m[39m[Mock Data] Assignment.onCreate() subscription added. Total: 1
[90mstdout[2m | src/components/SectionAssigner.stories.jsx[2m > [22m[2mDefault
[22m[39m[Mock Data] Assignment.onUpdate() called with filter: {
  "filter": {
    "unitID": {
      "eq": "mock-unit-id",
    },
  },
}
[90mstdout[2m | src/components/SectionAssigner.stories.jsx[2m > [22m[2mDefault
[22m[39m[Mock Data] Assignment.onUpdate() subscription added. Total: 1
[90mstdout[2m | src/components/SectionAssigner.stories.jsx[2m > [22m[2mDefault
[22m[39m[Mock Data] Assignment.onDelete() called with filter: {
  "filter": {
    "unitID": {
      "eq": "mock-unit-id",
    },
  },
}
[90mstdout[2m | src/components/SectionAssigner.stories.jsx[2m > [22m[2mDefault
[22m[39m[Mock Data] Assignment.onDelete() subscription added. Total: 1
[90mstdout[2m | src/components/SectionAssigner.stories.jsx[2m > [22m[2mDefault
[22m[39m[FilesContext] File observeQuery subscription triggered:
[90mstdout[2m | src/components/SectionAssigner.stories.jsx[2m > [22m[2mDefault
[22m[39m  - items.length: 6
[90mstdout[2m | src/components/SectionAssigner.stories.jsx[2m > [22m[2mDefault
[22m[39m  - isSynced: true
[90mstdout[2m | src/components/SectionAssigner.stories.jsx[2m > [22m[2mDefault
[22m[39m  - items: [
  {
    "_deleted": null,
    "_lastChangedAt": 1767711773285,
    "_version": 1,
    "byHex": null,
    "createdAt": "2026-01-06T15:02:53.253Z",
    "description": "Japanese language textbook - Chapter 1",
    "document": Promise {},
    "documentID": "e01017e1-fe7a-4521-b71c-09ec31b18639",
    "duration": null,
    "embedding": null,
    "generated": null,
    "hex": null,
    "id": "a57d7833-5fa7-4cb7-8b7a-ce7c6e10e551",
    "identityId": "us-east-1:b0eadde9-f02c-c71b-17a6-22ffd37d89c8",
    "key": "files/Japanese Wind 1.pdf",
    "level": "protected",
    "mimeType": "application/pdf",
    "model": null,
    "name": "Japanese Wind 1.pdf",
    "owner": "64d81418-7021-701d-9fed-a4c2e0735711",
    "parsedContent": [Function anonymous],
    "parsedContentID": null,
    "path": "files/Japanese Wind 1.pdf",
    "prompt": null,
    "size": 4706654,
    "thumbnail": null,
    "type": "pdf",
    "updatedAt": "2026-01-06T15:02:53.253Z",
    "variant": null,
    "waveformData": null,
  },
  {
    "_version": 2,
    "createdAt": "2026-01-15T10:00:00.000Z",
    "description": "Sample report with vocabulary",
    "document": Promise {},
    "documentID": "cd824b5b-2c66-41f8-8571-aa6794ff590c",
    "generated": false,
    "id": "mock-pdf-file-2",
    "identityId": "us-east-1:mock-identity",
    "key": "files/report.pdf",
    "level": "protected",
    "mimeType": "application/pdf",
    "name": "report.pdf",
    "owner": "mock-user-id",
    "parsedContent": [Function anonymous],
    "path": "files/report.pdf",
    "size": 123456,
    "type": "pdf",
    "updatedAt": "2026-01-15T10:30:00.000Z",
  },
  {
    "_version": 3,
    "createdAt": "2026-01-14T08:00:00.000Z",
    "description": "Vocabulary lesson PDF with extracted content",
    "document": Promise {},
    "documentID": "mock-document-3",
    "generated": false,
    "id": "mock-pdf-file-3",
    "identityId": "us-east-1:mock-identity",
    "key": "files/vocabulary-lesson.pdf",
    "level": "public",
    "mimeType": "application/pdf",
    "name": "vocabulary-lesson.pdf",
    "owner": "mock-user-id",
    "parsedContent": [Function anonymous],
    "path": "files/vocabulary-lesson.pdf",
    "size": 567890,
    "type": "pdf",
    "updatedAt": "2026-01-14T08:45:00.000Z",
  },
  {
    "_version": 1,
    "createdAt": "2026-01-20T10:00:00.000Z",
    "description": "Sample pronunciation audio",
    "documentID": null,
    "duration": 3.5,
    "generated": true,
    "id": "mock-audio-file-1",
    "identityId": "us-east-1:mock-identity",
    "key": "audio/pronunciation-demo.mp3",
    "level": "public",
    "mimeType": "audio/mpeg",
    "name": "pronunciation-demo.mp3",
    "owner": "mock-user-id",
    "parsedContent": [Function anonymous],
    "path": "/story-mocks/cinematic-designed-sci-fi-whoosh-transition-nexawave-228295.mp3",
    "size": 56789,
    "type": "audio",
    "updatedAt": "2026-01-20T10:00:00.000Z",
    "waveformData": null,
  },
  {
    "_version": 1,
    "createdAt": "2026-01-19T14:30:00.000Z",
    "description": "Lesson introduction audio",
    "documentID": null,
    "duration": 5.2,
    "generated": false,
    "id": "mock-audio-file-2",
    "identityId": "us-east-1:mock-identity",
    "key": "audio/lesson-intro.mp3",
    "level": "public",
    "mimeType": "audio/mpeg",
    "name": "lesson-intro.mp3",
    "owner": "mock-user-id",
    "parsedContent": [Function anonymous],
    "path": "/story-mocks/descent-whoosh-long-cinematic-sound-effect-405921.mp3",
    "size": 87654,
    "type": "audio",
    "updatedAt": "2026-01-19T14:30:00.000Z",
    "waveformData": null,
  },
  {
    "_version": 1,
    "createdAt": "2026-01-18T09:15:00.000Z",
    "description": "Hiragana character chart",
    "documentID": null,
    "generated": false,
    "id": "mock-image-file-1",
    "identityId": "us-east-1:mock-identity",
    "key": "images/hiragana-chart.png",
    "level": "public",
    "mimeType": "image/png",
    "name": "hiragana-chart.png",
    "owner": "mock-user-id",
    "parsedContent": [Function anonymous],
    "path": "images/hiragana-chart.png",
    "size": 234567,
    "thumbnail": "thumbnails/hiragana-chart-thumb.png",
    "type": "image",
    "updatedAt": "2026-01-18T09:15:00.000Z",
  },
]
[90mstdout[2m | src/components/SectionAssigner.stories.jsx[2m > [22m[2mDefault
[22m[39m[ChatContext] AssistantChat query update: 1 items (synced)
[90mstdout[2m | src/components/SectionAssigner.stories.jsx[2m > [22m[2mDefault
[22m[39m[ChatContext] First item details: {
  "id": "mock-assistant-chat-1",
  "updatedAt": "2024-01-26T10:15:00.000Z",
}
[90mstdout[2m | src/components/SectionAssigner.stories.jsx[2m > [22m[2mDefault
[22m[39m[ChatContext] AssistantChat subscription initialized
[90mstdout[2m | src/components/SectionAssigner.stories.jsx[2m > [22m[2mDefault
[22m[39m[ChatContext] AssistantChat list updated: 1 chats
[90mstdout[2m | src/components/SectionAssigner.stories.jsx[2m > [22m[2mDefault
[22m[39m[ChatContext] Setting initial chat: mock-assistant-chat-1
[90mstdout[2m | src/components/SectionAssigner.stories.jsx[2m > [22m[2mDefault
[22m[39m[FilesContext] Files count changed: 0 → 6
[90mstdout[2m | src/components/SectionAssigner.stories.jsx[2m > [22m[2mDefault
[22m[39m[MOCK CourseVectorStore] Initialized with mock data
[90mstdout[2m | src/components/SectionAssigner.stories.jsx[2m > [22m[2mDefault
[22m[39m[MOCK CourseVectorStore] Initialized with mock data
[90mstdout[2m | src/components/SectionAssigner.stories.jsx[2m > [22m[2mDefault
[22m[39m[useTranslationWithCapture] t() called: {
  "key": "sectionAssigner.dialogTitle",
  "mode": "off",
  "namespace": "components",
  "value": "Assign to Section",
}
[90mstdout[2m | src/components/SectionAssigner.stories.jsx[2m > [22m[2mDefault
[22m[39m[useTranslationWithCapture] t() called: {
  "key": "sectionAssigner.dueDateNote",
  "mode": "off",
  "namespace": "components",
  "value": "Users will be allowed to continue after the due date has passed. The due date will be used to sort the units in the class section.",
}
[90mstdout[2m | src/components/SectionAssigner.stories.jsx[2m > [22m[2mDefault
[22m[39m[useTranslationWithCapture] t() called: {
  "key": "sectionAssigner.dueDate",
  "mode": "off",
  "namespace": "components",
  "value": "Due Date",
}
[90mstdout[2m | src/components/SectionAssigner.stories.jsx[2m > [22m[2mDefault
[22m[39m[useTranslationWithCapture] t() called: {
  "key": "sectionAssigner.selectSection",
  "mode": "off",
  "namespace": "components",
  "value": "Select Section",
}
[90mstdout[2m | src/components/SectionAssigner.stories.jsx[2m > [22m[2mDefault
[22m[39m[useTranslationWithCapture] t() called: {
  "key": "sectionAssigner.selectSection",
  "mode": "off",
  "namespace": "components",
  "value": "Select Section",
}
[90mstdout[2m | src/components/SectionAssigner.stories.jsx[2m > [22m[2mDefault
[22m[39m[useTranslationWithCapture] t() called: {
  "key": "sectionAssigner.selectSectionHelper",
  "mode": "off",
  "namespace": "components",
  "value": "Select a section to assign the due date to",
}
[90mstdout[2m | src/components/SectionAssigner.stories.jsx[2m > [22m[2mDefault
[22m[39m[useTranslationWithCapture] t() called: {
  "key": "sectionAssigner.cancel",
  "mode": "off",
  "namespace": "components",
  "value": "Cancel",
}
[90mstdout[2m | src/components/SectionAssigner.stories.jsx[2m > [22m[2mDefault
[22m[39m[useTranslationWithCapture] t() called: {
  "key": "sectionAssigner.assign",
  "mode": "off",
  "namespace": "components",
  "value": "Assign",
}
[90mstdout[2m | src/components/SectionAssigner.stories.jsx[2m > [22m[2mDefault
[22m[39m[useTranslationWithCapture] t() called: {
  "key": "sectionAssigner.assignedToSections",
  "mode": "off",
  "namespace": "components",
  "value": "Assigned to Sections",
}
[90mstdout[2m | src/components/SectionAssigner.stories.jsx[2m > [22m[2mDefault
[22m[39m[useTranslationWithCapture] t() called: {
  "key": "sectionAssigner.delete",
  "mode": "off",
  "namespace": "components",
  "value": "Delete",
}
[90mstdout[2m | src/components/SectionAssigner.stories.jsx[2m > [22m[2mDefault
[22m[39m[FilesContext] Vector store population triggered {
  "currentVectorStoreSize": 3,
  "documentsCount": 0,
  "filesCount": 6,
  "isInitialLoad": true,
}
[90mstdout[2m | src/components/SectionAssigner.stories.jsx[2m > [22m[2mDefault
[22m[39m[FilesContext] Vector store population complete - 3 total embeddings
[90mstdout[2m | src/components/SectionAssigner.stories.jsx[2m > [22m[2mDefault
[22m[39m[ChatContext] Chat exists and not archived, skipping creation
[90mstdout[2m | src/components/SectionAssigner.stories.jsx[2m > [22m[2mDefault
[22m[39m[Mock Data] Settings.create() called with: {
  "assistantVoice": "shimmer",
  "autoAnalyzeDocuments": true,
  "defaultAIModel": "gpt-4",
  "documentAnalysisModel": "gpt-4",
  "editorFontSize": 14,
  "editorTheme": "auto",
  "emailNotifications": true,
  "language": "en",
  "webhookNotifications": false,
}
[90mstdout[2m | src/components/SectionAssigner.stories.jsx[2m > [22m[2mDefault
[22m[39m[Mock Data] Settings created: mock-settings-1776336994220 - notified 1 subscribers
[90mstdout[2m | src/components/SectionAssigner.stories.jsx[2m > [22m[2mClosed
[22m[39m[Mock Data] Settings subscription unsubscribed. Remaining: 0
[90mstdout[2m | src/components/SectionAssigner.stories.jsx[2m > [22m[2mClosed
[22m[39m[ChatContext] Cleaning up subscription
[90mstdout[2m | src/components/SectionAssigner.stories.jsx[2m > [22m[2mClosed
[22m[39m[Mock Data] AssistantChat subscription unsubscribed. Remaining: 0
[90mstdout[2m | src/components/SectionAssigner.stories.jsx[2m > [22m[2mClosed
[22m[39m[Mock Data] File subscription unsubscribed. Remaining: 0
[90mstdout[2m | src/components/SectionAssigner.stories.jsx[2m > [22m[2mClosed
[22m[39m[Mock Data] Document subscription unsubscribed. Remaining: 0
[90mstdout[2m | src/components/SectionAssigner.stories.jsx[2m > [22m[2mClosed
[22m[39m[Mock Data] Word subscription unsubscribed. Remaining: 0
[90mstdout[2m | src/components/SectionAssigner.stories.jsx[2m > [22m[2mClosed
[22m[39m[Mock Data] Question subscription unsubscribed. Remaining: 0
[90mstdout[2m | src/components/SectionAssigner.stories.jsx[2m > [22m[2mClosed
[22m[39m[Mock Data] Grade subscription unsubscribed. Remaining: 0
[90mstdout[2m | src/components/SectionAssigner.stories.jsx[2m > [22m[2mClosed
[22m[39m[Mock Data] Unit subscription unsubscribed. Remaining: 0
[90mstdout[2m | src/components/SectionAssigner.stories.jsx[2m > [22m[2mClosed
[22m[39m[SectionContext] Cleaning up subscriptions
[90mstdout[2m | src/components/SectionAssigner.stories.jsx[2m > [22m[2mClosed
[22m[39m[Mock Data] Section.onCreate() subscription removed. Remaining: 0
[90mstdout[2m | src/components/SectionAssigner.stories.jsx[2m > [22m[2mClosed
[22m[39m[Mock Data] Section.onUpdate() subscription removed. Remaining: 0
[90mstdout[2m | src/components/SectionAssigner.stories.jsx[2m > [22m[2mClosed
[22m[39m[Mock Data] Section.onDelete() subscription removed. Remaining: 0
[90mstdout[2m | src/components/SectionAssigner.stories.jsx[2m > [22m[2mClosed
[22m[39m[Mock Data] Assignment.onCreate() subscription removed. Remaining: 0
[90mstdout[2m | src/components/SectionAssigner.stories.jsx[2m > [22m[2mClosed
[22m[39m[Mock Data] Assignment.onUpdate() subscription removed. Remaining: 0
[90mstdout[2m | src/components/SectionAssigner.stories.jsx[2m > [22m[2mClosed
[22m[39m[Mock Data] Assignment.onDelete() subscription removed. Remaining: 0
[90mstdout[2m | src/components/SectionAssigner.stories.jsx[2m > [22m[2mClosed
[22m[39m[Mock Data] Clearing all data stores
[90mstdout[2m | src/components/SectionAssigner.stories.jsx[2m > [22m[2mClosed
[22m[39m[Mock Data] All data stores cleared
[90mstdout[2m | src/components/SectionAssigner.stories.jsx[2m > [22m[2mClosed
[22m[39m[Preview] Cleared mock data for story
[90mstdout[2m | src/components/SectionAssigner.stories.jsx[2m > [22m[2mClosed
[22m[39m[Mock Data Gen 2] Initializing mock data
[90mstdout[2m | src/components/SectionAssigner.stories.jsx[2m > [22m[2mClosed
[22m[39m[Mock Data] seedMockAssistantChats: Replacing with 1 assistant chats
[90mstdout[2m | src/components/SectionAssigner.stories.jsx[2m > [22m[2mClosed
[22m[39m[Mock Data Gen 2] Seeded AssistantChat: mock-assistant-chat-1
[90mstdout[2m | src/components/SectionAssigner.stories.jsx[2m > [22m[2mClosed
[22m[39m[Mock Data] seedMockFiles: Adding 6 files
[90mstdout[2m | src/components/SectionAssigner.stories.jsx[2m > [22m[2mClosed
[22m[39m[Mock Data Gen 2] Seeded Files: 6
[90mstdout[2m | src/components/SectionAssigner.stories.jsx[2m > [22m[2mClosed
[22m[39m[Mock Data Gen 2] Initializing mock data
[90mstdout[2m | src/components/SectionAssigner.stories.jsx[2m > [22m[2mClosed
[22m[39m[Mock Data] seedMockAssistantChats: Replacing with 1 assistant chats
[90mstdout[2m | src/components/SectionAssigner.stories.jsx[2m > [22m[2mClosed
[22m[39m[Mock Data Gen 2] Seeded AssistantChat: mock-assistant-chat-1
[90mstdout[2m | src/components/SectionAssigner.stories.jsx[2m > [22m[2mClosed
[22m[39m[Mock Data] seedMockFiles: Adding 6 files
[90mstdout[2m | src/components/SectionAssigner.stories.jsx[2m > [22m[2mClosed
[22m[39m[Mock Data Gen 2] Seeded Files: 6
[90mstdout[2m | src/components/SectionAssigner.stories.jsx[2m > [22m[2mClosed
[22m[39m[Preview] Initialized default mock data for story
[90mstdout[2m | src/components/SectionAssigner.stories.jsx[2m > [22m[2mClosed
[22m[39m[Mock AuthContext] Providing auth: {
  "error": undefined,
  "isLoading": false,
  "session": {
    "idToken": {
      "toString": [Function toString],
    },
    "identityId": "us-east-1:mock-identity-123",
    "username": "mock-user-sub",
  },
  "user": {
    "attributes": {
      "email": "alice@example.com",
      "name": "Alice Student",
      "sub": "mock-user-sub",
    },
  },
}
[90mstdout[2m | src/components/SectionAssigner.stories.jsx[2m > [22m[2mClosed
[22m[39m[Mock Data] generateClient() called - returning mock client
[90mstdout[2m | src/components/SectionAssigner.stories.jsx[2m > [22m[2mClosed
[22m[39m[Mock amplifyClient] getAmplifyClient() called - returning mock client
[90mstdout[2m | src/components/SectionAssigner.stories.jsx[2m > [22m[2mClosed
[22m[39m[MOCK CourseVectorStore] Initialized with mock data
[90mstdout[2m | src/components/SectionAssigner.stories.jsx[2m > [22m[2mClosed
[22m[39m[TranslationModeController] Setting mode to: off
[90mstdout[2m | src/components/SectionAssigner.stories.jsx[2m > [22m[2mClosed
[22m[39m[SectionContext] useEffect triggered {
  "authLoading": false,
  "hasUser": true,
  "userSub": "mock-user-sub",
}
[90mstdout[2m | src/components/SectionAssigner.stories.jsx[2m > [22m[2mClosed
[22m[39m[SectionContext] Fetching sections for userId: mock-user-sub
[90mstdout[2m | src/components/SectionAssigner.stories.jsx[2m > [22m[2mClosed
[22m[39m[Mock Data] generateClient() called - returning mock client
[90mstdout[2m | src/components/SectionAssigner.stories.jsx[2m > [22m[2mClosed
[22m[39m[Mock amplifyClient] getAmplifyClient() called - returning mock client
[90mstdout[2m | src/components/SectionAssigner.stories.jsx[2m > [22m[2mClosed
[22m[39m[Mock Data] Section.list() called with options: undefined
[90mstdout[2m | src/components/SectionAssigner.stories.jsx[2m > [22m[2mClosed
[22m[39m[Mock Data] generateClient() called - returning mock client
[90mstdout[2m | src/components/SectionAssigner.stories.jsx[2m > [22m[2mClosed
[22m[39m[Mock amplifyClient] getAmplifyClient() called - returning mock client
[90mstdout[2m | src/components/SectionAssigner.stories.jsx[2m > [22m[2mClosed
[22m[39m[Mock Data] Assignment.list() called with options: {
  "filter": {
    "unitID": {
      "eq": "mock-unit-id",
    },
  },
}
[90mstdout[2m | src/components/SectionAssigner.stories.jsx[2m > [22m[2mClosed
[22m[39m[Mock Data] generateClient() called - returning mock client
[90mstdout[2m | src/components/SectionAssigner.stories.jsx[2m > [22m[2mClosed
[22m[39m[Mock amplifyClient] getAmplifyClient() called - returning mock client
[90mstdout[2m | src/components/SectionAssigner.stories.jsx[2m > [22m[2mClosed
[22m[39m[Mock Data] Grade.observeQuery() called with filter: {
  "filter": {
    "unitID": {
      "eq": "mock-unit-id",
    },
  },
}
[90mstdout[2m | src/components/SectionAssigner.stories.jsx[2m > [22m[2mClosed
[22m[39m[Mock Data] Grade.observeQuery() applying filter: {
  "unitID": {
    "eq": "mock-unit-id",
  },
}
[90mstdout[2m | src/components/SectionAssigner.stories.jsx[2m > [22m[2mClosed
[22m[39m[Mock Data] Grade.observeQuery() items before filter: 0
[90mstdout[2m | src/components/SectionAssigner.stories.jsx[2m > [22m[2mClosed
[22m[39m[Mock Data] Grade.observeQuery() items after filter: 0
[90mstdout[2m | src/components/SectionAssigner.stories.jsx[2m > [22m[2mClosed
[22m[39m[Mock Data] Grade.observeQuery() returning 0 items (filter applied) {
  "filter": {
    "unitID": {
      "eq": "mock-unit-id",
    },
  },
}
[90mstdout[2m | src/components/SectionAssigner.stories.jsx[2m > [22m[2mClosed
[22m[39m[Mock Data] Grade subscription added. Total subscriptions: 1
[90mstdout[2m | src/components/SectionAssigner.stories.jsx[2m > [22m[2mClosed
[22m[39m[UnitContext] useEffect triggered {
  "authLoading": false,
  "hasUser": true,
  "id": "mock-unit-id",
  "userSub": "mock-user-sub",
}
[90mstdout[2m | src/components/SectionAssigner.stories.jsx[2m > [22m[2mClosed
[22m[39m[UnitContext] Fetching unit data for id: mock-unit-id
[90mstdout[2m | src/components/SectionAssigner.stories.jsx[2m > [22m[2mClosed
[22m[39m[Mock Data] generateClient() called - returning mock client
[90mstdout[2m | src/components/SectionAssigner.stories.jsx[2m > [22m[2mClosed
[22m[39m[Mock amplifyClient] getAmplifyClient() called - returning mock client
[90mstdout[2m | src/components/SectionAssigner.stories.jsx[2m > [22m[2mClosed
[22m[39m[Mock Data] Unit.observeQuery() called with filter: {
  "filter": {
    "id": {
      "eq": "mock-unit-id",
    },
  },
}
[90mstdout[2m | src/components/SectionAssigner.stories.jsx[2m > [22m[2mClosed
[22m[39m[Mock Data] Unit.observeQuery() applying filter: {
  "id": {
    "eq": "mock-unit-id",
  },
}
[90mstdout[2m | src/components/SectionAssigner.stories.jsx[2m > [22m[2mClosed
[22m[39m[Mock Data] Unit.observeQuery() items before filter: 0
[90mstdout[2m | src/components/SectionAssigner.stories.jsx[2m > [22m[2mClosed
[22m[39m[Mock Data] Unit.observeQuery() items after filter: 0
[90mstdout[2m | src/components/SectionAssigner.stories.jsx[2m > [22m[2mClosed
[22m[39m[Mock Data] Unit.observeQuery() returning 0 items (filter applied) {
  "filter": {
    "id": {
      "eq": "mock-unit-id",
    },
  },
}
[90mstdout[2m | src/components/SectionAssigner.stories.jsx[2m > [22m[2mClosed
[22m[39m[Mock Data] Unit subscription added. Total subscriptions: 1
[90mstdout[2m | src/components/SectionAssigner.stories.jsx[2m > [22m[2mClosed
[22m[39m[Mock Data] generateClient() called - returning mock client
[90mstdout[2m | src/components/SectionAssigner.stories.jsx[2m > [22m[2mClosed
[22m[39m[Mock amplifyClient] getAmplifyClient() called - returning mock client
[90mstdout[2m | src/components/SectionAssigner.stories.jsx[2m > [22m[2mClosed
[22m[39m[Mock Data] Word.observeQuery() called with filter: undefined
[90mstdout[2m | src/components/SectionAssigner.stories.jsx[2m > [22m[2mClosed
[22m[39m[Mock Data] Word.observeQuery() returning 0 items (filter applied) undefined
[90mstdout[2m | src/components/SectionAssigner.stories.jsx[2m > [22m[2mClosed
[22m[39m[Mock Data] Word subscription added. Total subscriptions: 1
[90mstdout[2m | src/components/SectionAssigner.stories.jsx[2m > [22m[2mClosed
[22m[39m[Mock Data] generateClient() called - returning mock client
[90mstdout[2m | src/components/SectionAssigner.stories.jsx[2m > [22m[2mClosed
[22m[39m[Mock amplifyClient] getAmplifyClient() called - returning mock client
[90mstdout[2m | src/components/SectionAssigner.stories.jsx[2m > [22m[2mClosed
[22m[39m[Mock Data] Question.observeQuery() called with filter: undefined
[90mstdout[2m | src/components/SectionAssigner.stories.jsx[2m > [22m[2mClosed
[22m[39m[Mock Data] Question.observeQuery() returning 0 items (filter applied) undefined
[90mstdout[2m | src/components/SectionAssigner.stories.jsx[2m > [22m[2mClosed
[22m[39m[Mock Data] Question subscription added. Total subscriptions: 1
[90mstdout[2m | src/components/SectionAssigner.stories.jsx[2m > [22m[2mClosed
[22m[39m[FilesContext] Initializing vector store from IndexedDB
[90mstdout[2m | src/components/SectionAssigner.stories.jsx[2m > [22m[2mClosed
[22m[39m[FilesContext] fetchFiles called
[90mstdout[2m | src/components/SectionAssigner.stories.jsx[2m > [22m[2mClosed
[22m[39m[FilesContext] User authenticated: mock-user-sub
[90mstdout[2m | src/components/SectionAssigner.stories.jsx[2m > [22m[2mClosed
[22m[39m[FilesContext] Identity ID: us-east-1:mock-identity-123
[90mstdout[2m | src/components/SectionAssigner.stories.jsx[2m > [22m[2mClosed
[22m[39m[FilesContext] About to subscribe to File model
[90mstdout[2m | src/components/SectionAssigner.stories.jsx[2m > [22m[2mClosed
[22m[39m[Mock Data] generateClient() called - returning mock client
[90mstdout[2m | src/components/SectionAssigner.stories.jsx[2m > [22m[2mClosed
[22m[39m[Mock amplifyClient] getAmplifyClient() called - returning mock client
[90mstdout[2m | src/components/SectionAssigner.stories.jsx[2m > [22m[2mClosed
[22m[39m[Mock Data] File.observeQuery() called with filter: undefined
[90mstdout[2m | src/components/SectionAssigner.stories.jsx[2m > [22m[2mClosed
[22m[39m[Mock Data] File.observeQuery() returning 6 items (filter applied) undefined
[90mstdout[2m | src/components/SectionAssigner.stories.jsx[2m > [22m[2mClosed
[22m[39m[Mock Data] File subscription added. Total subscriptions: 1
[90mstdout[2m | src/components/SectionAssigner.stories.jsx[2m > [22m[2mClosed
[22m[39m[Mock Data] generateClient() called - returning mock client
[90mstdout[2m | src/components/SectionAssigner.stories.jsx[2m > [22m[2mClosed
[22m[39m[Mock amplifyClient] getAmplifyClient() called - returning mock client
[90mstdout[2m | src/components/SectionAssigner.stories.jsx[2m > [22m[2mClosed
[22m[39m[Mock Data] Document.observeQuery() called with filter: undefined
[90mstdout[2m | src/components/SectionAssigner.stories.jsx[2m > [22m[2mClosed
[22m[39m[Mock Data] Document.observeQuery() returning 0 items (filter applied) undefined
[90mstdout[2m | src/components/SectionAssigner.stories.jsx[2m > [22m[2mClosed
[22m[39m[Mock Data] Document subscription added. Total subscriptions: 1
[90mstdout[2m | src/components/SectionAssigner.stories.jsx[2m > [22m[2mClosed
[22m[39m[ChatContext] Setting up observeQuery for AssistantChat
[90mstdout[2m | src/components/SectionAssigner.stories.jsx[2m > [22m[2mClosed
[22m[39m[Mock Data] AssistantChat.observeQuery() called with filter: {
  "sortDirection": "DESC",
  "sortField": "createdAt",
}
[90mstdout[2m | src/components/SectionAssigner.stories.jsx[2m > [22m[2mClosed
[22m[39m[Mock Data] AssistantChat.observeQuery() returning 1 items (filter applied) {
  "sortDirection": "DESC",
  "sortField": "createdAt",
}
[90mstdout[2m | src/components/SectionAssigner.stories.jsx[2m > [22m[2mClosed
[22m[39m[Mock Data] AssistantChat subscription added. Total subscriptions: 1
[90mstdout[2m | src/components/SectionAssigner.stories.jsx[2m > [22m[2mClosed
[22m[39m[ChatContext] Waiting for subscription to initialize
[90mstdout[2m | src/components/SectionAssigner.stories.jsx[2m > [22m[2mClosed
[22m[39m[SettingsContext] Setting up Settings subscription for user: mock-user-sub
[90mstdout[2m | src/components/SectionAssigner.stories.jsx[2m > [22m[2mClosed
[22m[39m[Mock Data] generateClient() called - returning mock client
[90mstdout[2m | src/components/SectionAssigner.stories.jsx[2m > [22m[2mClosed
[22m[39m[Mock amplifyClient] getAmplifyClient() called - returning mock client
[90mstdout[2m | src/components/SectionAssigner.stories.jsx[2m > [22m[2mClosed
[22m[39m[Mock Data] Settings.observeQuery() called with filter: undefined
[90mstdout[2m | src/components/SectionAssigner.stories.jsx[2m > [22m[2mClosed
[22m[39m[Mock Data] Settings.observeQuery() returning 0 items (filter applied) undefined
[90mstdout[2m | src/components/SectionAssigner.stories.jsx[2m > [22m[2mClosed
[22m[39m[Mock Data] Settings subscription added. Total subscriptions: 1
[90mstdout[2m | src/components/SectionAssigner.stories.jsx[2m > [22m[2mClosed
[22m[39m[SectionContext] Initial sections: 0 []
[90mstdout[2m | src/components/SectionAssigner.stories.jsx[2m > [22m[2mClosed
[22m[39m[Mock Data] Section.onCreate() called with filter: undefined
[90mstdout[2m | src/components/SectionAssigner.stories.jsx[2m > [22m[2mClosed
[22m[39m[Mock Data] Section.onCreate() subscription added. Total: 1
[90mstdout[2m | src/components/SectionAssigner.stories.jsx[2m > [22m[2mClosed
[22m[39m[Mock Data] Section.onUpdate() called with filter: undefined
[90mstdout[2m | src/components/SectionAssigner.stories.jsx[2m > [22m[2mClosed
[22m[39m[Mock Data] Section.onUpdate() subscription added. Total: 1
[90mstdout[2m | src/components/SectionAssigner.stories.jsx[2m > [22m[2mClosed
[22m[39m[Mock Data] Section.onDelete() called with filter: undefined
[90mstdout[2m | src/components/SectionAssigner.stories.jsx[2m > [22m[2mClosed
[22m[39m[Mock Data] Section.onDelete() subscription added. Total: 1
[90mstdout[2m | src/components/SectionAssigner.stories.jsx[2m > [22m[2mClosed
[22m[39m[Mock Data] Assignment.onCreate() called with filter: {
  "filter": {
    "unitID": {
      "eq": "mock-unit-id",
    },
  },
}
[90mstdout[2m | src/components/SectionAssigner.stories.jsx[2m > [22m[2mClosed
[22m[39m[Mock Data] Assignment.onCreate() subscription added. Total: 1
[90mstdout[2m | src/components/SectionAssigner.stories.jsx[2m > [22m[2mClosed
[22m[39m[Mock Data] Assignment.onUpdate() called with filter: {
  "filter": {
    "unitID": {
      "eq": "mock-unit-id",
    },
  },
}
[90mstdout[2m | src/components/SectionAssigner.stories.jsx[2m > [22m[2mClosed
[22m[39m[Mock Data] Assignment.onUpdate() subscription added. Total: 1
[90mstdout[2m | src/components/SectionAssigner.stories.jsx[2m > [22m[2mClosed
[22m[39m[Mock Data] Assignment.onDelete() called with filter: {
  "filter": {
    "unitID": {
      "eq": "mock-unit-id",
    },
  },
}
[90mstdout[2m | src/components/SectionAssigner.stories.jsx[2m > [22m[2mClosed
[22m[39m[Mock Data] Assignment.onDelete() subscription added. Total: 1
[90mstdout[2m | src/components/SectionAssigner.stories.jsx[2m > [22m[2mClosed
[22m[39m[FilesContext] File observeQuery subscription triggered:
[90mstdout[2m | src/components/SectionAssigner.stories.jsx[2m > [22m[2mClosed
[22m[39m  - items.length: 6
[90mstdout[2m | src/components/SectionAssigner.stories.jsx[2m > [22m[2mClosed
[22m[39m  - isSynced: true
[90mstdout[2m | src/components/SectionAssigner.stories.jsx[2m > [22m[2mClosed
[22m[39m  - items: [
  {
    "_deleted": null,
    "_lastChangedAt": 1767711773285,
    "_version": 1,
    "byHex": null,
    "createdAt": "2026-01-06T15:02:53.253Z",
    "description": "Japanese language textbook - Chapter 1",
    "document": Promise {},
    "documentID": "e01017e1-fe7a-4521-b71c-09ec31b18639",
    "duration": null,
    "embedding": null,
    "generated": null,
    "hex": null,
    "id": "a57d7833-5fa7-4cb7-8b7a-ce7c6e10e551",
    "identityId": "us-east-1:b0eadde9-f02c-c71b-17a6-22ffd37d89c8",
    "key": "files/Japanese Wind 1.pdf",
    "level": "protected",
    "mimeType": "application/pdf",
    "model": null,
    "name": "Japanese Wind 1.pdf",
    "owner": "64d81418-7021-701d-9fed-a4c2e0735711",
    "parsedContent": [Function anonymous],
    "parsedContentID": null,
    "path": "files/Japanese Wind 1.pdf",
    "prompt": null,
    "size": 4706654,
    "thumbnail": null,
    "type": "pdf",
    "updatedAt": "2026-01-06T15:02:53.253Z",
    "variant": null,
    "waveformData": null,
  },
  {
    "_version": 2,
    "createdAt": "2026-01-15T10:00:00.000Z",
    "description": "Sample report with vocabulary",
    "document": Promise {},
    "documentID": "cd824b5b-2c66-41f8-8571-aa6794ff590c",
    "generated": false,
    "id": "mock-pdf-file-2",
    "identityId": "us-east-1:mock-identity",
    "key": "files/report.pdf",
    "level": "protected",
    "mimeType": "application/pdf",
    "name": "report.pdf",
    "owner": "mock-user-id",
    "parsedContent": [Function anonymous],
    "path": "files/report.pdf",
    "size": 123456,
    "type": "pdf",
    "updatedAt": "2026-01-15T10:30:00.000Z",
  },
  {
    "_version": 3,
    "createdAt": "2026-01-14T08:00:00.000Z",
    "description": "Vocabulary lesson PDF with extracted content",
    "document": Promise {},
    "documentID": "mock-document-3",
    "generated": false,
    "id": "mock-pdf-file-3",
    "identityId": "us-east-1:mock-identity",
    "key": "files/vocabulary-lesson.pdf",
    "level": "public",
    "mimeType": "application/pdf",
    "name": "vocabulary-lesson.pdf",
    "owner": "mock-user-id",
    "parsedContent": [Function anonymous],
    "path": "files/vocabulary-lesson.pdf",
    "size": 567890,
    "type": "pdf",
    "updatedAt": "2026-01-14T08:45:00.000Z",
  },
  {
    "_version": 1,
    "createdAt": "2026-01-20T10:00:00.000Z",
    "description": "Sample pronunciation audio",
    "documentID": null,
    "duration": 3.5,
    "generated": true,
    "id": "mock-audio-file-1",
    "identityId": "us-east-1:mock-identity",
    "key": "audio/pronunciation-demo.mp3",
    "level": "public",
    "mimeType": "audio/mpeg",
    "name": "pronunciation-demo.mp3",
    "owner": "mock-user-id",
    "parsedContent": [Function anonymous],
    "path": "/story-mocks/cinematic-designed-sci-fi-whoosh-transition-nexawave-228295.mp3",
    "size": 56789,
    "type": "audio",
    "updatedAt": "2026-01-20T10:00:00.000Z",
    "waveformData": null,
  },
  {
    "_version": 1,
    "createdAt": "2026-01-19T14:30:00.000Z",
    "description": "Lesson introduction audio",
    "documentID": null,
    "duration": 5.2,
    "generated": false,
    "id": "mock-audio-file-2",
    "identityId": "us-east-1:mock-identity",
    "key": "audio/lesson-intro.mp3",
    "level": "public",
    "mimeType": "audio/mpeg",
    "name": "lesson-intro.mp3",
    "owner": "mock-user-id",
    "parsedContent": [Function anonymous],
    "path": "/story-mocks/descent-whoosh-long-cinematic-sound-effect-405921.mp3",
    "size": 87654,
    "type": "audio",
    "updatedAt": "2026-01-19T14:30:00.000Z",
    "waveformData": null,
  },
  {
    "_version": 1,
    "createdAt": "2026-01-18T09:15:00.000Z",
    "description": "Hiragana character chart",
    "documentID": null,
    "generated": false,
    "id": "mock-image-file-1",
    "identityId": "us-east-1:mock-identity",
    "key": "images/hiragana-chart.png",
    "level": "public",
    "mimeType": "image/png",
    "name": "hiragana-chart.png",
    "owner": "mock-user-id",
    "parsedContent": [Function anonymous],
    "path": "images/hiragana-chart.png",
    "size": 234567,
    "thumbnail": "thumbnails/hiragana-chart-thumb.png",
    "type": "image",
    "updatedAt": "2026-01-18T09:15:00.000Z",
  },
]
[90mstdout[2m | src/components/SectionAssigner.stories.jsx[2m > [22m[2mClosed
[22m[39m[ChatContext] AssistantChat query update: 1 items (synced)
[90mstdout[2m | src/components/SectionAssigner.stories.jsx[2m > [22m[2mClosed
[22m[39m[ChatContext] First item details: {
  "id": "mock-assistant-chat-1",
  "updatedAt": "2024-01-26T10:15:00.000Z",
}
[90mstdout[2m | src/components/SectionAssigner.stories.jsx[2m > [22m[2mClosed
[22m[39m[ChatContext] AssistantChat subscription initialized
[90mstdout[2m | src/components/SectionAssigner.stories.jsx[2m > [22m[2mClosed
[22m[39m[ChatContext] AssistantChat list updated: 1 chats
[90mstdout[2m | src/components/SectionAssigner.stories.jsx[2m > [22m[2mClosed
[22m[39m[ChatContext] Setting initial chat: mock-assistant-chat-1
[90mstdout[2m | src/components/SectionAssigner.stories.jsx[2m > [22m[2mClosed
[22m[39m[FilesContext] Files count changed: 0 → 6
[90mstdout[2m | src/components/SectionAssigner.stories.jsx[2m > [22m[2mClosed
[22m[39m[MOCK CourseVectorStore] Initialized with mock data
[90mstdout[2m | src/components/SectionAssigner.stories.jsx[2m > [22m[2mClosed
[22m[39m[MOCK CourseVectorStore] Initialized with mock data
[90mstdout[2m | src/components/SectionAssigner.stories.jsx[2m > [22m[2mClosed
[22m[39m[Mock Data] Settings.create() called with: {
  "assistantVoice": "shimmer",
  "autoAnalyzeDocuments": true,
  "defaultAIModel": "gpt-4",
  "documentAnalysisModel": "gpt-4",
  "editorFontSize": 14,
  "editorTheme": "auto",
  "emailNotifications": true,
  "language": "en",
  "webhookNotifications": false,
}
[90mstdout[2m | src/components/SectionAssigner.stories.jsx[2m > [22m[2mClosed
[22m[39m[Mock Data] Settings created: mock-settings-1776336994413 - notified 1 subscribers
[90mstdout[2m | src/components/SectionAssigner.stories.jsx[2m > [22m[2mClosed
[22m[39m[FilesContext] Vector store population triggered {
  "currentVectorStoreSize": 3,
  "documentsCount": 0,
  "filesCount": 6,
  "isInitialLoad": true,
}
[90mstdout[2m | src/components/SectionAssigner.stories.jsx[2m > [22m[2mClosed
[22m[39m[FilesContext] Vector store population complete - 3 total embeddings
[90mstdout[2m | src/components/SectionAssigner.stories.jsx[2m > [22m[2mClosed
[22m[39m[ChatContext] Chat exists and not archived, skipping creation
[90mstdout[2m | src/components/SectionAssigner.stories.jsx[2m > [22m[2mClosed
[22m[39m[useTranslationWithCapture] t() called: {
  "key": "sectionAssigner.dialogTitle",
  "mode": "off",
  "namespace": "components",
  "value": "Assign to Section",
}
[90mstdout[2m | src/components/SectionAssigner.stories.jsx[2m > [22m[2mClosed
[22m[39m[useTranslationWithCapture] t() called: {
  "key": "sectionAssigner.dueDateNote",
  "mode": "off",
  "namespace": "components",
  "value": "Users will be allowed to continue after the due date has passed. The due date will be used to sort the units in the class section.",
}
[90mstdout[2m | src/components/SectionAssigner.stories.jsx[2m > [22m[2mClosed
[22m[39m[useTranslationWithCapture] t() called: {
  "key": "sectionAssigner.dueDate",
  "mode": "off",
  "namespace": "components",
  "value": "Due Date",
}
[90mstdout[2m | src/components/SectionAssigner.stories.jsx[2m > [22m[2mClosed
[22m[39m[useTranslationWithCapture] t() called: {
  "key": "sectionAssigner.selectSection",
  "mode": "off",
  "namespace": "components",
  "value": "Select Section",
}
[90mstdout[2m | src/components/SectionAssigner.stories.jsx[2m > [22m[2mClosed
[22m[39m[useTranslationWithCapture] t() called: {
  "key": "sectionAssigner.selectSection",
  "mode": "off",
  "namespace": "components",
  "value": "Select Section",
}
[90mstdout[2m | src/components/SectionAssigner.stories.jsx[2m > [22m[2mClosed
[22m[39m[useTranslationWithCapture] t() called: {
  "key": "sectionAssigner.selectSectionHelper",
  "mode": "off",
  "namespace": "components",
  "value": "Select a section to assign the due date to",
}
[90mstdout[2m | src/components/SectionAssigner.stories.jsx[2m > [22m[2mClosed
[22m[39m[useTranslationWithCapture] t() called: {
  "key": "sectionAssigner.cancel",
  "mode": "off",
  "namespace": "components",
  "value": "Cancel",
}
[90mstdout[2m | src/components/SectionAssigner.stories.jsx[2m > [22m[2mClosed
[22m[39m[useTranslationWithCapture] t() called: {
  "key": "sectionAssigner.assign",
  "mode": "off",
  "namespace": "components",
  "value": "Assign",
}
[90mstdout[2m | src/components/SectionAssigner.stories.jsx[2m > [22m[2mClosed
[22m[39m[useTranslationWithCapture] t() called: {
  "key": "sectionAssigner.assignedToSections",
  "mode": "off",
  "namespace": "components",
  "value": "Assigned to Sections",
}
[90mstdout[2m | src/components/SectionAssigner.stories.jsx[2m > [22m[2mClosed
[22m[39m[useTranslationWithCapture] t() called: {
  "key": "sectionAssigner.delete",
  "mode": "off",
  "namespace": "components",
  "value": "Delete",
}
[90mstdout[2m | src/components/SectionAssigner.stories.jsx[2m > [22m[2mNo Sections
[22m[39m[Mock Data] Settings subscription unsubscribed. Remaining: 0
[90mstdout[2m | src/components/SectionAssigner.stories.jsx[2m > [22m[2mNo Sections
[22m[39m[ChatContext] Cleaning up subscription
[90mstdout[2m | src/components/SectionAssigner.stories.jsx[2m > [22m[2mNo Sections
[22m[39m[Mock Data] AssistantChat subscription unsubscribed. Remaining: 0
[90mstdout[2m | src/components/SectionAssigner.stories.jsx[2m > [22m[2mNo Sections
[22m[39m[Mock Data] File subscription unsubscribed. Remaining: 0
[90mstdout[2m | src/components/SectionAssigner.stories.jsx[2m > [22m[2mNo Sections
[22m[39m[Mock Data] Document subscription unsubscribed. Remaining: 0
[90mstdout[2m | src/components/SectionAssigner.stories.jsx[2m > [22m[2mNo Sections
[22m[39m[Mock Data] Word subscription unsubscribed. Remaining: 0
[90mstdout[2m | src/components/SectionAssigner.stories.jsx[2m > [22m[2mNo Sections
[22m[39m[Mock Data] Question subscription unsubscribed. Remaining: 0
[90mstdout[2m | src/components/SectionAssigner.stories.jsx[2m > [22m[2mNo Sections
[22m[39m[Mock Data] Grade subscription unsubscribed. Remaining: 0
[90mstdout[2m | src/components/SectionAssigner.stories.jsx[2m > [22m[2mNo Sections
[22m[39m[Mock Data] Unit subscription unsubscribed. Remaining: 0
[90mstdout[2m | src/components/SectionAssigner.stories.jsx[2m > [22m[2mNo Sections
[22m[39m[SectionContext] Cleaning up subscriptions
[90mstdout[2m | src/components/SectionAssigner.stories.jsx[2m > [22m[2mNo Sections
[22m[39m[Mock Data] Section.onCreate() subscription removed. Remaining: 0
[90mstdout[2m | src/components/SectionAssigner.stories.jsx[2m > [22m[2mNo Sections
[22m[39m[Mock Data] Section.onUpdate() subscription removed. Remaining: 0
[90mstdout[2m | src/components/SectionAssigner.stories.jsx[2m > [22m[2mNo Sections
[22m[39m[Mock Data] Section.onDelete() subscription removed. Remaining: 0
[90mstdout[2m | src/components/SectionAssigner.stories.jsx[2m > [22m[2mNo Sections
[22m[39m[Mock Data] Assignment.onCreate() subscription removed. Remaining: 0
[90mstdout[2m | src/components/SectionAssigner.stories.jsx[2m > [22m[2mNo Sections
[22m[39m[Mock Data] Assignment.onUpdate() subscription removed. Remaining: 0
[90mstdout[2m | src/components/SectionAssigner.stories.jsx[2m > [22m[2mNo Sections
[22m[39m[Mock Data] Assignment.onDelete() subscription removed. Remaining: 0
[90mstdout[2m | src/components/SectionAssigner.stories.jsx[2m > [22m[2mNo Sections
[22m[39m[Mock Data] Clearing all data stores
[90mstdout[2m | src/components/SectionAssigner.stories.jsx[2m > [22m[2mNo Sections
[22m[39m[Mock Data] All data stores cleared
[90mstdout[2m | src/components/SectionAssigner.stories.jsx[2m > [22m[2mNo Sections
[22m[39m[Preview] Cleared mock data for story
[90mstdout[2m | src/components/SectionAssigner.stories.jsx[2m > [22m[2mNo Sections
[22m[39m[Mock Data Gen 2] Initializing mock data
[90mstdout[2m | src/components/SectionAssigner.stories.jsx[2m > [22m[2mNo Sections
[22m[39m[Mock Data] seedMockAssistantChats: Replacing with 1 assistant chats
[90mstdout[2m | src/components/SectionAssigner.stories.jsx[2m > [22m[2mNo Sections
[22m[39m[Mock Data Gen 2] Seeded AssistantChat: mock-assistant-chat-1
[90mstdout[2m | src/components/SectionAssigner.stories.jsx[2m > [22m[2mNo Sections
[22m[39m[Mock Data] seedMockFiles: Adding 6 files
[90mstdout[2m | src/components/SectionAssigner.stories.jsx[2m > [22m[2mNo Sections
[22m[39m[Mock Data Gen 2] Seeded Files: 6
[90mstdout[2m | src/components/SectionAssigner.stories.jsx[2m > [22m[2mNo Sections
[22m[39m[Mock Data Gen 2] Initializing mock data
[90mstdout[2m | src/components/SectionAssigner.stories.jsx[2m > [22m[2mNo Sections
[22m[39m[Mock Data] seedMockAssistantChats: Replacing with 1 assistant chats
[90mstdout[2m | src/components/SectionAssigner.stories.jsx[2m > [22m[2mNo Sections
[22m[39m[Mock Data Gen 2] Seeded AssistantChat: mock-assistant-chat-1
[90mstdout[2m | src/components/SectionAssigner.stories.jsx[2m > [22m[2mNo Sections
[22m[39m[Mock Data] seedMockFiles: Adding 6 files
[90mstdout[2m | src/components/SectionAssigner.stories.jsx[2m > [22m[2mNo Sections
[22m[39m[Mock Data Gen 2] Seeded Files: 6
[90mstdout[2m | src/components/SectionAssigner.stories.jsx[2m > [22m[2mNo Sections
[22m[39m[Preview] Initialized default mock data for story
[90mstdout[2m | src/components/SectionAssigner.stories.jsx[2m > [22m[2mNo Sections
[22m[39m[Mock AuthContext] Providing auth: {
  "error": undefined,
  "isLoading": false,
  "session": {
    "idToken": {
      "toString": [Function toString],
    },
    "identityId": "us-east-1:mock-identity-123",
    "username": "mock-user-sub",
  },
  "user": {
    "attributes": {
      "email": "alice@example.com",
      "name": "Alice Student",
      "sub": "mock-user-sub",
    },
  },
}
[90mstdout[2m | src/components/SectionAssigner.stories.jsx[2m > [22m[2mNo Sections
[22m[39m[Mock Data] generateClient() called - returning mock client
[90mstdout[2m | src/components/SectionAssigner.stories.jsx[2m > [22m[2mNo Sections
[22m[39m[Mock amplifyClient] getAmplifyClient() called - returning mock client
[90mstdout[2m | src/components/SectionAssigner.stories.jsx[2m > [22m[2mNo Sections
[22m[39m[MOCK CourseVectorStore] Initialized with mock data
[90mstdout[2m | src/components/SectionAssigner.stories.jsx[2m > [22m[2mNo Sections
[22m[39m[TranslationModeController] Setting mode to: off
[90mstdout[2m | src/components/SectionAssigner.stories.jsx[2m > [22m[2mNo Sections
[22m[39m[SectionContext] useEffect triggered {
  "authLoading": false,
  "hasUser": true,
  "userSub": "mock-user-sub",
}
[90mstdout[2m | src/components/SectionAssigner.stories.jsx[2m > [22m[2mNo Sections
[22m[39m[SectionContext] Fetching sections for userId: mock-user-sub
[90mstdout[2m | src/components/SectionAssigner.stories.jsx[2m > [22m[2mNo Sections
[22m[39m[Mock Data] generateClient() called - returning mock client
[90mstdout[2m | src/components/SectionAssigner.stories.jsx[2m > [22m[2mNo Sections
[22m[39m[Mock amplifyClient] getAmplifyClient() called - returning mock client
[90mstdout[2m | src/components/SectionAssigner.stories.jsx[2m > [22m[2mNo Sections
[22m[39m[Mock Data] Section.list() called with options: undefined
[90mstdout[2m | src/components/SectionAssigner.stories.jsx[2m > [22m[2mNo Sections
[22m[39m[Mock Data] generateClient() called - returning mock client
[90mstdout[2m | src/components/SectionAssigner.stories.jsx[2m > [22m[2mNo Sections
[22m[39m[Mock amplifyClient] getAmplifyClient() called - returning mock client
[90mstdout[2m | src/components/SectionAssigner.stories.jsx[2m > [22m[2mNo Sections
[22m[39m[Mock Data] Assignment.list() called with options: {
  "filter": {
    "unitID": {
      "eq": "mock-unit-id",
    },
  },
}
[90mstdout[2m | src/components/SectionAssigner.stories.jsx[2m > [22m[2mNo Sections
[22m[39m[Mock Data] generateClient() called - returning mock client
[90mstdout[2m | src/components/SectionAssigner.stories.jsx[2m > [22m[2mNo Sections
[22m[39m[Mock amplifyClient] getAmplifyClient() called - returning mock client
[90mstdout[2m | src/components/SectionAssigner.stories.jsx[2m > [22m[2mNo Sections
[22m[39m[Mock Data] Grade.observeQuery() called with filter: {
  "filter": {
    "unitID": {
      "eq": "mock-unit-id",
    },
  },
}
[90mstdout[2m | src/components/SectionAssigner.stories.jsx[2m > [22m[2mNo Sections
[22m[39m[Mock Data] Grade.observeQuery() applying filter: {
  "unitID": {
    "eq": "mock-unit-id",
  },
}
[90mstdout[2m | src/components/SectionAssigner.stories.jsx[2m > [22m[2mNo Sections
[22m[39m[Mock Data] Grade.observeQuery() items before filter: 0
[90mstdout[2m | src/components/SectionAssigner.stories.jsx[2m > [22m[2mNo Sections
[22m[39m[Mock Data] Grade.observeQuery() items after filter: 0
[90mstdout[2m | src/components/SectionAssigner.stories.jsx[2m > [22m[2mNo Sections
[22m[39m[Mock Data] Grade.observeQuery() returning 0 items (filter applied) {
  "filter": {
    "unitID": {
      "eq": "mock-unit-id",
    },
  },
}
[90mstdout[2m | src/components/SectionAssigner.stories.jsx[2m > [22m[2mNo Sections
[22m[39m[Mock Data] Grade subscription added. Total subscriptions: 1
[90mstdout[2m | src/components/SectionAssigner.stories.jsx[2m > [22m[2mNo Sections
[22m[39m[UnitContext] useEffect triggered {
  "authLoading": false,
  "hasUser": true,
  "id": "mock-unit-id",
  "userSub": "mock-user-sub",
}
[90mstdout[2m | src/components/SectionAssigner.stories.jsx[2m > [22m[2mNo Sections
[22m[39m[UnitContext] Fetching unit data for id: mock-unit-id
[90mstdout[2m | src/components/SectionAssigner.stories.jsx[2m > [22m[2mNo Sections
[22m[39m[Mock Data] generateClient() called - returning mock client
[90mstdout[2m | src/components/SectionAssigner.stories.jsx[2m > [22m[2mNo Sections
[22m[39m[Mock amplifyClient] getAmplifyClient() called - returning mock client
[90mstdout[2m | src/components/SectionAssigner.stories.jsx[2m > [22m[2mNo Sections
[22m[39m[Mock Data] Unit.observeQuery() called with filter: {
  "filter": {
    "id": {
      "eq": "mock-unit-id",
    },
  },
}
[90mstdout[2m | src/components/SectionAssigner.stories.jsx[2m > [22m[2mNo Sections
[22m[39m[Mock Data] Unit.observeQuery() applying filter: {
  "id": {
    "eq": "mock-unit-id",
  },
}
[90mstdout[2m | src/components/SectionAssigner.stories.jsx[2m > [22m[2mNo Sections
[22m[39m[Mock Data] Unit.observeQuery() items before filter: 0
[90mstdout[2m | src/components/SectionAssigner.stories.jsx[2m > [22m[2mNo Sections
[22m[39m[Mock Data] Unit.observeQuery() items after filter: 0
[90mstdout[2m | src/components/SectionAssigner.stories.jsx[2m > [22m[2mNo Sections
[22m[39m[Mock Data] Unit.observeQuery() returning 0 items (filter applied) {
  "filter": {
    "id": {
      "eq": "mock-unit-id",
    },
  },
}
[90mstdout[2m | src/components/SectionAssigner.stories.jsx[2m > [22m[2mNo Sections
[22m[39m[Mock Data] Unit subscription added. Total subscriptions: 1
[90mstdout[2m | src/components/SectionAssigner.stories.jsx[2m > [22m[2mNo Sections
[22m[39m[Mock Data] generateClient() called - returning mock client
[90mstdout[2m | src/components/SectionAssigner.stories.jsx[2m > [22m[2mNo Sections
[22m[39m[Mock amplifyClient] getAmplifyClient() called - returning mock client
[90mstdout[2m | src/components/SectionAssigner.stories.jsx[2m > [22m[2mNo Sections
[22m[39m[Mock Data] Word.observeQuery() called with filter: undefined
[90mstdout[2m | src/components/SectionAssigner.stories.jsx[2m > [22m[2mNo Sections
[22m[39m[Mock Data] Word.observeQuery() returning 0 items (filter applied) undefined
[90mstdout[2m | src/components/SectionAssigner.stories.jsx[2m > [22m[2mNo Sections
[22m[39m[Mock Data] Word subscription added. Total subscriptions: 1
[90mstdout[2m | src/components/SectionAssigner.stories.jsx[2m > [22m[2mNo Sections
[22m[39m[Mock Data] generateClient() called - returning mock client
[90mstdout[2m | src/components/SectionAssigner.stories.jsx[2m > [22m[2mNo Sections
[22m[39m[Mock amplifyClient] getAmplifyClient() called - returning mock client
[90mstdout[2m | src/components/SectionAssigner.stories.jsx[2m > [22m[2mNo Sections
[22m[39m[Mock Data] Question.observeQuery() called with filter: undefined
[90mstdout[2m | src/components/SectionAssigner.stories.jsx[2m > [22m[2mNo Sections
[22m[39m[Mock Data] Question.observeQuery() returning 0 items (filter applied) undefined
[90mstdout[2m | src/components/SectionAssigner.stories.jsx[2m > [22m[2mNo Sections
[22m[39m[Mock Data] Question subscription added. Total subscriptions: 1
[90mstdout[2m | src/components/SectionAssigner.stories.jsx[2m > [22m[2mNo Sections
[22m[39m[FilesContext] Initializing vector store from IndexedDB
[90mstdout[2m | src/components/SectionAssigner.stories.jsx[2m > [22m[2mNo Sections
[22m[39m[FilesContext] fetchFiles called
[90mstdout[2m | src/components/SectionAssigner.stories.jsx[2m > [22m[2mNo Sections
[22m[39m[FilesContext] User authenticated: mock-user-sub
[90mstdout[2m | src/components/SectionAssigner.stories.jsx[2m > [22m[2mNo Sections
[22m[39m[FilesContext] Identity ID: us-east-1:mock-identity-123
[90mstdout[2m | src/components/SectionAssigner.stories.jsx[2m > [22m[2mNo Sections
[22m[39m[FilesContext] About to subscribe to File model
[90mstdout[2m | src/components/SectionAssigner.stories.jsx[2m > [22m[2mNo Sections
[22m[39m[Mock Data] generateClient() called - returning mock client
[90mstdout[2m | src/components/SectionAssigner.stories.jsx[2m > [22m[2mNo Sections
[22m[39m[Mock amplifyClient] getAmplifyClient() called - returning mock client
[90mstdout[2m | src/components/SectionAssigner.stories.jsx[2m > [22m[2mNo Sections
[22m[39m[Mock Data] File.observeQuery() called with filter: undefined
[90mstdout[2m | src/components/SectionAssigner.stories.jsx[2m > [22m[2mNo Sections
[22m[39m[Mock Data] File.observeQuery() returning 6 items (filter applied) undefined
[90mstdout[2m | src/components/SectionAssigner.stories.jsx[2m > [22m[2mNo Sections
[22m[39m[Mock Data] File subscription added. Total subscriptions: 1
[90mstdout[2m | src/components/SectionAssigner.stories.jsx[2m > [22m[2mNo Sections
[22m[39m[Mock Data] generateClient() called - returning mock client
[90mstdout[2m | src/components/SectionAssigner.stories.jsx[2m > [22m[2mNo Sections
[22m[39m[Mock amplifyClient] getAmplifyClient() called - returning mock client
[90mstdout[2m | src/components/SectionAssigner.stories.jsx[2m > [22m[2mNo Sections
[22m[39m[Mock Data] Document.observeQuery() called with filter: undefined
[90mstdout[2m | src/components/SectionAssigner.stories.jsx[2m > [22m[2mNo Sections
[22m[39m[Mock Data] Document.observeQuery() returning 0 items (filter applied) undefined
[90mstdout[2m | src/components/SectionAssigner.stories.jsx[2m > [22m[2mNo Sections
[22m[39m[Mock Data] Document subscription added. Total subscriptions: 1
[90mstdout[2m | src/components/SectionAssigner.stories.jsx[2m > [22m[2mNo Sections
[22m[39m[ChatContext] Setting up observeQuery for AssistantChat
[90mstdout[2m | src/components/SectionAssigner.stories.jsx[2m > [22m[2mNo Sections
[22m[39m[Mock Data] AssistantChat.observeQuery() called with filter: {
  "sortDirection": "DESC",
  "sortField": "createdAt",
}
[90mstdout[2m | src/components/SectionAssigner.stories.jsx[2m > [22m[2mNo Sections
[22m[39m[Mock Data] AssistantChat.observeQuery() returning 1 items (filter applied) {
  "sortDirection": "DESC",
  "sortField": "createdAt",
}
[90mstdout[2m | src/components/SectionAssigner.stories.jsx[2m > [22m[2mNo Sections
[22m[39m[Mock Data] AssistantChat subscription added. Total subscriptions: 1
[90mstdout[2m | src/components/SectionAssigner.stories.jsx[2m > [22m[2mNo Sections
[22m[39m[ChatContext] Waiting for subscription to initialize
[90mstdout[2m | src/components/SectionAssigner.stories.jsx[2m > [22m[2mNo Sections
[22m[39m[SettingsContext] Setting up Settings subscription for user: mock-user-sub
[90mstdout[2m | src/components/SectionAssigner.stories.jsx[2m > [22m[2mNo Sections
[22m[39m[Mock Data] generateClient() called - returning mock client
[90mstdout[2m | src/components/SectionAssigner.stories.jsx[2m > [22m[2mNo Sections
[22m[39m[Mock amplifyClient] getAmplifyClient() called - returning mock client
[90mstdout[2m | src/components/SectionAssigner.stories.jsx[2m > [22m[2mNo Sections
[22m[39m[Mock Data] Settings.observeQuery() called with filter: undefined
[90mstdout[2m | src/components/SectionAssigner.stories.jsx[2m > [22m[2mNo Sections
[22m[39m[Mock Data] Settings.observeQuery() returning 0 items (filter applied) undefined
[90mstdout[2m | src/components/SectionAssigner.stories.jsx[2m > [22m[2mNo Sections
[22m[39m[Mock Data] Settings subscription added. Total subscriptions: 1
[90mstdout[2m | src/components/SectionAssigner.stories.jsx[2m > [22m[2mNo Sections
[22m[39m[SectionContext] Initial sections: 0 []
[90mstdout[2m | src/components/SectionAssigner.stories.jsx[2m > [22m[2mNo Sections
[22m[39m[Mock Data] Section.onCreate() called with filter: undefined
[90mstdout[2m | src/components/SectionAssigner.stories.jsx[2m > [22m[2mNo Sections
[22m[39m[Mock Data] Section.onCreate() subscription added. Total: 1
[90mstdout[2m | src/components/SectionAssigner.stories.jsx[2m > [22m[2mNo Sections
[22m[39m[Mock Data] Section.onUpdate() called with filter: undefined
[90mstdout[2m | src/components/SectionAssigner.stories.jsx[2m > [22m[2mNo Sections
[22m[39m[Mock Data] Section.onUpdate() subscription added. Total: 1
[90mstdout[2m | src/components/SectionAssigner.stories.jsx[2m > [22m[2mNo Sections
[22m[39m[Mock Data] Section.onDelete() called with filter: undefined
[90mstdout[2m | src/components/SectionAssigner.stories.jsx[2m > [22m[2mNo Sections
[22m[39m[Mock Data] Section.onDelete() subscription added. Total: 1
[90mstdout[2m | src/components/SectionAssigner.stories.jsx[2m > [22m[2mNo Sections
[22m[39m[Mock Data] Assignment.onCreate() called with filter: {
  "filter": {
    "unitID": {
      "eq": "mock-unit-id",
    },
  },
}
[90mstdout[2m | src/components/SectionAssigner.stories.jsx[2m > [22m[2mNo Sections
[22m[39m[Mock Data] Assignment.onCreate() subscription added. Total: 1
[90mstdout[2m | src/components/SectionAssigner.stories.jsx[2m > [22m[2mNo Sections
[22m[39m[Mock Data] Assignment.onUpdate() called with filter: {
  "filter": {
    "unitID": {
      "eq": "mock-unit-id",
    },
  },
}
[90mstdout[2m | src/components/SectionAssigner.stories.jsx[2m > [22m[2mNo Sections
[22m[39m[Mock Data] Assignment.onUpdate() subscription added. Total: 1
[90mstdout[2m | src/components/SectionAssigner.stories.jsx[2m > [22m[2mNo Sections
[22m[39m[Mock Data] Assignment.onDelete() called with filter: {
  "filter": {
    "unitID": {
      "eq": "mock-unit-id",
    },
  },
}
[90mstdout[2m | src/components/SectionAssigner.stories.jsx[2m > [22m[2mNo Sections
[22m[39m[Mock Data] Assignment.onDelete() subscription added. Total: 1
[90mstdout[2m | src/components/SectionAssigner.stories.jsx[2m > [22m[2mNo Sections
[22m[39m[FilesContext] File observeQuery subscription triggered:
[90mstdout[2m | src/components/SectionAssigner.stories.jsx[2m > [22m[2mNo Sections
[22m[39m  - items.length: 6
[90mstdout[2m | src/components/SectionAssigner.stories.jsx[2m > [22m[2mNo Sections
[22m[39m  - isSynced: true
[90mstdout[2m | src/components/SectionAssigner.stories.jsx[2m > [22m[2mNo Sections
[22m[39m  - items: [
  {
    "_deleted": null,
    "_lastChangedAt": 1767711773285,
    "_version": 1,
    "byHex": null,
    "createdAt": "2026-01-06T15:02:53.253Z",
    "description": "Japanese language textbook - Chapter 1",
    "document": Promise {},
    "documentID": "e01017e1-fe7a-4521-b71c-09ec31b18639",
    "duration": null,
    "embedding": null,
    "generated": null,
    "hex": null,
    "id": "a57d7833-5fa7-4cb7-8b7a-ce7c6e10e551",
    "identityId": "us-east-1:b0eadde9-f02c-c71b-17a6-22ffd37d89c8",
    "key": "files/Japanese Wind 1.pdf",
    "level": "protected",
    "mimeType": "application/pdf",
    "model": null,
    "name": "Japanese Wind 1.pdf",
    "owner": "64d81418-7021-701d-9fed-a4c2e0735711",
    "parsedContent": [Function anonymous],
    "parsedContentID": null,
    "path": "files/Japanese Wind 1.pdf",
    "prompt": null,
    "size": 4706654,
    "thumbnail": null,
    "type": "pdf",
    "updatedAt": "2026-01-06T15:02:53.253Z",
    "variant": null,
    "waveformData": null,
  },
  {
    "_version": 2,
    "createdAt": "2026-01-15T10:00:00.000Z",
    "description": "Sample report with vocabulary",
    "document": Promise {},
    "documentID": "cd824b5b-2c66-41f8-8571-aa6794ff590c",
    "generated": false,
    "id": "mock-pdf-file-2",
    "identityId": "us-east-1:mock-identity",
    "key": "files/report.pdf",
    "level": "protected",
    "mimeType": "application/pdf",
    "name": "report.pdf",
    "owner": "mock-user-id",
    "parsedContent": [Function anonymous],
    "path": "files/report.pdf",
    "size": 123456,
    "type": "pdf",
    "updatedAt": "2026-01-15T10:30:00.000Z",
  },
  {
    "_version": 3,
    "createdAt": "2026-01-14T08:00:00.000Z",
    "description": "Vocabulary lesson PDF with extracted content",
    "document": Promise {},
    "documentID": "mock-document-3",
    "generated": false,
    "id": "mock-pdf-file-3",
    "identityId": "us-east-1:mock-identity",
    "key": "files/vocabulary-lesson.pdf",
    "level": "public",
    "mimeType": "application/pdf",
    "name": "vocabulary-lesson.pdf",
    "owner": "mock-user-id",
    "parsedContent": [Function anonymous],
    "path": "files/vocabulary-lesson.pdf",
    "size": 567890,
    "type": "pdf",
    "updatedAt": "2026-01-14T08:45:00.000Z",
  },
  {
    "_version": 1,
    "createdAt": "2026-01-20T10:00:00.000Z",
    "description": "Sample pronunciation audio",
    "documentID": null,
    "duration": 3.5,
    "generated": true,
    "id": "mock-audio-file-1",
    "identityId": "us-east-1:mock-identity",
    "key": "audio/pronunciation-demo.mp3",
    "level": "public",
    "mimeType": "audio/mpeg",
    "name": "pronunciation-demo.mp3",
    "owner": "mock-user-id",
    "parsedContent": [Function anonymous],
    "path": "/story-mocks/cinematic-designed-sci-fi-whoosh-transition-nexawave-228295.mp3",
    "size": 56789,
    "type": "audio",
    "updatedAt": "2026-01-20T10:00:00.000Z",
    "waveformData": null,
  },
  {
    "_version": 1,
    "createdAt": "2026-01-19T14:30:00.000Z",
    "description": "Lesson introduction audio",
    "documentID": null,
    "duration": 5.2,
    "generated": false,
    "id": "mock-audio-file-2",
    "identityId": "us-east-1:mock-identity",
    "key": "audio/lesson-intro.mp3",
    "level": "public",
    "mimeType": "audio/mpeg",
    "name": "lesson-intro.mp3",
    "owner": "mock-user-id",
    "parsedContent": [Function anonymous],
    "path": "/story-mocks/descent-whoosh-long-cinematic-sound-effect-405921.mp3",
    "size": 87654,
    "type": "audio",
    "updatedAt": "2026-01-19T14:30:00.000Z",
    "waveformData": null,
  },
  {
    "_version": 1,
    "createdAt": "2026-01-18T09:15:00.000Z",
    "description": "Hiragana character chart",
    "documentID": null,
    "generated": false,
    "id": "mock-image-file-1",
    "identityId": "us-east-1:mock-identity",
    "key": "images/hiragana-chart.png",
    "level": "public",
    "mimeType": "image/png",
    "name": "hiragana-chart.png",
    "owner": "mock-user-id",
    "parsedContent": [Function anonymous],
    "path": "images/hiragana-chart.png",
    "size": 234567,
    "thumbnail": "thumbnails/hiragana-chart-thumb.png",
    "type": "image",
    "updatedAt": "2026-01-18T09:15:00.000Z",
  },
]
[90mstdout[2m | src/components/SectionAssigner.stories.jsx[2m > [22m[2mNo Sections
[22m[39m[ChatContext] AssistantChat query update: 1 items (synced)
[90mstdout[2m | src/components/SectionAssigner.stories.jsx[2m > [22m[2mNo Sections
[22m[39m[ChatContext] First item details: {
  "id": "mock-assistant-chat-1",
  "updatedAt": "2024-01-26T10:15:00.000Z",
}
[90mstdout[2m | src/components/SectionAssigner.stories.jsx[2m > [22m[2mNo Sections
[22m[39m[ChatContext] AssistantChat subscription initialized
[90mstdout[2m | src/components/SectionAssigner.stories.jsx[2m > [22m[2mNo Sections
[22m[39m[ChatContext] AssistantChat list updated: 1 chats
[90mstdout[2m | src/components/SectionAssigner.stories.jsx[2m > [22m[2mNo Sections
[22m[39m[ChatContext] Setting initial chat: mock-assistant-chat-1
[90mstdout[2m | src/components/SectionAssigner.stories.jsx[2m > [22m[2mNo Sections
[22m[39m[FilesContext] Files count changed: 0 → 6
[90mstdout[2m | src/components/SectionAssigner.stories.jsx[2m > [22m[2mNo Sections
[22m[39m[MOCK CourseVectorStore] Initialized with mock data
[90mstdout[2m | src/components/SectionAssigner.stories.jsx[2m > [22m[2mNo Sections
[22m[39m[MOCK CourseVectorStore] Initialized with mock data
[90mstdout[2m | src/components/SectionAssigner.stories.jsx[2m > [22m[2mNo Sections
[22m[39m[useTranslationWithCapture] t() called: {
  "key": "sectionAssigner.dialogTitle",
  "mode": "off",
  "namespace": "components",
  "value": "Assign to Section",
}
[90mstdout[2m | src/components/SectionAssigner.stories.jsx[2m > [22m[2mNo Sections
[22m[39m[useTranslationWithCapture] t() called: {
  "key": "sectionAssigner.dueDateNote",
  "mode": "off",
  "namespace": "components",
  "value": "Users will be allowed to continue after the due date has passed. The due date will be used to sort the units in the class section.",
}
[90mstdout[2m | src/components/SectionAssigner.stories.jsx[2m > [22m[2mNo Sections
[22m[39m[useTranslationWithCapture] t() called: {
  "key": "sectionAssigner.dueDate",
  "mode": "off",
  "namespace": "components",
  "value": "Due Date",
}
[90mstdout[2m | src/components/SectionAssigner.stories.jsx[2m > [22m[2mNo Sections
[22m[39m[useTranslationWithCapture] t() called: {
  "key": "sectionAssigner.selectSection",
  "mode": "off",
  "namespace": "components",
  "value": "Select Section",
}
[90mstdout[2m | src/components/SectionAssigner.stories.jsx[2m > [22m[2mNo Sections
[22m[39m[useTranslationWithCapture] t() called: {
  "key": "sectionAssigner.selectSection",
  "mode": "off",
  "namespace": "components",
  "value": "Select Section",
}
[90mstdout[2m | src/components/SectionAssigner.stories.jsx[2m > [22m[2mNo Sections
[22m[39m[useTranslationWithCapture] t() called: {
  "key": "sectionAssigner.selectSectionHelper",
  "mode": "off",
  "namespace": "components",
  "value": "Select a section to assign the due date to",
}
[90mstdout[2m | src/components/SectionAssigner.stories.jsx[2m > [22m[2mNo Sections
[22m[39m[useTranslationWithCapture] t() called: {
  "key": "sectionAssigner.cancel",
  "mode": "off",
  "namespace": "components",
  "value": "Cancel",
}
[90mstdout[2m | src/components/SectionAssigner.stories.jsx[2m > [22m[2mNo Sections
[22m[39m[useTranslationWithCapture] t() called: {
  "key": "sectionAssigner.assign",
  "mode": "off",
  "namespace": "components",
  "value": "Assign",
}
[90mstdout[2m | src/components/SectionAssigner.stories.jsx[2m > [22m[2mNo Sections
[22m[39m[useTranslationWithCapture] t() called: {
  "key": "sectionAssigner.assignedToSections",
  "mode": "off",
  "namespace": "components",
  "value": "Assigned to Sections",
}
[90mstdout[2m | src/components/SectionAssigner.stories.jsx[2m > [22m[2mNo Sections
[22m[39m[FilesContext] Vector store population triggered {
  "currentVectorStoreSize": 3,
  "documentsCount": 0,
  "filesCount": 6,
  "isInitialLoad": true,
}
[90mstdout[2m | src/components/SectionAssigner.stories.jsx[2m > [22m[2mNo Sections
[22m[39m[FilesContext] Vector store population complete - 3 total embeddings
[90mstdout[2m | src/components/SectionAssigner.stories.jsx[2m > [22m[2mNo Sections
[22m[39m[ChatContext] Chat exists and not archived, skipping creation
[90mstdout[2m | src/components/SectionAssigner.stories.jsx[2m > [22m[2mNo Sections
[22m[39m[Mock Data] Settings.create() called with: {
  "assistantVoice": "shimmer",
  "autoAnalyzeDocuments": true,
  "defaultAIModel": "gpt-4",
  "documentAnalysisModel": "gpt-4",
  "editorFontSize": 14,
  "editorTheme": "auto",
  "emailNotifications": true,
  "language": "en",
  "webhookNotifications": false,
}
[90mstdout[2m | src/components/SectionAssigner.stories.jsx[2m > [22m[2mNo Sections
[22m[39m[Mock Data] Settings created: mock-settings-1776336994615 - notified 1 subscribers
 [32m✓[39m [30m[45m storybook (chromium) [49m[39m src/components/SectionAssigner.stories.jsx [2m([22m[2m3 tests[22m[2m)[22m[33m 595[2mms[22m[39m
[90mstdout[2m | src/components/SortableAnswers.stories.jsx[2m > [22m[2mDefault
[22m[39m[Mock Data] Settings subscription unsubscribed. Remaining: 0
[90mstdout[2m | src/components/SortableAnswers.stories.jsx[2m > [22m[2mDefault
[22m[39m[ChatContext] Cleaning up subscription
[90mstdout[2m | src/components/SortableAnswers.stories.jsx[2m > [22m[2mDefault
[22m[39m[Mock Data] AssistantChat subscription unsubscribed. Remaining: 0
[90mstdout[2m | src/components/SortableAnswers.stories.jsx[2m > [22m[2mDefault
[22m[39m[Mock Data] File subscription unsubscribed. Remaining: 0
[90mstdout[2m | src/components/SortableAnswers.stories.jsx[2m > [22m[2mDefault
[22m[39m[Mock Data] Document subscription unsubscribed. Remaining: 0
[90mstdout[2m | src/components/SortableAnswers.stories.jsx[2m > [22m[2mDefault
[22m[39m[Mock Data] Word subscription unsubscribed. Remaining: 0
[90mstdout[2m | src/components/SortableAnswers.stories.jsx[2m > [22m[2mDefault
[22m[39m[Mock Data] Question subscription unsubscribed. Remaining: 0
[90mstdout[2m | src/components/SortableAnswers.stories.jsx[2m > [22m[2mDefault
[22m[39m[Mock Data] Grade subscription unsubscribed. Remaining: 0
[90mstdout[2m | src/components/SortableAnswers.stories.jsx[2m > [22m[2mDefault
[22m[39m[Mock Data] Unit subscription unsubscribed. Remaining: 0
[90mstdout[2m | src/components/SortableAnswers.stories.jsx[2m > [22m[2mDefault
[22m[39m[SectionContext] Cleaning up subscriptions
[90mstdout[2m | src/components/SortableAnswers.stories.jsx[2m > [22m[2mDefault
[22m[39m[Mock Data] Section.onCreate() subscription removed. Remaining: 0
[90mstdout[2m | src/components/SortableAnswers.stories.jsx[2m > [22m[2mDefault
[22m[39m[Mock Data] Section.onUpdate() subscription removed. Remaining: 0
[90mstdout[2m | src/components/SortableAnswers.stories.jsx[2m > [22m[2mDefault
[22m[39m[Mock Data] Section.onDelete() subscription removed. Remaining: 0
[90mstdout[2m | src/components/SortableAnswers.stories.jsx[2m > [22m[2mDefault
[22m[39m[Mock Data] Assignment.onCreate() subscription removed. Remaining: 0
[90mstdout[2m | src/components/SortableAnswers.stories.jsx[2m > [22m[2mDefault
[22m[39m[Mock Data] Assignment.onUpdate() subscription removed. Remaining: 0
[90mstdout[2m | src/components/SortableAnswers.stories.jsx[2m > [22m[2mDefault
[22m[39m[Mock Data] Assignment.onDelete() subscription removed. Remaining: 0
[90mstdout[2m | src/components/SortableAnswers.stories.jsx[2m > [22m[2mDefault
[22m[39m[Mock Data] Clearing all data stores
[90mstdout[2m | src/components/SortableAnswers.stories.jsx[2m > [22m[2mDefault
[22m[39m[Mock Data] All data stores cleared
[90mstdout[2m | src/components/SortableAnswers.stories.jsx[2m > [22m[2mDefault
[22m[39m[Preview] Cleared mock data for story
[90mstdout[2m | src/components/SortableAnswers.stories.jsx[2m > [22m[2mDefault
[22m[39m[Mock Data Gen 2] Initializing mock data
[90mstdout[2m | src/components/SortableAnswers.stories.jsx[2m > [22m[2mDefault
[22m[39m[Mock Data] seedMockAssistantChats: Replacing with 1 assistant chats
[90mstdout[2m | src/components/SortableAnswers.stories.jsx[2m > [22m[2mDefault
[22m[39m[Mock Data Gen 2] Seeded AssistantChat: mock-assistant-chat-1
[90mstdout[2m | src/components/SortableAnswers.stories.jsx[2m > [22m[2mDefault
[22m[39m[Mock Data] seedMockFiles: Adding 6 files
[90mstdout[2m | src/components/SortableAnswers.stories.jsx[2m > [22m[2mDefault
[22m[39m[Mock Data Gen 2] Seeded Files: 6
[90mstdout[2m | src/components/SortableAnswers.stories.jsx[2m > [22m[2mDefault
[22m[39m[Mock Data Gen 2] Initializing mock data
[90mstdout[2m | src/components/SortableAnswers.stories.jsx[2m > [22m[2mDefault
[22m[39m[Mock Data] seedMockAssistantChats: Replacing with 1 assistant chats
[90mstdout[2m | src/components/SortableAnswers.stories.jsx[2m > [22m[2mDefault
[22m[39m[Mock Data Gen 2] Seeded AssistantChat: mock-assistant-chat-1
[90mstdout[2m | src/components/SortableAnswers.stories.jsx[2m > [22m[2mDefault
[22m[39m[Mock Data] seedMockFiles: Adding 6 files
[90mstdout[2m | src/components/SortableAnswers.stories.jsx[2m > [22m[2mDefault
[22m[39m[Mock Data Gen 2] Seeded Files: 6
[90mstdout[2m | src/components/SortableAnswers.stories.jsx[2m > [22m[2mDefault
[22m[39m[Preview] Initialized default mock data for story
[90mstdout[2m | src/components/SortableAnswers.stories.jsx[2m > [22m[2mDefault
[22m[39m[Mock AuthContext] Providing auth: {
  "error": undefined,
  "isLoading": false,
  "session": {
    "idToken": {
      "toString": [Function toString],
    },
    "identityId": "us-east-1:mock-identity-123",
    "username": "mock-user-sub",
  },
  "user": {
    "attributes": {
      "email": "alice@example.com",
      "name": "Alice Student",
      "sub": "mock-user-sub",
    },
  },
}
[90mstdout[2m | src/components/SortableAnswers.stories.jsx[2m > [22m[2mDefault
[22m[39m[Mock Data] generateClient() called - returning mock client
[90mstdout[2m | src/components/SortableAnswers.stories.jsx[2m > [22m[2mDefault
[22m[39m[Mock amplifyClient] getAmplifyClient() called - returning mock client
[90mstdout[2m | src/components/SortableAnswers.stories.jsx[2m > [22m[2mDefault
[22m[39m[MOCK CourseVectorStore] Initialized with mock data
[90mstdout[2m | src/components/SortableAnswers.stories.jsx[2m > [22m[2mDefault
[22m[39m[TranslationModeController] Setting mode to: off
[90mstdout[2m | src/components/SortableAnswers.stories.jsx[2m > [22m[2mDefault
[22m[39m[SectionContext] useEffect triggered {
  "authLoading": false,
  "hasUser": true,
  "userSub": "mock-user-sub",
}
[90mstdout[2m | src/components/SortableAnswers.stories.jsx[2m > [22m[2mDefault
[22m[39m[SectionContext] Fetching sections for userId: mock-user-sub
[90mstdout[2m | src/components/SortableAnswers.stories.jsx[2m > [22m[2mDefault
[22m[39m[Mock Data] generateClient() called - returning mock client
[90mstdout[2m | src/components/SortableAnswers.stories.jsx[2m > [22m[2mDefault
[22m[39m[Mock amplifyClient] getAmplifyClient() called - returning mock client
[90mstdout[2m | src/components/SortableAnswers.stories.jsx[2m > [22m[2mDefault
[22m[39m[Mock Data] Section.list() called with options: undefined
[90mstdout[2m | src/components/SortableAnswers.stories.jsx[2m > [22m[2mDefault
[22m[39m[Mock Data] generateClient() called - returning mock client
[90mstdout[2m | src/components/SortableAnswers.stories.jsx[2m > [22m[2mDefault
[22m[39m[Mock amplifyClient] getAmplifyClient() called - returning mock client
[90mstdout[2m | src/components/SortableAnswers.stories.jsx[2m > [22m[2mDefault
[22m[39m[Mock Data] Assignment.list() called with options: {
  "filter": {
    "unitID": {
      "eq": "mock-unit-id",
    },
  },
}
[90mstdout[2m | src/components/SortableAnswers.stories.jsx[2m > [22m[2mDefault
[22m[39m[Mock Data] generateClient() called - returning mock client
[90mstdout[2m | src/components/SortableAnswers.stories.jsx[2m > [22m[2mDefault
[22m[39m[Mock amplifyClient] getAmplifyClient() called - returning mock client
[90mstdout[2m | src/components/SortableAnswers.stories.jsx[2m > [22m[2mDefault
[22m[39m[Mock Data] Grade.observeQuery() called with filter: {
  "filter": {
    "unitID": {
      "eq": "mock-unit-id",
    },
  },
}
[90mstdout[2m | src/components/SortableAnswers.stories.jsx[2m > [22m[2mDefault
[22m[39m[Mock Data] Grade.observeQuery() applying filter: {
  "unitID": {
    "eq": "mock-unit-id",
  },
}
[90mstdout[2m | src/components/SortableAnswers.stories.jsx[2m > [22m[2mDefault
[22m[39m[Mock Data] Grade.observeQuery() items before filter: 0
[90mstdout[2m | src/components/SortableAnswers.stories.jsx[2m > [22m[2mDefault
[22m[39m[Mock Data] Grade.observeQuery() items after filter: 0
[90mstdout[2m | src/components/SortableAnswers.stories.jsx[2m > [22m[2mDefault
[22m[39m[Mock Data] Grade.observeQuery() returning 0 items (filter applied) {
  "filter": {
    "unitID": {
      "eq": "mock-unit-id",
    },
  },
}
[90mstdout[2m | src/components/SortableAnswers.stories.jsx[2m > [22m[2mDefault
[22m[39m[Mock Data] Grade subscription added. Total subscriptions: 1
[90mstdout[2m | src/components/SortableAnswers.stories.jsx[2m > [22m[2mDefault
[22m[39m[UnitContext] useEffect triggered {
  "authLoading": false,
  "hasUser": true,
  "id": "mock-unit-id",
  "userSub": "mock-user-sub",
}
[90mstdout[2m | src/components/SortableAnswers.stories.jsx[2m > [22m[2mDefault
[22m[39m[UnitContext] Fetching unit data for id: mock-unit-id
[90mstdout[2m | src/components/SortableAnswers.stories.jsx[2m > [22m[2mDefault
[22m[39m[Mock Data] generateClient() called - returning mock client
[90mstdout[2m | src/components/SortableAnswers.stories.jsx[2m > [22m[2mDefault
[22m[39m[Mock amplifyClient] getAmplifyClient() called - returning mock client
[90mstdout[2m | src/components/SortableAnswers.stories.jsx[2m > [22m[2mDefault
[22m[39m[Mock Data] Unit.observeQuery() called with filter: {
  "filter": {
    "id": {
      "eq": "mock-unit-id",
    },
  },
}
[90mstdout[2m | src/components/SortableAnswers.stories.jsx[2m > [22m[2mDefault
[22m[39m[Mock Data] Unit.observeQuery() applying filter: {
  "id": {
    "eq": "mock-unit-id",
  },
}
[90mstdout[2m | src/components/SortableAnswers.stories.jsx[2m > [22m[2mDefault
[22m[39m[Mock Data] Unit.observeQuery() items before filter: 0
[90mstdout[2m | src/components/SortableAnswers.stories.jsx[2m > [22m[2mDefault
[22m[39m[Mock Data] Unit.observeQuery() items after filter: 0
[90mstdout[2m | src/components/SortableAnswers.stories.jsx[2m > [22m[2mDefault
[22m[39m[Mock Data] Unit.observeQuery() returning 0 items (filter applied) {
  "filter": {
    "id": {
      "eq": "mock-unit-id",
    },
  },
}
[90mstdout[2m | src/components/SortableAnswers.stories.jsx[2m > [22m[2mDefault
[22m[39m[Mock Data] Unit subscription added. Total subscriptions: 1
[90mstdout[2m | src/components/SortableAnswers.stories.jsx[2m > [22m[2mDefault
[22m[39m[Mock Data] generateClient() called - returning mock client
[90mstdout[2m | src/components/SortableAnswers.stories.jsx[2m > [22m[2mDefault
[22m[39m[Mock amplifyClient] getAmplifyClient() called - returning mock client
[90mstdout[2m | src/components/SortableAnswers.stories.jsx[2m > [22m[2mDefault
[22m[39m[Mock Data] Word.observeQuery() called with filter: undefined
[90mstdout[2m | src/components/SortableAnswers.stories.jsx[2m > [22m[2mDefault
[22m[39m[Mock Data] Word.observeQuery() returning 0 items (filter applied) undefined
[90mstdout[2m | src/components/SortableAnswers.stories.jsx[2m > [22m[2mDefault
[22m[39m[Mock Data] Word subscription added. Total subscriptions: 1
[90mstdout[2m | src/components/SortableAnswers.stories.jsx[2m > [22m[2mDefault
[22m[39m[Mock Data] generateClient() called - returning mock client
[90mstdout[2m | src/components/SortableAnswers.stories.jsx[2m > [22m[2mDefault
[22m[39m[Mock amplifyClient] getAmplifyClient() called - returning mock client
[90mstdout[2m | src/components/SortableAnswers.stories.jsx[2m > [22m[2mDefault
[22m[39m[Mock Data] Question.observeQuery() called with filter: undefined
[90mstdout[2m | src/components/SortableAnswers.stories.jsx[2m > [22m[2mDefault
[22m[39m[Mock Data] Question.observeQuery() returning 0 items (filter applied) undefined
[90mstdout[2m | src/components/SortableAnswers.stories.jsx[2m > [22m[2mDefault
[22m[39m[Mock Data] Question subscription added. Total subscriptions: 1
[90mstdout[2m | src/components/SortableAnswers.stories.jsx[2m > [22m[2mDefault
[22m[39m[FilesContext] Initializing vector store from IndexedDB
[90mstdout[2m | src/components/SortableAnswers.stories.jsx[2m > [22m[2mDefault
[22m[39m[FilesContext] fetchFiles called
[90mstdout[2m | src/components/SortableAnswers.stories.jsx[2m > [22m[2mDefault
[22m[39m[FilesContext] User authenticated: mock-user-sub
[90mstdout[2m | src/components/SortableAnswers.stories.jsx[2m > [22m[2mDefault
[22m[39m[FilesContext] Identity ID: us-east-1:mock-identity-123
[90mstdout[2m | src/components/SortableAnswers.stories.jsx[2m > [22m[2mDefault
[22m[39m[FilesContext] About to subscribe to File model
[90mstdout[2m | src/components/SortableAnswers.stories.jsx[2m > [22m[2mDefault
[22m[39m[Mock Data] generateClient() called - returning mock client
[90mstdout[2m | src/components/SortableAnswers.stories.jsx[2m > [22m[2mDefault
[22m[39m[Mock amplifyClient] getAmplifyClient() called - returning mock client
[90mstdout[2m | src/components/SortableAnswers.stories.jsx[2m > [22m[2mDefault
[22m[39m[Mock Data] File.observeQuery() called with filter: undefined
[90mstdout[2m | src/components/SortableAnswers.stories.jsx[2m > [22m[2mDefault
[22m[39m[Mock Data] File.observeQuery() returning 6 items (filter applied) undefined
[90mstdout[2m | src/components/SortableAnswers.stories.jsx[2m > [22m[2mDefault
[22m[39m[Mock Data] File subscription added. Total subscriptions: 1
[90mstdout[2m | src/components/SortableAnswers.stories.jsx[2m > [22m[2mDefault
[22m[39m[Mock Data] generateClient() called - returning mock client
[90mstdout[2m | src/components/SortableAnswers.stories.jsx[2m > [22m[2mDefault
[22m[39m[Mock amplifyClient] getAmplifyClient() called - returning mock client
[90mstdout[2m | src/components/SortableAnswers.stories.jsx[2m > [22m[2mDefault
[22m[39m[Mock Data] Document.observeQuery() called with filter: undefined
[90mstdout[2m | src/components/SortableAnswers.stories.jsx[2m > [22m[2mDefault
[22m[39m[Mock Data] Document.observeQuery() returning 0 items (filter applied) undefined
[90mstdout[2m | src/components/SortableAnswers.stories.jsx[2m > [22m[2mDefault
[22m[39m[Mock Data] Document subscription added. Total subscriptions: 1
[90mstdout[2m | src/components/SortableAnswers.stories.jsx[2m > [22m[2mDefault
[22m[39m[ChatContext] Setting up observeQuery for AssistantChat
[90mstdout[2m | src/components/SortableAnswers.stories.jsx[2m > [22m[2mDefault
[22m[39m[Mock Data] AssistantChat.observeQuery() called with filter: {
  "sortDirection": "DESC",
  "sortField": "createdAt",
}
[90mstdout[2m | src/components/SortableAnswers.stories.jsx[2m > [22m[2mDefault
[22m[39m[Mock Data] AssistantChat.observeQuery() returning 1 items (filter applied) {
  "sortDirection": "DESC",
  "sortField": "createdAt",
}
[90mstdout[2m | src/components/SortableAnswers.stories.jsx[2m > [22m[2mDefault
[22m[39m[Mock Data] AssistantChat subscription added. Total subscriptions: 1
[90mstdout[2m | src/components/SortableAnswers.stories.jsx[2m > [22m[2mDefault
[22m[39m[ChatContext] Waiting for subscription to initialize
[90mstdout[2m | src/components/SortableAnswers.stories.jsx[2m > [22m[2mDefault
[22m[39m[SettingsContext] Setting up Settings subscription for user: mock-user-sub
[90mstdout[2m | src/components/SortableAnswers.stories.jsx[2m > [22m[2mDefault
[22m[39m[Mock Data] generateClient() called - returning mock client
[90mstdout[2m | src/components/SortableAnswers.stories.jsx[2m > [22m[2mDefault
[22m[39m[Mock amplifyClient] getAmplifyClient() called - returning mock client
[90mstdout[2m | src/components/SortableAnswers.stories.jsx[2m > [22m[2mDefault
[22m[39m[Mock Data] Settings.observeQuery() called with filter: undefined
[90mstdout[2m | src/components/SortableAnswers.stories.jsx[2m > [22m[2mDefault
[22m[39m[Mock Data] Settings.observeQuery() returning 0 items (filter applied) undefined
[90mstdout[2m | src/components/SortableAnswers.stories.jsx[2m > [22m[2mDefault
[22m[39m[Mock Data] Settings subscription added. Total subscriptions: 1
[90mstdout[2m | src/components/SortableAnswers.stories.jsx[2m > [22m[2mDefault
[22m[39m[SectionContext] Initial sections: 0 []
[90mstdout[2m | src/components/SortableAnswers.stories.jsx[2m > [22m[2mDefault
[22m[39m[Mock Data] Section.onCreate() called with filter: undefined
[90mstdout[2m | src/components/SortableAnswers.stories.jsx[2m > [22m[2mDefault
[22m[39m[Mock Data] Section.onCreate() subscription added. Total: 1
[90mstdout[2m | src/components/SortableAnswers.stories.jsx[2m > [22m[2mDefault
[22m[39m[Mock Data] Section.onUpdate() called with filter: undefined
[90mstdout[2m | src/components/SortableAnswers.stories.jsx[2m > [22m[2mDefault
[22m[39m[Mock Data] Section.onUpdate() subscription added. Total: 1
[90mstdout[2m | src/components/SortableAnswers.stories.jsx[2m > [22m[2mDefault
[22m[39m[Mock Data] Section.onDelete() called with filter: undefined
[90mstdout[2m | src/components/SortableAnswers.stories.jsx[2m > [22m[2mDefault
[22m[39m[Mock Data] Section.onDelete() subscription added. Total: 1
[90mstdout[2m | src/components/SortableAnswers.stories.jsx[2m > [22m[2mDefault
[22m[39m[Mock Data] Assignment.onCreate() called with filter: {
  "filter": {
    "unitID": {
      "eq": "mock-unit-id",
    },
  },
}
[90mstdout[2m | src/components/SortableAnswers.stories.jsx[2m > [22m[2mDefault
[22m[39m[Mock Data] Assignment.onCreate() subscription added. Total: 1
[90mstdout[2m | src/components/SortableAnswers.stories.jsx[2m > [22m[2mDefault
[22m[39m[Mock Data] Assignment.onUpdate() called with filter: {
  "filter": {
    "unitID": {
      "eq": "mock-unit-id",
    },
  },
}
[90mstdout[2m | src/components/SortableAnswers.stories.jsx[2m > [22m[2mDefault
[22m[39m[Mock Data] Assignment.onUpdate() subscription added. Total: 1
[90mstdout[2m | src/components/SortableAnswers.stories.jsx[2m > [22m[2mDefault
[22m[39m[Mock Data] Assignment.onDelete() called with filter: {
  "filter": {
    "unitID": {
      "eq": "mock-unit-id",
    },
  },
}
[90mstdout[2m | src/components/SortableAnswers.stories.jsx[2m > [22m[2mDefault
[22m[39m[Mock Data] Assignment.onDelete() subscription added. Total: 1
[90mstdout[2m | src/components/SortableAnswers.stories.jsx[2m > [22m[2mDefault
[22m[39m[FilesContext] File observeQuery subscription triggered:
[90mstdout[2m | src/components/SortableAnswers.stories.jsx[2m > [22m[2mDefault
[22m[39m  - items.length: 6
[90mstdout[2m | src/components/SortableAnswers.stories.jsx[2m > [22m[2mDefault
[22m[39m  - isSynced: true
[90mstdout[2m | src/components/SortableAnswers.stories.jsx[2m > [22m[2mDefault
[22m[39m  - items: [
  {
    "_deleted": null,
    "_lastChangedAt": 1767711773285,
    "_version": 1,
    "byHex": null,
    "createdAt": "2026-01-06T15:02:53.253Z",
    "description": "Japanese language textbook - Chapter 1",
    "document": Promise {},
    "documentID": "e01017e1-fe7a-4521-b71c-09ec31b18639",
    "duration": null,
    "embedding": null,
    "generated": null,
    "hex": null,
    "id": "a57d7833-5fa7-4cb7-8b7a-ce7c6e10e551",
    "identityId": "us-east-1:b0eadde9-f02c-c71b-17a6-22ffd37d89c8",
    "key": "files/Japanese Wind 1.pdf",
    "level": "protected",
    "mimeType": "application/pdf",
    "model": null,
    "name": "Japanese Wind 1.pdf",
    "owner": "64d81418-7021-701d-9fed-a4c2e0735711",
    "parsedContent": [Function anonymous],
    "parsedContentID": null,
    "path": "files/Japanese Wind 1.pdf",
    "prompt": null,
    "size": 4706654,
    "thumbnail": null,
    "type": "pdf",
    "updatedAt": "2026-01-06T15:02:53.253Z",
    "variant": null,
    "waveformData": null,
  },
  {
    "_version": 2,
    "createdAt": "2026-01-15T10:00:00.000Z",
    "description": "Sample report with vocabulary",
    "document": Promise {},
    "documentID": "cd824b5b-2c66-41f8-8571-aa6794ff590c",
    "generated": false,
    "id": "mock-pdf-file-2",
    "identityId": "us-east-1:mock-identity",
    "key": "files/report.pdf",
    "level": "protected",
    "mimeType": "application/pdf",
    "name": "report.pdf",
    "owner": "mock-user-id",
    "parsedContent": [Function anonymous],
    "path": "files/report.pdf",
    "size": 123456,
    "type": "pdf",
    "updatedAt": "2026-01-15T10:30:00.000Z",
  },
  {
    "_version": 3,
    "createdAt": "2026-01-14T08:00:00.000Z",
    "description": "Vocabulary lesson PDF with extracted content",
    "document": Promise {},
    "documentID": "mock-document-3",
    "generated": false,
    "id": "mock-pdf-file-3",
    "identityId": "us-east-1:mock-identity",
    "key": "files/vocabulary-lesson.pdf",
    "level": "public",
    "mimeType": "application/pdf",
    "name": "vocabulary-lesson.pdf",
    "owner": "mock-user-id",
    "parsedContent": [Function anonymous],
    "path": "files/vocabulary-lesson.pdf",
    "size": 567890,
    "type": "pdf",
    "updatedAt": "2026-01-14T08:45:00.000Z",
  },
  {
    "_version": 1,
    "createdAt": "2026-01-20T10:00:00.000Z",
    "description": "Sample pronunciation audio",
    "documentID": null,
    "duration": 3.5,
    "generated": true,
    "id": "mock-audio-file-1",
    "identityId": "us-east-1:mock-identity",
    "key": "audio/pronunciation-demo.mp3",
    "level": "public",
    "mimeType": "audio/mpeg",
    "name": "pronunciation-demo.mp3",
    "owner": "mock-user-id",
    "parsedContent": [Function anonymous],
    "path": "/story-mocks/cinematic-designed-sci-fi-whoosh-transition-nexawave-228295.mp3",
    "size": 56789,
    "type": "audio",
    "updatedAt": "2026-01-20T10:00:00.000Z",
    "waveformData": null,
  },
  {
    "_version": 1,
    "createdAt": "2026-01-19T14:30:00.000Z",
    "description": "Lesson introduction audio",
    "documentID": null,
    "duration": 5.2,
    "generated": false,
    "id": "mock-audio-file-2",
    "identityId": "us-east-1:mock-identity",
    "key": "audio/lesson-intro.mp3",
    "level": "public",
    "mimeType": "audio/mpeg",
    "name": "lesson-intro.mp3",
    "owner": "mock-user-id",
    "parsedContent": [Function anonymous],
    "path": "/story-mocks/descent-whoosh-long-cinematic-sound-effect-405921.mp3",
    "size": 87654,
    "type": "audio",
    "updatedAt": "2026-01-19T14:30:00.000Z",
    "waveformData": null,
  },
  {
    "_version": 1,
    "createdAt": "2026-01-18T09:15:00.000Z",
    "description": "Hiragana character chart",
    "documentID": null,
    "generated": false,
    "id": "mock-image-file-1",
    "identityId": "us-east-1:mock-identity",
    "key": "images/hiragana-chart.png",
    "level": "public",
    "mimeType": "image/png",
    "name": "hiragana-chart.png",
    "owner": "mock-user-id",
    "parsedContent": [Function anonymous],
    "path": "images/hiragana-chart.png",
    "size": 234567,
    "thumbnail": "thumbnails/hiragana-chart-thumb.png",
    "type": "image",
    "updatedAt": "2026-01-18T09:15:00.000Z",
  },
]
[90mstdout[2m | src/components/SortableAnswers.stories.jsx[2m > [22m[2mDefault
[22m[39m[ChatContext] AssistantChat query update: 1 items (synced)
[90mstdout[2m | src/components/SortableAnswers.stories.jsx[2m > [22m[2mDefault
[22m[39m[ChatContext] First item details: {
  "id": "mock-assistant-chat-1",
  "updatedAt": "2024-01-26T10:15:00.000Z",
}
[90mstdout[2m | src/components/SortableAnswers.stories.jsx[2m > [22m[2mDefault
[22m[39m[ChatContext] AssistantChat subscription initialized
[90mstdout[2m | src/components/SortableAnswers.stories.jsx[2m > [22m[2mDefault
[22m[39m[ChatContext] AssistantChat list updated: 1 chats
[90mstdout[2m | src/components/SortableAnswers.stories.jsx[2m > [22m[2mDefault
[22m[39m[Mock Data] Settings.create() called with: {
  "assistantVoice": "shimmer",
  "autoAnalyzeDocuments": true,
  "defaultAIModel": "gpt-4",
  "documentAnalysisModel": "gpt-4",
  "editorFontSize": 14,
  "editorTheme": "auto",
  "emailNotifications": true,
  "language": "en",
  "webhookNotifications": false,
}
[90mstdout[2m | src/components/SortableAnswers.stories.jsx[2m > [22m[2mDefault
[22m[39m[Mock Data] Settings created: mock-settings-1776336994843 - notified 1 subscribers
[90mstdout[2m | src/components/SortableAnswers.stories.jsx[2m > [22m[2mDefault
[22m[39m[ChatContext] Setting initial chat: mock-assistant-chat-1
[90mstdout[2m | src/components/SortableAnswers.stories.jsx[2m > [22m[2mDefault
[22m[39m[FilesContext] Files count changed: 0 → 6
[90mstdout[2m | src/components/SortableAnswers.stories.jsx[2m > [22m[2mDefault
[22m[39m[MOCK CourseVectorStore] Initialized with mock data
[90mstdout[2m | src/components/SortableAnswers.stories.jsx[2m > [22m[2mDefault
[22m[39m[MOCK CourseVectorStore] Initialized with mock data
[90mstdout[2m | src/components/SortableAnswers.stories.jsx[2m > [22m[2mDefault
[22m[39manswers [
  {
    "answer": "Paris",
    "correct": true,
  },
  {
    "answer": "London",
    "correct": false,
  },
  {
    "answer": "Berlin",
    "correct": false,
  },
  {
    "answer": "Madrid",
    "correct": false,
  },
]
[90mstdout[2m | src/components/SortableAnswers.stories.jsx[2m > [22m[2mDefault
[22m[39mAnswer {
  "answer": "Paris",
  "correct": true,
}
[90mstdout[2m | src/components/SortableAnswers.stories.jsx[2m > [22m[2mDefault
[22m[39m[useTranslationWithCapture] t() called: {
  "key": "sortableAnswers.answerLabel",
  "mode": "off",
  "namespace": "components",
  "value": "Answer 1",
}
[90mstdout[2m | src/components/SortableAnswers.stories.jsx[2m > [22m[2mDefault
[22m[39m[useTranslationWithCapture] t() called: {
  "key": "sortableAnswers.correct",
  "mode": "off",
  "namespace": "components",
  "value": "Correct",
}
[90mstdout[2m | src/components/SortableAnswers.stories.jsx[2m > [22m[2mDefault
[22m[39m[useTranslationWithCapture] t() called: {
  "key": "actions.delete",
  "mode": "off",
  "namespace": "components",
  "value": "Delete",
}
[90mstdout[2m | src/components/SortableAnswers.stories.jsx[2m > [22m[2mDefault
[22m[39mAnswer {
  "answer": "London",
  "correct": false,
}
[90mstdout[2m | src/components/SortableAnswers.stories.jsx[2m > [22m[2mDefault
[22m[39m[useTranslationWithCapture] t() called: {
  "key": "sortableAnswers.answerLabel",
  "mode": "off",
  "namespace": "components",
  "value": "Answer 2",
}
[90mstdout[2m | src/components/SortableAnswers.stories.jsx[2m > [22m[2mDefault
[22m[39m[useTranslationWithCapture] t() called: {
  "key": "sortableAnswers.incorrect",
  "mode": "off",
  "namespace": "components",
  "value": "Incorrect",
}
[90mstdout[2m | src/components/SortableAnswers.stories.jsx[2m > [22m[2mDefault
[22m[39m[useTranslationWithCapture] t() called: {
  "key": "actions.delete",
  "mode": "off",
  "namespace": "components",
  "value": "Delete",
}
[90mstdout[2m | src/components/SortableAnswers.stories.jsx[2m > [22m[2mDefault
[22m[39mAnswer {
  "answer": "Berlin",
  "correct": false,
}
[90mstdout[2m | src/components/SortableAnswers.stories.jsx[2m > [22m[2mDefault
[22m[39m[useTranslationWithCapture] t() called: {
  "key": "sortableAnswers.answerLabel",
  "mode": "off",
  "namespace": "components",
  "value": "Answer 3",
}
[90mstdout[2m | src/components/SortableAnswers.stories.jsx[2m > [22m[2mDefault
[22m[39m[useTranslationWithCapture] t() called: {
  "key": "sortableAnswers.incorrect",
  "mode": "off",
  "namespace": "components",
  "value": "Incorrect",
}
[90mstdout[2m | src/components/SortableAnswers.stories.jsx[2m > [22m[2mDefault
[22m[39m[useTranslationWithCapture] t() called: {
  "key": "actions.delete",
  "mode": "off",
  "namespace": "components",
  "value": "Delete",
}
[90mstdout[2m | src/components/SortableAnswers.stories.jsx[2m > [22m[2mDefault
[22m[39mAnswer {
  "answer": "Madrid",
  "correct": false,
}
[90mstdout[2m | src/components/SortableAnswers.stories.jsx[2m > [22m[2mDefault
[22m[39m[useTranslationWithCapture] t() called: {
  "key": "sortableAnswers.answerLabel",
  "mode": "off",
  "namespace": "components",
  "value": "Answer 4",
}
[90mstdout[2m | src/components/SortableAnswers.stories.jsx[2m > [22m[2mDefault
[22m[39m[useTranslationWithCapture] t() called: {
  "key": "sortableAnswers.incorrect",
  "mode": "off",
  "namespace": "components",
  "value": "Incorrect",
}
[90mstdout[2m | src/components/SortableAnswers.stories.jsx[2m > [22m[2mDefault
[22m[39m[useTranslationWithCapture] t() called: {
  "key": "actions.delete",
  "mode": "off",
  "namespace": "components",
  "value": "Delete",
}
[90mstdout[2m | src/components/SortableAnswers.stories.jsx[2m > [22m[2mDefault
[22m[39m[FilesContext] Vector store population triggered {
  "currentVectorStoreSize": 3,
  "documentsCount": 0,
  "filesCount": 6,
  "isInitialLoad": true,
}
[90mstdout[2m | src/components/SortableAnswers.stories.jsx[2m > [22m[2mDefault
[22m[39m[FilesContext] Vector store population complete - 3 total embeddings
[90mstdout[2m | src/components/SortableAnswers.stories.jsx[2m > [22m[2mDefault
[22m[39m[ChatContext] Chat exists and not archived, skipping creation
[90mstdout[2m | src/components/SortableAnswers.stories.jsx[2m > [22m[2mSingle Answer
[22m[39m[Mock Data] Settings subscription unsubscribed. Remaining: 0
[90mstdout[2m | src/components/SortableAnswers.stories.jsx[2m > [22m[2mSingle Answer
[22m[39m[ChatContext] Cleaning up subscription
[90mstdout[2m | src/components/SortableAnswers.stories.jsx[2m > [22m[2mSingle Answer
[22m[39m[Mock Data] AssistantChat subscription unsubscribed. Remaining: 0
[90mstdout[2m | src/components/SortableAnswers.stories.jsx[2m > [22m[2mSingle Answer
[22m[39m[Mock Data] File subscription unsubscribed. Remaining: 0
[90mstdout[2m | src/components/SortableAnswers.stories.jsx[2m > [22m[2mSingle Answer
[22m[39m[Mock Data] Document subscription unsubscribed. Remaining: 0
[90mstdout[2m | src/components/SortableAnswers.stories.jsx[2m > [22m[2mSingle Answer
[22m[39m[Mock Data] Word subscription unsubscribed. Remaining: 0
[90mstdout[2m | src/components/SortableAnswers.stories.jsx[2m > [22m[2mSingle Answer
[22m[39m[Mock Data] Question subscription unsubscribed. Remaining: 0
[90mstdout[2m | src/components/SortableAnswers.stories.jsx[2m > [22m[2mSingle Answer
[22m[39m[Mock Data] Grade subscription unsubscribed. Remaining: 0
[90mstdout[2m | src/components/SortableAnswers.stories.jsx[2m > [22m[2mSingle Answer
[22m[39m[Mock Data] Unit subscription unsubscribed. Remaining: 0
[90mstdout[2m | src/components/SortableAnswers.stories.jsx[2m > [22m[2mSingle Answer
[22m[39m[SectionContext] Cleaning up subscriptions
[90mstdout[2m | src/components/SortableAnswers.stories.jsx[2m > [22m[2mSingle Answer
[22m[39m[Mock Data] Section.onCreate() subscription removed. Remaining: 0
[90mstdout[2m | src/components/SortableAnswers.stories.jsx[2m > [22m[2mSingle Answer
[22m[39m[Mock Data] Section.onUpdate() subscription removed. Remaining: 0
[90mstdout[2m | src/components/SortableAnswers.stories.jsx[2m > [22m[2mSingle Answer
[22m[39m[Mock Data] Section.onDelete() subscription removed. Remaining: 0
[90mstdout[2m | src/components/SortableAnswers.stories.jsx[2m > [22m[2mSingle Answer
[22m[39m[Mock Data] Assignment.onCreate() subscription removed. Remaining: 0
[90mstdout[2m | src/components/SortableAnswers.stories.jsx[2m > [22m[2mSingle Answer
[22m[39m[Mock Data] Assignment.onUpdate() subscription removed. Remaining: 0
[90mstdout[2m | src/components/SortableAnswers.stories.jsx[2m > [22m[2mSingle Answer
[22m[39m[Mock Data] Assignment.onDelete() subscription removed. Remaining: 0
[90mstdout[2m | src/components/SortableAnswers.stories.jsx[2m > [22m[2mSingle Answer
[22m[39m[Mock Data] Clearing all data stores
[90mstdout[2m | src/components/SortableAnswers.stories.jsx[2m > [22m[2mSingle Answer
[22m[39m[Mock Data] All data stores cleared
[90mstdout[2m | src/components/SortableAnswers.stories.jsx[2m > [22m[2mSingle Answer
[22m[39m[Preview] Cleared mock data for story
[90mstdout[2m | src/components/SortableAnswers.stories.jsx[2m > [22m[2mSingle Answer
[22m[39m[Mock Data Gen 2] Initializing mock data
[90mstdout[2m | src/components/SortableAnswers.stories.jsx[2m > [22m[2mSingle Answer
[22m[39m[Mock Data] seedMockAssistantChats: Replacing with 1 assistant chats
[90mstdout[2m | src/components/SortableAnswers.stories.jsx[2m > [22m[2mSingle Answer
[22m[39m[Mock Data Gen 2] Seeded AssistantChat: mock-assistant-chat-1
[90mstdout[2m | src/components/SortableAnswers.stories.jsx[2m > [22m[2mSingle Answer
[22m[39m[Mock Data] seedMockFiles: Adding 6 files
[90mstdout[2m | src/components/SortableAnswers.stories.jsx[2m > [22m[2mSingle Answer
[22m[39m[Mock Data Gen 2] Seeded Files: 6
[90mstdout[2m | src/components/SortableAnswers.stories.jsx[2m > [22m[2mSingle Answer
[22m[39m[Mock Data Gen 2] Initializing mock data
[90mstdout[2m | src/components/SortableAnswers.stories.jsx[2m > [22m[2mSingle Answer
[22m[39m[Mock Data] seedMockAssistantChats: Replacing with 1 assistant chats
[90mstdout[2m | src/components/SortableAnswers.stories.jsx[2m > [22m[2mSingle Answer
[22m[39m[Mock Data Gen 2] Seeded AssistantChat: mock-assistant-chat-1
[90mstdout[2m | src/components/SortableAnswers.stories.jsx[2m > [22m[2mSingle Answer
[22m[39m[Mock Data] seedMockFiles: Adding 6 files
[90mstdout[2m | src/components/SortableAnswers.stories.jsx[2m > [22m[2mSingle Answer
[22m[39m[Mock Data Gen 2] Seeded Files: 6
[90mstdout[2m | src/components/SortableAnswers.stories.jsx[2m > [22m[2mSingle Answer
[22m[39m[Preview] Initialized default mock data for story
[90mstdout[2m | src/components/SortableAnswers.stories.jsx[2m > [22m[2mSingle Answer
[22m[39m[Mock AuthContext] Providing auth: {
  "error": undefined,
  "isLoading": false,
  "session": {
    "idToken": {
      "toString": [Function toString],
    },
    "identityId": "us-east-1:mock-identity-123",
    "username": "mock-user-sub",
  },
  "user": {
    "attributes": {
      "email": "alice@example.com",
      "name": "Alice Student",
      "sub": "mock-user-sub",
    },
  },
}
[90mstdout[2m | src/components/SortableAnswers.stories.jsx[2m > [22m[2mSingle Answer
[22m[39m[Mock Data] generateClient() called - returning mock client
[90mstdout[2m | src/components/SortableAnswers.stories.jsx[2m > [22m[2mSingle Answer
[22m[39m[Mock amplifyClient] getAmplifyClient() called - returning mock client
[90mstdout[2m | src/components/SortableAnswers.stories.jsx[2m > [22m[2mSingle Answer
[22m[39m[MOCK CourseVectorStore] Initialized with mock data
[90mstdout[2m | src/components/SortableAnswers.stories.jsx[2m > [22m[2mSingle Answer
[22m[39m[TranslationModeController] Setting mode to: off
[90mstdout[2m | src/components/SortableAnswers.stories.jsx[2m > [22m[2mSingle Answer
[22m[39m[SectionContext] useEffect triggered {
  "authLoading": false,
  "hasUser": true,
  "userSub": "mock-user-sub",
}
[90mstdout[2m | src/components/SortableAnswers.stories.jsx[2m > [22m[2mSingle Answer
[22m[39m[SectionContext] Fetching sections for userId: mock-user-sub
[90mstdout[2m | src/components/SortableAnswers.stories.jsx[2m > [22m[2mSingle Answer
[22m[39m[Mock Data] generateClient() called - returning mock client
[90mstdout[2m | src/components/SortableAnswers.stories.jsx[2m > [22m[2mSingle Answer
[22m[39m[Mock amplifyClient] getAmplifyClient() called - returning mock client
[90mstdout[2m | src/components/SortableAnswers.stories.jsx[2m > [22m[2mSingle Answer
[22m[39m[Mock Data] Section.list() called with options: undefined
[90mstdout[2m | src/components/SortableAnswers.stories.jsx[2m > [22m[2mSingle Answer
[22m[39m[Mock Data] generateClient() called - returning mock client
[90mstdout[2m | src/components/SortableAnswers.stories.jsx[2m > [22m[2mSingle Answer
[22m[39m[Mock amplifyClient] getAmplifyClient() called - returning mock client
[90mstdout[2m | src/components/SortableAnswers.stories.jsx[2m > [22m[2mSingle Answer
[22m[39m[Mock Data] Assignment.list() called with options: {
  "filter": {
    "unitID": {
      "eq": "mock-unit-id",
    },
  },
}
[90mstdout[2m | src/components/SortableAnswers.stories.jsx[2m > [22m[2mSingle Answer
[22m[39m[Mock Data] generateClient() called - returning mock client
[90mstdout[2m | src/components/SortableAnswers.stories.jsx[2m > [22m[2mSingle Answer
[22m[39m[Mock amplifyClient] getAmplifyClient() called - returning mock client
[90mstdout[2m | src/components/SortableAnswers.stories.jsx[2m > [22m[2mSingle Answer
[22m[39m[Mock Data] Grade.observeQuery() called with filter: {
  "filter": {
    "unitID": {
      "eq": "mock-unit-id",
    },
  },
}
[90mstdout[2m | src/components/SortableAnswers.stories.jsx[2m > [22m[2mSingle Answer
[22m[39m[Mock Data] Grade.observeQuery() applying filter: {
  "unitID": {
    "eq": "mock-unit-id",
  },
}
[90mstdout[2m | src/components/SortableAnswers.stories.jsx[2m > [22m[2mSingle Answer
[22m[39m[Mock Data] Grade.observeQuery() items before filter: 0
[90mstdout[2m | src/components/SortableAnswers.stories.jsx[2m > [22m[2mSingle Answer
[22m[39m[Mock Data] Grade.observeQuery() items after filter: 0
[90mstdout[2m | src/components/SortableAnswers.stories.jsx[2m > [22m[2mSingle Answer
[22m[39m[Mock Data] Grade.observeQuery() returning 0 items (filter applied) {
  "filter": {
    "unitID": {
      "eq": "mock-unit-id",
    },
  },
}
[90mstdout[2m | src/components/SortableAnswers.stories.jsx[2m > [22m[2mSingle Answer
[22m[39m[Mock Data] Grade subscription added. Total subscriptions: 1
[90mstdout[2m | src/components/SortableAnswers.stories.jsx[2m > [22m[2mSingle Answer
[22m[39m[UnitContext] useEffect triggered {
  "authLoading": false,
  "hasUser": true,
  "id": "mock-unit-id",
  "userSub": "mock-user-sub",
}
[90mstdout[2m | src/components/SortableAnswers.stories.jsx[2m > [22m[2mSingle Answer
[22m[39m[UnitContext] Fetching unit data for id: mock-unit-id
[90mstdout[2m | src/components/SortableAnswers.stories.jsx[2m > [22m[2mSingle Answer
[22m[39m[Mock Data] generateClient() called - returning mock client
[90mstdout[2m | src/components/SortableAnswers.stories.jsx[2m > [22m[2mSingle Answer
[22m[39m[Mock amplifyClient] getAmplifyClient() called - returning mock client
[90mstdout[2m | src/components/SortableAnswers.stories.jsx[2m > [22m[2mSingle Answer
[22m[39m[Mock Data] Unit.observeQuery() called with filter: {
  "filter": {
    "id": {
      "eq": "mock-unit-id",
    },
  },
}
[90mstdout[2m | src/components/SortableAnswers.stories.jsx[2m > [22m[2mSingle Answer
[22m[39m[Mock Data] Unit.observeQuery() applying filter: {
  "id": {
    "eq": "mock-unit-id",
  },
}
[90mstdout[2m | src/components/SortableAnswers.stories.jsx[2m > [22m[2mSingle Answer
[22m[39m[Mock Data] Unit.observeQuery() items before filter: 0
[90mstdout[2m | src/components/SortableAnswers.stories.jsx[2m > [22m[2mSingle Answer
[22m[39m[Mock Data] Unit.observeQuery() items after filter: 0
[90mstdout[2m | src/components/SortableAnswers.stories.jsx[2m > [22m[2mSingle Answer
[22m[39m[Mock Data] Unit.observeQuery() returning 0 items (filter applied) {
  "filter": {
    "id": {
      "eq": "mock-unit-id",
    },
  },
}
[90mstdout[2m | src/components/SortableAnswers.stories.jsx[2m > [22m[2mSingle Answer
[22m[39m[Mock Data] Unit subscription added. Total subscriptions: 1
[90mstdout[2m | src/components/SortableAnswers.stories.jsx[2m > [22m[2mSingle Answer
[22m[39m[Mock Data] generateClient() called - returning mock client
[90mstdout[2m | src/components/SortableAnswers.stories.jsx[2m > [22m[2mSingle Answer
[22m[39m[Mock amplifyClient] getAmplifyClient() called - returning mock client
[90mstdout[2m | src/components/SortableAnswers.stories.jsx[2m > [22m[2mSingle Answer
[22m[39m[Mock Data] Word.observeQuery() called with filter: undefined
[90mstdout[2m | src/components/SortableAnswers.stories.jsx[2m > [22m[2mSingle Answer
[22m[39m[Mock Data] Word.observeQuery() returning 0 items (filter applied) undefined
[90mstdout[2m | src/components/SortableAnswers.stories.jsx[2m > [22m[2mSingle Answer
[22m[39m[Mock Data] Word subscription added. Total subscriptions: 1
[90mstdout[2m | src/components/SortableAnswers.stories.jsx[2m > [22m[2mSingle Answer
[22m[39m[Mock Data] generateClient() called - returning mock client
[90mstdout[2m | src/components/SortableAnswers.stories.jsx[2m > [22m[2mSingle Answer
[22m[39m[Mock amplifyClient] getAmplifyClient() called - returning mock client
[90mstdout[2m | src/components/SortableAnswers.stories.jsx[2m > [22m[2mSingle Answer
[22m[39m[Mock Data] Question.observeQuery() called with filter: undefined
[90mstdout[2m | src/components/SortableAnswers.stories.jsx[2m > [22m[2mSingle Answer
[22m[39m[Mock Data] Question.observeQuery() returning 0 items (filter applied) undefined
[90mstdout[2m | src/components/SortableAnswers.stories.jsx[2m > [22m[2mSingle Answer
[22m[39m[Mock Data] Question subscription added. Total subscriptions: 1
[90mstdout[2m | src/components/SortableAnswers.stories.jsx[2m > [22m[2mSingle Answer
[22m[39m[FilesContext] Initializing vector store from IndexedDB
[90mstdout[2m | src/components/SortableAnswers.stories.jsx[2m > [22m[2mSingle Answer
[22m[39m[FilesContext] fetchFiles called
[90mstdout[2m | src/components/SortableAnswers.stories.jsx[2m > [22m[2mSingle Answer
[22m[39m[FilesContext] User authenticated: mock-user-sub
[90mstdout[2m | src/components/SortableAnswers.stories.jsx[2m > [22m[2mSingle Answer
[22m[39m[FilesContext] Identity ID: us-east-1:mock-identity-123
[90mstdout[2m | src/components/SortableAnswers.stories.jsx[2m > [22m[2mSingle Answer
[22m[39m[FilesContext] About to subscribe to File model
[90mstdout[2m | src/components/SortableAnswers.stories.jsx[2m > [22m[2mSingle Answer
[22m[39m[Mock Data] generateClient() called - returning mock client
[90mstdout[2m | src/components/SortableAnswers.stories.jsx[2m > [22m[2mSingle Answer
[22m[39m[Mock amplifyClient] getAmplifyClient() called - returning mock client
[90mstdout[2m | src/components/SortableAnswers.stories.jsx[2m > [22m[2mSingle Answer
[22m[39m[Mock Data] File.observeQuery() called with filter: undefined
[90mstdout[2m | src/components/SortableAnswers.stories.jsx[2m > [22m[2mSingle Answer
[22m[39m[Mock Data] File.observeQuery() returning 6 items (filter applied) undefined
[90mstdout[2m | src/components/SortableAnswers.stories.jsx[2m > [22m[2mSingle Answer
[22m[39m[Mock Data] File subscription added. Total subscriptions: 1
[90mstdout[2m | src/components/SortableAnswers.stories.jsx[2m > [22m[2mSingle Answer
[22m[39m[Mock Data] generateClient() called - returning mock client
[90mstdout[2m | src/components/SortableAnswers.stories.jsx[2m > [22m[2mSingle Answer
[22m[39m[Mock amplifyClient] getAmplifyClient() called - returning mock client
[90mstdout[2m | src/components/SortableAnswers.stories.jsx[2m > [22m[2mSingle Answer
[22m[39m[Mock Data] Document.observeQuery() called with filter: undefined
[90mstdout[2m | src/components/SortableAnswers.stories.jsx[2m > [22m[2mSingle Answer
[22m[39m[Mock Data] Document.observeQuery() returning 0 items (filter applied) undefined
[90mstdout[2m | src/components/SortableAnswers.stories.jsx[2m > [22m[2mSingle Answer
[22m[39m[Mock Data] Document subscription added. Total subscriptions: 1
[90mstdout[2m | src/components/SortableAnswers.stories.jsx[2m > [22m[2mSingle Answer
[22m[39m[ChatContext] Setting up observeQuery for AssistantChat
[90mstdout[2m | src/components/SortableAnswers.stories.jsx[2m > [22m[2mSingle Answer
[22m[39m[Mock Data] AssistantChat.observeQuery() called with filter: {
  "sortDirection": "DESC",
  "sortField": "createdAt",
}
[90mstdout[2m | src/components/SortableAnswers.stories.jsx[2m > [22m[2mSingle Answer
[22m[39m[Mock Data] AssistantChat.observeQuery() returning 1 items (filter applied) {
  "sortDirection": "DESC",
  "sortField": "createdAt",
}
[90mstdout[2m | src/components/SortableAnswers.stories.jsx[2m > [22m[2mSingle Answer
[22m[39m[Mock Data] AssistantChat subscription added. Total subscriptions: 1
[90mstdout[2m | src/components/SortableAnswers.stories.jsx[2m > [22m[2mSingle Answer
[22m[39m[ChatContext] Waiting for subscription to initialize
[90mstdout[2m | src/components/SortableAnswers.stories.jsx[2m > [22m[2mSingle Answer
[22m[39m[SettingsContext] Setting up Settings subscription for user: mock-user-sub
[90mstdout[2m | src/components/SortableAnswers.stories.jsx[2m > [22m[2mSingle Answer
[22m[39m[Mock Data] generateClient() called - returning mock client
[90mstdout[2m | src/components/SortableAnswers.stories.jsx[2m > [22m[2mSingle Answer
[22m[39m[Mock amplifyClient] getAmplifyClient() called - returning mock client
[90mstdout[2m | src/components/SortableAnswers.stories.jsx[2m > [22m[2mSingle Answer
[22m[39m[Mock Data] Settings.observeQuery() called with filter: undefined
[90mstdout[2m | src/components/SortableAnswers.stories.jsx[2m > [22m[2mSingle Answer
[22m[39m[Mock Data] Settings.observeQuery() returning 0 items (filter applied) undefined
[90mstdout[2m | src/components/SortableAnswers.stories.jsx[2m > [22m[2mSingle Answer
[22m[39m[Mock Data] Settings subscription added. Total subscriptions: 1
[90mstdout[2m | src/components/SortableAnswers.stories.jsx[2m > [22m[2mSingle Answer
[22m[39m[SectionContext] Initial sections: 0 []
[90mstdout[2m | src/components/SortableAnswers.stories.jsx[2m > [22m[2mSingle Answer
[22m[39m[Mock Data] Section.onCreate() called with filter: undefined
[90mstdout[2m | src/components/SortableAnswers.stories.jsx[2m > [22m[2mSingle Answer
[22m[39m[Mock Data] Section.onCreate() subscription added. Total: 1
[90mstdout[2m | src/components/SortableAnswers.stories.jsx[2m > [22m[2mSingle Answer
[22m[39m[Mock Data] Section.onUpdate() called with filter: undefined
[90mstdout[2m | src/components/SortableAnswers.stories.jsx[2m > [22m[2mSingle Answer
[22m[39m[Mock Data] Section.onUpdate() subscription added. Total: 1
[90mstdout[2m | src/components/SortableAnswers.stories.jsx[2m > [22m[2mSingle Answer
[22m[39m[Mock Data] Section.onDelete() called with filter: undefined
[90mstdout[2m | src/components/SortableAnswers.stories.jsx[2m > [22m[2mSingle Answer
[22m[39m[Mock Data] Section.onDelete() subscription added. Total: 1
[90mstdout[2m | src/components/SortableAnswers.stories.jsx[2m > [22m[2mSingle Answer
[22m[39m[Mock Data] Assignment.onCreate() called with filter: {
  "filter": {
    "unitID": {
      "eq": "mock-unit-id",
    },
  },
}
[90mstdout[2m | src/components/SortableAnswers.stories.jsx[2m > [22m[2mSingle Answer
[22m[39m[Mock Data] Assignment.onCreate() subscription added. Total: 1
[90mstdout[2m | src/components/SortableAnswers.stories.jsx[2m > [22m[2mSingle Answer
[22m[39m[Mock Data] Assignment.onUpdate() called with filter: {
  "filter": {
    "unitID": {
      "eq": "mock-unit-id",
    },
  },
}
[90mstdout[2m | src/components/SortableAnswers.stories.jsx[2m > [22m[2mSingle Answer
[22m[39m[Mock Data] Assignment.onUpdate() subscription added. Total: 1
[90mstdout[2m | src/components/SortableAnswers.stories.jsx[2m > [22m[2mSingle Answer
[22m[39m[Mock Data] Assignment.onDelete() called with filter: {
  "filter": {
    "unitID": {
      "eq": "mock-unit-id",
    },
  },
}
[90mstdout[2m | src/components/SortableAnswers.stories.jsx[2m > [22m[2mSingle Answer
[22m[39m[Mock Data] Assignment.onDelete() subscription added. Total: 1
[90mstdout[2m | src/components/SortableAnswers.stories.jsx[2m > [22m[2mSingle Answer
[22m[39m[FilesContext] File observeQuery subscription triggered:
[90mstdout[2m | src/components/SortableAnswers.stories.jsx[2m > [22m[2mSingle Answer
[22m[39m  - items.length: 6
[90mstdout[2m | src/components/SortableAnswers.stories.jsx[2m > [22m[2mSingle Answer
[22m[39m  - isSynced: true
[90mstdout[2m | src/components/SortableAnswers.stories.jsx[2m > [22m[2mSingle Answer
[22m[39m  - items: [
  {
    "_deleted": null,
    "_lastChangedAt": 1767711773285,
    "_version": 1,
    "byHex": null,
    "createdAt": "2026-01-06T15:02:53.253Z",
    "description": "Japanese language textbook - Chapter 1",
    "document": Promise {},
    "documentID": "e01017e1-fe7a-4521-b71c-09ec31b18639",
    "duration": null,
    "embedding": null,
    "generated": null,
    "hex": null,
    "id": "a57d7833-5fa7-4cb7-8b7a-ce7c6e10e551",
    "identityId": "us-east-1:b0eadde9-f02c-c71b-17a6-22ffd37d89c8",
    "key": "files/Japanese Wind 1.pdf",
    "level": "protected",
    "mimeType": "application/pdf",
    "model": null,
    "name": "Japanese Wind 1.pdf",
    "owner": "64d81418-7021-701d-9fed-a4c2e0735711",
    "parsedContent": [Function anonymous],
    "parsedContentID": null,
    "path": "files/Japanese Wind 1.pdf",
    "prompt": null,
    "size": 4706654,
    "thumbnail": null,
    "type": "pdf",
    "updatedAt": "2026-01-06T15:02:53.253Z",
    "variant": null,
    "waveformData": null,
  },
  {
    "_version": 2,
    "createdAt": "2026-01-15T10:00:00.000Z",
    "description": "Sample report with vocabulary",
    "document": Promise {},
    "documentID": "cd824b5b-2c66-41f8-8571-aa6794ff590c",
    "generated": false,
    "id": "mock-pdf-file-2",
    "identityId": "us-east-1:mock-identity",
    "key": "files/report.pdf",
    "level": "protected",
    "mimeType": "application/pdf",
    "name": "report.pdf",
    "owner": "mock-user-id",
    "parsedContent": [Function anonymous],
    "path": "files/report.pdf",
    "size": 123456,
    "type": "pdf",
    "updatedAt": "2026-01-15T10:30:00.000Z",
  },
  {
    "_version": 3,
    "createdAt": "2026-01-14T08:00:00.000Z",
    "description": "Vocabulary lesson PDF with extracted content",
    "document": Promise {},
    "documentID": "mock-document-3",
    "generated": false,
    "id": "mock-pdf-file-3",
    "identityId": "us-east-1:mock-identity",
    "key": "files/vocabulary-lesson.pdf",
    "level": "public",
    "mimeType": "application/pdf",
    "name": "vocabulary-lesson.pdf",
    "owner": "mock-user-id",
    "parsedContent": [Function anonymous],
    "path": "files/vocabulary-lesson.pdf",
    "size": 567890,
    "type": "pdf",
    "updatedAt": "2026-01-14T08:45:00.000Z",
  },
  {
    "_version": 1,
    "createdAt": "2026-01-20T10:00:00.000Z",
    "description": "Sample pronunciation audio",
    "documentID": null,
    "duration": 3.5,
    "generated": true,
    "id": "mock-audio-file-1",
    "identityId": "us-east-1:mock-identity",
    "key": "audio/pronunciation-demo.mp3",
    "level": "public",
    "mimeType": "audio/mpeg",
    "name": "pronunciation-demo.mp3",
    "owner": "mock-user-id",
    "parsedContent": [Function anonymous],
    "path": "/story-mocks/cinematic-designed-sci-fi-whoosh-transition-nexawave-228295.mp3",
    "size": 56789,
    "type": "audio",
    "updatedAt": "2026-01-20T10:00:00.000Z",
    "waveformData": null,
  },
  {
    "_version": 1,
    "createdAt": "2026-01-19T14:30:00.000Z",
    "description": "Lesson introduction audio",
    "documentID": null,
    "duration": 5.2,
    "generated": false,
    "id": "mock-audio-file-2",
    "identityId": "us-east-1:mock-identity",
    "key": "audio/lesson-intro.mp3",
    "level": "public",
    "mimeType": "audio/mpeg",
    "name": "lesson-intro.mp3",
    "owner": "mock-user-id",
    "parsedContent": [Function anonymous],
    "path": "/story-mocks/descent-whoosh-long-cinematic-sound-effect-405921.mp3",
    "size": 87654,
    "type": "audio",
    "updatedAt": "2026-01-19T14:30:00.000Z",
    "waveformData": null,
  },
  {
    "_version": 1,
    "createdAt": "2026-01-18T09:15:00.000Z",
    "description": "Hiragana character chart",
    "documentID": null,
    "generated": false,
    "id": "mock-image-file-1",
    "identityId": "us-east-1:mock-identity",
    "key": "images/hiragana-chart.png",
    "level": "public",
    "mimeType": "image/png",
    "name": "hiragana-chart.png",
    "owner": "mock-user-id",
    "parsedContent": [Function anonymous],
    "path": "images/hiragana-chart.png",
    "size": 234567,
    "thumbnail": "thumbnails/hiragana-chart-thumb.png",
    "type": "image",
    "updatedAt": "2026-01-18T09:15:00.000Z",
  },
]
[90mstdout[2m | src/components/SortableAnswers.stories.jsx[2m > [22m[2mSingle Answer
[22m[39m[ChatContext] AssistantChat query update: 1 items (synced)
[90mstdout[2m | src/components/SortableAnswers.stories.jsx[2m > [22m[2mSingle Answer
[22m[39m[ChatContext] First item details: {
  "id": "mock-assistant-chat-1",
  "updatedAt": "2024-01-26T10:15:00.000Z",
}
[90mstdout[2m | src/components/SortableAnswers.stories.jsx[2m > [22m[2mSingle Answer
[22m[39m[ChatContext] AssistantChat subscription initialized
[90mstdout[2m | src/components/SortableAnswers.stories.jsx[2m > [22m[2mSingle Answer
[22m[39m[ChatContext] AssistantChat list updated: 1 chats
[90mstdout[2m | src/components/SortableAnswers.stories.jsx[2m > [22m[2mSingle Answer
[22m[39m[ChatContext] Setting initial chat: mock-assistant-chat-1
[90mstdout[2m | src/components/SortableAnswers.stories.jsx[2m > [22m[2mSingle Answer
[22m[39m[FilesContext] Files count changed: 0 → 6
[90mstdout[2m | src/components/SortableAnswers.stories.jsx[2m > [22m[2mSingle Answer
[22m[39m[MOCK CourseVectorStore] Initialized with mock data
[90mstdout[2m | src/components/SortableAnswers.stories.jsx[2m > [22m[2mSingle Answer
[22m[39m[MOCK CourseVectorStore] Initialized with mock data
[90mstdout[2m | src/components/SortableAnswers.stories.jsx[2m > [22m[2mSingle Answer
[22m[39manswers [
  {
    "answer": "Single answer",
    "correct": true,
  },
]
[90mstdout[2m | src/components/SortableAnswers.stories.jsx[2m > [22m[2mSingle Answer
[22m[39mAnswer {
  "answer": "Single answer",
  "correct": true,
}
[90mstdout[2m | src/components/SortableAnswers.stories.jsx[2m > [22m[2mSingle Answer
[22m[39m[useTranslationWithCapture] t() called: {
  "key": "sortableAnswers.answerLabel",
  "mode": "off",
  "namespace": "components",
  "value": "Answer 1",
}
[90mstdout[2m | src/components/SortableAnswers.stories.jsx[2m > [22m[2mSingle Answer
[22m[39m[useTranslationWithCapture] t() called: {
  "key": "sortableAnswers.correct",
  "mode": "off",
  "namespace": "components",
  "value": "Correct",
}
[90mstdout[2m | src/components/SortableAnswers.stories.jsx[2m > [22m[2mSingle Answer
[22m[39m[useTranslationWithCapture] t() called: {
  "key": "actions.delete",
  "mode": "off",
  "namespace": "components",
  "value": "Delete",
}
[90mstdout[2m | src/components/SortableAnswers.stories.jsx[2m > [22m[2mSingle Answer
[22m[39m[FilesContext] Vector store population triggered {
  "currentVectorStoreSize": 3,
  "documentsCount": 0,
  "filesCount": 6,
  "isInitialLoad": true,
}
[90mstdout[2m | src/components/SortableAnswers.stories.jsx[2m > [22m[2mSingle Answer
[22m[39m[FilesContext] Vector store population complete - 3 total embeddings
[90mstdout[2m | src/components/SortableAnswers.stories.jsx[2m > [22m[2mSingle Answer
[22m[39m[ChatContext] Chat exists and not archived, skipping creation
[90mstdout[2m | src/components/SortableAnswers.stories.jsx[2m > [22m[2mSingle Answer
[22m[39m[Mock Data] Settings.create() called with: {
  "assistantVoice": "shimmer",
  "autoAnalyzeDocuments": true,
  "defaultAIModel": "gpt-4",
  "documentAnalysisModel": "gpt-4",
  "editorFontSize": 14,
  "editorTheme": "auto",
  "emailNotifications": true,
  "language": "en",
  "webhookNotifications": false,
}
[90mstdout[2m | src/components/SortableAnswers.stories.jsx[2m > [22m[2mSingle Answer
[22m[39m[Mock Data] Settings created: mock-settings-1776336995080 - notified 1 subscribers
[90mstdout[2m | src/components/SortableAnswers.stories.jsx[2m > [22m[2mMany Answers
[22m[39m[Mock Data] Settings subscription unsubscribed. Remaining: 0
[90mstdout[2m | src/components/SortableAnswers.stories.jsx[2m > [22m[2mMany Answers
[22m[39m[ChatContext] Cleaning up subscription
[90mstdout[2m | src/components/SortableAnswers.stories.jsx[2m > [22m[2mMany Answers
[22m[39m[Mock Data] AssistantChat subscription unsubscribed. Remaining: 0
[90mstdout[2m | src/components/SortableAnswers.stories.jsx[2m > [22m[2mMany Answers
[22m[39m[Mock Data] File subscription unsubscribed. Remaining: 0
[90mstdout[2m | src/components/SortableAnswers.stories.jsx[2m > [22m[2mMany Answers
[22m[39m[Mock Data] Document subscription unsubscribed. Remaining: 0
[90mstdout[2m | src/components/SortableAnswers.stories.jsx[2m > [22m[2mMany Answers
[22m[39m[Mock Data] Word subscription unsubscribed. Remaining: 0
[90mstdout[2m | src/components/SortableAnswers.stories.jsx[2m > [22m[2mMany Answers
[22m[39m[Mock Data] Question subscription unsubscribed. Remaining: 0
[90mstdout[2m | src/components/SortableAnswers.stories.jsx[2m > [22m[2mMany Answers
[22m[39m[Mock Data] Grade subscription unsubscribed. Remaining: 0
[90mstdout[2m | src/components/SortableAnswers.stories.jsx[2m > [22m[2mMany Answers
[22m[39m[Mock Data] Unit subscription unsubscribed. Remaining: 0
[90mstdout[2m | src/components/SortableAnswers.stories.jsx[2m > [22m[2mMany Answers
[22m[39m[SectionContext] Cleaning up subscriptions
[90mstdout[2m | src/components/SortableAnswers.stories.jsx[2m > [22m[2mMany Answers
[22m[39m[Mock Data] Section.onCreate() subscription removed. Remaining: 0
[90mstdout[2m | src/components/SortableAnswers.stories.jsx[2m > [22m[2mMany Answers
[22m[39m[Mock Data] Section.onUpdate() subscription removed. Remaining: 0
[90mstdout[2m | src/components/SortableAnswers.stories.jsx[2m > [22m[2mMany Answers
[22m[39m[Mock Data] Section.onDelete() subscription removed. Remaining: 0
[90mstdout[2m | src/components/SortableAnswers.stories.jsx[2m > [22m[2mMany Answers
[22m[39m[Mock Data] Assignment.onCreate() subscription removed. Remaining: 0
[90mstdout[2m | src/components/SortableAnswers.stories.jsx[2m > [22m[2mMany Answers
[22m[39m[Mock Data] Assignment.onUpdate() subscription removed. Remaining: 0
[90mstdout[2m | src/components/SortableAnswers.stories.jsx[2m > [22m[2mMany Answers
[22m[39m[Mock Data] Assignment.onDelete() subscription removed. Remaining: 0
[90mstdout[2m | src/components/SortableAnswers.stories.jsx[2m > [22m[2mMany Answers
[22m[39m[Mock Data] Clearing all data stores
[90mstdout[2m | src/components/SortableAnswers.stories.jsx[2m > [22m[2mMany Answers
[22m[39m[Mock Data] All data stores cleared
[90mstdout[2m | src/components/SortableAnswers.stories.jsx[2m > [22m[2mMany Answers
[22m[39m[Preview] Cleared mock data for story
[90mstdout[2m | src/components/SortableAnswers.stories.jsx[2m > [22m[2mMany Answers
[22m[39m[Mock Data Gen 2] Initializing mock data
[90mstdout[2m | src/components/SortableAnswers.stories.jsx[2m > [22m[2mMany Answers
[22m[39m[Mock Data] seedMockAssistantChats: Replacing with 1 assistant chats
[90mstdout[2m | src/components/SortableAnswers.stories.jsx[2m > [22m[2mMany Answers
[22m[39m[Mock Data Gen 2] Seeded AssistantChat: mock-assistant-chat-1
[90mstdout[2m | src/components/SortableAnswers.stories.jsx[2m > [22m[2mMany Answers
[22m[39m[Mock Data] seedMockFiles: Adding 6 files
[90mstdout[2m | src/components/SortableAnswers.stories.jsx[2m > [22m[2mMany Answers
[22m[39m[Mock Data Gen 2] Seeded Files: 6
[90mstdout[2m | src/components/SortableAnswers.stories.jsx[2m > [22m[2mMany Answers
[22m[39m[Mock Data Gen 2] Initializing mock data
[90mstdout[2m | src/components/SortableAnswers.stories.jsx[2m > [22m[2mMany Answers
[22m[39m[Mock Data] seedMockAssistantChats: Replacing with 1 assistant chats
[90mstdout[2m | src/components/SortableAnswers.stories.jsx[2m > [22m[2mMany Answers
[22m[39m[Mock Data Gen 2] Seeded AssistantChat: mock-assistant-chat-1
[90mstdout[2m | src/components/SortableAnswers.stories.jsx[2m > [22m[2mMany Answers
[22m[39m[Mock Data] seedMockFiles: Adding 6 files
[90mstdout[2m | src/components/SortableAnswers.stories.jsx[2m > [22m[2mMany Answers
[22m[39m[Mock Data Gen 2] Seeded Files: 6
[90mstdout[2m | src/components/SortableAnswers.stories.jsx[2m > [22m[2mMany Answers
[22m[39m[Preview] Initialized default mock data for story
[90mstdout[2m | src/components/SortableAnswers.stories.jsx[2m > [22m[2mMany Answers
[22m[39m[Mock AuthContext] Providing auth: {
  "error": undefined,
  "isLoading": false,
  "session": {
    "idToken": {
      "toString": [Function toString],
    },
    "identityId": "us-east-1:mock-identity-123",
    "username": "mock-user-sub",
  },
  "user": {
    "attributes": {
      "email": "alice@example.com",
      "name": "Alice Student",
      "sub": "mock-user-sub",
    },
  },
}
[90mstdout[2m | src/components/SortableAnswers.stories.jsx[2m > [22m[2mMany Answers
[22m[39m[Mock Data] generateClient() called - returning mock client
[90mstdout[2m | src/components/SortableAnswers.stories.jsx[2m > [22m[2mMany Answers
[22m[39m[Mock amplifyClient] getAmplifyClient() called - returning mock client
[90mstdout[2m | src/components/SortableAnswers.stories.jsx[2m > [22m[2mMany Answers
[22m[39m[MOCK CourseVectorStore] Initialized with mock data
[90mstdout[2m | src/components/SortableAnswers.stories.jsx[2m > [22m[2mMany Answers
[22m[39m[TranslationModeController] Setting mode to: off
[90mstdout[2m | src/components/SortableAnswers.stories.jsx[2m > [22m[2mMany Answers
[22m[39m[SectionContext] useEffect triggered {
  "authLoading": false,
  "hasUser": true,
  "userSub": "mock-user-sub",
}
[90mstdout[2m | src/components/SortableAnswers.stories.jsx[2m > [22m[2mMany Answers
[22m[39m[SectionContext] Fetching sections for userId: mock-user-sub
[90mstdout[2m | src/components/SortableAnswers.stories.jsx[2m > [22m[2mMany Answers
[22m[39m[Mock Data] generateClient() called - returning mock client
[90mstdout[2m | src/components/SortableAnswers.stories.jsx[2m > [22m[2mMany Answers
[22m[39m[Mock amplifyClient] getAmplifyClient() called - returning mock client
[90mstdout[2m | src/components/SortableAnswers.stories.jsx[2m > [22m[2mMany Answers
[22m[39m[Mock Data] Section.list() called with options: undefined
[90mstdout[2m | src/components/SortableAnswers.stories.jsx[2m > [22m[2mMany Answers
[22m[39m[Mock Data] generateClient() called - returning mock client
[90mstdout[2m | src/components/SortableAnswers.stories.jsx[2m > [22m[2mMany Answers
[22m[39m[Mock amplifyClient] getAmplifyClient() called - returning mock client
[90mstdout[2m | src/components/SortableAnswers.stories.jsx[2m > [22m[2mMany Answers
[22m[39m[Mock Data] Assignment.list() called with options: {
  "filter": {
    "unitID": {
      "eq": "mock-unit-id",
    },
  },
}
[90mstdout[2m | src/components/SortableAnswers.stories.jsx[2m > [22m[2mMany Answers
[22m[39m[Mock Data] generateClient() called - returning mock client
[90mstdout[2m | src/components/SortableAnswers.stories.jsx[2m > [22m[2mMany Answers
[22m[39m[Mock amplifyClient] getAmplifyClient() called - returning mock client
[90mstdout[2m | src/components/SortableAnswers.stories.jsx[2m > [22m[2mMany Answers
[22m[39m[Mock Data] Grade.observeQuery() called with filter: {
  "filter": {
    "unitID": {
      "eq": "mock-unit-id",
    },
  },
}
[90mstdout[2m | src/components/SortableAnswers.stories.jsx[2m > [22m[2mMany Answers
[22m[39m[Mock Data] Grade.observeQuery() applying filter: {
  "unitID": {
    "eq": "mock-unit-id",
  },
}
[90mstdout[2m | src/components/SortableAnswers.stories.jsx[2m > [22m[2mMany Answers
[22m[39m[Mock Data] Grade.observeQuery() items before filter: 0
[90mstdout[2m | src/components/SortableAnswers.stories.jsx[2m > [22m[2mMany Answers
[22m[39m[Mock Data] Grade.observeQuery() items after filter: 0
[90mstdout[2m | src/components/SortableAnswers.stories.jsx[2m > [22m[2mMany Answers
[22m[39m[Mock Data] Grade.observeQuery() returning 0 items (filter applied) {
  "filter": {
    "unitID": {
      "eq": "mock-unit-id",
    },
  },
}
[90mstdout[2m | src/components/SortableAnswers.stories.jsx[2m > [22m[2mMany Answers
[22m[39m[Mock Data] Grade subscription added. Total subscriptions: 1
[90mstdout[2m | src/components/SortableAnswers.stories.jsx[2m > [22m[2mMany Answers
[22m[39m[UnitContext] useEffect triggered {
  "authLoading": false,
  "hasUser": true,
  "id": "mock-unit-id",
  "userSub": "mock-user-sub",
}
[90mstdout[2m | src/components/SortableAnswers.stories.jsx[2m > [22m[2mMany Answers
[22m[39m[UnitContext] Fetching unit data for id: mock-unit-id
[90mstdout[2m | src/components/SortableAnswers.stories.jsx[2m > [22m[2mMany Answers
[22m[39m[Mock Data] generateClient() called - returning mock client
[90mstdout[2m | src/components/SortableAnswers.stories.jsx[2m > [22m[2mMany Answers
[22m[39m[Mock amplifyClient] getAmplifyClient() called - returning mock client
[90mstdout[2m | src/components/SortableAnswers.stories.jsx[2m > [22m[2mMany Answers
[22m[39m[Mock Data] Unit.observeQuery() called with filter: {
  "filter": {
    "id": {
      "eq": "mock-unit-id",
    },
  },
}
[90mstdout[2m | src/components/SortableAnswers.stories.jsx[2m > [22m[2mMany Answers
[22m[39m[Mock Data] Unit.observeQuery() applying filter: {
  "id": {
    "eq": "mock-unit-id",
  },
}
[90mstdout[2m | src/components/SortableAnswers.stories.jsx[2m > [22m[2mMany Answers
[22m[39m[Mock Data] Unit.observeQuery() items before filter: 0
[90mstdout[2m | src/components/SortableAnswers.stories.jsx[2m > [22m[2mMany Answers
[22m[39m[Mock Data] Unit.observeQuery() items after filter: 0
[90mstdout[2m | src/components/SortableAnswers.stories.jsx[2m > [22m[2mMany Answers
[22m[39m[Mock Data] Unit.observeQuery() returning 0 items (filter applied) {
  "filter": {
    "id": {
      "eq": "mock-unit-id",
    },
  },
}
[90mstdout[2m | src/components/SortableAnswers.stories.jsx[2m > [22m[2mMany Answers
[22m[39m[Mock Data] Unit subscription added. Total subscriptions: 1
[90mstdout[2m | src/components/SortableAnswers.stories.jsx[2m > [22m[2mMany Answers
[22m[39m[Mock Data] generateClient() called - returning mock client
[90mstdout[2m | src/components/SortableAnswers.stories.jsx[2m > [22m[2mMany Answers
[22m[39m[Mock amplifyClient] getAmplifyClient() called - returning mock client
[90mstdout[2m | src/components/SortableAnswers.stories.jsx[2m > [22m[2mMany Answers
[22m[39m[Mock Data] Word.observeQuery() called with filter: undefined
[90mstdout[2m | src/components/SortableAnswers.stories.jsx[2m > [22m[2mMany Answers
[22m[39m[Mock Data] Word.observeQuery() returning 0 items (filter applied) undefined
[90mstdout[2m | src/components/SortableAnswers.stories.jsx[2m > [22m[2mMany Answers
[22m[39m[Mock Data] Word subscription added. Total subscriptions: 1
[90mstdout[2m | src/components/SortableAnswers.stories.jsx[2m > [22m[2mMany Answers
[22m[39m[Mock Data] generateClient() called - returning mock client
[90mstdout[2m | src/components/SortableAnswers.stories.jsx[2m > [22m[2mMany Answers
[22m[39m[Mock amplifyClient] getAmplifyClient() called - returning mock client
[90mstdout[2m | src/components/SortableAnswers.stories.jsx[2m > [22m[2mMany Answers
[22m[39m[Mock Data] Question.observeQuery() called with filter: undefined
[90mstdout[2m | src/components/SortableAnswers.stories.jsx[2m > [22m[2mMany Answers
[22m[39m[Mock Data] Question.observeQuery() returning 0 items (filter applied) undefined
[90mstdout[2m | src/components/SortableAnswers.stories.jsx[2m > [22m[2mMany Answers
[22m[39m[Mock Data] Question subscription added. Total subscriptions: 1
[90mstdout[2m | src/components/SortableAnswers.stories.jsx[2m > [22m[2mMany Answers
[22m[39m[FilesContext] Initializing vector store from IndexedDB
[90mstdout[2m | src/components/SortableAnswers.stories.jsx[2m > [22m[2mMany Answers
[22m[39m[FilesContext] fetchFiles called
[90mstdout[2m | src/components/SortableAnswers.stories.jsx[2m > [22m[2mMany Answers
[22m[39m[FilesContext] User authenticated: mock-user-sub
[90mstdout[2m | src/components/SortableAnswers.stories.jsx[2m > [22m[2mMany Answers
[22m[39m[FilesContext] Identity ID: us-east-1:mock-identity-123
[90mstdout[2m | src/components/SortableAnswers.stories.jsx[2m > [22m[2mMany Answers
[22m[39m[FilesContext] About to subscribe to File model
[90mstdout[2m | src/components/SortableAnswers.stories.jsx[2m > [22m[2mMany Answers
[22m[39m[Mock Data] generateClient() called - returning mock client
[90mstdout[2m | src/components/SortableAnswers.stories.jsx[2m > [22m[2mMany Answers
[22m[39m[Mock amplifyClient] getAmplifyClient() called - returning mock client
[90mstdout[2m | src/components/SortableAnswers.stories.jsx[2m > [22m[2mMany Answers
[22m[39m[Mock Data] File.observeQuery() called with filter: undefined
[90mstdout[2m | src/components/SortableAnswers.stories.jsx[2m > [22m[2mMany Answers
[22m[39m[Mock Data] File.observeQuery() returning 6 items (filter applied) undefined
[90mstdout[2m | src/components/SortableAnswers.stories.jsx[2m > [22m[2mMany Answers
[22m[39m[Mock Data] File subscription added. Total subscriptions: 1
[90mstdout[2m | src/components/SortableAnswers.stories.jsx[2m > [22m[2mMany Answers
[22m[39m[Mock Data] generateClient() called - returning mock client
[90mstdout[2m | src/components/SortableAnswers.stories.jsx[2m > [22m[2mMany Answers
[22m[39m[Mock amplifyClient] getAmplifyClient() called - returning mock client
[90mstdout[2m | src/components/SortableAnswers.stories.jsx[2m > [22m[2mMany Answers
[22m[39m[Mock Data] Document.observeQuery() called with filter: undefined
[90mstdout[2m | src/components/SortableAnswers.stories.jsx[2m > [22m[2mMany Answers
[22m[39m[Mock Data] Document.observeQuery() returning 0 items (filter applied) undefined
[90mstdout[2m | src/components/SortableAnswers.stories.jsx[2m > [22m[2mMany Answers
[22m[39m[Mock Data] Document subscription added. Total subscriptions: 1
[90mstdout[2m | src/components/SortableAnswers.stories.jsx[2m > [22m[2mMany Answers
[22m[39m[ChatContext] Setting up observeQuery for AssistantChat
[90mstdout[2m | src/components/SortableAnswers.stories.jsx[2m > [22m[2mMany Answers
[22m[39m[Mock Data] AssistantChat.observeQuery() called with filter: {
  "sortDirection": "DESC",
  "sortField": "createdAt",
}
[90mstdout[2m | src/components/SortableAnswers.stories.jsx[2m > [22m[2mMany Answers
[22m[39m[Mock Data] AssistantChat.observeQuery() returning 1 items (filter applied) {
  "sortDirection": "DESC",
  "sortField": "createdAt",
}
[90mstdout[2m | src/components/SortableAnswers.stories.jsx[2m > [22m[2mMany Answers
[22m[39m[Mock Data] AssistantChat subscription added. Total subscriptions: 1
[90mstdout[2m | src/components/SortableAnswers.stories.jsx[2m > [22m[2mMany Answers
[22m[39m[ChatContext] Waiting for subscription to initialize
[90mstdout[2m | src/components/SortableAnswers.stories.jsx[2m > [22m[2mMany Answers
[22m[39m[SettingsContext] Setting up Settings subscription for user: mock-user-sub
[90mstdout[2m | src/components/SortableAnswers.stories.jsx[2m > [22m[2mMany Answers
[22m[39m[Mock Data] generateClient() called - returning mock client
[90mstdout[2m | src/components/SortableAnswers.stories.jsx[2m > [22m[2mMany Answers
[22m[39m[Mock amplifyClient] getAmplifyClient() called - returning mock client
[90mstdout[2m | src/components/SortableAnswers.stories.jsx[2m > [22m[2mMany Answers
[22m[39m[Mock Data] Settings.observeQuery() called with filter: undefined
[90mstdout[2m | src/components/SortableAnswers.stories.jsx[2m > [22m[2mMany Answers
[22m[39m[Mock Data] Settings.observeQuery() returning 0 items (filter applied) undefined
[90mstdout[2m | src/components/SortableAnswers.stories.jsx[2m > [22m[2mMany Answers
[22m[39m[Mock Data] Settings subscription added. Total subscriptions: 1
[90mstdout[2m | src/components/SortableAnswers.stories.jsx[2m > [22m[2mMany Answers
[22m[39m[SectionContext] Initial sections: 0 []
[90mstdout[2m | src/components/SortableAnswers.stories.jsx[2m > [22m[2mMany Answers
[22m[39m[Mock Data] Section.onCreate() called with filter: undefined
[90mstdout[2m | src/components/SortableAnswers.stories.jsx[2m > [22m[2mMany Answers
[22m[39m[Mock Data] Section.onCreate() subscription added. Total: 1
[90mstdout[2m | src/components/SortableAnswers.stories.jsx[2m > [22m[2mMany Answers
[22m[39m[Mock Data] Section.onUpdate() called with filter: undefined
[90mstdout[2m | src/components/SortableAnswers.stories.jsx[2m > [22m[2mMany Answers
[22m[39m[Mock Data] Section.onUpdate() subscription added. Total: 1
[90mstdout[2m | src/components/SortableAnswers.stories.jsx[2m > [22m[2mMany Answers
[22m[39m[Mock Data] Section.onDelete() called with filter: undefined
[90mstdout[2m | src/components/SortableAnswers.stories.jsx[2m > [22m[2mMany Answers
[22m[39m[Mock Data] Section.onDelete() subscription added. Total: 1
[90mstdout[2m | src/components/SortableAnswers.stories.jsx[2m > [22m[2mMany Answers
[22m[39m[Mock Data] Assignment.onCreate() called with filter: {
  "filter": {
    "unitID": {
      "eq": "mock-unit-id",
    },
  },
}
[90mstdout[2m | src/components/SortableAnswers.stories.jsx[2m > [22m[2mMany Answers
[22m[39m[Mock Data] Assignment.onCreate() subscription added. Total: 1
[90mstdout[2m | src/components/SortableAnswers.stories.jsx[2m > [22m[2mMany Answers
[22m[39m[Mock Data] Assignment.onUpdate() called with filter: {
  "filter": {
    "unitID": {
      "eq": "mock-unit-id",
    },
  },
}
[90mstdout[2m | src/components/SortableAnswers.stories.jsx[2m > [22m[2mMany Answers
[22m[39m[Mock Data] Assignment.onUpdate() subscription added. Total: 1
[90mstdout[2m | src/components/SortableAnswers.stories.jsx[2m > [22m[2mMany Answers
[22m[39m[Mock Data] Assignment.onDelete() called with filter: {
  "filter": {
    "unitID": {
      "eq": "mock-unit-id",
    },
  },
}
[90mstdout[2m | src/components/SortableAnswers.stories.jsx[2m > [22m[2mMany Answers
[22m[39m[Mock Data] Assignment.onDelete() subscription added. Total: 1
[90mstdout[2m | src/components/SortableAnswers.stories.jsx[2m > [22m[2mMany Answers
[22m[39m[FilesContext] File observeQuery subscription triggered:
[90mstdout[2m | src/components/SortableAnswers.stories.jsx[2m > [22m[2mMany Answers
[22m[39m  - items.length: 6
[90mstdout[2m | src/components/SortableAnswers.stories.jsx[2m > [22m[2mMany Answers
[22m[39m  - isSynced: true
[90mstdout[2m | src/components/SortableAnswers.stories.jsx[2m > [22m[2mMany Answers
[22m[39m  - items: [
  {
    "_deleted": null,
    "_lastChangedAt": 1767711773285,
    "_version": 1,
    "byHex": null,
    "createdAt": "2026-01-06T15:02:53.253Z",
    "description": "Japanese language textbook - Chapter 1",
    "document": Promise {},
    "documentID": "e01017e1-fe7a-4521-b71c-09ec31b18639",
    "duration": null,
    "embedding": null,
    "generated": null,
    "hex": null,
    "id": "a57d7833-5fa7-4cb7-8b7a-ce7c6e10e551",
    "identityId": "us-east-1:b0eadde9-f02c-c71b-17a6-22ffd37d89c8",
    "key": "files/Japanese Wind 1.pdf",
    "level": "protected",
    "mimeType": "application/pdf",
    "model": null,
    "name": "Japanese Wind 1.pdf",
    "owner": "64d81418-7021-701d-9fed-a4c2e0735711",
    "parsedContent": [Function anonymous],
    "parsedContentID": null,
    "path": "files/Japanese Wind 1.pdf",
    "prompt": null,
    "size": 4706654,
    "thumbnail": null,
    "type": "pdf",
    "updatedAt": "2026-01-06T15:02:53.253Z",
    "variant": null,
    "waveformData": null,
  },
  {
    "_version": 2,
    "createdAt": "2026-01-15T10:00:00.000Z",
    "description": "Sample report with vocabulary",
    "document": Promise {},
    "documentID": "cd824b5b-2c66-41f8-8571-aa6794ff590c",
    "generated": false,
    "id": "mock-pdf-file-2",
    "identityId": "us-east-1:mock-identity",
    "key": "files/report.pdf",
    "level": "protected",
    "mimeType": "application/pdf",
    "name": "report.pdf",
    "owner": "mock-user-id",
    "parsedContent": [Function anonymous],
    "path": "files/report.pdf",
    "size": 123456,
    "type": "pdf",
    "updatedAt": "2026-01-15T10:30:00.000Z",
  },
  {
    "_version": 3,
    "createdAt": "2026-01-14T08:00:00.000Z",
    "description": "Vocabulary lesson PDF with extracted content",
    "document": Promise {},
    "documentID": "mock-document-3",
    "generated": false,
    "id": "mock-pdf-file-3",
    "identityId": "us-east-1:mock-identity",
    "key": "files/vocabulary-lesson.pdf",
    "level": "public",
    "mimeType": "application/pdf",
    "name": "vocabulary-lesson.pdf",
    "owner": "mock-user-id",
    "parsedContent": [Function anonymous],
    "path": "files/vocabulary-lesson.pdf",
    "size": 567890,
    "type": "pdf",
    "updatedAt": "2026-01-14T08:45:00.000Z",
  },
  {
    "_version": 1,
    "createdAt": "2026-01-20T10:00:00.000Z",
    "description": "Sample pronunciation audio",
    "documentID": null,
    "duration": 3.5,
    "generated": true,
    "id": "mock-audio-file-1",
    "identityId": "us-east-1:mock-identity",
    "key": "audio/pronunciation-demo.mp3",
    "level": "public",
    "mimeType": "audio/mpeg",
    "name": "pronunciation-demo.mp3",
    "owner": "mock-user-id",
    "parsedContent": [Function anonymous],
    "path": "/story-mocks/cinematic-designed-sci-fi-whoosh-transition-nexawave-228295.mp3",
    "size": 56789,
    "type": "audio",
    "updatedAt": "2026-01-20T10:00:00.000Z",
    "waveformData": null,
  },
  {
    "_version": 1,
    "createdAt": "2026-01-19T14:30:00.000Z",
    "description": "Lesson introduction audio",
    "documentID": null,
    "duration": 5.2,
    "generated": false,
    "id": "mock-audio-file-2",
    "identityId": "us-east-1:mock-identity",
    "key": "audio/lesson-intro.mp3",
    "level": "public",
    "mimeType": "audio/mpeg",
    "name": "lesson-intro.mp3",
    "owner": "mock-user-id",
    "parsedContent": [Function anonymous],
    "path": "/story-mocks/descent-whoosh-long-cinematic-sound-effect-405921.mp3",
    "size": 87654,
    "type": "audio",
    "updatedAt": "2026-01-19T14:30:00.000Z",
    "waveformData": null,
  },
  {
    "_version": 1,
    "createdAt": "2026-01-18T09:15:00.000Z",
    "description": "Hiragana character chart",
    "documentID": null,
    "generated": false,
    "id": "mock-image-file-1",
    "identityId": "us-east-1:mock-identity",
    "key": "images/hiragana-chart.png",
    "level": "public",
    "mimeType": "image/png",
    "name": "hiragana-chart.png",
    "owner": "mock-user-id",
    "parsedContent": [Function anonymous],
    "path": "images/hiragana-chart.png",
    "size": 234567,
    "thumbnail": "thumbnails/hiragana-chart-thumb.png",
    "type": "image",
    "updatedAt": "2026-01-18T09:15:00.000Z",
  },
]
[90mstdout[2m | src/components/SortableAnswers.stories.jsx[2m > [22m[2mMany Answers
[22m[39m[ChatContext] AssistantChat query update: 1 items (synced)
[90mstdout[2m | src/components/SortableAnswers.stories.jsx[2m > [22m[2mMany Answers
[22m[39m[ChatContext] First item details: {
  "id": "mock-assistant-chat-1",
  "updatedAt": "2024-01-26T10:15:00.000Z",
}
[90mstdout[2m | src/components/SortableAnswers.stories.jsx[2m > [22m[2mMany Answers
[22m[39m[ChatContext] AssistantChat subscription initialized
[90mstdout[2m | src/components/SortableAnswers.stories.jsx[2m > [22m[2mMany Answers
[22m[39m[ChatContext] AssistantChat list updated: 1 chats
[90mstdout[2m | src/components/SortableAnswers.stories.jsx[2m > [22m[2mMany Answers
[22m[39m[ChatContext] Setting initial chat: mock-assistant-chat-1
[90mstdout[2m | src/components/SortableAnswers.stories.jsx[2m > [22m[2mMany Answers
[22m[39m[FilesContext] Files count changed: 0 → 6
[90mstdout[2m | src/components/SortableAnswers.stories.jsx[2m > [22m[2mMany Answers
[22m[39m[MOCK CourseVectorStore] Initialized with mock data
[90mstdout[2m | src/components/SortableAnswers.stories.jsx[2m > [22m[2mMany Answers
[22m[39m[MOCK CourseVectorStore] Initialized with mock data
[90mstdout[2m | src/components/SortableAnswers.stories.jsx[2m > [22m[2mMany Answers
[22m[39manswers [
  {
    "answer": "Answer 1",
    "correct": false,
  },
  {
    "answer": "Answer 2",
    "correct": true,
  },
  {
    "answer": "Answer 3",
    "correct": false,
  },
  {
    "answer": "Answer 4",
    "correct": false,
  },
  {
    "answer": "Answer 5",
    "correct": false,
  },
  {
    "answer": "Answer 6",
    "correct": false,
  },
]
[90mstdout[2m | src/components/SortableAnswers.stories.jsx[2m > [22m[2mMany Answers
[22m[39mAnswer {
  "answer": "Answer 1",
  "correct": false,
}
[90mstdout[2m | src/components/SortableAnswers.stories.jsx[2m > [22m[2mMany Answers
[22m[39m[useTranslationWithCapture] t() called: {
  "key": "sortableAnswers.answerLabel",
  "mode": "off",
  "namespace": "components",
  "value": "Answer 1",
}
[90mstdout[2m | src/components/SortableAnswers.stories.jsx[2m > [22m[2mMany Answers
[22m[39m[useTranslationWithCapture] t() called: {
  "key": "sortableAnswers.incorrect",
  "mode": "off",
  "namespace": "components",
  "value": "Incorrect",
}
[90mstdout[2m | src/components/SortableAnswers.stories.jsx[2m > [22m[2mMany Answers
[22m[39m[useTranslationWithCapture] t() called: {
  "key": "actions.delete",
  "mode": "off",
  "namespace": "components",
  "value": "Delete",
}
[90mstdout[2m | src/components/SortableAnswers.stories.jsx[2m > [22m[2mMany Answers
[22m[39mAnswer {
  "answer": "Answer 2",
  "correct": true,
}
[90mstdout[2m | src/components/SortableAnswers.stories.jsx[2m > [22m[2mMany Answers
[22m[39m[useTranslationWithCapture] t() called: {
  "key": "sortableAnswers.answerLabel",
  "mode": "off",
  "namespace": "components",
  "value": "Answer 2",
}
[90mstdout[2m | src/components/SortableAnswers.stories.jsx[2m > [22m[2mMany Answers
[22m[39m[useTranslationWithCapture] t() called: {
  "key": "sortableAnswers.correct",
  "mode": "off",
  "namespace": "components",
  "value": "Correct",
}
[90mstdout[2m | src/components/SortableAnswers.stories.jsx[2m > [22m[2mMany Answers
[22m[39m[useTranslationWithCapture] t() called: {
  "key": "actions.delete",
  "mode": "off",
  "namespace": "components",
  "value": "Delete",
}
[90mstdout[2m | src/components/SortableAnswers.stories.jsx[2m > [22m[2mMany Answers
[22m[39mAnswer {
  "answer": "Answer 3",
  "correct": false,
}
[90mstdout[2m | src/components/SortableAnswers.stories.jsx[2m > [22m[2mMany Answers
[22m[39m[useTranslationWithCapture] t() called: {
  "key": "sortableAnswers.answerLabel",
  "mode": "off",
  "namespace": "components",
  "value": "Answer 3",
}
[90mstdout[2m | src/components/SortableAnswers.stories.jsx[2m > [22m[2mMany Answers
[22m[39m[useTranslationWithCapture] t() called: {
  "key": "sortableAnswers.incorrect",
  "mode": "off",
  "namespace": "components",
  "value": "Incorrect",
}
[90mstdout[2m | src/components/SortableAnswers.stories.jsx[2m > [22m[2mMany Answers
[22m[39m[useTranslationWithCapture] t() called: {
  "key": "actions.delete",
  "mode": "off",
  "namespace": "components",
  "value": "Delete",
}
[90mstdout[2m | src/components/SortableAnswers.stories.jsx[2m > [22m[2mMany Answers
[22m[39mAnswer {
  "answer": "Answer 4",
  "correct": false,
}
[90mstdout[2m | src/components/SortableAnswers.stories.jsx[2m > [22m[2mMany Answers
[22m[39m[useTranslationWithCapture] t() called: {
  "key": "sortableAnswers.answerLabel",
  "mode": "off",
  "namespace": "components",
  "value": "Answer 4",
}
[90mstdout[2m | src/components/SortableAnswers.stories.jsx[2m > [22m[2mMany Answers
[22m[39m[useTranslationWithCapture] t() called: {
  "key": "sortableAnswers.incorrect",
  "mode": "off",
  "namespace": "components",
  "value": "Incorrect",
}
[90mstdout[2m | src/components/SortableAnswers.stories.jsx[2m > [22m[2mMany Answers
[22m[39m[useTranslationWithCapture] t() called: {
  "key": "actions.delete",
  "mode": "off",
  "namespace": "components",
  "value": "Delete",
}
[90mstdout[2m | src/components/SortableAnswers.stories.jsx[2m > [22m[2mMany Answers
[22m[39mAnswer {
  "answer": "Answer 5",
  "correct": false,
}
[90mstdout[2m | src/components/SortableAnswers.stories.jsx[2m > [22m[2mMany Answers
[22m[39m[useTranslationWithCapture] t() called: {
  "key": "sortableAnswers.answerLabel",
  "mode": "off",
  "namespace": "components",
  "value": "Answer 5",
}
[90mstdout[2m | src/components/SortableAnswers.stories.jsx[2m > [22m[2mMany Answers
[22m[39m[useTranslationWithCapture] t() called: {
  "key": "sortableAnswers.incorrect",
  "mode": "off",
  "namespace": "components",
  "value": "Incorrect",
}
[90mstdout[2m | src/components/SortableAnswers.stories.jsx[2m > [22m[2mMany Answers
[22m[39m[useTranslationWithCapture] t() called: {
  "key": "actions.delete",
  "mode": "off",
  "namespace": "components",
  "value": "Delete",
}
[90mstdout[2m | src/components/SortableAnswers.stories.jsx[2m > [22m[2mMany Answers
[22m[39mAnswer {
  "answer": "Answer 6",
  "correct": false,
}
[90mstdout[2m | src/components/SortableAnswers.stories.jsx[2m > [22m[2mMany Answers
[22m[39m[useTranslationWithCapture] t() called: {
  "key": "sortableAnswers.answerLabel",
  "mode": "off",
  "namespace": "components",
  "value": "Answer 6",
}
[90mstdout[2m | src/components/SortableAnswers.stories.jsx[2m > [22m[2mMany Answers
[22m[39m[useTranslationWithCapture] t() called: {
  "key": "sortableAnswers.incorrect",
  "mode": "off",
  "namespace": "components",
  "value": "Incorrect",
}
[90mstdout[2m | src/components/SortableAnswers.stories.jsx[2m > [22m[2mMany Answers
[22m[39m[useTranslationWithCapture] t() called: {
  "key": "actions.delete",
  "mode": "off",
  "namespace": "components",
  "value": "Delete",
}
[90mstdout[2m | src/components/SortableAnswers.stories.jsx[2m > [22m[2mMany Answers
[22m[39m[FilesContext] Vector store population triggered {
  "currentVectorStoreSize": 3,
  "documentsCount": 0,
  "filesCount": 6,
  "isInitialLoad": true,
}
[90mstdout[2m | src/components/SortableAnswers.stories.jsx[2m > [22m[2mMany Answers
[22m[39m[FilesContext] Vector store population complete - 3 total embeddings
[90mstdout[2m | src/components/SortableAnswers.stories.jsx[2m > [22m[2mMany Answers
[22m[39m[ChatContext] Chat exists and not archived, skipping creation
[90mstdout[2m | src/components/SortableAnswers.stories.jsx[2m > [22m[2mMany Answers
[22m[39m[Mock Data] Settings.create() called with: {
  "assistantVoice": "shimmer",
  "autoAnalyzeDocuments": true,
  "defaultAIModel": "gpt-4",
  "documentAnalysisModel": "gpt-4",
  "editorFontSize": 14,
  "editorTheme": "auto",
  "emailNotifications": true,
  "language": "en",
  "webhookNotifications": false,
}
[90mstdout[2m | src/components/SortableAnswers.stories.jsx[2m > [22m[2mMany Answers
[22m[39m[Mock Data] Settings created: mock-settings-1776336995280 - notified 1 subscribers
 [32m✓[39m [30m[45m storybook (chromium) [49m[39m src/components/SortableAnswers.stories.jsx [2m([22m[2m3 tests[22m[2m)[22m[33m 621[2mms[22m[39m
[90mstdout[2m | src/components/VocabularyReview2.stories.tsx[2m > [22m[2mDefault
[22m[39m[Mock Data] Settings subscription unsubscribed. Remaining: 0
[90mstdout[2m | src/components/VocabularyReview2.stories.tsx[2m > [22m[2mDefault
[22m[39m[ChatContext] Cleaning up subscription
[90mstdout[2m | src/components/VocabularyReview2.stories.tsx[2m > [22m[2mDefault
[22m[39m[Mock Data] AssistantChat subscription unsubscribed. Remaining: 0
[90mstdout[2m | src/components/VocabularyReview2.stories.tsx[2m > [22m[2mDefault
[22m[39m[Mock Data] File subscription unsubscribed. Remaining: 0
[90mstdout[2m | src/components/VocabularyReview2.stories.tsx[2m > [22m[2mDefault
[22m[39m[Mock Data] Document subscription unsubscribed. Remaining: 0
[90mstdout[2m | src/components/VocabularyReview2.stories.tsx[2m > [22m[2mDefault
[22m[39m[Mock Data] Word subscription unsubscribed. Remaining: 0
[90mstdout[2m | src/components/VocabularyReview2.stories.tsx[2m > [22m[2mDefault
[22m[39m[Mock Data] Question subscription unsubscribed. Remaining: 0
[90mstdout[2m | src/components/VocabularyReview2.stories.tsx[2m > [22m[2mDefault
[22m[39m[Mock Data] Grade subscription unsubscribed. Remaining: 0
[90mstdout[2m | src/components/VocabularyReview2.stories.tsx[2m > [22m[2mDefault
[22m[39m[Mock Data] Unit subscription unsubscribed. Remaining: 0
[90mstdout[2m | src/components/VocabularyReview2.stories.tsx[2m > [22m[2mDefault
[22m[39m[SectionContext] Cleaning up subscriptions
[90mstdout[2m | src/components/VocabularyReview2.stories.tsx[2m > [22m[2mDefault
[22m[39m[Mock Data] Section.onCreate() subscription removed. Remaining: 0
[90mstdout[2m | src/components/VocabularyReview2.stories.tsx[2m > [22m[2mDefault
[22m[39m[Mock Data] Section.onUpdate() subscription removed. Remaining: 0
[90mstdout[2m | src/components/VocabularyReview2.stories.tsx[2m > [22m[2mDefault
[22m[39m[Mock Data] Section.onDelete() subscription removed. Remaining: 0
[90mstdout[2m | src/components/VocabularyReview2.stories.tsx[2m > [22m[2mDefault
[22m[39m[Mock Data] Assignment.onCreate() subscription removed. Remaining: 0
[90mstdout[2m | src/components/VocabularyReview2.stories.tsx[2m > [22m[2mDefault
[22m[39m[Mock Data] Assignment.onUpdate() subscription removed. Remaining: 0
[90mstdout[2m | src/components/VocabularyReview2.stories.tsx[2m > [22m[2mDefault
[22m[39m[Mock Data] Assignment.onDelete() subscription removed. Remaining: 0
[90mstdout[2m | src/components/VocabularyReview2.stories.tsx[2m > [22m[2mDefault
[22m[39m[Mock Data] Clearing all data stores
[90mstdout[2m | src/components/VocabularyReview2.stories.tsx[2m > [22m[2mDefault
[22m[39m[Mock Data] All data stores cleared
[90mstdout[2m | src/components/VocabularyReview2.stories.tsx[2m > [22m[2mDefault
[22m[39m[Preview] Cleared mock data for story
[90mstdout[2m | src/components/VocabularyReview2.stories.tsx[2m > [22m[2mDefault
[22m[39m[Preview] Skipped initializing default mock data (initializeMockData=false)
[90mstdout[2m | src/components/VocabularyReview2.stories.tsx[2m > [22m[2mDefault
[22m[39m[Mock Data] seedMockDocuments: Adding 1 documents
[90mstdout[2m | src/components/VocabularyReview2.stories.tsx[2m > [22m[2mDefault
[22m[39m[Mock Data] seedMockParsedContent: Adding 1 parsed content records
[90mstdout[2m | src/components/VocabularyReview2.stories.tsx[2m > [22m[2mDefault
[22m[39m[Mock AuthContext] Providing auth: {
  "error": undefined,
  "isLoading": false,
  "session": {
    "idToken": {
      "toString": [Function toString],
    },
    "identityId": "us-east-1:mock-identity-123",
    "username": "mock-user-sub",
  },
  "user": {
    "attributes": {
      "email": "alice@example.com",
      "name": "Alice Student",
      "sub": "mock-user-sub",
    },
  },
}
[90mstdout[2m | src/components/VocabularyReview2.stories.tsx[2m > [22m[2mDefault
[22m[39m[Mock Data] generateClient() called - returning mock client
[90mstdout[2m | src/components/VocabularyReview2.stories.tsx[2m > [22m[2mDefault
[22m[39m[Mock amplifyClient] getAmplifyClient() called - returning mock client
[90mstdout[2m | src/components/VocabularyReview2.stories.tsx[2m > [22m[2mDefault
[22m[39m[MOCK CourseVectorStore] Initialized with mock data
[90mstdout[2m | src/components/VocabularyReview2.stories.tsx[2m > [22m[2mDefault
[22m[39m[TranslationModeController] Setting mode to: off
[90mstdout[2m | src/components/VocabularyReview2.stories.tsx[2m > [22m[2mDefault
[22m[39m[SectionContext] useEffect triggered {
  "authLoading": false,
  "hasUser": true,
  "userSub": "mock-user-sub",
}
[90mstdout[2m | src/components/VocabularyReview2.stories.tsx[2m > [22m[2mDefault
[22m[39m[SectionContext] Fetching sections for userId: mock-user-sub
[90mstdout[2m | src/components/VocabularyReview2.stories.tsx[2m > [22m[2mDefault
[22m[39m[Mock Data] generateClient() called - returning mock client
[90mstdout[2m | src/components/VocabularyReview2.stories.tsx[2m > [22m[2mDefault
[22m[39m[Mock amplifyClient] getAmplifyClient() called - returning mock client
[90mstdout[2m | src/components/VocabularyReview2.stories.tsx[2m > [22m[2mDefault
[22m[39m[Mock Data] Section.list() called with options: undefined
[90mstdout[2m | src/components/VocabularyReview2.stories.tsx[2m > [22m[2mDefault
[22m[39m[Mock Data] generateClient() called - returning mock client
[90mstdout[2m | src/components/VocabularyReview2.stories.tsx[2m > [22m[2mDefault
[22m[39m[Mock amplifyClient] getAmplifyClient() called - returning mock client
[90mstdout[2m | src/components/VocabularyReview2.stories.tsx[2m > [22m[2mDefault
[22m[39m[Mock Data] Assignment.list() called with options: {
  "filter": {
    "unitID": {
      "eq": "mock-unit-1",
    },
  },
}
[90mstdout[2m | src/components/VocabularyReview2.stories.tsx[2m > [22m[2mDefault
[22m[39m[Mock Data] generateClient() called - returning mock client
[90mstdout[2m | src/components/VocabularyReview2.stories.tsx[2m > [22m[2mDefault
[22m[39m[Mock amplifyClient] getAmplifyClient() called - returning mock client
[90mstdout[2m | src/components/VocabularyReview2.stories.tsx[2m > [22m[2mDefault
[22m[39m[Mock Data] Grade.observeQuery() called with filter: {
  "filter": {
    "unitID": {
      "eq": "mock-unit-1",
    },
  },
}
[90mstdout[2m | src/components/VocabularyReview2.stories.tsx[2m > [22m[2mDefault
[22m[39m[Mock Data] Grade.observeQuery() applying filter: {
  "unitID": {
    "eq": "mock-unit-1",
  },
}
[90mstdout[2m | src/components/VocabularyReview2.stories.tsx[2m > [22m[2mDefault
[22m[39m[Mock Data] Grade.observeQuery() items before filter: 0
[90mstdout[2m | src/components/VocabularyReview2.stories.tsx[2m > [22m[2mDefault
[22m[39m[Mock Data] Grade.observeQuery() items after filter: 0
[90mstdout[2m | src/components/VocabularyReview2.stories.tsx[2m > [22m[2mDefault
[22m[39m[Mock Data] Grade.observeQuery() returning 0 items (filter applied) {
  "filter": {
    "unitID": {
      "eq": "mock-unit-1",
    },
  },
}
[90mstdout[2m | src/components/VocabularyReview2.stories.tsx[2m > [22m[2mDefault
[22m[39m[Mock Data] Grade subscription added. Total subscriptions: 1
[90mstdout[2m | src/components/VocabularyReview2.stories.tsx[2m > [22m[2mDefault
[22m[39m[UnitContext] useEffect triggered {
  "authLoading": false,
  "hasUser": true,
  "id": "mock-unit-1",
  "userSub": "mock-user-sub",
}
[90mstdout[2m | src/components/VocabularyReview2.stories.tsx[2m > [22m[2mDefault
[22m[39m[UnitContext] Fetching unit data for id: mock-unit-1
[90mstdout[2m | src/components/VocabularyReview2.stories.tsx[2m > [22m[2mDefault
[22m[39m[Mock Data] generateClient() called - returning mock client
[90mstdout[2m | src/components/VocabularyReview2.stories.tsx[2m > [22m[2mDefault
[22m[39m[Mock amplifyClient] getAmplifyClient() called - returning mock client
[90mstdout[2m | src/components/VocabularyReview2.stories.tsx[2m > [22m[2mDefault
[22m[39m[Mock Data] Unit.observeQuery() called with filter: {
  "filter": {
    "id": {
      "eq": "mock-unit-1",
    },
  },
}
[90mstdout[2m | src/components/VocabularyReview2.stories.tsx[2m > [22m[2mDefault
[22m[39m[Mock Data] Unit.observeQuery() applying filter: {
  "id": {
    "eq": "mock-unit-1",
  },
}
[90mstdout[2m | src/components/VocabularyReview2.stories.tsx[2m > [22m[2mDefault
[22m[39m[Mock Data] Unit.observeQuery() items before filter: 0
[90mstdout[2m | src/components/VocabularyReview2.stories.tsx[2m > [22m[2mDefault
[22m[39m[Mock Data] Unit.observeQuery() items after filter: 0
[90mstdout[2m | src/components/VocabularyReview2.stories.tsx[2m > [22m[2mDefault
[22m[39m[Mock Data] Unit.observeQuery() returning 0 items (filter applied) {
  "filter": {
    "id": {
      "eq": "mock-unit-1",
    },
  },
}
[90mstdout[2m | src/components/VocabularyReview2.stories.tsx[2m > [22m[2mDefault
[22m[39m[Mock Data] Unit subscription added. Total subscriptions: 1
[90mstdout[2m | src/components/VocabularyReview2.stories.tsx[2m > [22m[2mDefault
[22m[39m[Mock Data] generateClient() called - returning mock client
[90mstdout[2m | src/components/VocabularyReview2.stories.tsx[2m > [22m[2mDefault
[22m[39m[Mock amplifyClient] getAmplifyClient() called - returning mock client
[90mstdout[2m | src/components/VocabularyReview2.stories.tsx[2m > [22m[2mDefault
[22m[39m[Mock Data] Word.observeQuery() called with filter: undefined
[90mstdout[2m | src/components/VocabularyReview2.stories.tsx[2m > [22m[2mDefault
[22m[39m[Mock Data] Word.observeQuery() returning 0 items (filter applied) undefined
[90mstdout[2m | src/components/VocabularyReview2.stories.tsx[2m > [22m[2mDefault
[22m[39m[Mock Data] Word subscription added. Total subscriptions: 1
[90mstdout[2m | src/components/VocabularyReview2.stories.tsx[2m > [22m[2mDefault
[22m[39m[Mock Data] generateClient() called - returning mock client
[90mstdout[2m | src/components/VocabularyReview2.stories.tsx[2m > [22m[2mDefault
[22m[39m[Mock amplifyClient] getAmplifyClient() called - returning mock client
[90mstdout[2m | src/components/VocabularyReview2.stories.tsx[2m > [22m[2mDefault
[22m[39m[Mock Data] Question.observeQuery() called with filter: undefined
[90mstdout[2m | src/components/VocabularyReview2.stories.tsx[2m > [22m[2mDefault
[22m[39m[Mock Data] Question.observeQuery() returning 0 items (filter applied) undefined
[90mstdout[2m | src/components/VocabularyReview2.stories.tsx[2m > [22m[2mDefault
[22m[39m[Mock Data] Question subscription added. Total subscriptions: 1
[90mstdout[2m | src/components/VocabularyReview2.stories.tsx[2m > [22m[2mDefault
[22m[39m[FilesContext] Initializing vector store from IndexedDB
[90mstdout[2m | src/components/VocabularyReview2.stories.tsx[2m > [22m[2mDefault
[22m[39m[FilesContext] fetchFiles called
[90mstdout[2m | src/components/VocabularyReview2.stories.tsx[2m > [22m[2mDefault
[22m[39m[FilesContext] User authenticated: mock-user-sub
[90mstdout[2m | src/components/VocabularyReview2.stories.tsx[2m > [22m[2mDefault
[22m[39m[FilesContext] Identity ID: us-east-1:mock-identity-123
[90mstdout[2m | src/components/VocabularyReview2.stories.tsx[2m > [22m[2mDefault
[22m[39m[FilesContext] About to subscribe to File model
[90mstdout[2m | src/components/VocabularyReview2.stories.tsx[2m > [22m[2mDefault
[22m[39m[Mock Data] generateClient() called - returning mock client
[90mstdout[2m | src/components/VocabularyReview2.stories.tsx[2m > [22m[2mDefault
[22m[39m[Mock amplifyClient] getAmplifyClient() called - returning mock client
[90mstdout[2m | src/components/VocabularyReview2.stories.tsx[2m > [22m[2mDefault
[22m[39m[Mock Data] File.observeQuery() called with filter: undefined
[90mstdout[2m | src/components/VocabularyReview2.stories.tsx[2m > [22m[2mDefault
[22m[39m[Mock Data] File.observeQuery() returning 0 items (filter applied) undefined
[90mstdout[2m | src/components/VocabularyReview2.stories.tsx[2m > [22m[2mDefault
[22m[39m[Mock Data] File subscription added. Total subscriptions: 1
[90mstdout[2m | src/components/VocabularyReview2.stories.tsx[2m > [22m[2mDefault
[22m[39m[Mock Data] generateClient() called - returning mock client
[90mstdout[2m | src/components/VocabularyReview2.stories.tsx[2m > [22m[2mDefault
[22m[39m[Mock amplifyClient] getAmplifyClient() called - returning mock client
[90mstdout[2m | src/components/VocabularyReview2.stories.tsx[2m > [22m[2mDefault
[22m[39m[Mock Data] Document.observeQuery() called with filter: undefined
[90mstdout[2m | src/components/VocabularyReview2.stories.tsx[2m > [22m[2mDefault
[22m[39m[Mock Data] Document.observeQuery() returning 1 items (filter applied) undefined
[90mstdout[2m | src/components/VocabularyReview2.stories.tsx[2m > [22m[2mDefault
[22m[39m[Mock Data] Document subscription added. Total subscriptions: 1
[90mstdout[2m | src/components/VocabularyReview2.stories.tsx[2m > [22m[2mDefault
[22m[39m[ChatContext] Setting up observeQuery for AssistantChat
[90mstdout[2m | src/components/VocabularyReview2.stories.tsx[2m > [22m[2mDefault
[22m[39m[Mock Data] AssistantChat.observeQuery() called with filter: {
  "sortDirection": "DESC",
  "sortField": "createdAt",
}
[90mstdout[2m | src/components/VocabularyReview2.stories.tsx[2m > [22m[2mDefault
[22m[39m[Mock Data] AssistantChat.observeQuery() returning 0 items (filter applied) {
  "sortDirection": "DESC",
  "sortField": "createdAt",
}
[90mstdout[2m | src/components/VocabularyReview2.stories.tsx[2m > [22m[2mDefault
[22m[39m[Mock Data] AssistantChat subscription added. Total subscriptions: 1
[90mstdout[2m | src/components/VocabularyReview2.stories.tsx[2m > [22m[2mDefault
[22m[39m[ChatContext] Waiting for subscription to initialize
[90mstdout[2m | src/components/VocabularyReview2.stories.tsx[2m > [22m[2mDefault
[22m[39m[SettingsContext] Setting up Settings subscription for user: mock-user-sub
[90mstdout[2m | src/components/VocabularyReview2.stories.tsx[2m > [22m[2mDefault
[22m[39m[Mock Data] generateClient() called - returning mock client
[90mstdout[2m | src/components/VocabularyReview2.stories.tsx[2m > [22m[2mDefault
[22m[39m[Mock amplifyClient] getAmplifyClient() called - returning mock client
[90mstdout[2m | src/components/VocabularyReview2.stories.tsx[2m > [22m[2mDefault
[22m[39m[Mock Data] Settings.observeQuery() called with filter: undefined
[90mstdout[2m | src/components/VocabularyReview2.stories.tsx[2m > [22m[2mDefault
[22m[39m[Mock Data] Settings.observeQuery() returning 0 items (filter applied) undefined
[90mstdout[2m | src/components/VocabularyReview2.stories.tsx[2m > [22m[2mDefault
[22m[39m[Mock Data] Settings subscription added. Total subscriptions: 1
[90mstdout[2m | src/components/VocabularyReview2.stories.tsx[2m > [22m[2mDefault
[22m[39m[SectionContext] Initial sections: 0 []
[90mstdout[2m | src/components/VocabularyReview2.stories.tsx[2m > [22m[2mDefault
[22m[39m[Mock Data] Section.onCreate() called with filter: undefined
[90mstdout[2m | src/components/VocabularyReview2.stories.tsx[2m > [22m[2mDefault
[22m[39m[Mock Data] Section.onCreate() subscription added. Total: 1
[90mstdout[2m | src/components/VocabularyReview2.stories.tsx[2m > [22m[2mDefault
[22m[39m[Mock Data] Section.onUpdate() called with filter: undefined
[90mstdout[2m | src/components/VocabularyReview2.stories.tsx[2m > [22m[2mDefault
[22m[39m[Mock Data] Section.onUpdate() subscription added. Total: 1
[90mstdout[2m | src/components/VocabularyReview2.stories.tsx[2m > [22m[2mDefault
[22m[39m[Mock Data] Section.onDelete() called with filter: undefined
[90mstdout[2m | src/components/VocabularyReview2.stories.tsx[2m > [22m[2mDefault
[22m[39m[Mock Data] Section.onDelete() subscription added. Total: 1
[90mstdout[2m | src/components/VocabularyReview2.stories.tsx[2m > [22m[2mDefault
[22m[39m[Mock Data] Assignment.onCreate() called with filter: {
  "filter": {
    "unitID": {
      "eq": "mock-unit-1",
    },
  },
}
[90mstdout[2m | src/components/VocabularyReview2.stories.tsx[2m > [22m[2mDefault
[22m[39m[Mock Data] Assignment.onCreate() subscription added. Total: 1
[90mstdout[2m | src/components/VocabularyReview2.stories.tsx[2m > [22m[2mDefault
[22m[39m[Mock Data] Assignment.onUpdate() called with filter: {
  "filter": {
    "unitID": {
      "eq": "mock-unit-1",
    },
  },
}
[90mstdout[2m | src/components/VocabularyReview2.stories.tsx[2m > [22m[2mDefault
[22m[39m[Mock Data] Assignment.onUpdate() subscription added. Total: 1
[90mstdout[2m | src/components/VocabularyReview2.stories.tsx[2m > [22m[2mDefault
[22m[39m[Mock Data] Assignment.onDelete() called with filter: {
  "filter": {
    "unitID": {
      "eq": "mock-unit-1",
    },
  },
}
[90mstdout[2m | src/components/VocabularyReview2.stories.tsx[2m > [22m[2mDefault
[22m[39m[Mock Data] Assignment.onDelete() subscription added. Total: 1
[90mstdout[2m | src/components/VocabularyReview2.stories.tsx[2m > [22m[2mDefault
[22m[39m[FilesContext] File observeQuery subscription triggered:
[90mstdout[2m | src/components/VocabularyReview2.stories.tsx[2m > [22m[2mDefault
[22m[39m  - items.length: 0
[90mstdout[2m | src/components/VocabularyReview2.stories.tsx[2m > [22m[2mDefault
[22m[39m  - isSynced: true
[90mstdout[2m | src/components/VocabularyReview2.stories.tsx[2m > [22m[2mDefault
[22m[39m  - items: []
[90mstdout[2m | src/components/VocabularyReview2.stories.tsx[2m > [22m[2mDefault
[22m[39m[FilesContext] Document count changed: 0 → 1
[90mstdout[2m | src/components/VocabularyReview2.stories.tsx[2m > [22m[2mDefault
[22m[39m[ChatContext] AssistantChat query update: 0 items (synced)
[90mstdout[2m | src/components/VocabularyReview2.stories.tsx[2m > [22m[2mDefault
[22m[39m[ChatContext] AssistantChat subscription initialized
[90mstdout[2m | src/components/VocabularyReview2.stories.tsx[2m > [22m[2mDefault
[22m[39m[ChatContext] AssistantChat list updated: 0 chats
[90mstdout[2m | src/components/VocabularyReview2.stories.tsx[2m > [22m[2mDefault
[22m[39m[ChatContext] No chats found, clearing current chat - new one will be created
[90mstdout[2m | src/components/VocabularyReview2.stories.tsx[2m > [22m[2mDefault
[22m[39m[MOCK CourseVectorStore] Initialized with mock data
[90mstdout[2m | src/components/VocabularyReview2.stories.tsx[2m > [22m[2mDefault
[22m[39m[useTranslationWithCapture] t() called: {
  "key": "vocabularyReview.loading",
  "mode": "off",
  "namespace": "components",
  "value": "Loading",
}
[90mstdout[2m | src/components/VocabularyReview2.stories.tsx[2m > [22m[2mDefault
[22m[39m[Mock Data] Settings.create() called with: {
  "assistantVoice": "shimmer",
  "autoAnalyzeDocuments": true,
  "defaultAIModel": "gpt-4",
  "documentAnalysisModel": "gpt-4",
  "editorFontSize": 14,
  "editorTheme": "auto",
  "emailNotifications": true,
  "language": "en",
  "webhookNotifications": false,
}
[90mstdout[2m | src/components/VocabularyReview2.stories.tsx[2m > [22m[2mDefault
[22m[39m[Mock Data] Settings created: mock-settings-1776336995575 - notified 1 subscribers
[90mstdout[2m | src/components/VocabularyReview2.stories.tsx[2m > [22m[2mDefault
[22m[39m[Mock Data] generateClient() called - returning mock client
[90mstdout[2m | src/components/VocabularyReview2.stories.tsx[2m > [22m[2mDefault
[22m[39m[Mock amplifyClient] getAmplifyClient() called - returning mock client
[90mstdout[2m | src/components/VocabularyReview2.stories.tsx[2m > [22m[2mDefault
[22m[39m[Mock Data] Document.get() called with id: mock-doc-1
[90mstdout[2m | src/components/VocabularyReview2.stories.tsx[2m > [22m[2mDefault
[22m[39m[VocabularyReview2] Setting up ParsedContent subscription for user: undefined
[90mstdout[2m | src/components/VocabularyReview2.stories.tsx[2m > [22m[2mDefault
[22m[39m[Mock Data] generateClient() called - returning mock client
[90mstdout[2m | src/components/VocabularyReview2.stories.tsx[2m > [22m[2mDefault
[22m[39m[Mock amplifyClient] getAmplifyClient() called - returning mock client
[90mstdout[2m | src/components/VocabularyReview2.stories.tsx[2m > [22m[2mDefault
[22m[39m[Mock Data] ParsedContent.observeQuery() called with filter: undefined
[90mstdout[2m | src/components/VocabularyReview2.stories.tsx[2m > [22m[2mDefault
[22m[39m[Mock Data] ParsedContent.observeQuery() returning 1 items (filter applied) undefined
[90mstdout[2m | src/components/VocabularyReview2.stories.tsx[2m > [22m[2mDefault
[22m[39m[Mock Data] ParsedContent subscription added. Total subscriptions: 1
[90mstdout[2m | src/components/VocabularyReview2.stories.tsx[2m > [22m[2mDefault
[22m[39m[ChatContext] No current chat available, will create one
[90mstdout[2m | src/components/VocabularyReview2.stories.tsx[2m > [22m[2mDefault
[22m[39m[ChatContext] Creating AssistantChat with user: undefined
[90mstdout[2m | src/components/VocabularyReview2.stories.tsx[2m > [22m[2mDefault
[22m[39m[Mock Data] AssistantChat.create() called with: {
  "archived": false,
  "model": "gpt-4",
}
[90mstdout[2m | src/components/VocabularyReview2.stories.tsx[2m > [22m[2mDefault
[22m[39m[Mock Data] AssistantChat created: mock-assistantchat-1776336995585 - notified 1 subscribers
[90mstdout[2m | src/components/VocabularyReview2.stories.tsx[2m > [22m[2mDefault
[22m[39m[Mock Data] ParsedContent.list() called with options: {
  "filter": {
    "documentID": {
      "eq": "mock-doc-1",
    },
  },
}
[90mstdout[2m | src/components/VocabularyReview2.stories.tsx[2m > [22m[2mDefault
[22m[39m[ChatContext] Create result: {
  "data": {
    "_version": 1,
    "archived": false,
    "chatFiles": [Function anonymous],
    "createdAt": "2026-04-16T10:56:35.585Z",
    "id": "mock-assistantchat-1776336995585",
    "model": "gpt-4",
    "updatedAt": "2026-04-16T10:56:35.585Z",
  },
  "errors": [],
  "hasData": true,
  "hasErrors": true,
}
[90mstdout[2m | src/components/VocabularyReview2.stories.tsx[2m > [22m[2mDefault
[22m[39m[ChatContext] Created AssistantChat: mock-assistantchat-1776336995585 at: 2026-04-16T10:56:35.585Z
[90mstdout[2m | src/components/VocabularyReview2.stories.tsx[2m > [22m[2mDefault
[22m[39m[ChatContext] AssistantChat query update: 1 items (synced)
[90mstdout[2m | src/components/VocabularyReview2.stories.tsx[2m > [22m[2mDefault
[22m[39m[ChatContext] First item details: {
  "id": "mock-assistantchat-1776336995585",
  "updatedAt": "2026-04-16T10:56:35.585Z",
}
[90mstdout[2m | src/components/VocabularyReview2.stories.tsx[2m > [22m[2mDefault
[22m[39m[ChatContext] AssistantChat list updated: 1 chats
[90mstdout[2m | src/components/VocabularyReview2.stories.tsx[2m > [22m[2mDefault
[22m[39m[ChatContext] Setting initial chat: mock-assistantchat-1776336995585
[90mstdout[2m | src/components/VocabularyReview2.stories.tsx[2m > [22m[2mDefault
[22m[39m[useTranslationWithCapture] t() called: {
  "key": "vocabularyReview.sectionHeading",
  "mode": "off",
  "namespace": "components",
  "value": "Vocabulary Review",
}
[90mstdout[2m | src/components/VocabularyReview2.stories.tsx[2m > [22m[2mDefault
[22m[39m[useTranslationWithCapture] t() called: {
  "key": "vocabularyReview.from",
  "mode": "off",
  "namespace": "components",
  "value": "From",
}
[90mstdout[2m | src/components/VocabularyReview2.stories.tsx[2m > [22m[2mDefault
[22m[39m[useTranslationWithCapture] t() called: {
  "key": "vocabularyReview.pages",
  "mode": "off",
  "namespace": "components",
  "value": "Pages",
}
[90mstdout[2m | src/components/VocabularyReview2.stories.tsx[2m > [22m[2mDefault
[22m[39m[useTranslationWithCapture] t() called: {
  "key": "vocabularyReview.deselectAll",
  "mode": "off",
  "namespace": "components",
  "value": "Deselect All",
}
[90mstdout[2m | src/components/VocabularyReview2.stories.tsx[2m > [22m[2mDefault
[22m[39m[useTranslationWithCapture] t() called: {
  "key": "vocabularyReview.selectedCount",
  "mode": "off",
  "namespace": "components",
  "value": "Selected Count",
}
[90mstdout[2m | src/components/VocabularyReview2.stories.tsx[2m > [22m[2mDefault
[22m[39m[useTranslationWithCapture] t() called: {
  "key": "vocabularyReview.importToDictionary",
  "mode": "off",
  "namespace": "components",
  "value": "Import To Dictionary",
}
[90mstdout[2m | src/components/VocabularyReview2.stories.tsx[2m > [22m[2mDefault
[22m[39m[ChatContext] Chat exists and not archived, skipping creation
[90mstdout[2m | src/components/VocabularyReview2.stories.tsx[2m > [22m[2mDefault
[22m[39m[useTranslationWithCapture] t() called: {
  "key": "vocabularyReview.sectionHeading",
  "mode": "off",
  "namespace": "components",
  "value": "Vocabulary Review",
}
[90mstdout[2m | src/components/VocabularyReview2.stories.tsx[2m > [22m[2mDefault
[22m[39m[useTranslationWithCapture] t() called: {
  "key": "vocabularyReview.from",
  "mode": "off",
  "namespace": "components",
  "value": "From",
}
[90mstdout[2m | src/components/VocabularyReview2.stories.tsx[2m > [22m[2mDefault
[22m[39m[useTranslationWithCapture] t() called: {
  "key": "vocabularyReview.pages",
  "mode": "off",
  "namespace": "components",
  "value": "Pages",
}
[90mstdout[2m | src/components/VocabularyReview2.stories.tsx[2m > [22m[2mDefault
[22m[39m[useTranslationWithCapture] t() called: {
  "key": "vocabularyReview.deselectAll",
  "mode": "off",
  "namespace": "components",
  "value": "Deselect All",
}
[90mstdout[2m | src/components/VocabularyReview2.stories.tsx[2m > [22m[2mDefault
[22m[39m[useTranslationWithCapture] t() called: {
  "key": "vocabularyReview.selectedCount",
  "mode": "off",
  "namespace": "components",
  "value": "Selected Count",
}
[90mstdout[2m | src/components/VocabularyReview2.stories.tsx[2m > [22m[2mDefault
[22m[39m[useTranslationWithCapture] t() called: {
  "key": "vocabularyReview.importToDictionary",
  "mode": "off",
  "namespace": "components",
  "value": "Import To Dictionary",
}
[90mstdout[2m | src/components/VocabularyReview2.stories.tsx[2m > [22m[2mDefault
[22m[39m[useTranslationWithCapture] t() called: {
  "key": "vocabularyReview.sectionHeading",
  "mode": "off",
  "namespace": "components",
  "value": "Vocabulary Review",
}
[90mstdout[2m | src/components/VocabularyReview2.stories.tsx[2m > [22m[2mDefault
[22m[39m[useTranslationWithCapture] t() called: {
  "key": "vocabularyReview.from",
  "mode": "off",
  "namespace": "components",
  "value": "From",
}
[90mstdout[2m | src/components/VocabularyReview2.stories.tsx[2m > [22m[2mDefault
[22m[39m[useTranslationWithCapture] t() called: {
  "key": "vocabularyReview.pages",
  "mode": "off",
  "namespace": "components",
  "value": "Pages",
}
[90mstdout[2m | src/components/VocabularyReview2.stories.tsx[2m > [22m[2mDefault
[22m[39m[useTranslationWithCapture] t() called: {
  "key": "vocabularyReview.deselectAll",
  "mode": "off",
  "namespace": "components",
  "value": "Deselect All",
}
[90mstdout[2m | src/components/VocabularyReview2.stories.tsx[2m > [22m[2mDefault
[22m[39m[useTranslationWithCapture] t() called: {
  "key": "vocabularyReview.selectedCount",
  "mode": "off",
  "namespace": "components",
  "value": "Selected Count",
}
[90mstdout[2m | src/components/VocabularyReview2.stories.tsx[2m > [22m[2mDefault
[22m[39m[useTranslationWithCapture] t() called: {
  "key": "vocabularyReview.importToDictionary",
  "mode": "off",
  "namespace": "components",
  "value": "Import To Dictionary",
}
[90mstdout[2m | src/components/VocabularyReview2.stories.tsx[2m > [22m[2mDefault
[22m[39m[Mock Data] generateClient() called - returning mock client
[90mstdout[2m | src/components/VocabularyReview2.stories.tsx[2m > [22m[2mDefault
[22m[39m[Mock amplifyClient] getAmplifyClient() called - returning mock client
[90mstdout[2m | src/components/VocabularyReview2.stories.tsx[2m > [22m[2mDefault
[22m[39m[Mock Data] Document.get() called with id: mock-doc-1
[90mstdout[2m | src/components/VocabularyReview2.stories.tsx[2m > [22m[2mDefault
[22m[39m[Mock Data] ParsedContent.list() called with options: {
  "filter": {
    "documentID": {
      "eq": "mock-doc-1",
    },
  },
}
[90mstdout[2m | src/components/VocabularyReview2.stories.tsx[2m > [22m[2mDefault
[22m[39m[useTranslationWithCapture] t() called: {
  "key": "vocabularyReview.sectionHeading",
  "mode": "off",
  "namespace": "components",
  "value": "Vocabulary Review",
}
[90mstdout[2m | src/components/VocabularyReview2.stories.tsx[2m > [22m[2mDefault
[22m[39m[useTranslationWithCapture] t() called: {
  "key": "vocabularyReview.from",
  "mode": "off",
  "namespace": "components",
  "value": "From",
}
[90mstdout[2m | src/components/VocabularyReview2.stories.tsx[2m > [22m[2mDefault
[22m[39m[useTranslationWithCapture] t() called: {
  "key": "vocabularyReview.pages",
  "mode": "off",
  "namespace": "components",
  "value": "Pages",
}
[90mstdout[2m | src/components/VocabularyReview2.stories.tsx[2m > [22m[2mDefault
[22m[39m[useTranslationWithCapture] t() called: {
  "key": "vocabularyReview.deselectAll",
  "mode": "off",
  "namespace": "components",
  "value": "Deselect All",
}
[90mstdout[2m | src/components/VocabularyReview2.stories.tsx[2m > [22m[2mDefault
[22m[39m[useTranslationWithCapture] t() called: {
  "key": "vocabularyReview.selectedCount",
  "mode": "off",
  "namespace": "components",
  "value": "Selected Count",
}
[90mstdout[2m | src/components/VocabularyReview2.stories.tsx[2m > [22m[2mDefault
[22m[39m[useTranslationWithCapture] t() called: {
  "key": "vocabularyReview.importToDictionary",
  "mode": "off",
  "namespace": "components",
  "value": "Import To Dictionary",
}
[90mstdout[2m | src/components/VocabularyReview2.stories.tsx[2m > [22m[2mDefault
[22m[39m[useTranslationWithCapture] t() called: {
  "key": "vocabularyReview.sectionHeading",
  "mode": "off",
  "namespace": "components",
  "value": "Vocabulary Review",
}
[90mstdout[2m | src/components/VocabularyReview2.stories.tsx[2m > [22m[2mDefault
[22m[39m[useTranslationWithCapture] t() called: {
  "key": "vocabularyReview.from",
  "mode": "off",
  "namespace": "components",
  "value": "From",
}
[90mstdout[2m | src/components/VocabularyReview2.stories.tsx[2m > [22m[2mDefault
[22m[39m[useTranslationWithCapture] t() called: {
  "key": "vocabularyReview.pages",
  "mode": "off",
  "namespace": "components",
  "value": "Pages",
}
[90mstdout[2m | src/components/VocabularyReview2.stories.tsx[2m > [22m[2mDefault
[22m[39m[useTranslationWithCapture] t() called: {
  "key": "vocabularyReview.selectAll",
  "mode": "off",
  "namespace": "components",
  "value": "Select All",
}
[90mstdout[2m | src/components/VocabularyReview2.stories.tsx[2m > [22m[2mDefault
[22m[39m[useTranslationWithCapture] t() called: {
  "key": "vocabularyReview.selectedCount",
  "mode": "off",
  "namespace": "components",
  "value": "Selected Count",
}
[90mstdout[2m | src/components/VocabularyReview2.stories.tsx[2m > [22m[2mDefault
[22m[39m[useTranslationWithCapture] t() called: {
  "key": "vocabularyReview.importToDictionary",
  "mode": "off",
  "namespace": "components",
  "value": "Import To Dictionary",
}
[90mstdout[2m | src/components/VocabularyReview2.stories.tsx[2m > [22m[2mWith Search Highlight
[22m[39m[Mock Data] Settings subscription unsubscribed. Remaining: 0
[90mstdout[2m | src/components/VocabularyReview2.stories.tsx[2m > [22m[2mWith Search Highlight
[22m[39m[ChatContext] Cleaning up subscription
[90mstdout[2m | src/components/VocabularyReview2.stories.tsx[2m > [22m[2mWith Search Highlight
[22m[39m[Mock Data] AssistantChat subscription unsubscribed. Remaining: 0
[90mstdout[2m | src/components/VocabularyReview2.stories.tsx[2m > [22m[2mWith Search Highlight
[22m[39m[Mock Data] File subscription unsubscribed. Remaining: 0
[90mstdout[2m | src/components/VocabularyReview2.stories.tsx[2m > [22m[2mWith Search Highlight
[22m[39m[Mock Data] Document subscription unsubscribed. Remaining: 0
[90mstdout[2m | src/components/VocabularyReview2.stories.tsx[2m > [22m[2mWith Search Highlight
[22m[39m[Mock Data] Word subscription unsubscribed. Remaining: 0
[90mstdout[2m | src/components/VocabularyReview2.stories.tsx[2m > [22m[2mWith Search Highlight
[22m[39m[Mock Data] Question subscription unsubscribed. Remaining: 0
[90mstdout[2m | src/components/VocabularyReview2.stories.tsx[2m > [22m[2mWith Search Highlight
[22m[39m[Mock Data] Grade subscription unsubscribed. Remaining: 0
[90mstdout[2m | src/components/VocabularyReview2.stories.tsx[2m > [22m[2mWith Search Highlight
[22m[39m[Mock Data] Unit subscription unsubscribed. Remaining: 0
[90mstdout[2m | src/components/VocabularyReview2.stories.tsx[2m > [22m[2mWith Search Highlight
[22m[39m[SectionContext] Cleaning up subscriptions
[90mstdout[2m | src/components/VocabularyReview2.stories.tsx[2m > [22m[2mWith Search Highlight
[22m[39m[Mock Data] Section.onCreate() subscription removed. Remaining: 0
[90mstdout[2m | src/components/VocabularyReview2.stories.tsx[2m > [22m[2mWith Search Highlight
[22m[39m[Mock Data] Section.onUpdate() subscription removed. Remaining: 0
[90mstdout[2m | src/components/VocabularyReview2.stories.tsx[2m > [22m[2mWith Search Highlight
[22m[39m[Mock Data] Section.onDelete() subscription removed. Remaining: 0
[90mstdout[2m | src/components/VocabularyReview2.stories.tsx[2m > [22m[2mWith Search Highlight
[22m[39m[Mock Data] Assignment.onCreate() subscription removed. Remaining: 0
[90mstdout[2m | src/components/VocabularyReview2.stories.tsx[2m > [22m[2mWith Search Highlight
[22m[39m[Mock Data] Assignment.onUpdate() subscription removed. Remaining: 0
[90mstdout[2m | src/components/VocabularyReview2.stories.tsx[2m > [22m[2mWith Search Highlight
[22m[39m[Mock Data] Assignment.onDelete() subscription removed. Remaining: 0
[90mstdout[2m | src/components/VocabularyReview2.stories.tsx[2m > [22m[2mWith Search Highlight
[22m[39m[Mock Data] ParsedContent subscription unsubscribed. Remaining: 0
[90mstdout[2m | src/components/VocabularyReview2.stories.tsx[2m > [22m[2mWith Search Highlight
[22m[39m[Mock Data] Clearing all data stores
[90mstdout[2m | src/components/VocabularyReview2.stories.tsx[2m > [22m[2mWith Search Highlight
[22m[39m[Mock Data] All data stores cleared
[90mstdout[2m | src/components/VocabularyReview2.stories.tsx[2m > [22m[2mWith Search Highlight
[22m[39m[Preview] Cleared mock data for story
[90mstdout[2m | src/components/VocabularyReview2.stories.tsx[2m > [22m[2mWith Search Highlight
[22m[39m[Preview] Skipped initializing default mock data (initializeMockData=false)
[90mstdout[2m | src/components/VocabularyReview2.stories.tsx[2m > [22m[2mWith Search Highlight
[22m[39m[Mock Data] seedMockDocuments: Adding 1 documents
[90mstdout[2m | src/components/VocabularyReview2.stories.tsx[2m > [22m[2mWith Search Highlight
[22m[39m[Mock Data] seedMockParsedContent: Adding 1 parsed content records
[90mstdout[2m | src/components/VocabularyReview2.stories.tsx[2m > [22m[2mWith Search Highlight
[22m[39m[Mock AuthContext] Providing auth: {
  "error": undefined,
  "isLoading": false,
  "session": {
    "idToken": {
      "toString": [Function toString],
    },
    "identityId": "us-east-1:mock-identity-123",
    "username": "mock-user-sub",
  },
  "user": {
    "attributes": {
      "email": "alice@example.com",
      "name": "Alice Student",
      "sub": "mock-user-sub",
    },
  },
}
[90mstdout[2m | src/components/VocabularyReview2.stories.tsx[2m > [22m[2mWith Search Highlight
[22m[39m[Mock Data] generateClient() called - returning mock client
[90mstdout[2m | src/components/VocabularyReview2.stories.tsx[2m > [22m[2mWith Search Highlight
[22m[39m[Mock amplifyClient] getAmplifyClient() called - returning mock client
[90mstdout[2m | src/components/VocabularyReview2.stories.tsx[2m > [22m[2mWith Search Highlight
[22m[39m[MOCK CourseVectorStore] Initialized with mock data
[90mstdout[2m | src/components/VocabularyReview2.stories.tsx[2m > [22m[2mWith Search Highlight
[22m[39m[TranslationModeController] Setting mode to: off
[90mstdout[2m | src/components/VocabularyReview2.stories.tsx[2m > [22m[2mWith Search Highlight
[22m[39m[SectionContext] useEffect triggered {
  "authLoading": false,
  "hasUser": true,
  "userSub": "mock-user-sub",
}
[90mstdout[2m | src/components/VocabularyReview2.stories.tsx[2m > [22m[2mWith Search Highlight
[22m[39m[SectionContext] Fetching sections for userId: mock-user-sub
[90mstdout[2m | src/components/VocabularyReview2.stories.tsx[2m > [22m[2mWith Search Highlight
[22m[39m[Mock Data] generateClient() called - returning mock client
[90mstdout[2m | src/components/VocabularyReview2.stories.tsx[2m > [22m[2mWith Search Highlight
[22m[39m[Mock amplifyClient] getAmplifyClient() called - returning mock client
[90mstdout[2m | src/components/VocabularyReview2.stories.tsx[2m > [22m[2mWith Search Highlight
[22m[39m[Mock Data] Section.list() called with options: undefined
[90mstdout[2m | src/components/VocabularyReview2.stories.tsx[2m > [22m[2mWith Search Highlight
[22m[39m[Mock Data] generateClient() called - returning mock client
[90mstdout[2m | src/components/VocabularyReview2.stories.tsx[2m > [22m[2mWith Search Highlight
[22m[39m[Mock amplifyClient] getAmplifyClient() called - returning mock client
[90mstdout[2m | src/components/VocabularyReview2.stories.tsx[2m > [22m[2mWith Search Highlight
[22m[39m[Mock Data] Assignment.list() called with options: {
  "filter": {
    "unitID": {
      "eq": "mock-unit-1",
    },
  },
}
[90mstdout[2m | src/components/VocabularyReview2.stories.tsx[2m > [22m[2mWith Search Highlight
[22m[39m[Mock Data] generateClient() called - returning mock client
[90mstdout[2m | src/components/VocabularyReview2.stories.tsx[2m > [22m[2mWith Search Highlight
[22m[39m[Mock amplifyClient] getAmplifyClient() called - returning mock client
[90mstdout[2m | src/components/VocabularyReview2.stories.tsx[2m > [22m[2mWith Search Highlight
[22m[39m[Mock Data] Grade.observeQuery() called with filter: {
  "filter": {
    "unitID": {
      "eq": "mock-unit-1",
    },
  },
}
[90mstdout[2m | src/components/VocabularyReview2.stories.tsx[2m > [22m[2mWith Search Highlight
[22m[39m[Mock Data] Grade.observeQuery() applying filter: {
  "unitID": {
    "eq": "mock-unit-1",
  },
}
[90mstdout[2m | src/components/VocabularyReview2.stories.tsx[2m > [22m[2mWith Search Highlight
[22m[39m[Mock Data] Grade.observeQuery() items before filter: 0
[90mstdout[2m | src/components/VocabularyReview2.stories.tsx[2m > [22m[2mWith Search Highlight
[22m[39m[Mock Data] Grade.observeQuery() items after filter: 0
[90mstdout[2m | src/components/VocabularyReview2.stories.tsx[2m > [22m[2mWith Search Highlight
[22m[39m[Mock Data] Grade.observeQuery() returning 0 items (filter applied) {
  "filter": {
    "unitID": {
      "eq": "mock-unit-1",
    },
  },
}
[90mstdout[2m | src/components/VocabularyReview2.stories.tsx[2m > [22m[2mWith Search Highlight
[22m[39m[Mock Data] Grade subscription added. Total subscriptions: 1
[90mstdout[2m | src/components/VocabularyReview2.stories.tsx[2m > [22m[2mWith Search Highlight
[22m[39m[UnitContext] useEffect triggered {
  "authLoading": false,
  "hasUser": true,
  "id": "mock-unit-1",
  "userSub": "mock-user-sub",
}
[90mstdout[2m | src/components/VocabularyReview2.stories.tsx[2m > [22m[2mWith Search Highlight
[22m[39m[UnitContext] Fetching unit data for id: mock-unit-1
[90mstdout[2m | src/components/VocabularyReview2.stories.tsx[2m > [22m[2mWith Search Highlight
[22m[39m[Mock Data] generateClient() called - returning mock client
[90mstdout[2m | src/components/VocabularyReview2.stories.tsx[2m > [22m[2mWith Search Highlight
[22m[39m[Mock amplifyClient] getAmplifyClient() called - returning mock client
[90mstdout[2m | src/components/VocabularyReview2.stories.tsx[2m > [22m[2mWith Search Highlight
[22m[39m[Mock Data] Unit.observeQuery() called with filter: {
  "filter": {
    "id": {
      "eq": "mock-unit-1",
    },
  },
}
[90mstdout[2m | src/components/VocabularyReview2.stories.tsx[2m > [22m[2mWith Search Highlight
[22m[39m[Mock Data] Unit.observeQuery() applying filter: {
  "id": {
    "eq": "mock-unit-1",
  },
}
[90mstdout[2m | src/components/VocabularyReview2.stories.tsx[2m > [22m[2mWith Search Highlight
[22m[39m[Mock Data] Unit.observeQuery() items before filter: 0
[90mstdout[2m | src/components/VocabularyReview2.stories.tsx[2m > [22m[2mWith Search Highlight
[22m[39m[Mock Data] Unit.observeQuery() items after filter: 0
[90mstdout[2m | src/components/VocabularyReview2.stories.tsx[2m > [22m[2mWith Search Highlight
[22m[39m[Mock Data] Unit.observeQuery() returning 0 items (filter applied) {
  "filter": {
    "id": {
      "eq": "mock-unit-1",
    },
  },
}
[90mstdout[2m | src/components/VocabularyReview2.stories.tsx[2m > [22m[2mWith Search Highlight
[22m[39m[Mock Data] Unit subscription added. Total subscriptions: 1
[90mstdout[2m | src/components/VocabularyReview2.stories.tsx[2m > [22m[2mWith Search Highlight
[22m[39m[Mock Data] generateClient() called - returning mock client
[90mstdout[2m | src/components/VocabularyReview2.stories.tsx[2m > [22m[2mWith Search Highlight
[22m[39m[Mock amplifyClient] getAmplifyClient() called - returning mock client
[90mstdout[2m | src/components/VocabularyReview2.stories.tsx[2m > [22m[2mWith Search Highlight
[22m[39m[Mock Data] Word.observeQuery() called with filter: undefined
[90mstdout[2m | src/components/VocabularyReview2.stories.tsx[2m > [22m[2mWith Search Highlight
[22m[39m[Mock Data] Word.observeQuery() returning 0 items (filter applied) undefined
[90mstdout[2m | src/components/VocabularyReview2.stories.tsx[2m > [22m[2mWith Search Highlight
[22m[39m[Mock Data] Word subscription added. Total subscriptions: 1
[90mstdout[2m | src/components/VocabularyReview2.stories.tsx[2m > [22m[2mWith Search Highlight
[22m[39m[Mock Data] generateClient() called - returning mock client
[90mstdout[2m | src/components/VocabularyReview2.stories.tsx[2m > [22m[2mWith Search Highlight
[22m[39m[Mock amplifyClient] getAmplifyClient() called - returning mock client
[90mstdout[2m | src/components/VocabularyReview2.stories.tsx[2m > [22m[2mWith Search Highlight
[22m[39m[Mock Data] Question.observeQuery() called with filter: undefined
[90mstdout[2m | src/components/VocabularyReview2.stories.tsx[2m > [22m[2mWith Search Highlight
[22m[39m[Mock Data] Question.observeQuery() returning 0 items (filter applied) undefined
[90mstdout[2m | src/components/VocabularyReview2.stories.tsx[2m > [22m[2mWith Search Highlight
[22m[39m[Mock Data] Question subscription added. Total subscriptions: 1
[90mstdout[2m | src/components/VocabularyReview2.stories.tsx[2m > [22m[2mWith Search Highlight
[22m[39m[FilesContext] Initializing vector store from IndexedDB
[90mstdout[2m | src/components/VocabularyReview2.stories.tsx[2m > [22m[2mWith Search Highlight
[22m[39m[FilesContext] fetchFiles called
[90mstdout[2m | src/components/VocabularyReview2.stories.tsx[2m > [22m[2mWith Search Highlight
[22m[39m[FilesContext] User authenticated: mock-user-sub
[90mstdout[2m | src/components/VocabularyReview2.stories.tsx[2m > [22m[2mWith Search Highlight
[22m[39m[FilesContext] Identity ID: us-east-1:mock-identity-123
[90mstdout[2m | src/components/VocabularyReview2.stories.tsx[2m > [22m[2mWith Search Highlight
[22m[39m[FilesContext] About to subscribe to File model
[90mstdout[2m | src/components/VocabularyReview2.stories.tsx[2m > [22m[2mWith Search Highlight
[22m[39m[Mock Data] generateClient() called - returning mock client
[90mstdout[2m | src/components/VocabularyReview2.stories.tsx[2m > [22m[2mWith Search Highlight
[22m[39m[Mock amplifyClient] getAmplifyClient() called - returning mock client
[90mstdout[2m | src/components/VocabularyReview2.stories.tsx[2m > [22m[2mWith Search Highlight
[22m[39m[Mock Data] File.observeQuery() called with filter: undefined
[90mstdout[2m | src/components/VocabularyReview2.stories.tsx[2m > [22m[2mWith Search Highlight
[22m[39m[Mock Data] File.observeQuery() returning 0 items (filter applied) undefined
[90mstdout[2m | src/components/VocabularyReview2.stories.tsx[2m > [22m[2mWith Search Highlight
[22m[39m[Mock Data] File subscription added. Total subscriptions: 1
[90mstdout[2m | src/components/VocabularyReview2.stories.tsx[2m > [22m[2mWith Search Highlight
[22m[39m[Mock Data] generateClient() called - returning mock client
[90mstdout[2m | src/components/VocabularyReview2.stories.tsx[2m > [22m[2mWith Search Highlight
[22m[39m[Mock amplifyClient] getAmplifyClient() called - returning mock client
[90mstdout[2m | src/components/VocabularyReview2.stories.tsx[2m > [22m[2mWith Search Highlight
[22m[39m[Mock Data] Document.observeQuery() called with filter: undefined
[90mstdout[2m | src/components/VocabularyReview2.stories.tsx[2m > [22m[2mWith Search Highlight
[22m[39m[Mock Data] Document.observeQuery() returning 1 items (filter applied) undefined
[90mstdout[2m | src/components/VocabularyReview2.stories.tsx[2m > [22m[2mWith Search Highlight
[22m[39m[Mock Data] Document subscription added. Total subscriptions: 1
[90mstdout[2m | src/components/VocabularyReview2.stories.tsx[2m > [22m[2mWith Search Highlight
[22m[39m[ChatContext] Setting up observeQuery for AssistantChat
[90mstdout[2m | src/components/VocabularyReview2.stories.tsx[2m > [22m[2mWith Search Highlight
[22m[39m[Mock Data] AssistantChat.observeQuery() called with filter: {
  "sortDirection": "DESC",
  "sortField": "createdAt",
}
[90mstdout[2m | src/components/VocabularyReview2.stories.tsx[2m > [22m[2mWith Search Highlight
[22m[39m[Mock Data] AssistantChat.observeQuery() returning 0 items (filter applied) {
  "sortDirection": "DESC",
  "sortField": "createdAt",
}
[90mstdout[2m | src/components/VocabularyReview2.stories.tsx[2m > [22m[2mWith Search Highlight
[22m[39m[Mock Data] AssistantChat subscription added. Total subscriptions: 1
[90mstdout[2m | src/components/VocabularyReview2.stories.tsx[2m > [22m[2mWith Search Highlight
[22m[39m[ChatContext] Waiting for subscription to initialize
[90mstdout[2m | src/components/VocabularyReview2.stories.tsx[2m > [22m[2mWith Search Highlight
[22m[39m[SettingsContext] Setting up Settings subscription for user: mock-user-sub
[90mstdout[2m | src/components/VocabularyReview2.stories.tsx[2m > [22m[2mWith Search Highlight
[22m[39m[Mock Data] generateClient() called - returning mock client
[90mstdout[2m | src/components/VocabularyReview2.stories.tsx[2m > [22m[2mWith Search Highlight
[22m[39m[Mock amplifyClient] getAmplifyClient() called - returning mock client
[90mstdout[2m | src/components/VocabularyReview2.stories.tsx[2m > [22m[2mWith Search Highlight
[22m[39m[Mock Data] Settings.observeQuery() called with filter: undefined
[90mstdout[2m | src/components/VocabularyReview2.stories.tsx[2m > [22m[2mWith Search Highlight
[22m[39m[Mock Data] Settings.observeQuery() returning 0 items (filter applied) undefined
[90mstdout[2m | src/components/VocabularyReview2.stories.tsx[2m > [22m[2mWith Search Highlight
[22m[39m[Mock Data] Settings subscription added. Total subscriptions: 1
[90mstdout[2m | src/components/VocabularyReview2.stories.tsx[2m > [22m[2mWith Search Highlight
[22m[39m[SectionContext] Initial sections: 0 []
[90mstdout[2m | src/components/VocabularyReview2.stories.tsx[2m > [22m[2mWith Search Highlight
[22m[39m[Mock Data] Section.onCreate() called with filter: undefined
[90mstdout[2m | src/components/VocabularyReview2.stories.tsx[2m > [22m[2mWith Search Highlight
[22m[39m[Mock Data] Section.onCreate() subscription added. Total: 1
[90mstdout[2m | src/components/VocabularyReview2.stories.tsx[2m > [22m[2mWith Search Highlight
[22m[39m[Mock Data] Section.onUpdate() called with filter: undefined
[90mstdout[2m | src/components/VocabularyReview2.stories.tsx[2m > [22m[2mWith Search Highlight
[22m[39m[Mock Data] Section.onUpdate() subscription added. Total: 1
[90mstdout[2m | src/components/VocabularyReview2.stories.tsx[2m > [22m[2mWith Search Highlight
[22m[39m[Mock Data] Section.onDelete() called with filter: undefined
[90mstdout[2m | src/components/VocabularyReview2.stories.tsx[2m > [22m[2mWith Search Highlight
[22m[39m[Mock Data] Section.onDelete() subscription added. Total: 1
[90mstdout[2m | src/components/VocabularyReview2.stories.tsx[2m > [22m[2mWith Search Highlight
[22m[39m[Mock Data] Assignment.onCreate() called with filter: {
  "filter": {
    "unitID": {
      "eq": "mock-unit-1",
    },
  },
}
[90mstdout[2m | src/components/VocabularyReview2.stories.tsx[2m > [22m[2mWith Search Highlight
[22m[39m[Mock Data] Assignment.onCreate() subscription added. Total: 1
[90mstdout[2m | src/components/VocabularyReview2.stories.tsx[2m > [22m[2mWith Search Highlight
[22m[39m[Mock Data] Assignment.onUpdate() called with filter: {
  "filter": {
    "unitID": {
      "eq": "mock-unit-1",
    },
  },
}
[90mstdout[2m | src/components/VocabularyReview2.stories.tsx[2m > [22m[2mWith Search Highlight
[22m[39m[Mock Data] Assignment.onUpdate() subscription added. Total: 1
[90mstdout[2m | src/components/VocabularyReview2.stories.tsx[2m > [22m[2mWith Search Highlight
[22m[39m[Mock Data] Assignment.onDelete() called with filter: {
  "filter": {
    "unitID": {
      "eq": "mock-unit-1",
    },
  },
}
[90mstdout[2m | src/components/VocabularyReview2.stories.tsx[2m > [22m[2mWith Search Highlight
[22m[39m[Mock Data] Assignment.onDelete() subscription added. Total: 1
[90mstdout[2m | src/components/VocabularyReview2.stories.tsx[2m > [22m[2mWith Search Highlight
[22m[39m[FilesContext] File observeQuery subscription triggered:
[90mstdout[2m | src/components/VocabularyReview2.stories.tsx[2m > [22m[2mWith Search Highlight
[22m[39m  - items.length: 0
[90mstdout[2m | src/components/VocabularyReview2.stories.tsx[2m > [22m[2mWith Search Highlight
[22m[39m  - isSynced: true
[90mstdout[2m | src/components/VocabularyReview2.stories.tsx[2m > [22m[2mWith Search Highlight
[22m[39m  - items: []
[90mstdout[2m | src/components/VocabularyReview2.stories.tsx[2m > [22m[2mWith Search Highlight
[22m[39m[FilesContext] Document count changed: 0 → 1
[90mstdout[2m | src/components/VocabularyReview2.stories.tsx[2m > [22m[2mWith Search Highlight
[22m[39m[ChatContext] AssistantChat query update: 0 items (synced)
[90mstdout[2m | src/components/VocabularyReview2.stories.tsx[2m > [22m[2mWith Search Highlight
[22m[39m[ChatContext] AssistantChat subscription initialized
[90mstdout[2m | src/components/VocabularyReview2.stories.tsx[2m > [22m[2mWith Search Highlight
[22m[39m[ChatContext] AssistantChat list updated: 0 chats
[90mstdout[2m | src/components/VocabularyReview2.stories.tsx[2m > [22m[2mWith Search Highlight
[22m[39m[Mock Data] Settings.create() called with: {
  "assistantVoice": "shimmer",
  "autoAnalyzeDocuments": true,
  "defaultAIModel": "gpt-4",
  "documentAnalysisModel": "gpt-4",
  "editorFontSize": 14,
  "editorTheme": "auto",
  "emailNotifications": true,
  "language": "en",
  "webhookNotifications": false,
}
[90mstdout[2m | src/components/VocabularyReview2.stories.tsx[2m > [22m[2mWith Search Highlight
[22m[39m[Mock Data] Settings created: mock-settings-1776336996472 - notified 1 subscribers
[90mstdout[2m | src/components/VocabularyReview2.stories.tsx[2m > [22m[2mWith Search Highlight
[22m[39m[ChatContext] No chats found, clearing current chat - new one will be created
[90mstdout[2m | src/components/VocabularyReview2.stories.tsx[2m > [22m[2mWith Search Highlight
[22m[39m[MOCK CourseVectorStore] Initialized with mock data
[90mstdout[2m | src/components/VocabularyReview2.stories.tsx[2m > [22m[2mWith Search Highlight
[22m[39m[useTranslationWithCapture] t() called: {
  "key": "vocabularyReview.loading",
  "mode": "off",
  "namespace": "components",
  "value": "Loading",
}
[90mstdout[2m | src/components/VocabularyReview2.stories.tsx[2m > [22m[2mWith Search Highlight
[22m[39m[Mock Data] generateClient() called - returning mock client
[90mstdout[2m | src/components/VocabularyReview2.stories.tsx[2m > [22m[2mWith Search Highlight
[22m[39m[Mock amplifyClient] getAmplifyClient() called - returning mock client
[90mstdout[2m | src/components/VocabularyReview2.stories.tsx[2m > [22m[2mWith Search Highlight
[22m[39m[Mock Data] Document.get() called with id: mock-doc-1
[90mstdout[2m | src/components/VocabularyReview2.stories.tsx[2m > [22m[2mWith Search Highlight
[22m[39m[VocabularyReview2] Setting up ParsedContent subscription for user: undefined
[90mstdout[2m | src/components/VocabularyReview2.stories.tsx[2m > [22m[2mWith Search Highlight
[22m[39m[Mock Data] generateClient() called - returning mock client
[90mstdout[2m | src/components/VocabularyReview2.stories.tsx[2m > [22m[2mWith Search Highlight
[22m[39m[Mock amplifyClient] getAmplifyClient() called - returning mock client
[90mstdout[2m | src/components/VocabularyReview2.stories.tsx[2m > [22m[2mWith Search Highlight
[22m[39m[Mock Data] ParsedContent.observeQuery() called with filter: undefined
[90mstdout[2m | src/components/VocabularyReview2.stories.tsx[2m > [22m[2mWith Search Highlight
[22m[39m[Mock Data] ParsedContent.observeQuery() returning 1 items (filter applied) undefined
[90mstdout[2m | src/components/VocabularyReview2.stories.tsx[2m > [22m[2mWith Search Highlight
[22m[39m[Mock Data] ParsedContent subscription added. Total subscriptions: 1
[90mstdout[2m | src/components/VocabularyReview2.stories.tsx[2m > [22m[2mWith Search Highlight
[22m[39m[ChatContext] No current chat available, will create one
[90mstdout[2m | src/components/VocabularyReview2.stories.tsx[2m > [22m[2mWith Search Highlight
[22m[39m[ChatContext] Creating AssistantChat with user: undefined
[90mstdout[2m | src/components/VocabularyReview2.stories.tsx[2m > [22m[2mWith Search Highlight
[22m[39m[Mock Data] AssistantChat.create() called with: {
  "archived": false,
  "model": "gpt-4",
}
[90mstdout[2m | src/components/VocabularyReview2.stories.tsx[2m > [22m[2mWith Search Highlight
[22m[39m[Mock Data] AssistantChat created: mock-assistantchat-1776336996486 - notified 1 subscribers
[90mstdout[2m | src/components/VocabularyReview2.stories.tsx[2m > [22m[2mWith Search Highlight
[22m[39m[Mock Data] ParsedContent.list() called with options: {
  "filter": {
    "documentID": {
      "eq": "mock-doc-1",
    },
  },
}
[90mstdout[2m | src/components/VocabularyReview2.stories.tsx[2m > [22m[2mWith Search Highlight
[22m[39m[ChatContext] Create result: {
  "data": {
    "_version": 1,
    "archived": false,
    "chatFiles": [Function anonymous],
    "createdAt": "2026-04-16T10:56:36.486Z",
    "id": "mock-assistantchat-1776336996486",
    "model": "gpt-4",
    "updatedAt": "2026-04-16T10:56:36.486Z",
  },
  "errors": [],
  "hasData": true,
  "hasErrors": true,
}
[90mstdout[2m | src/components/VocabularyReview2.stories.tsx[2m > [22m[2mWith Search Highlight
[22m[39m[ChatContext] Created AssistantChat: mock-assistantchat-1776336996486 at: 2026-04-16T10:56:36.486Z
[90mstdout[2m | src/components/VocabularyReview2.stories.tsx[2m > [22m[2mWith Search Highlight
[22m[39m[ChatContext] AssistantChat query update: 1 items (synced)
[90mstdout[2m | src/components/VocabularyReview2.stories.tsx[2m > [22m[2mWith Search Highlight
[22m[39m[ChatContext] First item details: {
  "id": "mock-assistantchat-1776336996486",
  "updatedAt": "2026-04-16T10:56:36.486Z",
}
[90mstdout[2m | src/components/VocabularyReview2.stories.tsx[2m > [22m[2mWith Search Highlight
[22m[39m[ChatContext] AssistantChat list updated: 1 chats
[90mstdout[2m | src/components/VocabularyReview2.stories.tsx[2m > [22m[2mWith Search Highlight
[22m[39m[ChatContext] Setting initial chat: mock-assistantchat-1776336996486
[90mstdout[2m | src/components/VocabularyReview2.stories.tsx[2m > [22m[2mWith Search Highlight
[22m[39m[useTranslationWithCapture] t() called: {
  "key": "vocabularyReview.sectionHeading",
  "mode": "off",
  "namespace": "components",
  "value": "Vocabulary Review",
}
[90mstdout[2m | src/components/VocabularyReview2.stories.tsx[2m > [22m[2mWith Search Highlight
[22m[39m[useTranslationWithCapture] t() called: {
  "key": "vocabularyReview.from",
  "mode": "off",
  "namespace": "components",
  "value": "From",
}
[90mstdout[2m | src/components/VocabularyReview2.stories.tsx[2m > [22m[2mWith Search Highlight
[22m[39m[useTranslationWithCapture] t() called: {
  "key": "vocabularyReview.pages",
  "mode": "off",
  "namespace": "components",
  "value": "Pages",
}
[90mstdout[2m | src/components/VocabularyReview2.stories.tsx[2m > [22m[2mWith Search Highlight
[22m[39m[useTranslationWithCapture] t() called: {
  "key": "vocabularyReview.filteringBySearch",
  "mode": "off",
  "namespace": "components",
  "value": "Filtering By Search",
}
[90mstdout[2m | src/components/VocabularyReview2.stories.tsx[2m > [22m[2mWith Search Highlight
[22m[39m[useTranslationWithCapture] t() called: {
  "key": "vocabularyReview.deselectAll",
  "mode": "off",
  "namespace": "components",
  "value": "Deselect All",
}
[90mstdout[2m | src/components/VocabularyReview2.stories.tsx[2m > [22m[2mWith Search Highlight
[22m[39m[useTranslationWithCapture] t() called: {
  "key": "vocabularyReview.selectedCount",
  "mode": "off",
  "namespace": "components",
  "value": "Selected Count",
}
[90mstdout[2m | src/components/VocabularyReview2.stories.tsx[2m > [22m[2mWith Search Highlight
[22m[39m[useTranslationWithCapture] t() called: {
  "key": "vocabularyReview.importToDictionary",
  "mode": "off",
  "namespace": "components",
  "value": "Import To Dictionary",
}
[90mstdout[2m | src/components/VocabularyReview2.stories.tsx[2m > [22m[2mWith Search Highlight
[22m[39m[ChatContext] Chat exists and not archived, skipping creation
[90mstdout[2m | src/components/VocabularyReview2.stories.tsx[2m > [22m[2mWith Search Highlight
[22m[39m[useTranslationWithCapture] t() called: {
  "key": "vocabularyReview.sectionHeading",
  "mode": "off",
  "namespace": "components",
  "value": "Vocabulary Review",
}
[90mstdout[2m | src/components/VocabularyReview2.stories.tsx[2m > [22m[2mWith Search Highlight
[22m[39m[useTranslationWithCapture] t() called: {
  "key": "vocabularyReview.from",
  "mode": "off",
  "namespace": "components",
  "value": "From",
}
[90mstdout[2m | src/components/VocabularyReview2.stories.tsx[2m > [22m[2mWith Search Highlight
[22m[39m[useTranslationWithCapture] t() called: {
  "key": "vocabularyReview.pages",
  "mode": "off",
  "namespace": "components",
  "value": "Pages",
}
[90mstdout[2m | src/components/VocabularyReview2.stories.tsx[2m > [22m[2mWith Search Highlight
[22m[39m[useTranslationWithCapture] t() called: {
  "key": "vocabularyReview.filteringBySearch",
  "mode": "off",
  "namespace": "components",
  "value": "Filtering By Search",
}
[90mstdout[2m | src/components/VocabularyReview2.stories.tsx[2m > [22m[2mWith Search Highlight
[22m[39m[useTranslationWithCapture] t() called: {
  "key": "vocabularyReview.deselectAll",
  "mode": "off",
  "namespace": "components",
  "value": "Deselect All",
}
[90mstdout[2m | src/components/VocabularyReview2.stories.tsx[2m > [22m[2mWith Search Highlight
[22m[39m[useTranslationWithCapture] t() called: {
  "key": "vocabularyReview.selectedCount",
  "mode": "off",
  "namespace": "components",
  "value": "Selected Count",
}
[90mstdout[2m | src/components/VocabularyReview2.stories.tsx[2m > [22m[2mWith Search Highlight
[22m[39m[useTranslationWithCapture] t() called: {
  "key": "vocabularyReview.importToDictionary",
  "mode": "off",
  "namespace": "components",
  "value": "Import To Dictionary",
}
[90mstdout[2m | src/components/VocabularyReview2.stories.tsx[2m > [22m[2mWith Search Highlight
[22m[39m[useTranslationWithCapture] t() called: {
  "key": "vocabularyReview.sectionHeading",
  "mode": "off",
  "namespace": "components",
  "value": "Vocabulary Review",
}
[90mstdout[2m | src/components/VocabularyReview2.stories.tsx[2m > [22m[2mWith Search Highlight
[22m[39m[useTranslationWithCapture] t() called: {
  "key": "vocabularyReview.from",
  "mode": "off",
  "namespace": "components",
  "value": "From",
}
[90mstdout[2m | src/components/VocabularyReview2.stories.tsx[2m > [22m[2mWith Search Highlight
[22m[39m[useTranslationWithCapture] t() called: {
  "key": "vocabularyReview.pages",
  "mode": "off",
  "namespace": "components",
  "value": "Pages",
}
[90mstdout[2m | src/components/VocabularyReview2.stories.tsx[2m > [22m[2mWith Search Highlight
[22m[39m[useTranslationWithCapture] t() called: {
  "key": "vocabularyReview.filteringBySearch",
  "mode": "off",
  "namespace": "components",
  "value": "Filtering By Search",
}
[90mstdout[2m | src/components/VocabularyReview2.stories.tsx[2m > [22m[2mWith Search Highlight
[22m[39m[useTranslationWithCapture] t() called: {
  "key": "vocabularyReview.deselectAll",
  "mode": "off",
  "namespace": "components",
  "value": "Deselect All",
}
[90mstdout[2m | src/components/VocabularyReview2.stories.tsx[2m > [22m[2mWith Search Highlight
[22m[39m[useTranslationWithCapture] t() called: {
  "key": "vocabularyReview.selectedCount",
  "mode": "off",
  "namespace": "components",
  "value": "Selected Count",
}
[90mstdout[2m | src/components/VocabularyReview2.stories.tsx[2m > [22m[2mWith Search Highlight
[22m[39m[useTranslationWithCapture] t() called: {
  "key": "vocabularyReview.importToDictionary",
  "mode": "off",
  "namespace": "components",
  "value": "Import To Dictionary",
}
[90mstdout[2m | src/components/VocabularyReview2.stories.tsx[2m > [22m[2mWith Search Highlight
[22m[39m[Mock Data] generateClient() called - returning mock client
[90mstdout[2m | src/components/VocabularyReview2.stories.tsx[2m > [22m[2mWith Search Highlight
[22m[39m[Mock amplifyClient] getAmplifyClient() called - returning mock client
[90mstdout[2m | src/components/VocabularyReview2.stories.tsx[2m > [22m[2mWith Search Highlight
[22m[39m[Mock Data] Document.get() called with id: mock-doc-1
[90mstdout[2m | src/components/VocabularyReview2.stories.tsx[2m > [22m[2mWith Search Highlight
[22m[39m[Mock Data] ParsedContent.list() called with options: {
  "filter": {
    "documentID": {
      "eq": "mock-doc-1",
    },
  },
}
[90mstdout[2m | src/components/VocabularyReview2.stories.tsx[2m > [22m[2mWith Search Highlight
[22m[39m[useTranslationWithCapture] t() called: {
  "key": "vocabularyReview.sectionHeading",
  "mode": "off",
  "namespace": "components",
  "value": "Vocabulary Review",
}
[90mstdout[2m | src/components/VocabularyReview2.stories.tsx[2m > [22m[2mWith Search Highlight
[22m[39m[useTranslationWithCapture] t() called: {
  "key": "vocabularyReview.from",
  "mode": "off",
  "namespace": "components",
  "value": "From",
}
[90mstdout[2m | src/components/VocabularyReview2.stories.tsx[2m > [22m[2mWith Search Highlight
[22m[39m[useTranslationWithCapture] t() called: {
  "key": "vocabularyReview.pages",
  "mode": "off",
  "namespace": "components",
  "value": "Pages",
}
[90mstdout[2m | src/components/VocabularyReview2.stories.tsx[2m > [22m[2mWith Search Highlight
[22m[39m[useTranslationWithCapture] t() called: {
  "key": "vocabularyReview.filteringBySearch",
  "mode": "off",
  "namespace": "components",
  "value": "Filtering By Search",
}
[90mstdout[2m | src/components/VocabularyReview2.stories.tsx[2m > [22m[2mWith Search Highlight
[22m[39m[useTranslationWithCapture] t() called: {
  "key": "vocabularyReview.deselectAll",
  "mode": "off",
  "namespace": "components",
  "value": "Deselect All",
}
[90mstdout[2m | src/components/VocabularyReview2.stories.tsx[2m > [22m[2mWith Search Highlight
[22m[39m[useTranslationWithCapture] t() called: {
  "key": "vocabularyReview.selectedCount",
  "mode": "off",
  "namespace": "components",
  "value": "Selected Count",
}
[90mstdout[2m | src/components/VocabularyReview2.stories.tsx[2m > [22m[2mWith Search Highlight
[22m[39m[useTranslationWithCapture] t() called: {
  "key": "vocabularyReview.importToDictionary",
  "mode": "off",
  "namespace": "components",
  "value": "Import To Dictionary",
}
[90mstdout[2m | src/components/VocabularyReview2.stories.tsx[2m > [22m[2mLarge List
[22m[39m[Mock Data] Settings subscription unsubscribed. Remaining: 0
[90mstdout[2m | src/components/VocabularyReview2.stories.tsx[2m > [22m[2mLarge List
[22m[39m[ChatContext] Cleaning up subscription
[90mstdout[2m | src/components/VocabularyReview2.stories.tsx[2m > [22m[2mLarge List
[22m[39m[Mock Data] AssistantChat subscription unsubscribed. Remaining: 0
[90mstdout[2m | src/components/VocabularyReview2.stories.tsx[2m > [22m[2mLarge List
[22m[39m[Mock Data] File subscription unsubscribed. Remaining: 0
[90mstdout[2m | src/components/VocabularyReview2.stories.tsx[2m > [22m[2mLarge List
[22m[39m[Mock Data] Document subscription unsubscribed. Remaining: 0
[90mstdout[2m | src/components/VocabularyReview2.stories.tsx[2m > [22m[2mLarge List
[22m[39m[Mock Data] Word subscription unsubscribed. Remaining: 0
[90mstdout[2m | src/components/VocabularyReview2.stories.tsx[2m > [22m[2mLarge List
[22m[39m[Mock Data] Question subscription unsubscribed. Remaining: 0
[90mstdout[2m | src/components/VocabularyReview2.stories.tsx[2m > [22m[2mLarge List
[22m[39m[Mock Data] Grade subscription unsubscribed. Remaining: 0
[90mstdout[2m | src/components/VocabularyReview2.stories.tsx[2m > [22m[2mLarge List
[22m[39m[Mock Data] Unit subscription unsubscribed. Remaining: 0
[90mstdout[2m | src/components/VocabularyReview2.stories.tsx[2m > [22m[2mLarge List
[22m[39m[SectionContext] Cleaning up subscriptions
[90mstdout[2m | src/components/VocabularyReview2.stories.tsx[2m > [22m[2mLarge List
[22m[39m[Mock Data] Section.onCreate() subscription removed. Remaining: 0
[90mstdout[2m | src/components/VocabularyReview2.stories.tsx[2m > [22m[2mLarge List
[22m[39m[Mock Data] Section.onUpdate() subscription removed. Remaining: 0
[90mstdout[2m | src/components/VocabularyReview2.stories.tsx[2m > [22m[2mLarge List
[22m[39m[Mock Data] Section.onDelete() subscription removed. Remaining: 0
[90mstdout[2m | src/components/VocabularyReview2.stories.tsx[2m > [22m[2mLarge List
[22m[39m[Mock Data] Assignment.onCreate() subscription removed. Remaining: 0
[90mstdout[2m | src/components/VocabularyReview2.stories.tsx[2m > [22m[2mLarge List
[22m[39m[Mock Data] Assignment.onUpdate() subscription removed. Remaining: 0
[90mstdout[2m | src/components/VocabularyReview2.stories.tsx[2m > [22m[2mLarge List
[22m[39m[Mock Data] Assignment.onDelete() subscription removed. Remaining: 0
[90mstdout[2m | src/components/VocabularyReview2.stories.tsx[2m > [22m[2mLarge List
[22m[39m[Mock Data] ParsedContent subscription unsubscribed. Remaining: 0
[90mstdout[2m | src/components/VocabularyReview2.stories.tsx[2m > [22m[2mLarge List
[22m[39m[Mock Data] Clearing all data stores
[90mstdout[2m | src/components/VocabularyReview2.stories.tsx[2m > [22m[2mLarge List
[22m[39m[Mock Data] All data stores cleared
[90mstdout[2m | src/components/VocabularyReview2.stories.tsx[2m > [22m[2mLarge List
[22m[39m[Preview] Cleared mock data for story
[90mstdout[2m | src/components/VocabularyReview2.stories.tsx[2m > [22m[2mLarge List
[22m[39m[Preview] Skipped initializing default mock data (initializeMockData=false)
[90mstdout[2m | src/components/VocabularyReview2.stories.tsx[2m > [22m[2mLarge List
[22m[39m[Mock Data] seedMockDocuments: Adding 1 documents
[90mstdout[2m | src/components/VocabularyReview2.stories.tsx[2m > [22m[2mLarge List
[22m[39m[Mock Data] seedMockParsedContent: Adding 1 parsed content records
[90mstdout[2m | src/components/VocabularyReview2.stories.tsx[2m > [22m[2mLarge List
[22m[39m[Mock AuthContext] Providing auth: {
  "error": undefined,
  "isLoading": false,
  "session": {
    "idToken": {
      "toString": [Function toString],
    },
    "identityId": "us-east-1:mock-identity-123",
    "username": "mock-user-sub",
  },
  "user": {
    "attributes": {
      "email": "alice@example.com",
      "name": "Alice Student",
      "sub": "mock-user-sub",
    },
  },
}
[90mstdout[2m | src/components/VocabularyReview2.stories.tsx[2m > [22m[2mLarge List
[22m[39m[Mock Data] generateClient() called - returning mock client
[90mstdout[2m | src/components/VocabularyReview2.stories.tsx[2m > [22m[2mLarge List
[22m[39m[Mock amplifyClient] getAmplifyClient() called - returning mock client
[90mstdout[2m | src/components/VocabularyReview2.stories.tsx[2m > [22m[2mLarge List
[22m[39m[MOCK CourseVectorStore] Initialized with mock data
[90mstdout[2m | src/components/VocabularyReview2.stories.tsx[2m > [22m[2mLarge List
[22m[39m[TranslationModeController] Setting mode to: off
[90mstdout[2m | src/components/VocabularyReview2.stories.tsx[2m > [22m[2mLarge List
[22m[39m[SectionContext] useEffect triggered {
  "authLoading": false,
  "hasUser": true,
  "userSub": "mock-user-sub",
}
[90mstdout[2m | src/components/VocabularyReview2.stories.tsx[2m > [22m[2mLarge List
[22m[39m[SectionContext] Fetching sections for userId: mock-user-sub
[90mstdout[2m | src/components/VocabularyReview2.stories.tsx[2m > [22m[2mLarge List
[22m[39m[Mock Data] generateClient() called - returning mock client
[90mstdout[2m | src/components/VocabularyReview2.stories.tsx[2m > [22m[2mLarge List
[22m[39m[Mock amplifyClient] getAmplifyClient() called - returning mock client
[90mstdout[2m | src/components/VocabularyReview2.stories.tsx[2m > [22m[2mLarge List
[22m[39m[Mock Data] Section.list() called with options: undefined
[90mstdout[2m | src/components/VocabularyReview2.stories.tsx[2m > [22m[2mLarge List
[22m[39m[Mock Data] generateClient() called - returning mock client
[90mstdout[2m | src/components/VocabularyReview2.stories.tsx[2m > [22m[2mLarge List
[22m[39m[Mock amplifyClient] getAmplifyClient() called - returning mock client
[90mstdout[2m | src/components/VocabularyReview2.stories.tsx[2m > [22m[2mLarge List
[22m[39m[Mock Data] Assignment.list() called with options: {
  "filter": {
    "unitID": {
      "eq": "mock-unit-1",
    },
  },
}
[90mstdout[2m | src/components/VocabularyReview2.stories.tsx[2m > [22m[2mLarge List
[22m[39m[Mock Data] generateClient() called - returning mock client
[90mstdout[2m | src/components/VocabularyReview2.stories.tsx[2m > [22m[2mLarge List
[22m[39m[Mock amplifyClient] getAmplifyClient() called - returning mock client
[90mstdout[2m | src/components/VocabularyReview2.stories.tsx[2m > [22m[2mLarge List
[22m[39m[Mock Data] Grade.observeQuery() called with filter: {
  "filter": {
    "unitID": {
      "eq": "mock-unit-1",
    },
  },
}
[90mstdout[2m | src/components/VocabularyReview2.stories.tsx[2m > [22m[2mLarge List
[22m[39m[Mock Data] Grade.observeQuery() applying filter: {
  "unitID": {
    "eq": "mock-unit-1",
  },
}
[90mstdout[2m | src/components/VocabularyReview2.stories.tsx[2m > [22m[2mLarge List
[22m[39m[Mock Data] Grade.observeQuery() items before filter: 0
[90mstdout[2m | src/components/VocabularyReview2.stories.tsx[2m > [22m[2mLarge List
[22m[39m[Mock Data] Grade.observeQuery() items after filter: 0
[90mstdout[2m | src/components/VocabularyReview2.stories.tsx[2m > [22m[2mLarge List
[22m[39m[Mock Data] Grade.observeQuery() returning 0 items (filter applied) {
  "filter": {
    "unitID": {
      "eq": "mock-unit-1",
    },
  },
}
[90mstdout[2m | src/components/VocabularyReview2.stories.tsx[2m > [22m[2mLarge List
[22m[39m[Mock Data] Grade subscription added. Total subscriptions: 1
[90mstdout[2m | src/components/VocabularyReview2.stories.tsx[2m > [22m[2mLarge List
[22m[39m[UnitContext] useEffect triggered {
  "authLoading": false,
  "hasUser": true,
  "id": "mock-unit-1",
  "userSub": "mock-user-sub",
}
[90mstdout[2m | src/components/VocabularyReview2.stories.tsx[2m > [22m[2mLarge List
[22m[39m[UnitContext] Fetching unit data for id: mock-unit-1
[90mstdout[2m | src/components/VocabularyReview2.stories.tsx[2m > [22m[2mLarge List
[22m[39m[Mock Data] generateClient() called - returning mock client
[90mstdout[2m | src/components/VocabularyReview2.stories.tsx[2m > [22m[2mLarge List
[22m[39m[Mock amplifyClient] getAmplifyClient() called - returning mock client
[90mstdout[2m | src/components/VocabularyReview2.stories.tsx[2m > [22m[2mLarge List
[22m[39m[Mock Data] Unit.observeQuery() called with filter: {
  "filter": {
    "id": {
      "eq": "mock-unit-1",
    },
  },
}
[90mstdout[2m | src/components/VocabularyReview2.stories.tsx[2m > [22m[2mLarge List
[22m[39m[Mock Data] Unit.observeQuery() applying filter: {
  "id": {
    "eq": "mock-unit-1",
  },
}
[90mstdout[2m | src/components/VocabularyReview2.stories.tsx[2m > [22m[2mLarge List
[22m[39m[Mock Data] Unit.observeQuery() items before filter: 0
[90mstdout[2m | src/components/VocabularyReview2.stories.tsx[2m > [22m[2mLarge List
[22m[39m[Mock Data] Unit.observeQuery() items after filter: 0
[90mstdout[2m | src/components/VocabularyReview2.stories.tsx[2m > [22m[2mLarge List
[22m[39m[Mock Data] Unit.observeQuery() returning 0 items (filter applied) {
  "filter": {
    "id": {
      "eq": "mock-unit-1",
    },
  },
}
[90mstdout[2m | src/components/VocabularyReview2.stories.tsx[2m > [22m[2mLarge List
[22m[39m[Mock Data] Unit subscription added. Total subscriptions: 1
[90mstdout[2m | src/components/VocabularyReview2.stories.tsx[2m > [22m[2mLarge List
[22m[39m[Mock Data] generateClient() called - returning mock client
[90mstdout[2m | src/components/VocabularyReview2.stories.tsx[2m > [22m[2mLarge List
[22m[39m[Mock amplifyClient] getAmplifyClient() called - returning mock client
[90mstdout[2m | src/components/VocabularyReview2.stories.tsx[2m > [22m[2mLarge List
[22m[39m[Mock Data] Word.observeQuery() called with filter: undefined
[90mstdout[2m | src/components/VocabularyReview2.stories.tsx[2m > [22m[2mLarge List
[22m[39m[Mock Data] Word.observeQuery() returning 0 items (filter applied) undefined
[90mstdout[2m | src/components/VocabularyReview2.stories.tsx[2m > [22m[2mLarge List
[22m[39m[Mock Data] Word subscription added. Total subscriptions: 1
[90mstdout[2m | src/components/VocabularyReview2.stories.tsx[2m > [22m[2mLarge List
[22m[39m[Mock Data] generateClient() called - returning mock client
[90mstdout[2m | src/components/VocabularyReview2.stories.tsx[2m > [22m[2mLarge List
[22m[39m[Mock amplifyClient] getAmplifyClient() called - returning mock client
[90mstdout[2m | src/components/VocabularyReview2.stories.tsx[2m > [22m[2mLarge List
[22m[39m[Mock Data] Question.observeQuery() called with filter: undefined
[90mstdout[2m | src/components/VocabularyReview2.stories.tsx[2m > [22m[2mLarge List
[22m[39m[Mock Data] Question.observeQuery() returning 0 items (filter applied) undefined
[90mstdout[2m | src/components/VocabularyReview2.stories.tsx[2m > [22m[2mLarge List
[22m[39m[Mock Data] Question subscription added. Total subscriptions: 1
[90mstdout[2m | src/components/VocabularyReview2.stories.tsx[2m > [22m[2mLarge List
[22m[39m[FilesContext] Initializing vector store from IndexedDB
[90mstdout[2m | src/components/VocabularyReview2.stories.tsx[2m > [22m[2mLarge List
[22m[39m[FilesContext] fetchFiles called
[90mstdout[2m | src/components/VocabularyReview2.stories.tsx[2m > [22m[2mLarge List
[22m[39m[FilesContext] User authenticated: mock-user-sub
[90mstdout[2m | src/components/VocabularyReview2.stories.tsx[2m > [22m[2mLarge List
[22m[39m[FilesContext] Identity ID: us-east-1:mock-identity-123
[90mstdout[2m | src/components/VocabularyReview2.stories.tsx[2m > [22m[2mLarge List
[22m[39m[FilesContext] About to subscribe to File model
[90mstdout[2m | src/components/VocabularyReview2.stories.tsx[2m > [22m[2mLarge List
[22m[39m[Mock Data] generateClient() called - returning mock client
[90mstdout[2m | src/components/VocabularyReview2.stories.tsx[2m > [22m[2mLarge List
[22m[39m[Mock amplifyClient] getAmplifyClient() called - returning mock client
[90mstdout[2m | src/components/VocabularyReview2.stories.tsx[2m > [22m[2mLarge List
[22m[39m[Mock Data] File.observeQuery() called with filter: undefined
[90mstdout[2m | src/components/VocabularyReview2.stories.tsx[2m > [22m[2mLarge List
[22m[39m[Mock Data] File.observeQuery() returning 0 items (filter applied) undefined
[90mstdout[2m | src/components/VocabularyReview2.stories.tsx[2m > [22m[2mLarge List
[22m[39m[Mock Data] File subscription added. Total subscriptions: 1
[90mstdout[2m | src/components/VocabularyReview2.stories.tsx[2m > [22m[2mLarge List
[22m[39m[Mock Data] generateClient() called - returning mock client
[90mstdout[2m | src/components/VocabularyReview2.stories.tsx[2m > [22m[2mLarge List
[22m[39m[Mock amplifyClient] getAmplifyClient() called - returning mock client
[90mstdout[2m | src/components/VocabularyReview2.stories.tsx[2m > [22m[2mLarge List
[22m[39m[Mock Data] Document.observeQuery() called with filter: undefined
[90mstdout[2m | src/components/VocabularyReview2.stories.tsx[2m > [22m[2mLarge List
[22m[39m[Mock Data] Document.observeQuery() returning 1 items (filter applied) undefined
[90mstdout[2m | src/components/VocabularyReview2.stories.tsx[2m > [22m[2mLarge List
[22m[39m[Mock Data] Document subscription added. Total subscriptions: 1
[90mstdout[2m | src/components/VocabularyReview2.stories.tsx[2m > [22m[2mLarge List
[22m[39m[ChatContext] Setting up observeQuery for AssistantChat
[90mstdout[2m | src/components/VocabularyReview2.stories.tsx[2m > [22m[2mLarge List
[22m[39m[Mock Data] AssistantChat.observeQuery() called with filter: {
  "sortDirection": "DESC",
  "sortField": "createdAt",
}
[90mstdout[2m | src/components/VocabularyReview2.stories.tsx[2m > [22m[2mLarge List
[22m[39m[Mock Data] AssistantChat.observeQuery() returning 0 items (filter applied) {
  "sortDirection": "DESC",
  "sortField": "createdAt",
}
[90mstdout[2m | src/components/VocabularyReview2.stories.tsx[2m > [22m[2mLarge List
[22m[39m[Mock Data] AssistantChat subscription added. Total subscriptions: 1
[90mstdout[2m | src/components/VocabularyReview2.stories.tsx[2m > [22m[2mLarge List
[22m[39m[ChatContext] Waiting for subscription to initialize
[90mstdout[2m | src/components/VocabularyReview2.stories.tsx[2m > [22m[2mLarge List
[22m[39m[SettingsContext] Setting up Settings subscription for user: mock-user-sub
[90mstdout[2m | src/components/VocabularyReview2.stories.tsx[2m > [22m[2mLarge List
[22m[39m[Mock Data] generateClient() called - returning mock client
[90mstdout[2m | src/components/VocabularyReview2.stories.tsx[2m > [22m[2mLarge List
[22m[39m[Mock amplifyClient] getAmplifyClient() called - returning mock client
[90mstdout[2m | src/components/VocabularyReview2.stories.tsx[2m > [22m[2mLarge List
[22m[39m[Mock Data] Settings.observeQuery() called with filter: undefined
[90mstdout[2m | src/components/VocabularyReview2.stories.tsx[2m > [22m[2mLarge List
[22m[39m[Mock Data] Settings.observeQuery() returning 0 items (filter applied) undefined
[90mstdout[2m | src/components/VocabularyReview2.stories.tsx[2m > [22m[2mLarge List
[22m[39m[Mock Data] Settings subscription added. Total subscriptions: 1
[90mstdout[2m | src/components/VocabularyReview2.stories.tsx[2m > [22m[2mLarge List
[22m[39m[SectionContext] Initial sections: 0 []
[90mstdout[2m | src/components/VocabularyReview2.stories.tsx[2m > [22m[2mLarge List
[22m[39m[Mock Data] Section.onCreate() called with filter: undefined
[90mstdout[2m | src/components/VocabularyReview2.stories.tsx[2m > [22m[2mLarge List
[22m[39m[Mock Data] Section.onCreate() subscription added. Total: 1
[90mstdout[2m | src/components/VocabularyReview2.stories.tsx[2m > [22m[2mLarge List
[22m[39m[Mock Data] Section.onUpdate() called with filter: undefined
[90mstdout[2m | src/components/VocabularyReview2.stories.tsx[2m > [22m[2mLarge List
[22m[39m[Mock Data] Section.onUpdate() subscription added. Total: 1
[90mstdout[2m | src/components/VocabularyReview2.stories.tsx[2m > [22m[2mLarge List
[22m[39m[Mock Data] Section.onDelete() called with filter: undefined
[90mstdout[2m | src/components/VocabularyReview2.stories.tsx[2m > [22m[2mLarge List
[22m[39m[Mock Data] Section.onDelete() subscription added. Total: 1
[90mstdout[2m | src/components/VocabularyReview2.stories.tsx[2m > [22m[2mLarge List
[22m[39m[Mock Data] Assignment.onCreate() called with filter: {
  "filter": {
    "unitID": {
      "eq": "mock-unit-1",
    },
  },
}
[90mstdout[2m | src/components/VocabularyReview2.stories.tsx[2m > [22m[2mLarge List
[22m[39m[Mock Data] Assignment.onCreate() subscription added. Total: 1
[90mstdout[2m | src/components/VocabularyReview2.stories.tsx[2m > [22m[2mLarge List
[22m[39m[Mock Data] Assignment.onUpdate() called with filter: {
  "filter": {
    "unitID": {
      "eq": "mock-unit-1",
    },
  },
}
[90mstdout[2m | src/components/VocabularyReview2.stories.tsx[2m > [22m[2mLarge List
[22m[39m[Mock Data] Assignment.onUpdate() subscription added. Total: 1
[90mstdout[2m | src/components/VocabularyReview2.stories.tsx[2m > [22m[2mLarge List
[22m[39m[Mock Data] Assignment.onDelete() called with filter: {
  "filter": {
    "unitID": {
      "eq": "mock-unit-1",
    },
  },
}
[90mstdout[2m | src/components/VocabularyReview2.stories.tsx[2m > [22m[2mLarge List
[22m[39m[Mock Data] Assignment.onDelete() subscription added. Total: 1
[90mstdout[2m | src/components/VocabularyReview2.stories.tsx[2m > [22m[2mLarge List
[22m[39m[FilesContext] File observeQuery subscription triggered:
[90mstdout[2m | src/components/VocabularyReview2.stories.tsx[2m > [22m[2mLarge List
[22m[39m  - items.length: 0
[90mstdout[2m | src/components/VocabularyReview2.stories.tsx[2m > [22m[2mLarge List
[22m[39m  - isSynced: true
[90mstdout[2m | src/components/VocabularyReview2.stories.tsx[2m > [22m[2mLarge List
[22m[39m  - items: []
[90mstdout[2m | src/components/VocabularyReview2.stories.tsx[2m > [22m[2mLarge List
[22m[39m[FilesContext] Document count changed: 0 → 1
[90mstdout[2m | src/components/VocabularyReview2.stories.tsx[2m > [22m[2mLarge List
[22m[39m[ChatContext] AssistantChat query update: 0 items (synced)
[90mstdout[2m | src/components/VocabularyReview2.stories.tsx[2m > [22m[2mLarge List
[22m[39m[ChatContext] AssistantChat subscription initialized
[90mstdout[2m | src/components/VocabularyReview2.stories.tsx[2m > [22m[2mLarge List
[22m[39m[ChatContext] AssistantChat list updated: 0 chats
[90mstdout[2m | src/components/VocabularyReview2.stories.tsx[2m > [22m[2mLarge List
[22m[39m[ChatContext] No chats found, clearing current chat - new one will be created
[90mstdout[2m | src/components/VocabularyReview2.stories.tsx[2m > [22m[2mLarge List
[22m[39m[MOCK CourseVectorStore] Initialized with mock data
[90mstdout[2m | src/components/VocabularyReview2.stories.tsx[2m > [22m[2mLarge List
[22m[39m[useTranslationWithCapture] t() called: {
  "key": "vocabularyReview.loading",
  "mode": "off",
  "namespace": "components",
  "value": "Loading",
}
[90mstdout[2m | src/components/VocabularyReview2.stories.tsx[2m > [22m[2mLarge List
[22m[39m[Mock Data] Settings.create() called with: {
  "assistantVoice": "shimmer",
  "autoAnalyzeDocuments": true,
  "defaultAIModel": "gpt-4",
  "documentAnalysisModel": "gpt-4",
  "editorFontSize": 14,
  "editorTheme": "auto",
  "emailNotifications": true,
  "language": "en",
  "webhookNotifications": false,
}
[90mstdout[2m | src/components/VocabularyReview2.stories.tsx[2m > [22m[2mLarge List
[22m[39m[Mock Data] Settings created: mock-settings-1776336996793 - notified 1 subscribers
[90mstdout[2m | src/components/VocabularyReview2.stories.tsx[2m > [22m[2mLarge List
[22m[39m[Mock Data] generateClient() called - returning mock client
[90mstdout[2m | src/components/VocabularyReview2.stories.tsx[2m > [22m[2mLarge List
[22m[39m[Mock amplifyClient] getAmplifyClient() called - returning mock client
[90mstdout[2m | src/components/VocabularyReview2.stories.tsx[2m > [22m[2mLarge List
[22m[39m[Mock Data] Document.get() called with id: mock-doc-large
[90mstdout[2m | src/components/VocabularyReview2.stories.tsx[2m > [22m[2mLarge List
[22m[39m[VocabularyReview2] Setting up ParsedContent subscription for user: undefined
[90mstdout[2m | src/components/VocabularyReview2.stories.tsx[2m > [22m[2mLarge List
[22m[39m[Mock Data] generateClient() called - returning mock client
[90mstdout[2m | src/components/VocabularyReview2.stories.tsx[2m > [22m[2mLarge List
[22m[39m[Mock amplifyClient] getAmplifyClient() called - returning mock client
[90mstdout[2m | src/components/VocabularyReview2.stories.tsx[2m > [22m[2mLarge List
[22m[39m[Mock Data] ParsedContent.observeQuery() called with filter: undefined
[90mstdout[2m | src/components/VocabularyReview2.stories.tsx[2m > [22m[2mLarge List
[22m[39m[Mock Data] ParsedContent.observeQuery() returning 1 items (filter applied) undefined
[90mstdout[2m | src/components/VocabularyReview2.stories.tsx[2m > [22m[2mLarge List
[22m[39m[Mock Data] ParsedContent subscription added. Total subscriptions: 1
[90mstdout[2m | src/components/VocabularyReview2.stories.tsx[2m > [22m[2mLarge List
[22m[39m[ChatContext] No current chat available, will create one
[90mstdout[2m | src/components/VocabularyReview2.stories.tsx[2m > [22m[2mLarge List
[22m[39m[ChatContext] Creating AssistantChat with user: undefined
[90mstdout[2m | src/components/VocabularyReview2.stories.tsx[2m > [22m[2mLarge List
[22m[39m[Mock Data] AssistantChat.create() called with: {
  "archived": false,
  "model": "gpt-4",
}
[90mstdout[2m | src/components/VocabularyReview2.stories.tsx[2m > [22m[2mLarge List
[22m[39m[Mock Data] AssistantChat created: mock-assistantchat-1776336996801 - notified 1 subscribers
[90mstdout[2m | src/components/VocabularyReview2.stories.tsx[2m > [22m[2mLarge List
[22m[39m[Mock Data] ParsedContent.list() called with options: {
  "filter": {
    "documentID": {
      "eq": "mock-doc-large",
    },
  },
}
[90mstdout[2m | src/components/VocabularyReview2.stories.tsx[2m > [22m[2mLarge List
[22m[39m[ChatContext] Create result: {
  "data": {
    "_version": 1,
    "archived": false,
    "chatFiles": [Function anonymous],
    "createdAt": "2026-04-16T10:56:36.801Z",
    "id": "mock-assistantchat-1776336996801",
    "model": "gpt-4",
    "updatedAt": "2026-04-16T10:56:36.801Z",
  },
  "errors": [],
  "hasData": true,
  "hasErrors": true,
}
[90mstdout[2m | src/components/VocabularyReview2.stories.tsx[2m > [22m[2mLarge List
[22m[39m[ChatContext] Created AssistantChat: mock-assistantchat-1776336996801 at: 2026-04-16T10:56:36.801Z
[90mstdout[2m | src/components/VocabularyReview2.stories.tsx[2m > [22m[2mLarge List
[22m[39m[ChatContext] AssistantChat query update: 1 items (synced)
[90mstdout[2m | src/components/VocabularyReview2.stories.tsx[2m > [22m[2mLarge List
[22m[39m[ChatContext] First item details: {
  "id": "mock-assistantchat-1776336996801",
  "updatedAt": "2026-04-16T10:56:36.801Z",
}
[90mstdout[2m | src/components/VocabularyReview2.stories.tsx[2m > [22m[2mLarge List
[22m[39m[ChatContext] AssistantChat list updated: 1 chats
[90mstdout[2m | src/components/VocabularyReview2.stories.tsx[2m > [22m[2mLarge List
[22m[39m[ChatContext] Setting initial chat: mock-assistantchat-1776336996801
[90mstdout[2m | src/components/VocabularyReview2.stories.tsx[2m > [22m[2mLarge List
[22m[39m[useTranslationWithCapture] t() called: {
  "key": "vocabularyReview.sectionHeading",
  "mode": "off",
  "namespace": "components",
  "value": "Vocabulary Review",
}
[90mstdout[2m | src/components/VocabularyReview2.stories.tsx[2m > [22m[2mLarge List
[22m[39m[useTranslationWithCapture] t() called: {
  "key": "vocabularyReview.from",
  "mode": "off",
  "namespace": "components",
  "value": "From",
}
[90mstdout[2m | src/components/VocabularyReview2.stories.tsx[2m > [22m[2mLarge List
[22m[39m[useTranslationWithCapture] t() called: {
  "key": "vocabularyReview.pages",
  "mode": "off",
  "namespace": "components",
  "value": "Pages",
}
[90mstdout[2m | src/components/VocabularyReview2.stories.tsx[2m > [22m[2mLarge List
[22m[39m[useTranslationWithCapture] t() called: {
  "key": "vocabularyReview.deselectAll",
  "mode": "off",
  "namespace": "components",
  "value": "Deselect All",
}
[90mstdout[2m | src/components/VocabularyReview2.stories.tsx[2m > [22m[2mLarge List
[22m[39m[useTranslationWithCapture] t() called: {
  "key": "vocabularyReview.selectedCount",
  "mode": "off",
  "namespace": "components",
  "value": "Selected Count",
}
[90mstdout[2m | src/components/VocabularyReview2.stories.tsx[2m > [22m[2mLarge List
[22m[39m[useTranslationWithCapture] t() called: {
  "key": "vocabularyReview.importToDictionary",
  "mode": "off",
  "namespace": "components",
  "value": "Import To Dictionary",
}
[90mstdout[2m | src/components/VocabularyReview2.stories.tsx[2m > [22m[2mLarge List
[22m[39m[ChatContext] Chat exists and not archived, skipping creation
[90mstdout[2m | src/components/VocabularyReview2.stories.tsx[2m > [22m[2mLarge List
[22m[39m[useTranslationWithCapture] t() called: {
  "key": "vocabularyReview.sectionHeading",
  "mode": "off",
  "namespace": "components",
  "value": "Vocabulary Review",
}
[90mstdout[2m | src/components/VocabularyReview2.stories.tsx[2m > [22m[2mLarge List
[22m[39m[useTranslationWithCapture] t() called: {
  "key": "vocabularyReview.from",
  "mode": "off",
  "namespace": "components",
  "value": "From",
}
[90mstdout[2m | src/components/VocabularyReview2.stories.tsx[2m > [22m[2mLarge List
[22m[39m[useTranslationWithCapture] t() called: {
  "key": "vocabularyReview.pages",
  "mode": "off",
  "namespace": "components",
  "value": "Pages",
}
[90mstdout[2m | src/components/VocabularyReview2.stories.tsx[2m > [22m[2mLarge List
[22m[39m[useTranslationWithCapture] t() called: {
  "key": "vocabularyReview.deselectAll",
  "mode": "off",
  "namespace": "components",
  "value": "Deselect All",
}
[90mstdout[2m | src/components/VocabularyReview2.stories.tsx[2m > [22m[2mLarge List
[22m[39m[useTranslationWithCapture] t() called: {
  "key": "vocabularyReview.selectedCount",
  "mode": "off",
  "namespace": "components",
  "value": "Selected Count",
}
[90mstdout[2m | src/components/VocabularyReview2.stories.tsx[2m > [22m[2mLarge List
[22m[39m[useTranslationWithCapture] t() called: {
  "key": "vocabularyReview.importToDictionary",
  "mode": "off",
  "namespace": "components",
  "value": "Import To Dictionary",
}
[90mstdout[2m | src/components/VocabularyReview2.stories.tsx[2m > [22m[2mLarge List
[22m[39m[useTranslationWithCapture] t() called: {
  "key": "vocabularyReview.sectionHeading",
  "mode": "off",
  "namespace": "components",
  "value": "Vocabulary Review",
}
[90mstdout[2m | src/components/VocabularyReview2.stories.tsx[2m > [22m[2mLarge List
[22m[39m[useTranslationWithCapture] t() called: {
  "key": "vocabularyReview.from",
  "mode": "off",
  "namespace": "components",
  "value": "From",
}
[90mstdout[2m | src/components/VocabularyReview2.stories.tsx[2m > [22m[2mLarge List
[22m[39m[useTranslationWithCapture] t() called: {
  "key": "vocabularyReview.pages",
  "mode": "off",
  "namespace": "components",
  "value": "Pages",
}
[90mstdout[2m | src/components/VocabularyReview2.stories.tsx[2m > [22m[2mLarge List
[22m[39m[useTranslationWithCapture] t() called: {
  "key": "vocabularyReview.deselectAll",
  "mode": "off",
  "namespace": "components",
  "value": "Deselect All",
}
[90mstdout[2m | src/components/VocabularyReview2.stories.tsx[2m > [22m[2mLarge List
[22m[39m[useTranslationWithCapture] t() called: {
  "key": "vocabularyReview.selectedCount",
  "mode": "off",
  "namespace": "components",
  "value": "Selected Count",
}
[90mstdout[2m | src/components/VocabularyReview2.stories.tsx[2m > [22m[2mLarge List
[22m[39m[useTranslationWithCapture] t() called: {
  "key": "vocabularyReview.importToDictionary",
  "mode": "off",
  "namespace": "components",
  "value": "Import To Dictionary",
}
[90mstdout[2m | src/components/VocabularyReview2.stories.tsx[2m > [22m[2mLarge List
[22m[39m[Mock Data] generateClient() called - returning mock client
[90mstdout[2m | src/components/VocabularyReview2.stories.tsx[2m > [22m[2mLarge List
[22m[39m[Mock amplifyClient] getAmplifyClient() called - returning mock client
[90mstdout[2m | src/components/VocabularyReview2.stories.tsx[2m > [22m[2mLarge List
[22m[39m[Mock Data] Document.get() called with id: mock-doc-large
[90mstdout[2m | src/components/VocabularyReview2.stories.tsx[2m > [22m[2mLarge List
[22m[39m[Mock Data] ParsedContent.list() called with options: {
  "filter": {
    "documentID": {
      "eq": "mock-doc-large",
    },
  },
}
[90mstdout[2m | src/components/VocabularyReview2.stories.tsx[2m > [22m[2mLarge List
[22m[39m[useTranslationWithCapture] t() called: {
  "key": "vocabularyReview.sectionHeading",
  "mode": "off",
  "namespace": "components",
  "value": "Vocabulary Review",
}
[90mstdout[2m | src/components/VocabularyReview2.stories.tsx[2m > [22m[2mLarge List
[22m[39m[useTranslationWithCapture] t() called: {
  "key": "vocabularyReview.from",
  "mode": "off",
  "namespace": "components",
  "value": "From",
}
[90mstdout[2m | src/components/VocabularyReview2.stories.tsx[2m > [22m[2mLarge List
[22m[39m[useTranslationWithCapture] t() called: {
  "key": "vocabularyReview.pages",
  "mode": "off",
  "namespace": "components",
  "value": "Pages",
}
[90mstdout[2m | src/components/VocabularyReview2.stories.tsx[2m > [22m[2mLarge List
[22m[39m[useTranslationWithCapture] t() called: {
  "key": "vocabularyReview.deselectAll",
  "mode": "off",
  "namespace": "components",
  "value": "Deselect All",
}
[90mstdout[2m | src/components/VocabularyReview2.stories.tsx[2m > [22m[2mLarge List
[22m[39m[useTranslationWithCapture] t() called: {
  "key": "vocabularyReview.selectedCount",
  "mode": "off",
  "namespace": "components",
  "value": "Selected Count",
}
[90mstdout[2m | src/components/VocabularyReview2.stories.tsx[2m > [22m[2mLarge List
[22m[39m[useTranslationWithCapture] t() called: {
  "key": "vocabularyReview.importToDictionary",
  "mode": "off",
  "namespace": "components",
  "value": "Import To Dictionary",
}
[90mstdout[2m | src/components/VocabularyReview2.stories.tsx[2m > [22m[2mAlready Imported
[22m[39m[Mock Data] Settings subscription unsubscribed. Remaining: 0
[90mstdout[2m | src/components/VocabularyReview2.stories.tsx[2m > [22m[2mAlready Imported
[22m[39m[ChatContext] Cleaning up subscription
[90mstdout[2m | src/components/VocabularyReview2.stories.tsx[2m > [22m[2mAlready Imported
[22m[39m[Mock Data] AssistantChat subscription unsubscribed. Remaining: 0
[90mstdout[2m | src/components/VocabularyReview2.stories.tsx[2m > [22m[2mAlready Imported
[22m[39m[Mock Data] File subscription unsubscribed. Remaining: 0
[90mstdout[2m | src/components/VocabularyReview2.stories.tsx[2m > [22m[2mAlready Imported
[22m[39m[Mock Data] Document subscription unsubscribed. Remaining: 0
[90mstdout[2m | src/components/VocabularyReview2.stories.tsx[2m > [22m[2mAlready Imported
[22m[39m[Mock Data] Word subscription unsubscribed. Remaining: 0
[90mstdout[2m | src/components/VocabularyReview2.stories.tsx[2m > [22m[2mAlready Imported
[22m[39m[Mock Data] Question subscription unsubscribed. Remaining: 0
[90mstdout[2m | src/components/VocabularyReview2.stories.tsx[2m > [22m[2mAlready Imported
[22m[39m[Mock Data] Grade subscription unsubscribed. Remaining: 0
[90mstdout[2m | src/components/VocabularyReview2.stories.tsx[2m > [22m[2mAlready Imported
[22m[39m[Mock Data] Unit subscription unsubscribed. Remaining: 0
[90mstdout[2m | src/components/VocabularyReview2.stories.tsx[2m > [22m[2mAlready Imported
[22m[39m[SectionContext] Cleaning up subscriptions
[90mstdout[2m | src/components/VocabularyReview2.stories.tsx[2m > [22m[2mAlready Imported
[22m[39m[Mock Data] Section.onCreate() subscription removed. Remaining: 0
[90mstdout[2m | src/components/VocabularyReview2.stories.tsx[2m > [22m[2mAlready Imported
[22m[39m[Mock Data] Section.onUpdate() subscription removed. Remaining: 0
[90mstdout[2m | src/components/VocabularyReview2.stories.tsx[2m > [22m[2mAlready Imported
[22m[39m[Mock Data] Section.onDelete() subscription removed. Remaining: 0
[90mstdout[2m | src/components/VocabularyReview2.stories.tsx[2m > [22m[2mAlready Imported
[22m[39m[Mock Data] Assignment.onCreate() subscription removed. Remaining: 0
[90mstdout[2m | src/components/VocabularyReview2.stories.tsx[2m > [22m[2mAlready Imported
[22m[39m[Mock Data] Assignment.onUpdate() subscription removed. Remaining: 0
[90mstdout[2m | src/components/VocabularyReview2.stories.tsx[2m > [22m[2mAlready Imported
[22m[39m[Mock Data] Assignment.onDelete() subscription removed. Remaining: 0
[90mstdout[2m | src/components/VocabularyReview2.stories.tsx[2m > [22m[2mAlready Imported
[22m[39m[Mock Data] ParsedContent subscription unsubscribed. Remaining: 0
[90mstdout[2m | src/components/VocabularyReview2.stories.tsx[2m > [22m[2mAlready Imported
[22m[39m[Mock Data] Clearing all data stores
[90mstdout[2m | src/components/VocabularyReview2.stories.tsx[2m > [22m[2mAlready Imported
[22m[39m[Mock Data] All data stores cleared
[90mstdout[2m | src/components/VocabularyReview2.stories.tsx[2m > [22m[2mAlready Imported
[22m[39m[Preview] Cleared mock data for story
[90mstdout[2m | src/components/VocabularyReview2.stories.tsx[2m > [22m[2mAlready Imported
[22m[39m[Preview] Skipped initializing default mock data (initializeMockData=false)
[90mstdout[2m | src/components/VocabularyReview2.stories.tsx[2m > [22m[2mAlready Imported
[22m[39m[Mock Data] seedMockDocuments: Adding 1 documents
[90mstdout[2m | src/components/VocabularyReview2.stories.tsx[2m > [22m[2mAlready Imported
[22m[39m[Mock Data] seedMockParsedContent: Adding 1 parsed content records
[90mstdout[2m | src/components/VocabularyReview2.stories.tsx[2m > [22m[2mAlready Imported
[22m[39m[Mock AuthContext] Providing auth: {
  "error": undefined,
  "isLoading": false,
  "session": {
    "idToken": {
      "toString": [Function toString],
    },
    "identityId": "us-east-1:mock-identity-123",
    "username": "mock-user-sub",
  },
  "user": {
    "attributes": {
      "email": "alice@example.com",
      "name": "Alice Student",
      "sub": "mock-user-sub",
    },
  },
}
[90mstdout[2m | src/components/VocabularyReview2.stories.tsx[2m > [22m[2mAlready Imported
[22m[39m[Mock Data] generateClient() called - returning mock client
[90mstdout[2m | src/components/VocabularyReview2.stories.tsx[2m > [22m[2mAlready Imported
[22m[39m[Mock amplifyClient] getAmplifyClient() called - returning mock client
[90mstdout[2m | src/components/VocabularyReview2.stories.tsx[2m > [22m[2mAlready Imported
[22m[39m[MOCK CourseVectorStore] Initialized with mock data
[90mstdout[2m | src/components/VocabularyReview2.stories.tsx[2m > [22m[2mAlready Imported
[22m[39m[TranslationModeController] Setting mode to: off
[90mstdout[2m | src/components/VocabularyReview2.stories.tsx[2m > [22m[2mAlready Imported
[22m[39m[SectionContext] useEffect triggered {
  "authLoading": false,
  "hasUser": true,
  "userSub": "mock-user-sub",
}
[90mstdout[2m | src/components/VocabularyReview2.stories.tsx[2m > [22m[2mAlready Imported
[22m[39m[SectionContext] Fetching sections for userId: mock-user-sub
[90mstdout[2m | src/components/VocabularyReview2.stories.tsx[2m > [22m[2mAlready Imported
[22m[39m[Mock Data] generateClient() called - returning mock client
[90mstdout[2m | src/components/VocabularyReview2.stories.tsx[2m > [22m[2mAlready Imported
[22m[39m[Mock amplifyClient] getAmplifyClient() called - returning mock client
[90mstdout[2m | src/components/VocabularyReview2.stories.tsx[2m > [22m[2mAlready Imported
[22m[39m[Mock Data] Section.list() called with options: undefined
[90mstdout[2m | src/components/VocabularyReview2.stories.tsx[2m > [22m[2mAlready Imported
[22m[39m[Mock Data] generateClient() called - returning mock client
[90mstdout[2m | src/components/VocabularyReview2.stories.tsx[2m > [22m[2mAlready Imported
[22m[39m[Mock amplifyClient] getAmplifyClient() called - returning mock client
[90mstdout[2m | src/components/VocabularyReview2.stories.tsx[2m > [22m[2mAlready Imported
[22m[39m[Mock Data] Assignment.list() called with options: {
  "filter": {
    "unitID": {
      "eq": "mock-unit-1",
    },
  },
}
[90mstdout[2m | src/components/VocabularyReview2.stories.tsx[2m > [22m[2mAlready Imported
[22m[39m[Mock Data] generateClient() called - returning mock client
[90mstdout[2m | src/components/VocabularyReview2.stories.tsx[2m > [22m[2mAlready Imported
[22m[39m[Mock amplifyClient] getAmplifyClient() called - returning mock client
[90mstdout[2m | src/components/VocabularyReview2.stories.tsx[2m > [22m[2mAlready Imported
[22m[39m[Mock Data] Grade.observeQuery() called with filter: {
  "filter": {
    "unitID": {
      "eq": "mock-unit-1",
    },
  },
}
[90mstdout[2m | src/components/VocabularyReview2.stories.tsx[2m > [22m[2mAlready Imported
[22m[39m[Mock Data] Grade.observeQuery() applying filter: {
  "unitID": {
    "eq": "mock-unit-1",
  },
}
[90mstdout[2m | src/components/VocabularyReview2.stories.tsx[2m > [22m[2mAlready Imported
[22m[39m[Mock Data] Grade.observeQuery() items before filter: 0
[90mstdout[2m | src/components/VocabularyReview2.stories.tsx[2m > [22m[2mAlready Imported
[22m[39m[Mock Data] Grade.observeQuery() items after filter: 0
[90mstdout[2m | src/components/VocabularyReview2.stories.tsx[2m > [22m[2mAlready Imported
[22m[39m[Mock Data] Grade.observeQuery() returning 0 items (filter applied) {
  "filter": {
    "unitID": {
      "eq": "mock-unit-1",
    },
  },
}
[90mstdout[2m | src/components/VocabularyReview2.stories.tsx[2m > [22m[2mAlready Imported
[22m[39m[Mock Data] Grade subscription added. Total subscriptions: 1
[90mstdout[2m | src/components/VocabularyReview2.stories.tsx[2m > [22m[2mAlready Imported
[22m[39m[UnitContext] useEffect triggered {
  "authLoading": false,
  "hasUser": true,
  "id": "mock-unit-1",
  "userSub": "mock-user-sub",
}
[90mstdout[2m | src/components/VocabularyReview2.stories.tsx[2m > [22m[2mAlready Imported
[22m[39m[UnitContext] Fetching unit data for id: mock-unit-1
[90mstdout[2m | src/components/VocabularyReview2.stories.tsx[2m > [22m[2mAlready Imported
[22m[39m[Mock Data] generateClient() called - returning mock client
[90mstdout[2m | src/components/VocabularyReview2.stories.tsx[2m > [22m[2mAlready Imported
[22m[39m[Mock amplifyClient] getAmplifyClient() called - returning mock client
[90mstdout[2m | src/components/VocabularyReview2.stories.tsx[2m > [22m[2mAlready Imported
[22m[39m[Mock Data] Unit.observeQuery() called with filter: {
  "filter": {
    "id": {
      "eq": "mock-unit-1",
    },
  },
}
[90mstdout[2m | src/components/VocabularyReview2.stories.tsx[2m > [22m[2mAlready Imported
[22m[39m[Mock Data] Unit.observeQuery() applying filter: {
  "id": {
    "eq": "mock-unit-1",
  },
}
[90mstdout[2m | src/components/VocabularyReview2.stories.tsx[2m > [22m[2mAlready Imported
[22m[39m[Mock Data] Unit.observeQuery() items before filter: 0
[90mstdout[2m | src/components/VocabularyReview2.stories.tsx[2m > [22m[2mAlready Imported
[22m[39m[Mock Data] Unit.observeQuery() items after filter: 0
[90mstdout[2m | src/components/VocabularyReview2.stories.tsx[2m > [22m[2mAlready Imported
[22m[39m[Mock Data] Unit.observeQuery() returning 0 items (filter applied) {
  "filter": {
    "id": {
      "eq": "mock-unit-1",
    },
  },
}
[90mstdout[2m | src/components/VocabularyReview2.stories.tsx[2m > [22m[2mAlready Imported
[22m[39m[Mock Data] Unit subscription added. Total subscriptions: 1
[90mstdout[2m | src/components/VocabularyReview2.stories.tsx[2m > [22m[2mAlready Imported
[22m[39m[Mock Data] generateClient() called - returning mock client
[90mstdout[2m | src/components/VocabularyReview2.stories.tsx[2m > [22m[2mAlready Imported
[22m[39m[Mock amplifyClient] getAmplifyClient() called - returning mock client
[90mstdout[2m | src/components/VocabularyReview2.stories.tsx[2m > [22m[2mAlready Imported
[22m[39m[Mock Data] Word.observeQuery() called with filter: undefined
[90mstdout[2m | src/components/VocabularyReview2.stories.tsx[2m > [22m[2mAlready Imported
[22m[39m[Mock Data] Word.observeQuery() returning 0 items (filter applied) undefined
[90mstdout[2m | src/components/VocabularyReview2.stories.tsx[2m > [22m[2mAlready Imported
[22m[39m[Mock Data] Word subscription added. Total subscriptions: 1
[90mstdout[2m | src/components/VocabularyReview2.stories.tsx[2m > [22m[2mAlready Imported
[22m[39m[Mock Data] generateClient() called - returning mock client
[90mstdout[2m | src/components/VocabularyReview2.stories.tsx[2m > [22m[2mAlready Imported
[22m[39m[Mock amplifyClient] getAmplifyClient() called - returning mock client
[90mstdout[2m | src/components/VocabularyReview2.stories.tsx[2m > [22m[2mAlready Imported
[22m[39m[Mock Data] Question.observeQuery() called with filter: undefined
[90mstdout[2m | src/components/VocabularyReview2.stories.tsx[2m > [22m[2mAlready Imported
[22m[39m[Mock Data] Question.observeQuery() returning 0 items (filter applied) undefined
[90mstdout[2m | src/components/VocabularyReview2.stories.tsx[2m > [22m[2mAlready Imported
[22m[39m[Mock Data] Question subscription added. Total subscriptions: 1
[90mstdout[2m | src/components/VocabularyReview2.stories.tsx[2m > [22m[2mAlready Imported
[22m[39m[FilesContext] Initializing vector store from IndexedDB
[90mstdout[2m | src/components/VocabularyReview2.stories.tsx[2m > [22m[2mAlready Imported
[22m[39m[FilesContext] fetchFiles called
[90mstdout[2m | src/components/VocabularyReview2.stories.tsx[2m > [22m[2mAlready Imported
[22m[39m[FilesContext] User authenticated: mock-user-sub
[90mstdout[2m | src/components/VocabularyReview2.stories.tsx[2m > [22m[2mAlready Imported
[22m[39m[FilesContext] Identity ID: us-east-1:mock-identity-123
[90mstdout[2m | src/components/VocabularyReview2.stories.tsx[2m > [22m[2mAlready Imported
[22m[39m[FilesContext] About to subscribe to File model
[90mstdout[2m | src/components/VocabularyReview2.stories.tsx[2m > [22m[2mAlready Imported
[22m[39m[Mock Data] generateClient() called - returning mock client
[90mstdout[2m | src/components/VocabularyReview2.stories.tsx[2m > [22m[2mAlready Imported
[22m[39m[Mock amplifyClient] getAmplifyClient() called - returning mock client
[90mstdout[2m | src/components/VocabularyReview2.stories.tsx[2m > [22m[2mAlready Imported
[22m[39m[Mock Data] File.observeQuery() called with filter: undefined
[90mstdout[2m | src/components/VocabularyReview2.stories.tsx[2m > [22m[2mAlready Imported
[22m[39m[Mock Data] File.observeQuery() returning 0 items (filter applied) undefined
[90mstdout[2m | src/components/VocabularyReview2.stories.tsx[2m > [22m[2mAlready Imported
[22m[39m[Mock Data] File subscription added. Total subscriptions: 1
[90mstdout[2m | src/components/VocabularyReview2.stories.tsx[2m > [22m[2mAlready Imported
[22m[39m[Mock Data] generateClient() called - returning mock client
[90mstdout[2m | src/components/VocabularyReview2.stories.tsx[2m > [22m[2mAlready Imported
[22m[39m[Mock amplifyClient] getAmplifyClient() called - returning mock client
[90mstdout[2m | src/components/VocabularyReview2.stories.tsx[2m > [22m[2mAlready Imported
[22m[39m[Mock Data] Document.observeQuery() called with filter: undefined
[90mstdout[2m | src/components/VocabularyReview2.stories.tsx[2m > [22m[2mAlready Imported
[22m[39m[Mock Data] Document.observeQuery() returning 1 items (filter applied) undefined
[90mstdout[2m | src/components/VocabularyReview2.stories.tsx[2m > [22m[2mAlready Imported
[22m[39m[Mock Data] Document subscription added. Total subscriptions: 1
[90mstdout[2m | src/components/VocabularyReview2.stories.tsx[2m > [22m[2mAlready Imported
[22m[39m[ChatContext] Setting up observeQuery for AssistantChat
[90mstdout[2m | src/components/VocabularyReview2.stories.tsx[2m > [22m[2mAlready Imported
[22m[39m[Mock Data] AssistantChat.observeQuery() called with filter: {
  "sortDirection": "DESC",
  "sortField": "createdAt",
}
[90mstdout[2m | src/components/VocabularyReview2.stories.tsx[2m > [22m[2mAlready Imported
[22m[39m[Mock Data] AssistantChat.observeQuery() returning 0 items (filter applied) {
  "sortDirection": "DESC",
  "sortField": "createdAt",
}
[90mstdout[2m | src/components/VocabularyReview2.stories.tsx[2m > [22m[2mAlready Imported
[22m[39m[Mock Data] AssistantChat subscription added. Total subscriptions: 1
[90mstdout[2m | src/components/VocabularyReview2.stories.tsx[2m > [22m[2mAlready Imported
[22m[39m[ChatContext] Waiting for subscription to initialize
[90mstdout[2m | src/components/VocabularyReview2.stories.tsx[2m > [22m[2mAlready Imported
[22m[39m[SettingsContext] Setting up Settings subscription for user: mock-user-sub
[90mstdout[2m | src/components/VocabularyReview2.stories.tsx[2m > [22m[2mAlready Imported
[22m[39m[Mock Data] generateClient() called - returning mock client
[90mstdout[2m | src/components/VocabularyReview2.stories.tsx[2m > [22m[2mAlready Imported
[22m[39m[Mock amplifyClient] getAmplifyClient() called - returning mock client
[90mstdout[2m | src/components/VocabularyReview2.stories.tsx[2m > [22m[2mAlready Imported
[22m[39m[Mock Data] Settings.observeQuery() called with filter: undefined
[90mstdout[2m | src/components/VocabularyReview2.stories.tsx[2m > [22m[2mAlready Imported
[22m[39m[Mock Data] Settings.observeQuery() returning 0 items (filter applied) undefined
[90mstdout[2m | src/components/VocabularyReview2.stories.tsx[2m > [22m[2mAlready Imported
[22m[39m[Mock Data] Settings subscription added. Total subscriptions: 1
[90mstdout[2m | src/components/VocabularyReview2.stories.tsx[2m > [22m[2mAlready Imported
[22m[39m[SectionContext] Initial sections: 0 []
[90mstdout[2m | src/components/VocabularyReview2.stories.tsx[2m > [22m[2mAlready Imported
[22m[39m[Mock Data] Section.onCreate() called with filter: undefined
[90mstdout[2m | src/components/VocabularyReview2.stories.tsx[2m > [22m[2mAlready Imported
[22m[39m[Mock Data] Section.onCreate() subscription added. Total: 1
[90mstdout[2m | src/components/VocabularyReview2.stories.tsx[2m > [22m[2mAlready Imported
[22m[39m[Mock Data] Section.onUpdate() called with filter: undefined
[90mstdout[2m | src/components/VocabularyReview2.stories.tsx[2m > [22m[2mAlready Imported
[22m[39m[Mock Data] Section.onUpdate() subscription added. Total: 1
[90mstdout[2m | src/components/VocabularyReview2.stories.tsx[2m > [22m[2mAlready Imported
[22m[39m[Mock Data] Section.onDelete() called with filter: undefined
[90mstdout[2m | src/components/VocabularyReview2.stories.tsx[2m > [22m[2mAlready Imported
[22m[39m[Mock Data] Section.onDelete() subscription added. Total: 1
[90mstdout[2m | src/components/VocabularyReview2.stories.tsx[2m > [22m[2mAlready Imported
[22m[39m[Mock Data] Assignment.onCreate() called with filter: {
  "filter": {
    "unitID": {
      "eq": "mock-unit-1",
    },
  },
}
[90mstdout[2m | src/components/VocabularyReview2.stories.tsx[2m > [22m[2mAlready Imported
[22m[39m[Mock Data] Assignment.onCreate() subscription added. Total: 1
[90mstdout[2m | src/components/VocabularyReview2.stories.tsx[2m > [22m[2mAlready Imported
[22m[39m[Mock Data] Assignment.onUpdate() called with filter: {
  "filter": {
    "unitID": {
      "eq": "mock-unit-1",
    },
  },
}
[90mstdout[2m | src/components/VocabularyReview2.stories.tsx[2m > [22m[2mAlready Imported
[22m[39m[Mock Data] Assignment.onUpdate() subscription added. Total: 1
[90mstdout[2m | src/components/VocabularyReview2.stories.tsx[2m > [22m[2mAlready Imported
[22m[39m[Mock Data] Assignment.onDelete() called with filter: {
  "filter": {
    "unitID": {
      "eq": "mock-unit-1",
    },
  },
}
[90mstdout[2m | src/components/VocabularyReview2.stories.tsx[2m > [22m[2mAlready Imported
[22m[39m[Mock Data] Assignment.onDelete() subscription added. Total: 1
[90mstdout[2m | src/components/VocabularyReview2.stories.tsx[2m > [22m[2mAlready Imported
[22m[39m[FilesContext] File observeQuery subscription triggered:
[90mstdout[2m | src/components/VocabularyReview2.stories.tsx[2m > [22m[2mAlready Imported
[22m[39m  - items.length: 0
[90mstdout[2m | src/components/VocabularyReview2.stories.tsx[2m > [22m[2mAlready Imported
[22m[39m  - isSynced: true
[90mstdout[2m | src/components/VocabularyReview2.stories.tsx[2m > [22m[2mAlready Imported
[22m[39m  - items: []
[90mstdout[2m | src/components/VocabularyReview2.stories.tsx[2m > [22m[2mAlready Imported
[22m[39m[FilesContext] Document count changed: 0 → 1
[90mstdout[2m | src/components/VocabularyReview2.stories.tsx[2m > [22m[2mAlready Imported
[22m[39m[ChatContext] AssistantChat query update: 0 items (synced)
[90mstdout[2m | src/components/VocabularyReview2.stories.tsx[2m > [22m[2mAlready Imported
[22m[39m[ChatContext] AssistantChat subscription initialized
[90mstdout[2m | src/components/VocabularyReview2.stories.tsx[2m > [22m[2mAlready Imported
[22m[39m[ChatContext] AssistantChat list updated: 0 chats
[90mstdout[2m | src/components/VocabularyReview2.stories.tsx[2m > [22m[2mAlready Imported
[22m[39m[ChatContext] No chats found, clearing current chat - new one will be created
[90mstdout[2m | src/components/VocabularyReview2.stories.tsx[2m > [22m[2mAlready Imported
[22m[39m[MOCK CourseVectorStore] Initialized with mock data
[90mstdout[2m | src/components/VocabularyReview2.stories.tsx[2m > [22m[2mAlready Imported
[22m[39m[useTranslationWithCapture] t() called: {
  "key": "vocabularyReview.loading",
  "mode": "off",
  "namespace": "components",
  "value": "Loading",
}
[90mstdout[2m | src/components/VocabularyReview2.stories.tsx[2m > [22m[2mAlready Imported
[22m[39m[Mock Data] Settings.create() called with: {
  "assistantVoice": "shimmer",
  "autoAnalyzeDocuments": true,
  "defaultAIModel": "gpt-4",
  "documentAnalysisModel": "gpt-4",
  "editorFontSize": 14,
  "editorTheme": "auto",
  "emailNotifications": true,
  "language": "en",
  "webhookNotifications": false,
}
[90mstdout[2m | src/components/VocabularyReview2.stories.tsx[2m > [22m[2mAlready Imported
[22m[39m[Mock Data] Settings created: mock-settings-1776336997665 - notified 1 subscribers
[90mstdout[2m | src/components/VocabularyReview2.stories.tsx[2m > [22m[2mAlready Imported
[22m[39m[Mock Data] generateClient() called - returning mock client
[90mstdout[2m | src/components/VocabularyReview2.stories.tsx[2m > [22m[2mAlready Imported
[22m[39m[Mock amplifyClient] getAmplifyClient() called - returning mock client
[90mstdout[2m | src/components/VocabularyReview2.stories.tsx[2m > [22m[2mAlready Imported
[22m[39m[Mock Data] Document.get() called with id: mock-doc-imported
[90mstdout[2m | src/components/VocabularyReview2.stories.tsx[2m > [22m[2mAlready Imported
[22m[39m[VocabularyReview2] Setting up ParsedContent subscription for user: undefined
[90mstdout[2m | src/components/VocabularyReview2.stories.tsx[2m > [22m[2mAlready Imported
[22m[39m[Mock Data] generateClient() called - returning mock client
[90mstdout[2m | src/components/VocabularyReview2.stories.tsx[2m > [22m[2mAlready Imported
[22m[39m[Mock amplifyClient] getAmplifyClient() called - returning mock client
[90mstdout[2m | src/components/VocabularyReview2.stories.tsx[2m > [22m[2mAlready Imported
[22m[39m[Mock Data] ParsedContent.observeQuery() called with filter: undefined
[90mstdout[2m | src/components/VocabularyReview2.stories.tsx[2m > [22m[2mAlready Imported
[22m[39m[Mock Data] ParsedContent.observeQuery() returning 1 items (filter applied) undefined
[90mstdout[2m | src/components/VocabularyReview2.stories.tsx[2m > [22m[2mAlready Imported
[22m[39m[Mock Data] ParsedContent subscription added. Total subscriptions: 1
[90mstdout[2m | src/components/VocabularyReview2.stories.tsx[2m > [22m[2mAlready Imported
[22m[39m[ChatContext] No current chat available, will create one
[90mstdout[2m | src/components/VocabularyReview2.stories.tsx[2m > [22m[2mAlready Imported
[22m[39m[ChatContext] Creating AssistantChat with user: undefined
[90mstdout[2m | src/components/VocabularyReview2.stories.tsx[2m > [22m[2mAlready Imported
[22m[39m[Mock Data] AssistantChat.create() called with: {
  "archived": false,
  "model": "gpt-4",
}
[90mstdout[2m | src/components/VocabularyReview2.stories.tsx[2m > [22m[2mAlready Imported
[22m[39m[Mock Data] AssistantChat created: mock-assistantchat-1776336997725 - notified 1 subscribers
[90mstdout[2m | src/components/VocabularyReview2.stories.tsx[2m > [22m[2mAlready Imported
[22m[39m[Mock Data] ParsedContent.list() called with options: {
  "filter": {
    "documentID": {
      "eq": "mock-doc-imported",
    },
  },
}
[90mstdout[2m | src/components/VocabularyReview2.stories.tsx[2m > [22m[2mAlready Imported
[22m[39m[ChatContext] Create result: {
  "data": {
    "_version": 1,
    "archived": false,
    "chatFiles": [Function anonymous],
    "createdAt": "2026-04-16T10:56:37.725Z",
    "id": "mock-assistantchat-1776336997725",
    "model": "gpt-4",
    "updatedAt": "2026-04-16T10:56:37.725Z",
  },
  "errors": [],
  "hasData": true,
  "hasErrors": true,
}
[90mstdout[2m | src/components/VocabularyReview2.stories.tsx[2m > [22m[2mAlready Imported
[22m[39m[ChatContext] Created AssistantChat: mock-assistantchat-1776336997725 at: 2026-04-16T10:56:37.725Z
[90mstdout[2m | src/components/VocabularyReview2.stories.tsx[2m > [22m[2mAlready Imported
[22m[39m[ChatContext] AssistantChat query update: 1 items (synced)
[90mstdout[2m | src/components/VocabularyReview2.stories.tsx[2m > [22m[2mAlready Imported
[22m[39m[ChatContext] First item details: {
  "id": "mock-assistantchat-1776336997725",
  "updatedAt": "2026-04-16T10:56:37.725Z",
}
[90mstdout[2m | src/components/VocabularyReview2.stories.tsx[2m > [22m[2mAlready Imported
[22m[39m[ChatContext] AssistantChat list updated: 1 chats
[90mstdout[2m | src/components/VocabularyReview2.stories.tsx[2m > [22m[2mAlready Imported
[22m[39m[ChatContext] Setting initial chat: mock-assistantchat-1776336997725
[90mstdout[2m | src/components/VocabularyReview2.stories.tsx[2m > [22m[2mAlready Imported
[22m[39m[useTranslationWithCapture] t() called: {
  "key": "vocabularyReview.sectionHeading",
  "mode": "off",
  "namespace": "components",
  "value": "Vocabulary Review",
}
[90mstdout[2m | src/components/VocabularyReview2.stories.tsx[2m > [22m[2mAlready Imported
[22m[39m[useTranslationWithCapture] t() called: {
  "key": "vocabularyReview.from",
  "mode": "off",
  "namespace": "components",
  "value": "From",
}
[90mstdout[2m | src/components/VocabularyReview2.stories.tsx[2m > [22m[2mAlready Imported
[22m[39m[useTranslationWithCapture] t() called: {
  "key": "vocabularyReview.pages",
  "mode": "off",
  "namespace": "components",
  "value": "Pages",
}
[90mstdout[2m | src/components/VocabularyReview2.stories.tsx[2m > [22m[2mAlready Imported
[22m[39m[useTranslationWithCapture] t() called: {
  "key": "vocabularyReview.importedOn",
  "mode": "off",
  "namespace": "components",
  "value": "Imported On",
}
[90mstdout[2m | src/components/VocabularyReview2.stories.tsx[2m > [22m[2mAlready Imported
[22m[39m[ChatContext] Chat exists and not archived, skipping creation
[90mstdout[2m | src/components/VocabularyReview2.stories.tsx[2m > [22m[2mAlready Imported
[22m[39m[useTranslationWithCapture] t() called: {
  "key": "vocabularyReview.sectionHeading",
  "mode": "off",
  "namespace": "components",
  "value": "Vocabulary Review",
}
[90mstdout[2m | src/components/VocabularyReview2.stories.tsx[2m > [22m[2mAlready Imported
[22m[39m[useTranslationWithCapture] t() called: {
  "key": "vocabularyReview.from",
  "mode": "off",
  "namespace": "components",
  "value": "From",
}
[90mstdout[2m | src/components/VocabularyReview2.stories.tsx[2m > [22m[2mAlready Imported
[22m[39m[useTranslationWithCapture] t() called: {
  "key": "vocabularyReview.pages",
  "mode": "off",
  "namespace": "components",
  "value": "Pages",
}
[90mstdout[2m | src/components/VocabularyReview2.stories.tsx[2m > [22m[2mAlready Imported
[22m[39m[useTranslationWithCapture] t() called: {
  "key": "vocabularyReview.importedOn",
  "mode": "off",
  "namespace": "components",
  "value": "Imported On",
}
[90mstdout[2m | src/components/VocabularyReview2.stories.tsx[2m > [22m[2mAlready Imported
[22m[39m[useTranslationWithCapture] t() called: {
  "key": "vocabularyReview.sectionHeading",
  "mode": "off",
  "namespace": "components",
  "value": "Vocabulary Review",
}
[90mstdout[2m | src/components/VocabularyReview2.stories.tsx[2m > [22m[2mAlready Imported
[22m[39m[useTranslationWithCapture] t() called: {
  "key": "vocabularyReview.from",
  "mode": "off",
  "namespace": "components",
  "value": "From",
}
[90mstdout[2m | src/components/VocabularyReview2.stories.tsx[2m > [22m[2mAlready Imported
[22m[39m[useTranslationWithCapture] t() called: {
  "key": "vocabularyReview.pages",
  "mode": "off",
  "namespace": "components",
  "value": "Pages",
}
[90mstdout[2m | src/components/VocabularyReview2.stories.tsx[2m > [22m[2mAlready Imported
[22m[39m[useTranslationWithCapture] t() called: {
  "key": "vocabularyReview.importedOn",
  "mode": "off",
  "namespace": "components",
  "value": "Imported On",
}
[90mstdout[2m | src/components/VocabularyReview2.stories.tsx[2m > [22m[2mMinimal Data
[22m[39m[Mock Data] generateClient() called - returning mock client
[90mstdout[2m | src/components/VocabularyReview2.stories.tsx[2m > [22m[2mMinimal Data
[22m[39m[Mock amplifyClient] getAmplifyClient() called - returning mock client
[90mstdout[2m | src/components/VocabularyReview2.stories.tsx[2m > [22m[2mMinimal Data
[22m[39m[Mock Data] Document.get() called with id: mock-doc-imported
[90mstdout[2m | src/components/VocabularyReview2.stories.tsx[2m > [22m[2mMinimal Data
[22m[39m[Mock Data] ParsedContent.list() called with options: {
  "filter": {
    "documentID": {
      "eq": "mock-doc-imported",
    },
  },
}
[90mstdout[2m | src/components/VocabularyReview2.stories.tsx[2m > [22m[2mMinimal Data
[22m[39m[useTranslationWithCapture] t() called: {
  "key": "vocabularyReview.sectionHeading",
  "mode": "off",
  "namespace": "components",
  "value": "Vocabulary Review",
}
[90mstdout[2m | src/components/VocabularyReview2.stories.tsx[2m > [22m[2mMinimal Data
[22m[39m[useTranslationWithCapture] t() called: {
  "key": "vocabularyReview.from",
  "mode": "off",
  "namespace": "components",
  "value": "From",
}
[90mstdout[2m | src/components/VocabularyReview2.stories.tsx[2m > [22m[2mMinimal Data
[22m[39m[useTranslationWithCapture] t() called: {
  "key": "vocabularyReview.pages",
  "mode": "off",
  "namespace": "components",
  "value": "Pages",
}
[90mstdout[2m | src/components/VocabularyReview2.stories.tsx[2m > [22m[2mMinimal Data
[22m[39m[useTranslationWithCapture] t() called: {
  "key": "vocabularyReview.importedOn",
  "mode": "off",
  "namespace": "components",
  "value": "Imported On",
}
[90mstdout[2m | src/components/VocabularyReview2.stories.tsx[2m > [22m[2mMinimal Data
[22m[39m[Mock Data] Settings subscription unsubscribed. Remaining: 0
[90mstdout[2m | src/components/VocabularyReview2.stories.tsx[2m > [22m[2mMinimal Data
[22m[39m[ChatContext] Cleaning up subscription
[90mstdout[2m | src/components/VocabularyReview2.stories.tsx[2m > [22m[2mMinimal Data
[22m[39m[Mock Data] AssistantChat subscription unsubscribed. Remaining: 0
[90mstdout[2m | src/components/VocabularyReview2.stories.tsx[2m > [22m[2mMinimal Data
[22m[39m[Mock Data] File subscription unsubscribed. Remaining: 0
[90mstdout[2m | src/components/VocabularyReview2.stories.tsx[2m > [22m[2mMinimal Data
[22m[39m[Mock Data] Document subscription unsubscribed. Remaining: 0
[90mstdout[2m | src/components/VocabularyReview2.stories.tsx[2m > [22m[2mMinimal Data
[22m[39m[Mock Data] Word subscription unsubscribed. Remaining: 0
[90mstdout[2m | src/components/VocabularyReview2.stories.tsx[2m > [22m[2mMinimal Data
[22m[39m[Mock Data] Question subscription unsubscribed. Remaining: 0
[90mstdout[2m | src/components/VocabularyReview2.stories.tsx[2m > [22m[2mMinimal Data
[22m[39m[Mock Data] Grade subscription unsubscribed. Remaining: 0
[90mstdout[2m | src/components/VocabularyReview2.stories.tsx[2m > [22m[2mMinimal Data
[22m[39m[Mock Data] Unit subscription unsubscribed. Remaining: 0
[90mstdout[2m | src/components/VocabularyReview2.stories.tsx[2m > [22m[2mMinimal Data
[22m[39m[SectionContext] Cleaning up subscriptions
[90mstdout[2m | src/components/VocabularyReview2.stories.tsx[2m > [22m[2mMinimal Data
[22m[39m[Mock Data] Section.onCreate() subscription removed. Remaining: 0
[90mstdout[2m | src/components/VocabularyReview2.stories.tsx[2m > [22m[2mMinimal Data
[22m[39m[Mock Data] Section.onUpdate() subscription removed. Remaining: 0
[90mstdout[2m | src/components/VocabularyReview2.stories.tsx[2m > [22m[2mMinimal Data
[22m[39m[Mock Data] Section.onDelete() subscription removed. Remaining: 0
[90mstdout[2m | src/components/VocabularyReview2.stories.tsx[2m > [22m[2mMinimal Data
[22m[39m[Mock Data] Assignment.onCreate() subscription removed. Remaining: 0
[90mstdout[2m | src/components/VocabularyReview2.stories.tsx[2m > [22m[2mMinimal Data
[22m[39m[Mock Data] Assignment.onUpdate() subscription removed. Remaining: 0
[90mstdout[2m | src/components/VocabularyReview2.stories.tsx[2m > [22m[2mMinimal Data
[22m[39m[Mock Data] Assignment.onDelete() subscription removed. Remaining: 0
[90mstdout[2m | src/components/VocabularyReview2.stories.tsx[2m > [22m[2mMinimal Data
[22m[39m[Mock Data] ParsedContent subscription unsubscribed. Remaining: 0
[90mstdout[2m | src/components/VocabularyReview2.stories.tsx[2m > [22m[2mMinimal Data
[22m[39m[Mock Data] Clearing all data stores
[90mstdout[2m | src/components/VocabularyReview2.stories.tsx[2m > [22m[2mMinimal Data
[22m[39m[Mock Data] All data stores cleared
[90mstdout[2m | src/components/VocabularyReview2.stories.tsx[2m > [22m[2mMinimal Data
[22m[39m[Preview] Cleared mock data for story
[90mstdout[2m | src/components/VocabularyReview2.stories.tsx[2m > [22m[2mMinimal Data
[22m[39m[Preview] Skipped initializing default mock data (initializeMockData=false)
[90mstdout[2m | src/components/VocabularyReview2.stories.tsx[2m > [22m[2mMinimal Data
[22m[39m[Mock Data] seedMockDocuments: Adding 1 documents
[90mstdout[2m | src/components/VocabularyReview2.stories.tsx[2m > [22m[2mMinimal Data
[22m[39m[Mock Data] seedMockParsedContent: Adding 1 parsed content records
[90mstdout[2m | src/components/VocabularyReview2.stories.tsx[2m > [22m[2mMinimal Data
[22m[39m[Mock AuthContext] Providing auth: {
  "error": undefined,
  "isLoading": false,
  "session": {
    "idToken": {
      "toString": [Function toString],
    },
    "identityId": "us-east-1:mock-identity-123",
    "username": "mock-user-sub",
  },
  "user": {
    "attributes": {
      "email": "alice@example.com",
      "name": "Alice Student",
      "sub": "mock-user-sub",
    },
  },
}
[90mstdout[2m | src/components/VocabularyReview2.stories.tsx[2m > [22m[2mMinimal Data
[22m[39m[Mock Data] generateClient() called - returning mock client
[90mstdout[2m | src/components/VocabularyReview2.stories.tsx[2m > [22m[2mMinimal Data
[22m[39m[Mock amplifyClient] getAmplifyClient() called - returning mock client
[90mstdout[2m | src/components/VocabularyReview2.stories.tsx[2m > [22m[2mMinimal Data
[22m[39m[MOCK CourseVectorStore] Initialized with mock data
[90mstdout[2m | src/components/VocabularyReview2.stories.tsx[2m > [22m[2mMinimal Data
[22m[39m[TranslationModeController] Setting mode to: off
[90mstdout[2m | src/components/VocabularyReview2.stories.tsx[2m > [22m[2mMinimal Data
[22m[39m[SectionContext] useEffect triggered {
  "authLoading": false,
  "hasUser": true,
  "userSub": "mock-user-sub",
}
[90mstdout[2m | src/components/VocabularyReview2.stories.tsx[2m > [22m[2mMinimal Data
[22m[39m[SectionContext] Fetching sections for userId: mock-user-sub
[90mstdout[2m | src/components/VocabularyReview2.stories.tsx[2m > [22m[2mMinimal Data
[22m[39m[Mock Data] generateClient() called - returning mock client
[90mstdout[2m | src/components/VocabularyReview2.stories.tsx[2m > [22m[2mMinimal Data
[22m[39m[Mock amplifyClient] getAmplifyClient() called - returning mock client
[90mstdout[2m | src/components/VocabularyReview2.stories.tsx[2m > [22m[2mMinimal Data
[22m[39m[Mock Data] Section.list() called with options: undefined
[90mstdout[2m | src/components/VocabularyReview2.stories.tsx[2m > [22m[2mMinimal Data
[22m[39m[Mock Data] generateClient() called - returning mock client
[90mstdout[2m | src/components/VocabularyReview2.stories.tsx[2m > [22m[2mMinimal Data
[22m[39m[Mock amplifyClient] getAmplifyClient() called - returning mock client
[90mstdout[2m | src/components/VocabularyReview2.stories.tsx[2m > [22m[2mMinimal Data
[22m[39m[Mock Data] Assignment.list() called with options: {
  "filter": {
    "unitID": {
      "eq": "mock-unit-1",
    },
  },
}
[90mstdout[2m | src/components/VocabularyReview2.stories.tsx[2m > [22m[2mMinimal Data
[22m[39m[Mock Data] generateClient() called - returning mock client
[90mstdout[2m | src/components/VocabularyReview2.stories.tsx[2m > [22m[2mMinimal Data
[22m[39m[Mock amplifyClient] getAmplifyClient() called - returning mock client
[90mstdout[2m | src/components/VocabularyReview2.stories.tsx[2m > [22m[2mMinimal Data
[22m[39m[Mock Data] Grade.observeQuery() called with filter: {
  "filter": {
    "unitID": {
      "eq": "mock-unit-1",
    },
  },
}
[90mstdout[2m | src/components/VocabularyReview2.stories.tsx[2m > [22m[2mMinimal Data
[22m[39m[Mock Data] Grade.observeQuery() applying filter: {
  "unitID": {
    "eq": "mock-unit-1",
  },
}
[90mstdout[2m | src/components/VocabularyReview2.stories.tsx[2m > [22m[2mMinimal Data
[22m[39m[Mock Data] Grade.observeQuery() items before filter: 0
[90mstdout[2m | src/components/VocabularyReview2.stories.tsx[2m > [22m[2mMinimal Data
[22m[39m[Mock Data] Grade.observeQuery() items after filter: 0
[90mstdout[2m | src/components/VocabularyReview2.stories.tsx[2m > [22m[2mMinimal Data
[22m[39m[Mock Data] Grade.observeQuery() returning 0 items (filter applied) {
  "filter": {
    "unitID": {
      "eq": "mock-unit-1",
    },
  },
}
[90mstdout[2m | src/components/VocabularyReview2.stories.tsx[2m > [22m[2mMinimal Data
[22m[39m[Mock Data] Grade subscription added. Total subscriptions: 1
[90mstdout[2m | src/components/VocabularyReview2.stories.tsx[2m > [22m[2mMinimal Data
[22m[39m[UnitContext] useEffect triggered {
  "authLoading": false,
  "hasUser": true,
  "id": "mock-unit-1",
  "userSub": "mock-user-sub",
}
[90mstdout[2m | src/components/VocabularyReview2.stories.tsx[2m > [22m[2mMinimal Data
[22m[39m[UnitContext] Fetching unit data for id: mock-unit-1
[90mstdout[2m | src/components/VocabularyReview2.stories.tsx[2m > [22m[2mMinimal Data
[22m[39m[Mock Data] generateClient() called - returning mock client
[90mstdout[2m | src/components/VocabularyReview2.stories.tsx[2m > [22m[2mMinimal Data
[22m[39m[Mock amplifyClient] getAmplifyClient() called - returning mock client
[90mstdout[2m | src/components/VocabularyReview2.stories.tsx[2m > [22m[2mMinimal Data
[22m[39m[Mock Data] Unit.observeQuery() called with filter: {
  "filter": {
    "id": {
      "eq": "mock-unit-1",
    },
  },
}
[90mstdout[2m | src/components/VocabularyReview2.stories.tsx[2m > [22m[2mMinimal Data
[22m[39m[Mock Data] Unit.observeQuery() applying filter: {
  "id": {
    "eq": "mock-unit-1",
  },
}
[90mstdout[2m | src/components/VocabularyReview2.stories.tsx[2m > [22m[2mMinimal Data
[22m[39m[Mock Data] Unit.observeQuery() items before filter: 0
[90mstdout[2m | src/components/VocabularyReview2.stories.tsx[2m > [22m[2mMinimal Data
[22m[39m[Mock Data] Unit.observeQuery() items after filter: 0
[90mstdout[2m | src/components/VocabularyReview2.stories.tsx[2m > [22m[2mMinimal Data
[22m[39m[Mock Data] Unit.observeQuery() returning 0 items (filter applied) {
  "filter": {
    "id": {
      "eq": "mock-unit-1",
    },
  },
}
[90mstdout[2m | src/components/VocabularyReview2.stories.tsx[2m > [22m[2mMinimal Data
[22m[39m[Mock Data] Unit subscription added. Total subscriptions: 1
[90mstdout[2m | src/components/VocabularyReview2.stories.tsx[2m > [22m[2mMinimal Data
[22m[39m[Mock Data] generateClient() called - returning mock client
[90mstdout[2m | src/components/VocabularyReview2.stories.tsx[2m > [22m[2mMinimal Data
[22m[39m[Mock amplifyClient] getAmplifyClient() called - returning mock client
[90mstdout[2m | src/components/VocabularyReview2.stories.tsx[2m > [22m[2mMinimal Data
[22m[39m[Mock Data] Word.observeQuery() called with filter: undefined
[90mstdout[2m | src/components/VocabularyReview2.stories.tsx[2m > [22m[2mMinimal Data
[22m[39m[Mock Data] Word.observeQuery() returning 0 items (filter applied) undefined
[90mstdout[2m | src/components/VocabularyReview2.stories.tsx[2m > [22m[2mMinimal Data
[22m[39m[Mock Data] Word subscription added. Total subscriptions: 1
[90mstdout[2m | src/components/VocabularyReview2.stories.tsx[2m > [22m[2mMinimal Data
[22m[39m[Mock Data] generateClient() called - returning mock client
[90mstdout[2m | src/components/VocabularyReview2.stories.tsx[2m > [22m[2mMinimal Data
[22m[39m[Mock amplifyClient] getAmplifyClient() called - returning mock client
[90mstdout[2m | src/components/VocabularyReview2.stories.tsx[2m > [22m[2mMinimal Data
[22m[39m[Mock Data] Question.observeQuery() called with filter: undefined
[90mstdout[2m | src/components/VocabularyReview2.stories.tsx[2m > [22m[2mMinimal Data
[22m[39m[Mock Data] Question.observeQuery() returning 0 items (filter applied) undefined
[90mstdout[2m | src/components/VocabularyReview2.stories.tsx[2m > [22m[2mMinimal Data
[22m[39m[Mock Data] Question subscription added. Total subscriptions: 1
[90mstdout[2m | src/components/VocabularyReview2.stories.tsx[2m > [22m[2mMinimal Data
[22m[39m[FilesContext] Initializing vector store from IndexedDB
[90mstdout[2m | src/components/VocabularyReview2.stories.tsx[2m > [22m[2mMinimal Data
[22m[39m[FilesContext] fetchFiles called
[90mstdout[2m | src/components/VocabularyReview2.stories.tsx[2m > [22m[2mMinimal Data
[22m[39m[FilesContext] User authenticated: mock-user-sub
[90mstdout[2m | src/components/VocabularyReview2.stories.tsx[2m > [22m[2mMinimal Data
[22m[39m[FilesContext] Identity ID: us-east-1:mock-identity-123
[90mstdout[2m | src/components/VocabularyReview2.stories.tsx[2m > [22m[2mMinimal Data
[22m[39m[FilesContext] About to subscribe to File model
[90mstdout[2m | src/components/VocabularyReview2.stories.tsx[2m > [22m[2mMinimal Data
[22m[39m[Mock Data] generateClient() called - returning mock client
[90mstdout[2m | src/components/VocabularyReview2.stories.tsx[2m > [22m[2mMinimal Data
[22m[39m[Mock amplifyClient] getAmplifyClient() called - returning mock client
[90mstdout[2m | src/components/VocabularyReview2.stories.tsx[2m > [22m[2mMinimal Data
[22m[39m[Mock Data] File.observeQuery() called with filter: undefined
[90mstdout[2m | src/components/VocabularyReview2.stories.tsx[2m > [22m[2mMinimal Data
[22m[39m[Mock Data] File.observeQuery() returning 0 items (filter applied) undefined
[90mstdout[2m | src/components/VocabularyReview2.stories.tsx[2m > [22m[2mMinimal Data
[22m[39m[Mock Data] File subscription added. Total subscriptions: 1
[90mstdout[2m | src/components/VocabularyReview2.stories.tsx[2m > [22m[2mMinimal Data
[22m[39m[Mock Data] generateClient() called - returning mock client
[90mstdout[2m | src/components/VocabularyReview2.stories.tsx[2m > [22m[2mMinimal Data
[22m[39m[Mock amplifyClient] getAmplifyClient() called - returning mock client
[90mstdout[2m | src/components/VocabularyReview2.stories.tsx[2m > [22m[2mMinimal Data
[22m[39m[Mock Data] Document.observeQuery() called with filter: undefined
[90mstdout[2m | src/components/VocabularyReview2.stories.tsx[2m > [22m[2mMinimal Data
[22m[39m[Mock Data] Document.observeQuery() returning 1 items (filter applied) undefined
[90mstdout[2m | src/components/VocabularyReview2.stories.tsx[2m > [22m[2mMinimal Data
[22m[39m[Mock Data] Document subscription added. Total subscriptions: 1
[90mstdout[2m | src/components/VocabularyReview2.stories.tsx[2m > [22m[2mMinimal Data
[22m[39m[ChatContext] Setting up observeQuery for AssistantChat
[90mstdout[2m | src/components/VocabularyReview2.stories.tsx[2m > [22m[2mMinimal Data
[22m[39m[Mock Data] AssistantChat.observeQuery() called with filter: {
  "sortDirection": "DESC",
  "sortField": "createdAt",
}
[90mstdout[2m | src/components/VocabularyReview2.stories.tsx[2m > [22m[2mMinimal Data
[22m[39m[Mock Data] AssistantChat.observeQuery() returning 0 items (filter applied) {
  "sortDirection": "DESC",
  "sortField": "createdAt",
}
[90mstdout[2m | src/components/VocabularyReview2.stories.tsx[2m > [22m[2mMinimal Data
[22m[39m[Mock Data] AssistantChat subscription added. Total subscriptions: 1
[90mstdout[2m | src/components/VocabularyReview2.stories.tsx[2m > [22m[2mMinimal Data
[22m[39m[ChatContext] Waiting for subscription to initialize
[90mstdout[2m | src/components/VocabularyReview2.stories.tsx[2m > [22m[2mMinimal Data
[22m[39m[SettingsContext] Setting up Settings subscription for user: mock-user-sub
[90mstdout[2m | src/components/VocabularyReview2.stories.tsx[2m > [22m[2mMinimal Data
[22m[39m[Mock Data] generateClient() called - returning mock client
[90mstdout[2m | src/components/VocabularyReview2.stories.tsx[2m > [22m[2mMinimal Data
[22m[39m[Mock amplifyClient] getAmplifyClient() called - returning mock client
[90mstdout[2m | src/components/VocabularyReview2.stories.tsx[2m > [22m[2mMinimal Data
[22m[39m[Mock Data] Settings.observeQuery() called with filter: undefined
[90mstdout[2m | src/components/VocabularyReview2.stories.tsx[2m > [22m[2mMinimal Data
[22m[39m[Mock Data] Settings.observeQuery() returning 0 items (filter applied) undefined
[90mstdout[2m | src/components/VocabularyReview2.stories.tsx[2m > [22m[2mMinimal Data
[22m[39m[Mock Data] Settings subscription added. Total subscriptions: 1
[90mstdout[2m | src/components/VocabularyReview2.stories.tsx[2m > [22m[2mMinimal Data
[22m[39m[SectionContext] Initial sections: 0 []
[90mstdout[2m | src/components/VocabularyReview2.stories.tsx[2m > [22m[2mMinimal Data
[22m[39m[Mock Data] Section.onCreate() called with filter: undefined
[90mstdout[2m | src/components/VocabularyReview2.stories.tsx[2m > [22m[2mMinimal Data
[22m[39m[Mock Data] Section.onCreate() subscription added. Total: 1
[90mstdout[2m | src/components/VocabularyReview2.stories.tsx[2m > [22m[2mMinimal Data
[22m[39m[Mock Data] Section.onUpdate() called with filter: undefined
[90mstdout[2m | src/components/VocabularyReview2.stories.tsx[2m > [22m[2mMinimal Data
[22m[39m[Mock Data] Section.onUpdate() subscription added. Total: 1
[90mstdout[2m | src/components/VocabularyReview2.stories.tsx[2m > [22m[2mMinimal Data
[22m[39m[Mock Data] Section.onDelete() called with filter: undefined
[90mstdout[2m | src/components/VocabularyReview2.stories.tsx[2m > [22m[2mMinimal Data
[22m[39m[Mock Data] Section.onDelete() subscription added. Total: 1
[90mstdout[2m | src/components/VocabularyReview2.stories.tsx[2m > [22m[2mMinimal Data
[22m[39m[Mock Data] Assignment.onCreate() called with filter: {
  "filter": {
    "unitID": {
      "eq": "mock-unit-1",
    },
  },
}
[90mstdout[2m | src/components/VocabularyReview2.stories.tsx[2m > [22m[2mMinimal Data
[22m[39m[Mock Data] Assignment.onCreate() subscription added. Total: 1
[90mstdout[2m | src/components/VocabularyReview2.stories.tsx[2m > [22m[2mMinimal Data
[22m[39m[Mock Data] Assignment.onUpdate() called with filter: {
  "filter": {
    "unitID": {
      "eq": "mock-unit-1",
    },
  },
}
[90mstdout[2m | src/components/VocabularyReview2.stories.tsx[2m > [22m[2mMinimal Data
[22m[39m[Mock Data] Assignment.onUpdate() subscription added. Total: 1
[90mstdout[2m | src/components/VocabularyReview2.stories.tsx[2m > [22m[2mMinimal Data
[22m[39m[Mock Data] Assignment.onDelete() called with filter: {
  "filter": {
    "unitID": {
      "eq": "mock-unit-1",
    },
  },
}
[90mstdout[2m | src/components/VocabularyReview2.stories.tsx[2m > [22m[2mMinimal Data
[22m[39m[Mock Data] Assignment.onDelete() subscription added. Total: 1
[90mstdout[2m | src/components/VocabularyReview2.stories.tsx[2m > [22m[2mMinimal Data
[22m[39m[FilesContext] File observeQuery subscription triggered:
[90mstdout[2m | src/components/VocabularyReview2.stories.tsx[2m > [22m[2mMinimal Data
[22m[39m  - items.length: 0
[90mstdout[2m | src/components/VocabularyReview2.stories.tsx[2m > [22m[2mMinimal Data
[22m[39m  - isSynced: true
[90mstdout[2m | src/components/VocabularyReview2.stories.tsx[2m > [22m[2mMinimal Data
[22m[39m  - items: []
[90mstdout[2m | src/components/VocabularyReview2.stories.tsx[2m > [22m[2mMinimal Data
[22m[39m[FilesContext] Document count changed: 0 → 1
[90mstdout[2m | src/components/VocabularyReview2.stories.tsx[2m > [22m[2mMinimal Data
[22m[39m[MOCK CourseVectorStore] Initialized with mock data
[90mstdout[2m | src/components/VocabularyReview2.stories.tsx[2m > [22m[2mMinimal Data
[22m[39m[useTranslationWithCapture] t() called: {
  "key": "vocabularyReview.loading",
  "mode": "off",
  "namespace": "components",
  "value": "Loading",
}
[90mstdout[2m | src/components/VocabularyReview2.stories.tsx[2m > [22m[2mMinimal Data
[22m[39m[ChatContext] AssistantChat query update: 0 items (synced)
[90mstdout[2m | src/components/VocabularyReview2.stories.tsx[2m > [22m[2mMinimal Data
[22m[39m[ChatContext] AssistantChat subscription initialized
[90mstdout[2m | src/components/VocabularyReview2.stories.tsx[2m > [22m[2mMinimal Data
[22m[39m[ChatContext] AssistantChat list updated: 0 chats
[90mstdout[2m | src/components/VocabularyReview2.stories.tsx[2m > [22m[2mMinimal Data
[22m[39m[Mock Data] Settings.create() called with: {
  "assistantVoice": "shimmer",
  "autoAnalyzeDocuments": true,
  "defaultAIModel": "gpt-4",
  "documentAnalysisModel": "gpt-4",
  "editorFontSize": 14,
  "editorTheme": "auto",
  "emailNotifications": true,
  "language": "en",
  "webhookNotifications": false,
}
[90mstdout[2m | src/components/VocabularyReview2.stories.tsx[2m > [22m[2mMinimal Data
[22m[39m[Mock Data] Settings created: mock-settings-1776336997878 - notified 1 subscribers
[90mstdout[2m | src/components/VocabularyReview2.stories.tsx[2m > [22m[2mMinimal Data
[22m[39m[Mock Data] generateClient() called - returning mock client
[90mstdout[2m | src/components/VocabularyReview2.stories.tsx[2m > [22m[2mMinimal Data
[22m[39m[Mock amplifyClient] getAmplifyClient() called - returning mock client
[90mstdout[2m | src/components/VocabularyReview2.stories.tsx[2m > [22m[2mMinimal Data
[22m[39m[Mock Data] Document.get() called with id: mock-doc-minimal
[90mstdout[2m | src/components/VocabularyReview2.stories.tsx[2m > [22m[2mMinimal Data
[22m[39m[VocabularyReview2] Setting up ParsedContent subscription for user: undefined
[90mstdout[2m | src/components/VocabularyReview2.stories.tsx[2m > [22m[2mMinimal Data
[22m[39m[Mock Data] generateClient() called - returning mock client
[90mstdout[2m | src/components/VocabularyReview2.stories.tsx[2m > [22m[2mMinimal Data
[22m[39m[Mock amplifyClient] getAmplifyClient() called - returning mock client
[90mstdout[2m | src/components/VocabularyReview2.stories.tsx[2m > [22m[2mMinimal Data
[22m[39m[Mock Data] ParsedContent.observeQuery() called with filter: undefined
[90mstdout[2m | src/components/VocabularyReview2.stories.tsx[2m > [22m[2mMinimal Data
[22m[39m[Mock Data] ParsedContent.observeQuery() returning 1 items (filter applied) undefined
[90mstdout[2m | src/components/VocabularyReview2.stories.tsx[2m > [22m[2mMinimal Data
[22m[39m[Mock Data] ParsedContent subscription added. Total subscriptions: 1
[90mstdout[2m | src/components/VocabularyReview2.stories.tsx[2m > [22m[2mMinimal Data
[22m[39m[ChatContext] No chats found, clearing current chat - new one will be created
[90mstdout[2m | src/components/VocabularyReview2.stories.tsx[2m > [22m[2mMinimal Data
[22m[39m[Mock Data] ParsedContent.list() called with options: {
  "filter": {
    "documentID": {
      "eq": "mock-doc-minimal",
    },
  },
}
[90mstdout[2m | src/components/VocabularyReview2.stories.tsx[2m > [22m[2mMinimal Data
[22m[39m[ChatContext] No current chat available, will create one
[90mstdout[2m | src/components/VocabularyReview2.stories.tsx[2m > [22m[2mMinimal Data
[22m[39m[ChatContext] Creating AssistantChat with user: undefined
[90mstdout[2m | src/components/VocabularyReview2.stories.tsx[2m > [22m[2mMinimal Data
[22m[39m[Mock Data] AssistantChat.create() called with: {
  "archived": false,
  "model": "gpt-4",
}
[90mstdout[2m | src/components/VocabularyReview2.stories.tsx[2m > [22m[2mMinimal Data
[22m[39m[Mock Data] AssistantChat created: mock-assistantchat-1776336997891 - notified 1 subscribers
[90mstdout[2m | src/components/VocabularyReview2.stories.tsx[2m > [22m[2mMinimal Data
[22m[39m[useTranslationWithCapture] t() called: {
  "key": "vocabularyReview.sectionHeading",
  "mode": "off",
  "namespace": "components",
  "value": "Vocabulary Review",
}
[90mstdout[2m | src/components/VocabularyReview2.stories.tsx[2m > [22m[2mMinimal Data
[22m[39m[useTranslationWithCapture] t() called: {
  "key": "vocabularyReview.from",
  "mode": "off",
  "namespace": "components",
  "value": "From",
}
[90mstdout[2m | src/components/VocabularyReview2.stories.tsx[2m > [22m[2mMinimal Data
[22m[39m[useTranslationWithCapture] t() called: {
  "key": "vocabularyReview.pages",
  "mode": "off",
  "namespace": "components",
  "value": "Pages",
}
[90mstdout[2m | src/components/VocabularyReview2.stories.tsx[2m > [22m[2mMinimal Data
[22m[39m[useTranslationWithCapture] t() called: {
  "key": "vocabularyReview.deselectAll",
  "mode": "off",
  "namespace": "components",
  "value": "Deselect All",
}
[90mstdout[2m | src/components/VocabularyReview2.stories.tsx[2m > [22m[2mMinimal Data
[22m[39m[useTranslationWithCapture] t() called: {
  "key": "vocabularyReview.selectedCount",
  "mode": "off",
  "namespace": "components",
  "value": "Selected Count",
}
[90mstdout[2m | src/components/VocabularyReview2.stories.tsx[2m > [22m[2mMinimal Data
[22m[39m[useTranslationWithCapture] t() called: {
  "key": "vocabularyReview.importToDictionary",
  "mode": "off",
  "namespace": "components",
  "value": "Import To Dictionary",
}
[90mstdout[2m | src/components/VocabularyReview2.stories.tsx[2m > [22m[2mMinimal Data
[22m[39m[useTranslationWithCapture] t() called: {
  "key": "vocabularyReview.sectionHeading",
  "mode": "off",
  "namespace": "components",
  "value": "Vocabulary Review",
}
[90mstdout[2m | src/components/VocabularyReview2.stories.tsx[2m > [22m[2mMinimal Data
[22m[39m[useTranslationWithCapture] t() called: {
  "key": "vocabularyReview.from",
  "mode": "off",
  "namespace": "components",
  "value": "From",
}
[90mstdout[2m | src/components/VocabularyReview2.stories.tsx[2m > [22m[2mMinimal Data
[22m[39m[useTranslationWithCapture] t() called: {
  "key": "vocabularyReview.pages",
  "mode": "off",
  "namespace": "components",
  "value": "Pages",
}
[90mstdout[2m | src/components/VocabularyReview2.stories.tsx[2m > [22m[2mMinimal Data
[22m[39m[useTranslationWithCapture] t() called: {
  "key": "vocabularyReview.deselectAll",
  "mode": "off",
  "namespace": "components",
  "value": "Deselect All",
}
[90mstdout[2m | src/components/VocabularyReview2.stories.tsx[2m > [22m[2mMinimal Data
[22m[39m[useTranslationWithCapture] t() called: {
  "key": "vocabularyReview.selectedCount",
  "mode": "off",
  "namespace": "components",
  "value": "Selected Count",
}
[90mstdout[2m | src/components/VocabularyReview2.stories.tsx[2m > [22m[2mMinimal Data
[22m[39m[useTranslationWithCapture] t() called: {
  "key": "vocabularyReview.importToDictionary",
  "mode": "off",
  "namespace": "components",
  "value": "Import To Dictionary",
}
[90mstdout[2m | src/components/VocabularyReview2.stories.tsx[2m > [22m[2mMinimal Data
[22m[39m[useTranslationWithCapture] t() called: {
  "key": "vocabularyReview.sectionHeading",
  "mode": "off",
  "namespace": "components",
  "value": "Vocabulary Review",
}
[90mstdout[2m | src/components/VocabularyReview2.stories.tsx[2m > [22m[2mMinimal Data
[22m[39m[useTranslationWithCapture] t() called: {
  "key": "vocabularyReview.from",
  "mode": "off",
  "namespace": "components",
  "value": "From",
}
[90mstdout[2m | src/components/VocabularyReview2.stories.tsx[2m > [22m[2mMinimal Data
[22m[39m[useTranslationWithCapture] t() called: {
  "key": "vocabularyReview.pages",
  "mode": "off",
  "namespace": "components",
  "value": "Pages",
}
[90mstdout[2m | src/components/VocabularyReview2.stories.tsx[2m > [22m[2mMinimal Data
[22m[39m[useTranslationWithCapture] t() called: {
  "key": "vocabularyReview.deselectAll",
  "mode": "off",
  "namespace": "components",
  "value": "Deselect All",
}
[90mstdout[2m | src/components/VocabularyReview2.stories.tsx[2m > [22m[2mMinimal Data
[22m[39m[useTranslationWithCapture] t() called: {
  "key": "vocabularyReview.selectedCount",
  "mode": "off",
  "namespace": "components",
  "value": "Selected Count",
}
[90mstdout[2m | src/components/VocabularyReview2.stories.tsx[2m > [22m[2mMinimal Data
[22m[39m[useTranslationWithCapture] t() called: {
  "key": "vocabularyReview.importToDictionary",
  "mode": "off",
  "namespace": "components",
  "value": "Import To Dictionary",
}
[90mstdout[2m | src/components/VocabularyReview2.stories.tsx[2m > [22m[2mMinimal Data
[22m[39m[ChatContext] Create result: {
  "data": {
    "_version": 1,
    "archived": false,
    "chatFiles": [Function anonymous],
    "createdAt": "2026-04-16T10:56:37.891Z",
    "id": "mock-assistantchat-1776336997891",
    "model": "gpt-4",
    "updatedAt": "2026-04-16T10:56:37.891Z",
  },
  "errors": [],
  "hasData": true,
  "hasErrors": true,
}
[90mstdout[2m | src/components/VocabularyReview2.stories.tsx[2m > [22m[2mMinimal Data
[22m[39m[ChatContext] Created AssistantChat: mock-assistantchat-1776336997891 at: 2026-04-16T10:56:37.891Z
[90mstdout[2m | src/components/VocabularyReview2.stories.tsx[2m > [22m[2mMinimal Data
[22m[39m[ChatContext] AssistantChat query update: 1 items (synced)
[90mstdout[2m | src/components/VocabularyReview2.stories.tsx[2m > [22m[2mMinimal Data
[22m[39m[ChatContext] First item details: {
  "id": "mock-assistantchat-1776336997891",
  "updatedAt": "2026-04-16T10:56:37.891Z",
}
[90mstdout[2m | src/components/VocabularyReview2.stories.tsx[2m > [22m[2mMinimal Data
[22m[39m[ChatContext] AssistantChat list updated: 1 chats
[90mstdout[2m | src/components/VocabularyReview2.stories.tsx[2m > [22m[2mMinimal Data
[22m[39m[ChatContext] Setting initial chat: mock-assistantchat-1776336997891
[90mstdout[2m | src/components/VocabularyReview2.stories.tsx[2m > [22m[2mMinimal Data
[22m[39m[Mock Data] generateClient() called - returning mock client
[90mstdout[2m | src/components/VocabularyReview2.stories.tsx[2m > [22m[2mMinimal Data
[22m[39m[Mock amplifyClient] getAmplifyClient() called - returning mock client
[90mstdout[2m | src/components/VocabularyReview2.stories.tsx[2m > [22m[2mMinimal Data
[22m[39m[Mock Data] Document.get() called with id: mock-doc-minimal
[90mstdout[2m | src/components/VocabularyReview2.stories.tsx[2m > [22m[2mMinimal Data
[22m[39m[Mock Data] ParsedContent.list() called with options: {
  "filter": {
    "documentID": {
      "eq": "mock-doc-minimal",
    },
  },
}
[90mstdout[2m | src/components/VocabularyReview2.stories.tsx[2m > [22m[2mMinimal Data
[22m[39m[ChatContext] Chat exists and not archived, skipping creation
[90mstdout[2m | src/components/VocabularyReview2.stories.tsx[2m > [22m[2mMinimal Data
[22m[39m[useTranslationWithCapture] t() called: {
  "key": "vocabularyReview.sectionHeading",
  "mode": "off",
  "namespace": "components",
  "value": "Vocabulary Review",
}
[90mstdout[2m | src/components/VocabularyReview2.stories.tsx[2m > [22m[2mMinimal Data
[22m[39m[useTranslationWithCapture] t() called: {
  "key": "vocabularyReview.from",
  "mode": "off",
  "namespace": "components",
  "value": "From",
}
[90mstdout[2m | src/components/VocabularyReview2.stories.tsx[2m > [22m[2mMinimal Data
[22m[39m[useTranslationWithCapture] t() called: {
  "key": "vocabularyReview.pages",
  "mode": "off",
  "namespace": "components",
  "value": "Pages",
}
[90mstdout[2m | src/components/VocabularyReview2.stories.tsx[2m > [22m[2mMinimal Data
[22m[39m[useTranslationWithCapture] t() called: {
  "key": "vocabularyReview.deselectAll",
  "mode": "off",
  "namespace": "components",
  "value": "Deselect All",
}
[90mstdout[2m | src/components/VocabularyReview2.stories.tsx[2m > [22m[2mMinimal Data
[22m[39m[useTranslationWithCapture] t() called: {
  "key": "vocabularyReview.selectedCount",
  "mode": "off",
  "namespace": "components",
  "value": "Selected Count",
}
[90mstdout[2m | src/components/VocabularyReview2.stories.tsx[2m > [22m[2mMinimal Data
[22m[39m[useTranslationWithCapture] t() called: {
  "key": "vocabularyReview.importToDictionary",
  "mode": "off",
  "namespace": "components",
  "value": "Import To Dictionary",
}
[90mstdout[2m | src/components/VocabularyReview2.stories.tsx[2m > [22m[2mNo Vocabulary
[22m[39m[Mock Data] Settings subscription unsubscribed. Remaining: 0
[90mstdout[2m | src/components/VocabularyReview2.stories.tsx[2m > [22m[2mNo Vocabulary
[22m[39m[ChatContext] Cleaning up subscription
[90mstdout[2m | src/components/VocabularyReview2.stories.tsx[2m > [22m[2mNo Vocabulary
[22m[39m[Mock Data] AssistantChat subscription unsubscribed. Remaining: 0
[90mstdout[2m | src/components/VocabularyReview2.stories.tsx[2m > [22m[2mNo Vocabulary
[22m[39m[Mock Data] File subscription unsubscribed. Remaining: 0
[90mstdout[2m | src/components/VocabularyReview2.stories.tsx[2m > [22m[2mNo Vocabulary
[22m[39m[Mock Data] Document subscription unsubscribed. Remaining: 0
[90mstdout[2m | src/components/VocabularyReview2.stories.tsx[2m > [22m[2mNo Vocabulary
[22m[39m[Mock Data] Word subscription unsubscribed. Remaining: 0
[90mstdout[2m | src/components/VocabularyReview2.stories.tsx[2m > [22m[2mNo Vocabulary
[22m[39m[Mock Data] Question subscription unsubscribed. Remaining: 0
[90mstdout[2m | src/components/VocabularyReview2.stories.tsx[2m > [22m[2mNo Vocabulary
[22m[39m[Mock Data] Grade subscription unsubscribed. Remaining: 0
[90mstdout[2m | src/components/VocabularyReview2.stories.tsx[2m > [22m[2mNo Vocabulary
[22m[39m[Mock Data] Unit subscription unsubscribed. Remaining: 0
[90mstdout[2m | src/components/VocabularyReview2.stories.tsx[2m > [22m[2mNo Vocabulary
[22m[39m[SectionContext] Cleaning up subscriptions
[90mstdout[2m | src/components/VocabularyReview2.stories.tsx[2m > [22m[2mNo Vocabulary
[22m[39m[Mock Data] Section.onCreate() subscription removed. Remaining: 0
[90mstdout[2m | src/components/VocabularyReview2.stories.tsx[2m > [22m[2mNo Vocabulary
[22m[39m[Mock Data] Section.onUpdate() subscription removed. Remaining: 0
[90mstdout[2m | src/components/VocabularyReview2.stories.tsx[2m > [22m[2mNo Vocabulary
[22m[39m[Mock Data] Section.onDelete() subscription removed. Remaining: 0
[90mstdout[2m | src/components/VocabularyReview2.stories.tsx[2m > [22m[2mNo Vocabulary
[22m[39m[Mock Data] Assignment.onCreate() subscription removed. Remaining: 0
[90mstdout[2m | src/components/VocabularyReview2.stories.tsx[2m > [22m[2mNo Vocabulary
[22m[39m[Mock Data] Assignment.onUpdate() subscription removed. Remaining: 0
[90mstdout[2m | src/components/VocabularyReview2.stories.tsx[2m > [22m[2mNo Vocabulary
[22m[39m[Mock Data] Assignment.onDelete() subscription removed. Remaining: 0
[90mstdout[2m | src/components/VocabularyReview2.stories.tsx[2m > [22m[2mNo Vocabulary
[22m[39m[Mock Data] ParsedContent subscription unsubscribed. Remaining: 0
[90mstdout[2m | src/components/VocabularyReview2.stories.tsx[2m > [22m[2mNo Vocabulary
[22m[39m[Mock Data] Clearing all data stores
[90mstdout[2m | src/components/VocabularyReview2.stories.tsx[2m > [22m[2mNo Vocabulary
[22m[39m[Mock Data] All data stores cleared
[90mstdout[2m | src/components/VocabularyReview2.stories.tsx[2m > [22m[2mNo Vocabulary
[22m[39m[Preview] Cleared mock data for story
[90mstdout[2m | src/components/VocabularyReview2.stories.tsx[2m > [22m[2mNo Vocabulary
[22m[39m[Preview] Skipped initializing default mock data (initializeMockData=false)
[90mstdout[2m | src/components/VocabularyReview2.stories.tsx[2m > [22m[2mNo Vocabulary
[22m[39m[Mock Data] seedMockDocuments: Adding 1 documents
[90mstdout[2m | src/components/VocabularyReview2.stories.tsx[2m > [22m[2mNo Vocabulary
[22m[39m[Mock Data] seedMockParsedContent: Adding 1 parsed content records
[90mstdout[2m | src/components/VocabularyReview2.stories.tsx[2m > [22m[2mNo Vocabulary
[22m[39m[Mock AuthContext] Providing auth: {
  "error": undefined,
  "isLoading": false,
  "session": {
    "idToken": {
      "toString": [Function toString],
    },
    "identityId": "us-east-1:mock-identity-123",
    "username": "mock-user-sub",
  },
  "user": {
    "attributes": {
      "email": "alice@example.com",
      "name": "Alice Student",
      "sub": "mock-user-sub",
    },
  },
}
[90mstdout[2m | src/components/VocabularyReview2.stories.tsx[2m > [22m[2mNo Vocabulary
[22m[39m[Mock Data] generateClient() called - returning mock client
[90mstdout[2m | src/components/VocabularyReview2.stories.tsx[2m > [22m[2mNo Vocabulary
[22m[39m[Mock amplifyClient] getAmplifyClient() called - returning mock client
[90mstdout[2m | src/components/VocabularyReview2.stories.tsx[2m > [22m[2mNo Vocabulary
[22m[39m[MOCK CourseVectorStore] Initialized with mock data
[90mstdout[2m | src/components/VocabularyReview2.stories.tsx[2m > [22m[2mNo Vocabulary
[22m[39m[TranslationModeController] Setting mode to: off
[90mstdout[2m | src/components/VocabularyReview2.stories.tsx[2m > [22m[2mNo Vocabulary
[22m[39m[SectionContext] useEffect triggered {
  "authLoading": false,
  "hasUser": true,
  "userSub": "mock-user-sub",
}
[90mstdout[2m | src/components/VocabularyReview2.stories.tsx[2m > [22m[2mNo Vocabulary
[22m[39m[SectionContext] Fetching sections for userId: mock-user-sub
[90mstdout[2m | src/components/VocabularyReview2.stories.tsx[2m > [22m[2mNo Vocabulary
[22m[39m[Mock Data] generateClient() called - returning mock client
[90mstdout[2m | src/components/VocabularyReview2.stories.tsx[2m > [22m[2mNo Vocabulary
[22m[39m[Mock amplifyClient] getAmplifyClient() called - returning mock client
[90mstdout[2m | src/components/VocabularyReview2.stories.tsx[2m > [22m[2mNo Vocabulary
[22m[39m[Mock Data] Section.list() called with options: undefined
[90mstdout[2m | src/components/VocabularyReview2.stories.tsx[2m > [22m[2mNo Vocabulary
[22m[39m[Mock Data] generateClient() called - returning mock client
[90mstdout[2m | src/components/VocabularyReview2.stories.tsx[2m > [22m[2mNo Vocabulary
[22m[39m[Mock amplifyClient] getAmplifyClient() called - returning mock client
[90mstdout[2m | src/components/VocabularyReview2.stories.tsx[2m > [22m[2mNo Vocabulary
[22m[39m[Mock Data] Assignment.list() called with options: {
  "filter": {
    "unitID": {
      "eq": "mock-unit-1",
    },
  },
}
[90mstdout[2m | src/components/VocabularyReview2.stories.tsx[2m > [22m[2mNo Vocabulary
[22m[39m[Mock Data] generateClient() called - returning mock client
[90mstdout[2m | src/components/VocabularyReview2.stories.tsx[2m > [22m[2mNo Vocabulary
[22m[39m[Mock amplifyClient] getAmplifyClient() called - returning mock client
[90mstdout[2m | src/components/VocabularyReview2.stories.tsx[2m > [22m[2mNo Vocabulary
[22m[39m[Mock Data] Grade.observeQuery() called with filter: {
  "filter": {
    "unitID": {
      "eq": "mock-unit-1",
    },
  },
}
[90mstdout[2m | src/components/VocabularyReview2.stories.tsx[2m > [22m[2mNo Vocabulary
[22m[39m[Mock Data] Grade.observeQuery() applying filter: {
  "unitID": {
    "eq": "mock-unit-1",
  },
}
[90mstdout[2m | src/components/VocabularyReview2.stories.tsx[2m > [22m[2mNo Vocabulary
[22m[39m[Mock Data] Grade.observeQuery() items before filter: 0
[90mstdout[2m | src/components/VocabularyReview2.stories.tsx[2m > [22m[2mNo Vocabulary
[22m[39m[Mock Data] Grade.observeQuery() items after filter: 0
[90mstdout[2m | src/components/VocabularyReview2.stories.tsx[2m > [22m[2mNo Vocabulary
[22m[39m[Mock Data] Grade.observeQuery() returning 0 items (filter applied) {
  "filter": {
    "unitID": {
      "eq": "mock-unit-1",
    },
  },
}
[90mstdout[2m | src/components/VocabularyReview2.stories.tsx[2m > [22m[2mNo Vocabulary
[22m[39m[Mock Data] Grade subscription added. Total subscriptions: 1
[90mstdout[2m | src/components/VocabularyReview2.stories.tsx[2m > [22m[2mNo Vocabulary
[22m[39m[UnitContext] useEffect triggered {
  "authLoading": false,
  "hasUser": true,
  "id": "mock-unit-1",
  "userSub": "mock-user-sub",
}
[90mstdout[2m | src/components/VocabularyReview2.stories.tsx[2m > [22m[2mNo Vocabulary
[22m[39m[UnitContext] Fetching unit data for id: mock-unit-1
[90mstdout[2m | src/components/VocabularyReview2.stories.tsx[2m > [22m[2mNo Vocabulary
[22m[39m[Mock Data] generateClient() called - returning mock client
[90mstdout[2m | src/components/VocabularyReview2.stories.tsx[2m > [22m[2mNo Vocabulary
[22m[39m[Mock amplifyClient] getAmplifyClient() called - returning mock client
[90mstdout[2m | src/components/VocabularyReview2.stories.tsx[2m > [22m[2mNo Vocabulary
[22m[39m[Mock Data] Unit.observeQuery() called with filter: {
  "filter": {
    "id": {
      "eq": "mock-unit-1",
    },
  },
}
[90mstdout[2m | src/components/VocabularyReview2.stories.tsx[2m > [22m[2mNo Vocabulary
[22m[39m[Mock Data] Unit.observeQuery() applying filter: {
  "id": {
    "eq": "mock-unit-1",
  },
}
[90mstdout[2m | src/components/VocabularyReview2.stories.tsx[2m > [22m[2mNo Vocabulary
[22m[39m[Mock Data] Unit.observeQuery() items before filter: 0
[90mstdout[2m | src/components/VocabularyReview2.stories.tsx[2m > [22m[2mNo Vocabulary
[22m[39m[Mock Data] Unit.observeQuery() items after filter: 0
[90mstdout[2m | src/components/VocabularyReview2.stories.tsx[2m > [22m[2mNo Vocabulary
[22m[39m[Mock Data] Unit.observeQuery() returning 0 items (filter applied) {
  "filter": {
    "id": {
      "eq": "mock-unit-1",
    },
  },
}
[90mstdout[2m | src/components/VocabularyReview2.stories.tsx[2m > [22m[2mNo Vocabulary
[22m[39m[Mock Data] Unit subscription added. Total subscriptions: 1
[90mstdout[2m | src/components/VocabularyReview2.stories.tsx[2m > [22m[2mNo Vocabulary
[22m[39m[Mock Data] generateClient() called - returning mock client
[90mstdout[2m | src/components/VocabularyReview2.stories.tsx[2m > [22m[2mNo Vocabulary
[22m[39m[Mock amplifyClient] getAmplifyClient() called - returning mock client
[90mstdout[2m | src/components/VocabularyReview2.stories.tsx[2m > [22m[2mNo Vocabulary
[22m[39m[Mock Data] Word.observeQuery() called with filter: undefined
[90mstdout[2m | src/components/VocabularyReview2.stories.tsx[2m > [22m[2mNo Vocabulary
[22m[39m[Mock Data] Word.observeQuery() returning 0 items (filter applied) undefined
[90mstdout[2m | src/components/VocabularyReview2.stories.tsx[2m > [22m[2mNo Vocabulary
[22m[39m[Mock Data] Word subscription added. Total subscriptions: 1
[90mstdout[2m | src/components/VocabularyReview2.stories.tsx[2m > [22m[2mNo Vocabulary
[22m[39m[Mock Data] generateClient() called - returning mock client
[90mstdout[2m | src/components/VocabularyReview2.stories.tsx[2m > [22m[2mNo Vocabulary
[22m[39m[Mock amplifyClient] getAmplifyClient() called - returning mock client
[90mstdout[2m | src/components/VocabularyReview2.stories.tsx[2m > [22m[2mNo Vocabulary
[22m[39m[Mock Data] Question.observeQuery() called with filter: undefined
[90mstdout[2m | src/components/VocabularyReview2.stories.tsx[2m > [22m[2mNo Vocabulary
[22m[39m[Mock Data] Question.observeQuery() returning 0 items (filter applied) undefined
[90mstdout[2m | src/components/VocabularyReview2.stories.tsx[2m > [22m[2mNo Vocabulary
[22m[39m[Mock Data] Question subscription added. Total subscriptions: 1
[90mstdout[2m | src/components/VocabularyReview2.stories.tsx[2m > [22m[2mNo Vocabulary
[22m[39m[FilesContext] Initializing vector store from IndexedDB
[90mstdout[2m | src/components/VocabularyReview2.stories.tsx[2m > [22m[2mNo Vocabulary
[22m[39m[FilesContext] fetchFiles called
[90mstdout[2m | src/components/VocabularyReview2.stories.tsx[2m > [22m[2mNo Vocabulary
[22m[39m[FilesContext] User authenticated: mock-user-sub
[90mstdout[2m | src/components/VocabularyReview2.stories.tsx[2m > [22m[2mNo Vocabulary
[22m[39m[FilesContext] Identity ID: us-east-1:mock-identity-123
[90mstdout[2m | src/components/VocabularyReview2.stories.tsx[2m > [22m[2mNo Vocabulary
[22m[39m[FilesContext] About to subscribe to File model
[90mstdout[2m | src/components/VocabularyReview2.stories.tsx[2m > [22m[2mNo Vocabulary
[22m[39m[Mock Data] generateClient() called - returning mock client
[90mstdout[2m | src/components/VocabularyReview2.stories.tsx[2m > [22m[2mNo Vocabulary
[22m[39m[Mock amplifyClient] getAmplifyClient() called - returning mock client
[90mstdout[2m | src/components/VocabularyReview2.stories.tsx[2m > [22m[2mNo Vocabulary
[22m[39m[Mock Data] File.observeQuery() called with filter: undefined
[90mstdout[2m | src/components/VocabularyReview2.stories.tsx[2m > [22m[2mNo Vocabulary
[22m[39m[Mock Data] File.observeQuery() returning 0 items (filter applied) undefined
[90mstdout[2m | src/components/VocabularyReview2.stories.tsx[2m > [22m[2mNo Vocabulary
[22m[39m[Mock Data] File subscription added. Total subscriptions: 1
[90mstdout[2m | src/components/VocabularyReview2.stories.tsx[2m > [22m[2mNo Vocabulary
[22m[39m[Mock Data] generateClient() called - returning mock client
[90mstdout[2m | src/components/VocabularyReview2.stories.tsx[2m > [22m[2mNo Vocabulary
[22m[39m[Mock amplifyClient] getAmplifyClient() called - returning mock client
[90mstdout[2m | src/components/VocabularyReview2.stories.tsx[2m > [22m[2mNo Vocabulary
[22m[39m[Mock Data] Document.observeQuery() called with filter: undefined
[90mstdout[2m | src/components/VocabularyReview2.stories.tsx[2m > [22m[2mNo Vocabulary
[22m[39m[Mock Data] Document.observeQuery() returning 1 items (filter applied) undefined
[90mstdout[2m | src/components/VocabularyReview2.stories.tsx[2m > [22m[2mNo Vocabulary
[22m[39m[Mock Data] Document subscription added. Total subscriptions: 1
[90mstdout[2m | src/components/VocabularyReview2.stories.tsx[2m > [22m[2mNo Vocabulary
[22m[39m[ChatContext] Setting up observeQuery for AssistantChat
[90mstdout[2m | src/components/VocabularyReview2.stories.tsx[2m > [22m[2mNo Vocabulary
[22m[39m[Mock Data] AssistantChat.observeQuery() called with filter: {
  "sortDirection": "DESC",
  "sortField": "createdAt",
}
[90mstdout[2m | src/components/VocabularyReview2.stories.tsx[2m > [22m[2mNo Vocabulary
[22m[39m[Mock Data] AssistantChat.observeQuery() returning 0 items (filter applied) {
  "sortDirection": "DESC",
  "sortField": "createdAt",
}
[90mstdout[2m | src/components/VocabularyReview2.stories.tsx[2m > [22m[2mNo Vocabulary
[22m[39m[Mock Data] AssistantChat subscription added. Total subscriptions: 1
[90mstdout[2m | src/components/VocabularyReview2.stories.tsx[2m > [22m[2mNo Vocabulary
[22m[39m[ChatContext] Waiting for subscription to initialize
[90mstdout[2m | src/components/VocabularyReview2.stories.tsx[2m > [22m[2mNo Vocabulary
[22m[39m[SettingsContext] Setting up Settings subscription for user: mock-user-sub
[90mstdout[2m | src/components/VocabularyReview2.stories.tsx[2m > [22m[2mNo Vocabulary
[22m[39m[Mock Data] generateClient() called - returning mock client
[90mstdout[2m | src/components/VocabularyReview2.stories.tsx[2m > [22m[2mNo Vocabulary
[22m[39m[Mock amplifyClient] getAmplifyClient() called - returning mock client
[90mstdout[2m | src/components/VocabularyReview2.stories.tsx[2m > [22m[2mNo Vocabulary
[22m[39m[Mock Data] Settings.observeQuery() called with filter: undefined
[90mstdout[2m | src/components/VocabularyReview2.stories.tsx[2m > [22m[2mNo Vocabulary
[22m[39m[Mock Data] Settings.observeQuery() returning 0 items (filter applied) undefined
[90mstdout[2m | src/components/VocabularyReview2.stories.tsx[2m > [22m[2mNo Vocabulary
[22m[39m[Mock Data] Settings subscription added. Total subscriptions: 1
[90mstdout[2m | src/components/VocabularyReview2.stories.tsx[2m > [22m[2mNo Vocabulary
[22m[39m[SectionContext] Initial sections: 0 []
[90mstdout[2m | src/components/VocabularyReview2.stories.tsx[2m > [22m[2mNo Vocabulary
[22m[39m[Mock Data] Section.onCreate() called with filter: undefined
[90mstdout[2m | src/components/VocabularyReview2.stories.tsx[2m > [22m[2mNo Vocabulary
[22m[39m[Mock Data] Section.onCreate() subscription added. Total: 1
[90mstdout[2m | src/components/VocabularyReview2.stories.tsx[2m > [22m[2mNo Vocabulary
[22m[39m[Mock Data] Section.onUpdate() called with filter: undefined
[90mstdout[2m | src/components/VocabularyReview2.stories.tsx[2m > [22m[2mNo Vocabulary
[22m[39m[Mock Data] Section.onUpdate() subscription added. Total: 1
[90mstdout[2m | src/components/VocabularyReview2.stories.tsx[2m > [22m[2mNo Vocabulary
[22m[39m[Mock Data] Section.onDelete() called with filter: undefined
[90mstdout[2m | src/components/VocabularyReview2.stories.tsx[2m > [22m[2mNo Vocabulary
[22m[39m[Mock Data] Section.onDelete() subscription added. Total: 1
[90mstdout[2m | src/components/VocabularyReview2.stories.tsx[2m > [22m[2mNo Vocabulary
[22m[39m[Mock Data] Assignment.onCreate() called with filter: {
  "filter": {
    "unitID": {
      "eq": "mock-unit-1",
    },
  },
}
[90mstdout[2m | src/components/VocabularyReview2.stories.tsx[2m > [22m[2mNo Vocabulary
[22m[39m[Mock Data] Assignment.onCreate() subscription added. Total: 1
[90mstdout[2m | src/components/VocabularyReview2.stories.tsx[2m > [22m[2mNo Vocabulary
[22m[39m[Mock Data] Assignment.onUpdate() called with filter: {
  "filter": {
    "unitID": {
      "eq": "mock-unit-1",
    },
  },
}
[90mstdout[2m | src/components/VocabularyReview2.stories.tsx[2m > [22m[2mNo Vocabulary
[22m[39m[Mock Data] Assignment.onUpdate() subscription added. Total: 1
[90mstdout[2m | src/components/VocabularyReview2.stories.tsx[2m > [22m[2mNo Vocabulary
[22m[39m[Mock Data] Assignment.onDelete() called with filter: {
  "filter": {
    "unitID": {
      "eq": "mock-unit-1",
    },
  },
}
[90mstdout[2m | src/components/VocabularyReview2.stories.tsx[2m > [22m[2mNo Vocabulary
[22m[39m[Mock Data] Assignment.onDelete() subscription added. Total: 1
[90mstdout[2m | src/components/VocabularyReview2.stories.tsx[2m > [22m[2mNo Vocabulary
[22m[39m[FilesContext] File observeQuery subscription triggered:
[90mstdout[2m | src/components/VocabularyReview2.stories.tsx[2m > [22m[2mNo Vocabulary
[22m[39m  - items.length: 0
[90mstdout[2m | src/components/VocabularyReview2.stories.tsx[2m > [22m[2mNo Vocabulary
[22m[39m  - isSynced: true
[90mstdout[2m | src/components/VocabularyReview2.stories.tsx[2m > [22m[2mNo Vocabulary
[22m[39m  - items: []
[90mstdout[2m | src/components/VocabularyReview2.stories.tsx[2m > [22m[2mNo Vocabulary
[22m[39m[FilesContext] Document count changed: 0 → 1
[90mstdout[2m | src/components/VocabularyReview2.stories.tsx[2m > [22m[2mNo Vocabulary
[22m[39m[ChatContext] AssistantChat query update: 0 items (synced)
[90mstdout[2m | src/components/VocabularyReview2.stories.tsx[2m > [22m[2mNo Vocabulary
[22m[39m[ChatContext] AssistantChat subscription initialized
[90mstdout[2m | src/components/VocabularyReview2.stories.tsx[2m > [22m[2mNo Vocabulary
[22m[39m[ChatContext] AssistantChat list updated: 0 chats
[90mstdout[2m | src/components/VocabularyReview2.stories.tsx[2m > [22m[2mNo Vocabulary
[22m[39m[ChatContext] No chats found, clearing current chat - new one will be created
[90mstdout[2m | src/components/VocabularyReview2.stories.tsx[2m > [22m[2mNo Vocabulary
[22m[39m[MOCK CourseVectorStore] Initialized with mock data
[90mstdout[2m | src/components/VocabularyReview2.stories.tsx[2m > [22m[2mNo Vocabulary
[22m[39m[useTranslationWithCapture] t() called: {
  "key": "vocabularyReview.loading",
  "mode": "off",
  "namespace": "components",
  "value": "Loading",
}
[90mstdout[2m | src/components/VocabularyReview2.stories.tsx[2m > [22m[2mNo Vocabulary
[22m[39m[Mock Data] Settings.create() called with: {
  "assistantVoice": "shimmer",
  "autoAnalyzeDocuments": true,
  "defaultAIModel": "gpt-4",
  "documentAnalysisModel": "gpt-4",
  "editorFontSize": 14,
  "editorTheme": "auto",
  "emailNotifications": true,
  "language": "en",
  "webhookNotifications": false,
}
[90mstdout[2m | src/components/VocabularyReview2.stories.tsx[2m > [22m[2mNo Vocabulary
[22m[39m[Mock Data] Settings created: mock-settings-1776336998196 - notified 1 subscribers
[90mstdout[2m | src/components/VocabularyReview2.stories.tsx[2m > [22m[2mNo Vocabulary
[22m[39m[Mock Data] generateClient() called - returning mock client
[90mstdout[2m | src/components/VocabularyReview2.stories.tsx[2m > [22m[2mNo Vocabulary
[22m[39m[Mock amplifyClient] getAmplifyClient() called - returning mock client
[90mstdout[2m | src/components/VocabularyReview2.stories.tsx[2m > [22m[2mNo Vocabulary
[22m[39m[Mock Data] Document.get() called with id: mock-doc-empty
[90mstdout[2m | src/components/VocabularyReview2.stories.tsx[2m > [22m[2mNo Vocabulary
[22m[39m[VocabularyReview2] Setting up ParsedContent subscription for user: undefined
[90mstdout[2m | src/components/VocabularyReview2.stories.tsx[2m > [22m[2mNo Vocabulary
[22m[39m[Mock Data] generateClient() called - returning mock client
[90mstdout[2m | src/components/VocabularyReview2.stories.tsx[2m > [22m[2mNo Vocabulary
[22m[39m[Mock amplifyClient] getAmplifyClient() called - returning mock client
[90mstdout[2m | src/components/VocabularyReview2.stories.tsx[2m > [22m[2mNo Vocabulary
[22m[39m[Mock Data] ParsedContent.observeQuery() called with filter: undefined
[90mstdout[2m | src/components/VocabularyReview2.stories.tsx[2m > [22m[2mNo Vocabulary
[22m[39m[Mock Data] ParsedContent.observeQuery() returning 1 items (filter applied) undefined
[90mstdout[2m | src/components/VocabularyReview2.stories.tsx[2m > [22m[2mNo Vocabulary
[22m[39m[Mock Data] ParsedContent subscription added. Total subscriptions: 1
[90mstdout[2m | src/components/VocabularyReview2.stories.tsx[2m > [22m[2mNo Vocabulary
[22m[39m[ChatContext] No current chat available, will create one
[90mstdout[2m | src/components/VocabularyReview2.stories.tsx[2m > [22m[2mNo Vocabulary
[22m[39m[ChatContext] Creating AssistantChat with user: undefined
[90mstdout[2m | src/components/VocabularyReview2.stories.tsx[2m > [22m[2mNo Vocabulary
[22m[39m[Mock Data] AssistantChat.create() called with: {
  "archived": false,
  "model": "gpt-4",
}
[90mstdout[2m | src/components/VocabularyReview2.stories.tsx[2m > [22m[2mNo Vocabulary
[22m[39m[Mock Data] AssistantChat created: mock-assistantchat-1776336998254 - notified 1 subscribers
[90mstdout[2m | src/components/VocabularyReview2.stories.tsx[2m > [22m[2mNo Vocabulary
[22m[39m[Mock Data] ParsedContent.list() called with options: {
  "filter": {
    "documentID": {
      "eq": "mock-doc-empty",
    },
  },
}
[90mstdout[2m | src/components/VocabularyReview2.stories.tsx[2m > [22m[2mNo Vocabulary
[22m[39m[ChatContext] Create result: {
  "data": {
    "_version": 1,
    "archived": false,
    "chatFiles": [Function anonymous],
    "createdAt": "2026-04-16T10:56:38.254Z",
    "id": "mock-assistantchat-1776336998254",
    "model": "gpt-4",
    "updatedAt": "2026-04-16T10:56:38.254Z",
  },
  "errors": [],
  "hasData": true,
  "hasErrors": true,
}
[90mstdout[2m | src/components/VocabularyReview2.stories.tsx[2m > [22m[2mNo Vocabulary
[22m[39m[ChatContext] Created AssistantChat: mock-assistantchat-1776336998254 at: 2026-04-16T10:56:38.254Z
[90mstdout[2m | src/components/VocabularyReview2.stories.tsx[2m > [22m[2mNo Vocabulary
[22m[39m[ChatContext] AssistantChat query update: 1 items (synced)
[90mstdout[2m | src/components/VocabularyReview2.stories.tsx[2m > [22m[2mNo Vocabulary
[22m[39m[ChatContext] First item details: {
  "id": "mock-assistantchat-1776336998254",
  "updatedAt": "2026-04-16T10:56:38.254Z",
}
[90mstdout[2m | src/components/VocabularyReview2.stories.tsx[2m > [22m[2mNo Vocabulary
[22m[39m[ChatContext] AssistantChat list updated: 1 chats
[90mstdout[2m | src/components/VocabularyReview2.stories.tsx[2m > [22m[2mNo Vocabulary
[22m[39m[ChatContext] Setting initial chat: mock-assistantchat-1776336998254
[90mstdout[2m | src/components/VocabularyReview2.stories.tsx[2m > [22m[2mNo Vocabulary
[22m[39m[useTranslationWithCapture] t() called: {
  "key": "vocabularyReview.noVocabulary",
  "mode": "off",
  "namespace": "components",
  "value": "No Vocabulary",
}
[90mstdout[2m | src/components/VocabularyReview2.stories.tsx[2m > [22m[2mWith Summaries Expanded
[22m[39m[Mock Data] generateClient() called - returning mock client
[90mstdout[2m | src/components/VocabularyReview2.stories.tsx[2m > [22m[2mWith Summaries Expanded
[22m[39m[Mock amplifyClient] getAmplifyClient() called - returning mock client
[90mstdout[2m | src/components/VocabularyReview2.stories.tsx[2m > [22m[2mWith Summaries Expanded
[22m[39m[Mock Data] Document.get() called with id: mock-doc-empty
[90mstdout[2m | src/components/VocabularyReview2.stories.tsx[2m > [22m[2mWith Summaries Expanded
[22m[39m[Mock Data] ParsedContent.list() called with options: {
  "filter": {
    "documentID": {
      "eq": "mock-doc-empty",
    },
  },
}
[90mstdout[2m | src/components/VocabularyReview2.stories.tsx[2m > [22m[2mWith Summaries Expanded
[22m[39m[ChatContext] Chat exists and not archived, skipping creation
[90mstdout[2m | src/components/VocabularyReview2.stories.tsx[2m > [22m[2mWith Summaries Expanded
[22m[39m[useTranslationWithCapture] t() called: {
  "key": "vocabularyReview.noVocabulary",
  "mode": "off",
  "namespace": "components",
  "value": "No Vocabulary",
}
[90mstdout[2m | src/components/VocabularyReview2.stories.tsx[2m > [22m[2mWith Summaries Expanded
[22m[39m[Mock Data] Settings subscription unsubscribed. Remaining: 0
[90mstdout[2m | src/components/VocabularyReview2.stories.tsx[2m > [22m[2mWith Summaries Expanded
[22m[39m[ChatContext] Cleaning up subscription
[90mstdout[2m | src/components/VocabularyReview2.stories.tsx[2m > [22m[2mWith Summaries Expanded
[22m[39m[Mock Data] AssistantChat subscription unsubscribed. Remaining: 0
[90mstdout[2m | src/components/VocabularyReview2.stories.tsx[2m > [22m[2mWith Summaries Expanded
[22m[39m[Mock Data] File subscription unsubscribed. Remaining: 0
[90mstdout[2m | src/components/VocabularyReview2.stories.tsx[2m > [22m[2mWith Summaries Expanded
[22m[39m[Mock Data] Document subscription unsubscribed. Remaining: 0
[90mstdout[2m | src/components/VocabularyReview2.stories.tsx[2m > [22m[2mWith Summaries Expanded
[22m[39m[Mock Data] Word subscription unsubscribed. Remaining: 0
[90mstdout[2m | src/components/VocabularyReview2.stories.tsx[2m > [22m[2mWith Summaries Expanded
[22m[39m[Mock Data] Question subscription unsubscribed. Remaining: 0
[90mstdout[2m | src/components/VocabularyReview2.stories.tsx[2m > [22m[2mWith Summaries Expanded
[22m[39m[Mock Data] Grade subscription unsubscribed. Remaining: 0
[90mstdout[2m | src/components/VocabularyReview2.stories.tsx[2m > [22m[2mWith Summaries Expanded
[22m[39m[Mock Data] Unit subscription unsubscribed. Remaining: 0
[90mstdout[2m | src/components/VocabularyReview2.stories.tsx[2m > [22m[2mWith Summaries Expanded
[22m[39m[SectionContext] Cleaning up subscriptions
[90mstdout[2m | src/components/VocabularyReview2.stories.tsx[2m > [22m[2mWith Summaries Expanded
[22m[39m[Mock Data] Section.onCreate() subscription removed. Remaining: 0
[90mstdout[2m | src/components/VocabularyReview2.stories.tsx[2m > [22m[2mWith Summaries Expanded
[22m[39m[Mock Data] Section.onUpdate() subscription removed. Remaining: 0
[90mstdout[2m | src/components/VocabularyReview2.stories.tsx[2m > [22m[2mWith Summaries Expanded
[22m[39m[Mock Data] Section.onDelete() subscription removed. Remaining: 0
[90mstdout[2m | src/components/VocabularyReview2.stories.tsx[2m > [22m[2mWith Summaries Expanded
[22m[39m[Mock Data] Assignment.onCreate() subscription removed. Remaining: 0
[90mstdout[2m | src/components/VocabularyReview2.stories.tsx[2m > [22m[2mWith Summaries Expanded
[22m[39m[Mock Data] Assignment.onUpdate() subscription removed. Remaining: 0
[90mstdout[2m | src/components/VocabularyReview2.stories.tsx[2m > [22m[2mWith Summaries Expanded
[22m[39m[Mock Data] Assignment.onDelete() subscription removed. Remaining: 0
[90mstdout[2m | src/components/VocabularyReview2.stories.tsx[2m > [22m[2mWith Summaries Expanded
[22m[39m[Mock Data] ParsedContent subscription unsubscribed. Remaining: 0
[90mstdout[2m | src/components/VocabularyReview2.stories.tsx[2m > [22m[2mWith Summaries Expanded
[22m[39m[Mock Data] Clearing all data stores
[90mstdout[2m | src/components/VocabularyReview2.stories.tsx[2m > [22m[2mWith Summaries Expanded
[22m[39m[Mock Data] All data stores cleared
[90mstdout[2m | src/components/VocabularyReview2.stories.tsx[2m > [22m[2mWith Summaries Expanded
[22m[39m[Preview] Cleared mock data for story
[90mstdout[2m | src/components/VocabularyReview2.stories.tsx[2m > [22m[2mWith Summaries Expanded
[22m[39m[Preview] Skipped initializing default mock data (initializeMockData=false)
[90mstdout[2m | src/components/VocabularyReview2.stories.tsx[2m > [22m[2mWith Summaries Expanded
[22m[39m[Mock AuthContext] Providing auth: {
  "error": undefined,
  "isLoading": false,
  "session": {
    "idToken": {
      "toString": [Function toString],
    },
    "identityId": "us-east-1:mock-identity-123",
    "username": "mock-user-sub",
  },
  "user": {
    "attributes": {
      "email": "alice@example.com",
      "name": "Alice Student",
      "sub": "mock-user-sub",
    },
  },
}
[90mstdout[2m | src/components/VocabularyReview2.stories.tsx[2m > [22m[2mWith Summaries Expanded
[22m[39m[Mock Data] generateClient() called - returning mock client
[90mstdout[2m | src/components/VocabularyReview2.stories.tsx[2m > [22m[2mWith Summaries Expanded
[22m[39m[Mock amplifyClient] getAmplifyClient() called - returning mock client
[90mstdout[2m | src/components/VocabularyReview2.stories.tsx[2m > [22m[2mWith Summaries Expanded
[22m[39m[MOCK CourseVectorStore] Initialized with mock data
[90mstdout[2m | src/components/VocabularyReview2.stories.tsx[2m > [22m[2mWith Summaries Expanded
[22m[39m[TranslationModeController] Setting mode to: off
[90mstdout[2m | src/components/VocabularyReview2.stories.tsx[2m > [22m[2mWith Summaries Expanded
[22m[39m[SectionContext] useEffect triggered {
  "authLoading": false,
  "hasUser": true,
  "userSub": "mock-user-sub",
}
[90mstdout[2m | src/components/VocabularyReview2.stories.tsx[2m > [22m[2mWith Summaries Expanded
[22m[39m[SectionContext] Fetching sections for userId: mock-user-sub
[90mstdout[2m | src/components/VocabularyReview2.stories.tsx[2m > [22m[2mWith Summaries Expanded
[22m[39m[Mock Data] generateClient() called - returning mock client
[90mstdout[2m | src/components/VocabularyReview2.stories.tsx[2m > [22m[2mWith Summaries Expanded
[22m[39m[Mock amplifyClient] getAmplifyClient() called - returning mock client
[90mstdout[2m | src/components/VocabularyReview2.stories.tsx[2m > [22m[2mWith Summaries Expanded
[22m[39m[Mock Data] Section.list() called with options: undefined
[90mstdout[2m | src/components/VocabularyReview2.stories.tsx[2m > [22m[2mWith Summaries Expanded
[22m[39m[Mock Data] generateClient() called - returning mock client
[90mstdout[2m | src/components/VocabularyReview2.stories.tsx[2m > [22m[2mWith Summaries Expanded
[22m[39m[Mock amplifyClient] getAmplifyClient() called - returning mock client
[90mstdout[2m | src/components/VocabularyReview2.stories.tsx[2m > [22m[2mWith Summaries Expanded
[22m[39m[Mock Data] Assignment.list() called with options: {
  "filter": {
    "unitID": {
      "eq": "mock-unit-1",
    },
  },
}
[90mstdout[2m | src/components/VocabularyReview2.stories.tsx[2m > [22m[2mWith Summaries Expanded
[22m[39m[Mock Data] generateClient() called - returning mock client
[90mstdout[2m | src/components/VocabularyReview2.stories.tsx[2m > [22m[2mWith Summaries Expanded
[22m[39m[Mock amplifyClient] getAmplifyClient() called - returning mock client
[90mstdout[2m | src/components/VocabularyReview2.stories.tsx[2m > [22m[2mWith Summaries Expanded
[22m[39m[Mock Data] Grade.observeQuery() called with filter: {
  "filter": {
    "unitID": {
      "eq": "mock-unit-1",
    },
  },
}
[90mstdout[2m | src/components/VocabularyReview2.stories.tsx[2m > [22m[2mWith Summaries Expanded
[22m[39m[Mock Data] Grade.observeQuery() applying filter: {
  "unitID": {
    "eq": "mock-unit-1",
  },
}
[90mstdout[2m | src/components/VocabularyReview2.stories.tsx[2m > [22m[2mWith Summaries Expanded
[22m[39m[Mock Data] Grade.observeQuery() items before filter: 0
[90mstdout[2m | src/components/VocabularyReview2.stories.tsx[2m > [22m[2mWith Summaries Expanded
[22m[39m[Mock Data] Grade.observeQuery() items after filter: 0
[90mstdout[2m | src/components/VocabularyReview2.stories.tsx[2m > [22m[2mWith Summaries Expanded
[22m[39m[Mock Data] Grade.observeQuery() returning 0 items (filter applied) {
  "filter": {
    "unitID": {
      "eq": "mock-unit-1",
    },
  },
}
[90mstdout[2m | src/components/VocabularyReview2.stories.tsx[2m > [22m[2mWith Summaries Expanded
[22m[39m[Mock Data] Grade subscription added. Total subscriptions: 1
[90mstdout[2m | src/components/VocabularyReview2.stories.tsx[2m > [22m[2mWith Summaries Expanded
[22m[39m[UnitContext] useEffect triggered {
  "authLoading": false,
  "hasUser": true,
  "id": "mock-unit-1",
  "userSub": "mock-user-sub",
}
[90mstdout[2m | src/components/VocabularyReview2.stories.tsx[2m > [22m[2mWith Summaries Expanded
[22m[39m[UnitContext] Fetching unit data for id: mock-unit-1
[90mstdout[2m | src/components/VocabularyReview2.stories.tsx[2m > [22m[2mWith Summaries Expanded
[22m[39m[Mock Data] generateClient() called - returning mock client
[90mstdout[2m | src/components/VocabularyReview2.stories.tsx[2m > [22m[2mWith Summaries Expanded
[22m[39m[Mock amplifyClient] getAmplifyClient() called - returning mock client
[90mstdout[2m | src/components/VocabularyReview2.stories.tsx[2m > [22m[2mWith Summaries Expanded
[22m[39m[Mock Data] Unit.observeQuery() called with filter: {
  "filter": {
    "id": {
      "eq": "mock-unit-1",
    },
  },
}
[90mstdout[2m | src/components/VocabularyReview2.stories.tsx[2m > [22m[2mWith Summaries Expanded
[22m[39m[Mock Data] Unit.observeQuery() applying filter: {
  "id": {
    "eq": "mock-unit-1",
  },
}
[90mstdout[2m | src/components/VocabularyReview2.stories.tsx[2m > [22m[2mWith Summaries Expanded
[22m[39m[Mock Data] Unit.observeQuery() items before filter: 0
[90mstdout[2m | src/components/VocabularyReview2.stories.tsx[2m > [22m[2mWith Summaries Expanded
[22m[39m[Mock Data] Unit.observeQuery() items after filter: 0
[90mstdout[2m | src/components/VocabularyReview2.stories.tsx[2m > [22m[2mWith Summaries Expanded
[22m[39m[Mock Data] Unit.observeQuery() returning 0 items (filter applied) {
  "filter": {
    "id": {
      "eq": "mock-unit-1",
    },
  },
}
[90mstdout[2m | src/components/VocabularyReview2.stories.tsx[2m > [22m[2mWith Summaries Expanded
[22m[39m[Mock Data] Unit subscription added. Total subscriptions: 1
[90mstdout[2m | src/components/VocabularyReview2.stories.tsx[2m > [22m[2mWith Summaries Expanded
[22m[39m[Mock Data] generateClient() called - returning mock client
[90mstdout[2m | src/components/VocabularyReview2.stories.tsx[2m > [22m[2mWith Summaries Expanded
[22m[39m[Mock amplifyClient] getAmplifyClient() called - returning mock client
[90mstdout[2m | src/components/VocabularyReview2.stories.tsx[2m > [22m[2mWith Summaries Expanded
[22m[39m[Mock Data] Word.observeQuery() called with filter: undefined
[90mstdout[2m | src/components/VocabularyReview2.stories.tsx[2m > [22m[2mWith Summaries Expanded
[22m[39m[Mock Data] Word.observeQuery() returning 0 items (filter applied) undefined
[90mstdout[2m | src/components/VocabularyReview2.stories.tsx[2m > [22m[2mWith Summaries Expanded
[22m[39m[Mock Data] Word subscription added. Total subscriptions: 1
[90mstdout[2m | src/components/VocabularyReview2.stories.tsx[2m > [22m[2mWith Summaries Expanded
[22m[39m[Mock Data] generateClient() called - returning mock client
[90mstdout[2m | src/components/VocabularyReview2.stories.tsx[2m > [22m[2mWith Summaries Expanded
[22m[39m[Mock amplifyClient] getAmplifyClient() called - returning mock client
[90mstdout[2m | src/components/VocabularyReview2.stories.tsx[2m > [22m[2mWith Summaries Expanded
[22m[39m[Mock Data] Question.observeQuery() called with filter: undefined
[90mstdout[2m | src/components/VocabularyReview2.stories.tsx[2m > [22m[2mWith Summaries Expanded
[22m[39m[Mock Data] Question.observeQuery() returning 0 items (filter applied) undefined
[90mstdout[2m | src/components/VocabularyReview2.stories.tsx[2m > [22m[2mWith Summaries Expanded
[22m[39m[Mock Data] Question subscription added. Total subscriptions: 1
[90mstdout[2m | src/components/VocabularyReview2.stories.tsx[2m > [22m[2mWith Summaries Expanded
[22m[39m[FilesContext] Initializing vector store from IndexedDB
[90mstdout[2m | src/components/VocabularyReview2.stories.tsx[2m > [22m[2mWith Summaries Expanded
[22m[39m[FilesContext] fetchFiles called
[90mstdout[2m | src/components/VocabularyReview2.stories.tsx[2m > [22m[2mWith Summaries Expanded
[22m[39m[FilesContext] User authenticated: mock-user-sub
[90mstdout[2m | src/components/VocabularyReview2.stories.tsx[2m > [22m[2mWith Summaries Expanded
[22m[39m[FilesContext] Identity ID: us-east-1:mock-identity-123
[90mstdout[2m | src/components/VocabularyReview2.stories.tsx[2m > [22m[2mWith Summaries Expanded
[22m[39m[FilesContext] About to subscribe to File model
[90mstdout[2m | src/components/VocabularyReview2.stories.tsx[2m > [22m[2mWith Summaries Expanded
[22m[39m[Mock Data] generateClient() called - returning mock client
[90mstdout[2m | src/components/VocabularyReview2.stories.tsx[2m > [22m[2mWith Summaries Expanded
[22m[39m[Mock amplifyClient] getAmplifyClient() called - returning mock client
[90mstdout[2m | src/components/VocabularyReview2.stories.tsx[2m > [22m[2mWith Summaries Expanded
[22m[39m[Mock Data] File.observeQuery() called with filter: undefined
[90mstdout[2m | src/components/VocabularyReview2.stories.tsx[2m > [22m[2mWith Summaries Expanded
[22m[39m[Mock Data] File.observeQuery() returning 0 items (filter applied) undefined
[90mstdout[2m | src/components/VocabularyReview2.stories.tsx[2m > [22m[2mWith Summaries Expanded
[22m[39m[Mock Data] File subscription added. Total subscriptions: 1
[90mstdout[2m | src/components/VocabularyReview2.stories.tsx[2m > [22m[2mWith Summaries Expanded
[22m[39m[Mock Data] generateClient() called - returning mock client
[90mstdout[2m | src/components/VocabularyReview2.stories.tsx[2m > [22m[2mWith Summaries Expanded
[22m[39m[Mock amplifyClient] getAmplifyClient() called - returning mock client
[90mstdout[2m | src/components/VocabularyReview2.stories.tsx[2m > [22m[2mWith Summaries Expanded
[22m[39m[Mock Data] Document.observeQuery() called with filter: undefined
[90mstdout[2m | src/components/VocabularyReview2.stories.tsx[2m > [22m[2mWith Summaries Expanded
[22m[39m[Mock Data] Document.observeQuery() returning 0 items (filter applied) undefined
[90mstdout[2m | src/components/VocabularyReview2.stories.tsx[2m > [22m[2mWith Summaries Expanded
[22m[39m[Mock Data] Document subscription added. Total subscriptions: 1
[90mstdout[2m | src/components/VocabularyReview2.stories.tsx[2m > [22m[2mWith Summaries Expanded
[22m[39m[ChatContext] Setting up observeQuery for AssistantChat
[90mstdout[2m | src/components/VocabularyReview2.stories.tsx[2m > [22m[2mWith Summaries Expanded
[22m[39m[Mock Data] AssistantChat.observeQuery() called with filter: {
  "sortDirection": "DESC",
  "sortField": "createdAt",
}
[90mstdout[2m | src/components/VocabularyReview2.stories.tsx[2m > [22m[2mWith Summaries Expanded
[22m[39m[Mock Data] AssistantChat.observeQuery() returning 0 items (filter applied) {
  "sortDirection": "DESC",
  "sortField": "createdAt",
}
[90mstdout[2m | src/components/VocabularyReview2.stories.tsx[2m > [22m[2mWith Summaries Expanded
[22m[39m[Mock Data] AssistantChat subscription added. Total subscriptions: 1
[90mstdout[2m | src/components/VocabularyReview2.stories.tsx[2m > [22m[2mWith Summaries Expanded
[22m[39m[ChatContext] Waiting for subscription to initialize
[90mstdout[2m | src/components/VocabularyReview2.stories.tsx[2m > [22m[2mWith Summaries Expanded
[22m[39m[SettingsContext] Setting up Settings subscription for user: mock-user-sub
[90mstdout[2m | src/components/VocabularyReview2.stories.tsx[2m > [22m[2mWith Summaries Expanded
[22m[39m[Mock Data] generateClient() called - returning mock client
[90mstdout[2m | src/components/VocabularyReview2.stories.tsx[2m > [22m[2mWith Summaries Expanded
[22m[39m[Mock amplifyClient] getAmplifyClient() called - returning mock client
[90mstdout[2m | src/components/VocabularyReview2.stories.tsx[2m > [22m[2mWith Summaries Expanded
[22m[39m[Mock Data] Settings.observeQuery() called with filter: undefined
[90mstdout[2m | src/components/VocabularyReview2.stories.tsx[2m > [22m[2mWith Summaries Expanded
[22m[39m[Mock Data] Settings.observeQuery() returning 0 items (filter applied) undefined
[90mstdout[2m | src/components/VocabularyReview2.stories.tsx[2m > [22m[2mWith Summaries Expanded
[22m[39m[Mock Data] Settings subscription added. Total subscriptions: 1
[90mstdout[2m | src/components/VocabularyReview2.stories.tsx[2m > [22m[2mWith Summaries Expanded
[22m[39m[SectionContext] Initial sections: 0 []
[90mstdout[2m | src/components/VocabularyReview2.stories.tsx[2m > [22m[2mWith Summaries Expanded
[22m[39m[Mock Data] Section.onCreate() called with filter: undefined
[90mstdout[2m | src/components/VocabularyReview2.stories.tsx[2m > [22m[2mWith Summaries Expanded
[22m[39m[Mock Data] Section.onCreate() subscription added. Total: 1
[90mstdout[2m | src/components/VocabularyReview2.stories.tsx[2m > [22m[2mWith Summaries Expanded
[22m[39m[Mock Data] Section.onUpdate() called with filter: undefined
[90mstdout[2m | src/components/VocabularyReview2.stories.tsx[2m > [22m[2mWith Summaries Expanded
[22m[39m[Mock Data] Section.onUpdate() subscription added. Total: 1
[90mstdout[2m | src/components/VocabularyReview2.stories.tsx[2m > [22m[2mWith Summaries Expanded
[22m[39m[Mock Data] Section.onDelete() called with filter: undefined
[90mstdout[2m | src/components/VocabularyReview2.stories.tsx[2m > [22m[2mWith Summaries Expanded
[22m[39m[Mock Data] Section.onDelete() subscription added. Total: 1
[90mstdout[2m | src/components/VocabularyReview2.stories.tsx[2m > [22m[2mWith Summaries Expanded
[22m[39m[Mock Data] Assignment.onCreate() called with filter: {
  "filter": {
    "unitID": {
      "eq": "mock-unit-1",
    },
  },
}
[90mstdout[2m | src/components/VocabularyReview2.stories.tsx[2m > [22m[2mWith Summaries Expanded
[22m[39m[Mock Data] Assignment.onCreate() subscription added. Total: 1
[90mstdout[2m | src/components/VocabularyReview2.stories.tsx[2m > [22m[2mWith Summaries Expanded
[22m[39m[Mock Data] Assignment.onUpdate() called with filter: {
  "filter": {
    "unitID": {
      "eq": "mock-unit-1",
    },
  },
}
[90mstdout[2m | src/components/VocabularyReview2.stories.tsx[2m > [22m[2mWith Summaries Expanded
[22m[39m[Mock Data] Assignment.onUpdate() subscription added. Total: 1
[90mstdout[2m | src/components/VocabularyReview2.stories.tsx[2m > [22m[2mWith Summaries Expanded
[22m[39m[Mock Data] Assignment.onDelete() called with filter: {
  "filter": {
    "unitID": {
      "eq": "mock-unit-1",
    },
  },
}
[90mstdout[2m | src/components/VocabularyReview2.stories.tsx[2m > [22m[2mWith Summaries Expanded
[22m[39m[Mock Data] Assignment.onDelete() subscription added. Total: 1
[90mstdout[2m | src/components/VocabularyReview2.stories.tsx[2m > [22m[2mWith Summaries Expanded
[22m[39m[FilesContext] File observeQuery subscription triggered:
[90mstdout[2m | src/components/VocabularyReview2.stories.tsx[2m > [22m[2mWith Summaries Expanded
[22m[39m  - items.length: 0
[90mstdout[2m | src/components/VocabularyReview2.stories.tsx[2m > [22m[2mWith Summaries Expanded
[22m[39m  - isSynced: true
[90mstdout[2m | src/components/VocabularyReview2.stories.tsx[2m > [22m[2mWith Summaries Expanded
[22m[39m  - items: []
[90mstdout[2m | src/components/VocabularyReview2.stories.tsx[2m > [22m[2mWith Summaries Expanded
[22m[39m[useTranslationWithCapture] t() called: {
  "key": "vocabularyReview.loading",
  "mode": "off",
  "namespace": "components",
  "value": "Loading",
}
[90mstdout[2m | src/components/VocabularyReview2.stories.tsx[2m > [22m[2mWith Summaries Expanded
[22m[39m[ChatContext] AssistantChat query update: 0 items (synced)
[90mstdout[2m | src/components/VocabularyReview2.stories.tsx[2m > [22m[2mWith Summaries Expanded
[22m[39m[ChatContext] AssistantChat subscription initialized
[90mstdout[2m | src/components/VocabularyReview2.stories.tsx[2m > [22m[2mWith Summaries Expanded
[22m[39m[ChatContext] AssistantChat list updated: 0 chats
[90mstdout[2m | src/components/VocabularyReview2.stories.tsx[2m > [22m[2mWith Summaries Expanded
[22m[39m[Mock Data] Settings.create() called with: {
  "assistantVoice": "shimmer",
  "autoAnalyzeDocuments": true,
  "defaultAIModel": "gpt-4",
  "documentAnalysisModel": "gpt-4",
  "editorFontSize": 14,
  "editorTheme": "auto",
  "emailNotifications": true,
  "language": "en",
  "webhookNotifications": false,
}
[90mstdout[2m | src/components/VocabularyReview2.stories.tsx[2m > [22m[2mWith Summaries Expanded
[22m[39m[Mock Data] Settings created: mock-settings-1776336998342 - notified 1 subscribers
[90mstdout[2m | src/components/VocabularyReview2.stories.tsx[2m > [22m[2mWith Summaries Expanded
[22m[39m[Mock Data] generateClient() called - returning mock client
[90mstdout[2m | src/components/VocabularyReview2.stories.tsx[2m > [22m[2mWith Summaries Expanded
[22m[39m[Mock amplifyClient] getAmplifyClient() called - returning mock client
[90mstdout[2m | src/components/VocabularyReview2.stories.tsx[2m > [22m[2mWith Summaries Expanded
[22m[39m[Mock Data] Document.get() called with id: mock-doc-1
[90mstdout[2m | src/components/VocabularyReview2.stories.tsx[2m > [22m[2mWith Summaries Expanded
[22m[39m[VocabularyReview2] Setting up ParsedContent subscription for user: undefined
[90mstdout[2m | src/components/VocabularyReview2.stories.tsx[2m > [22m[2mWith Summaries Expanded
[22m[39m[Mock Data] generateClient() called - returning mock client
[90mstdout[2m | src/components/VocabularyReview2.stories.tsx[2m > [22m[2mWith Summaries Expanded
[22m[39m[Mock amplifyClient] getAmplifyClient() called - returning mock client
[90mstdout[2m | src/components/VocabularyReview2.stories.tsx[2m > [22m[2mWith Summaries Expanded
[22m[39m[Mock Data] ParsedContent.observeQuery() called with filter: undefined
[90mstdout[2m | src/components/VocabularyReview2.stories.tsx[2m > [22m[2mWith Summaries Expanded
[22m[39m[Mock Data] ParsedContent.observeQuery() returning 0 items (filter applied) undefined
[90mstdout[2m | src/components/VocabularyReview2.stories.tsx[2m > [22m[2mWith Summaries Expanded
[22m[39m[Mock Data] ParsedContent subscription added. Total subscriptions: 1
[90mstdout[2m | src/components/VocabularyReview2.stories.tsx[2m > [22m[2mWith Summaries Expanded
[22m[39m[ChatContext] No chats found, clearing current chat - new one will be created
[90mstdout[2m | src/components/VocabularyReview2.stories.tsx[2m > [22m[2mWith Summaries Expanded
[22m[39m[Mock Data] ParsedContent.list() called with options: {
  "filter": {
    "documentID": {
      "eq": "mock-doc-1",
    },
  },
}
[90mstdout[2m | src/components/VocabularyReview2.stories.tsx[2m > [22m[2mWith Summaries Expanded
[22m[39m[ChatContext] No current chat available, will create one
[90mstdout[2m | src/components/VocabularyReview2.stories.tsx[2m > [22m[2mWith Summaries Expanded
[22m[39m[ChatContext] Creating AssistantChat with user: undefined
[90mstdout[2m | src/components/VocabularyReview2.stories.tsx[2m > [22m[2mWith Summaries Expanded
[22m[39m[Mock Data] AssistantChat.create() called with: {
  "archived": false,
  "model": "gpt-4",
}
[90mstdout[2m | src/components/VocabularyReview2.stories.tsx[2m > [22m[2mWith Summaries Expanded
[22m[39m[Mock Data] AssistantChat created: mock-assistantchat-1776336998409 - notified 1 subscribers
[90mstdout[2m | src/components/VocabularyReview2.stories.tsx[2m > [22m[2mWith Summaries Expanded
[22m[39m[useTranslationWithCapture] t() called: {
  "key": "vocabularyReview.noVocabulary",
  "mode": "off",
  "namespace": "components",
  "value": "No Vocabulary",
}
[90mstdout[2m | src/components/VocabularyReview2.stories.tsx[2m > [22m[2mWith Summaries Expanded
[22m[39m[ChatContext] Create result: {
  "data": {
    "_version": 1,
    "archived": false,
    "chatFiles": [Function anonymous],
    "createdAt": "2026-04-16T10:56:38.409Z",
    "id": "mock-assistantchat-1776336998409",
    "model": "gpt-4",
    "updatedAt": "2026-04-16T10:56:38.409Z",
  },
  "errors": [],
  "hasData": true,
  "hasErrors": true,
}
[90mstdout[2m | src/components/VocabularyReview2.stories.tsx[2m > [22m[2mWith Summaries Expanded
[22m[39m[ChatContext] Created AssistantChat: mock-assistantchat-1776336998409 at: 2026-04-16T10:56:38.409Z
[90mstdout[2m | src/components/VocabularyReview2.stories.tsx[2m > [22m[2mPlayground
[22m[39m[ChatContext] AssistantChat query update: 1 items (synced)
[90mstdout[2m | src/components/VocabularyReview2.stories.tsx[2m > [22m[2mPlayground
[22m[39m[ChatContext] First item details: {
  "id": "mock-assistantchat-1776336998409",
  "updatedAt": "2026-04-16T10:56:38.409Z",
}
[90mstdout[2m | src/components/VocabularyReview2.stories.tsx[2m > [22m[2mPlayground
[22m[39m[ChatContext] AssistantChat list updated: 1 chats
[90mstdout[2m | src/components/VocabularyReview2.stories.tsx[2m > [22m[2mPlayground
[22m[39m[ChatContext] Setting initial chat: mock-assistantchat-1776336998409
[90mstdout[2m | src/components/VocabularyReview2.stories.tsx[2m > [22m[2mPlayground
[22m[39m[Mock Data] generateClient() called - returning mock client
[90mstdout[2m | src/components/VocabularyReview2.stories.tsx[2m > [22m[2mPlayground
[22m[39m[Mock amplifyClient] getAmplifyClient() called - returning mock client
[90mstdout[2m | src/components/VocabularyReview2.stories.tsx[2m > [22m[2mPlayground
[22m[39m[Mock Data] Document.get() called with id: mock-doc-1
[90mstdout[2m | src/components/VocabularyReview2.stories.tsx[2m > [22m[2mPlayground
[22m[39m[Mock Data] ParsedContent.list() called with options: {
  "filter": {
    "documentID": {
      "eq": "mock-doc-1",
    },
  },
}
[90mstdout[2m | src/components/VocabularyReview2.stories.tsx[2m > [22m[2mPlayground
[22m[39m[ChatContext] Chat exists and not archived, skipping creation
[90mstdout[2m | src/components/VocabularyReview2.stories.tsx[2m > [22m[2mPlayground
[22m[39m[useTranslationWithCapture] t() called: {
  "key": "vocabularyReview.noVocabulary",
  "mode": "off",
  "namespace": "components",
  "value": "No Vocabulary",
}
[90mstdout[2m | src/components/VocabularyReview2.stories.tsx[2m > [22m[2mPlayground
[22m[39m[Mock Data] Settings subscription unsubscribed. Remaining: 0
[90mstdout[2m | src/components/VocabularyReview2.stories.tsx[2m > [22m[2mPlayground
[22m[39m[ChatContext] Cleaning up subscription
[90mstdout[2m | src/components/VocabularyReview2.stories.tsx[2m > [22m[2mPlayground
[22m[39m[Mock Data] AssistantChat subscription unsubscribed. Remaining: 0
[90mstdout[2m | src/components/VocabularyReview2.stories.tsx[2m > [22m[2mPlayground
[22m[39m[Mock Data] File subscription unsubscribed. Remaining: 0
[90mstdout[2m | src/components/VocabularyReview2.stories.tsx[2m > [22m[2mPlayground
[22m[39m[Mock Data] Document subscription unsubscribed. Remaining: 0
[90mstdout[2m | src/components/VocabularyReview2.stories.tsx[2m > [22m[2mPlayground
[22m[39m[Mock Data] Word subscription unsubscribed. Remaining: 0
[90mstdout[2m | src/components/VocabularyReview2.stories.tsx[2m > [22m[2mPlayground
[22m[39m[Mock Data] Question subscription unsubscribed. Remaining: 0
[90mstdout[2m | src/components/VocabularyReview2.stories.tsx[2m > [22m[2mPlayground
[22m[39m[Mock Data] Grade subscription unsubscribed. Remaining: 0
[90mstdout[2m | src/components/VocabularyReview2.stories.tsx[2m > [22m[2mPlayground
[22m[39m[Mock Data] Unit subscription unsubscribed. Remaining: 0
[90mstdout[2m | src/components/VocabularyReview2.stories.tsx[2m > [22m[2mPlayground
[22m[39m[SectionContext] Cleaning up subscriptions
[90mstdout[2m | src/components/VocabularyReview2.stories.tsx[2m > [22m[2mPlayground
[22m[39m[Mock Data] Section.onCreate() subscription removed. Remaining: 0
[90mstdout[2m | src/components/VocabularyReview2.stories.tsx[2m > [22m[2mPlayground
[22m[39m[Mock Data] Section.onUpdate() subscription removed. Remaining: 0
[90mstdout[2m | src/components/VocabularyReview2.stories.tsx[2m > [22m[2mPlayground
[22m[39m[Mock Data] Section.onDelete() subscription removed. Remaining: 0
[90mstdout[2m | src/components/VocabularyReview2.stories.tsx[2m > [22m[2mPlayground
[22m[39m[Mock Data] Assignment.onCreate() subscription removed. Remaining: 0
[90mstdout[2m | src/components/VocabularyReview2.stories.tsx[2m > [22m[2mPlayground
[22m[39m[Mock Data] Assignment.onUpdate() subscription removed. Remaining: 0
[90mstdout[2m | src/components/VocabularyReview2.stories.tsx[2m > [22m[2mPlayground
[22m[39m[Mock Data] Assignment.onDelete() subscription removed. Remaining: 0
[90mstdout[2m | src/components/VocabularyReview2.stories.tsx[2m > [22m[2mPlayground
[22m[39m[Mock Data] ParsedContent subscription unsubscribed. Remaining: 0
[90mstdout[2m | src/components/VocabularyReview2.stories.tsx[2m > [22m[2mPlayground
[22m[39m[Mock Data] Clearing all data stores
[90mstdout[2m | src/components/VocabularyReview2.stories.tsx[2m > [22m[2mPlayground
[22m[39m[Mock Data] All data stores cleared
[90mstdout[2m | src/components/VocabularyReview2.stories.tsx[2m > [22m[2mPlayground
[22m[39m[Preview] Cleared mock data for story
[90mstdout[2m | src/components/VocabularyReview2.stories.tsx[2m > [22m[2mPlayground
[22m[39m[Preview] Skipped initializing default mock data (initializeMockData=false)
[90mstdout[2m | src/components/VocabularyReview2.stories.tsx[2m > [22m[2mPlayground
[22m[39m[Mock Data] seedMockDocuments: Adding 1 documents
[90mstdout[2m | src/components/VocabularyReview2.stories.tsx[2m > [22m[2mPlayground
[22m[39m[Mock Data] seedMockParsedContent: Adding 1 parsed content records
[90mstdout[2m | src/components/VocabularyReview2.stories.tsx[2m > [22m[2mPlayground
[22m[39m[Mock AuthContext] Providing auth: {
  "error": undefined,
  "isLoading": false,
  "session": {
    "idToken": {
      "toString": [Function toString],
    },
    "identityId": "us-east-1:mock-identity-123",
    "username": "mock-user-sub",
  },
  "user": {
    "attributes": {
      "email": "alice@example.com",
      "name": "Alice Student",
      "sub": "mock-user-sub",
    },
  },
}
[90mstdout[2m | src/components/VocabularyReview2.stories.tsx[2m > [22m[2mPlayground
[22m[39m[Mock Data] generateClient() called - returning mock client
[90mstdout[2m | src/components/VocabularyReview2.stories.tsx[2m > [22m[2mPlayground
[22m[39m[Mock amplifyClient] getAmplifyClient() called - returning mock client
[90mstdout[2m | src/components/VocabularyReview2.stories.tsx[2m > [22m[2mPlayground
[22m[39m[MOCK CourseVectorStore] Initialized with mock data
[90mstdout[2m | src/components/VocabularyReview2.stories.tsx[2m > [22m[2mPlayground
[22m[39m[TranslationModeController] Setting mode to: off
[90mstdout[2m | src/components/VocabularyReview2.stories.tsx[2m > [22m[2mPlayground
[22m[39m[SectionContext] useEffect triggered {
  "authLoading": false,
  "hasUser": true,
  "userSub": "mock-user-sub",
}
[90mstdout[2m | src/components/VocabularyReview2.stories.tsx[2m > [22m[2mPlayground
[22m[39m[SectionContext] Fetching sections for userId: mock-user-sub
[90mstdout[2m | src/components/VocabularyReview2.stories.tsx[2m > [22m[2mPlayground
[22m[39m[Mock Data] generateClient() called - returning mock client
[90mstdout[2m | src/components/VocabularyReview2.stories.tsx[2m > [22m[2mPlayground
[22m[39m[Mock amplifyClient] getAmplifyClient() called - returning mock client
[90mstdout[2m | src/components/VocabularyReview2.stories.tsx[2m > [22m[2mPlayground
[22m[39m[Mock Data] Section.list() called with options: undefined
[90mstdout[2m | src/components/VocabularyReview2.stories.tsx[2m > [22m[2mPlayground
[22m[39m[Mock Data] generateClient() called - returning mock client
[90mstdout[2m | src/components/VocabularyReview2.stories.tsx[2m > [22m[2mPlayground
[22m[39m[Mock amplifyClient] getAmplifyClient() called - returning mock client
[90mstdout[2m | src/components/VocabularyReview2.stories.tsx[2m > [22m[2mPlayground
[22m[39m[Mock Data] Assignment.list() called with options: {
  "filter": {
    "unitID": {
      "eq": "mock-unit-1",
    },
  },
}
[90mstdout[2m | src/components/VocabularyReview2.stories.tsx[2m > [22m[2mPlayground
[22m[39m[Mock Data] generateClient() called - returning mock client
[90mstdout[2m | src/components/VocabularyReview2.stories.tsx[2m > [22m[2mPlayground
[22m[39m[Mock amplifyClient] getAmplifyClient() called - returning mock client
[90mstdout[2m | src/components/VocabularyReview2.stories.tsx[2m > [22m[2mPlayground
[22m[39m[Mock Data] Grade.observeQuery() called with filter: {
  "filter": {
    "unitID": {
      "eq": "mock-unit-1",
    },
  },
}
[90mstdout[2m | src/components/VocabularyReview2.stories.tsx[2m > [22m[2mPlayground
[22m[39m[Mock Data] Grade.observeQuery() applying filter: {
  "unitID": {
    "eq": "mock-unit-1",
  },
}
[90mstdout[2m | src/components/VocabularyReview2.stories.tsx[2m > [22m[2mPlayground
[22m[39m[Mock Data] Grade.observeQuery() items before filter: 0
[90mstdout[2m | src/components/VocabularyReview2.stories.tsx[2m > [22m[2mPlayground
[22m[39m[Mock Data] Grade.observeQuery() items after filter: 0
[90mstdout[2m | src/components/VocabularyReview2.stories.tsx[2m > [22m[2mPlayground
[22m[39m[Mock Data] Grade.observeQuery() returning 0 items (filter applied) {
  "filter": {
    "unitID": {
      "eq": "mock-unit-1",
    },
  },
}
[90mstdout[2m | src/components/VocabularyReview2.stories.tsx[2m > [22m[2mPlayground
[22m[39m[Mock Data] Grade subscription added. Total subscriptions: 1
[90mstdout[2m | src/components/VocabularyReview2.stories.tsx[2m > [22m[2mPlayground
[22m[39m[UnitContext] useEffect triggered {
  "authLoading": false,
  "hasUser": true,
  "id": "mock-unit-1",
  "userSub": "mock-user-sub",
}
[90mstdout[2m | src/components/VocabularyReview2.stories.tsx[2m > [22m[2mPlayground
[22m[39m[UnitContext] Fetching unit data for id: mock-unit-1
[90mstdout[2m | src/components/VocabularyReview2.stories.tsx[2m > [22m[2mPlayground
[22m[39m[Mock Data] generateClient() called - returning mock client
[90mstdout[2m | src/components/VocabularyReview2.stories.tsx[2m > [22m[2mPlayground
[22m[39m[Mock amplifyClient] getAmplifyClient() called - returning mock client
[90mstdout[2m | src/components/VocabularyReview2.stories.tsx[2m > [22m[2mPlayground
[22m[39m[Mock Data] Unit.observeQuery() called with filter: {
  "filter": {
    "id": {
      "eq": "mock-unit-1",
    },
  },
}
[90mstdout[2m | src/components/VocabularyReview2.stories.tsx[2m > [22m[2mPlayground
[22m[39m[Mock Data] Unit.observeQuery() applying filter: {
  "id": {
    "eq": "mock-unit-1",
  },
}
[90mstdout[2m | src/components/VocabularyReview2.stories.tsx[2m > [22m[2mPlayground
[22m[39m[Mock Data] Unit.observeQuery() items before filter: 0
[90mstdout[2m | src/components/VocabularyReview2.stories.tsx[2m > [22m[2mPlayground
[22m[39m[Mock Data] Unit.observeQuery() items after filter: 0
[90mstdout[2m | src/components/VocabularyReview2.stories.tsx[2m > [22m[2mPlayground
[22m[39m[Mock Data] Unit.observeQuery() returning 0 items (filter applied) {
  "filter": {
    "id": {
      "eq": "mock-unit-1",
    },
  },
}
[90mstdout[2m | src/components/VocabularyReview2.stories.tsx[2m > [22m[2mPlayground
[22m[39m[Mock Data] Unit subscription added. Total subscriptions: 1
[90mstdout[2m | src/components/VocabularyReview2.stories.tsx[2m > [22m[2mPlayground
[22m[39m[Mock Data] generateClient() called - returning mock client
[90mstdout[2m | src/components/VocabularyReview2.stories.tsx[2m > [22m[2mPlayground
[22m[39m[Mock amplifyClient] getAmplifyClient() called - returning mock client
[90mstdout[2m | src/components/VocabularyReview2.stories.tsx[2m > [22m[2mPlayground
[22m[39m[Mock Data] Word.observeQuery() called with filter: undefined
[90mstdout[2m | src/components/VocabularyReview2.stories.tsx[2m > [22m[2mPlayground
[22m[39m[Mock Data] Word.observeQuery() returning 0 items (filter applied) undefined
[90mstdout[2m | src/components/VocabularyReview2.stories.tsx[2m > [22m[2mPlayground
[22m[39m[Mock Data] Word subscription added. Total subscriptions: 1
[90mstdout[2m | src/components/VocabularyReview2.stories.tsx[2m > [22m[2mPlayground
[22m[39m[Mock Data] generateClient() called - returning mock client
[90mstdout[2m | src/components/VocabularyReview2.stories.tsx[2m > [22m[2mPlayground
[22m[39m[Mock amplifyClient] getAmplifyClient() called - returning mock client
[90mstdout[2m | src/components/VocabularyReview2.stories.tsx[2m > [22m[2mPlayground
[22m[39m[Mock Data] Question.observeQuery() called with filter: undefined
[90mstdout[2m | src/components/VocabularyReview2.stories.tsx[2m > [22m[2mPlayground
[22m[39m[Mock Data] Question.observeQuery() returning 0 items (filter applied) undefined
[90mstdout[2m | src/components/VocabularyReview2.stories.tsx[2m > [22m[2mPlayground
[22m[39m[Mock Data] Question subscription added. Total subscriptions: 1
[90mstdout[2m | src/components/VocabularyReview2.stories.tsx[2m > [22m[2mPlayground
[22m[39m[FilesContext] Initializing vector store from IndexedDB
[90mstdout[2m | src/components/VocabularyReview2.stories.tsx[2m > [22m[2mPlayground
[22m[39m[FilesContext] fetchFiles called
[90mstdout[2m | src/components/VocabularyReview2.stories.tsx[2m > [22m[2mPlayground
[22m[39m[FilesContext] User authenticated: mock-user-sub
[90mstdout[2m | src/components/VocabularyReview2.stories.tsx[2m > [22m[2mPlayground
[22m[39m[FilesContext] Identity ID: us-east-1:mock-identity-123
[90mstdout[2m | src/components/VocabularyReview2.stories.tsx[2m > [22m[2mPlayground
[22m[39m[FilesContext] About to subscribe to File model
[90mstdout[2m | src/components/VocabularyReview2.stories.tsx[2m > [22m[2mPlayground
[22m[39m[Mock Data] generateClient() called - returning mock client
[90mstdout[2m | src/components/VocabularyReview2.stories.tsx[2m > [22m[2mPlayground
[22m[39m[Mock amplifyClient] getAmplifyClient() called - returning mock client
[90mstdout[2m | src/components/VocabularyReview2.stories.tsx[2m > [22m[2mPlayground
[22m[39m[Mock Data] File.observeQuery() called with filter: undefined
[90mstdout[2m | src/components/VocabularyReview2.stories.tsx[2m > [22m[2mPlayground
[22m[39m[Mock Data] File.observeQuery() returning 0 items (filter applied) undefined
[90mstdout[2m | src/components/VocabularyReview2.stories.tsx[2m > [22m[2mPlayground
[22m[39m[Mock Data] File subscription added. Total subscriptions: 1
[90mstdout[2m | src/components/VocabularyReview2.stories.tsx[2m > [22m[2mPlayground
[22m[39m[Mock Data] generateClient() called - returning mock client
[90mstdout[2m | src/components/VocabularyReview2.stories.tsx[2m > [22m[2mPlayground
[22m[39m[Mock amplifyClient] getAmplifyClient() called - returning mock client
[90mstdout[2m | src/components/VocabularyReview2.stories.tsx[2m > [22m[2mPlayground
[22m[39m[Mock Data] Document.observeQuery() called with filter: undefined
[90mstdout[2m | src/components/VocabularyReview2.stories.tsx[2m > [22m[2mPlayground
[22m[39m[Mock Data] Document.observeQuery() returning 1 items (filter applied) undefined
[90mstdout[2m | src/components/VocabularyReview2.stories.tsx[2m > [22m[2mPlayground
[22m[39m[Mock Data] Document subscription added. Total subscriptions: 1
[90mstdout[2m | src/components/VocabularyReview2.stories.tsx[2m > [22m[2mPlayground
[22m[39m[ChatContext] Setting up observeQuery for AssistantChat
[90mstdout[2m | src/components/VocabularyReview2.stories.tsx[2m > [22m[2mPlayground
[22m[39m[Mock Data] AssistantChat.observeQuery() called with filter: {
  "sortDirection": "DESC",
  "sortField": "createdAt",
}
[90mstdout[2m | src/components/VocabularyReview2.stories.tsx[2m > [22m[2mPlayground
[22m[39m[Mock Data] AssistantChat.observeQuery() returning 0 items (filter applied) {
  "sortDirection": "DESC",
  "sortField": "createdAt",
}
[90mstdout[2m | src/components/VocabularyReview2.stories.tsx[2m > [22m[2mPlayground
[22m[39m[Mock Data] AssistantChat subscription added. Total subscriptions: 1
[90mstdout[2m | src/components/VocabularyReview2.stories.tsx[2m > [22m[2mPlayground
[22m[39m[ChatContext] Waiting for subscription to initialize
[90mstdout[2m | src/components/VocabularyReview2.stories.tsx[2m > [22m[2mPlayground
[22m[39m[SettingsContext] Setting up Settings subscription for user: mock-user-sub
[90mstdout[2m | src/components/VocabularyReview2.stories.tsx[2m > [22m[2mPlayground
[22m[39m[Mock Data] generateClient() called - returning mock client
[90mstdout[2m | src/components/VocabularyReview2.stories.tsx[2m > [22m[2mPlayground
[22m[39m[Mock amplifyClient] getAmplifyClient() called - returning mock client
[90mstdout[2m | src/components/VocabularyReview2.stories.tsx[2m > [22m[2mPlayground
[22m[39m[Mock Data] Settings.observeQuery() called with filter: undefined
[90mstdout[2m | src/components/VocabularyReview2.stories.tsx[2m > [22m[2mPlayground
[22m[39m[Mock Data] Settings.observeQuery() returning 0 items (filter applied) undefined
[90mstdout[2m | src/components/VocabularyReview2.stories.tsx[2m > [22m[2mPlayground
[22m[39m[Mock Data] Settings subscription added. Total subscriptions: 1
[90mstdout[2m | src/components/VocabularyReview2.stories.tsx[2m > [22m[2mPlayground
[22m[39m[SectionContext] Initial sections: 0 []
[90mstdout[2m | src/components/VocabularyReview2.stories.tsx[2m > [22m[2mPlayground
[22m[39m[Mock Data] Section.onCreate() called with filter: undefined
[90mstdout[2m | src/components/VocabularyReview2.stories.tsx[2m > [22m[2mPlayground
[22m[39m[Mock Data] Section.onCreate() subscription added. Total: 1
[90mstdout[2m | src/components/VocabularyReview2.stories.tsx[2m > [22m[2mPlayground
[22m[39m[Mock Data] Section.onUpdate() called with filter: undefined
[90mstdout[2m | src/components/VocabularyReview2.stories.tsx[2m > [22m[2mPlayground
[22m[39m[Mock Data] Section.onUpdate() subscription added. Total: 1
[90mstdout[2m | src/components/VocabularyReview2.stories.tsx[2m > [22m[2mPlayground
[22m[39m[Mock Data] Section.onDelete() called with filter: undefined
[90mstdout[2m | src/components/VocabularyReview2.stories.tsx[2m > [22m[2mPlayground
[22m[39m[Mock Data] Section.onDelete() subscription added. Total: 1
[90mstdout[2m | src/components/VocabularyReview2.stories.tsx[2m > [22m[2mPlayground
[22m[39m[Mock Data] Assignment.onCreate() called with filter: {
  "filter": {
    "unitID": {
      "eq": "mock-unit-1",
    },
  },
}
[90mstdout[2m | src/components/VocabularyReview2.stories.tsx[2m > [22m[2mPlayground
[22m[39m[Mock Data] Assignment.onCreate() subscription added. Total: 1
[90mstdout[2m | src/components/VocabularyReview2.stories.tsx[2m > [22m[2mPlayground
[22m[39m[Mock Data] Assignment.onUpdate() called with filter: {
  "filter": {
    "unitID": {
      "eq": "mock-unit-1",
    },
  },
}
[90mstdout[2m | src/components/VocabularyReview2.stories.tsx[2m > [22m[2mPlayground
[22m[39m[Mock Data] Assignment.onUpdate() subscription added. Total: 1
[90mstdout[2m | src/components/VocabularyReview2.stories.tsx[2m > [22m[2mPlayground
[22m[39m[Mock Data] Assignment.onDelete() called with filter: {
  "filter": {
    "unitID": {
      "eq": "mock-unit-1",
    },
  },
}
[90mstdout[2m | src/components/VocabularyReview2.stories.tsx[2m > [22m[2mPlayground
[22m[39m[Mock Data] Assignment.onDelete() subscription added. Total: 1
[90mstdout[2m | src/components/VocabularyReview2.stories.tsx[2m > [22m[2mPlayground
[22m[39m[FilesContext] File observeQuery subscription triggered:
[90mstdout[2m | src/components/VocabularyReview2.stories.tsx[2m > [22m[2mPlayground
[22m[39m  - items.length: 0
[90mstdout[2m | src/components/VocabularyReview2.stories.tsx[2m > [22m[2mPlayground
[22m[39m  - isSynced: true
[90mstdout[2m | src/components/VocabularyReview2.stories.tsx[2m > [22m[2mPlayground
[22m[39m  - items: []
[90mstdout[2m | src/components/VocabularyReview2.stories.tsx[2m > [22m[2mPlayground
[22m[39m[FilesContext] Document count changed: 0 → 1
[90mstdout[2m | src/components/VocabularyReview2.stories.tsx[2m > [22m[2mPlayground
[22m[39m[MOCK CourseVectorStore] Initialized with mock data
[90mstdout[2m | src/components/VocabularyReview2.stories.tsx[2m > [22m[2mPlayground
[22m[39m[useTranslationWithCapture] t() called: {
  "key": "vocabularyReview.loading",
  "mode": "off",
  "namespace": "components",
  "value": "Loading",
}
[90mstdout[2m | src/components/VocabularyReview2.stories.tsx[2m > [22m[2mPlayground
[22m[39m[ChatContext] AssistantChat query update: 0 items (synced)
[90mstdout[2m | src/components/VocabularyReview2.stories.tsx[2m > [22m[2mPlayground
[22m[39m[ChatContext] AssistantChat subscription initialized
[90mstdout[2m | src/components/VocabularyReview2.stories.tsx[2m > [22m[2mPlayground
[22m[39m[ChatContext] AssistantChat list updated: 0 chats
[90mstdout[2m | src/components/VocabularyReview2.stories.tsx[2m > [22m[2mPlayground
[22m[39m[Mock Data] Settings.create() called with: {
  "assistantVoice": "shimmer",
  "autoAnalyzeDocuments": true,
  "defaultAIModel": "gpt-4",
  "documentAnalysisModel": "gpt-4",
  "editorFontSize": 14,
  "editorTheme": "auto",
  "emailNotifications": true,
  "language": "en",
  "webhookNotifications": false,
}
[90mstdout[2m | src/components/VocabularyReview2.stories.tsx[2m > [22m[2mPlayground
[22m[39m[Mock Data] Settings created: mock-settings-1776336998491 - notified 1 subscribers
[90mstdout[2m | src/components/VocabularyReview2.stories.tsx[2m > [22m[2mPlayground
[22m[39m[Mock Data] generateClient() called - returning mock client
[90mstdout[2m | src/components/VocabularyReview2.stories.tsx[2m > [22m[2mPlayground
[22m[39m[Mock amplifyClient] getAmplifyClient() called - returning mock client
[90mstdout[2m | src/components/VocabularyReview2.stories.tsx[2m > [22m[2mPlayground
[22m[39m[Mock Data] Document.get() called with id: mock-doc-1
[90mstdout[2m | src/components/VocabularyReview2.stories.tsx[2m > [22m[2mPlayground
[22m[39m[VocabularyReview2] Setting up ParsedContent subscription for user: undefined
[90mstdout[2m | src/components/VocabularyReview2.stories.tsx[2m > [22m[2mPlayground
[22m[39m[Mock Data] generateClient() called - returning mock client
[90mstdout[2m | src/components/VocabularyReview2.stories.tsx[2m > [22m[2mPlayground
[22m[39m[Mock amplifyClient] getAmplifyClient() called - returning mock client
[90mstdout[2m | src/components/VocabularyReview2.stories.tsx[2m > [22m[2mPlayground
[22m[39m[Mock Data] ParsedContent.observeQuery() called with filter: undefined
[90mstdout[2m | src/components/VocabularyReview2.stories.tsx[2m > [22m[2mPlayground
[22m[39m[Mock Data] ParsedContent.observeQuery() returning 1 items (filter applied) undefined
[90mstdout[2m | src/components/VocabularyReview2.stories.tsx[2m > [22m[2mPlayground
[22m[39m[Mock Data] ParsedContent subscription added. Total subscriptions: 1
[90mstdout[2m | src/components/VocabularyReview2.stories.tsx[2m > [22m[2mPlayground
[22m[39m[ChatContext] No chats found, clearing current chat - new one will be created
[90mstdout[2m | src/components/VocabularyReview2.stories.tsx[2m > [22m[2mPlayground
[22m[39m[Mock Data] ParsedContent.list() called with options: {
  "filter": {
    "documentID": {
      "eq": "mock-doc-1",
    },
  },
}
[90mstdout[2m | src/components/VocabularyReview2.stories.tsx[2m > [22m[2mPlayground
[22m[39m[ChatContext] No current chat available, will create one
[90mstdout[2m | src/components/VocabularyReview2.stories.tsx[2m > [22m[2mPlayground
[22m[39m[ChatContext] Creating AssistantChat with user: undefined
[90mstdout[2m | src/components/VocabularyReview2.stories.tsx[2m > [22m[2mPlayground
[22m[39m[Mock Data] AssistantChat.create() called with: {
  "archived": false,
  "model": "gpt-4",
}
[90mstdout[2m | src/components/VocabularyReview2.stories.tsx[2m > [22m[2mPlayground
[22m[39m[Mock Data] AssistantChat created: mock-assistantchat-1776336998551 - notified 1 subscribers
[90mstdout[2m | src/components/VocabularyReview2.stories.tsx[2m > [22m[2mPlayground
[22m[39m[useTranslationWithCapture] t() called: {
  "key": "vocabularyReview.sectionHeading",
  "mode": "off",
  "namespace": "components",
  "value": "Vocabulary Review",
}
[90mstdout[2m | src/components/VocabularyReview2.stories.tsx[2m > [22m[2mPlayground
[22m[39m[useTranslationWithCapture] t() called: {
  "key": "vocabularyReview.from",
  "mode": "off",
  "namespace": "components",
  "value": "From",
}
[90mstdout[2m | src/components/VocabularyReview2.stories.tsx[2m > [22m[2mPlayground
[22m[39m[useTranslationWithCapture] t() called: {
  "key": "vocabularyReview.pages",
  "mode": "off",
  "namespace": "components",
  "value": "Pages",
}
[90mstdout[2m | src/components/VocabularyReview2.stories.tsx[2m > [22m[2mPlayground
[22m[39m[useTranslationWithCapture] t() called: {
  "key": "vocabularyReview.deselectAll",
  "mode": "off",
  "namespace": "components",
  "value": "Deselect All",
}
[90mstdout[2m | src/components/VocabularyReview2.stories.tsx[2m > [22m[2mPlayground
[22m[39m[useTranslationWithCapture] t() called: {
  "key": "vocabularyReview.selectedCount",
  "mode": "off",
  "namespace": "components",
  "value": "Selected Count",
}
[90mstdout[2m | src/components/VocabularyReview2.stories.tsx[2m > [22m[2mPlayground
[22m[39m[useTranslationWithCapture] t() called: {
  "key": "vocabularyReview.importToDictionary",
  "mode": "off",
  "namespace": "components",
  "value": "Import To Dictionary",
}
[90mstdout[2m | src/components/VocabularyReview2.stories.tsx[2m > [22m[2mPlayground
[22m[39m[useTranslationWithCapture] t() called: {
  "key": "vocabularyReview.sectionHeading",
  "mode": "off",
  "namespace": "components",
  "value": "Vocabulary Review",
}
[90mstdout[2m | src/components/VocabularyReview2.stories.tsx[2m > [22m[2mPlayground
[22m[39m[useTranslationWithCapture] t() called: {
  "key": "vocabularyReview.from",
  "mode": "off",
  "namespace": "components",
  "value": "From",
}
[90mstdout[2m | src/components/VocabularyReview2.stories.tsx[2m > [22m[2mPlayground
[22m[39m[useTranslationWithCapture] t() called: {
  "key": "vocabularyReview.pages",
  "mode": "off",
  "namespace": "components",
  "value": "Pages",
}
[90mstdout[2m | src/components/VocabularyReview2.stories.tsx[2m > [22m[2mPlayground
[22m[39m[useTranslationWithCapture] t() called: {
  "key": "vocabularyReview.deselectAll",
  "mode": "off",
  "namespace": "components",
  "value": "Deselect All",
}
[90mstdout[2m | src/components/VocabularyReview2.stories.tsx[2m > [22m[2mPlayground
[22m[39m[useTranslationWithCapture] t() called: {
  "key": "vocabularyReview.selectedCount",
  "mode": "off",
  "namespace": "components",
  "value": "Selected Count",
}
[90mstdout[2m | src/components/VocabularyReview2.stories.tsx[2m > [22m[2mPlayground
[22m[39m[useTranslationWithCapture] t() called: {
  "key": "vocabularyReview.importToDictionary",
  "mode": "off",
  "namespace": "components",
  "value": "Import To Dictionary",
}
[90mstdout[2m | src/components/VocabularyReview2.stories.tsx[2m > [22m[2mPlayground
[22m[39m[useTranslationWithCapture] t() called: {
  "key": "vocabularyReview.sectionHeading",
  "mode": "off",
  "namespace": "components",
  "value": "Vocabulary Review",
}
[90mstdout[2m | src/components/VocabularyReview2.stories.tsx[2m > [22m[2mPlayground
[22m[39m[useTranslationWithCapture] t() called: {
  "key": "vocabularyReview.from",
  "mode": "off",
  "namespace": "components",
  "value": "From",
}
[90mstdout[2m | src/components/VocabularyReview2.stories.tsx[2m > [22m[2mPlayground
[22m[39m[useTranslationWithCapture] t() called: {
  "key": "vocabularyReview.pages",
  "mode": "off",
  "namespace": "components",
  "value": "Pages",
}
[90mstdout[2m | src/components/VocabularyReview2.stories.tsx[2m > [22m[2mPlayground
[22m[39m[useTranslationWithCapture] t() called: {
  "key": "vocabularyReview.deselectAll",
  "mode": "off",
  "namespace": "components",
  "value": "Deselect All",
}
[90mstdout[2m | src/components/VocabularyReview2.stories.tsx[2m > [22m[2mPlayground
[22m[39m[useTranslationWithCapture] t() called: {
  "key": "vocabularyReview.selectedCount",
  "mode": "off",
  "namespace": "components",
  "value": "Selected Count",
}
[90mstdout[2m | src/components/VocabularyReview2.stories.tsx[2m > [22m[2mPlayground
[22m[39m[useTranslationWithCapture] t() called: {
  "key": "vocabularyReview.importToDictionary",
  "mode": "off",
  "namespace": "components",
  "value": "Import To Dictionary",
}
[90mstdout[2m | src/components/VocabularyReview2.stories.tsx[2m > [22m[2mPlayground
[22m[39m[ChatContext] Create result: {
  "data": {
    "_version": 1,
    "archived": false,
    "chatFiles": [Function anonymous],
    "createdAt": "2026-04-16T10:56:38.551Z",
    "id": "mock-assistantchat-1776336998551",
    "model": "gpt-4",
    "updatedAt": "2026-04-16T10:56:38.551Z",
  },
  "errors": [],
  "hasData": true,
  "hasErrors": true,
}
[90mstdout[2m | src/components/VocabularyReview2.stories.tsx[2m > [22m[2mPlayground
[22m[39m[ChatContext] Created AssistantChat: mock-assistantchat-1776336998551 at: 2026-04-16T10:56:38.551Z
[90mstdout[2m | src/components/VocabularyReview2.stories.tsx
[22m[39m[ChatContext] AssistantChat query update: 1 items (synced)
[90mstdout[2m | src/components/VocabularyReview2.stories.tsx
[22m[39m[ChatContext] First item details: {
  "id": "mock-assistantchat-1776336998551",
  "updatedAt": "2026-04-16T10:56:38.551Z",
}
[90mstdout[2m | src/components/VocabularyReview2.stories.tsx
[22m[39m[ChatContext] AssistantChat list updated: 1 chats
[90mstdout[2m | src/components/VocabularyReview2.stories.tsx
[22m[39m[ChatContext] Setting initial chat: mock-assistantchat-1776336998551
[90mstdout[2m | src/components/VocabularyReview2.stories.tsx
[22m[39m[Mock Data] generateClient() called - returning mock client
[90mstdout[2m | src/components/VocabularyReview2.stories.tsx
[22m[39m[Mock amplifyClient] getAmplifyClient() called - returning mock client
[90mstdout[2m | src/components/VocabularyReview2.stories.tsx
[22m[39m[Mock Data] Document.get() called with id: mock-doc-1
[90mstdout[2m | src/components/VocabularyReview2.stories.tsx
[22m[39m[Mock Data] ParsedContent.list() called with options: {
  "filter": {
    "documentID": {
      "eq": "mock-doc-1",
    },
  },
}
[90mstdout[2m | src/components/VocabularyReview2.stories.tsx
[22m[39mfilterWords {
  "filter": "",
  "wordsCount": 0,
}
[90mstdout[2m | src/components/VocabularyReview2.stories.tsx
[22m[39m[ChatContext] Chat exists and not archived, skipping creation
[90mstdout[2m | src/components/VocabularyReview2.stories.tsx
[22m[39m[useTranslationWithCapture] t() called: {
  "key": "vocabularyReview.sectionHeading",
  "mode": "off",
  "namespace": "components",
  "value": "Vocabulary Review",
}
[90mstdout[2m | src/components/VocabularyReview2.stories.tsx
[22m[39m[useTranslationWithCapture] t() called: {
  "key": "vocabularyReview.from",
  "mode": "off",
  "namespace": "components",
  "value": "From",
}
[90mstdout[2m | src/components/VocabularyReview2.stories.tsx
[22m[39m[useTranslationWithCapture] t() called: {
  "key": "vocabularyReview.pages",
  "mode": "off",
  "namespace": "components",
  "value": "Pages",
}
[90mstdout[2m | src/components/VocabularyReview2.stories.tsx
[22m[39m[useTranslationWithCapture] t() called: {
  "key": "vocabularyReview.deselectAll",
  "mode": "off",
  "namespace": "components",
  "value": "Deselect All",
}
[90mstdout[2m | src/components/VocabularyReview2.stories.tsx
[22m[39m[useTranslationWithCapture] t() called: {
  "key": "vocabularyReview.selectedCount",
  "mode": "off",
  "namespace": "components",
  "value": "Selected Count",
}
[90mstdout[2m | src/components/VocabularyReview2.stories.tsx
[22m[39m[useTranslationWithCapture] t() called: {
  "key": "vocabularyReview.importToDictionary",
  "mode": "off",
  "namespace": "components",
  "value": "Import To Dictionary",
}
 [32m✓[39m [30m[45m storybook (chromium) [49m[39m src/components/VocabularyReview2.stories.tsx [2m([22m[2m8 tests[22m[2m)[22m[33m 3128[2mms[22m[39m
   [33m[2m✓[22m[39m Default [33m 834[2mms[22m[39m
   [33m[2m✓[22m[39m With Search Highlight [33m 389[2mms[22m[39m
   [33m[2m✓[22m[39m Large List [33m 755[2mms[22m[39m
   [33m[2m✓[22m[39m Minimal Data [33m 346[2mms[22m[39m
[90mstdout[2m | unknown test
[22m[39m[useTranslationWithCapture] t() called: {
  "key": "vocabularyReview.sectionHeading",
  "mode": "off",
  "namespace": "components",
  "value": "Vocabulary Review",
}
[90mstdout[2m | unknown test
[22m[39m[useTranslationWithCapture] t() called: {
  "key": "vocabularyReview.from",
  "mode": "off",
  "namespace": "components",
  "value": "From",
}
[90mstdout[2m | unknown test
[22m[39m[useTranslationWithCapture] t() called: {
  "key": "vocabularyReview.pages",
  "mode": "off",
  "namespace": "components",
  "value": "Pages",
}
[90mstdout[2m | unknown test
[22m[39m[useTranslationWithCapture] t() called: {
  "key": "vocabularyReview.deselectAll",
  "mode": "off",
  "namespace": "components",
  "value": "Deselect All",
}
[90mstdout[2m | unknown test
[22m[39m[useTranslationWithCapture] t() called: {
  "key": "vocabularyReview.selectedCount",
  "mode": "off",
  "namespace": "components",
  "value": "Selected Count",
}
[90mstdout[2m | unknown test
[22m[39m[useTranslationWithCapture] t() called: {
  "key": "vocabularyReview.importToDictionary",
  "mode": "off",
  "namespace": "components",
  "value": "Import To Dictionary",
}
[90mstdout[2m | src/stories/Button.stories.ts[2m > [22m[2mPrimary
[22m[39m[Mock Data] Settings subscription unsubscribed. Remaining: 0
[90mstdout[2m | src/stories/Button.stories.ts[2m > [22m[2mPrimary
[22m[39m[ChatContext] Cleaning up subscription
[90mstdout[2m | src/stories/Button.stories.ts[2m > [22m[2mPrimary
[22m[39m[Mock Data] AssistantChat subscription unsubscribed. Remaining: 0
[90mstdout[2m | src/stories/Button.stories.ts[2m > [22m[2mPrimary
[22m[39m[Mock Data] File subscription unsubscribed. Remaining: 0
[90mstdout[2m | src/stories/Button.stories.ts[2m > [22m[2mPrimary
[22m[39m[Mock Data] Document subscription unsubscribed. Remaining: 0
[90mstdout[2m | src/stories/Button.stories.ts[2m > [22m[2mPrimary
[22m[39m[Mock Data] Word subscription unsubscribed. Remaining: 0
[90mstdout[2m | src/stories/Button.stories.ts[2m > [22m[2mPrimary
[22m[39m[Mock Data] Question subscription unsubscribed. Remaining: 0
[90mstdout[2m | src/stories/Button.stories.ts[2m > [22m[2mPrimary
[22m[39m[Mock Data] Grade subscription unsubscribed. Remaining: 0
[90mstdout[2m | src/stories/Button.stories.ts[2m > [22m[2mPrimary
[22m[39m[Mock Data] Unit subscription unsubscribed. Remaining: 0
[90mstdout[2m | src/stories/Button.stories.ts[2m > [22m[2mPrimary
[22m[39m[SectionContext] Cleaning up subscriptions
[90mstdout[2m | src/stories/Button.stories.ts[2m > [22m[2mPrimary
[22m[39m[Mock Data] Section.onCreate() subscription removed. Remaining: 0
[90mstdout[2m | src/stories/Button.stories.ts[2m > [22m[2mPrimary
[22m[39m[Mock Data] Section.onUpdate() subscription removed. Remaining: 0
[90mstdout[2m | src/stories/Button.stories.ts[2m > [22m[2mPrimary
[22m[39m[Mock Data] Section.onDelete() subscription removed. Remaining: 0
[90mstdout[2m | src/stories/Button.stories.ts[2m > [22m[2mPrimary
[22m[39m[Mock Data] Assignment.onCreate() subscription removed. Remaining: 0
[90mstdout[2m | src/stories/Button.stories.ts[2m > [22m[2mPrimary
[22m[39m[Mock Data] Assignment.onUpdate() subscription removed. Remaining: 0
[90mstdout[2m | src/stories/Button.stories.ts[2m > [22m[2mPrimary
[22m[39m[Mock Data] Assignment.onDelete() subscription removed. Remaining: 0
[90mstdout[2m | src/stories/Button.stories.ts[2m > [22m[2mPrimary
[22m[39m[Mock Data] ParsedContent subscription unsubscribed. Remaining: 0
[90mstdout[2m | src/stories/Button.stories.ts[2m > [22m[2mPrimary
[22m[39m[Mock Data] Clearing all data stores
[90mstdout[2m | src/stories/Button.stories.ts[2m > [22m[2mPrimary
[22m[39m[Mock Data] All data stores cleared
[90mstdout[2m | src/stories/Button.stories.ts[2m > [22m[2mPrimary
[22m[39m[Preview] Cleared mock data for story
[90mstdout[2m | src/stories/Button.stories.ts[2m > [22m[2mPrimary
[22m[39m[Mock Data Gen 2] Initializing mock data
[90mstdout[2m | src/stories/Button.stories.ts[2m > [22m[2mPrimary
[22m[39m[Mock Data] seedMockAssistantChats: Replacing with 1 assistant chats
[90mstdout[2m | src/stories/Button.stories.ts[2m > [22m[2mPrimary
[22m[39m[Mock Data Gen 2] Seeded AssistantChat: mock-assistant-chat-1
[90mstdout[2m | src/stories/Button.stories.ts[2m > [22m[2mPrimary
[22m[39m[Mock Data] seedMockFiles: Adding 6 files
[90mstdout[2m | src/stories/Button.stories.ts[2m > [22m[2mPrimary
[22m[39m[Mock Data Gen 2] Seeded Files: 6
[90mstdout[2m | src/stories/Button.stories.ts[2m > [22m[2mPrimary
[22m[39m[Mock Data Gen 2] Initializing mock data
[90mstdout[2m | src/stories/Button.stories.ts[2m > [22m[2mPrimary
[22m[39m[Mock Data] seedMockAssistantChats: Replacing with 1 assistant chats
[90mstdout[2m | src/stories/Button.stories.ts[2m > [22m[2mPrimary
[22m[39m[Mock Data Gen 2] Seeded AssistantChat: mock-assistant-chat-1
[90mstdout[2m | src/stories/Button.stories.ts[2m > [22m[2mPrimary
[22m[39m[Mock Data] seedMockFiles: Adding 6 files
[90mstdout[2m | src/stories/Button.stories.ts[2m > [22m[2mPrimary
[22m[39m[Mock Data Gen 2] Seeded Files: 6
[90mstdout[2m | src/stories/Button.stories.ts[2m > [22m[2mPrimary
[22m[39m[Preview] Initialized default mock data for story
[90mstdout[2m | src/stories/Button.stories.ts[2m > [22m[2mPrimary
[22m[39m[Mock AuthContext] Providing auth: {
  "error": undefined,
  "isLoading": false,
  "session": {
    "idToken": {
      "toString": [Function toString],
    },
    "identityId": "us-east-1:mock-identity-123",
    "username": "mock-user-sub",
  },
  "user": {
    "attributes": {
      "email": "alice@example.com",
      "name": "Alice Student",
      "sub": "mock-user-sub",
    },
  },
}
[90mstdout[2m | src/stories/Button.stories.ts[2m > [22m[2mPrimary
[22m[39m[Mock Data] generateClient() called - returning mock client
[90mstdout[2m | src/stories/Button.stories.ts[2m > [22m[2mPrimary
[22m[39m[Mock amplifyClient] getAmplifyClient() called - returning mock client
[90mstdout[2m | src/stories/Button.stories.ts[2m > [22m[2mPrimary
[22m[39m[MOCK CourseVectorStore] Initialized with mock data
[90mstdout[2m | src/stories/Button.stories.ts[2m > [22m[2mPrimary
[22m[39m[TranslationModeController] Setting mode to: off
[90mstdout[2m | src/stories/Button.stories.ts[2m > [22m[2mPrimary
[22m[39m[SectionContext] useEffect triggered {
  "authLoading": false,
  "hasUser": true,
  "userSub": "mock-user-sub",
}
[90mstdout[2m | src/stories/Button.stories.ts[2m > [22m[2mPrimary
[22m[39m[SectionContext] Fetching sections for userId: mock-user-sub
[90mstdout[2m | src/stories/Button.stories.ts[2m > [22m[2mPrimary
[22m[39m[Mock Data] generateClient() called - returning mock client
[90mstdout[2m | src/stories/Button.stories.ts[2m > [22m[2mPrimary
[22m[39m[Mock amplifyClient] getAmplifyClient() called - returning mock client
[90mstdout[2m | src/stories/Button.stories.ts[2m > [22m[2mPrimary
[22m[39m[Mock Data] Section.list() called with options: undefined
[90mstdout[2m | src/stories/Button.stories.ts[2m > [22m[2mPrimary
[22m[39m[Mock Data] generateClient() called - returning mock client
[90mstdout[2m | src/stories/Button.stories.ts[2m > [22m[2mPrimary
[22m[39m[Mock amplifyClient] getAmplifyClient() called - returning mock client
[90mstdout[2m | src/stories/Button.stories.ts[2m > [22m[2mPrimary
[22m[39m[Mock Data] Assignment.list() called with options: {
  "filter": {
    "unitID": {
      "eq": "mock-unit-id",
    },
  },
}
[90mstdout[2m | src/stories/Button.stories.ts[2m > [22m[2mPrimary
[22m[39m[Mock Data] generateClient() called - returning mock client
[90mstdout[2m | src/stories/Button.stories.ts[2m > [22m[2mPrimary
[22m[39m[Mock amplifyClient] getAmplifyClient() called - returning mock client
[90mstdout[2m | src/stories/Button.stories.ts[2m > [22m[2mPrimary
[22m[39m[Mock Data] Grade.observeQuery() called with filter: {
  "filter": {
    "unitID": {
      "eq": "mock-unit-id",
    },
  },
}
[90mstdout[2m | src/stories/Button.stories.ts[2m > [22m[2mPrimary
[22m[39m[Mock Data] Grade.observeQuery() applying filter: {
  "unitID": {
    "eq": "mock-unit-id",
  },
}
[90mstdout[2m | src/stories/Button.stories.ts[2m > [22m[2mPrimary
[22m[39m[Mock Data] Grade.observeQuery() items before filter: 0
[90mstdout[2m | src/stories/Button.stories.ts[2m > [22m[2mPrimary
[22m[39m[Mock Data] Grade.observeQuery() items after filter: 0
[90mstdout[2m | src/stories/Button.stories.ts[2m > [22m[2mPrimary
[22m[39m[Mock Data] Grade.observeQuery() returning 0 items (filter applied) {
  "filter": {
    "unitID": {
      "eq": "mock-unit-id",
    },
  },
}
[90mstdout[2m | src/stories/Button.stories.ts[2m > [22m[2mPrimary
[22m[39m[Mock Data] Grade subscription added. Total subscriptions: 1
[90mstdout[2m | src/stories/Button.stories.ts[2m > [22m[2mPrimary
[22m[39m[UnitContext] useEffect triggered {
  "authLoading": false,
  "hasUser": true,
  "id": "mock-unit-id",
  "userSub": "mock-user-sub",
}
[90mstdout[2m | src/stories/Button.stories.ts[2m > [22m[2mPrimary
[22m[39m[UnitContext] Fetching unit data for id: mock-unit-id
[90mstdout[2m | src/stories/Button.stories.ts[2m > [22m[2mPrimary
[22m[39m[Mock Data] generateClient() called - returning mock client
[90mstdout[2m | src/stories/Button.stories.ts[2m > [22m[2mPrimary
[22m[39m[Mock amplifyClient] getAmplifyClient() called - returning mock client
[90mstdout[2m | src/stories/Button.stories.ts[2m > [22m[2mPrimary
[22m[39m[Mock Data] Unit.observeQuery() called with filter: {
  "filter": {
    "id": {
      "eq": "mock-unit-id",
    },
  },
}
[90mstdout[2m | src/stories/Button.stories.ts[2m > [22m[2mPrimary
[22m[39m[Mock Data] Unit.observeQuery() applying filter: {
  "id": {
    "eq": "mock-unit-id",
  },
}
[90mstdout[2m | src/stories/Button.stories.ts[2m > [22m[2mPrimary
[22m[39m[Mock Data] Unit.observeQuery() items before filter: 0
[90mstdout[2m | src/stories/Button.stories.ts[2m > [22m[2mPrimary
[22m[39m[Mock Data] Unit.observeQuery() items after filter: 0
[90mstdout[2m | src/stories/Button.stories.ts[2m > [22m[2mPrimary
[22m[39m[Mock Data] Unit.observeQuery() returning 0 items (filter applied) {
  "filter": {
    "id": {
      "eq": "mock-unit-id",
    },
  },
}
[90mstdout[2m | src/stories/Button.stories.ts[2m > [22m[2mPrimary
[22m[39m[Mock Data] Unit subscription added. Total subscriptions: 1
[90mstdout[2m | src/stories/Button.stories.ts[2m > [22m[2mPrimary
[22m[39m[Mock Data] generateClient() called - returning mock client
[90mstdout[2m | src/stories/Button.stories.ts[2m > [22m[2mPrimary
[22m[39m[Mock amplifyClient] getAmplifyClient() called - returning mock client
[90mstdout[2m | src/stories/Button.stories.ts[2m > [22m[2mPrimary
[22m[39m[Mock Data] Word.observeQuery() called with filter: undefined
[90mstdout[2m | src/stories/Button.stories.ts[2m > [22m[2mPrimary
[22m[39m[Mock Data] Word.observeQuery() returning 0 items (filter applied) undefined
[90mstdout[2m | src/stories/Button.stories.ts[2m > [22m[2mPrimary
[22m[39m[Mock Data] Word subscription added. Total subscriptions: 1
[90mstdout[2m | src/stories/Button.stories.ts[2m > [22m[2mPrimary
[22m[39m[Mock Data] generateClient() called - returning mock client
[90mstdout[2m | src/stories/Button.stories.ts[2m > [22m[2mPrimary
[22m[39m[Mock amplifyClient] getAmplifyClient() called - returning mock client
[90mstdout[2m | src/stories/Button.stories.ts[2m > [22m[2mPrimary
[22m[39m[Mock Data] Question.observeQuery() called with filter: undefined
[90mstdout[2m | src/stories/Button.stories.ts[2m > [22m[2mPrimary
[22m[39m[Mock Data] Question.observeQuery() returning 0 items (filter applied) undefined
[90mstdout[2m | src/stories/Button.stories.ts[2m > [22m[2mPrimary
[22m[39m[Mock Data] Question subscription added. Total subscriptions: 1
[90mstdout[2m | src/stories/Button.stories.ts[2m > [22m[2mPrimary
[22m[39m[FilesContext] Initializing vector store from IndexedDB
[90mstdout[2m | src/stories/Button.stories.ts[2m > [22m[2mPrimary
[22m[39m[FilesContext] fetchFiles called
[90mstdout[2m | src/stories/Button.stories.ts[2m > [22m[2mPrimary
[22m[39m[FilesContext] User authenticated: mock-user-sub
[90mstdout[2m | src/stories/Button.stories.ts[2m > [22m[2mPrimary
[22m[39m[FilesContext] Identity ID: us-east-1:mock-identity-123
[90mstdout[2m | src/stories/Button.stories.ts[2m > [22m[2mPrimary
[22m[39m[FilesContext] About to subscribe to File model
[90mstdout[2m | src/stories/Button.stories.ts[2m > [22m[2mPrimary
[22m[39m[Mock Data] generateClient() called - returning mock client
[90mstdout[2m | src/stories/Button.stories.ts[2m > [22m[2mPrimary
[22m[39m[Mock amplifyClient] getAmplifyClient() called - returning mock client
[90mstdout[2m | src/stories/Button.stories.ts[2m > [22m[2mPrimary
[22m[39m[Mock Data] File.observeQuery() called with filter: undefined
[90mstdout[2m | src/stories/Button.stories.ts[2m > [22m[2mPrimary
[22m[39m[Mock Data] File.observeQuery() returning 6 items (filter applied) undefined
[90mstdout[2m | src/stories/Button.stories.ts[2m > [22m[2mPrimary
[22m[39m[Mock Data] File subscription added. Total subscriptions: 1
[90mstdout[2m | src/stories/Button.stories.ts[2m > [22m[2mPrimary
[22m[39m[Mock Data] generateClient() called - returning mock client
[90mstdout[2m | src/stories/Button.stories.ts[2m > [22m[2mPrimary
[22m[39m[Mock amplifyClient] getAmplifyClient() called - returning mock client
[90mstdout[2m | src/stories/Button.stories.ts[2m > [22m[2mPrimary
[22m[39m[Mock Data] Document.observeQuery() called with filter: undefined
[90mstdout[2m | src/stories/Button.stories.ts[2m > [22m[2mPrimary
[22m[39m[Mock Data] Document.observeQuery() returning 0 items (filter applied) undefined
[90mstdout[2m | src/stories/Button.stories.ts[2m > [22m[2mPrimary
[22m[39m[Mock Data] Document subscription added. Total subscriptions: 1
[90mstdout[2m | src/stories/Button.stories.ts[2m > [22m[2mPrimary
[22m[39m[ChatContext] Setting up observeQuery for AssistantChat
[90mstdout[2m | src/stories/Button.stories.ts[2m > [22m[2mPrimary
[22m[39m[Mock Data] AssistantChat.observeQuery() called with filter: {
  "sortDirection": "DESC",
  "sortField": "createdAt",
}
[90mstdout[2m | src/stories/Button.stories.ts[2m > [22m[2mPrimary
[22m[39m[Mock Data] AssistantChat.observeQuery() returning 1 items (filter applied) {
  "sortDirection": "DESC",
  "sortField": "createdAt",
}
[90mstdout[2m | src/stories/Button.stories.ts[2m > [22m[2mPrimary
[22m[39m[Mock Data] AssistantChat subscription added. Total subscriptions: 1
[90mstdout[2m | src/stories/Button.stories.ts[2m > [22m[2mPrimary
[22m[39m[ChatContext] Waiting for subscription to initialize
[90mstdout[2m | src/stories/Button.stories.ts[2m > [22m[2mPrimary
[22m[39m[SettingsContext] Setting up Settings subscription for user: mock-user-sub
[90mstdout[2m | src/stories/Button.stories.ts[2m > [22m[2mPrimary
[22m[39m[Mock Data] generateClient() called - returning mock client
[90mstdout[2m | src/stories/Button.stories.ts[2m > [22m[2mPrimary
[22m[39m[Mock amplifyClient] getAmplifyClient() called - returning mock client
[90mstdout[2m | src/stories/Button.stories.ts[2m > [22m[2mPrimary
[22m[39m[Mock Data] Settings.observeQuery() called with filter: undefined
[90mstdout[2m | src/stories/Button.stories.ts[2m > [22m[2mPrimary
[22m[39m[Mock Data] Settings.observeQuery() returning 0 items (filter applied) undefined
[90mstdout[2m | src/stories/Button.stories.ts[2m > [22m[2mPrimary
[22m[39m[Mock Data] Settings subscription added. Total subscriptions: 1
[90mstdout[2m | src/stories/Button.stories.ts[2m > [22m[2mPrimary
[22m[39m[SectionContext] Initial sections: 0 []
[90mstdout[2m | src/stories/Button.stories.ts[2m > [22m[2mPrimary
[22m[39m[Mock Data] Section.onCreate() called with filter: undefined
[90mstdout[2m | src/stories/Button.stories.ts[2m > [22m[2mPrimary
[22m[39m[Mock Data] Section.onCreate() subscription added. Total: 1
[90mstdout[2m | src/stories/Button.stories.ts[2m > [22m[2mPrimary
[22m[39m[Mock Data] Section.onUpdate() called with filter: undefined
[90mstdout[2m | src/stories/Button.stories.ts[2m > [22m[2mPrimary
[22m[39m[Mock Data] Section.onUpdate() subscription added. Total: 1
[90mstdout[2m | src/stories/Button.stories.ts[2m > [22m[2mPrimary
[22m[39m[Mock Data] Section.onDelete() called with filter: undefined
[90mstdout[2m | src/stories/Button.stories.ts[2m > [22m[2mPrimary
[22m[39m[Mock Data] Section.onDelete() subscription added. Total: 1
[90mstdout[2m | src/stories/Button.stories.ts[2m > [22m[2mPrimary
[22m[39m[Mock Data] Assignment.onCreate() called with filter: {
  "filter": {
    "unitID": {
      "eq": "mock-unit-id",
    },
  },
}
[90mstdout[2m | src/stories/Button.stories.ts[2m > [22m[2mPrimary
[22m[39m[Mock Data] Assignment.onCreate() subscription added. Total: 1
[90mstdout[2m | src/stories/Button.stories.ts[2m > [22m[2mPrimary
[22m[39m[Mock Data] Assignment.onUpdate() called with filter: {
  "filter": {
    "unitID": {
      "eq": "mock-unit-id",
    },
  },
}
[90mstdout[2m | src/stories/Button.stories.ts[2m > [22m[2mPrimary
[22m[39m[Mock Data] Assignment.onUpdate() subscription added. Total: 1
[90mstdout[2m | src/stories/Button.stories.ts[2m > [22m[2mPrimary
[22m[39m[Mock Data] Assignment.onDelete() called with filter: {
  "filter": {
    "unitID": {
      "eq": "mock-unit-id",
    },
  },
}
[90mstdout[2m | src/stories/Button.stories.ts[2m > [22m[2mPrimary
[22m[39m[Mock Data] Assignment.onDelete() subscription added. Total: 1
[90mstdout[2m | src/stories/Button.stories.ts[2m > [22m[2mPrimary
[22m[39m[FilesContext] File observeQuery subscription triggered:
[90mstdout[2m | src/stories/Button.stories.ts[2m > [22m[2mPrimary
[22m[39m  - items.length: 6
[90mstdout[2m | src/stories/Button.stories.ts[2m > [22m[2mPrimary
[22m[39m  - isSynced: true
[90mstdout[2m | src/stories/Button.stories.ts[2m > [22m[2mPrimary
[22m[39m  - items: [
  {
    "_deleted": null,
    "_lastChangedAt": 1767711773285,
    "_version": 1,
    "byHex": null,
    "createdAt": "2026-01-06T15:02:53.253Z",
    "description": "Japanese language textbook - Chapter 1",
    "document": Promise {},
    "documentID": "e01017e1-fe7a-4521-b71c-09ec31b18639",
    "duration": null,
    "embedding": null,
    "generated": null,
    "hex": null,
    "id": "a57d7833-5fa7-4cb7-8b7a-ce7c6e10e551",
    "identityId": "us-east-1:b0eadde9-f02c-c71b-17a6-22ffd37d89c8",
    "key": "files/Japanese Wind 1.pdf",
    "level": "protected",
    "mimeType": "application/pdf",
    "model": null,
    "name": "Japanese Wind 1.pdf",
    "owner": "64d81418-7021-701d-9fed-a4c2e0735711",
    "parsedContent": [Function anonymous],
    "parsedContentID": null,
    "path": "files/Japanese Wind 1.pdf",
    "prompt": null,
    "size": 4706654,
    "thumbnail": null,
    "type": "pdf",
    "updatedAt": "2026-01-06T15:02:53.253Z",
    "variant": null,
    "waveformData": null,
  },
  {
    "_version": 2,
    "createdAt": "2026-01-15T10:00:00.000Z",
    "description": "Sample report with vocabulary",
    "document": Promise {},
    "documentID": "cd824b5b-2c66-41f8-8571-aa6794ff590c",
    "generated": false,
    "id": "mock-pdf-file-2",
    "identityId": "us-east-1:mock-identity",
    "key": "files/report.pdf",
    "level": "protected",
    "mimeType": "application/pdf",
    "name": "report.pdf",
    "owner": "mock-user-id",
    "parsedContent": [Function anonymous],
    "path": "files/report.pdf",
    "size": 123456,
    "type": "pdf",
    "updatedAt": "2026-01-15T10:30:00.000Z",
  },
  {
    "_version": 3,
    "createdAt": "2026-01-14T08:00:00.000Z",
    "description": "Vocabulary lesson PDF with extracted content",
    "document": Promise {},
    "documentID": "mock-document-3",
    "generated": false,
    "id": "mock-pdf-file-3",
    "identityId": "us-east-1:mock-identity",
    "key": "files/vocabulary-lesson.pdf",
    "level": "public",
    "mimeType": "application/pdf",
    "name": "vocabulary-lesson.pdf",
    "owner": "mock-user-id",
    "parsedContent": [Function anonymous],
    "path": "files/vocabulary-lesson.pdf",
    "size": 567890,
    "type": "pdf",
    "updatedAt": "2026-01-14T08:45:00.000Z",
  },
  {
    "_version": 1,
    "createdAt": "2026-01-20T10:00:00.000Z",
    "description": "Sample pronunciation audio",
    "documentID": null,
    "duration": 3.5,
    "generated": true,
    "id": "mock-audio-file-1",
    "identityId": "us-east-1:mock-identity",
    "key": "audio/pronunciation-demo.mp3",
    "level": "public",
    "mimeType": "audio/mpeg",
    "name": "pronunciation-demo.mp3",
    "owner": "mock-user-id",
    "parsedContent": [Function anonymous],
    "path": "/story-mocks/cinematic-designed-sci-fi-whoosh-transition-nexawave-228295.mp3",
    "size": 56789,
    "type": "audio",
    "updatedAt": "2026-01-20T10:00:00.000Z",
    "waveformData": null,
  },
  {
    "_version": 1,
    "createdAt": "2026-01-19T14:30:00.000Z",
    "description": "Lesson introduction audio",
    "documentID": null,
    "duration": 5.2,
    "generated": false,
    "id": "mock-audio-file-2",
    "identityId": "us-east-1:mock-identity",
    "key": "audio/lesson-intro.mp3",
    "level": "public",
    "mimeType": "audio/mpeg",
    "name": "lesson-intro.mp3",
    "owner": "mock-user-id",
    "parsedContent": [Function anonymous],
    "path": "/story-mocks/descent-whoosh-long-cinematic-sound-effect-405921.mp3",
    "size": 87654,
    "type": "audio",
    "updatedAt": "2026-01-19T14:30:00.000Z",
    "waveformData": null,
  },
  {
    "_version": 1,
    "createdAt": "2026-01-18T09:15:00.000Z",
    "description": "Hiragana character chart",
    "documentID": null,
    "generated": false,
    "id": "mock-image-file-1",
    "identityId": "us-east-1:mock-identity",
    "key": "images/hiragana-chart.png",
    "level": "public",
    "mimeType": "image/png",
    "name": "hiragana-chart.png",
    "owner": "mock-user-id",
    "parsedContent": [Function anonymous],
    "path": "images/hiragana-chart.png",
    "size": 234567,
    "thumbnail": "thumbnails/hiragana-chart-thumb.png",
    "type": "image",
    "updatedAt": "2026-01-18T09:15:00.000Z",
  },
]
[90mstdout[2m | src/stories/Button.stories.ts[2m > [22m[2mPrimary
[22m[39m[ChatContext] AssistantChat query update: 1 items (synced)
[90mstdout[2m | src/stories/Button.stories.ts[2m > [22m[2mPrimary
[22m[39m[ChatContext] First item details: {
  "id": "mock-assistant-chat-1",
  "updatedAt": "2024-01-26T10:15:00.000Z",
}
[90mstdout[2m | src/stories/Button.stories.ts[2m > [22m[2mPrimary
[22m[39m[ChatContext] AssistantChat subscription initialized
[90mstdout[2m | src/stories/Button.stories.ts[2m > [22m[2mPrimary
[22m[39m[ChatContext] AssistantChat list updated: 1 chats
[90mstdout[2m | src/stories/Button.stories.ts[2m > [22m[2mPrimary
[22m[39m[ChatContext] Setting initial chat: mock-assistant-chat-1
[90mstdout[2m | src/stories/Button.stories.ts[2m > [22m[2mPrimary
[22m[39m[FilesContext] Files count changed: 0 → 6
[90mstdout[2m | src/stories/Button.stories.ts[2m > [22m[2mPrimary
[22m[39m[MOCK CourseVectorStore] Initialized with mock data
[90mstdout[2m | src/stories/Button.stories.ts[2m > [22m[2mPrimary
[22m[39m[MOCK CourseVectorStore] Initialized with mock data
[90mstderr[2m | src/stories/Button.stories.ts[2m > [22m[2mPrimary
[22m[39mUnknown event handler property `onOpen`. It will be ignored.
[90mstderr[2m | src/stories/Button.stories.ts[2m > [22m[2mPrimary
[22m[39mUnknown event handler property `onDelete`. It will be ignored.
[90mstderr[2m | src/stories/Button.stories.ts[2m > [22m[2mPrimary
[22m[39mUnknown event handler property `onAdd`. It will be ignored.
[90mstderr[2m | src/stories/Button.stories.ts[2m > [22m[2mPrimary
[22m[39mUnknown event handler property `onRemove`. It will be ignored.
[90mstderr[2m | src/stories/Button.stories.ts[2m > [22m[2mPrimary
[22m[39mUnknown event handler property `onHover`. It will be ignored.
[90mstderr[2m | src/stories/Button.stories.ts[2m > [22m[2mPrimary
[22m[39mUnknown event handler property `onSave`. It will be ignored.
[90mstderr[2m | src/stories/Button.stories.ts[2m > [22m[2mPrimary
[22m[39mUnknown event handler property `onEdit`. It will be ignored.
[90mstderr[2m | src/stories/Button.stories.ts[2m > [22m[2mPrimary
[22m[39mUnknown event handler property `onUpdate`. It will be ignored.
[90mstderr[2m | src/stories/Button.stories.ts[2m > [22m[2mPrimary
[22m[39mUnknown event handler property `onCreate`. It will be ignored.
[90mstderr[2m | src/stories/Button.stories.ts[2m > [22m[2mPrimary
[22m[39mUnknown event handler property `onSend`. It will be ignored.
[90mstderr[2m | src/stories/Button.stories.ts[2m > [22m[2mPrimary
[22m[39mUnknown event handler property `onLanguageChange`. It will be ignored.
[90mstderr[2m | src/stories/Button.stories.ts[2m > [22m[2mPrimary
[22m[39mUnknown event handler property `onPanelOpen`. It will be ignored.
[90mstdout[2m | src/stories/Button.stories.ts[2m > [22m[2mPrimary
[22m[39m[Mock Data] Settings.create() called with: {
  "assistantVoice": "shimmer",
  "autoAnalyzeDocuments": true,
  "defaultAIModel": "gpt-4",
  "documentAnalysisModel": "gpt-4",
  "editorFontSize": 14,
  "editorTheme": "auto",
  "emailNotifications": true,
  "language": "en",
  "webhookNotifications": false,
}
[90mstdout[2m | src/stories/Button.stories.ts[2m > [22m[2mPrimary
[22m[39m[Mock Data] Settings created: mock-settings-1776336998807 - notified 1 subscribers
[90mstdout[2m | src/stories/Button.stories.ts[2m > [22m[2mPrimary
[22m[39m[FilesContext] Vector store population triggered {
  "currentVectorStoreSize": 3,
  "documentsCount": 0,
  "filesCount": 6,
  "isInitialLoad": true,
}
[90mstdout[2m | src/stories/Button.stories.ts[2m > [22m[2mPrimary
[22m[39m[FilesContext] Vector store population complete - 3 total embeddings
[90mstdout[2m | src/stories/Button.stories.ts[2m > [22m[2mPrimary
[22m[39m[ChatContext] Chat exists and not archived, skipping creation
[90mstdout[2m | src/stories/Button.stories.ts[2m > [22m[2mSecondary
[22m[39m[Mock Data] Settings subscription unsubscribed. Remaining: 0
[90mstdout[2m | src/stories/Button.stories.ts[2m > [22m[2mSecondary
[22m[39m[ChatContext] Cleaning up subscription
[90mstdout[2m | src/stories/Button.stories.ts[2m > [22m[2mSecondary
[22m[39m[Mock Data] AssistantChat subscription unsubscribed. Remaining: 0
[90mstdout[2m | src/stories/Button.stories.ts[2m > [22m[2mSecondary
[22m[39m[Mock Data] File subscription unsubscribed. Remaining: 0
[90mstdout[2m | src/stories/Button.stories.ts[2m > [22m[2mSecondary
[22m[39m[Mock Data] Document subscription unsubscribed. Remaining: 0
[90mstdout[2m | src/stories/Button.stories.ts[2m > [22m[2mSecondary
[22m[39m[Mock Data] Word subscription unsubscribed. Remaining: 0
[90mstdout[2m | src/stories/Button.stories.ts[2m > [22m[2mSecondary
[22m[39m[Mock Data] Question subscription unsubscribed. Remaining: 0
[90mstdout[2m | src/stories/Button.stories.ts[2m > [22m[2mSecondary
[22m[39m[Mock Data] Grade subscription unsubscribed. Remaining: 0
[90mstdout[2m | src/stories/Button.stories.ts[2m > [22m[2mSecondary
[22m[39m[Mock Data] Unit subscription unsubscribed. Remaining: 0
[90mstdout[2m | src/stories/Button.stories.ts[2m > [22m[2mSecondary
[22m[39m[SectionContext] Cleaning up subscriptions
[90mstdout[2m | src/stories/Button.stories.ts[2m > [22m[2mSecondary
[22m[39m[Mock Data] Section.onCreate() subscription removed. Remaining: 0
[90mstdout[2m | src/stories/Button.stories.ts[2m > [22m[2mSecondary
[22m[39m[Mock Data] Section.onUpdate() subscription removed. Remaining: 0
[90mstdout[2m | src/stories/Button.stories.ts[2m > [22m[2mSecondary
[22m[39m[Mock Data] Section.onDelete() subscription removed. Remaining: 0
[90mstdout[2m | src/stories/Button.stories.ts[2m > [22m[2mSecondary
[22m[39m[Mock Data] Assignment.onCreate() subscription removed. Remaining: 0
[90mstdout[2m | src/stories/Button.stories.ts[2m > [22m[2mSecondary
[22m[39m[Mock Data] Assignment.onUpdate() subscription removed. Remaining: 0
[90mstdout[2m | src/stories/Button.stories.ts[2m > [22m[2mSecondary
[22m[39m[Mock Data] Assignment.onDelete() subscription removed. Remaining: 0
[90mstdout[2m | src/stories/Button.stories.ts[2m > [22m[2mSecondary
[22m[39m[Mock Data] Clearing all data stores
[90mstdout[2m | src/stories/Button.stories.ts[2m > [22m[2mSecondary
[22m[39m[Mock Data] All data stores cleared
[90mstdout[2m | src/stories/Button.stories.ts[2m > [22m[2mSecondary
[22m[39m[Preview] Cleared mock data for story
[90mstdout[2m | src/stories/Button.stories.ts[2m > [22m[2mSecondary
[22m[39m[Mock Data Gen 2] Initializing mock data
[90mstdout[2m | src/stories/Button.stories.ts[2m > [22m[2mSecondary
[22m[39m[Mock Data] seedMockAssistantChats: Replacing with 1 assistant chats
[90mstdout[2m | src/stories/Button.stories.ts[2m > [22m[2mSecondary
[22m[39m[Mock Data Gen 2] Seeded AssistantChat: mock-assistant-chat-1
[90mstdout[2m | src/stories/Button.stories.ts[2m > [22m[2mSecondary
[22m[39m[Mock Data] seedMockFiles: Adding 6 files
[90mstdout[2m | src/stories/Button.stories.ts[2m > [22m[2mSecondary
[22m[39m[Mock Data Gen 2] Seeded Files: 6
[90mstdout[2m | src/stories/Button.stories.ts[2m > [22m[2mSecondary
[22m[39m[Mock Data Gen 2] Initializing mock data
[90mstdout[2m | src/stories/Button.stories.ts[2m > [22m[2mSecondary
[22m[39m[Mock Data] seedMockAssistantChats: Replacing with 1 assistant chats
[90mstdout[2m | src/stories/Button.stories.ts[2m > [22m[2mSecondary
[22m[39m[Mock Data Gen 2] Seeded AssistantChat: mock-assistant-chat-1
[90mstdout[2m | src/stories/Button.stories.ts[2m > [22m[2mSecondary
[22m[39m[Mock Data] seedMockFiles: Adding 6 files
[90mstdout[2m | src/stories/Button.stories.ts[2m > [22m[2mSecondary
[22m[39m[Mock Data Gen 2] Seeded Files: 6
[90mstdout[2m | src/stories/Button.stories.ts[2m > [22m[2mSecondary
[22m[39m[Preview] Initialized default mock data for story
[90mstdout[2m | src/stories/Button.stories.ts[2m > [22m[2mSecondary
[22m[39m[Mock AuthContext] Providing auth: {
  "error": undefined,
  "isLoading": false,
  "session": {
    "idToken": {
      "toString": [Function toString],
    },
    "identityId": "us-east-1:mock-identity-123",
    "username": "mock-user-sub",
  },
  "user": {
    "attributes": {
      "email": "alice@example.com",
      "name": "Alice Student",
      "sub": "mock-user-sub",
    },
  },
}
[90mstdout[2m | src/stories/Button.stories.ts[2m > [22m[2mSecondary
[22m[39m[Mock Data] generateClient() called - returning mock client
[90mstdout[2m | src/stories/Button.stories.ts[2m > [22m[2mSecondary
[22m[39m[Mock amplifyClient] getAmplifyClient() called - returning mock client
[90mstdout[2m | src/stories/Button.stories.ts[2m > [22m[2mSecondary
[22m[39m[MOCK CourseVectorStore] Initialized with mock data
[90mstdout[2m | src/stories/Button.stories.ts[2m > [22m[2mSecondary
[22m[39m[TranslationModeController] Setting mode to: off
[90mstdout[2m | src/stories/Button.stories.ts[2m > [22m[2mSecondary
[22m[39m[SectionContext] useEffect triggered {
  "authLoading": false,
  "hasUser": true,
  "userSub": "mock-user-sub",
}
[90mstdout[2m | src/stories/Button.stories.ts[2m > [22m[2mSecondary
[22m[39m[SectionContext] Fetching sections for userId: mock-user-sub
[90mstdout[2m | src/stories/Button.stories.ts[2m > [22m[2mSecondary
[22m[39m[Mock Data] generateClient() called - returning mock client
[90mstdout[2m | src/stories/Button.stories.ts[2m > [22m[2mSecondary
[22m[39m[Mock amplifyClient] getAmplifyClient() called - returning mock client
[90mstdout[2m | src/stories/Button.stories.ts[2m > [22m[2mSecondary
[22m[39m[Mock Data] Section.list() called with options: undefined
[90mstdout[2m | src/stories/Button.stories.ts[2m > [22m[2mSecondary
[22m[39m[Mock Data] generateClient() called - returning mock client
[90mstdout[2m | src/stories/Button.stories.ts[2m > [22m[2mSecondary
[22m[39m[Mock amplifyClient] getAmplifyClient() called - returning mock client
[90mstdout[2m | src/stories/Button.stories.ts[2m > [22m[2mSecondary
[22m[39m[Mock Data] Assignment.list() called with options: {
  "filter": {
    "unitID": {
      "eq": "mock-unit-id",
    },
  },
}
[90mstdout[2m | src/stories/Button.stories.ts[2m > [22m[2mSecondary
[22m[39m[Mock Data] generateClient() called - returning mock client
[90mstdout[2m | src/stories/Button.stories.ts[2m > [22m[2mSecondary
[22m[39m[Mock amplifyClient] getAmplifyClient() called - returning mock client
[90mstdout[2m | src/stories/Button.stories.ts[2m > [22m[2mSecondary
[22m[39m[Mock Data] Grade.observeQuery() called with filter: {
  "filter": {
    "unitID": {
      "eq": "mock-unit-id",
    },
  },
}
[90mstdout[2m | src/stories/Button.stories.ts[2m > [22m[2mSecondary
[22m[39m[Mock Data] Grade.observeQuery() applying filter: {
  "unitID": {
    "eq": "mock-unit-id",
  },
}
[90mstdout[2m | src/stories/Button.stories.ts[2m > [22m[2mSecondary
[22m[39m[Mock Data] Grade.observeQuery() items before filter: 0
[90mstdout[2m | src/stories/Button.stories.ts[2m > [22m[2mSecondary
[22m[39m[Mock Data] Grade.observeQuery() items after filter: 0
[90mstdout[2m | src/stories/Button.stories.ts[2m > [22m[2mSecondary
[22m[39m[Mock Data] Grade.observeQuery() returning 0 items (filter applied) {
  "filter": {
    "unitID": {
      "eq": "mock-unit-id",
    },
  },
}
[90mstdout[2m | src/stories/Button.stories.ts[2m > [22m[2mSecondary
[22m[39m[Mock Data] Grade subscription added. Total subscriptions: 1
[90mstdout[2m | src/stories/Button.stories.ts[2m > [22m[2mSecondary
[22m[39m[UnitContext] useEffect triggered {
  "authLoading": false,
  "hasUser": true,
  "id": "mock-unit-id",
  "userSub": "mock-user-sub",
}
[90mstdout[2m | src/stories/Button.stories.ts[2m > [22m[2mSecondary
[22m[39m[UnitContext] Fetching unit data for id: mock-unit-id
[90mstdout[2m | src/stories/Button.stories.ts[2m > [22m[2mSecondary
[22m[39m[Mock Data] generateClient() called - returning mock client
[90mstdout[2m | src/stories/Button.stories.ts[2m > [22m[2mSecondary
[22m[39m[Mock amplifyClient] getAmplifyClient() called - returning mock client
[90mstdout[2m | src/stories/Button.stories.ts[2m > [22m[2mSecondary
[22m[39m[Mock Data] Unit.observeQuery() called with filter: {
  "filter": {
    "id": {
      "eq": "mock-unit-id",
    },
  },
}
[90mstdout[2m | src/stories/Button.stories.ts[2m > [22m[2mSecondary
[22m[39m[Mock Data] Unit.observeQuery() applying filter: {
  "id": {
    "eq": "mock-unit-id",
  },
}
[90mstdout[2m | src/stories/Button.stories.ts[2m > [22m[2mSecondary
[22m[39m[Mock Data] Unit.observeQuery() items before filter: 0
[90mstdout[2m | src/stories/Button.stories.ts[2m > [22m[2mSecondary
[22m[39m[Mock Data] Unit.observeQuery() items after filter: 0
[90mstdout[2m | src/stories/Button.stories.ts[2m > [22m[2mSecondary
[22m[39m[Mock Data] Unit.observeQuery() returning 0 items (filter applied) {
  "filter": {
    "id": {
      "eq": "mock-unit-id",
    },
  },
}
[90mstdout[2m | src/stories/Button.stories.ts[2m > [22m[2mSecondary
[22m[39m[Mock Data] Unit subscription added. Total subscriptions: 1
[90mstdout[2m | src/stories/Button.stories.ts[2m > [22m[2mSecondary
[22m[39m[Mock Data] generateClient() called - returning mock client
[90mstdout[2m | src/stories/Button.stories.ts[2m > [22m[2mSecondary
[22m[39m[Mock amplifyClient] getAmplifyClient() called - returning mock client
[90mstdout[2m | src/stories/Button.stories.ts[2m > [22m[2mSecondary
[22m[39m[Mock Data] Word.observeQuery() called with filter: undefined
[90mstdout[2m | src/stories/Button.stories.ts[2m > [22m[2mSecondary
[22m[39m[Mock Data] Word.observeQuery() returning 0 items (filter applied) undefined
[90mstdout[2m | src/stories/Button.stories.ts[2m > [22m[2mSecondary
[22m[39m[Mock Data] Word subscription added. Total subscriptions: 1
[90mstdout[2m | src/stories/Button.stories.ts[2m > [22m[2mSecondary
[22m[39m[Mock Data] generateClient() called - returning mock client
[90mstdout[2m | src/stories/Button.stories.ts[2m > [22m[2mSecondary
[22m[39m[Mock amplifyClient] getAmplifyClient() called - returning mock client
[90mstdout[2m | src/stories/Button.stories.ts[2m > [22m[2mSecondary
[22m[39m[Mock Data] Question.observeQuery() called with filter: undefined
[90mstdout[2m | src/stories/Button.stories.ts[2m > [22m[2mSecondary
[22m[39m[Mock Data] Question.observeQuery() returning 0 items (filter applied) undefined
[90mstdout[2m | src/stories/Button.stories.ts[2m > [22m[2mSecondary
[22m[39m[Mock Data] Question subscription added. Total subscriptions: 1
[90mstdout[2m | src/stories/Button.stories.ts[2m > [22m[2mSecondary
[22m[39m[FilesContext] Initializing vector store from IndexedDB
[90mstdout[2m | src/stories/Button.stories.ts[2m > [22m[2mSecondary
[22m[39m[FilesContext] fetchFiles called
[90mstdout[2m | src/stories/Button.stories.ts[2m > [22m[2mSecondary
[22m[39m[FilesContext] User authenticated: mock-user-sub
[90mstdout[2m | src/stories/Button.stories.ts[2m > [22m[2mSecondary
[22m[39m[FilesContext] Identity ID: us-east-1:mock-identity-123
[90mstdout[2m | src/stories/Button.stories.ts[2m > [22m[2mSecondary
[22m[39m[FilesContext] About to subscribe to File model
[90mstdout[2m | src/stories/Button.stories.ts[2m > [22m[2mSecondary
[22m[39m[Mock Data] generateClient() called - returning mock client
[90mstdout[2m | src/stories/Button.stories.ts[2m > [22m[2mSecondary
[22m[39m[Mock amplifyClient] getAmplifyClient() called - returning mock client
[90mstdout[2m | src/stories/Button.stories.ts[2m > [22m[2mSecondary
[22m[39m[Mock Data] File.observeQuery() called with filter: undefined
[90mstdout[2m | src/stories/Button.stories.ts[2m > [22m[2mSecondary
[22m[39m[Mock Data] File.observeQuery() returning 6 items (filter applied) undefined
[90mstdout[2m | src/stories/Button.stories.ts[2m > [22m[2mSecondary
[22m[39m[Mock Data] File subscription added. Total subscriptions: 1
[90mstdout[2m | src/stories/Button.stories.ts[2m > [22m[2mSecondary
[22m[39m[Mock Data] generateClient() called - returning mock client
[90mstdout[2m | src/stories/Button.stories.ts[2m > [22m[2mSecondary
[22m[39m[Mock amplifyClient] getAmplifyClient() called - returning mock client
[90mstdout[2m | src/stories/Button.stories.ts[2m > [22m[2mSecondary
[22m[39m[Mock Data] Document.observeQuery() called with filter: undefined
[90mstdout[2m | src/stories/Button.stories.ts[2m > [22m[2mSecondary
[22m[39m[Mock Data] Document.observeQuery() returning 0 items (filter applied) undefined
[90mstdout[2m | src/stories/Button.stories.ts[2m > [22m[2mSecondary
[22m[39m[Mock Data] Document subscription added. Total subscriptions: 1
[90mstdout[2m | src/stories/Button.stories.ts[2m > [22m[2mSecondary
[22m[39m[ChatContext] Setting up observeQuery for AssistantChat
[90mstdout[2m | src/stories/Button.stories.ts[2m > [22m[2mSecondary
[22m[39m[Mock Data] AssistantChat.observeQuery() called with filter: {
  "sortDirection": "DESC",
  "sortField": "createdAt",
}
[90mstdout[2m | src/stories/Button.stories.ts[2m > [22m[2mSecondary
[22m[39m[Mock Data] AssistantChat.observeQuery() returning 1 items (filter applied) {
  "sortDirection": "DESC",
  "sortField": "createdAt",
}
[90mstdout[2m | src/stories/Button.stories.ts[2m > [22m[2mSecondary
[22m[39m[Mock Data] AssistantChat subscription added. Total subscriptions: 1
[90mstdout[2m | src/stories/Button.stories.ts[2m > [22m[2mSecondary
[22m[39m[ChatContext] Waiting for subscription to initialize
[90mstdout[2m | src/stories/Button.stories.ts[2m > [22m[2mSecondary
[22m[39m[SettingsContext] Setting up Settings subscription for user: mock-user-sub
[90mstdout[2m | src/stories/Button.stories.ts[2m > [22m[2mSecondary
[22m[39m[Mock Data] generateClient() called - returning mock client
[90mstdout[2m | src/stories/Button.stories.ts[2m > [22m[2mSecondary
[22m[39m[Mock amplifyClient] getAmplifyClient() called - returning mock client
[90mstdout[2m | src/stories/Button.stories.ts[2m > [22m[2mSecondary
[22m[39m[Mock Data] Settings.observeQuery() called with filter: undefined
[90mstdout[2m | src/stories/Button.stories.ts[2m > [22m[2mSecondary
[22m[39m[Mock Data] Settings.observeQuery() returning 0 items (filter applied) undefined
[90mstdout[2m | src/stories/Button.stories.ts[2m > [22m[2mSecondary
[22m[39m[Mock Data] Settings subscription added. Total subscriptions: 1
[90mstdout[2m | src/stories/Button.stories.ts[2m > [22m[2mSecondary
[22m[39m[SectionContext] Initial sections: 0 []
[90mstdout[2m | src/stories/Button.stories.ts[2m > [22m[2mSecondary
[22m[39m[Mock Data] Section.onCreate() called with filter: undefined
[90mstdout[2m | src/stories/Button.stories.ts[2m > [22m[2mSecondary
[22m[39m[Mock Data] Section.onCreate() subscription added. Total: 1
[90mstdout[2m | src/stories/Button.stories.ts[2m > [22m[2mSecondary
[22m[39m[Mock Data] Section.onUpdate() called with filter: undefined
[90mstdout[2m | src/stories/Button.stories.ts[2m > [22m[2mSecondary
[22m[39m[Mock Data] Section.onUpdate() subscription added. Total: 1
[90mstdout[2m | src/stories/Button.stories.ts[2m > [22m[2mSecondary
[22m[39m[Mock Data] Section.onDelete() called with filter: undefined
[90mstdout[2m | src/stories/Button.stories.ts[2m > [22m[2mSecondary
[22m[39m[Mock Data] Section.onDelete() subscription added. Total: 1
[90mstdout[2m | src/stories/Button.stories.ts[2m > [22m[2mSecondary
[22m[39m[Mock Data] Assignment.onCreate() called with filter: {
  "filter": {
    "unitID": {
      "eq": "mock-unit-id",
    },
  },
}
[90mstdout[2m | src/stories/Button.stories.ts[2m > [22m[2mSecondary
[22m[39m[Mock Data] Assignment.onCreate() subscription added. Total: 1
[90mstdout[2m | src/stories/Button.stories.ts[2m > [22m[2mSecondary
[22m[39m[Mock Data] Assignment.onUpdate() called with filter: {
  "filter": {
    "unitID": {
      "eq": "mock-unit-id",
    },
  },
}
[90mstdout[2m | src/stories/Button.stories.ts[2m > [22m[2mSecondary
[22m[39m[Mock Data] Assignment.onUpdate() subscription added. Total: 1
[90mstdout[2m | src/stories/Button.stories.ts[2m > [22m[2mSecondary
[22m[39m[Mock Data] Assignment.onDelete() called with filter: {
  "filter": {
    "unitID": {
      "eq": "mock-unit-id",
    },
  },
}
[90mstdout[2m | src/stories/Button.stories.ts[2m > [22m[2mSecondary
[22m[39m[Mock Data] Assignment.onDelete() subscription added. Total: 1
[90mstdout[2m | src/stories/Button.stories.ts[2m > [22m[2mSecondary
[22m[39m[FilesContext] File observeQuery subscription triggered:
[90mstdout[2m | src/stories/Button.stories.ts[2m > [22m[2mSecondary
[22m[39m  - items.length: 6
[90mstdout[2m | src/stories/Button.stories.ts[2m > [22m[2mSecondary
[22m[39m  - isSynced: true
[90mstdout[2m | src/stories/Button.stories.ts[2m > [22m[2mSecondary
[22m[39m  - items: [
  {
    "_deleted": null,
    "_lastChangedAt": 1767711773285,
    "_version": 1,
    "byHex": null,
    "createdAt": "2026-01-06T15:02:53.253Z",
    "description": "Japanese language textbook - Chapter 1",
    "document": Promise {},
    "documentID": "e01017e1-fe7a-4521-b71c-09ec31b18639",
    "duration": null,
    "embedding": null,
    "generated": null,
    "hex": null,
    "id": "a57d7833-5fa7-4cb7-8b7a-ce7c6e10e551",
    "identityId": "us-east-1:b0eadde9-f02c-c71b-17a6-22ffd37d89c8",
    "key": "files/Japanese Wind 1.pdf",
    "level": "protected",
    "mimeType": "application/pdf",
    "model": null,
    "name": "Japanese Wind 1.pdf",
    "owner": "64d81418-7021-701d-9fed-a4c2e0735711",
    "parsedContent": [Function anonymous],
    "parsedContentID": null,
    "path": "files/Japanese Wind 1.pdf",
    "prompt": null,
    "size": 4706654,
    "thumbnail": null,
    "type": "pdf",
    "updatedAt": "2026-01-06T15:02:53.253Z",
    "variant": null,
    "waveformData": null,
  },
  {
    "_version": 2,
    "createdAt": "2026-01-15T10:00:00.000Z",
    "description": "Sample report with vocabulary",
    "document": Promise {},
    "documentID": "cd824b5b-2c66-41f8-8571-aa6794ff590c",
    "generated": false,
    "id": "mock-pdf-file-2",
    "identityId": "us-east-1:mock-identity",
    "key": "files/report.pdf",
    "level": "protected",
    "mimeType": "application/pdf",
    "name": "report.pdf",
    "owner": "mock-user-id",
    "parsedContent": [Function anonymous],
    "path": "files/report.pdf",
    "size": 123456,
    "type": "pdf",
    "updatedAt": "2026-01-15T10:30:00.000Z",
  },
  {
    "_version": 3,
    "createdAt": "2026-01-14T08:00:00.000Z",
    "description": "Vocabulary lesson PDF with extracted content",
    "document": Promise {},
    "documentID": "mock-document-3",
    "generated": false,
    "id": "mock-pdf-file-3",
    "identityId": "us-east-1:mock-identity",
    "key": "files/vocabulary-lesson.pdf",
    "level": "public",
    "mimeType": "application/pdf",
    "name": "vocabulary-lesson.pdf",
    "owner": "mock-user-id",
    "parsedContent": [Function anonymous],
    "path": "files/vocabulary-lesson.pdf",
    "size": 567890,
    "type": "pdf",
    "updatedAt": "2026-01-14T08:45:00.000Z",
  },
  {
    "_version": 1,
    "createdAt": "2026-01-20T10:00:00.000Z",
    "description": "Sample pronunciation audio",
    "documentID": null,
    "duration": 3.5,
    "generated": true,
    "id": "mock-audio-file-1",
    "identityId": "us-east-1:mock-identity",
    "key": "audio/pronunciation-demo.mp3",
    "level": "public",
    "mimeType": "audio/mpeg",
    "name": "pronunciation-demo.mp3",
    "owner": "mock-user-id",
    "parsedContent": [Function anonymous],
    "path": "/story-mocks/cinematic-designed-sci-fi-whoosh-transition-nexawave-228295.mp3",
    "size": 56789,
    "type": "audio",
    "updatedAt": "2026-01-20T10:00:00.000Z",
    "waveformData": null,
  },
  {
    "_version": 1,
    "createdAt": "2026-01-19T14:30:00.000Z",
    "description": "Lesson introduction audio",
    "documentID": null,
    "duration": 5.2,
    "generated": false,
    "id": "mock-audio-file-2",
    "identityId": "us-east-1:mock-identity",
    "key": "audio/lesson-intro.mp3",
    "level": "public",
    "mimeType": "audio/mpeg",
    "name": "lesson-intro.mp3",
    "owner": "mock-user-id",
    "parsedContent": [Function anonymous],
    "path": "/story-mocks/descent-whoosh-long-cinematic-sound-effect-405921.mp3",
    "size": 87654,
    "type": "audio",
    "updatedAt": "2026-01-19T14:30:00.000Z",
    "waveformData": null,
  },
  {
    "_version": 1,
    "createdAt": "2026-01-18T09:15:00.000Z",
    "description": "Hiragana character chart",
    "documentID": null,
    "generated": false,
    "id": "mock-image-file-1",
    "identityId": "us-east-1:mock-identity",
    "key": "images/hiragana-chart.png",
    "level": "public",
    "mimeType": "image/png",
    "name": "hiragana-chart.png",
    "owner": "mock-user-id",
    "parsedContent": [Function anonymous],
    "path": "images/hiragana-chart.png",
    "size": 234567,
    "thumbnail": "thumbnails/hiragana-chart-thumb.png",
    "type": "image",
    "updatedAt": "2026-01-18T09:15:00.000Z",
  },
]
[90mstdout[2m | src/stories/Button.stories.ts[2m > [22m[2mSecondary
[22m[39m[ChatContext] AssistantChat query update: 1 items (synced)
[90mstdout[2m | src/stories/Button.stories.ts[2m > [22m[2mSecondary
[22m[39m[ChatContext] First item details: {
  "id": "mock-assistant-chat-1",
  "updatedAt": "2024-01-26T10:15:00.000Z",
}
[90mstdout[2m | src/stories/Button.stories.ts[2m > [22m[2mSecondary
[22m[39m[ChatContext] AssistantChat subscription initialized
[90mstdout[2m | src/stories/Button.stories.ts[2m > [22m[2mSecondary
[22m[39m[ChatContext] AssistantChat list updated: 1 chats
[90mstdout[2m | src/stories/Button.stories.ts[2m > [22m[2mSecondary
[22m[39m[ChatContext] Setting initial chat: mock-assistant-chat-1
[90mstdout[2m | src/stories/Button.stories.ts[2m > [22m[2mSecondary
[22m[39m[FilesContext] Files count changed: 0 → 6
[90mstdout[2m | src/stories/Button.stories.ts[2m > [22m[2mSecondary
[22m[39m[MOCK CourseVectorStore] Initialized with mock data
[90mstdout[2m | src/stories/Button.stories.ts[2m > [22m[2mSecondary
[22m[39m[MOCK CourseVectorStore] Initialized with mock data
[90mstdout[2m | src/stories/Button.stories.ts[2m > [22m[2mSecondary
[22m[39m[Mock Data] Settings.create() called with: {
  "assistantVoice": "shimmer",
  "autoAnalyzeDocuments": true,
  "defaultAIModel": "gpt-4",
  "documentAnalysisModel": "gpt-4",
  "editorFontSize": 14,
  "editorTheme": "auto",
  "emailNotifications": true,
  "language": "en",
  "webhookNotifications": false,
}
[90mstdout[2m | src/stories/Button.stories.ts[2m > [22m[2mSecondary
[22m[39m[Mock Data] Settings created: mock-settings-1776336998947 - notified 1 subscribers
[90mstdout[2m | src/stories/Button.stories.ts[2m > [22m[2mSecondary
[22m[39m[FilesContext] Vector store population triggered {
  "currentVectorStoreSize": 3,
  "documentsCount": 0,
  "filesCount": 6,
  "isInitialLoad": true,
}
[90mstdout[2m | src/stories/Button.stories.ts[2m > [22m[2mSecondary
[22m[39m[FilesContext] Vector store population complete - 3 total embeddings
[90mstdout[2m | src/stories/Button.stories.ts[2m > [22m[2mSecondary
[22m[39m[ChatContext] Chat exists and not archived, skipping creation
[90mstdout[2m | src/stories/Button.stories.ts[2m > [22m[2mLarge
[22m[39m[Mock Data] Settings subscription unsubscribed. Remaining: 0
[90mstdout[2m | src/stories/Button.stories.ts[2m > [22m[2mLarge
[22m[39m[ChatContext] Cleaning up subscription
[90mstdout[2m | src/stories/Button.stories.ts[2m > [22m[2mLarge
[22m[39m[Mock Data] AssistantChat subscription unsubscribed. Remaining: 0
[90mstdout[2m | src/stories/Button.stories.ts[2m > [22m[2mLarge
[22m[39m[Mock Data] File subscription unsubscribed. Remaining: 0
[90mstdout[2m | src/stories/Button.stories.ts[2m > [22m[2mLarge
[22m[39m[Mock Data] Document subscription unsubscribed. Remaining: 0
[90mstdout[2m | src/stories/Button.stories.ts[2m > [22m[2mLarge
[22m[39m[Mock Data] Word subscription unsubscribed. Remaining: 0
[90mstdout[2m | src/stories/Button.stories.ts[2m > [22m[2mLarge
[22m[39m[Mock Data] Question subscription unsubscribed. Remaining: 0
[90mstdout[2m | src/stories/Button.stories.ts[2m > [22m[2mLarge
[22m[39m[Mock Data] Grade subscription unsubscribed. Remaining: 0
[90mstdout[2m | src/stories/Button.stories.ts[2m > [22m[2mLarge
[22m[39m[Mock Data] Unit subscription unsubscribed. Remaining: 0
[90mstdout[2m | src/stories/Button.stories.ts[2m > [22m[2mLarge
[22m[39m[SectionContext] Cleaning up subscriptions
[90mstdout[2m | src/stories/Button.stories.ts[2m > [22m[2mLarge
[22m[39m[Mock Data] Section.onCreate() subscription removed. Remaining: 0
[90mstdout[2m | src/stories/Button.stories.ts[2m > [22m[2mLarge
[22m[39m[Mock Data] Section.onUpdate() subscription removed. Remaining: 0
[90mstdout[2m | src/stories/Button.stories.ts[2m > [22m[2mLarge
[22m[39m[Mock Data] Section.onDelete() subscription removed. Remaining: 0
[90mstdout[2m | src/stories/Button.stories.ts[2m > [22m[2mLarge
[22m[39m[Mock Data] Assignment.onCreate() subscription removed. Remaining: 0
[90mstdout[2m | src/stories/Button.stories.ts[2m > [22m[2mLarge
[22m[39m[Mock Data] Assignment.onUpdate() subscription removed. Remaining: 0
[90mstdout[2m | src/stories/Button.stories.ts[2m > [22m[2mLarge
[22m[39m[Mock Data] Assignment.onDelete() subscription removed. Remaining: 0
[90mstdout[2m | src/stories/Button.stories.ts[2m > [22m[2mLarge
[22m[39m[Mock Data] Clearing all data stores
[90mstdout[2m | src/stories/Button.stories.ts[2m > [22m[2mLarge
[22m[39m[Mock Data] All data stores cleared
[90mstdout[2m | src/stories/Button.stories.ts[2m > [22m[2mLarge
[22m[39m[Preview] Cleared mock data for story
[90mstdout[2m | src/stories/Button.stories.ts[2m > [22m[2mLarge
[22m[39m[Mock Data Gen 2] Initializing mock data
[90mstdout[2m | src/stories/Button.stories.ts[2m > [22m[2mLarge
[22m[39m[Mock Data] seedMockAssistantChats: Replacing with 1 assistant chats
[90mstdout[2m | src/stories/Button.stories.ts[2m > [22m[2mLarge
[22m[39m[Mock Data Gen 2] Seeded AssistantChat: mock-assistant-chat-1
[90mstdout[2m | src/stories/Button.stories.ts[2m > [22m[2mLarge
[22m[39m[Mock Data] seedMockFiles: Adding 6 files
[90mstdout[2m | src/stories/Button.stories.ts[2m > [22m[2mLarge
[22m[39m[Mock Data Gen 2] Seeded Files: 6
[90mstdout[2m | src/stories/Button.stories.ts[2m > [22m[2mLarge
[22m[39m[Mock Data Gen 2] Initializing mock data
[90mstdout[2m | src/stories/Button.stories.ts[2m > [22m[2mLarge
[22m[39m[Mock Data] seedMockAssistantChats: Replacing with 1 assistant chats
[90mstdout[2m | src/stories/Button.stories.ts[2m > [22m[2mLarge
[22m[39m[Mock Data Gen 2] Seeded AssistantChat: mock-assistant-chat-1
[90mstdout[2m | src/stories/Button.stories.ts[2m > [22m[2mLarge
[22m[39m[Mock Data] seedMockFiles: Adding 6 files
[90mstdout[2m | src/stories/Button.stories.ts[2m > [22m[2mLarge
[22m[39m[Mock Data Gen 2] Seeded Files: 6
[90mstdout[2m | src/stories/Button.stories.ts[2m > [22m[2mLarge
[22m[39m[Preview] Initialized default mock data for story
[90mstdout[2m | src/stories/Button.stories.ts[2m > [22m[2mLarge
[22m[39m[Mock AuthContext] Providing auth: {
  "error": undefined,
  "isLoading": false,
  "session": {
    "idToken": {
      "toString": [Function toString],
    },
    "identityId": "us-east-1:mock-identity-123",
    "username": "mock-user-sub",
  },
  "user": {
    "attributes": {
      "email": "alice@example.com",
      "name": "Alice Student",
      "sub": "mock-user-sub",
    },
  },
}
[90mstdout[2m | src/stories/Button.stories.ts[2m > [22m[2mLarge
[22m[39m[Mock Data] generateClient() called - returning mock client
[90mstdout[2m | src/stories/Button.stories.ts[2m > [22m[2mLarge
[22m[39m[Mock amplifyClient] getAmplifyClient() called - returning mock client
[90mstdout[2m | src/stories/Button.stories.ts[2m > [22m[2mLarge
[22m[39m[MOCK CourseVectorStore] Initialized with mock data
[90mstdout[2m | src/stories/Button.stories.ts[2m > [22m[2mLarge
[22m[39m[TranslationModeController] Setting mode to: off
[90mstdout[2m | src/stories/Button.stories.ts[2m > [22m[2mLarge
[22m[39m[SectionContext] useEffect triggered {
  "authLoading": false,
  "hasUser": true,
  "userSub": "mock-user-sub",
}
[90mstdout[2m | src/stories/Button.stories.ts[2m > [22m[2mLarge
[22m[39m[SectionContext] Fetching sections for userId: mock-user-sub
[90mstdout[2m | src/stories/Button.stories.ts[2m > [22m[2mLarge
[22m[39m[Mock Data] generateClient() called - returning mock client
[90mstdout[2m | src/stories/Button.stories.ts[2m > [22m[2mLarge
[22m[39m[Mock amplifyClient] getAmplifyClient() called - returning mock client
[90mstdout[2m | src/stories/Button.stories.ts[2m > [22m[2mLarge
[22m[39m[Mock Data] Section.list() called with options: undefined
[90mstdout[2m | src/stories/Button.stories.ts[2m > [22m[2mLarge
[22m[39m[Mock Data] generateClient() called - returning mock client
[90mstdout[2m | src/stories/Button.stories.ts[2m > [22m[2mLarge
[22m[39m[Mock amplifyClient] getAmplifyClient() called - returning mock client
[90mstdout[2m | src/stories/Button.stories.ts[2m > [22m[2mLarge
[22m[39m[Mock Data] Assignment.list() called with options: {
  "filter": {
    "unitID": {
      "eq": "mock-unit-id",
    },
  },
}
[90mstdout[2m | src/stories/Button.stories.ts[2m > [22m[2mLarge
[22m[39m[Mock Data] generateClient() called - returning mock client
[90mstdout[2m | src/stories/Button.stories.ts[2m > [22m[2mLarge
[22m[39m[Mock amplifyClient] getAmplifyClient() called - returning mock client
[90mstdout[2m | src/stories/Button.stories.ts[2m > [22m[2mLarge
[22m[39m[Mock Data] Grade.observeQuery() called with filter: {
  "filter": {
    "unitID": {
      "eq": "mock-unit-id",
    },
  },
}
[90mstdout[2m | src/stories/Button.stories.ts[2m > [22m[2mLarge
[22m[39m[Mock Data] Grade.observeQuery() applying filter: {
  "unitID": {
    "eq": "mock-unit-id",
  },
}
[90mstdout[2m | src/stories/Button.stories.ts[2m > [22m[2mLarge
[22m[39m[Mock Data] Grade.observeQuery() items before filter: 0
[90mstdout[2m | src/stories/Button.stories.ts[2m > [22m[2mLarge
[22m[39m[Mock Data] Grade.observeQuery() items after filter: 0
[90mstdout[2m | src/stories/Button.stories.ts[2m > [22m[2mLarge
[22m[39m[Mock Data] Grade.observeQuery() returning 0 items (filter applied) {
  "filter": {
    "unitID": {
      "eq": "mock-unit-id",
    },
  },
}
[90mstdout[2m | src/stories/Button.stories.ts[2m > [22m[2mLarge
[22m[39m[Mock Data] Grade subscription added. Total subscriptions: 1
[90mstdout[2m | src/stories/Button.stories.ts[2m > [22m[2mLarge
[22m[39m[UnitContext] useEffect triggered {
  "authLoading": false,
  "hasUser": true,
  "id": "mock-unit-id",
  "userSub": "mock-user-sub",
}
[90mstdout[2m | src/stories/Button.stories.ts[2m > [22m[2mLarge
[22m[39m[UnitContext] Fetching unit data for id: mock-unit-id
[90mstdout[2m | src/stories/Button.stories.ts[2m > [22m[2mLarge
[22m[39m[Mock Data] generateClient() called - returning mock client
[90mstdout[2m | src/stories/Button.stories.ts[2m > [22m[2mLarge
[22m[39m[Mock amplifyClient] getAmplifyClient() called - returning mock client
[90mstdout[2m | src/stories/Button.stories.ts[2m > [22m[2mLarge
[22m[39m[Mock Data] Unit.observeQuery() called with filter: {
  "filter": {
    "id": {
      "eq": "mock-unit-id",
    },
  },
}
[90mstdout[2m | src/stories/Button.stories.ts[2m > [22m[2mLarge
[22m[39m[Mock Data] Unit.observeQuery() applying filter: {
  "id": {
    "eq": "mock-unit-id",
  },
}
[90mstdout[2m | src/stories/Button.stories.ts[2m > [22m[2mLarge
[22m[39m[Mock Data] Unit.observeQuery() items before filter: 0
[90mstdout[2m | src/stories/Button.stories.ts[2m > [22m[2mLarge
[22m[39m[Mock Data] Unit.observeQuery() items after filter: 0
[90mstdout[2m | src/stories/Button.stories.ts[2m > [22m[2mLarge
[22m[39m[Mock Data] Unit.observeQuery() returning 0 items (filter applied) {
  "filter": {
    "id": {
      "eq": "mock-unit-id",
    },
  },
}
[90mstdout[2m | src/stories/Button.stories.ts[2m > [22m[2mLarge
[22m[39m[Mock Data] Unit subscription added. Total subscriptions: 1
[90mstdout[2m | src/stories/Button.stories.ts[2m > [22m[2mLarge
[22m[39m[Mock Data] generateClient() called - returning mock client
[90mstdout[2m | src/stories/Button.stories.ts[2m > [22m[2mLarge
[22m[39m[Mock amplifyClient] getAmplifyClient() called - returning mock client
[90mstdout[2m | src/stories/Button.stories.ts[2m > [22m[2mLarge
[22m[39m[Mock Data] Word.observeQuery() called with filter: undefined
[90mstdout[2m | src/stories/Button.stories.ts[2m > [22m[2mLarge
[22m[39m[Mock Data] Word.observeQuery() returning 0 items (filter applied) undefined
[90mstdout[2m | src/stories/Button.stories.ts[2m > [22m[2mLarge
[22m[39m[Mock Data] Word subscription added. Total subscriptions: 1
[90mstdout[2m | src/stories/Button.stories.ts[2m > [22m[2mLarge
[22m[39m[Mock Data] generateClient() called - returning mock client
[90mstdout[2m | src/stories/Button.stories.ts[2m > [22m[2mLarge
[22m[39m[Mock amplifyClient] getAmplifyClient() called - returning mock client
[90mstdout[2m | src/stories/Button.stories.ts[2m > [22m[2mLarge
[22m[39m[Mock Data] Question.observeQuery() called with filter: undefined
[90mstdout[2m | src/stories/Button.stories.ts[2m > [22m[2mLarge
[22m[39m[Mock Data] Question.observeQuery() returning 0 items (filter applied) undefined
[90mstdout[2m | src/stories/Button.stories.ts[2m > [22m[2mLarge
[22m[39m[Mock Data] Question subscription added. Total subscriptions: 1
[90mstdout[2m | src/stories/Button.stories.ts[2m > [22m[2mLarge
[22m[39m[FilesContext] Initializing vector store from IndexedDB
[90mstdout[2m | src/stories/Button.stories.ts[2m > [22m[2mLarge
[22m[39m[FilesContext] fetchFiles called
[90mstdout[2m | src/stories/Button.stories.ts[2m > [22m[2mLarge
[22m[39m[FilesContext] User authenticated: mock-user-sub
[90mstdout[2m | src/stories/Button.stories.ts[2m > [22m[2mLarge
[22m[39m[FilesContext] Identity ID: us-east-1:mock-identity-123
[90mstdout[2m | src/stories/Button.stories.ts[2m > [22m[2mLarge
[22m[39m[FilesContext] About to subscribe to File model
[90mstdout[2m | src/stories/Button.stories.ts[2m > [22m[2mLarge
[22m[39m[Mock Data] generateClient() called - returning mock client
[90mstdout[2m | src/stories/Button.stories.ts[2m > [22m[2mLarge
[22m[39m[Mock amplifyClient] getAmplifyClient() called - returning mock client
[90mstdout[2m | src/stories/Button.stories.ts[2m > [22m[2mLarge
[22m[39m[Mock Data] File.observeQuery() called with filter: undefined
[90mstdout[2m | src/stories/Button.stories.ts[2m > [22m[2mLarge
[22m[39m[Mock Data] File.observeQuery() returning 6 items (filter applied) undefined
[90mstdout[2m | src/stories/Button.stories.ts[2m > [22m[2mLarge
[22m[39m[Mock Data] File subscription added. Total subscriptions: 1
[90mstdout[2m | src/stories/Button.stories.ts[2m > [22m[2mLarge
[22m[39m[Mock Data] generateClient() called - returning mock client
[90mstdout[2m | src/stories/Button.stories.ts[2m > [22m[2mLarge
[22m[39m[Mock amplifyClient] getAmplifyClient() called - returning mock client
[90mstdout[2m | src/stories/Button.stories.ts[2m > [22m[2mLarge
[22m[39m[Mock Data] Document.observeQuery() called with filter: undefined
[90mstdout[2m | src/stories/Button.stories.ts[2m > [22m[2mLarge
[22m[39m[Mock Data] Document.observeQuery() returning 0 items (filter applied) undefined
[90mstdout[2m | src/stories/Button.stories.ts[2m > [22m[2mLarge
[22m[39m[Mock Data] Document subscription added. Total subscriptions: 1
[90mstdout[2m | src/stories/Button.stories.ts[2m > [22m[2mLarge
[22m[39m[ChatContext] Setting up observeQuery for AssistantChat
[90mstdout[2m | src/stories/Button.stories.ts[2m > [22m[2mLarge
[22m[39m[Mock Data] AssistantChat.observeQuery() called with filter: {
  "sortDirection": "DESC",
  "sortField": "createdAt",
}
[90mstdout[2m | src/stories/Button.stories.ts[2m > [22m[2mLarge
[22m[39m[Mock Data] AssistantChat.observeQuery() returning 1 items (filter applied) {
  "sortDirection": "DESC",
  "sortField": "createdAt",
}
[90mstdout[2m | src/stories/Button.stories.ts[2m > [22m[2mLarge
[22m[39m[Mock Data] AssistantChat subscription added. Total subscriptions: 1
[90mstdout[2m | src/stories/Button.stories.ts[2m > [22m[2mLarge
[22m[39m[ChatContext] Waiting for subscription to initialize
[90mstdout[2m | src/stories/Button.stories.ts[2m > [22m[2mLarge
[22m[39m[SettingsContext] Setting up Settings subscription for user: mock-user-sub
[90mstdout[2m | src/stories/Button.stories.ts[2m > [22m[2mLarge
[22m[39m[Mock Data] generateClient() called - returning mock client
[90mstdout[2m | src/stories/Button.stories.ts[2m > [22m[2mLarge
[22m[39m[Mock amplifyClient] getAmplifyClient() called - returning mock client
[90mstdout[2m | src/stories/Button.stories.ts[2m > [22m[2mLarge
[22m[39m[Mock Data] Settings.observeQuery() called with filter: undefined
[90mstdout[2m | src/stories/Button.stories.ts[2m > [22m[2mLarge
[22m[39m[Mock Data] Settings.observeQuery() returning 0 items (filter applied) undefined
[90mstdout[2m | src/stories/Button.stories.ts[2m > [22m[2mLarge
[22m[39m[Mock Data] Settings subscription added. Total subscriptions: 1
[90mstdout[2m | src/stories/Button.stories.ts[2m > [22m[2mLarge
[22m[39m[SectionContext] Initial sections: 0 []
[90mstdout[2m | src/stories/Button.stories.ts[2m > [22m[2mLarge
[22m[39m[Mock Data] Section.onCreate() called with filter: undefined
[90mstdout[2m | src/stories/Button.stories.ts[2m > [22m[2mLarge
[22m[39m[Mock Data] Section.onCreate() subscription added. Total: 1
[90mstdout[2m | src/stories/Button.stories.ts[2m > [22m[2mLarge
[22m[39m[Mock Data] Section.onUpdate() called with filter: undefined
[90mstdout[2m | src/stories/Button.stories.ts[2m > [22m[2mLarge
[22m[39m[Mock Data] Section.onUpdate() subscription added. Total: 1
[90mstdout[2m | src/stories/Button.stories.ts[2m > [22m[2mLarge
[22m[39m[Mock Data] Section.onDelete() called with filter: undefined
[90mstdout[2m | src/stories/Button.stories.ts[2m > [22m[2mLarge
[22m[39m[Mock Data] Section.onDelete() subscription added. Total: 1
[90mstdout[2m | src/stories/Button.stories.ts[2m > [22m[2mLarge
[22m[39m[Mock Data] Assignment.onCreate() called with filter: {
  "filter": {
    "unitID": {
      "eq": "mock-unit-id",
    },
  },
}
[90mstdout[2m | src/stories/Button.stories.ts[2m > [22m[2mLarge
[22m[39m[Mock Data] Assignment.onCreate() subscription added. Total: 1
[90mstdout[2m | src/stories/Button.stories.ts[2m > [22m[2mLarge
[22m[39m[Mock Data] Assignment.onUpdate() called with filter: {
  "filter": {
    "unitID": {
      "eq": "mock-unit-id",
    },
  },
}
[90mstdout[2m | src/stories/Button.stories.ts[2m > [22m[2mLarge
[22m[39m[Mock Data] Assignment.onUpdate() subscription added. Total: 1
[90mstdout[2m | src/stories/Button.stories.ts[2m > [22m[2mLarge
[22m[39m[Mock Data] Assignment.onDelete() called with filter: {
  "filter": {
    "unitID": {
      "eq": "mock-unit-id",
    },
  },
}
[90mstdout[2m | src/stories/Button.stories.ts[2m > [22m[2mLarge
[22m[39m[Mock Data] Assignment.onDelete() subscription added. Total: 1
[90mstdout[2m | src/stories/Button.stories.ts[2m > [22m[2mLarge
[22m[39m[FilesContext] File observeQuery subscription triggered:
[90mstdout[2m | src/stories/Button.stories.ts[2m > [22m[2mLarge
[22m[39m  - items.length: 6
[90mstdout[2m | src/stories/Button.stories.ts[2m > [22m[2mLarge
[22m[39m  - isSynced: true
[90mstdout[2m | src/stories/Button.stories.ts[2m > [22m[2mLarge
[22m[39m  - items: [
  {
    "_deleted": null,
    "_lastChangedAt": 1767711773285,
    "_version": 1,
    "byHex": null,
    "createdAt": "2026-01-06T15:02:53.253Z",
    "description": "Japanese language textbook - Chapter 1",
    "document": Promise {},
    "documentID": "e01017e1-fe7a-4521-b71c-09ec31b18639",
    "duration": null,
    "embedding": null,
    "generated": null,
    "hex": null,
    "id": "a57d7833-5fa7-4cb7-8b7a-ce7c6e10e551",
    "identityId": "us-east-1:b0eadde9-f02c-c71b-17a6-22ffd37d89c8",
    "key": "files/Japanese Wind 1.pdf",
    "level": "protected",
    "mimeType": "application/pdf",
    "model": null,
    "name": "Japanese Wind 1.pdf",
    "owner": "64d81418-7021-701d-9fed-a4c2e0735711",
    "parsedContent": [Function anonymous],
    "parsedContentID": null,
    "path": "files/Japanese Wind 1.pdf",
    "prompt": null,
    "size": 4706654,
    "thumbnail": null,
    "type": "pdf",
    "updatedAt": "2026-01-06T15:02:53.253Z",
    "variant": null,
    "waveformData": null,
  },
  {
    "_version": 2,
    "createdAt": "2026-01-15T10:00:00.000Z",
    "description": "Sample report with vocabulary",
    "document": Promise {},
    "documentID": "cd824b5b-2c66-41f8-8571-aa6794ff590c",
    "generated": false,
    "id": "mock-pdf-file-2",
    "identityId": "us-east-1:mock-identity",
    "key": "files/report.pdf",
    "level": "protected",
    "mimeType": "application/pdf",
    "name": "report.pdf",
    "owner": "mock-user-id",
    "parsedContent": [Function anonymous],
    "path": "files/report.pdf",
    "size": 123456,
    "type": "pdf",
    "updatedAt": "2026-01-15T10:30:00.000Z",
  },
  {
    "_version": 3,
    "createdAt": "2026-01-14T08:00:00.000Z",
    "description": "Vocabulary lesson PDF with extracted content",
    "document": Promise {},
    "documentID": "mock-document-3",
    "generated": false,
    "id": "mock-pdf-file-3",
    "identityId": "us-east-1:mock-identity",
    "key": "files/vocabulary-lesson.pdf",
    "level": "public",
    "mimeType": "application/pdf",
    "name": "vocabulary-lesson.pdf",
    "owner": "mock-user-id",
    "parsedContent": [Function anonymous],
    "path": "files/vocabulary-lesson.pdf",
    "size": 567890,
    "type": "pdf",
    "updatedAt": "2026-01-14T08:45:00.000Z",
  },
  {
    "_version": 1,
    "createdAt": "2026-01-20T10:00:00.000Z",
    "description": "Sample pronunciation audio",
    "documentID": null,
    "duration": 3.5,
    "generated": true,
    "id": "mock-audio-file-1",
    "identityId": "us-east-1:mock-identity",
    "key": "audio/pronunciation-demo.mp3",
    "level": "public",
    "mimeType": "audio/mpeg",
    "name": "pronunciation-demo.mp3",
    "owner": "mock-user-id",
    "parsedContent": [Function anonymous],
    "path": "/story-mocks/cinematic-designed-sci-fi-whoosh-transition-nexawave-228295.mp3",
    "size": 56789,
    "type": "audio",
    "updatedAt": "2026-01-20T10:00:00.000Z",
    "waveformData": null,
  },
  {
    "_version": 1,
    "createdAt": "2026-01-19T14:30:00.000Z",
    "description": "Lesson introduction audio",
    "documentID": null,
    "duration": 5.2,
    "generated": false,
    "id": "mock-audio-file-2",
    "identityId": "us-east-1:mock-identity",
    "key": "audio/lesson-intro.mp3",
    "level": "public",
    "mimeType": "audio/mpeg",
    "name": "lesson-intro.mp3",
    "owner": "mock-user-id",
    "parsedContent": [Function anonymous],
    "path": "/story-mocks/descent-whoosh-long-cinematic-sound-effect-405921.mp3",
    "size": 87654,
    "type": "audio",
    "updatedAt": "2026-01-19T14:30:00.000Z",
    "waveformData": null,
  },
  {
    "_version": 1,
    "createdAt": "2026-01-18T09:15:00.000Z",
    "description": "Hiragana character chart",
    "documentID": null,
    "generated": false,
    "id": "mock-image-file-1",
    "identityId": "us-east-1:mock-identity",
    "key": "images/hiragana-chart.png",
    "level": "public",
    "mimeType": "image/png",
    "name": "hiragana-chart.png",
    "owner": "mock-user-id",
    "parsedContent": [Function anonymous],
    "path": "images/hiragana-chart.png",
    "size": 234567,
    "thumbnail": "thumbnails/hiragana-chart-thumb.png",
    "type": "image",
    "updatedAt": "2026-01-18T09:15:00.000Z",
  },
]
[90mstdout[2m | src/stories/Button.stories.ts[2m > [22m[2mLarge
[22m[39m[ChatContext] AssistantChat query update: 1 items (synced)
[90mstdout[2m | src/stories/Button.stories.ts[2m > [22m[2mLarge
[22m[39m[ChatContext] First item details: {
  "id": "mock-assistant-chat-1",
  "updatedAt": "2024-01-26T10:15:00.000Z",
}
[90mstdout[2m | src/stories/Button.stories.ts[2m > [22m[2mLarge
[22m[39m[ChatContext] AssistantChat subscription initialized
[90mstdout[2m | src/stories/Button.stories.ts[2m > [22m[2mLarge
[22m[39m[ChatContext] AssistantChat list updated: 1 chats
[90mstdout[2m | src/stories/Button.stories.ts[2m > [22m[2mLarge
[22m[39m[Mock Data] Settings.create() called with: {
  "assistantVoice": "shimmer",
  "autoAnalyzeDocuments": true,
  "defaultAIModel": "gpt-4",
  "documentAnalysisModel": "gpt-4",
  "editorFontSize": 14,
  "editorTheme": "auto",
  "emailNotifications": true,
  "language": "en",
  "webhookNotifications": false,
}
[90mstdout[2m | src/stories/Button.stories.ts[2m > [22m[2mLarge
[22m[39m[Mock Data] Settings created: mock-settings-1776336999126 - notified 1 subscribers
[90mstdout[2m | src/stories/Button.stories.ts[2m > [22m[2mLarge
[22m[39m[ChatContext] Setting initial chat: mock-assistant-chat-1
[90mstdout[2m | src/stories/Button.stories.ts[2m > [22m[2mLarge
[22m[39m[FilesContext] Files count changed: 0 → 6
[90mstdout[2m | src/stories/Button.stories.ts[2m > [22m[2mLarge
[22m[39m[MOCK CourseVectorStore] Initialized with mock data
[90mstdout[2m | src/stories/Button.stories.ts[2m > [22m[2mLarge
[22m[39m[MOCK CourseVectorStore] Initialized with mock data
[90mstdout[2m | src/stories/Button.stories.ts[2m > [22m[2mLarge
[22m[39m[FilesContext] Vector store population triggered {
  "currentVectorStoreSize": 3,
  "documentsCount": 0,
  "filesCount": 6,
  "isInitialLoad": true,
}
[90mstdout[2m | src/stories/Button.stories.ts[2m > [22m[2mLarge
[22m[39m[FilesContext] Vector store population complete - 3 total embeddings
[90mstdout[2m | src/stories/Button.stories.ts[2m > [22m[2mLarge
[22m[39m[ChatContext] Chat exists and not archived, skipping creation
[90mstdout[2m | src/stories/Button.stories.ts[2m > [22m[2mSmall
[22m[39mfilterWords {
  "filter": "",
  "wordsCount": 0,
}
[90mstdout[2m | src/stories/Button.stories.ts[2m > [22m[2mSmall
[22m[39m[Mock Data] Settings subscription unsubscribed. Remaining: 0
[90mstdout[2m | src/stories/Button.stories.ts[2m > [22m[2mSmall
[22m[39m[ChatContext] Cleaning up subscription
[90mstdout[2m | src/stories/Button.stories.ts[2m > [22m[2mSmall
[22m[39m[Mock Data] AssistantChat subscription unsubscribed. Remaining: 0
[90mstdout[2m | src/stories/Button.stories.ts[2m > [22m[2mSmall
[22m[39m[Mock Data] File subscription unsubscribed. Remaining: 0
[90mstdout[2m | src/stories/Button.stories.ts[2m > [22m[2mSmall
[22m[39m[Mock Data] Document subscription unsubscribed. Remaining: 0
[90mstdout[2m | src/stories/Button.stories.ts[2m > [22m[2mSmall
[22m[39m[Mock Data] Word subscription unsubscribed. Remaining: 0
[90mstdout[2m | src/stories/Button.stories.ts[2m > [22m[2mSmall
[22m[39m[Mock Data] Question subscription unsubscribed. Remaining: 0
[90mstdout[2m | src/stories/Button.stories.ts[2m > [22m[2mSmall
[22m[39m[Mock Data] Grade subscription unsubscribed. Remaining: 0
[90mstdout[2m | src/stories/Button.stories.ts[2m > [22m[2mSmall
[22m[39m[Mock Data] Unit subscription unsubscribed. Remaining: 0
[90mstdout[2m | src/stories/Button.stories.ts[2m > [22m[2mSmall
[22m[39m[SectionContext] Cleaning up subscriptions
[90mstdout[2m | src/stories/Button.stories.ts[2m > [22m[2mSmall
[22m[39m[Mock Data] Section.onCreate() subscription removed. Remaining: 0
[90mstdout[2m | src/stories/Button.stories.ts[2m > [22m[2mSmall
[22m[39m[Mock Data] Section.onUpdate() subscription removed. Remaining: 0
[90mstdout[2m | src/stories/Button.stories.ts[2m > [22m[2mSmall
[22m[39m[Mock Data] Section.onDelete() subscription removed. Remaining: 0
[90mstdout[2m | src/stories/Button.stories.ts[2m > [22m[2mSmall
[22m[39m[Mock Data] Assignment.onCreate() subscription removed. Remaining: 0
[90mstdout[2m | src/stories/Button.stories.ts[2m > [22m[2mSmall
[22m[39m[Mock Data] Assignment.onUpdate() subscription removed. Remaining: 0
[90mstdout[2m | src/stories/Button.stories.ts[2m > [22m[2mSmall
[22m[39m[Mock Data] Assignment.onDelete() subscription removed. Remaining: 0
[90mstdout[2m | src/stories/Button.stories.ts[2m > [22m[2mSmall
[22m[39m[Mock Data] Clearing all data stores
[90mstdout[2m | src/stories/Button.stories.ts[2m > [22m[2mSmall
[22m[39m[Mock Data] All data stores cleared
[90mstdout[2m | src/stories/Button.stories.ts[2m > [22m[2mSmall
[22m[39m[Preview] Cleared mock data for story
[90mstdout[2m | src/stories/Button.stories.ts[2m > [22m[2mSmall
[22m[39m[Mock Data Gen 2] Initializing mock data
[90mstdout[2m | src/stories/Button.stories.ts[2m > [22m[2mSmall
[22m[39m[Mock Data] seedMockAssistantChats: Replacing with 1 assistant chats
[90mstdout[2m | src/stories/Button.stories.ts[2m > [22m[2mSmall
[22m[39m[Mock Data Gen 2] Seeded AssistantChat: mock-assistant-chat-1
[90mstdout[2m | src/stories/Button.stories.ts[2m > [22m[2mSmall
[22m[39m[Mock Data] seedMockFiles: Adding 6 files
[90mstdout[2m | src/stories/Button.stories.ts[2m > [22m[2mSmall
[22m[39m[Mock Data Gen 2] Seeded Files: 6
[90mstdout[2m | src/stories/Button.stories.ts[2m > [22m[2mSmall
[22m[39m[Mock Data Gen 2] Initializing mock data
[90mstdout[2m | src/stories/Button.stories.ts[2m > [22m[2mSmall
[22m[39m[Mock Data] seedMockAssistantChats: Replacing with 1 assistant chats
[90mstdout[2m | src/stories/Button.stories.ts[2m > [22m[2mSmall
[22m[39m[Mock Data Gen 2] Seeded AssistantChat: mock-assistant-chat-1
[90mstdout[2m | src/stories/Button.stories.ts[2m > [22m[2mSmall
[22m[39m[Mock Data] seedMockFiles: Adding 6 files
[90mstdout[2m | src/stories/Button.stories.ts[2m > [22m[2mSmall
[22m[39m[Mock Data Gen 2] Seeded Files: 6
[90mstdout[2m | src/stories/Button.stories.ts[2m > [22m[2mSmall
[22m[39m[Preview] Initialized default mock data for story
[90mstdout[2m | src/stories/Button.stories.ts[2m > [22m[2mSmall
[22m[39m[Mock AuthContext] Providing auth: {
  "error": undefined,
  "isLoading": false,
  "session": {
    "idToken": {
      "toString": [Function toString],
    },
    "identityId": "us-east-1:mock-identity-123",
    "username": "mock-user-sub",
  },
  "user": {
    "attributes": {
      "email": "alice@example.com",
      "name": "Alice Student",
      "sub": "mock-user-sub",
    },
  },
}
[90mstdout[2m | src/stories/Button.stories.ts[2m > [22m[2mSmall
[22m[39m[Mock Data] generateClient() called - returning mock client
[90mstdout[2m | src/stories/Button.stories.ts[2m > [22m[2mSmall
[22m[39m[Mock amplifyClient] getAmplifyClient() called - returning mock client
[90mstdout[2m | src/stories/Button.stories.ts[2m > [22m[2mSmall
[22m[39m[MOCK CourseVectorStore] Initialized with mock data
[90mstdout[2m | src/stories/Button.stories.ts[2m > [22m[2mSmall
[22m[39m[TranslationModeController] Setting mode to: off
[90mstdout[2m | src/stories/Button.stories.ts[2m > [22m[2mSmall
[22m[39m[SectionContext] useEffect triggered {
  "authLoading": false,
  "hasUser": true,
  "userSub": "mock-user-sub",
}
[90mstdout[2m | src/stories/Button.stories.ts[2m > [22m[2mSmall
[22m[39m[SectionContext] Fetching sections for userId: mock-user-sub
[90mstdout[2m | src/stories/Button.stories.ts[2m > [22m[2mSmall
[22m[39m[Mock Data] generateClient() called - returning mock client
[90mstdout[2m | src/stories/Button.stories.ts[2m > [22m[2mSmall
[22m[39m[Mock amplifyClient] getAmplifyClient() called - returning mock client
[90mstdout[2m | src/stories/Button.stories.ts[2m > [22m[2mSmall
[22m[39m[Mock Data] Section.list() called with options: undefined
[90mstdout[2m | src/stories/Button.stories.ts[2m > [22m[2mSmall
[22m[39m[Mock Data] generateClient() called - returning mock client
[90mstdout[2m | src/stories/Button.stories.ts[2m > [22m[2mSmall
[22m[39m[Mock amplifyClient] getAmplifyClient() called - returning mock client
[90mstdout[2m | src/stories/Button.stories.ts[2m > [22m[2mSmall
[22m[39m[Mock Data] Assignment.list() called with options: {
  "filter": {
    "unitID": {
      "eq": "mock-unit-id",
    },
  },
}
[90mstdout[2m | src/stories/Button.stories.ts[2m > [22m[2mSmall
[22m[39m[Mock Data] generateClient() called - returning mock client
[90mstdout[2m | src/stories/Button.stories.ts[2m > [22m[2mSmall
[22m[39m[Mock amplifyClient] getAmplifyClient() called - returning mock client
[90mstdout[2m | src/stories/Button.stories.ts[2m > [22m[2mSmall
[22m[39m[Mock Data] Grade.observeQuery() called with filter: {
  "filter": {
    "unitID": {
      "eq": "mock-unit-id",
    },
  },
}
[90mstdout[2m | src/stories/Button.stories.ts[2m > [22m[2mSmall
[22m[39m[Mock Data] Grade.observeQuery() applying filter: {
  "unitID": {
    "eq": "mock-unit-id",
  },
}
[90mstdout[2m | src/stories/Button.stories.ts[2m > [22m[2mSmall
[22m[39m[Mock Data] Grade.observeQuery() items before filter: 0
[90mstdout[2m | src/stories/Button.stories.ts[2m > [22m[2mSmall
[22m[39m[Mock Data] Grade.observeQuery() items after filter: 0
[90mstdout[2m | src/stories/Button.stories.ts[2m > [22m[2mSmall
[22m[39m[Mock Data] Grade.observeQuery() returning 0 items (filter applied) {
  "filter": {
    "unitID": {
      "eq": "mock-unit-id",
    },
  },
}
[90mstdout[2m | src/stories/Button.stories.ts[2m > [22m[2mSmall
[22m[39m[Mock Data] Grade subscription added. Total subscriptions: 1
[90mstdout[2m | src/stories/Button.stories.ts[2m > [22m[2mSmall
[22m[39m[UnitContext] useEffect triggered {
  "authLoading": false,
  "hasUser": true,
  "id": "mock-unit-id",
  "userSub": "mock-user-sub",
}
[90mstdout[2m | src/stories/Button.stories.ts[2m > [22m[2mSmall
[22m[39m[UnitContext] Fetching unit data for id: mock-unit-id
[90mstdout[2m | src/stories/Button.stories.ts[2m > [22m[2mSmall
[22m[39m[Mock Data] generateClient() called - returning mock client
[90mstdout[2m | src/stories/Button.stories.ts[2m > [22m[2mSmall
[22m[39m[Mock amplifyClient] getAmplifyClient() called - returning mock client
[90mstdout[2m | src/stories/Button.stories.ts[2m > [22m[2mSmall
[22m[39m[Mock Data] Unit.observeQuery() called with filter: {
  "filter": {
    "id": {
      "eq": "mock-unit-id",
    },
  },
}
[90mstdout[2m | src/stories/Button.stories.ts[2m > [22m[2mSmall
[22m[39m[Mock Data] Unit.observeQuery() applying filter: {
  "id": {
    "eq": "mock-unit-id",
  },
}
[90mstdout[2m | src/stories/Button.stories.ts[2m > [22m[2mSmall
[22m[39m[Mock Data] Unit.observeQuery() items before filter: 0
[90mstdout[2m | src/stories/Button.stories.ts[2m > [22m[2mSmall
[22m[39m[Mock Data] Unit.observeQuery() items after filter: 0
[90mstdout[2m | src/stories/Button.stories.ts[2m > [22m[2mSmall
[22m[39m[Mock Data] Unit.observeQuery() returning 0 items (filter applied) {
  "filter": {
    "id": {
      "eq": "mock-unit-id",
    },
  },
}
[90mstdout[2m | src/stories/Button.stories.ts[2m > [22m[2mSmall
[22m[39m[Mock Data] Unit subscription added. Total subscriptions: 1
[90mstdout[2m | src/stories/Button.stories.ts[2m > [22m[2mSmall
[22m[39m[Mock Data] generateClient() called - returning mock client
[90mstdout[2m | src/stories/Button.stories.ts[2m > [22m[2mSmall
[22m[39m[Mock amplifyClient] getAmplifyClient() called - returning mock client
[90mstdout[2m | src/stories/Button.stories.ts[2m > [22m[2mSmall
[22m[39m[Mock Data] Word.observeQuery() called with filter: undefined
[90mstdout[2m | src/stories/Button.stories.ts[2m > [22m[2mSmall
[22m[39m[Mock Data] Word.observeQuery() returning 0 items (filter applied) undefined
[90mstdout[2m | src/stories/Button.stories.ts[2m > [22m[2mSmall
[22m[39m[Mock Data] Word subscription added. Total subscriptions: 1
[90mstdout[2m | src/stories/Button.stories.ts[2m > [22m[2mSmall
[22m[39m[Mock Data] generateClient() called - returning mock client
[90mstdout[2m | src/stories/Button.stories.ts[2m > [22m[2mSmall
[22m[39m[Mock amplifyClient] getAmplifyClient() called - returning mock client
[90mstdout[2m | src/stories/Button.stories.ts[2m > [22m[2mSmall
[22m[39m[Mock Data] Question.observeQuery() called with filter: undefined
[90mstdout[2m | src/stories/Button.stories.ts[2m > [22m[2mSmall
[22m[39m[Mock Data] Question.observeQuery() returning 0 items (filter applied) undefined
[90mstdout[2m | src/stories/Button.stories.ts[2m > [22m[2mSmall
[22m[39m[Mock Data] Question subscription added. Total subscriptions: 1
[90mstdout[2m | src/stories/Button.stories.ts[2m > [22m[2mSmall
[22m[39m[FilesContext] Initializing vector store from IndexedDB
[90mstdout[2m | src/stories/Button.stories.ts[2m > [22m[2mSmall
[22m[39m[FilesContext] fetchFiles called
[90mstdout[2m | src/stories/Button.stories.ts[2m > [22m[2mSmall
[22m[39m[FilesContext] User authenticated: mock-user-sub
[90mstdout[2m | src/stories/Button.stories.ts[2m > [22m[2mSmall
[22m[39m[FilesContext] Identity ID: us-east-1:mock-identity-123
[90mstdout[2m | src/stories/Button.stories.ts[2m > [22m[2mSmall
[22m[39m[FilesContext] About to subscribe to File model
[90mstdout[2m | src/stories/Button.stories.ts[2m > [22m[2mSmall
[22m[39m[Mock Data] generateClient() called - returning mock client
[90mstdout[2m | src/stories/Button.stories.ts[2m > [22m[2mSmall
[22m[39m[Mock amplifyClient] getAmplifyClient() called - returning mock client
[90mstdout[2m | src/stories/Button.stories.ts[2m > [22m[2mSmall
[22m[39m[Mock Data] File.observeQuery() called with filter: undefined
[90mstdout[2m | src/stories/Button.stories.ts[2m > [22m[2mSmall
[22m[39m[Mock Data] File.observeQuery() returning 6 items (filter applied) undefined
[90mstdout[2m | src/stories/Button.stories.ts[2m > [22m[2mSmall
[22m[39m[Mock Data] File subscription added. Total subscriptions: 1
[90mstdout[2m | src/stories/Button.stories.ts[2m > [22m[2mSmall
[22m[39m[Mock Data] generateClient() called - returning mock client
[90mstdout[2m | src/stories/Button.stories.ts[2m > [22m[2mSmall
[22m[39m[Mock amplifyClient] getAmplifyClient() called - returning mock client
[90mstdout[2m | src/stories/Button.stories.ts[2m > [22m[2mSmall
[22m[39m[Mock Data] Document.observeQuery() called with filter: undefined
[90mstdout[2m | src/stories/Button.stories.ts[2m > [22m[2mSmall
[22m[39m[Mock Data] Document.observeQuery() returning 0 items (filter applied) undefined
[90mstdout[2m | src/stories/Button.stories.ts[2m > [22m[2mSmall
[22m[39m[Mock Data] Document subscription added. Total subscriptions: 1
[90mstdout[2m | src/stories/Button.stories.ts[2m > [22m[2mSmall
[22m[39m[ChatContext] Setting up observeQuery for AssistantChat
[90mstdout[2m | src/stories/Button.stories.ts[2m > [22m[2mSmall
[22m[39m[Mock Data] AssistantChat.observeQuery() called with filter: {
  "sortDirection": "DESC",
  "sortField": "createdAt",
}
[90mstdout[2m | src/stories/Button.stories.ts[2m > [22m[2mSmall
[22m[39m[Mock Data] AssistantChat.observeQuery() returning 1 items (filter applied) {
  "sortDirection": "DESC",
  "sortField": "createdAt",
}
[90mstdout[2m | src/stories/Button.stories.ts[2m > [22m[2mSmall
[22m[39m[Mock Data] AssistantChat subscription added. Total subscriptions: 1
[90mstdout[2m | src/stories/Button.stories.ts[2m > [22m[2mSmall
[22m[39m[ChatContext] Waiting for subscription to initialize
[90mstdout[2m | src/stories/Button.stories.ts[2m > [22m[2mSmall
[22m[39m[SettingsContext] Setting up Settings subscription for user: mock-user-sub
[90mstdout[2m | src/stories/Button.stories.ts[2m > [22m[2mSmall
[22m[39m[Mock Data] generateClient() called - returning mock client
[90mstdout[2m | src/stories/Button.stories.ts[2m > [22m[2mSmall
[22m[39m[Mock amplifyClient] getAmplifyClient() called - returning mock client
[90mstdout[2m | src/stories/Button.stories.ts[2m > [22m[2mSmall
[22m[39m[Mock Data] Settings.observeQuery() called with filter: undefined
[90mstdout[2m | src/stories/Button.stories.ts[2m > [22m[2mSmall
[22m[39m[Mock Data] Settings.observeQuery() returning 0 items (filter applied) undefined
[90mstdout[2m | src/stories/Button.stories.ts[2m > [22m[2mSmall
[22m[39m[Mock Data] Settings subscription added. Total subscriptions: 1
[90mstdout[2m | src/stories/Button.stories.ts[2m > [22m[2mSmall
[22m[39m[SectionContext] Initial sections: 0 []
[90mstdout[2m | src/stories/Button.stories.ts[2m > [22m[2mSmall
[22m[39m[Mock Data] Section.onCreate() called with filter: undefined
[90mstdout[2m | src/stories/Button.stories.ts[2m > [22m[2mSmall
[22m[39m[Mock Data] Section.onCreate() subscription added. Total: 1
[90mstdout[2m | src/stories/Button.stories.ts[2m > [22m[2mSmall
[22m[39m[Mock Data] Section.onUpdate() called with filter: undefined
[90mstdout[2m | src/stories/Button.stories.ts[2m > [22m[2mSmall
[22m[39m[Mock Data] Section.onUpdate() subscription added. Total: 1
[90mstdout[2m | src/stories/Button.stories.ts[2m > [22m[2mSmall
[22m[39m[Mock Data] Section.onDelete() called with filter: undefined
[90mstdout[2m | src/stories/Button.stories.ts[2m > [22m[2mSmall
[22m[39m[Mock Data] Section.onDelete() subscription added. Total: 1
[90mstdout[2m | src/stories/Button.stories.ts[2m > [22m[2mSmall
[22m[39m[Mock Data] Assignment.onCreate() called with filter: {
  "filter": {
    "unitID": {
      "eq": "mock-unit-id",
    },
  },
}
[90mstdout[2m | src/stories/Button.stories.ts[2m > [22m[2mSmall
[22m[39m[Mock Data] Assignment.onCreate() subscription added. Total: 1
[90mstdout[2m | src/stories/Button.stories.ts[2m > [22m[2mSmall
[22m[39m[Mock Data] Assignment.onUpdate() called with filter: {
  "filter": {
    "unitID": {
      "eq": "mock-unit-id",
    },
  },
}
[90mstdout[2m | src/stories/Button.stories.ts[2m > [22m[2mSmall
[22m[39m[Mock Data] Assignment.onUpdate() subscription added. Total: 1
[90mstdout[2m | src/stories/Button.stories.ts[2m > [22m[2mSmall
[22m[39m[Mock Data] Assignment.onDelete() called with filter: {
  "filter": {
    "unitID": {
      "eq": "mock-unit-id",
    },
  },
}
[90mstdout[2m | src/stories/Button.stories.ts[2m > [22m[2mSmall
[22m[39m[Mock Data] Assignment.onDelete() subscription added. Total: 1
[90mstdout[2m | src/stories/Button.stories.ts[2m > [22m[2mSmall
[22m[39m[FilesContext] File observeQuery subscription triggered:
[90mstdout[2m | src/stories/Button.stories.ts[2m > [22m[2mSmall
[22m[39m  - items.length: 6
[90mstdout[2m | src/stories/Button.stories.ts[2m > [22m[2mSmall
[22m[39m  - isSynced: true
[90mstdout[2m | src/stories/Button.stories.ts[2m > [22m[2mSmall
[22m[39m  - items: [
  {
    "_deleted": null,
    "_lastChangedAt": 1767711773285,
    "_version": 1,
    "byHex": null,
    "createdAt": "2026-01-06T15:02:53.253Z",
    "description": "Japanese language textbook - Chapter 1",
    "document": Promise {},
    "documentID": "e01017e1-fe7a-4521-b71c-09ec31b18639",
    "duration": null,
    "embedding": null,
    "generated": null,
    "hex": null,
    "id": "a57d7833-5fa7-4cb7-8b7a-ce7c6e10e551",
    "identityId": "us-east-1:b0eadde9-f02c-c71b-17a6-22ffd37d89c8",
    "key": "files/Japanese Wind 1.pdf",
    "level": "protected",
    "mimeType": "application/pdf",
    "model": null,
    "name": "Japanese Wind 1.pdf",
    "owner": "64d81418-7021-701d-9fed-a4c2e0735711",
    "parsedContent": [Function anonymous],
    "parsedContentID": null,
    "path": "files/Japanese Wind 1.pdf",
    "prompt": null,
    "size": 4706654,
    "thumbnail": null,
    "type": "pdf",
    "updatedAt": "2026-01-06T15:02:53.253Z",
    "variant": null,
    "waveformData": null,
  },
  {
    "_version": 2,
    "createdAt": "2026-01-15T10:00:00.000Z",
    "description": "Sample report with vocabulary",
    "document": Promise {},
    "documentID": "cd824b5b-2c66-41f8-8571-aa6794ff590c",
    "generated": false,
    "id": "mock-pdf-file-2",
    "identityId": "us-east-1:mock-identity",
    "key": "files/report.pdf",
    "level": "protected",
    "mimeType": "application/pdf",
    "name": "report.pdf",
    "owner": "mock-user-id",
    "parsedContent": [Function anonymous],
    "path": "files/report.pdf",
    "size": 123456,
    "type": "pdf",
    "updatedAt": "2026-01-15T10:30:00.000Z",
  },
  {
    "_version": 3,
    "createdAt": "2026-01-14T08:00:00.000Z",
    "description": "Vocabulary lesson PDF with extracted content",
    "document": Promise {},
    "documentID": "mock-document-3",
    "generated": false,
    "id": "mock-pdf-file-3",
    "identityId": "us-east-1:mock-identity",
    "key": "files/vocabulary-lesson.pdf",
    "level": "public",
    "mimeType": "application/pdf",
    "name": "vocabulary-lesson.pdf",
    "owner": "mock-user-id",
    "parsedContent": [Function anonymous],
    "path": "files/vocabulary-lesson.pdf",
    "size": 567890,
    "type": "pdf",
    "updatedAt": "2026-01-14T08:45:00.000Z",
  },
  {
    "_version": 1,
    "createdAt": "2026-01-20T10:00:00.000Z",
    "description": "Sample pronunciation audio",
    "documentID": null,
    "duration": 3.5,
    "generated": true,
    "id": "mock-audio-file-1",
    "identityId": "us-east-1:mock-identity",
    "key": "audio/pronunciation-demo.mp3",
    "level": "public",
    "mimeType": "audio/mpeg",
    "name": "pronunciation-demo.mp3",
    "owner": "mock-user-id",
    "parsedContent": [Function anonymous],
    "path": "/story-mocks/cinematic-designed-sci-fi-whoosh-transition-nexawave-228295.mp3",
    "size": 56789,
    "type": "audio",
    "updatedAt": "2026-01-20T10:00:00.000Z",
    "waveformData": null,
  },
  {
    "_version": 1,
    "createdAt": "2026-01-19T14:30:00.000Z",
    "description": "Lesson introduction audio",
    "documentID": null,
    "duration": 5.2,
    "generated": false,
    "id": "mock-audio-file-2",
    "identityId": "us-east-1:mock-identity",
    "key": "audio/lesson-intro.mp3",
    "level": "public",
    "mimeType": "audio/mpeg",
    "name": "lesson-intro.mp3",
    "owner": "mock-user-id",
    "parsedContent": [Function anonymous],
    "path": "/story-mocks/descent-whoosh-long-cinematic-sound-effect-405921.mp3",
    "size": 87654,
    "type": "audio",
    "updatedAt": "2026-01-19T14:30:00.000Z",
    "waveformData": null,
  },
  {
    "_version": 1,
    "createdAt": "2026-01-18T09:15:00.000Z",
    "description": "Hiragana character chart",
    "documentID": null,
    "generated": false,
    "id": "mock-image-file-1",
    "identityId": "us-east-1:mock-identity",
    "key": "images/hiragana-chart.png",
    "level": "public",
    "mimeType": "image/png",
    "name": "hiragana-chart.png",
    "owner": "mock-user-id",
    "parsedContent": [Function anonymous],
    "path": "images/hiragana-chart.png",
    "size": 234567,
    "thumbnail": "thumbnails/hiragana-chart-thumb.png",
    "type": "image",
    "updatedAt": "2026-01-18T09:15:00.000Z",
  },
]
[90mstdout[2m | src/stories/Button.stories.ts[2m > [22m[2mSmall
[22m[39m[ChatContext] AssistantChat query update: 1 items (synced)
[90mstdout[2m | src/stories/Button.stories.ts[2m > [22m[2mSmall
[22m[39m[ChatContext] First item details: {
  "id": "mock-assistant-chat-1",
  "updatedAt": "2024-01-26T10:15:00.000Z",
}
[90mstdout[2m | src/stories/Button.stories.ts[2m > [22m[2mSmall
[22m[39m[ChatContext] AssistantChat subscription initialized
[90mstdout[2m | src/stories/Button.stories.ts[2m > [22m[2mSmall
[22m[39m[ChatContext] AssistantChat list updated: 1 chats
[90mstdout[2m | src/stories/Button.stories.ts[2m > [22m[2mSmall
[22m[39m[ChatContext] Setting initial chat: mock-assistant-chat-1
[90mstdout[2m | src/stories/Button.stories.ts[2m > [22m[2mSmall
[22m[39m[FilesContext] Files count changed: 0 → 6
[90mstdout[2m | src/stories/Button.stories.ts[2m > [22m[2mSmall
[22m[39m[MOCK CourseVectorStore] Initialized with mock data
[90mstdout[2m | src/stories/Button.stories.ts[2m > [22m[2mSmall
[22m[39m[MOCK CourseVectorStore] Initialized with mock data
[90mstdout[2m | src/stories/Button.stories.ts[2m > [22m[2mSmall
[22m[39m[Mock Data] Settings.create() called with: {
  "assistantVoice": "shimmer",
  "autoAnalyzeDocuments": true,
  "defaultAIModel": "gpt-4",
  "documentAnalysisModel": "gpt-4",
  "editorFontSize": 14,
  "editorTheme": "auto",
  "emailNotifications": true,
  "language": "en",
  "webhookNotifications": false,
}
[90mstdout[2m | src/stories/Button.stories.ts[2m > [22m[2mSmall
[22m[39m[Mock Data] Settings created: mock-settings-1776336999265 - notified 1 subscribers
[90mstdout[2m | src/stories/Button.stories.ts[2m > [22m[2mSmall
[22m[39m[FilesContext] Vector store population triggered {
  "currentVectorStoreSize": 3,
  "documentsCount": 0,
  "filesCount": 6,
  "isInitialLoad": true,
}
[90mstdout[2m | src/stories/Button.stories.ts[2m > [22m[2mSmall
[22m[39m[FilesContext] Vector store population complete - 3 total embeddings
[90mstdout[2m | src/stories/Button.stories.ts[2m > [22m[2mSmall
[22m[39m[ChatContext] Chat exists and not archived, skipping creation
 [32m✓[39m [30m[45m storybook (chromium) [49m[39m src/stories/Button.stories.ts [2m([22m[2m4 tests[22m[2m)[22m[33m 615[2mms[22m[39m
[90mstdout[2m | src/stories/Header.stories.ts[2m > [22m[2mLogged In
[22m[39m[Mock Data] Settings subscription unsubscribed. Remaining: 0
[90mstdout[2m | src/stories/Header.stories.ts[2m > [22m[2mLogged In
[22m[39m[ChatContext] Cleaning up subscription
[90mstdout[2m | src/stories/Header.stories.ts[2m > [22m[2mLogged In
[22m[39m[Mock Data] AssistantChat subscription unsubscribed. Remaining: 0
[90mstdout[2m | src/stories/Header.stories.ts[2m > [22m[2mLogged In
[22m[39m[Mock Data] File subscription unsubscribed. Remaining: 0
[90mstdout[2m | src/stories/Header.stories.ts[2m > [22m[2mLogged In
[22m[39m[Mock Data] Document subscription unsubscribed. Remaining: 0
[90mstdout[2m | src/stories/Header.stories.ts[2m > [22m[2mLogged In
[22m[39m[Mock Data] Word subscription unsubscribed. Remaining: 0
[90mstdout[2m | src/stories/Header.stories.ts[2m > [22m[2mLogged In
[22m[39m[Mock Data] Question subscription unsubscribed. Remaining: 0
[90mstdout[2m | src/stories/Header.stories.ts[2m > [22m[2mLogged In
[22m[39m[Mock Data] Grade subscription unsubscribed. Remaining: 0
[90mstdout[2m | src/stories/Header.stories.ts[2m > [22m[2mLogged In
[22m[39m[Mock Data] Unit subscription unsubscribed. Remaining: 0
[90mstdout[2m | src/stories/Header.stories.ts[2m > [22m[2mLogged In
[22m[39m[SectionContext] Cleaning up subscriptions
[90mstdout[2m | src/stories/Header.stories.ts[2m > [22m[2mLogged In
[22m[39m[Mock Data] Section.onCreate() subscription removed. Remaining: 0
[90mstdout[2m | src/stories/Header.stories.ts[2m > [22m[2mLogged In
[22m[39m[Mock Data] Section.onUpdate() subscription removed. Remaining: 0
[90mstdout[2m | src/stories/Header.stories.ts[2m > [22m[2mLogged In
[22m[39m[Mock Data] Section.onDelete() subscription removed. Remaining: 0
[90mstdout[2m | src/stories/Header.stories.ts[2m > [22m[2mLogged In
[22m[39m[Mock Data] Assignment.onCreate() subscription removed. Remaining: 0
[90mstdout[2m | src/stories/Header.stories.ts[2m > [22m[2mLogged In
[22m[39m[Mock Data] Assignment.onUpdate() subscription removed. Remaining: 0
[90mstdout[2m | src/stories/Header.stories.ts[2m > [22m[2mLogged In
[22m[39m[Mock Data] Assignment.onDelete() subscription removed. Remaining: 0
[90mstdout[2m | src/stories/Header.stories.ts[2m > [22m[2mLogged In
[22m[39m[Mock Data] Clearing all data stores
[90mstdout[2m | src/stories/Header.stories.ts[2m > [22m[2mLogged In
[22m[39m[Mock Data] All data stores cleared
[90mstdout[2m | src/stories/Header.stories.ts[2m > [22m[2mLogged In
[22m[39m[Preview] Cleared mock data for story
[90mstdout[2m | src/stories/Header.stories.ts[2m > [22m[2mLogged In
[22m[39m[Mock Data Gen 2] Initializing mock data
[90mstdout[2m | src/stories/Header.stories.ts[2m > [22m[2mLogged In
[22m[39m[Mock Data] seedMockAssistantChats: Replacing with 1 assistant chats
[90mstdout[2m | src/stories/Header.stories.ts[2m > [22m[2mLogged In
[22m[39m[Mock Data Gen 2] Seeded AssistantChat: mock-assistant-chat-1
[90mstdout[2m | src/stories/Header.stories.ts[2m > [22m[2mLogged In
[22m[39m[Mock Data] seedMockFiles: Adding 6 files
[90mstdout[2m | src/stories/Header.stories.ts[2m > [22m[2mLogged In
[22m[39m[Mock Data Gen 2] Seeded Files: 6
[90mstdout[2m | src/stories/Header.stories.ts[2m > [22m[2mLogged In
[22m[39m[Mock Data Gen 2] Initializing mock data
[90mstdout[2m | src/stories/Header.stories.ts[2m > [22m[2mLogged In
[22m[39m[Mock Data] seedMockAssistantChats: Replacing with 1 assistant chats
[90mstdout[2m | src/stories/Header.stories.ts[2m > [22m[2mLogged In
[22m[39m[Mock Data Gen 2] Seeded AssistantChat: mock-assistant-chat-1
[90mstdout[2m | src/stories/Header.stories.ts[2m > [22m[2mLogged In
[22m[39m[Mock Data] seedMockFiles: Adding 6 files
[90mstdout[2m | src/stories/Header.stories.ts[2m > [22m[2mLogged In
[22m[39m[Mock Data Gen 2] Seeded Files: 6
[90mstdout[2m | src/stories/Header.stories.ts[2m > [22m[2mLogged In
[22m[39m[Preview] Initialized default mock data for story
[90mstdout[2m | src/stories/Header.stories.ts[2m > [22m[2mLogged In
[22m[39m[Mock AuthContext] Providing auth: {
  "error": undefined,
  "isLoading": false,
  "session": {
    "idToken": {
      "toString": [Function toString],
    },
    "identityId": "us-east-1:mock-identity-123",
    "username": "mock-user-sub",
  },
  "user": {
    "attributes": {
      "email": "alice@example.com",
      "name": "Alice Student",
      "sub": "mock-user-sub",
    },
  },
}
[90mstdout[2m | src/stories/Header.stories.ts[2m > [22m[2mLogged In
[22m[39m[Mock Data] generateClient() called - returning mock client
[90mstdout[2m | src/stories/Header.stories.ts[2m > [22m[2mLogged In
[22m[39m[Mock amplifyClient] getAmplifyClient() called - returning mock client
[90mstdout[2m | src/stories/Header.stories.ts[2m > [22m[2mLogged In
[22m[39m[MOCK CourseVectorStore] Initialized with mock data
[90mstdout[2m | src/stories/Header.stories.ts[2m > [22m[2mLogged In
[22m[39m[TranslationModeController] Setting mode to: off
[90mstdout[2m | src/stories/Header.stories.ts[2m > [22m[2mLogged In
[22m[39m[SectionContext] useEffect triggered {
  "authLoading": false,
  "hasUser": true,
  "userSub": "mock-user-sub",
}
[90mstdout[2m | src/stories/Header.stories.ts[2m > [22m[2mLogged In
[22m[39m[SectionContext] Fetching sections for userId: mock-user-sub
[90mstdout[2m | src/stories/Header.stories.ts[2m > [22m[2mLogged In
[22m[39m[Mock Data] generateClient() called - returning mock client
[90mstdout[2m | src/stories/Header.stories.ts[2m > [22m[2mLogged In
[22m[39m[Mock amplifyClient] getAmplifyClient() called - returning mock client
[90mstdout[2m | src/stories/Header.stories.ts[2m > [22m[2mLogged In
[22m[39m[Mock Data] Section.list() called with options: undefined
[90mstdout[2m | src/stories/Header.stories.ts[2m > [22m[2mLogged In
[22m[39m[Mock Data] generateClient() called - returning mock client
[90mstdout[2m | src/stories/Header.stories.ts[2m > [22m[2mLogged In
[22m[39m[Mock amplifyClient] getAmplifyClient() called - returning mock client
[90mstdout[2m | src/stories/Header.stories.ts[2m > [22m[2mLogged In
[22m[39m[Mock Data] Assignment.list() called with options: {
  "filter": {
    "unitID": {
      "eq": "mock-unit-id",
    },
  },
}
[90mstdout[2m | src/stories/Header.stories.ts[2m > [22m[2mLogged In
[22m[39m[Mock Data] generateClient() called - returning mock client
[90mstdout[2m | src/stories/Header.stories.ts[2m > [22m[2mLogged In
[22m[39m[Mock amplifyClient] getAmplifyClient() called - returning mock client
[90mstdout[2m | src/stories/Header.stories.ts[2m > [22m[2mLogged In
[22m[39m[Mock Data] Grade.observeQuery() called with filter: {
  "filter": {
    "unitID": {
      "eq": "mock-unit-id",
    },
  },
}
[90mstdout[2m | src/stories/Header.stories.ts[2m > [22m[2mLogged In
[22m[39m[Mock Data] Grade.observeQuery() applying filter: {
  "unitID": {
    "eq": "mock-unit-id",
  },
}
[90mstdout[2m | src/stories/Header.stories.ts[2m > [22m[2mLogged In
[22m[39m[Mock Data] Grade.observeQuery() items before filter: 0
[90mstdout[2m | src/stories/Header.stories.ts[2m > [22m[2mLogged In
[22m[39m[Mock Data] Grade.observeQuery() items after filter: 0
[90mstdout[2m | src/stories/Header.stories.ts[2m > [22m[2mLogged In
[22m[39m[Mock Data] Grade.observeQuery() returning 0 items (filter applied) {
  "filter": {
    "unitID": {
      "eq": "mock-unit-id",
    },
  },
}
[90mstdout[2m | src/stories/Header.stories.ts[2m > [22m[2mLogged In
[22m[39m[Mock Data] Grade subscription added. Total subscriptions: 1
[90mstdout[2m | src/stories/Header.stories.ts[2m > [22m[2mLogged In
[22m[39m[UnitContext] useEffect triggered {
  "authLoading": false,
  "hasUser": true,
  "id": "mock-unit-id",
  "userSub": "mock-user-sub",
}
[90mstdout[2m | src/stories/Header.stories.ts[2m > [22m[2mLogged In
[22m[39m[UnitContext] Fetching unit data for id: mock-unit-id
[90mstdout[2m | src/stories/Header.stories.ts[2m > [22m[2mLogged In
[22m[39m[Mock Data] generateClient() called - returning mock client
[90mstdout[2m | src/stories/Header.stories.ts[2m > [22m[2mLogged In
[22m[39m[Mock amplifyClient] getAmplifyClient() called - returning mock client
[90mstdout[2m | src/stories/Header.stories.ts[2m > [22m[2mLogged In
[22m[39m[Mock Data] Unit.observeQuery() called with filter: {
  "filter": {
    "id": {
      "eq": "mock-unit-id",
    },
  },
}
[90mstdout[2m | src/stories/Header.stories.ts[2m > [22m[2mLogged In
[22m[39m[Mock Data] Unit.observeQuery() applying filter: {
  "id": {
    "eq": "mock-unit-id",
  },
}
[90mstdout[2m | src/stories/Header.stories.ts[2m > [22m[2mLogged In
[22m[39m[Mock Data] Unit.observeQuery() items before filter: 0
[90mstdout[2m | src/stories/Header.stories.ts[2m > [22m[2mLogged In
[22m[39m[Mock Data] Unit.observeQuery() items after filter: 0
[90mstdout[2m | src/stories/Header.stories.ts[2m > [22m[2mLogged In
[22m[39m[Mock Data] Unit.observeQuery() returning 0 items (filter applied) {
  "filter": {
    "id": {
      "eq": "mock-unit-id",
    },
  },
}
[90mstdout[2m | src/stories/Header.stories.ts[2m > [22m[2mLogged In
[22m[39m[Mock Data] Unit subscription added. Total subscriptions: 1
[90mstdout[2m | src/stories/Header.stories.ts[2m > [22m[2mLogged In
[22m[39m[Mock Data] generateClient() called - returning mock client
[90mstdout[2m | src/stories/Header.stories.ts[2m > [22m[2mLogged In
[22m[39m[Mock amplifyClient] getAmplifyClient() called - returning mock client
[90mstdout[2m | src/stories/Header.stories.ts[2m > [22m[2mLogged In
[22m[39m[Mock Data] Word.observeQuery() called with filter: undefined
[90mstdout[2m | src/stories/Header.stories.ts[2m > [22m[2mLogged In
[22m[39m[Mock Data] Word.observeQuery() returning 0 items (filter applied) undefined
[90mstdout[2m | src/stories/Header.stories.ts[2m > [22m[2mLogged In
[22m[39m[Mock Data] Word subscription added. Total subscriptions: 1
[90mstdout[2m | src/stories/Header.stories.ts[2m > [22m[2mLogged In
[22m[39m[Mock Data] generateClient() called - returning mock client
[90mstdout[2m | src/stories/Header.stories.ts[2m > [22m[2mLogged In
[22m[39m[Mock amplifyClient] getAmplifyClient() called - returning mock client
[90mstdout[2m | src/stories/Header.stories.ts[2m > [22m[2mLogged In
[22m[39m[Mock Data] Question.observeQuery() called with filter: undefined
[90mstdout[2m | src/stories/Header.stories.ts[2m > [22m[2mLogged In
[22m[39m[Mock Data] Question.observeQuery() returning 0 items (filter applied) undefined
[90mstdout[2m | src/stories/Header.stories.ts[2m > [22m[2mLogged In
[22m[39m[Mock Data] Question subscription added. Total subscriptions: 1
[90mstdout[2m | src/stories/Header.stories.ts[2m > [22m[2mLogged In
[22m[39m[FilesContext] Initializing vector store from IndexedDB
[90mstdout[2m | src/stories/Header.stories.ts[2m > [22m[2mLogged In
[22m[39m[FilesContext] fetchFiles called
[90mstdout[2m | src/stories/Header.stories.ts[2m > [22m[2mLogged In
[22m[39m[FilesContext] User authenticated: mock-user-sub
[90mstdout[2m | src/stories/Header.stories.ts[2m > [22m[2mLogged In
[22m[39m[FilesContext] Identity ID: us-east-1:mock-identity-123
[90mstdout[2m | src/stories/Header.stories.ts[2m > [22m[2mLogged In
[22m[39m[FilesContext] About to subscribe to File model
[90mstdout[2m | src/stories/Header.stories.ts[2m > [22m[2mLogged In
[22m[39m[Mock Data] generateClient() called - returning mock client
[90mstdout[2m | src/stories/Header.stories.ts[2m > [22m[2mLogged In
[22m[39m[Mock amplifyClient] getAmplifyClient() called - returning mock client
[90mstdout[2m | src/stories/Header.stories.ts[2m > [22m[2mLogged In
[22m[39m[Mock Data] File.observeQuery() called with filter: undefined
[90mstdout[2m | src/stories/Header.stories.ts[2m > [22m[2mLogged In
[22m[39m[Mock Data] File.observeQuery() returning 6 items (filter applied) undefined
[90mstdout[2m | src/stories/Header.stories.ts[2m > [22m[2mLogged In
[22m[39m[Mock Data] File subscription added. Total subscriptions: 1
[90mstdout[2m | src/stories/Header.stories.ts[2m > [22m[2mLogged In
[22m[39m[Mock Data] generateClient() called - returning mock client
[90mstdout[2m | src/stories/Header.stories.ts[2m > [22m[2mLogged In
[22m[39m[Mock amplifyClient] getAmplifyClient() called - returning mock client
[90mstdout[2m | src/stories/Header.stories.ts[2m > [22m[2mLogged In
[22m[39m[Mock Data] Document.observeQuery() called with filter: undefined
[90mstdout[2m | src/stories/Header.stories.ts[2m > [22m[2mLogged In
[22m[39m[Mock Data] Document.observeQuery() returning 0 items (filter applied) undefined
[90mstdout[2m | src/stories/Header.stories.ts[2m > [22m[2mLogged In
[22m[39m[Mock Data] Document subscription added. Total subscriptions: 1
[90mstdout[2m | src/stories/Header.stories.ts[2m > [22m[2mLogged In
[22m[39m[ChatContext] Setting up observeQuery for AssistantChat
[90mstdout[2m | src/stories/Header.stories.ts[2m > [22m[2mLogged In
[22m[39m[Mock Data] AssistantChat.observeQuery() called with filter: {
  "sortDirection": "DESC",
  "sortField": "createdAt",
}
[90mstdout[2m | src/stories/Header.stories.ts[2m > [22m[2mLogged In
[22m[39m[Mock Data] AssistantChat.observeQuery() returning 1 items (filter applied) {
  "sortDirection": "DESC",
  "sortField": "createdAt",
}
[90mstdout[2m | src/stories/Header.stories.ts[2m > [22m[2mLogged In
[22m[39m[Mock Data] AssistantChat subscription added. Total subscriptions: 1
[90mstdout[2m | src/stories/Header.stories.ts[2m > [22m[2mLogged In
[22m[39m[ChatContext] Waiting for subscription to initialize
[90mstdout[2m | src/stories/Header.stories.ts[2m > [22m[2mLogged In
[22m[39m[SettingsContext] Setting up Settings subscription for user: mock-user-sub
[90mstdout[2m | src/stories/Header.stories.ts[2m > [22m[2mLogged In
[22m[39m[Mock Data] generateClient() called - returning mock client
[90mstdout[2m | src/stories/Header.stories.ts[2m > [22m[2mLogged In
[22m[39m[Mock amplifyClient] getAmplifyClient() called - returning mock client
[90mstdout[2m | src/stories/Header.stories.ts[2m > [22m[2mLogged In
[22m[39m[Mock Data] Settings.observeQuery() called with filter: undefined
[90mstdout[2m | src/stories/Header.stories.ts[2m > [22m[2mLogged In
[22m[39m[Mock Data] Settings.observeQuery() returning 0 items (filter applied) undefined
[90mstdout[2m | src/stories/Header.stories.ts[2m > [22m[2mLogged In
[22m[39m[Mock Data] Settings subscription added. Total subscriptions: 1
[90mstdout[2m | src/stories/Header.stories.ts[2m > [22m[2mLogged In
[22m[39m[SectionContext] Initial sections: 0 []
[90mstdout[2m | src/stories/Header.stories.ts[2m > [22m[2mLogged In
[22m[39m[Mock Data] Section.onCreate() called with filter: undefined
[90mstdout[2m | src/stories/Header.stories.ts[2m > [22m[2mLogged In
[22m[39m[Mock Data] Section.onCreate() subscription added. Total: 1
[90mstdout[2m | src/stories/Header.stories.ts[2m > [22m[2mLogged In
[22m[39m[Mock Data] Section.onUpdate() called with filter: undefined
[90mstdout[2m | src/stories/Header.stories.ts[2m > [22m[2mLogged In
[22m[39m[Mock Data] Section.onUpdate() subscription added. Total: 1
[90mstdout[2m | src/stories/Header.stories.ts[2m > [22m[2mLogged In
[22m[39m[Mock Data] Section.onDelete() called with filter: undefined
[90mstdout[2m | src/stories/Header.stories.ts[2m > [22m[2mLogged In
[22m[39m[Mock Data] Section.onDelete() subscription added. Total: 1
[90mstdout[2m | src/stories/Header.stories.ts[2m > [22m[2mLogged In
[22m[39m[Mock Data] Assignment.onCreate() called with filter: {
  "filter": {
    "unitID": {
      "eq": "mock-unit-id",
    },
  },
}
[90mstdout[2m | src/stories/Header.stories.ts[2m > [22m[2mLogged In
[22m[39m[Mock Data] Assignment.onCreate() subscription added. Total: 1
[90mstdout[2m | src/stories/Header.stories.ts[2m > [22m[2mLogged In
[22m[39m[Mock Data] Assignment.onUpdate() called with filter: {
  "filter": {
    "unitID": {
      "eq": "mock-unit-id",
    },
  },
}
[90mstdout[2m | src/stories/Header.stories.ts[2m > [22m[2mLogged In
[22m[39m[Mock Data] Assignment.onUpdate() subscription added. Total: 1
[90mstdout[2m | src/stories/Header.stories.ts[2m > [22m[2mLogged In
[22m[39m[Mock Data] Assignment.onDelete() called with filter: {
  "filter": {
    "unitID": {
      "eq": "mock-unit-id",
    },
  },
}
[90mstdout[2m | src/stories/Header.stories.ts[2m > [22m[2mLogged In
[22m[39m[Mock Data] Assignment.onDelete() subscription added. Total: 1
[90mstdout[2m | src/stories/Header.stories.ts[2m > [22m[2mLogged In
[22m[39m[FilesContext] File observeQuery subscription triggered:
[90mstdout[2m | src/stories/Header.stories.ts[2m > [22m[2mLogged In
[22m[39m  - items.length: 6
[90mstdout[2m | src/stories/Header.stories.ts[2m > [22m[2mLogged In
[22m[39m  - isSynced: true
[90mstdout[2m | src/stories/Header.stories.ts[2m > [22m[2mLogged In
[22m[39m  - items: [
  {
    "_deleted": null,
    "_lastChangedAt": 1767711773285,
    "_version": 1,
    "byHex": null,
    "createdAt": "2026-01-06T15:02:53.253Z",
    "description": "Japanese language textbook - Chapter 1",
    "document": Promise {},
    "documentID": "e01017e1-fe7a-4521-b71c-09ec31b18639",
    "duration": null,
    "embedding": null,
    "generated": null,
    "hex": null,
    "id": "a57d7833-5fa7-4cb7-8b7a-ce7c6e10e551",
    "identityId": "us-east-1:b0eadde9-f02c-c71b-17a6-22ffd37d89c8",
    "key": "files/Japanese Wind 1.pdf",
    "level": "protected",
    "mimeType": "application/pdf",
    "model": null,
    "name": "Japanese Wind 1.pdf",
    "owner": "64d81418-7021-701d-9fed-a4c2e0735711",
    "parsedContent": [Function anonymous],
    "parsedContentID": null,
    "path": "files/Japanese Wind 1.pdf",
    "prompt": null,
    "size": 4706654,
    "thumbnail": null,
    "type": "pdf",
    "updatedAt": "2026-01-06T15:02:53.253Z",
    "variant": null,
    "waveformData": null,
  },
  {
    "_version": 2,
    "createdAt": "2026-01-15T10:00:00.000Z",
    "description": "Sample report with vocabulary",
    "document": Promise {},
    "documentID": "cd824b5b-2c66-41f8-8571-aa6794ff590c",
    "generated": false,
    "id": "mock-pdf-file-2",
    "identityId": "us-east-1:mock-identity",
    "key": "files/report.pdf",
    "level": "protected",
    "mimeType": "application/pdf",
    "name": "report.pdf",
    "owner": "mock-user-id",
    "parsedContent": [Function anonymous],
    "path": "files/report.pdf",
    "size": 123456,
    "type": "pdf",
    "updatedAt": "2026-01-15T10:30:00.000Z",
  },
  {
    "_version": 3,
    "createdAt": "2026-01-14T08:00:00.000Z",
    "description": "Vocabulary lesson PDF with extracted content",
    "document": Promise {},
    "documentID": "mock-document-3",
    "generated": false,
    "id": "mock-pdf-file-3",
    "identityId": "us-east-1:mock-identity",
    "key": "files/vocabulary-lesson.pdf",
    "level": "public",
    "mimeType": "application/pdf",
    "name": "vocabulary-lesson.pdf",
    "owner": "mock-user-id",
    "parsedContent": [Function anonymous],
    "path": "files/vocabulary-lesson.pdf",
    "size": 567890,
    "type": "pdf",
    "updatedAt": "2026-01-14T08:45:00.000Z",
  },
  {
    "_version": 1,
    "createdAt": "2026-01-20T10:00:00.000Z",
    "description": "Sample pronunciation audio",
    "documentID": null,
    "duration": 3.5,
    "generated": true,
    "id": "mock-audio-file-1",
    "identityId": "us-east-1:mock-identity",
    "key": "audio/pronunciation-demo.mp3",
    "level": "public",
    "mimeType": "audio/mpeg",
    "name": "pronunciation-demo.mp3",
    "owner": "mock-user-id",
    "parsedContent": [Function anonymous],
    "path": "/story-mocks/cinematic-designed-sci-fi-whoosh-transition-nexawave-228295.mp3",
    "size": 56789,
    "type": "audio",
    "updatedAt": "2026-01-20T10:00:00.000Z",
    "waveformData": null,
  },
  {
    "_version": 1,
    "createdAt": "2026-01-19T14:30:00.000Z",
    "description": "Lesson introduction audio",
    "documentID": null,
    "duration": 5.2,
    "generated": false,
    "id": "mock-audio-file-2",
    "identityId": "us-east-1:mock-identity",
    "key": "audio/lesson-intro.mp3",
    "level": "public",
    "mimeType": "audio/mpeg",
    "name": "lesson-intro.mp3",
    "owner": "mock-user-id",
    "parsedContent": [Function anonymous],
    "path": "/story-mocks/descent-whoosh-long-cinematic-sound-effect-405921.mp3",
    "size": 87654,
    "type": "audio",
    "updatedAt": "2026-01-19T14:30:00.000Z",
    "waveformData": null,
  },
  {
    "_version": 1,
    "createdAt": "2026-01-18T09:15:00.000Z",
    "description": "Hiragana character chart",
    "documentID": null,
    "generated": false,
    "id": "mock-image-file-1",
    "identityId": "us-east-1:mock-identity",
    "key": "images/hiragana-chart.png",
    "level": "public",
    "mimeType": "image/png",
    "name": "hiragana-chart.png",
    "owner": "mock-user-id",
    "parsedContent": [Function anonymous],
    "path": "images/hiragana-chart.png",
    "size": 234567,
    "thumbnail": "thumbnails/hiragana-chart-thumb.png",
    "type": "image",
    "updatedAt": "2026-01-18T09:15:00.000Z",
  },
]
[90mstdout[2m | src/stories/Header.stories.ts[2m > [22m[2mLogged In
[22m[39m[FilesContext] Files count changed: 0 → 6
[90mstdout[2m | src/stories/Header.stories.ts[2m > [22m[2mLogged In
[22m[39m[MOCK CourseVectorStore] Initialized with mock data
[90mstdout[2m | src/stories/Header.stories.ts[2m > [22m[2mLogged In
[22m[39m[MOCK CourseVectorStore] Initialized with mock data
[90mstdout[2m | src/stories/Header.stories.ts[2m > [22m[2mLogged In
[22m[39m[ChatContext] AssistantChat query update: 1 items (synced)
[90mstdout[2m | src/stories/Header.stories.ts[2m > [22m[2mLogged In
[22m[39m[ChatContext] First item details: {
  "id": "mock-assistant-chat-1",
  "updatedAt": "2024-01-26T10:15:00.000Z",
}
[90mstdout[2m | src/stories/Header.stories.ts[2m > [22m[2mLogged In
[22m[39m[ChatContext] AssistantChat subscription initialized
[90mstdout[2m | src/stories/Header.stories.ts[2m > [22m[2mLogged In
[22m[39m[ChatContext] AssistantChat list updated: 1 chats
[90mstdout[2m | src/stories/Header.stories.ts[2m > [22m[2mLogged In
[22m[39m[Mock Data] Settings.create() called with: {
  "assistantVoice": "shimmer",
  "autoAnalyzeDocuments": true,
  "defaultAIModel": "gpt-4",
  "documentAnalysisModel": "gpt-4",
  "editorFontSize": 14,
  "editorTheme": "auto",
  "emailNotifications": true,
  "language": "en",
  "webhookNotifications": false,
}
[90mstdout[2m | src/stories/Header.stories.ts[2m > [22m[2mLogged In
[22m[39m[Mock Data] Settings created: mock-settings-1776336999440 - notified 1 subscribers
[90mstdout[2m | src/stories/Header.stories.ts[2m > [22m[2mLogged In
[22m[39m[FilesContext] Vector store population triggered {
  "currentVectorStoreSize": 3,
  "documentsCount": 0,
  "filesCount": 6,
  "isInitialLoad": true,
}
[90mstdout[2m | src/stories/Header.stories.ts[2m > [22m[2mLogged In
[22m[39m[FilesContext] Vector store population complete - 3 total embeddings
[90mstdout[2m | src/stories/Header.stories.ts[2m > [22m[2mLogged In
[22m[39m[ChatContext] Setting initial chat: mock-assistant-chat-1
[90mstdout[2m | src/stories/Header.stories.ts[2m > [22m[2mLogged In
[22m[39m[ChatContext] Chat exists and not archived, skipping creation
[90mstdout[2m | src/stories/Header.stories.ts[2m > [22m[2mLogged Out
[22m[39m[Mock Data] Settings subscription unsubscribed. Remaining: 0
[90mstdout[2m | src/stories/Header.stories.ts[2m > [22m[2mLogged Out
[22m[39m[ChatContext] Cleaning up subscription
[90mstdout[2m | src/stories/Header.stories.ts[2m > [22m[2mLogged Out
[22m[39m[Mock Data] AssistantChat subscription unsubscribed. Remaining: 0
[90mstdout[2m | src/stories/Header.stories.ts[2m > [22m[2mLogged Out
[22m[39m[Mock Data] File subscription unsubscribed. Remaining: 0
[90mstdout[2m | src/stories/Header.stories.ts[2m > [22m[2mLogged Out
[22m[39m[Mock Data] Document subscription unsubscribed. Remaining: 0
[90mstdout[2m | src/stories/Header.stories.ts[2m > [22m[2mLogged Out
[22m[39m[Mock Data] Word subscription unsubscribed. Remaining: 0
[90mstdout[2m | src/stories/Header.stories.ts[2m > [22m[2mLogged Out
[22m[39m[Mock Data] Question subscription unsubscribed. Remaining: 0
[90mstdout[2m | src/stories/Header.stories.ts[2m > [22m[2mLogged Out
[22m[39m[Mock Data] Grade subscription unsubscribed. Remaining: 0
[90mstdout[2m | src/stories/Header.stories.ts[2m > [22m[2mLogged Out
[22m[39m[Mock Data] Unit subscription unsubscribed. Remaining: 0
[90mstdout[2m | src/stories/Header.stories.ts[2m > [22m[2mLogged Out
[22m[39m[SectionContext] Cleaning up subscriptions
[90mstdout[2m | src/stories/Header.stories.ts[2m > [22m[2mLogged Out
[22m[39m[Mock Data] Section.onCreate() subscription removed. Remaining: 0
[90mstdout[2m | src/stories/Header.stories.ts[2m > [22m[2mLogged Out
[22m[39m[Mock Data] Section.onUpdate() subscription removed. Remaining: 0
[90mstdout[2m | src/stories/Header.stories.ts[2m > [22m[2mLogged Out
[22m[39m[Mock Data] Section.onDelete() subscription removed. Remaining: 0
[90mstdout[2m | src/stories/Header.stories.ts[2m > [22m[2mLogged Out
[22m[39m[Mock Data] Assignment.onCreate() subscription removed. Remaining: 0
[90mstdout[2m | src/stories/Header.stories.ts[2m > [22m[2mLogged Out
[22m[39m[Mock Data] Assignment.onUpdate() subscription removed. Remaining: 0
[90mstdout[2m | src/stories/Header.stories.ts[2m > [22m[2mLogged Out
[22m[39m[Mock Data] Assignment.onDelete() subscription removed. Remaining: 0
[90mstdout[2m | src/stories/Header.stories.ts[2m > [22m[2mLogged Out
[22m[39m[Mock Data] Clearing all data stores
[90mstdout[2m | src/stories/Header.stories.ts[2m > [22m[2mLogged Out
[22m[39m[Mock Data] All data stores cleared
[90mstdout[2m | src/stories/Header.stories.ts[2m > [22m[2mLogged Out
[22m[39m[Preview] Cleared mock data for story
[90mstdout[2m | src/stories/Header.stories.ts[2m > [22m[2mLogged Out
[22m[39m[Mock Data Gen 2] Initializing mock data
[90mstdout[2m | src/stories/Header.stories.ts[2m > [22m[2mLogged Out
[22m[39m[Mock Data] seedMockAssistantChats: Replacing with 1 assistant chats
[90mstdout[2m | src/stories/Header.stories.ts[2m > [22m[2mLogged Out
[22m[39m[Mock Data Gen 2] Seeded AssistantChat: mock-assistant-chat-1
[90mstdout[2m | src/stories/Header.stories.ts[2m > [22m[2mLogged Out
[22m[39m[Mock Data] seedMockFiles: Adding 6 files
[90mstdout[2m | src/stories/Header.stories.ts[2m > [22m[2mLogged Out
[22m[39m[Mock Data Gen 2] Seeded Files: 6
[90mstdout[2m | src/stories/Header.stories.ts[2m > [22m[2mLogged Out
[22m[39m[Mock Data Gen 2] Initializing mock data
[90mstdout[2m | src/stories/Header.stories.ts[2m > [22m[2mLogged Out
[22m[39m[Mock Data] seedMockAssistantChats: Replacing with 1 assistant chats
[90mstdout[2m | src/stories/Header.stories.ts[2m > [22m[2mLogged Out
[22m[39m[Mock Data Gen 2] Seeded AssistantChat: mock-assistant-chat-1
[90mstdout[2m | src/stories/Header.stories.ts[2m > [22m[2mLogged Out
[22m[39m[Mock Data] seedMockFiles: Adding 6 files
[90mstdout[2m | src/stories/Header.stories.ts[2m > [22m[2mLogged Out
[22m[39m[Mock Data Gen 2] Seeded Files: 6
[90mstdout[2m | src/stories/Header.stories.ts[2m > [22m[2mLogged Out
[22m[39m[Preview] Initialized default mock data for story
[90mstdout[2m | src/stories/Header.stories.ts[2m > [22m[2mLogged Out
[22m[39m[Mock AuthContext] Providing auth: {
  "error": undefined,
  "isLoading": false,
  "session": {
    "idToken": {
      "toString": [Function toString],
    },
    "identityId": "us-east-1:mock-identity-123",
    "username": "mock-user-sub",
  },
  "user": {
    "attributes": {
      "email": "alice@example.com",
      "name": "Alice Student",
      "sub": "mock-user-sub",
    },
  },
}
[90mstdout[2m | src/stories/Header.stories.ts[2m > [22m[2mLogged Out
[22m[39m[Mock Data] generateClient() called - returning mock client
[90mstdout[2m | src/stories/Header.stories.ts[2m > [22m[2mLogged Out
[22m[39m[Mock amplifyClient] getAmplifyClient() called - returning mock client
[90mstdout[2m | src/stories/Header.stories.ts[2m > [22m[2mLogged Out
[22m[39m[MOCK CourseVectorStore] Initialized with mock data
[90mstdout[2m | src/stories/Header.stories.ts[2m > [22m[2mLogged Out
[22m[39m[TranslationModeController] Setting mode to: off
[90mstdout[2m | src/stories/Header.stories.ts[2m > [22m[2mLogged Out
[22m[39m[SectionContext] useEffect triggered {
  "authLoading": false,
  "hasUser": true,
  "userSub": "mock-user-sub",
}
[90mstdout[2m | src/stories/Header.stories.ts[2m > [22m[2mLogged Out
[22m[39m[SectionContext] Fetching sections for userId: mock-user-sub
[90mstdout[2m | src/stories/Header.stories.ts[2m > [22m[2mLogged Out
[22m[39m[Mock Data] generateClient() called - returning mock client
[90mstdout[2m | src/stories/Header.stories.ts[2m > [22m[2mLogged Out
[22m[39m[Mock amplifyClient] getAmplifyClient() called - returning mock client
[90mstdout[2m | src/stories/Header.stories.ts[2m > [22m[2mLogged Out
[22m[39m[Mock Data] Section.list() called with options: undefined
[90mstdout[2m | src/stories/Header.stories.ts[2m > [22m[2mLogged Out
[22m[39m[Mock Data] generateClient() called - returning mock client
[90mstdout[2m | src/stories/Header.stories.ts[2m > [22m[2mLogged Out
[22m[39m[Mock amplifyClient] getAmplifyClient() called - returning mock client
[90mstdout[2m | src/stories/Header.stories.ts[2m > [22m[2mLogged Out
[22m[39m[Mock Data] Assignment.list() called with options: {
  "filter": {
    "unitID": {
      "eq": "mock-unit-id",
    },
  },
}
[90mstdout[2m | src/stories/Header.stories.ts[2m > [22m[2mLogged Out
[22m[39m[Mock Data] generateClient() called - returning mock client
[90mstdout[2m | src/stories/Header.stories.ts[2m > [22m[2mLogged Out
[22m[39m[Mock amplifyClient] getAmplifyClient() called - returning mock client
[90mstdout[2m | src/stories/Header.stories.ts[2m > [22m[2mLogged Out
[22m[39m[Mock Data] Grade.observeQuery() called with filter: {
  "filter": {
    "unitID": {
      "eq": "mock-unit-id",
    },
  },
}
[90mstdout[2m | src/stories/Header.stories.ts[2m > [22m[2mLogged Out
[22m[39m[Mock Data] Grade.observeQuery() applying filter: {
  "unitID": {
    "eq": "mock-unit-id",
  },
}
[90mstdout[2m | src/stories/Header.stories.ts[2m > [22m[2mLogged Out
[22m[39m[Mock Data] Grade.observeQuery() items before filter: 0
[90mstdout[2m | src/stories/Header.stories.ts[2m > [22m[2mLogged Out
[22m[39m[Mock Data] Grade.observeQuery() items after filter: 0
[90mstdout[2m | src/stories/Header.stories.ts[2m > [22m[2mLogged Out
[22m[39m[Mock Data] Grade.observeQuery() returning 0 items (filter applied) {
  "filter": {
    "unitID": {
      "eq": "mock-unit-id",
    },
  },
}
[90mstdout[2m | src/stories/Header.stories.ts[2m > [22m[2mLogged Out
[22m[39m[Mock Data] Grade subscription added. Total subscriptions: 1
[90mstdout[2m | src/stories/Header.stories.ts[2m > [22m[2mLogged Out
[22m[39m[UnitContext] useEffect triggered {
  "authLoading": false,
  "hasUser": true,
  "id": "mock-unit-id",
  "userSub": "mock-user-sub",
}
[90mstdout[2m | src/stories/Header.stories.ts[2m > [22m[2mLogged Out
[22m[39m[UnitContext] Fetching unit data for id: mock-unit-id
[90mstdout[2m | src/stories/Header.stories.ts[2m > [22m[2mLogged Out
[22m[39m[Mock Data] generateClient() called - returning mock client
[90mstdout[2m | src/stories/Header.stories.ts[2m > [22m[2mLogged Out
[22m[39m[Mock amplifyClient] getAmplifyClient() called - returning mock client
[90mstdout[2m | src/stories/Header.stories.ts[2m > [22m[2mLogged Out
[22m[39m[Mock Data] Unit.observeQuery() called with filter: {
  "filter": {
    "id": {
      "eq": "mock-unit-id",
    },
  },
}
[90mstdout[2m | src/stories/Header.stories.ts[2m > [22m[2mLogged Out
[22m[39m[Mock Data] Unit.observeQuery() applying filter: {
  "id": {
    "eq": "mock-unit-id",
  },
}
[90mstdout[2m | src/stories/Header.stories.ts[2m > [22m[2mLogged Out
[22m[39m[Mock Data] Unit.observeQuery() items before filter: 0
[90mstdout[2m | src/stories/Header.stories.ts[2m > [22m[2mLogged Out
[22m[39m[Mock Data] Unit.observeQuery() items after filter: 0
[90mstdout[2m | src/stories/Header.stories.ts[2m > [22m[2mLogged Out
[22m[39m[Mock Data] Unit.observeQuery() returning 0 items (filter applied) {
  "filter": {
    "id": {
      "eq": "mock-unit-id",
    },
  },
}
[90mstdout[2m | src/stories/Header.stories.ts[2m > [22m[2mLogged Out
[22m[39m[Mock Data] Unit subscription added. Total subscriptions: 1
[90mstdout[2m | src/stories/Header.stories.ts[2m > [22m[2mLogged Out
[22m[39m[Mock Data] generateClient() called - returning mock client
[90mstdout[2m | src/stories/Header.stories.ts[2m > [22m[2mLogged Out
[22m[39m[Mock amplifyClient] getAmplifyClient() called - returning mock client
[90mstdout[2m | src/stories/Header.stories.ts[2m > [22m[2mLogged Out
[22m[39m[Mock Data] Word.observeQuery() called with filter: undefined
[90mstdout[2m | src/stories/Header.stories.ts[2m > [22m[2mLogged Out
[22m[39m[Mock Data] Word.observeQuery() returning 0 items (filter applied) undefined
[90mstdout[2m | src/stories/Header.stories.ts[2m > [22m[2mLogged Out
[22m[39m[Mock Data] Word subscription added. Total subscriptions: 1
[90mstdout[2m | src/stories/Header.stories.ts[2m > [22m[2mLogged Out
[22m[39m[Mock Data] generateClient() called - returning mock client
[90mstdout[2m | src/stories/Header.stories.ts[2m > [22m[2mLogged Out
[22m[39m[Mock amplifyClient] getAmplifyClient() called - returning mock client
[90mstdout[2m | src/stories/Header.stories.ts[2m > [22m[2mLogged Out
[22m[39m[Mock Data] Question.observeQuery() called with filter: undefined
[90mstdout[2m | src/stories/Header.stories.ts[2m > [22m[2mLogged Out
[22m[39m[Mock Data] Question.observeQuery() returning 0 items (filter applied) undefined
[90mstdout[2m | src/stories/Header.stories.ts[2m > [22m[2mLogged Out
[22m[39m[Mock Data] Question subscription added. Total subscriptions: 1
[90mstdout[2m | src/stories/Header.stories.ts[2m > [22m[2mLogged Out
[22m[39m[FilesContext] Initializing vector store from IndexedDB
[90mstdout[2m | src/stories/Header.stories.ts[2m > [22m[2mLogged Out
[22m[39m[FilesContext] fetchFiles called
[90mstdout[2m | src/stories/Header.stories.ts[2m > [22m[2mLogged Out
[22m[39m[FilesContext] User authenticated: mock-user-sub
[90mstdout[2m | src/stories/Header.stories.ts[2m > [22m[2mLogged Out
[22m[39m[FilesContext] Identity ID: us-east-1:mock-identity-123
[90mstdout[2m | src/stories/Header.stories.ts[2m > [22m[2mLogged Out
[22m[39m[FilesContext] About to subscribe to File model
[90mstdout[2m | src/stories/Header.stories.ts[2m > [22m[2mLogged Out
[22m[39m[Mock Data] generateClient() called - returning mock client
[90mstdout[2m | src/stories/Header.stories.ts[2m > [22m[2mLogged Out
[22m[39m[Mock amplifyClient] getAmplifyClient() called - returning mock client
[90mstdout[2m | src/stories/Header.stories.ts[2m > [22m[2mLogged Out
[22m[39m[Mock Data] File.observeQuery() called with filter: undefined
[90mstdout[2m | src/stories/Header.stories.ts[2m > [22m[2mLogged Out
[22m[39m[Mock Data] File.observeQuery() returning 6 items (filter applied) undefined
[90mstdout[2m | src/stories/Header.stories.ts[2m > [22m[2mLogged Out
[22m[39m[Mock Data] File subscription added. Total subscriptions: 1
[90mstdout[2m | src/stories/Header.stories.ts[2m > [22m[2mLogged Out
[22m[39m[Mock Data] generateClient() called - returning mock client
[90mstdout[2m | src/stories/Header.stories.ts[2m > [22m[2mLogged Out
[22m[39m[Mock amplifyClient] getAmplifyClient() called - returning mock client
[90mstdout[2m | src/stories/Header.stories.ts[2m > [22m[2mLogged Out
[22m[39m[Mock Data] Document.observeQuery() called with filter: undefined
[90mstdout[2m | src/stories/Header.stories.ts[2m > [22m[2mLogged Out
[22m[39m[Mock Data] Document.observeQuery() returning 0 items (filter applied) undefined
[90mstdout[2m | src/stories/Header.stories.ts[2m > [22m[2mLogged Out
[22m[39m[Mock Data] Document subscription added. Total subscriptions: 1
[90mstdout[2m | src/stories/Header.stories.ts[2m > [22m[2mLogged Out
[22m[39m[ChatContext] Setting up observeQuery for AssistantChat
[90mstdout[2m | src/stories/Header.stories.ts[2m > [22m[2mLogged Out
[22m[39m[Mock Data] AssistantChat.observeQuery() called with filter: {
  "sortDirection": "DESC",
  "sortField": "createdAt",
}
[90mstdout[2m | src/stories/Header.stories.ts[2m > [22m[2mLogged Out
[22m[39m[Mock Data] AssistantChat.observeQuery() returning 1 items (filter applied) {
  "sortDirection": "DESC",
  "sortField": "createdAt",
}
[90mstdout[2m | src/stories/Header.stories.ts[2m > [22m[2mLogged Out
[22m[39m[Mock Data] AssistantChat subscription added. Total subscriptions: 1
[90mstdout[2m | src/stories/Header.stories.ts[2m > [22m[2mLogged Out
[22m[39m[ChatContext] Waiting for subscription to initialize
[90mstdout[2m | src/stories/Header.stories.ts[2m > [22m[2mLogged Out
[22m[39m[SettingsContext] Setting up Settings subscription for user: mock-user-sub
[90mstdout[2m | src/stories/Header.stories.ts[2m > [22m[2mLogged Out
[22m[39m[Mock Data] generateClient() called - returning mock client
[90mstdout[2m | src/stories/Header.stories.ts[2m > [22m[2mLogged Out
[22m[39m[Mock amplifyClient] getAmplifyClient() called - returning mock client
[90mstdout[2m | src/stories/Header.stories.ts[2m > [22m[2mLogged Out
[22m[39m[Mock Data] Settings.observeQuery() called with filter: undefined
[90mstdout[2m | src/stories/Header.stories.ts[2m > [22m[2mLogged Out
[22m[39m[Mock Data] Settings.observeQuery() returning 0 items (filter applied) undefined
[90mstdout[2m | src/stories/Header.stories.ts[2m > [22m[2mLogged Out
[22m[39m[Mock Data] Settings subscription added. Total subscriptions: 1
[90mstdout[2m | src/stories/Header.stories.ts[2m > [22m[2mLogged Out
[22m[39m[SectionContext] Initial sections: 0 []
[90mstdout[2m | src/stories/Header.stories.ts[2m > [22m[2mLogged Out
[22m[39m[Mock Data] Section.onCreate() called with filter: undefined
[90mstdout[2m | src/stories/Header.stories.ts[2m > [22m[2mLogged Out
[22m[39m[Mock Data] Section.onCreate() subscription added. Total: 1
[90mstdout[2m | src/stories/Header.stories.ts[2m > [22m[2mLogged Out
[22m[39m[Mock Data] Section.onUpdate() called with filter: undefined
[90mstdout[2m | src/stories/Header.stories.ts[2m > [22m[2mLogged Out
[22m[39m[Mock Data] Section.onUpdate() subscription added. Total: 1
[90mstdout[2m | src/stories/Header.stories.ts[2m > [22m[2mLogged Out
[22m[39m[Mock Data] Section.onDelete() called with filter: undefined
[90mstdout[2m | src/stories/Header.stories.ts[2m > [22m[2mLogged Out
[22m[39m[Mock Data] Section.onDelete() subscription added. Total: 1
[90mstdout[2m | src/stories/Header.stories.ts[2m > [22m[2mLogged Out
[22m[39m[Mock Data] Assignment.onCreate() called with filter: {
  "filter": {
    "unitID": {
      "eq": "mock-unit-id",
    },
  },
}
[90mstdout[2m | src/stories/Header.stories.ts[2m > [22m[2mLogged Out
[22m[39m[Mock Data] Assignment.onCreate() subscription added. Total: 1
[90mstdout[2m | src/stories/Header.stories.ts[2m > [22m[2mLogged Out
[22m[39m[Mock Data] Assignment.onUpdate() called with filter: {
  "filter": {
    "unitID": {
      "eq": "mock-unit-id",
    },
  },
}
[90mstdout[2m | src/stories/Header.stories.ts[2m > [22m[2mLogged Out
[22m[39m[Mock Data] Assignment.onUpdate() subscription added. Total: 1
[90mstdout[2m | src/stories/Header.stories.ts[2m > [22m[2mLogged Out
[22m[39m[Mock Data] Assignment.onDelete() called with filter: {
  "filter": {
    "unitID": {
      "eq": "mock-unit-id",
    },
  },
}
[90mstdout[2m | src/stories/Header.stories.ts[2m > [22m[2mLogged Out
[22m[39m[Mock Data] Assignment.onDelete() subscription added. Total: 1
[90mstdout[2m | src/stories/Header.stories.ts[2m > [22m[2mLogged Out
[22m[39m[FilesContext] File observeQuery subscription triggered:
[90mstdout[2m | src/stories/Header.stories.ts[2m > [22m[2mLogged Out
[22m[39m  - items.length: 6
[90mstdout[2m | src/stories/Header.stories.ts[2m > [22m[2mLogged Out
[22m[39m  - isSynced: true
[90mstdout[2m | src/stories/Header.stories.ts[2m > [22m[2mLogged Out
[22m[39m  - items: [
  {
    "_deleted": null,
    "_lastChangedAt": 1767711773285,
    "_version": 1,
    "byHex": null,
    "createdAt": "2026-01-06T15:02:53.253Z",
    "description": "Japanese language textbook - Chapter 1",
    "document": Promise {},
    "documentID": "e01017e1-fe7a-4521-b71c-09ec31b18639",
    "duration": null,
    "embedding": null,
    "generated": null,
    "hex": null,
    "id": "a57d7833-5fa7-4cb7-8b7a-ce7c6e10e551",
    "identityId": "us-east-1:b0eadde9-f02c-c71b-17a6-22ffd37d89c8",
    "key": "files/Japanese Wind 1.pdf",
    "level": "protected",
    "mimeType": "application/pdf",
    "model": null,
    "name": "Japanese Wind 1.pdf",
    "owner": "64d81418-7021-701d-9fed-a4c2e0735711",
    "parsedContent": [Function anonymous],
    "parsedContentID": null,
    "path": "files/Japanese Wind 1.pdf",
    "prompt": null,
    "size": 4706654,
    "thumbnail": null,
    "type": "pdf",
    "updatedAt": "2026-01-06T15:02:53.253Z",
    "variant": null,
    "waveformData": null,
  },
  {
    "_version": 2,
    "createdAt": "2026-01-15T10:00:00.000Z",
    "description": "Sample report with vocabulary",
    "document": Promise {},
    "documentID": "cd824b5b-2c66-41f8-8571-aa6794ff590c",
    "generated": false,
    "id": "mock-pdf-file-2",
    "identityId": "us-east-1:mock-identity",
    "key": "files/report.pdf",
    "level": "protected",
    "mimeType": "application/pdf",
    "name": "report.pdf",
    "owner": "mock-user-id",
    "parsedContent": [Function anonymous],
    "path": "files/report.pdf",
    "size": 123456,
    "type": "pdf",
    "updatedAt": "2026-01-15T10:30:00.000Z",
  },
  {
    "_version": 3,
    "createdAt": "2026-01-14T08:00:00.000Z",
    "description": "Vocabulary lesson PDF with extracted content",
    "document": Promise {},
    "documentID": "mock-document-3",
    "generated": false,
    "id": "mock-pdf-file-3",
    "identityId": "us-east-1:mock-identity",
    "key": "files/vocabulary-lesson.pdf",
    "level": "public",
    "mimeType": "application/pdf",
    "name": "vocabulary-lesson.pdf",
    "owner": "mock-user-id",
    "parsedContent": [Function anonymous],
    "path": "files/vocabulary-lesson.pdf",
    "size": 567890,
    "type": "pdf",
    "updatedAt": "2026-01-14T08:45:00.000Z",
  },
  {
    "_version": 1,
    "createdAt": "2026-01-20T10:00:00.000Z",
    "description": "Sample pronunciation audio",
    "documentID": null,
    "duration": 3.5,
    "generated": true,
    "id": "mock-audio-file-1",
    "identityId": "us-east-1:mock-identity",
    "key": "audio/pronunciation-demo.mp3",
    "level": "public",
    "mimeType": "audio/mpeg",
    "name": "pronunciation-demo.mp3",
    "owner": "mock-user-id",
    "parsedContent": [Function anonymous],
    "path": "/story-mocks/cinematic-designed-sci-fi-whoosh-transition-nexawave-228295.mp3",
    "size": 56789,
    "type": "audio",
    "updatedAt": "2026-01-20T10:00:00.000Z",
    "waveformData": null,
  },
  {
    "_version": 1,
    "createdAt": "2026-01-19T14:30:00.000Z",
    "description": "Lesson introduction audio",
    "documentID": null,
    "duration": 5.2,
    "generated": false,
    "id": "mock-audio-file-2",
    "identityId": "us-east-1:mock-identity",
    "key": "audio/lesson-intro.mp3",
    "level": "public",
    "mimeType": "audio/mpeg",
    "name": "lesson-intro.mp3",
    "owner": "mock-user-id",
    "parsedContent": [Function anonymous],
    "path": "/story-mocks/descent-whoosh-long-cinematic-sound-effect-405921.mp3",
    "size": 87654,
    "type": "audio",
    "updatedAt": "2026-01-19T14:30:00.000Z",
    "waveformData": null,
  },
  {
    "_version": 1,
    "createdAt": "2026-01-18T09:15:00.000Z",
    "description": "Hiragana character chart",
    "documentID": null,
    "generated": false,
    "id": "mock-image-file-1",
    "identityId": "us-east-1:mock-identity",
    "key": "images/hiragana-chart.png",
    "level": "public",
    "mimeType": "image/png",
    "name": "hiragana-chart.png",
    "owner": "mock-user-id",
    "parsedContent": [Function anonymous],
    "path": "images/hiragana-chart.png",
    "size": 234567,
    "thumbnail": "thumbnails/hiragana-chart-thumb.png",
    "type": "image",
    "updatedAt": "2026-01-18T09:15:00.000Z",
  },
]
[90mstdout[2m | src/stories/Header.stories.ts[2m > [22m[2mLogged Out
[22m[39m[ChatContext] AssistantChat query update: 1 items (synced)
[90mstdout[2m | src/stories/Header.stories.ts[2m > [22m[2mLogged Out
[22m[39m[ChatContext] First item details: {
  "id": "mock-assistant-chat-1",
  "updatedAt": "2024-01-26T10:15:00.000Z",
}
[90mstdout[2m | src/stories/Header.stories.ts[2m > [22m[2mLogged Out
[22m[39m[ChatContext] AssistantChat subscription initialized
[90mstdout[2m | src/stories/Header.stories.ts[2m > [22m[2mLogged Out
[22m[39m[ChatContext] AssistantChat list updated: 1 chats
[90mstdout[2m | src/stories/Header.stories.ts[2m > [22m[2mLogged Out
[22m[39m[ChatContext] Setting initial chat: mock-assistant-chat-1
[90mstdout[2m | src/stories/Header.stories.ts[2m > [22m[2mLogged Out
[22m[39m[FilesContext] Files count changed: 0 → 6
[90mstdout[2m | src/stories/Header.stories.ts[2m > [22m[2mLogged Out
[22m[39m[MOCK CourseVectorStore] Initialized with mock data
[90mstdout[2m | src/stories/Header.stories.ts[2m > [22m[2mLogged Out
[22m[39m[MOCK CourseVectorStore] Initialized with mock data
[90mstdout[2m | src/stories/Header.stories.ts[2m > [22m[2mLogged Out
[22m[39m[Mock Data] Settings.create() called with: {
  "assistantVoice": "shimmer",
  "autoAnalyzeDocuments": true,
  "defaultAIModel": "gpt-4",
  "documentAnalysisModel": "gpt-4",
  "editorFontSize": 14,
  "editorTheme": "auto",
  "emailNotifications": true,
  "language": "en",
  "webhookNotifications": false,
}
[90mstdout[2m | src/stories/Header.stories.ts[2m > [22m[2mLogged Out
[22m[39m[Mock Data] Settings created: mock-settings-1776336999577 - notified 1 subscribers
[90mstdout[2m | src/stories/Header.stories.ts[2m > [22m[2mLogged Out
[22m[39m[FilesContext] Vector store population triggered {
  "currentVectorStoreSize": 3,
  "documentsCount": 0,
  "filesCount": 6,
  "isInitialLoad": true,
}
[90mstdout[2m | src/stories/Header.stories.ts[2m > [22m[2mLogged Out
[22m[39m[FilesContext] Vector store population complete - 3 total embeddings
[90mstdout[2m | src/stories/Header.stories.ts[2m > [22m[2mLogged Out
[22m[39m[ChatContext] Chat exists and not archived, skipping creation
 [32m✓[39m [30m[45m storybook (chromium) [49m[39m src/stories/Header.stories.ts [2m([22m[2m2 tests[22m[2m)[22m[32m 274[2mms[22m[39m
[2m3:56:44 AM[22m [36m[1m[vite][22m[39m (client) ✨ new dependencies optimized: @mui/icons-material/EmojiEvents, @mui/icons-material/RadioButtonUnchecked
[2m3:56:44 AM[22m [36m[1m[vite][22m[39m (client) ✨ optimized dependencies changed. reloading
[33m
[1m[vitest][22m Vite unexpectedly reloaded a test. This may cause tests to fail, lead to flaky behaviour or duplicated test runs.
[39m[33mFor a stable experience, please add mentioned dependencies to your config's [1m`optimizeDeps.include`[22m field manually.

[39m
[90mstdout[2m | src/stories/KeyboardShortcutTrainer.stories.tsx[2m > [22m[2mDefault
[22m[39m[Mock Data] Settings subscription unsubscribed. Remaining: 0
[90mstdout[2m | src/stories/KeyboardShortcutTrainer.stories.tsx[2m > [22m[2mDefault
[22m[39m[ChatContext] Cleaning up subscription
[90mstdout[2m | src/stories/KeyboardShortcutTrainer.stories.tsx[2m > [22m[2mDefault
[22m[39m[Mock Data] AssistantChat subscription unsubscribed. Remaining: 0
[90mstdout[2m | src/stories/KeyboardShortcutTrainer.stories.tsx[2m > [22m[2mDefault
[22m[39m[Mock Data] File subscription unsubscribed. Remaining: 0
[90mstdout[2m | src/stories/KeyboardShortcutTrainer.stories.tsx[2m > [22m[2mDefault
[22m[39m[Mock Data] Document subscription unsubscribed. Remaining: 0
[90mstdout[2m | src/stories/KeyboardShortcutTrainer.stories.tsx[2m > [22m[2mDefault
[22m[39m[Mock Data] Word subscription unsubscribed. Remaining: 0
[90mstdout[2m | src/stories/KeyboardShortcutTrainer.stories.tsx[2m > [22m[2mDefault
[22m[39m[Mock Data] Question subscription unsubscribed. Remaining: 0
[90mstdout[2m | src/stories/KeyboardShortcutTrainer.stories.tsx[2m > [22m[2mDefault
[22m[39m[Mock Data] Grade subscription unsubscribed. Remaining: 0
[90mstdout[2m | src/stories/KeyboardShortcutTrainer.stories.tsx[2m > [22m[2mDefault
[22m[39m[Mock Data] Unit subscription unsubscribed. Remaining: 0
[90mstdout[2m | src/stories/KeyboardShortcutTrainer.stories.tsx[2m > [22m[2mDefault
[22m[39m[SectionContext] Cleaning up subscriptions
[90mstdout[2m | src/stories/KeyboardShortcutTrainer.stories.tsx[2m > [22m[2mDefault
[22m[39m[Mock Data] Section.onCreate() subscription removed. Remaining: 0
[90mstdout[2m | src/stories/KeyboardShortcutTrainer.stories.tsx[2m > [22m[2mDefault
[22m[39m[Mock Data] Section.onUpdate() subscription removed. Remaining: 0
[90mstdout[2m | src/stories/KeyboardShortcutTrainer.stories.tsx[2m > [22m[2mDefault
[22m[39m[Mock Data] Section.onDelete() subscription removed. Remaining: 0
[90mstdout[2m | src/stories/KeyboardShortcutTrainer.stories.tsx[2m > [22m[2mDefault
[22m[39m[Mock Data] Assignment.onCreate() subscription removed. Remaining: 0
[90mstdout[2m | src/stories/KeyboardShortcutTrainer.stories.tsx[2m > [22m[2mDefault
[22m[39m[Mock Data] Assignment.onUpdate() subscription removed. Remaining: 0
[90mstdout[2m | src/stories/KeyboardShortcutTrainer.stories.tsx[2m > [22m[2mDefault
[22m[39m[Mock Data] Assignment.onDelete() subscription removed. Remaining: 0
[90mstdout[2m | src/stories/KeyboardShortcutTrainer.stories.tsx[2m > [22m[2mDefault
[22m[39m[Mock Data] Clearing all data stores
[90mstdout[2m | src/stories/KeyboardShortcutTrainer.stories.tsx[2m > [22m[2mDefault
[22m[39m[Mock Data] All data stores cleared
[90mstdout[2m | src/stories/KeyboardShortcutTrainer.stories.tsx[2m > [22m[2mDefault
[22m[39m[Preview] Cleared mock data for story
[90mstdout[2m | src/stories/KeyboardShortcutTrainer.stories.tsx[2m > [22m[2mDefault
[22m[39m[Mock Data Gen 2] Initializing mock data
[90mstdout[2m | src/stories/KeyboardShortcutTrainer.stories.tsx[2m > [22m[2mDefault
[22m[39m[Mock Data] seedMockAssistantChats: Replacing with 1 assistant chats
[90mstdout[2m | src/stories/KeyboardShortcutTrainer.stories.tsx[2m > [22m[2mDefault
[22m[39m[Mock Data Gen 2] Seeded AssistantChat: mock-assistant-chat-1
[90mstdout[2m | src/stories/KeyboardShortcutTrainer.stories.tsx[2m > [22m[2mDefault
[22m[39m[Mock Data] seedMockFiles: Adding 6 files
[90mstdout[2m | src/stories/KeyboardShortcutTrainer.stories.tsx[2m > [22m[2mDefault
[22m[39m[Mock Data Gen 2] Seeded Files: 6
[90mstdout[2m | src/stories/KeyboardShortcutTrainer.stories.tsx[2m > [22m[2mDefault
[22m[39m[Mock Data Gen 2] Initializing mock data
[90mstdout[2m | src/stories/KeyboardShortcutTrainer.stories.tsx[2m > [22m[2mDefault
[22m[39m[Mock Data] seedMockAssistantChats: Replacing with 1 assistant chats
[90mstdout[2m | src/stories/KeyboardShortcutTrainer.stories.tsx[2m > [22m[2mDefault
[22m[39m[Mock Data Gen 2] Seeded AssistantChat: mock-assistant-chat-1
[90mstdout[2m | src/stories/KeyboardShortcutTrainer.stories.tsx[2m > [22m[2mDefault
[22m[39m[Mock Data] seedMockFiles: Adding 6 files
[90mstdout[2m | src/stories/KeyboardShortcutTrainer.stories.tsx[2m > [22m[2mDefault
[22m[39m[Mock Data Gen 2] Seeded Files: 6
[90mstdout[2m | src/stories/KeyboardShortcutTrainer.stories.tsx[2m > [22m[2mDefault
[22m[39m[Preview] Initialized default mock data for story
[90mstdout[2m | src/stories/KeyboardShortcutTrainer.stories.tsx[2m > [22m[2mDefault
[22m[39m[Mock AuthContext] Providing auth: {
  "error": undefined,
  "isLoading": false,
  "session": {
    "idToken": {
      "toString": [Function toString],
    },
    "identityId": "us-east-1:mock-identity-123",
    "username": "mock-user-sub",
  },
  "user": {
    "attributes": {
      "email": "alice@example.com",
      "name": "Alice Student",
      "sub": "mock-user-sub",
    },
  },
}
[90mstdout[2m | src/stories/KeyboardShortcutTrainer.stories.tsx[2m > [22m[2mDefault
[22m[39m[Mock Data] generateClient() called - returning mock client
[90mstdout[2m | src/stories/KeyboardShortcutTrainer.stories.tsx[2m > [22m[2mDefault
[22m[39m[Mock amplifyClient] getAmplifyClient() called - returning mock client
[90mstdout[2m | src/stories/KeyboardShortcutTrainer.stories.tsx[2m > [22m[2mDefault
[22m[39m[MOCK CourseVectorStore] Initialized with mock data
[90mstdout[2m | src/stories/KeyboardShortcutTrainer.stories.tsx[2m > [22m[2mDefault
[22m[39m[TranslationModeController] Setting mode to: off
[90mstdout[2m | src/stories/KeyboardShortcutTrainer.stories.tsx[2m > [22m[2mDefault
[22m[39m[SectionContext] useEffect triggered {
  "authLoading": false,
  "hasUser": true,
  "userSub": "mock-user-sub",
}
[90mstdout[2m | src/stories/KeyboardShortcutTrainer.stories.tsx[2m > [22m[2mDefault
[22m[39m[SectionContext] Fetching sections for userId: mock-user-sub
[90mstdout[2m | src/stories/KeyboardShortcutTrainer.stories.tsx[2m > [22m[2mDefault
[22m[39m[Mock Data] generateClient() called - returning mock client
[90mstdout[2m | src/stories/KeyboardShortcutTrainer.stories.tsx[2m > [22m[2mDefault
[22m[39m[Mock amplifyClient] getAmplifyClient() called - returning mock client
[90mstdout[2m | src/stories/KeyboardShortcutTrainer.stories.tsx[2m > [22m[2mDefault
[22m[39m[Mock Data] Section.list() called with options: undefined
[90mstdout[2m | src/stories/KeyboardShortcutTrainer.stories.tsx[2m > [22m[2mDefault
[22m[39m[Mock Data] generateClient() called - returning mock client
[90mstdout[2m | src/stories/KeyboardShortcutTrainer.stories.tsx[2m > [22m[2mDefault
[22m[39m[Mock amplifyClient] getAmplifyClient() called - returning mock client
[90mstdout[2m | src/stories/KeyboardShortcutTrainer.stories.tsx[2m > [22m[2mDefault
[22m[39m[Mock Data] Assignment.list() called with options: {
  "filter": {
    "unitID": {
      "eq": "mock-unit-id",
    },
  },
}
[90mstdout[2m | src/stories/KeyboardShortcutTrainer.stories.tsx[2m > [22m[2mDefault
[22m[39m[Mock Data] generateClient() called - returning mock client
[90mstdout[2m | src/stories/KeyboardShortcutTrainer.stories.tsx[2m > [22m[2mDefault
[22m[39m[Mock amplifyClient] getAmplifyClient() called - returning mock client
[90mstdout[2m | src/stories/KeyboardShortcutTrainer.stories.tsx[2m > [22m[2mDefault
[22m[39m[Mock Data] Grade.observeQuery() called with filter: {
  "filter": {
    "unitID": {
      "eq": "mock-unit-id",
    },
  },
}
[90mstdout[2m | src/stories/KeyboardShortcutTrainer.stories.tsx[2m > [22m[2mDefault
[22m[39m[Mock Data] Grade.observeQuery() applying filter: {
  "unitID": {
    "eq": "mock-unit-id",
  },
}
[90mstdout[2m | src/stories/KeyboardShortcutTrainer.stories.tsx[2m > [22m[2mDefault
[22m[39m[Mock Data] Grade.observeQuery() items before filter: 0
[90mstdout[2m | src/stories/KeyboardShortcutTrainer.stories.tsx[2m > [22m[2mDefault
[22m[39m[Mock Data] Grade.observeQuery() items after filter: 0
[90mstdout[2m | src/stories/KeyboardShortcutTrainer.stories.tsx[2m > [22m[2mDefault
[22m[39m[Mock Data] Grade.observeQuery() returning 0 items (filter applied) {
  "filter": {
    "unitID": {
      "eq": "mock-unit-id",
    },
  },
}
[90mstdout[2m | src/stories/KeyboardShortcutTrainer.stories.tsx[2m > [22m[2mDefault
[22m[39m[Mock Data] Grade subscription added. Total subscriptions: 1
[90mstdout[2m | src/stories/KeyboardShortcutTrainer.stories.tsx[2m > [22m[2mDefault
[22m[39m[UnitContext] useEffect triggered {
  "authLoading": false,
  "hasUser": true,
  "id": "mock-unit-id",
  "userSub": "mock-user-sub",
}
[90mstdout[2m | src/stories/KeyboardShortcutTrainer.stories.tsx[2m > [22m[2mDefault
[22m[39m[UnitContext] Fetching unit data for id: mock-unit-id
[90mstdout[2m | src/stories/KeyboardShortcutTrainer.stories.tsx[2m > [22m[2mDefault
[22m[39m[Mock Data] generateClient() called - returning mock client
[90mstdout[2m | src/stories/KeyboardShortcutTrainer.stories.tsx[2m > [22m[2mDefault
[22m[39m[Mock amplifyClient] getAmplifyClient() called - returning mock client
[90mstdout[2m | src/stories/KeyboardShortcutTrainer.stories.tsx[2m > [22m[2mDefault
[22m[39m[Mock Data] Unit.observeQuery() called with filter: {
  "filter": {
    "id": {
      "eq": "mock-unit-id",
    },
  },
}
[90mstdout[2m | src/stories/KeyboardShortcutTrainer.stories.tsx[2m > [22m[2mDefault
[22m[39m[Mock Data] Unit.observeQuery() applying filter: {
  "id": {
    "eq": "mock-unit-id",
  },
}
[90mstdout[2m | src/stories/KeyboardShortcutTrainer.stories.tsx[2m > [22m[2mDefault
[22m[39m[Mock Data] Unit.observeQuery() items before filter: 0
[90mstdout[2m | src/stories/KeyboardShortcutTrainer.stories.tsx[2m > [22m[2mDefault
[22m[39m[Mock Data] Unit.observeQuery() items after filter: 0
[90mstdout[2m | src/stories/KeyboardShortcutTrainer.stories.tsx[2m > [22m[2mDefault
[22m[39m[Mock Data] Unit.observeQuery() returning 0 items (filter applied) {
  "filter": {
    "id": {
      "eq": "mock-unit-id",
    },
  },
}
[90mstdout[2m | src/stories/KeyboardShortcutTrainer.stories.tsx[2m > [22m[2mDefault
[22m[39m[Mock Data] Unit subscription added. Total subscriptions: 1
[90mstdout[2m | src/stories/KeyboardShortcutTrainer.stories.tsx[2m > [22m[2mDefault
[22m[39m[Mock Data] generateClient() called - returning mock client
[90mstdout[2m | src/stories/KeyboardShortcutTrainer.stories.tsx[2m > [22m[2mDefault
[22m[39m[Mock amplifyClient] getAmplifyClient() called - returning mock client
[90mstdout[2m | src/stories/KeyboardShortcutTrainer.stories.tsx[2m > [22m[2mDefault
[22m[39m[Mock Data] Word.observeQuery() called with filter: undefined
[90mstdout[2m | src/stories/KeyboardShortcutTrainer.stories.tsx[2m > [22m[2mDefault
[22m[39m[Mock Data] Word.observeQuery() returning 0 items (filter applied) undefined
[90mstdout[2m | src/stories/KeyboardShortcutTrainer.stories.tsx[2m > [22m[2mDefault
[22m[39m[Mock Data] Word subscription added. Total subscriptions: 1
[90mstdout[2m | src/stories/KeyboardShortcutTrainer.stories.tsx[2m > [22m[2mDefault
[22m[39m[Mock Data] generateClient() called - returning mock client
[90mstdout[2m | src/stories/KeyboardShortcutTrainer.stories.tsx[2m > [22m[2mDefault
[22m[39m[Mock amplifyClient] getAmplifyClient() called - returning mock client
[90mstdout[2m | src/stories/KeyboardShortcutTrainer.stories.tsx[2m > [22m[2mDefault
[22m[39m[Mock Data] Question.observeQuery() called with filter: undefined
[90mstdout[2m | src/stories/KeyboardShortcutTrainer.stories.tsx[2m > [22m[2mDefault
[22m[39m[Mock Data] Question.observeQuery() returning 0 items (filter applied) undefined
[90mstdout[2m | src/stories/KeyboardShortcutTrainer.stories.tsx[2m > [22m[2mDefault
[22m[39m[Mock Data] Question subscription added. Total subscriptions: 1
[90mstdout[2m | src/stories/KeyboardShortcutTrainer.stories.tsx[2m > [22m[2mDefault
[22m[39m[FilesContext] Initializing vector store from IndexedDB
[90mstdout[2m | src/stories/KeyboardShortcutTrainer.stories.tsx[2m > [22m[2mDefault
[22m[39m[FilesContext] fetchFiles called
[90mstdout[2m | src/stories/KeyboardShortcutTrainer.stories.tsx[2m > [22m[2mDefault
[22m[39m[FilesContext] User authenticated: mock-user-sub
[90mstdout[2m | src/stories/KeyboardShortcutTrainer.stories.tsx[2m > [22m[2mDefault
[22m[39m[FilesContext] Identity ID: us-east-1:mock-identity-123
[90mstdout[2m | src/stories/KeyboardShortcutTrainer.stories.tsx[2m > [22m[2mDefault
[22m[39m[FilesContext] About to subscribe to File model
[90mstdout[2m | src/stories/KeyboardShortcutTrainer.stories.tsx[2m > [22m[2mDefault
[22m[39m[Mock Data] generateClient() called - returning mock client
[90mstdout[2m | src/stories/KeyboardShortcutTrainer.stories.tsx[2m > [22m[2mDefault
[22m[39m[Mock amplifyClient] getAmplifyClient() called - returning mock client
[90mstdout[2m | src/stories/KeyboardShortcutTrainer.stories.tsx[2m > [22m[2mDefault
[22m[39m[Mock Data] File.observeQuery() called with filter: undefined
[90mstdout[2m | src/stories/KeyboardShortcutTrainer.stories.tsx[2m > [22m[2mDefault
[22m[39m[Mock Data] File.observeQuery() returning 6 items (filter applied) undefined
[90mstdout[2m | src/stories/KeyboardShortcutTrainer.stories.tsx[2m > [22m[2mDefault
[22m[39m[Mock Data] File subscription added. Total subscriptions: 1
[90mstdout[2m | src/stories/KeyboardShortcutTrainer.stories.tsx[2m > [22m[2mDefault
[22m[39m[Mock Data] generateClient() called - returning mock client
[90mstdout[2m | src/stories/KeyboardShortcutTrainer.stories.tsx[2m > [22m[2mDefault
[22m[39m[Mock amplifyClient] getAmplifyClient() called - returning mock client
[90mstdout[2m | src/stories/KeyboardShortcutTrainer.stories.tsx[2m > [22m[2mDefault
[22m[39m[Mock Data] Document.observeQuery() called with filter: undefined
[90mstdout[2m | src/stories/KeyboardShortcutTrainer.stories.tsx[2m > [22m[2mDefault
[22m[39m[Mock Data] Document.observeQuery() returning 0 items (filter applied) undefined
[90mstdout[2m | src/stories/KeyboardShortcutTrainer.stories.tsx[2m > [22m[2mDefault
[22m[39m[Mock Data] Document subscription added. Total subscriptions: 1
[90mstdout[2m | src/stories/KeyboardShortcutTrainer.stories.tsx[2m > [22m[2mDefault
[22m[39m[ChatContext] Setting up observeQuery for AssistantChat
[90mstdout[2m | src/stories/KeyboardShortcutTrainer.stories.tsx[2m > [22m[2mDefault
[22m[39m[Mock Data] AssistantChat.observeQuery() called with filter: {
  "sortDirection": "DESC",
  "sortField": "createdAt",
}
[90mstdout[2m | src/stories/KeyboardShortcutTrainer.stories.tsx[2m > [22m[2mDefault
[22m[39m[Mock Data] AssistantChat.observeQuery() returning 1 items (filter applied) {
  "sortDirection": "DESC",
  "sortField": "createdAt",
}
[90mstdout[2m | src/stories/KeyboardShortcutTrainer.stories.tsx[2m > [22m[2mDefault
[22m[39m[Mock Data] AssistantChat subscription added. Total subscriptions: 1
[90mstdout[2m | src/stories/KeyboardShortcutTrainer.stories.tsx[2m > [22m[2mDefault
[22m[39m[ChatContext] Waiting for subscription to initialize
[90mstdout[2m | src/stories/KeyboardShortcutTrainer.stories.tsx[2m > [22m[2mDefault
[22m[39m[SettingsContext] Setting up Settings subscription for user: mock-user-sub
[90mstdout[2m | src/stories/KeyboardShortcutTrainer.stories.tsx[2m > [22m[2mDefault
[22m[39m[Mock Data] generateClient() called - returning mock client
[90mstdout[2m | src/stories/KeyboardShortcutTrainer.stories.tsx[2m > [22m[2mDefault
[22m[39m[Mock amplifyClient] getAmplifyClient() called - returning mock client
[90mstdout[2m | src/stories/KeyboardShortcutTrainer.stories.tsx[2m > [22m[2mDefault
[22m[39m[Mock Data] Settings.observeQuery() called with filter: undefined
[90mstdout[2m | src/stories/KeyboardShortcutTrainer.stories.tsx[2m > [22m[2mDefault
[22m[39m[Mock Data] Settings.observeQuery() returning 0 items (filter applied) undefined
[90mstdout[2m | src/stories/KeyboardShortcutTrainer.stories.tsx[2m > [22m[2mDefault
[22m[39m[Mock Data] Settings subscription added. Total subscriptions: 1
[90mstdout[2m | src/stories/KeyboardShortcutTrainer.stories.tsx[2m > [22m[2mDefault
[22m[39m[SectionContext] Initial sections: 0 []
[90mstdout[2m | src/stories/KeyboardShortcutTrainer.stories.tsx[2m > [22m[2mDefault
[22m[39m[Mock Data] Section.onCreate() called with filter: undefined
[90mstdout[2m | src/stories/KeyboardShortcutTrainer.stories.tsx[2m > [22m[2mDefault
[22m[39m[Mock Data] Section.onCreate() subscription added. Total: 1
[90mstdout[2m | src/stories/KeyboardShortcutTrainer.stories.tsx[2m > [22m[2mDefault
[22m[39m[Mock Data] Section.onUpdate() called with filter: undefined
[90mstdout[2m | src/stories/KeyboardShortcutTrainer.stories.tsx[2m > [22m[2mDefault
[22m[39m[Mock Data] Section.onUpdate() subscription added. Total: 1
[90mstdout[2m | src/stories/KeyboardShortcutTrainer.stories.tsx[2m > [22m[2mDefault
[22m[39m[Mock Data] Section.onDelete() called with filter: undefined
[90mstdout[2m | src/stories/KeyboardShortcutTrainer.stories.tsx[2m > [22m[2mDefault
[22m[39m[Mock Data] Section.onDelete() subscription added. Total: 1
[90mstdout[2m | src/stories/KeyboardShortcutTrainer.stories.tsx[2m > [22m[2mDefault
[22m[39m[Mock Data] Assignment.onCreate() called with filter: {
  "filter": {
    "unitID": {
      "eq": "mock-unit-id",
    },
  },
}
[90mstdout[2m | src/stories/KeyboardShortcutTrainer.stories.tsx[2m > [22m[2mDefault
[22m[39m[Mock Data] Assignment.onCreate() subscription added. Total: 1
[90mstdout[2m | src/stories/KeyboardShortcutTrainer.stories.tsx[2m > [22m[2mDefault
[22m[39m[Mock Data] Assignment.onUpdate() called with filter: {
  "filter": {
    "unitID": {
      "eq": "mock-unit-id",
    },
  },
}
[90mstdout[2m | src/stories/KeyboardShortcutTrainer.stories.tsx[2m > [22m[2mDefault
[22m[39m[Mock Data] Assignment.onUpdate() subscription added. Total: 1
[90mstdout[2m | src/stories/KeyboardShortcutTrainer.stories.tsx[2m > [22m[2mDefault
[22m[39m[Mock Data] Assignment.onDelete() called with filter: {
  "filter": {
    "unitID": {
      "eq": "mock-unit-id",
    },
  },
}
[90mstdout[2m | src/stories/KeyboardShortcutTrainer.stories.tsx[2m > [22m[2mDefault
[22m[39m[Mock Data] Assignment.onDelete() subscription added. Total: 1
[90mstdout[2m | src/stories/KeyboardShortcutTrainer.stories.tsx[2m > [22m[2mDefault
[22m[39m[FilesContext] File observeQuery subscription triggered:
[90mstdout[2m | src/stories/KeyboardShortcutTrainer.stories.tsx[2m > [22m[2mDefault
[22m[39m  - items.length: 6
[90mstdout[2m | src/stories/KeyboardShortcutTrainer.stories.tsx[2m > [22m[2mDefault
[22m[39m  - isSynced: true
[90mstdout[2m | src/stories/KeyboardShortcutTrainer.stories.tsx[2m > [22m[2mDefault
[22m[39m  - items: [
  {
    "_deleted": null,
    "_lastChangedAt": 1767711773285,
    "_version": 1,
    "byHex": null,
    "createdAt": "2026-01-06T15:02:53.253Z",
    "description": "Japanese language textbook - Chapter 1",
    "document": Promise {},
    "documentID": "e01017e1-fe7a-4521-b71c-09ec31b18639",
    "duration": null,
    "embedding": null,
    "generated": null,
    "hex": null,
    "id": "a57d7833-5fa7-4cb7-8b7a-ce7c6e10e551",
    "identityId": "us-east-1:b0eadde9-f02c-c71b-17a6-22ffd37d89c8",
    "key": "files/Japanese Wind 1.pdf",
    "level": "protected",
    "mimeType": "application/pdf",
    "model": null,
    "name": "Japanese Wind 1.pdf",
    "owner": "64d81418-7021-701d-9fed-a4c2e0735711",
    "parsedContent": [Function anonymous],
    "parsedContentID": null,
    "path": "files/Japanese Wind 1.pdf",
    "prompt": null,
    "size": 4706654,
    "thumbnail": null,
    "type": "pdf",
    "updatedAt": "2026-01-06T15:02:53.253Z",
    "variant": null,
    "waveformData": null,
  },
  {
    "_version": 2,
    "createdAt": "2026-01-15T10:00:00.000Z",
    "description": "Sample report with vocabulary",
    "document": Promise {},
    "documentID": "cd824b5b-2c66-41f8-8571-aa6794ff590c",
    "generated": false,
    "id": "mock-pdf-file-2",
    "identityId": "us-east-1:mock-identity",
    "key": "files/report.pdf",
    "level": "protected",
    "mimeType": "application/pdf",
    "name": "report.pdf",
    "owner": "mock-user-id",
    "parsedContent": [Function anonymous],
    "path": "files/report.pdf",
    "size": 123456,
    "type": "pdf",
    "updatedAt": "2026-01-15T10:30:00.000Z",
  },
  {
    "_version": 3,
    "createdAt": "2026-01-14T08:00:00.000Z",
    "description": "Vocabulary lesson PDF with extracted content",
    "document": Promise {},
    "documentID": "mock-document-3",
    "generated": false,
    "id": "mock-pdf-file-3",
    "identityId": "us-east-1:mock-identity",
    "key": "files/vocabulary-lesson.pdf",
    "level": "public",
    "mimeType": "application/pdf",
    "name": "vocabulary-lesson.pdf",
    "owner": "mock-user-id",
    "parsedContent": [Function anonymous],
    "path": "files/vocabulary-lesson.pdf",
    "size": 567890,
    "type": "pdf",
    "updatedAt": "2026-01-14T08:45:00.000Z",
  },
  {
    "_version": 1,
    "createdAt": "2026-01-20T10:00:00.000Z",
    "description": "Sample pronunciation audio",
    "documentID": null,
    "duration": 3.5,
    "generated": true,
    "id": "mock-audio-file-1",
    "identityId": "us-east-1:mock-identity",
    "key": "audio/pronunciation-demo.mp3",
    "level": "public",
    "mimeType": "audio/mpeg",
    "name": "pronunciation-demo.mp3",
    "owner": "mock-user-id",
    "parsedContent": [Function anonymous],
    "path": "/story-mocks/cinematic-designed-sci-fi-whoosh-transition-nexawave-228295.mp3",
    "size": 56789,
    "type": "audio",
    "updatedAt": "2026-01-20T10:00:00.000Z",
    "waveformData": null,
  },
  {
    "_version": 1,
    "createdAt": "2026-01-19T14:30:00.000Z",
    "description": "Lesson introduction audio",
    "documentID": null,
    "duration": 5.2,
    "generated": false,
    "id": "mock-audio-file-2",
    "identityId": "us-east-1:mock-identity",
    "key": "audio/lesson-intro.mp3",
    "level": "public",
    "mimeType": "audio/mpeg",
    "name": "lesson-intro.mp3",
    "owner": "mock-user-id",
    "parsedContent": [Function anonymous],
    "path": "/story-mocks/descent-whoosh-long-cinematic-sound-effect-405921.mp3",
    "size": 87654,
    "type": "audio",
    "updatedAt": "2026-01-19T14:30:00.000Z",
    "waveformData": null,
  },
  {
    "_version": 1,
    "createdAt": "2026-01-18T09:15:00.000Z",
    "description": "Hiragana character chart",
    "documentID": null,
    "generated": false,
    "id": "mock-image-file-1",
    "identityId": "us-east-1:mock-identity",
    "key": "images/hiragana-chart.png",
    "level": "public",
    "mimeType": "image/png",
    "name": "hiragana-chart.png",
    "owner": "mock-user-id",
    "parsedContent": [Function anonymous],
    "path": "images/hiragana-chart.png",
    "size": 234567,
    "thumbnail": "thumbnails/hiragana-chart-thumb.png",
    "type": "image",
    "updatedAt": "2026-01-18T09:15:00.000Z",
  },
]
[90mstdout[2m | src/stories/KeyboardShortcutTrainer.stories.tsx[2m > [22m[2mDefault
[22m[39m[ChatContext] AssistantChat query update: 1 items (synced)
[90mstdout[2m | src/stories/KeyboardShortcutTrainer.stories.tsx[2m > [22m[2mDefault
[22m[39m[ChatContext] First item details: {
  "id": "mock-assistant-chat-1",
  "updatedAt": "2024-01-26T10:15:00.000Z",
}
[90mstdout[2m | src/stories/KeyboardShortcutTrainer.stories.tsx[2m > [22m[2mDefault
[22m[39m[ChatContext] AssistantChat subscription initialized
[90mstdout[2m | src/stories/KeyboardShortcutTrainer.stories.tsx[2m > [22m[2mDefault
[22m[39m[ChatContext] AssistantChat list updated: 1 chats
[90mstdout[2m | src/stories/KeyboardShortcutTrainer.stories.tsx[2m > [22m[2mDefault
[22m[39m[Mock Data] Settings.create() called with: {
  "assistantVoice": "shimmer",
  "autoAnalyzeDocuments": true,
  "defaultAIModel": "gpt-4",
  "documentAnalysisModel": "gpt-4",
  "editorFontSize": 14,
  "editorTheme": "auto",
  "emailNotifications": true,
  "language": "en",
  "webhookNotifications": false,
}
[90mstdout[2m | src/stories/KeyboardShortcutTrainer.stories.tsx[2m > [22m[2mDefault
[22m[39m[Mock Data] Settings created: mock-settings-1776337004658 - notified 1 subscribers
[90mstdout[2m | src/stories/KeyboardShortcutTrainer.stories.tsx[2m > [22m[2mDefault
[22m[39m[ChatContext] Setting initial chat: mock-assistant-chat-1
[90mstdout[2m | src/stories/KeyboardShortcutTrainer.stories.tsx[2m > [22m[2mDefault
[22m[39m[FilesContext] Files count changed: 0 → 6
[90mstdout[2m | src/stories/KeyboardShortcutTrainer.stories.tsx[2m > [22m[2mDefault
[22m[39m[MOCK CourseVectorStore] Initialized with mock data
[90mstdout[2m | src/stories/KeyboardShortcutTrainer.stories.tsx[2m > [22m[2mDefault
[22m[39m[MOCK CourseVectorStore] Initialized with mock data
[90mstderr[2m | src/stories/KeyboardShortcutTrainer.stories.tsx[2m > [22m[2mDefault
[22m[39mInvalid hook call. Hooks can only be called inside of the body of a function component. This could happen for one of the following reasons:
1. You might have mismatching versions of React and the renderer (such as React DOM)
2. You might be breaking the Rules of Hooks
3. You might have more than one copy of React in the same app
See https://react.dev/link/invalid-hook-call for tips about how to debug and fix this problem.
[90mstdout[2m | src/stories/KeyboardShortcutTrainer.stories.tsx[2m > [22m[2mDefault
[22m[39m[ChatContext] Setting initial chat: mock-assistant-chat-1
[90mstdout[2m | src/stories/KeyboardShortcutTrainer.stories.tsx[2m > [22m[2mDefault
[22m[39m[FilesContext] Files count changed: 0 → 6
[90mstdout[2m | src/stories/KeyboardShortcutTrainer.stories.tsx[2m > [22m[2mDefault
[22m[39m[MOCK CourseVectorStore] Initialized with mock data
[90mstdout[2m | src/stories/KeyboardShortcutTrainer.stories.tsx[2m > [22m[2mDefault
[22m[39m[MOCK CourseVectorStore] Initialized with mock data
[90mstderr[2m | src/stories/KeyboardShortcutTrainer.stories.tsx[2m > [22m[2mDefault
[22m[39mInvalid hook call. Hooks can only be called inside of the body of a function component. This could happen for one of the following reasons:
1. You might have mismatching versions of React and the renderer (such as React DOM)
2. You might be breaking the Rules of Hooks
3. You might have more than one copy of React in the same app
See https://react.dev/link/invalid-hook-call for tips about how to debug and fix this problem.
[90mstderr[2m | src/stories/KeyboardShortcutTrainer.stories.tsx[2m > [22m[2mDefault
[22m[39m[Error: Uncaught TypeError: Cannot read properties of null (reading 'useContext')]
[90mstderr[2m | src/stories/KeyboardShortcutTrainer.stories.tsx[2m > [22m[2mDefault
[22m[39mAn error occurred in the <ForwardRef(SvgIcon2)> component.

Consider adding an error boundary to your tree to customize error handling behavior.
Visit https://react.dev/link/error-boundaries to learn more about error boundaries.

[90mstdout[2m | src/stories/KeyboardShortcutTrainer.stories.tsx[2m > [22m[2mDefault
[22m[39m[Mock Data] Settings subscription unsubscribed. Remaining: 0
[90mstdout[2m | src/stories/KeyboardShortcutTrainer.stories.tsx[2m > [22m[2mDefault
[22m[39m[ChatContext] Cleaning up subscription
[90mstdout[2m | src/stories/KeyboardShortcutTrainer.stories.tsx[2m > [22m[2mDefault
[22m[39m[Mock Data] AssistantChat subscription unsubscribed. Remaining: 0
[90mstdout[2m | src/stories/KeyboardShortcutTrainer.stories.tsx[2m > [22m[2mDefault
[22m[39m[Mock Data] File subscription unsubscribed. Remaining: 0
[90mstdout[2m | src/stories/KeyboardShortcutTrainer.stories.tsx[2m > [22m[2mDefault
[22m[39m[Mock Data] Document subscription unsubscribed. Remaining: 0
[90mstdout[2m | src/stories/KeyboardShortcutTrainer.stories.tsx[2m > [22m[2mDefault
[22m[39m[Mock Data] Word subscription unsubscribed. Remaining: 0
[90mstdout[2m | src/stories/KeyboardShortcutTrainer.stories.tsx[2m > [22m[2mDefault
[22m[39m[Mock Data] Question subscription unsubscribed. Remaining: 0
[90mstdout[2m | src/stories/KeyboardShortcutTrainer.stories.tsx[2m > [22m[2mDefault
[22m[39m[Mock Data] Grade subscription unsubscribed. Remaining: 0
[90mstdout[2m | src/stories/KeyboardShortcutTrainer.stories.tsx[2m > [22m[2mDefault
[22m[39m[Mock Data] Unit subscription unsubscribed. Remaining: 0
[90mstdout[2m | src/stories/KeyboardShortcutTrainer.stories.tsx[2m > [22m[2mDefault
[22m[39m[SectionContext] Cleaning up subscriptions
[90mstdout[2m | src/stories/KeyboardShortcutTrainer.stories.tsx[2m > [22m[2mDefault
[22m[39m[Mock Data] Section.onCreate() subscription removed. Remaining: 0
[90mstdout[2m | src/stories/KeyboardShortcutTrainer.stories.tsx[2m > [22m[2mDefault
[22m[39m[Mock Data] Section.onUpdate() subscription removed. Remaining: 0
[90mstdout[2m | src/stories/KeyboardShortcutTrainer.stories.tsx[2m > [22m[2mDefault
[22m[39m[Mock Data] Section.onDelete() subscription removed. Remaining: 0
[90mstdout[2m | src/stories/KeyboardShortcutTrainer.stories.tsx[2m > [22m[2mDefault
[22m[39m[Mock Data] Assignment.onCreate() subscription removed. Remaining: 0
[90mstdout[2m | src/stories/KeyboardShortcutTrainer.stories.tsx[2m > [22m[2mDefault
[22m[39m[Mock Data] Assignment.onUpdate() subscription removed. Remaining: 0
[90mstdout[2m | src/stories/KeyboardShortcutTrainer.stories.tsx[2m > [22m[2mDefault
[22m[39m[Mock Data] Assignment.onDelete() subscription removed. Remaining: 0
[90mstdout[2m | src/stories/KeyboardShortcutTrainer.stories.tsx[2m > [22m[2mMobile
[22m[39m[Mock Data] Clearing all data stores
[90mstdout[2m | src/stories/KeyboardShortcutTrainer.stories.tsx[2m > [22m[2mMobile
[22m[39m[Mock Data] All data stores cleared
[90mstdout[2m | src/stories/KeyboardShortcutTrainer.stories.tsx[2m > [22m[2mMobile
[22m[39m[Preview] Cleared mock data for story
[90mstdout[2m | src/stories/KeyboardShortcutTrainer.stories.tsx[2m > [22m[2mMobile
[22m[39m[Mock Data Gen 2] Initializing mock data
[90mstdout[2m | src/stories/KeyboardShortcutTrainer.stories.tsx[2m > [22m[2mMobile
[22m[39m[Mock Data] seedMockAssistantChats: Replacing with 1 assistant chats
[90mstdout[2m | src/stories/KeyboardShortcutTrainer.stories.tsx[2m > [22m[2mMobile
[22m[39m[Mock Data Gen 2] Seeded AssistantChat: mock-assistant-chat-1
[90mstdout[2m | src/stories/KeyboardShortcutTrainer.stories.tsx[2m > [22m[2mMobile
[22m[39m[Mock Data] seedMockFiles: Adding 6 files
[90mstdout[2m | src/stories/KeyboardShortcutTrainer.stories.tsx[2m > [22m[2mMobile
[22m[39m[Mock Data Gen 2] Seeded Files: 6
[90mstdout[2m | src/stories/KeyboardShortcutTrainer.stories.tsx[2m > [22m[2mMobile
[22m[39m[Mock Data Gen 2] Initializing mock data
[90mstdout[2m | src/stories/KeyboardShortcutTrainer.stories.tsx[2m > [22m[2mMobile
[22m[39m[Mock Data] seedMockAssistantChats: Replacing with 1 assistant chats
[90mstdout[2m | src/stories/KeyboardShortcutTrainer.stories.tsx[2m > [22m[2mMobile
[22m[39m[Mock Data Gen 2] Seeded AssistantChat: mock-assistant-chat-1
[90mstdout[2m | src/stories/KeyboardShortcutTrainer.stories.tsx[2m > [22m[2mMobile
[22m[39m[Mock Data] seedMockFiles: Adding 6 files
[90mstdout[2m | src/stories/KeyboardShortcutTrainer.stories.tsx[2m > [22m[2mMobile
[22m[39m[Mock Data Gen 2] Seeded Files: 6
[90mstdout[2m | src/stories/KeyboardShortcutTrainer.stories.tsx[2m > [22m[2mMobile
[22m[39m[Preview] Initialized default mock data for story
[90mstdout[2m | src/stories/KeyboardShortcutTrainer.stories.tsx[2m > [22m[2mMobile
[22m[39m[Mock AuthContext] Providing auth: {
  "error": undefined,
  "isLoading": false,
  "session": {
    "idToken": {
      "toString": [Function toString],
    },
    "identityId": "us-east-1:mock-identity-123",
    "username": "mock-user-sub",
  },
  "user": {
    "attributes": {
      "email": "alice@example.com",
      "name": "Alice Student",
      "sub": "mock-user-sub",
    },
  },
}
[90mstdout[2m | src/stories/KeyboardShortcutTrainer.stories.tsx[2m > [22m[2mMobile
[22m[39m[Mock Data] generateClient() called - returning mock client
[90mstdout[2m | src/stories/KeyboardShortcutTrainer.stories.tsx[2m > [22m[2mMobile
[22m[39m[Mock amplifyClient] getAmplifyClient() called - returning mock client
[90mstdout[2m | src/stories/KeyboardShortcutTrainer.stories.tsx[2m > [22m[2mMobile
[22m[39m[MOCK CourseVectorStore] Initialized with mock data
[90mstdout[2m | src/stories/KeyboardShortcutTrainer.stories.tsx[2m > [22m[2mMobile
[22m[39m[TranslationModeController] Setting mode to: off
[90mstdout[2m | src/stories/KeyboardShortcutTrainer.stories.tsx[2m > [22m[2mMobile
[22m[39m[SectionContext] useEffect triggered {
  "authLoading": false,
  "hasUser": true,
  "userSub": "mock-user-sub",
}
[90mstdout[2m | src/stories/KeyboardShortcutTrainer.stories.tsx[2m > [22m[2mMobile
[22m[39m[SectionContext] Fetching sections for userId: mock-user-sub
[90mstdout[2m | src/stories/KeyboardShortcutTrainer.stories.tsx[2m > [22m[2mMobile
[22m[39m[Mock Data] generateClient() called - returning mock client
[90mstdout[2m | src/stories/KeyboardShortcutTrainer.stories.tsx[2m > [22m[2mMobile
[22m[39m[Mock amplifyClient] getAmplifyClient() called - returning mock client
[90mstdout[2m | src/stories/KeyboardShortcutTrainer.stories.tsx[2m > [22m[2mMobile
[22m[39m[Mock Data] Section.list() called with options: undefined
[90mstdout[2m | src/stories/KeyboardShortcutTrainer.stories.tsx[2m > [22m[2mMobile
[22m[39m[Mock Data] generateClient() called - returning mock client
[90mstdout[2m | src/stories/KeyboardShortcutTrainer.stories.tsx[2m > [22m[2mMobile
[22m[39m[Mock amplifyClient] getAmplifyClient() called - returning mock client
[90mstdout[2m | src/stories/KeyboardShortcutTrainer.stories.tsx[2m > [22m[2mMobile
[22m[39m[Mock Data] Assignment.list() called with options: {
  "filter": {
    "unitID": {
      "eq": "mock-unit-id",
    },
  },
}
[90mstdout[2m | src/stories/KeyboardShortcutTrainer.stories.tsx[2m > [22m[2mMobile
[22m[39m[Mock Data] generateClient() called - returning mock client
[90mstdout[2m | src/stories/KeyboardShortcutTrainer.stories.tsx[2m > [22m[2mMobile
[22m[39m[Mock amplifyClient] getAmplifyClient() called - returning mock client
[90mstdout[2m | src/stories/KeyboardShortcutTrainer.stories.tsx[2m > [22m[2mMobile
[22m[39m[Mock Data] Grade.observeQuery() called with filter: {
  "filter": {
    "unitID": {
      "eq": "mock-unit-id",
    },
  },
}
[90mstdout[2m | src/stories/KeyboardShortcutTrainer.stories.tsx[2m > [22m[2mMobile
[22m[39m[Mock Data] Grade.observeQuery() applying filter: {
  "unitID": {
    "eq": "mock-unit-id",
  },
}
[90mstdout[2m | src/stories/KeyboardShortcutTrainer.stories.tsx[2m > [22m[2mMobile
[22m[39m[Mock Data] Grade.observeQuery() items before filter: 0
[90mstdout[2m | src/stories/KeyboardShortcutTrainer.stories.tsx[2m > [22m[2mMobile
[22m[39m[Mock Data] Grade.observeQuery() items after filter: 0
[90mstdout[2m | src/stories/KeyboardShortcutTrainer.stories.tsx[2m > [22m[2mMobile
[22m[39m[Mock Data] Grade.observeQuery() returning 0 items (filter applied) {
  "filter": {
    "unitID": {
      "eq": "mock-unit-id",
    },
  },
}
[90mstdout[2m | src/stories/KeyboardShortcutTrainer.stories.tsx[2m > [22m[2mMobile
[22m[39m[Mock Data] Grade subscription added. Total subscriptions: 1
[90mstdout[2m | src/stories/KeyboardShortcutTrainer.stories.tsx[2m > [22m[2mMobile
[22m[39m[UnitContext] useEffect triggered {
  "authLoading": false,
  "hasUser": true,
  "id": "mock-unit-id",
  "userSub": "mock-user-sub",
}
[90mstdout[2m | src/stories/KeyboardShortcutTrainer.stories.tsx[2m > [22m[2mMobile
[22m[39m[UnitContext] Fetching unit data for id: mock-unit-id
[90mstdout[2m | src/stories/KeyboardShortcutTrainer.stories.tsx[2m > [22m[2mMobile
[22m[39m[Mock Data] generateClient() called - returning mock client
[90mstdout[2m | src/stories/KeyboardShortcutTrainer.stories.tsx[2m > [22m[2mMobile
[22m[39m[Mock amplifyClient] getAmplifyClient() called - returning mock client
[90mstdout[2m | src/stories/KeyboardShortcutTrainer.stories.tsx[2m > [22m[2mMobile
[22m[39m[Mock Data] Unit.observeQuery() called with filter: {
  "filter": {
    "id": {
      "eq": "mock-unit-id",
    },
  },
}
[90mstdout[2m | src/stories/KeyboardShortcutTrainer.stories.tsx[2m > [22m[2mMobile
[22m[39m[Mock Data] Unit.observeQuery() applying filter: {
  "id": {
    "eq": "mock-unit-id",
  },
}
[90mstdout[2m | src/stories/KeyboardShortcutTrainer.stories.tsx[2m > [22m[2mMobile
[22m[39m[Mock Data] Unit.observeQuery() items before filter: 0
[90mstdout[2m | src/stories/KeyboardShortcutTrainer.stories.tsx[2m > [22m[2mMobile
[22m[39m[Mock Data] Unit.observeQuery() items after filter: 0
[90mstdout[2m | src/stories/KeyboardShortcutTrainer.stories.tsx[2m > [22m[2mMobile
[22m[39m[Mock Data] Unit.observeQuery() returning 0 items (filter applied) {
  "filter": {
    "id": {
      "eq": "mock-unit-id",
    },
  },
}
[90mstdout[2m | src/stories/KeyboardShortcutTrainer.stories.tsx[2m > [22m[2mMobile
[22m[39m[Mock Data] Unit subscription added. Total subscriptions: 1
[90mstdout[2m | src/stories/KeyboardShortcutTrainer.stories.tsx[2m > [22m[2mMobile
[22m[39m[Mock Data] generateClient() called - returning mock client
[90mstdout[2m | src/stories/KeyboardShortcutTrainer.stories.tsx[2m > [22m[2mMobile
[22m[39m[Mock amplifyClient] getAmplifyClient() called - returning mock client
[90mstdout[2m | src/stories/KeyboardShortcutTrainer.stories.tsx[2m > [22m[2mMobile
[22m[39m[Mock Data] Word.observeQuery() called with filter: undefined
[90mstdout[2m | src/stories/KeyboardShortcutTrainer.stories.tsx[2m > [22m[2mMobile
[22m[39m[Mock Data] Word.observeQuery() returning 0 items (filter applied) undefined
[90mstdout[2m | src/stories/KeyboardShortcutTrainer.stories.tsx[2m > [22m[2mMobile
[22m[39m[Mock Data] Word subscription added. Total subscriptions: 1
[90mstdout[2m | src/stories/KeyboardShortcutTrainer.stories.tsx[2m > [22m[2mMobile
[22m[39m[Mock Data] generateClient() called - returning mock client
[90mstdout[2m | src/stories/KeyboardShortcutTrainer.stories.tsx[2m > [22m[2mMobile
[22m[39m[Mock amplifyClient] getAmplifyClient() called - returning mock client
[90mstdout[2m | src/stories/KeyboardShortcutTrainer.stories.tsx[2m > [22m[2mMobile
[22m[39m[Mock Data] Question.observeQuery() called with filter: undefined
[90mstdout[2m | src/stories/KeyboardShortcutTrainer.stories.tsx[2m > [22m[2mMobile
[22m[39m[Mock Data] Question.observeQuery() returning 0 items (filter applied) undefined
[90mstdout[2m | src/stories/KeyboardShortcutTrainer.stories.tsx[2m > [22m[2mMobile
[22m[39m[Mock Data] Question subscription added. Total subscriptions: 1
[90mstdout[2m | src/stories/KeyboardShortcutTrainer.stories.tsx[2m > [22m[2mMobile
[22m[39m[FilesContext] Initializing vector store from IndexedDB
[90mstdout[2m | src/stories/KeyboardShortcutTrainer.stories.tsx[2m > [22m[2mMobile
[22m[39m[FilesContext] fetchFiles called
[90mstdout[2m | src/stories/KeyboardShortcutTrainer.stories.tsx[2m > [22m[2mMobile
[22m[39m[FilesContext] User authenticated: mock-user-sub
[90mstdout[2m | src/stories/KeyboardShortcutTrainer.stories.tsx[2m > [22m[2mMobile
[22m[39m[FilesContext] Identity ID: us-east-1:mock-identity-123
[90mstdout[2m | src/stories/KeyboardShortcutTrainer.stories.tsx[2m > [22m[2mMobile
[22m[39m[FilesContext] About to subscribe to File model
[90mstdout[2m | src/stories/KeyboardShortcutTrainer.stories.tsx[2m > [22m[2mMobile
[22m[39m[Mock Data] generateClient() called - returning mock client
[90mstdout[2m | src/stories/KeyboardShortcutTrainer.stories.tsx[2m > [22m[2mMobile
[22m[39m[Mock amplifyClient] getAmplifyClient() called - returning mock client
[90mstdout[2m | src/stories/KeyboardShortcutTrainer.stories.tsx[2m > [22m[2mMobile
[22m[39m[Mock Data] File.observeQuery() called with filter: undefined
[90mstdout[2m | src/stories/KeyboardShortcutTrainer.stories.tsx[2m > [22m[2mMobile
[22m[39m[Mock Data] File.observeQuery() returning 6 items (filter applied) undefined
[90mstdout[2m | src/stories/KeyboardShortcutTrainer.stories.tsx[2m > [22m[2mMobile
[22m[39m[Mock Data] File subscription added. Total subscriptions: 1
[90mstdout[2m | src/stories/KeyboardShortcutTrainer.stories.tsx[2m > [22m[2mMobile
[22m[39m[Mock Data] generateClient() called - returning mock client
[90mstdout[2m | src/stories/KeyboardShortcutTrainer.stories.tsx[2m > [22m[2mMobile
[22m[39m[Mock amplifyClient] getAmplifyClient() called - returning mock client
[90mstdout[2m | src/stories/KeyboardShortcutTrainer.stories.tsx[2m > [22m[2mMobile
[22m[39m[Mock Data] Document.observeQuery() called with filter: undefined
[90mstdout[2m | src/stories/KeyboardShortcutTrainer.stories.tsx[2m > [22m[2mMobile
[22m[39m[Mock Data] Document.observeQuery() returning 0 items (filter applied) undefined
[90mstdout[2m | src/stories/KeyboardShortcutTrainer.stories.tsx[2m > [22m[2mMobile
[22m[39m[Mock Data] Document subscription added. Total subscriptions: 1
[90mstdout[2m | src/stories/KeyboardShortcutTrainer.stories.tsx[2m > [22m[2mMobile
[22m[39m[ChatContext] Setting up observeQuery for AssistantChat
[90mstdout[2m | src/stories/KeyboardShortcutTrainer.stories.tsx[2m > [22m[2mMobile
[22m[39m[Mock Data] AssistantChat.observeQuery() called with filter: {
  "sortDirection": "DESC",
  "sortField": "createdAt",
}
[90mstdout[2m | src/stories/KeyboardShortcutTrainer.stories.tsx[2m > [22m[2mMobile
[22m[39m[Mock Data] AssistantChat.observeQuery() returning 1 items (filter applied) {
  "sortDirection": "DESC",
  "sortField": "createdAt",
}
[90mstdout[2m | src/stories/KeyboardShortcutTrainer.stories.tsx[2m > [22m[2mMobile
[22m[39m[Mock Data] AssistantChat subscription added. Total subscriptions: 1
[90mstdout[2m | src/stories/KeyboardShortcutTrainer.stories.tsx[2m > [22m[2mMobile
[22m[39m[ChatContext] Waiting for subscription to initialize
[90mstdout[2m | src/stories/KeyboardShortcutTrainer.stories.tsx[2m > [22m[2mMobile
[22m[39m[SettingsContext] Setting up Settings subscription for user: mock-user-sub
[90mstdout[2m | src/stories/KeyboardShortcutTrainer.stories.tsx[2m > [22m[2mMobile
[22m[39m[Mock Data] generateClient() called - returning mock client
[90mstdout[2m | src/stories/KeyboardShortcutTrainer.stories.tsx[2m > [22m[2mMobile
[22m[39m[Mock amplifyClient] getAmplifyClient() called - returning mock client
[90mstdout[2m | src/stories/KeyboardShortcutTrainer.stories.tsx[2m > [22m[2mMobile
[22m[39m[Mock Data] Settings.observeQuery() called with filter: undefined
[90mstdout[2m | src/stories/KeyboardShortcutTrainer.stories.tsx[2m > [22m[2mMobile
[22m[39m[Mock Data] Settings.observeQuery() returning 0 items (filter applied) undefined
[90mstdout[2m | src/stories/KeyboardShortcutTrainer.stories.tsx[2m > [22m[2mMobile
[22m[39m[Mock Data] Settings subscription added. Total subscriptions: 1
[90mstdout[2m | src/stories/KeyboardShortcutTrainer.stories.tsx[2m > [22m[2mMobile
[22m[39m[SectionContext] Initial sections: 0 []
[90mstdout[2m | src/stories/KeyboardShortcutTrainer.stories.tsx[2m > [22m[2mMobile
[22m[39m[Mock Data] Section.onCreate() called with filter: undefined
[90mstdout[2m | src/stories/KeyboardShortcutTrainer.stories.tsx[2m > [22m[2mMobile
[22m[39m[Mock Data] Section.onCreate() subscription added. Total: 1
[90mstdout[2m | src/stories/KeyboardShortcutTrainer.stories.tsx[2m > [22m[2mMobile
[22m[39m[Mock Data] Section.onUpdate() called with filter: undefined
[90mstdout[2m | src/stories/KeyboardShortcutTrainer.stories.tsx[2m > [22m[2mMobile
[22m[39m[Mock Data] Section.onUpdate() subscription added. Total: 1
[90mstdout[2m | src/stories/KeyboardShortcutTrainer.stories.tsx[2m > [22m[2mMobile
[22m[39m[Mock Data] Section.onDelete() called with filter: undefined
[90mstdout[2m | src/stories/KeyboardShortcutTrainer.stories.tsx[2m > [22m[2mMobile
[22m[39m[Mock Data] Section.onDelete() subscription added. Total: 1
[90mstdout[2m | src/stories/KeyboardShortcutTrainer.stories.tsx[2m > [22m[2mMobile
[22m[39m[Mock Data] Assignment.onCreate() called with filter: {
  "filter": {
    "unitID": {
      "eq": "mock-unit-id",
    },
  },
}
[90mstdout[2m | src/stories/KeyboardShortcutTrainer.stories.tsx[2m > [22m[2mMobile
[22m[39m[Mock Data] Assignment.onCreate() subscription added. Total: 1
[90mstdout[2m | src/stories/KeyboardShortcutTrainer.stories.tsx[2m > [22m[2mMobile
[22m[39m[Mock Data] Assignment.onUpdate() called with filter: {
  "filter": {
    "unitID": {
      "eq": "mock-unit-id",
    },
  },
}
[90mstdout[2m | src/stories/KeyboardShortcutTrainer.stories.tsx[2m > [22m[2mMobile
[22m[39m[Mock Data] Assignment.onUpdate() subscription added. Total: 1
[90mstdout[2m | src/stories/KeyboardShortcutTrainer.stories.tsx[2m > [22m[2mMobile
[22m[39m[Mock Data] Assignment.onDelete() called with filter: {
  "filter": {
    "unitID": {
      "eq": "mock-unit-id",
    },
  },
}
[90mstdout[2m | src/stories/KeyboardShortcutTrainer.stories.tsx[2m > [22m[2mMobile
[22m[39m[Mock Data] Assignment.onDelete() subscription added. Total: 1
[90mstdout[2m | src/stories/KeyboardShortcutTrainer.stories.tsx[2m > [22m[2mMobile
[22m[39m[FilesContext] File observeQuery subscription triggered:
[90mstdout[2m | src/stories/KeyboardShortcutTrainer.stories.tsx[2m > [22m[2mMobile
[22m[39m  - items.length: 6
[90mstdout[2m | src/stories/KeyboardShortcutTrainer.stories.tsx[2m > [22m[2mMobile
[22m[39m  - isSynced: true
[90mstdout[2m | src/stories/KeyboardShortcutTrainer.stories.tsx[2m > [22m[2mMobile
[22m[39m  - items: [
  {
    "_deleted": null,
    "_lastChangedAt": 1767711773285,
    "_version": 1,
    "byHex": null,
    "createdAt": "2026-01-06T15:02:53.253Z",
    "description": "Japanese language textbook - Chapter 1",
    "document": Promise {},
    "documentID": "e01017e1-fe7a-4521-b71c-09ec31b18639",
    "duration": null,
    "embedding": null,
    "generated": null,
    "hex": null,
    "id": "a57d7833-5fa7-4cb7-8b7a-ce7c6e10e551",
    "identityId": "us-east-1:b0eadde9-f02c-c71b-17a6-22ffd37d89c8",
    "key": "files/Japanese Wind 1.pdf",
    "level": "protected",
    "mimeType": "application/pdf",
    "model": null,
    "name": "Japanese Wind 1.pdf",
    "owner": "64d81418-7021-701d-9fed-a4c2e0735711",
    "parsedContent": [Function anonymous],
    "parsedContentID": null,
    "path": "files/Japanese Wind 1.pdf",
    "prompt": null,
    "size": 4706654,
    "thumbnail": null,
    "type": "pdf",
    "updatedAt": "2026-01-06T15:02:53.253Z",
    "variant": null,
    "waveformData": null,
  },
  {
    "_version": 2,
    "createdAt": "2026-01-15T10:00:00.000Z",
    "description": "Sample report with vocabulary",
    "document": Promise {},
    "documentID": "cd824b5b-2c66-41f8-8571-aa6794ff590c",
    "generated": false,
    "id": "mock-pdf-file-2",
    "identityId": "us-east-1:mock-identity",
    "key": "files/report.pdf",
    "level": "protected",
    "mimeType": "application/pdf",
    "name": "report.pdf",
    "owner": "mock-user-id",
    "parsedContent": [Function anonymous],
    "path": "files/report.pdf",
    "size": 123456,
    "type": "pdf",
    "updatedAt": "2026-01-15T10:30:00.000Z",
  },
  {
    "_version": 3,
    "createdAt": "2026-01-14T08:00:00.000Z",
    "description": "Vocabulary lesson PDF with extracted content",
    "document": Promise {},
    "documentID": "mock-document-3",
    "generated": false,
    "id": "mock-pdf-file-3",
    "identityId": "us-east-1:mock-identity",
    "key": "files/vocabulary-lesson.pdf",
    "level": "public",
    "mimeType": "application/pdf",
    "name": "vocabulary-lesson.pdf",
    "owner": "mock-user-id",
    "parsedContent": [Function anonymous],
    "path": "files/vocabulary-lesson.pdf",
    "size": 567890,
    "type": "pdf",
    "updatedAt": "2026-01-14T08:45:00.000Z",
  },
  {
    "_version": 1,
    "createdAt": "2026-01-20T10:00:00.000Z",
    "description": "Sample pronunciation audio",
    "documentID": null,
    "duration": 3.5,
    "generated": true,
    "id": "mock-audio-file-1",
    "identityId": "us-east-1:mock-identity",
    "key": "audio/pronunciation-demo.mp3",
    "level": "public",
    "mimeType": "audio/mpeg",
    "name": "pronunciation-demo.mp3",
    "owner": "mock-user-id",
    "parsedContent": [Function anonymous],
    "path": "/story-mocks/cinematic-designed-sci-fi-whoosh-transition-nexawave-228295.mp3",
    "size": 56789,
    "type": "audio",
    "updatedAt": "2026-01-20T10:00:00.000Z",
    "waveformData": null,
  },
  {
    "_version": 1,
    "createdAt": "2026-01-19T14:30:00.000Z",
    "description": "Lesson introduction audio",
    "documentID": null,
    "duration": 5.2,
    "generated": false,
    "id": "mock-audio-file-2",
    "identityId": "us-east-1:mock-identity",
    "key": "audio/lesson-intro.mp3",
    "level": "public",
    "mimeType": "audio/mpeg",
    "name": "lesson-intro.mp3",
    "owner": "mock-user-id",
    "parsedContent": [Function anonymous],
    "path": "/story-mocks/descent-whoosh-long-cinematic-sound-effect-405921.mp3",
    "size": 87654,
    "type": "audio",
    "updatedAt": "2026-01-19T14:30:00.000Z",
    "waveformData": null,
  },
  {
    "_version": 1,
    "createdAt": "2026-01-18T09:15:00.000Z",
    "description": "Hiragana character chart",
    "documentID": null,
    "generated": false,
    "id": "mock-image-file-1",
    "identityId": "us-east-1:mock-identity",
    "key": "images/hiragana-chart.png",
    "level": "public",
    "mimeType": "image/png",
    "name": "hiragana-chart.png",
    "owner": "mock-user-id",
    "parsedContent": [Function anonymous],
    "path": "images/hiragana-chart.png",
    "size": 234567,
    "thumbnail": "thumbnails/hiragana-chart-thumb.png",
    "type": "image",
    "updatedAt": "2026-01-18T09:15:00.000Z",
  },
]
[90mstdout[2m | src/stories/KeyboardShortcutTrainer.stories.tsx[2m > [22m[2mMobile
[22m[39m[ChatContext] AssistantChat query update: 1 items (synced)
[90mstdout[2m | src/stories/KeyboardShortcutTrainer.stories.tsx[2m > [22m[2mMobile
[22m[39m[ChatContext] First item details: {
  "id": "mock-assistant-chat-1",
  "updatedAt": "2024-01-26T10:15:00.000Z",
}
[90mstdout[2m | src/stories/KeyboardShortcutTrainer.stories.tsx[2m > [22m[2mMobile
[22m[39m[ChatContext] AssistantChat subscription initialized
[90mstdout[2m | src/stories/KeyboardShortcutTrainer.stories.tsx[2m > [22m[2mMobile
[22m[39m[ChatContext] AssistantChat list updated: 1 chats
[90mstdout[2m | src/stories/KeyboardShortcutTrainer.stories.tsx[2m > [22m[2mMobile
[22m[39m[Mock Data] Settings.create() called with: {
  "assistantVoice": "shimmer",
  "autoAnalyzeDocuments": true,
  "defaultAIModel": "gpt-4",
  "documentAnalysisModel": "gpt-4",
  "editorFontSize": 14,
  "editorTheme": "auto",
  "emailNotifications": true,
  "language": "en",
  "webhookNotifications": false,
}
[90mstdout[2m | src/stories/KeyboardShortcutTrainer.stories.tsx[2m > [22m[2mMobile
[22m[39m[Mock Data] Settings created: mock-settings-1776337004959 - notified 1 subscribers
[90mstdout[2m | src/stories/KeyboardShortcutTrainer.stories.tsx[2m > [22m[2mMobile
[22m[39m[ChatContext] Setting initial chat: mock-assistant-chat-1
[90mstdout[2m | src/stories/KeyboardShortcutTrainer.stories.tsx[2m > [22m[2mMobile
[22m[39m[FilesContext] Files count changed: 0 → 6
[90mstdout[2m | src/stories/KeyboardShortcutTrainer.stories.tsx[2m > [22m[2mMobile
[22m[39m[MOCK CourseVectorStore] Initialized with mock data
[90mstdout[2m | src/stories/KeyboardShortcutTrainer.stories.tsx[2m > [22m[2mMobile
[22m[39m[MOCK CourseVectorStore] Initialized with mock data
[90mstderr[2m | src/stories/KeyboardShortcutTrainer.stories.tsx[2m > [22m[2mMobile
[22m[39mInvalid hook call. Hooks can only be called inside of the body of a function component. This could happen for one of the following reasons:
1. You might have mismatching versions of React and the renderer (such as React DOM)
2. You might be breaking the Rules of Hooks
3. You might have more than one copy of React in the same app
See https://react.dev/link/invalid-hook-call for tips about how to debug and fix this problem.
[90mstdout[2m | src/stories/KeyboardShortcutTrainer.stories.tsx[2m > [22m[2mMobile
[22m[39m[ChatContext] Setting initial chat: mock-assistant-chat-1
[90mstdout[2m | src/stories/KeyboardShortcutTrainer.stories.tsx[2m > [22m[2mMobile
[22m[39m[FilesContext] Files count changed: 0 → 6
[90mstdout[2m | src/stories/KeyboardShortcutTrainer.stories.tsx[2m > [22m[2mMobile
[22m[39m[MOCK CourseVectorStore] Initialized with mock data
[90mstdout[2m | src/stories/KeyboardShortcutTrainer.stories.tsx[2m > [22m[2mMobile
[22m[39m[MOCK CourseVectorStore] Initialized with mock data
[90mstderr[2m | src/stories/KeyboardShortcutTrainer.stories.tsx[2m > [22m[2mMobile
[22m[39mInvalid hook call. Hooks can only be called inside of the body of a function component. This could happen for one of the following reasons:
1. You might have mismatching versions of React and the renderer (such as React DOM)
2. You might be breaking the Rules of Hooks
3. You might have more than one copy of React in the same app
See https://react.dev/link/invalid-hook-call for tips about how to debug and fix this problem.
[90mstderr[2m | src/stories/KeyboardShortcutTrainer.stories.tsx[2m > [22m[2mMobile
[22m[39m[Error: Uncaught TypeError: Cannot read properties of null (reading 'useContext')]
[90mstderr[2m | src/stories/KeyboardShortcutTrainer.stories.tsx[2m > [22m[2mMobile
[22m[39mAn error occurred in the <ForwardRef(SvgIcon2)> component.

Consider adding an error boundary to your tree to customize error handling behavior.
Visit https://react.dev/link/error-boundaries to learn more about error boundaries.

[90mstdout[2m | src/stories/KeyboardShortcutTrainer.stories.tsx[2m > [22m[2mMobile
[22m[39m[Mock Data] Settings subscription unsubscribed. Remaining: 0
[90mstdout[2m | src/stories/KeyboardShortcutTrainer.stories.tsx[2m > [22m[2mMobile
[22m[39m[ChatContext] Cleaning up subscription
[90mstdout[2m | src/stories/KeyboardShortcutTrainer.stories.tsx[2m > [22m[2mMobile
[22m[39m[Mock Data] AssistantChat subscription unsubscribed. Remaining: 0
[90mstdout[2m | src/stories/KeyboardShortcutTrainer.stories.tsx[2m > [22m[2mMobile
[22m[39m[Mock Data] File subscription unsubscribed. Remaining: 0
[90mstdout[2m | src/stories/KeyboardShortcutTrainer.stories.tsx[2m > [22m[2mMobile
[22m[39m[Mock Data] Document subscription unsubscribed. Remaining: 0
[90mstdout[2m | src/stories/KeyboardShortcutTrainer.stories.tsx[2m > [22m[2mMobile
[22m[39m[Mock Data] Word subscription unsubscribed. Remaining: 0
[90mstdout[2m | src/stories/KeyboardShortcutTrainer.stories.tsx[2m > [22m[2mMobile
[22m[39m[Mock Data] Question subscription unsubscribed. Remaining: 0
[90mstdout[2m | src/stories/KeyboardShortcutTrainer.stories.tsx[2m > [22m[2mMobile
[22m[39m[Mock Data] Grade subscription unsubscribed. Remaining: 0
[90mstdout[2m | src/stories/KeyboardShortcutTrainer.stories.tsx[2m > [22m[2mMobile
[22m[39m[Mock Data] Unit subscription unsubscribed. Remaining: 0
[90mstdout[2m | src/stories/KeyboardShortcutTrainer.stories.tsx[2m > [22m[2mMobile
[22m[39m[SectionContext] Cleaning up subscriptions
[90mstdout[2m | src/stories/KeyboardShortcutTrainer.stories.tsx[2m > [22m[2mMobile
[22m[39m[Mock Data] Section.onCreate() subscription removed. Remaining: 0
[90mstdout[2m | src/stories/KeyboardShortcutTrainer.stories.tsx[2m > [22m[2mMobile
[22m[39m[Mock Data] Section.onUpdate() subscription removed. Remaining: 0
[90mstdout[2m | src/stories/KeyboardShortcutTrainer.stories.tsx[2m > [22m[2mMobile
[22m[39m[Mock Data] Section.onDelete() subscription removed. Remaining: 0
[90mstdout[2m | src/stories/KeyboardShortcutTrainer.stories.tsx[2m > [22m[2mMobile
[22m[39m[Mock Data] Assignment.onCreate() subscription removed. Remaining: 0
[90mstdout[2m | src/stories/KeyboardShortcutTrainer.stories.tsx[2m > [22m[2mMobile
[22m[39m[Mock Data] Assignment.onUpdate() subscription removed. Remaining: 0
[90mstdout[2m | src/stories/KeyboardShortcutTrainer.stories.tsx[2m > [22m[2mMobile
[22m[39m[Mock Data] Assignment.onDelete() subscription removed. Remaining: 0
 [32m✓[39m [30m[45m storybook (chromium) [49m[39m src/stories/KeyboardShortcutTrainer.stories.tsx [2m([22m[2m2 tests[22m[2m)[22m[33m 622[2mms[22m[39m
   [33m[2m✓[22m[39m Mobile [33m 344[2mms[22m[39m
 [31m❯[39m [30m[45m storybook (chromium) [49m[39m src/stories/LearningModes.stories.tsx [2m([22m[2m0 test[22m[2m)[22m
 [31m❯[39m [30m[45m storybook (chromium) [49m[39m src/stories/OnboardingExamples.stories.tsx [2m([22m[2m0 test[22m[2m)[22m
 [31m❯[39m [30m[45m storybook (chromium) [49m[39m src/stories/Page.stories.ts [2m([22m[2m0 test[22m[2m)[22m
 [31m❯[39m [30m[45m storybook (chromium) [49m[39m .storybook/components/SpotlightOverlay.stories.tsx [2m([22m[2m0 test[22m[2m)[22m
 [31m❯[39m [30m[45m storybook (chromium) [49m[39m .storybook/components/Welcome.stories.tsx [2m([22m[2m0 test[22m[2m)[22m
 [31m❯[39m [30m[45m storybook (chromium) [49m[39m src/components/ChatSidebar/ContentPreview.stories.tsx [2m([22m[2m0 test[22m[2m)[22m
 [31m❯[39m [30m[45m storybook (chromium) [49m[39m src/components/ChatSidebar/SearchResults.stories.jsx [2m([22m[2m0 test[22m[2m)[22m
 [31m❯[39m [30m[45m storybook (chromium) [49m[39m src/components/ChatSidebar/ToolCallPreview.stories.tsx [2m([22m[2m0 test[22m[2m)[22m
 [31m❯[39m [30m[45m storybook (chromium) [49m[39m src/components/ChatSidebar/VirtualizedMessageList.stories.jsx [2m([22m[2m0 test[22m[2m)[22m
 [31m❯[39m [30m[45m storybook (chromium) [49m[39m src/components/DebugPanel/ComponentTreeView.stories.tsx [2m([22m[2m0 test[22m[2m)[22m
 [31m❯[39m [30m[45m storybook (chromium) [49m[39m src/components/DebugPanel/DebugPanel.stories.tsx [2m([22m[2m0 test[22m[2m)[22m
 [31m❯[39m [30m[45m storybook (chromium) [49m[39m src/components/DebugPanel/LogViewer.stories.tsx [2m([22m[2m0 test[22m[2m)[22m
 [31m❯[39m [30m[45m storybook (chromium) [49m[39m src/components/DebugPanel/StateInspector.stories.tsx [2m([22m[2m0 test[22m[2m)[22m
 [31m❯[39m [30m[45m storybook (chromium) [49m[39m src/components/Editor3/Editor.stories.jsx [2m([22m[2m0 test[22m[2m)[22m
 [31m❯[39m [30m[45m storybook (chromium) [49m[39m src/components/Editor3/Workbook.stories.jsx [2m([22m[2m0 test[22m[2m)[22m
 [31m❯[39m [30m[45m storybook (chromium) [49m[39m src/components/Gamification/BadgeShelf.stories.tsx [2m([22m[2m0 test[22m[2m)[22m
 [31m❯[39m [30m[45m storybook (chromium) [49m[39m src/components/Gamification/Gamification.stories.tsx [2m([22m[2m0 test[22m[2m)[22m
 [31m❯[39m [30m[45m storybook (chromium) [49m[39m src/components/Gamification/LevelBadge.stories.tsx [2m([22m[2m0 test[22m[2m)[22m
 [31m❯[39m [30m[45m storybook (chromium) [49m[39m src/components/Gamification/StreakIndicator.stories.tsx [2m([22m[2m0 test[22m[2m)[22m
 [31m❯[39m [30m[45m storybook (chromium) [49m[39m src/components/Leaderboard/Leaderboard.stories.tsx [2m([22m[2m0 test[22m[2m)[22m
 [31m❯[39m [30m[45m storybook (chromium) [49m[39m src/components/MeaningAssociationExercise/MeaningAssociation.stories.jsx [2m([22m[2m0 test[22m[2m)[22m
 [31m❯[39m [30m[45m storybook (chromium) [49m[39m src/components/PeerReview/PeerReview.stories.tsx [2m([22m[2m0 test[22m[2m)[22m
 [31m❯[39m [30m[45m storybook (chromium) [49m[39m src/components/Workbook/Workbook.stories.tsx [2m([22m[2m0 test[22m[2m)[22m
 [31m❯[39m [30m[45m storybook (chromium) [49m[39m src/components/Workbook/WorkbookPresenceBar.stories.tsx [2m([22m[2m0 test[22m[2m)[22m
 [31m❯[39m [30m[45m storybook (chromium) [49m[39m src/components/Editor3/components/AudioWaveformPlayer.stories.jsx [2m([22m[2m0 test[22m[2m)[22m
 [31m❯[39m [30m[45m storybook (chromium) [49m[39m src/components/Editor3/components/EditorComponents.stories.jsx [2m([22m[2m0 test[22m[2m)[22m
 [31m❯[39m [30m[45m storybook (chromium) [49m[39m src/components/Editor3/components/EnhancedGeneration.stories.jsx [2m([22m[2m0 test[22m[2m)[22m
 [31m❯[39m [30m[45m storybook (chromium) [49m[39m src/components/Editor3/components/FileManager2.stories.jsx [2m([22m[2m0 test[22m[2m)[22m
 [31m❯[39m [30m[45m storybook (chromium) [49m[39m src/components/Editor3/components/MetadataEditor.stories.tsx [2m([22m[2m0 test[22m[2m)[22m
 [31m❯[39m [30m[45m storybook (chromium) [49m[39m src/components/Editor3/plugins/AIContentCompletionPlugin.stories.jsx [2m([22m[2m0 test[22m[2m)[22m
 [31m❯[39m [30m[45m storybook (chromium) [49m[39m src/components/Editor3/plugins/AnswerPlugin.audio-drawing.stories.jsx [2m([22m[2m0 test[22m[2m)[22m
 [31m❯[39m [30m[45m storybook (chromium) [49m[39m src/components/Editor3/plugins/AnswerPlugin.stories.jsx [2m([22m[2m0 test[22m[2m)[22m
 [31m❯[39m [30m[45m storybook (chromium) [49m[39m src/components/Editor3/plugins/AutoEmbedPlugin.stories.jsx [2m([22m[2m0 test[22m[2m)[22m
 [31m❯[39m [30m[45m storybook (chromium) [49m[39m src/components/Editor3/plugins/AutocompletePlugin.stories.jsx [2m([22m[2m0 test[22m[2m)[22m
 [31m❯[39m [30m[45m storybook (chromium) [49m[39m src/components/Editor3/plugins/BlockSuggestionPlugin.stories.jsx [2m([22m[2m0 test[22m[2m)[22m
 [31m❯[39m [30m[45m storybook (chromium) [49m[39m src/components/Editor3/plugins/BlockSuggestionPluginAI.stories.jsx [2m([22m[2m0 test[22m[2m)[22m
 [31m❯[39m [30m[45m storybook (chromium) [49m[39m src/components/Editor3/plugins/ColorPicker.stories.jsx [2m([22m[2m0 test[22m[2m)[22m
 [31m❯[39m [30m[45m storybook (chromium) [49m[39m src/components/Editor3/plugins/CustomAnswerPlugin.audio-drawing.stories.jsx [2m([22m[2m0 test[22m[2m)[22m
 [31m❯[39m [30m[45m storybook (chromium) [49m[39m src/components/Editor3/plugins/CustomAnswerPlugin.stories.jsx [2m([22m[2m0 test[22m[2m)[22m
 [31m❯[39m [30m[45m storybook (chromium) [49m[39m src/components/Editor3/plugins/DragDropPastePlugin.stories.jsx [2m([22m[2m0 test[22m[2m)[22m
 [31m❯[39m [30m[45m storybook (chromium) [49m[39m src/components/Editor3/plugins/DraggableBlockPlugin.stories.jsx [2m([22m[2m0 test[22m[2m)[22m
 [31m❯[39m [30m[45m storybook (chromium) [49m[39m src/components/Editor3/plugins/FloatingLinkEditorPlugin.stories.jsx [2m([22m[2m0 test[22m[2m)[22m
 [31m❯[39m [30m[45m storybook (chromium) [49m[39m src/components/Editor3/plugins/ImagesPlugin.stories.jsx [2m([22m[2m0 test[22m[2m)[22m
 [31m❯[39m [30m[45m storybook (chromium) [49m[39m src/components/Editor3/plugins/LayoutPlugin.stories.jsx [2m([22m[2m0 test[22m[2m)[22m
 [31m❯[39m [30m[45m storybook (chromium) [49m[39m src/components/Editor3/plugins/LinkPlugin.stories.jsx [2m([22m[2m0 test[22m[2m)[22m
 [31m❯[39m [30m[45m storybook (chromium) [49m[39m src/components/Editor3/plugins/MeaningAssociationPlugin.stories.jsx [2m([22m[2m0 test[22m[2m)[22m
 [31m❯[39m [30m[45m storybook (chromium) [49m[39m src/components/Editor3/plugins/PlaylistPlugin.stories.jsx [2m([22m[2m0 test[22m[2m)[22m
 [31m❯[39m [30m[45m storybook (chromium) [49m[39m src/components/Editor3/plugins/QuizPlugin.stories.jsx [2m([22m[2m0 test[22m[2m)[22m
 [31m❯[39m [30m[45m storybook (chromium) [49m[39m src/components/Editor3/plugins/SearchHighlightPlugin.stories.jsx [2m([22m[2m0 test[22m[2m)[22m
 [31m❯[39m [30m[45m storybook (chromium) [49m[39m src/components/Editor3/plugins/TablePlugin.stories.jsx [2m([22m[2m0 test[22m[2m)[22m
 [31m❯[39m [30m[45m storybook (chromium) [49m[39m src/components/Editor3/plugins/UnitCompletedPlugin.stories.jsx [2m([22m[2m0 test[22m[2m)[22m
 [31m❯[39m [30m[45m storybook (chromium) [49m[39m src/components/Editor3/plugins/WordBlockPlugin.stories.jsx [2m([22m[2m0 test[22m[2m)[22m
 [31m❯[39m [30m[45m storybook (chromium) [49m[39m src/components/Editor3/plugins/YouTubePlugin.stories.jsx [2m([22m[2m0 test[22m[2m)[22m
 [31m❯[39m [30m[45m storybook (chromium) [49m[39m src/components/PdfThumbnail.stories.tsx [2m([22m[2m0 test[22m[2m)[22m
 [31m❯[39m [30m[45m storybook (chromium) [49m[39m src/components/PermissionErrorOverlay.stories.jsx [2m([22m[2m0 test[22m[2m)[22m
 [31m❯[39m [30m[45m storybook (chromium) [49m[39m src/components/ModerationPanel.stories.jsx [2m([22m[2m0 test[22m[2m)[22m
 [31m❯[39m [30m[45m storybook (chromium) [49m[39m src/components/ModerationBadge.stories.jsx [2m([22m[2m0 test[22m[2m)[22m
POST https://9rnyd5u620.execute-api.us-east-1.amazonaws.com//content-completion 400 (Bad Request)
 [31m❯[39m [30m[42m unit [49m[39m test/integration/lambda.test.ts [2m([22m[2m45 tests[22m[2m | [22m[31m2 failed[39m[2m)[22m[33m 303134[2mms[22m[39m
[31m       [31m×[31m Send chat message with streaming response[39m[33m 8625[2mms[22m[39m
[31m       [31m×[31m Chat with context awareness[39m[33m 7180[2mms[22m[39m
       [33m[2m✓[22m[39m Error handling for empty message [33m 4975[2mms[22m[39m
       [33m[2m✓[22m[39m Generate content completion for editor [33m 12567[2mms[22m[39m
       [33m[2m✓[22m[39m Content completion with context-aware suggestions [33m 7445[2mms[22m[39m
       [33m[2m✓[22m[39m Content completion respects user preferences [33m 9554[2mms[22m[39m
       [33m[2m✓[22m[39m Error handling for incomplete prompts [33m 4922[2mms[22m[39m
       [33m[2m✓[22m[39m Suggest quiz blocks for unit [33m 11938[2mms[22m[39m
       [33m[2m✓[22m[39m Suggest meaning-association blocks [33m 9769[2mms[22m[39m
       [33m[2m✓[22m[39m Suggest custom-answer blocks [33m 11060[2mms[22m[39m
       [33m[2m✓[22m[39m Validate block structure matches schema [33m 10630[2mms[22m[39m
       [33m[2m✓[22m[39m Create dynamic section group [33m 7218[2mms[22m[39m
       [33m[2m✓[22m[39m Add self to section via join code [33m 4747[2mms[22m[39m
       [33m[2m✓[22m[39m Generate embedding for single text [33m 5717[2mms[22m[39m
       [33m[2m✓[22m[39m Generate embeddings with default dimensions [33m 7733[2mms[22m[39m
       [33m[2m✓[22m[39m Verify embedding model is correct [33m 5016[2mms[22m[39m
       [33m[2m✓[22m[39m Generate embeddings for file [33m 4766[2mms[22m[39m
       [33m[2m✓[22m[39m Semantic search using embeddings [33m 6054[2mms[22m[39m
       [33m[2m✓[22m[39m Generate audio from text (TTS) [33m 7039[2mms[22m[39m
       [33m[2m✓[22m[39m Transcribe audio URL (Whisper) [33m 5282[2mms[22m[39m
       [33m[2m✓[22m[39m Analyze image URL (GPT-4 Vision) [33m 4782[2mms[22m[39m
       [33m[2m✓[22m[39m Verify image content [33m 4454[2mms[22m[39m
       [33m[2m✓[22m[39m Generate image from text (DALL-E) [33m 17331[2mms[22m[39m
       [33m[2m✓[22m[39m Generate image file [33m 4884[2mms[22m[39m
       [33m[2m✓[22m[39m Verify short answer [33m 5641[2mms[22m[39m
       [33m[2m✓[22m[39m Verify word translation [33m 5806[2mms[22m[39m
       [33m[2m✓[22m[39m Verify audio content [33m 4941[2mms[22m[39m
       [33m[2m✓[22m[39m Error handling for failed operations [33m 4493[2mms[22m[39m
       [33m[2m✓[22m[39m Initiate document analysis [33m 6177[2mms[22m[39m
       [33m[2m✓[22m[39m Document analysis returns proper result structure [33m 5559[2mms[22m[39m
       [33m[2m✓[22m[39m Cancel document analysis [33m 6956[2mms[22m[39m
       [33m[2m✓[22m[39m Error handling for invalid file ID [33m 6586[2mms[22m[39m
       [33m[2m✓[22m[39m Generate embeddings for document [33m 6502[2mms[22m[39m
       [33m[2m✓[22m[39m Check text content for policy violations [33m 9194[2mms[22m[39m
       [33m[2m✓[22m[39m Moderation result has required fields [33m 6652[2mms[22m[39m
       [33m[2m✓[22m[39m Flag inappropriate content [33m 6712[2mms[22m[39m
       [33m[2m✓[22m[39m Store moderation results [33m 4851[2mms[22m[39m
       [33m[2m✓[22m[39m Auto-reject flagged content [33m 5128[2mms[22m[39m
       [33m[2m✓[22m[39m Handle empty content [33m 4700[2mms[22m[39m
       [33m[2m✓[22m[39m Predict unit data [33m 5959[2mms[22m[39m
       [33m[2m✓[22m[39m Predict unit by data content [33m 4458[2mms[22m[39m
       [33m[2m✓[22m[39m Initialize assistant editor [33m 5265[2mms[22m[39m
       [33m[2m✓[22m[39m Update assistant editor [33m 4863[2mms[22m[39m
       [33m[2m✓[22m[39m Delete assistant editor [33m 4545[2mms[22m[39m
       [33m[2m✓[22m[39m Chat with assistant thread [33m 4451[2mms[22m[39m
 [31m❯[39m [30m[42m unit [49m[39m test/integration/api.test.ts [2m([22m[2m47 tests[22m[2m | [22m[31m16 failed[39m[2m)[22m[33m 478295[2mms[22m[39m
       [33m[2m✓[22m[39m Login with valid instructor credentials [33m 4869[2mms[22m[39m
       [33m[2m✓[22m[39m Login with valid learner credentials [33m 4446[2mms[22m[39m
       [33m[2m✓[22m[39m Login with admin credentials [33m 4573[2mms[22m[39m
       [33m[2m✓[22m[39m Session persistence across page refreshes [33m 4273[2mms[22m[39m
       [33m[2m✓[22m[39m Login failure with invalid credentials [33m 1870[2mms[22m[39m
       [33m[2m✓[22m[39m Instructor can create units [33m 6144[2mms[22m[39m
[31m       [31m×[31m Instructor can edit owned units[39m[33m 5746[2mms[22m[39m
       [33m[2m✓[22m[39m Learner can view published units [33m 14624[2mms[22m[39m
[31m       [31m×[31m Admin has full access to all resources[39m[33m 10794[2mms[22m[39m
       [33m[2m✓[22m[39m Instructor can create file metadata for protected storage [33m 6067[2mms[22m[39m
       [33m[2m✓[22m[39m Public files accessible to all authenticated users [33m 15018[2mms[22m[39m
       [33m[2m✓[22m[39m Learner can upload to protected storage [33m 5833[2mms[22m[39m
       [33m[2m✓[22m[39m Protected files only accessible to owner [33m 14637[2mms[22m[39m
       [33m[2m✓[22m[39m Private files only accessible to owner [33m 6055[2mms[22m[39m
       [33m[2m✓[22m[39m Create unit with Amplify Gen 2 client [33m 5361[2mms[22m[39m
       [33m[2m✓[22m[39m Read unit by ID [33m 6471[2mms[22m[39m
       [33m[2m✓[22m[39m List all units with pagination [33m 9084[2mms[22m[39m
[31m       [31m×[31m Update unit content (data field JSON)[39m[33m 5610[2mms[22m[39m
[31m       [31m×[31m Delete unit[39m[33m 5182[2mms[22m[39m
       [33m[2m✓[22m[39m ObserveQuery real-time subscription works [33m 5013[2mms[22m[39m
       [33m[2m✓[22m[39m Create assignment for section [33m 13016[2mms[22m[39m
[31m       [31m×[31m Update assignment due date[39m[33m 11881[2mms[22m[39m
[31m       [31m×[31m Query assignments by section[39m[33m 12881[2mms[22m[39m
[31m       [31m×[31m Query assignments by learner[39m[33m 17484[2mms[22m[39m
[31m       [31m×[31m Delete assignment[39m[33m 12757[2mms[22m[39m
       [33m[2m✓[22m[39m Submit grade (student creates) [33m 21811[2mms[22m[39m
[31m       [31m×[31m Update grade data (student progress)[39m[33m 24755[2mms[22m[39m
       [33m[2m✓[22m[39m Calculate accuracy from rubric [33m 15530[2mms[22m[39m
[31m       [31m×[31m Complete grade (mark as complete)[39m[33m 14867[2mms[22m[39m
       [33m[2m✓[22m[39m Query grades by learner [33m 16620[2mms[22m[39m
       [33m[2m✓[22m[39m Instructor can view all grades for assignment [33m 34669[2mms[22m[39m
       [33m[2m✓[22m[39m Create section with join code [33m 10233[2mms[22m[39m
       [33m[2m✓[22m[39m Query sections by instructor [33m 12015[2mms[22m[39m
[31m       [31m×[31m Update section metadata[39m[33m 6086[2mms[22m[39m
[31m       [31m×[31m Delete section[39m[33m 5796[2mms[22m[39m
       [33m[2m✓[22m[39m Create vocabulary word [33m 9754[2mms[22m[39m
       [33m[2m✓[22m[39m Create question with answers [33m 10044[2mms[22m[39m
       [33m[2m✓[22m[39m Associate word with unit (UnitWord join) [33m 13266[2mms[22m[39m
[31m       [31m×[31m Update word with audio files[39m[33m 5984[2mms[22m[39m
[31m       [31m×[31m Delete word[39m[33m 5698[2mms[22m[39m
       [33m[2m✓[22m[39m Create question with images [33m 5828[2mms[22m[39m
[31m       [31m×[31m Update question answers[39m[33m 5815[2mms[22m[39m
[31m       [31m×[31m Delete question[39m[33m 6154[2mms[22m[39m
       [33m[2m✓[22m[39m Create File record linked to S3 object [33m 5768[2mms[22m[39m
       [33m[2m✓[22m[39m Associate file with unit (UnitFile join) [33m 10503[2mms[22m[39m
       [33m[2m✓[22m[39m Associate question with unit (QuestionUnit join) [33m 9749[2mms[22m[39m
       [33m[2m✓[22m[39m Unit with nested words (ManyToMany) [33m 17652[2mms[22m[39m

[31m⎯⎯⎯⎯⎯⎯[39m[1m[41m Failed Suites 66 [49m[22m[31m⎯⎯⎯⎯⎯⎯[39m

[41m[1m FAIL [22m[49m [30m[45m storybook (chromium) [49m[39m src/components/ModerationBadge.stories.jsx[2m [ src/components/ModerationBadge.stories.jsx ][22m
[41m[1m FAIL [22m[49m [30m[45m storybook (chromium) [49m[39m src/components/ModerationPanel.stories.jsx[2m [ src/components/ModerationPanel.stories.jsx ][22m
[41m[1m FAIL [22m[49m [30m[45m storybook (chromium) [49m[39m src/components/PdfThumbnail.stories.tsx[2m [ src/components/PdfThumbnail.stories.tsx ][22m
[41m[1m FAIL [22m[49m [30m[45m storybook (chromium) [49m[39m src/components/PermissionErrorOverlay.stories.jsx[2m [ src/components/PermissionErrorOverlay.stories.jsx ][22m
[41m[1m FAIL [22m[49m [30m[45m storybook (chromium) [49m[39m src/stories/LearningModes.stories.tsx[2m [ src/stories/LearningModes.stories.tsx ][22m
[41m[1m FAIL [22m[49m [30m[45m storybook (chromium) [49m[39m src/stories/OnboardingExamples.stories.tsx[2m [ src/stories/OnboardingExamples.stories.tsx ][22m
[41m[1m FAIL [22m[49m [30m[45m storybook (chromium) [49m[39m src/stories/Page.stories.ts[2m [ src/stories/Page.stories.ts ][22m
[41m[1m FAIL [22m[49m [30m[45m storybook (chromium) [49m[39m .storybook/components/SpotlightOverlay.stories.tsx[2m [ .storybook/components/SpotlightOverlay.stories.tsx ][22m
[41m[1m FAIL [22m[49m [30m[45m storybook (chromium) [49m[39m .storybook/components/Welcome.stories.tsx[2m [ .storybook/components/Welcome.stories.tsx ][22m
[41m[1m FAIL [22m[49m [30m[45m storybook (chromium) [49m[39m src/components/ChatSidebar/ContentPreview.stories.tsx[2m [ src/components/ChatSidebar/ContentPreview.stories.tsx ][22m
[41m[1m FAIL [22m[49m [30m[45m storybook (chromium) [49m[39m src/components/ChatSidebar/SearchResults.stories.jsx[2m [ src/components/ChatSidebar/SearchResults.stories.jsx ][22m
[41m[1m FAIL [22m[49m [30m[45m storybook (chromium) [49m[39m src/components/ChatSidebar/ToolCallPreview.stories.tsx[2m [ src/components/ChatSidebar/ToolCallPreview.stories.tsx ][22m
[41m[1m FAIL [22m[49m [30m[45m storybook (chromium) [49m[39m src/components/ChatSidebar/VirtualizedMessageList.stories.jsx[2m [ src/components/ChatSidebar/VirtualizedMessageList.stories.jsx ][22m
[41m[1m FAIL [22m[49m [30m[45m storybook (chromium) [49m[39m src/components/DebugPanel/ComponentTreeView.stories.tsx[2m [ src/components/DebugPanel/ComponentTreeView.stories.tsx ][22m
[41m[1m FAIL [22m[49m [30m[45m storybook (chromium) [49m[39m src/components/DebugPanel/DebugPanel.stories.tsx[2m [ src/components/DebugPanel/DebugPanel.stories.tsx ][22m
[41m[1m FAIL [22m[49m [30m[45m storybook (chromium) [49m[39m src/components/DebugPanel/LogViewer.stories.tsx[2m [ src/components/DebugPanel/LogViewer.stories.tsx ][22m
[41m[1m FAIL [22m[49m [30m[45m storybook (chromium) [49m[39m src/components/DebugPanel/StateInspector.stories.tsx[2m [ src/components/DebugPanel/StateInspector.stories.tsx ][22m
[41m[1m FAIL [22m[49m [30m[45m storybook (chromium) [49m[39m src/components/Editor3/Editor.stories.jsx[2m [ src/components/Editor3/Editor.stories.jsx ][22m
[41m[1m FAIL [22m[49m [30m[45m storybook (chromium) [49m[39m src/components/Editor3/Workbook.stories.jsx[2m [ src/components/Editor3/Workbook.stories.jsx ][22m
[41m[1m FAIL [22m[49m [30m[45m storybook (chromium) [49m[39m src/components/Gamification/BadgeShelf.stories.tsx[2m [ src/components/Gamification/BadgeShelf.stories.tsx ][22m
[41m[1m FAIL [22m[49m [30m[45m storybook (chromium) [49m[39m src/components/Gamification/Gamification.stories.tsx[2m [ src/components/Gamification/Gamification.stories.tsx ][22m
[41m[1m FAIL [22m[49m [30m[45m storybook (chromium) [49m[39m src/components/Gamification/LevelBadge.stories.tsx[2m [ src/components/Gamification/LevelBadge.stories.tsx ][22m
[41m[1m FAIL [22m[49m [30m[45m storybook (chromium) [49m[39m src/components/Gamification/StreakIndicator.stories.tsx[2m [ src/components/Gamification/StreakIndicator.stories.tsx ][22m
[41m[1m FAIL [22m[49m [30m[45m storybook (chromium) [49m[39m src/components/Leaderboard/Leaderboard.stories.tsx[2m [ src/components/Leaderboard/Leaderboard.stories.tsx ][22m
[41m[1m FAIL [22m[49m [30m[45m storybook (chromium) [49m[39m src/components/MeaningAssociationExercise/MeaningAssociation.stories.jsx[2m [ src/components/MeaningAssociationExercise/MeaningAssociation.stories.jsx ][22m
[41m[1m FAIL [22m[49m [30m[45m storybook (chromium) [49m[39m src/components/PeerReview/PeerReview.stories.tsx[2m [ src/components/PeerReview/PeerReview.stories.tsx ][22m
[41m[1m FAIL [22m[49m [30m[45m storybook (chromium) [49m[39m src/components/Workbook/Workbook.stories.tsx[2m [ src/components/Workbook/Workbook.stories.tsx ][22m
[41m[1m FAIL [22m[49m [30m[45m storybook (chromium) [49m[39m src/components/Workbook/WorkbookPresenceBar.stories.tsx[2m [ src/components/Workbook/WorkbookPresenceBar.stories.tsx ][22m
[41m[1m FAIL [22m[49m [30m[45m storybook (chromium) [49m[39m src/components/Editor3/components/AudioWaveformPlayer.stories.jsx[2m [ src/components/Editor3/components/AudioWaveformPlayer.stories.jsx ][22m
[41m[1m FAIL [22m[49m [30m[45m storybook (chromium) [49m[39m src/components/Editor3/components/EditorComponents.stories.jsx[2m [ src/components/Editor3/components/EditorComponents.stories.jsx ][22m
[41m[1m FAIL [22m[49m [30m[45m storybook (chromium) [49m[39m src/components/Editor3/components/EnhancedGeneration.stories.jsx[2m [ src/components/Editor3/components/EnhancedGeneration.stories.jsx ][22m
[41m[1m FAIL [22m[49m [30m[45m storybook (chromium) [49m[39m src/components/Editor3/components/FileManager2.stories.jsx[2m [ src/components/Editor3/components/FileManager2.stories.jsx ][22m
[41m[1m FAIL [22m[49m [30m[45m storybook (chromium) [49m[39m src/components/Editor3/components/MetadataEditor.stories.tsx[2m [ src/components/Editor3/components/MetadataEditor.stories.tsx ][22m
[41m[1m FAIL [22m[49m [30m[45m storybook (chromium) [49m[39m src/components/Editor3/plugins/AIContentCompletionPlugin.stories.jsx[2m [ src/components/Editor3/plugins/AIContentCompletionPlugin.stories.jsx ][22m
[41m[1m FAIL [22m[49m [30m[45m storybook (chromium) [49m[39m src/components/Editor3/plugins/AnswerPlugin.audio-drawing.stories.jsx[2m [ src/components/Editor3/plugins/AnswerPlugin.audio-drawing.stories.jsx ][22m
[41m[1m FAIL [22m[49m [30m[45m storybook (chromium) [49m[39m src/components/Editor3/plugins/AnswerPlugin.stories.jsx[2m [ src/components/Editor3/plugins/AnswerPlugin.stories.jsx ][22m
[41m[1m FAIL [22m[49m [30m[45m storybook (chromium) [49m[39m src/components/Editor3/plugins/AutoEmbedPlugin.stories.jsx[2m [ src/components/Editor3/plugins/AutoEmbedPlugin.stories.jsx ][22m
[41m[1m FAIL [22m[49m [30m[45m storybook (chromium) [49m[39m src/components/Editor3/plugins/AutocompletePlugin.stories.jsx[2m [ src/components/Editor3/plugins/AutocompletePlugin.stories.jsx ][22m
[41m[1m FAIL [22m[49m [30m[45m storybook (chromium) [49m[39m src/components/Editor3/plugins/BlockSuggestionPlugin.stories.jsx[2m [ src/components/Editor3/plugins/BlockSuggestionPlugin.stories.jsx ][22m
[41m[1m FAIL [22m[49m [30m[45m storybook (chromium) [49m[39m src/components/Editor3/plugins/BlockSuggestionPluginAI.stories.jsx[2m [ src/components/Editor3/plugins/BlockSuggestionPluginAI.stories.jsx ][22m
[41m[1m FAIL [22m[49m [30m[45m storybook (chromium) [49m[39m src/components/Editor3/plugins/ColorPicker.stories.jsx[2m [ src/components/Editor3/plugins/ColorPicker.stories.jsx ][22m
[41m[1m FAIL [22m[49m [30m[45m storybook (chromium) [49m[39m src/components/Editor3/plugins/CustomAnswerPlugin.audio-drawing.stories.jsx[2m [ src/components/Editor3/plugins/CustomAnswerPlugin.audio-drawing.stories.jsx ][22m
[41m[1m FAIL [22m[49m [30m[45m storybook (chromium) [49m[39m src/components/Editor3/plugins/CustomAnswerPlugin.stories.jsx[2m [ src/components/Editor3/plugins/CustomAnswerPlugin.stories.jsx ][22m
[41m[1m FAIL [22m[49m [30m[45m storybook (chromium) [49m[39m src/components/Editor3/plugins/DragDropPastePlugin.stories.jsx[2m [ src/components/Editor3/plugins/DragDropPastePlugin.stories.jsx ][22m
[41m[1m FAIL [22m[49m [30m[45m storybook (chromium) [49m[39m src/components/Editor3/plugins/DraggableBlockPlugin.stories.jsx[2m [ src/components/Editor3/plugins/DraggableBlockPlugin.stories.jsx ][22m
[41m[1m FAIL [22m[49m [30m[45m storybook (chromium) [49m[39m src/components/Editor3/plugins/FloatingLinkEditorPlugin.stories.jsx[2m [ src/components/Editor3/plugins/FloatingLinkEditorPlugin.stories.jsx ][22m
[41m[1m FAIL [22m[49m [30m[45m storybook (chromium) [49m[39m src/components/Editor3/plugins/ImagesPlugin.stories.jsx[2m [ src/components/Editor3/plugins/ImagesPlugin.stories.jsx ][22m
[41m[1m FAIL [22m[49m [30m[45m storybook (chromium) [49m[39m src/components/Editor3/plugins/LayoutPlugin.stories.jsx[2m [ src/components/Editor3/plugins/LayoutPlugin.stories.jsx ][22m
[41m[1m FAIL [22m[49m [30m[45m storybook (chromium) [49m[39m src/components/Editor3/plugins/LinkPlugin.stories.jsx[2m [ src/components/Editor3/plugins/LinkPlugin.stories.jsx ][22m
[41m[1m FAIL [22m[49m [30m[45m storybook (chromium) [49m[39m src/components/Editor3/plugins/MeaningAssociationPlugin.stories.jsx[2m [ src/components/Editor3/plugins/MeaningAssociationPlugin.stories.jsx ][22m
[41m[1m FAIL [22m[49m [30m[45m storybook (chromium) [49m[39m src/components/Editor3/plugins/PlaylistPlugin.stories.jsx[2m [ src/components/Editor3/plugins/PlaylistPlugin.stories.jsx ][22m
[41m[1m FAIL [22m[49m [30m[45m storybook (chromium) [49m[39m src/components/Editor3/plugins/QuizPlugin.stories.jsx[2m [ src/components/Editor3/plugins/QuizPlugin.stories.jsx ][22m
[41m[1m FAIL [22m[49m [30m[45m storybook (chromium) [49m[39m src/components/Editor3/plugins/SearchHighlightPlugin.stories.jsx[2m [ src/components/Editor3/plugins/SearchHighlightPlugin.stories.jsx ][22m
[41m[1m FAIL [22m[49m [30m[45m storybook (chromium) [49m[39m src/components/Editor3/plugins/TablePlugin.stories.jsx[2m [ src/components/Editor3/plugins/TablePlugin.stories.jsx ][22m
[41m[1m FAIL [22m[49m [30m[45m storybook (chromium) [49m[39m src/components/Editor3/plugins/UnitCompletedPlugin.stories.jsx[2m [ src/components/Editor3/plugins/UnitCompletedPlugin.stories.jsx ][22m
[41m[1m FAIL [22m[49m [30m[45m storybook (chromium) [49m[39m src/components/Editor3/plugins/WordBlockPlugin.stories.jsx[2m [ src/components/Editor3/plugins/WordBlockPlugin.stories.jsx ][22m
[41m[1m FAIL [22m[49m [30m[45m storybook (chromium) [49m[39m src/components/Editor3/plugins/YouTubePlugin.stories.jsx[2m [ src/components/Editor3/plugins/YouTubePlugin.stories.jsx ][22m
[31m[1mError[22m: Failed to import test file /Users/colinbarrett-fox/Projects/new-components/amplify-homework-supply/node_modules/@storybook/addon-vitest/dist/vitest-plugin/setup-file.js[39m
[31m[1mCaused by: Error[22m: Vitest failed to find the runner. One of the following is possible:
- "vitest" is imported directly without running "vitest" command
- "vitest" is imported inside "globalSetup" (to fix this, use "setupFiles" instead, because "globalSetup" runs in a different context)
- "vitest" is imported inside Vite / Vitest config file
- Otherwise, it might be a Vitest bug. Please report it to https://github.com/vitest-dev/vitest/issues
[39m
[36m [2m❯[22m node_modules/@storybook/addon-vitest/dist/vitest-plugin/setup-file.js:[2m20:0[22m[39m

[31m[2m⎯⎯⎯⎯⎯⎯⎯⎯⎯⎯⎯⎯⎯⎯⎯⎯⎯⎯⎯⎯⎯⎯⎯[1/91]⎯[22m[39m

[41m[1m FAIL [22m[49m [30m[42m unit [49m[39m test/agent-permissions.test.ts[2m [ test/agent-permissions.test.ts ][22m
[31m[1mError[22m: Failed to resolve import "../../src/utils/agentPermissions" from "test/agent-permissions.test.ts". Does the file exist?[39m
  Plugin: [35mvite:import-analysis[39m
  File: [36m/Users/colinbarrett-fox/Projects/new-components/amplify-homework-supply/test/agent-permissions.test.ts[39m:8:60
[33m  1  |  import { describe, it, expect, beforeEach } from "vitest";
  2  |  import { AgentPermissions } from "../../src/utils/agentPermissions";
     |                                    ^
  3  |  import path from "path";
  4  |  describe("AgentPermissions", () => {[39m
[90m [2m❯[22m TransformPluginContext._formatLog node_modules/vite/dist/node/chunks/config.js:[2m28999:43[22m[39m
[90m [2m❯[22m TransformPluginContext.error node_modules/vite/dist/node/chunks/config.js:[2m28996:14[22m[39m
[90m [2m❯[22m normalizeUrl node_modules/vite/dist/node/chunks/config.js:[2m27119:18[22m[39m
[90m [2m❯[22m node_modules/vite/dist/node/chunks/config.js:[2m27177:32[22m[39m
[90m [2m❯[22m TransformPluginContext.transform node_modules/vite/dist/node/chunks/config.js:[2m27145:4[22m[39m
[90m [2m❯[22m EnvironmentPluginContainer.transform node_modules/vite/dist/node/chunks/config.js:[2m28797:14[22m[39m
[90m [2m❯[22m loadAndTransform node_modules/vite/dist/node/chunks/config.js:[2m22670:26[22m[39m

[31m[2m⎯⎯⎯⎯⎯⎯⎯⎯⎯⎯⎯⎯⎯⎯⎯⎯⎯⎯⎯⎯⎯⎯⎯[2/91]⎯[22m[39m

[41m[1m FAIL [22m[49m [30m[42m unit [49m[39m test/performance/concurrent-users.test.ts[2m > [22mConcurrent Users Performance Tests
[31m[1mError[22m: Failed to create test section[39m
[36m [2m❯[22m createTestSection test/performance/concurrent-users.test.ts:[2m97:11[22m[39m
    [90m 95|[39m
    [90m 96|[39m   [35mif[39m (errors [33m||[39m [33m![39msection) {
    [90m 97|[39m     [35mthrow[39m [35mnew[39m [33mError[39m([32m'Failed to create test section'[39m)[33m;[39m
    [90m   |[39m           [31m^[39m
    [90m 98|[39m   }
    [90m 99|[39m
[90m [2m❯[22m test/performance/concurrent-users.test.ts:[2m156:19[22m[39m

[31m[2m⎯⎯⎯⎯⎯⎯⎯⎯⎯⎯⎯⎯⎯⎯⎯⎯⎯⎯⎯⎯⎯⎯⎯[3/91]⎯[22m[39m

[41m[1m FAIL [22m[49m [30m[42m unit [49m[39m test/integration/dictionary-editor.test.ts[2m [ test/integration/dictionary-editor.test.ts ][22m
[31m[1mError[22m: Transform failed with 1 error:
/Users/colinbarrett-fox/Projects/new-components/amplify-homework-supply/test/integration/dictionary-editor.test.ts:134:28: ERROR: Expected ">" but found "value"[39m
  Plugin: [35mvite:esbuild[39m
  File: [36m/Users/colinbarrett-fox/Projects/new-components/amplify-homework-supply/test/integration/dictionary-editor.test.ts[39m:134:28
[33m  
  Expected ">" but found "value"
  132 |  
  133 |      return render(
  134 |        <UnitContext.Provider value={unitValue as any}>
      |                              ^
  135 |          <FilesContext.Provider value={filesValue as any}>
  136 |            <DictionaryContext.Provider value={dictionaryValue as any}>
  [39m
[90m [2m❯[22m failureErrorWithLog node_modules/esbuild/lib/main.js:[2m1748:15[22m[39m
[90m [2m❯[22m node_modules/esbuild/lib/main.js:[2m1017:50[22m[39m
[90m [2m❯[22m responseCallbacks.<computed> node_modules/esbuild/lib/main.js:[2m884:9[22m[39m
[90m [2m❯[22m handleIncomingPacket node_modules/esbuild/lib/main.js:[2m939:12[22m[39m
[90m [2m❯[22m Socket.readFromStdout node_modules/esbuild/lib/main.js:[2m862:7[22m[39m

[31m[2m⎯⎯⎯⎯⎯⎯⎯⎯⎯⎯⎯⎯⎯⎯⎯⎯⎯⎯⎯⎯⎯⎯⎯[4/91]⎯[22m[39m

[41m[1m FAIL [22m[49m [30m[42m unit [49m[39m test/integration/file-manager.test.ts[2m [ test/integration/file-manager.test.ts ][22m
[31m[1mError[22m: Transform failed with 1 error:
/Users/colinbarrett-fox/Projects/new-components/amplify-homework-supply/test/integration/file-manager.test.ts:146:28: ERROR: Expected ">" but found "value"[39m
  Plugin: [35mvite:esbuild[39m
  File: [36m/Users/colinbarrett-fox/Projects/new-components/amplify-homework-supply/test/integration/file-manager.test.ts[39m:146:28
[33m  
  Expected ">" but found "value"
  144 |  
  145 |      return render(
  146 |        <UnitContext.Provider value={unitValue as any}>
      |                              ^
  147 |          <SettingsContext.Provider value={settingsValue as any}>
  148 |            <FilesContext.Provider value={filesValue as any}>
  [39m
[90m [2m❯[22m failureErrorWithLog node_modules/esbuild/lib/main.js:[2m1748:15[22m[39m
[90m [2m❯[22m node_modules/esbuild/lib/main.js:[2m1017:50[22m[39m
[90m [2m❯[22m responseCallbacks.<computed> node_modules/esbuild/lib/main.js:[2m884:9[22m[39m
[90m [2m❯[22m handleIncomingPacket node_modules/esbuild/lib/main.js:[2m939:12[22m[39m
[90m [2m❯[22m Socket.readFromStdout node_modules/esbuild/lib/main.js:[2m862:7[22m[39m

[31m[2m⎯⎯⎯⎯⎯⎯⎯⎯⎯⎯⎯⎯⎯⎯⎯⎯⎯⎯⎯⎯⎯⎯⎯[5/91]⎯[22m[39m

[41m[1m FAIL [22m[49m [30m[42m unit [49m[39m test/integration/grade-tracking.test.ts[2m [ test/integration/grade-tracking.test.ts ][22m
[31m[1mError[22m: Transform failed with 1 error:
/Users/colinbarrett-fox/Projects/new-components/amplify-homework-supply/test/integration/grade-tracking.test.ts:163:8: ERROR: Expected ";" but found "updatedAt"[39m
  Plugin: [35mvite:esbuild[39m
  File: [36m/Users/colinbarrett-fox/Projects/new-components/amplify-homework-supply/test/integration/grade-tracking.test.ts[39m:163:8
[33m  
  Expected ";" but found "updatedAt"
  161 |          percentComplete,
  162 |          _version: grade._version + 1,
  163 |        })updatedAt: new Date().toISOString()
      |          ^
  164 |      };
  165 |  
  [39m
[90m [2m❯[22m failureErrorWithLog node_modules/esbuild/lib/main.js:[2m1748:15[22m[39m
[90m [2m❯[22m node_modules/esbuild/lib/main.js:[2m1017:50[22m[39m
[90m [2m❯[22m responseCallbacks.<computed> node_modules/esbuild/lib/main.js:[2m884:9[22m[39m
[90m [2m❯[22m handleIncomingPacket node_modules/esbuild/lib/main.js:[2m939:12[22m[39m
[90m [2m❯[22m Socket.readFromStdout node_modules/esbuild/lib/main.js:[2m862:7[22m[39m

[31m[2m⎯⎯⎯⎯⎯⎯⎯⎯⎯⎯⎯⎯⎯⎯⎯⎯⎯⎯⎯⎯⎯⎯⎯[6/91]⎯[22m[39m

[41m[1m FAIL [22m[49m [30m[42m unit [49m[39m test/integration/question-editor.test.ts[2m [ test/integration/question-editor.test.ts ][22m
[31m[1mError[22m: Transform failed with 1 error:
/Users/colinbarrett-fox/Projects/new-components/amplify-homework-supply/test/integration/question-editor.test.ts:111:34: ERROR: Expected ">" but found "value"[39m
  Plugin: [35mvite:esbuild[39m
  File: [36m/Users/colinbarrett-fox/Projects/new-components/amplify-homework-supply/test/integration/question-editor.test.ts[39m:111:34
[33m  
  Expected ">" but found "value"
  109 |  
  110 |      return render(
  111 |        <DictionaryContext.Provider value={dictionaryValue as any}>
      |                                    ^
  112 |          <QuestionsReview2 {...defaultProps} {...props} />
  113 |        </DictionaryContext.Provider>
  [39m
[90m [2m❯[22m failureErrorWithLog node_modules/esbuild/lib/main.js:[2m1748:15[22m[39m
[90m [2m❯[22m node_modules/esbuild/lib/main.js:[2m1017:50[22m[39m
[90m [2m❯[22m responseCallbacks.<computed> node_modules/esbuild/lib/main.js:[2m884:9[22m[39m
[90m [2m❯[22m handleIncomingPacket node_modules/esbuild/lib/main.js:[2m939:12[22m[39m
[90m [2m❯[22m Socket.readFromStdout node_modules/esbuild/lib/main.js:[2m862:7[22m[39m

[31m[2m⎯⎯⎯⎯⎯⎯⎯⎯⎯⎯⎯⎯⎯⎯⎯⎯⎯⎯⎯⎯⎯⎯⎯[7/91]⎯[22m[39m

[41m[1m FAIL [22m[49m [30m[42m unit [49m[39m test/integration/section-management.test.ts[2m [ test/integration/section-management.test.ts ][22m
[31m[1mError[22m: Transform failed with 1 error:
/Users/colinbarrett-fox/Projects/new-components/amplify-homework-supply/test/integration/section-management.test.ts:121:16: ERROR: Expected ">" but found "onClick"[39m
  Plugin: [35mvite:esbuild[39m
  File: [36m/Users/colinbarrett-fox/Projects/new-components/amplify-homework-supply/test/integration/section-management.test.ts[39m:121:16
[33m  
  Expected ">" but found "onClick"
  119 |      return (
  120 |        <div>
  121 |          <button onClick={() => setSelectedSection({})}>Create Section</button>
      |                  ^
  122 |          <div role="list">
  123 |            {sections.map(section => (
  [39m
[90m [2m❯[22m failureErrorWithLog node_modules/esbuild/lib/main.js:[2m1748:15[22m[39m
[90m [2m❯[22m node_modules/esbuild/lib/main.js:[2m1017:50[22m[39m
[90m [2m❯[22m responseCallbacks.<computed> node_modules/esbuild/lib/main.js:[2m884:9[22m[39m
[90m [2m❯[22m handleIncomingPacket node_modules/esbuild/lib/main.js:[2m939:12[22m[39m
[90m [2m❯[22m Socket.readFromStdout node_modules/esbuild/lib/main.js:[2m862:7[22m[39m

[31m[2m⎯⎯⎯⎯⎯⎯⎯⎯⎯⎯⎯⎯⎯⎯⎯⎯⎯⎯⎯⎯⎯⎯⎯[8/91]⎯[22m[39m

[41m[1m FAIL [22m[49m [30m[42m unit [49m[39m test/storybook/smoke-test-all-stories.test.ts[2m [ test/storybook/smoke-test-all-stories.test.ts ][22m
[31m[1mError[22m: Transform failed with 1 error:
/Users/colinbarrett-fox/Projects/new-components/amplify-homework-supply/test/storybook/smoke-test-all-stories.test.ts:61:41: ERROR: Expected ">" but found "/"[39m
  Plugin: [35mvite:esbuild[39m
  File: [36m/Users/colinbarrett-fox/Projects/new-components/amplify-homework-supply/test/storybook/smoke-test-all-stories.test.ts[39m:61:41
[33m  
  Expected ">" but found "/"
  59 |            try {
  60 |              // Render the story
  61 |              const result = render(<Story />);
     |                                           ^
  62 |              container = result.container;
  63 |              
  [39m
[90m [2m❯[22m failureErrorWithLog node_modules/esbuild/lib/main.js:[2m1748:15[22m[39m
[90m [2m❯[22m node_modules/esbuild/lib/main.js:[2m1017:50[22m[39m
[90m [2m❯[22m responseCallbacks.<computed> node_modules/esbuild/lib/main.js:[2m884:9[22m[39m
[90m [2m❯[22m handleIncomingPacket node_modules/esbuild/lib/main.js:[2m939:12[22m[39m
[90m [2m❯[22m Socket.readFromStdout node_modules/esbuild/lib/main.js:[2m862:7[22m[39m

[31m[2m⎯⎯⎯⎯⎯⎯⎯⎯⎯⎯⎯⎯⎯⎯⎯⎯⎯⎯⎯⎯⎯⎯⎯[9/91]⎯[22m[39m

[41m[1m FAIL [22m[49m [30m[42m unit [49m[39m .github/skills/docblock-backfill/test/docblock-backfill.test.ts[2m [ .github/skills/docblock-backfill/test/docblock-backfill.test.ts ][22m
[31m[1mError[22m: No test suite found in file /Users/colinbarrett-fox/Projects/new-components/amplify-homework-supply/.github/skills/docblock-backfill/test/docblock-backfill.test.ts[39m
[31m[2m⎯⎯⎯⎯⎯⎯⎯⎯⎯⎯⎯⎯⎯⎯⎯⎯⎯⎯⎯⎯⎯⎯[10/91]⎯[22m[39m


[31m⎯⎯⎯⎯⎯⎯[39m[1m[41m Failed Tests 25 [49m[22m[31m⎯⎯⎯⎯⎯⎯⎯[39m

[41m[1m FAIL [22m[49m [30m[45m storybook (chromium) [49m[39m src/components/MainToolbar.stories.jsx[2m > [22mFull Toolbar
[31m[1mTestingLibraryElementError[22m: 
[34mClick to debug the error directly in Storybook: http://localhost:6006/?path=/story/📚-creating-lessons-main-toolbar--full-toolbar&addonPanel=storybook/interactions/panel[31m

Unable to find an accessible element with the role "button" and name `/menu/i`

Here are the accessible roles:

  progressbar:

  Name "":
  <span
    class="MuiCircularProgress-root MuiCircularProgress-indeterminate MuiCircularProgress-colorPrimary css-19dyqm6-MuiCircularProgress-root"
    role="progressbar"
    style="width: 44px; height: 44px;"
  />

  --------------------------------------------------
  paragraph:

  Name "":
  <p
    class="MuiTypography-root MuiTypography-body2 css-2d2zoi-MuiTypography-root"
  />

  --------------------------------------------------

Ignored nodes: comments, script, style
<div>
  <div
    class="storybook-wrapper"
    data-mui-color-scheme="light"
    style="height: 100vh; width: 100%; overflow: auto; position: relative; background-color: var(--mui-palette-background-default, #fafafa);"
  >
    <div
      class="MuiBox-root css-19jhm8r"
    >
      <span
        class="MuiCircularProgress-root MuiCircularProgress-indeterminate MuiCircularProgress-colorPrimary css-19dyqm6-MuiCircularProgress-root"
        role="progressbar"
        style="width: 44px; height: 44px;"
      >
        <svg
          class="MuiCircularProgress-svg css-54pwck-MuiCircularProgress-svg"
          viewBox="22 22 44 44"
        >
          <circle
            class="MuiCircularProgress-circle MuiCircularProgress-circleIndeterminate css-19t5dcl-MuiCircularProgress-circle"
            cx="44"
            cy="44"
            fill="none"
            r="20"
            stroke-width="4"
          />
        </svg>
      </span>
      <p
        class="MuiTypography-root MuiTypography-body2 css-2d2zoi-MuiTypography-root"
      >
        Loading 
        MainToolbar
        …
      </p>
    </div>
  </div>
</div>[39m
[90m [2m❯[22m getByRole src/components/MainToolbar.stories.jsx:[2m53:30[22m[39m
[90m [2m❯[22m node_modules/.cache/storybook/10.2.19/f318ae7f61a4128df8bdb5055cec17024d376c5433c4e45bdb2bed2e9a33d137/sb-vitest/deps/@storybook_addon-vitest_internal_test-utils.js?v=d1a9b7a7:[2m128:184[22m[39m

[31m[2m⎯⎯⎯⎯⎯⎯⎯⎯⎯⎯⎯⎯⎯⎯⎯⎯⎯⎯⎯⎯⎯⎯[11/91]⎯[22m[39m

[41m[1m FAIL [22m[49m [30m[45m storybook (chromium) [49m[39m src/components/MainToolbar.stories.jsx[2m > [22mUser Menu Only
[31m[1mTestingLibraryElementError[22m: 
[34mClick to debug the error directly in Storybook: http://localhost:6006/?path=/story/📚-creating-lessons-main-toolbar--user-menu-only&addonPanel=storybook/interactions/panel[31m

Unable to find role="button" and name `/account/i`

Ignored nodes: comments, script, style
<div>
  <div
    class="storybook-wrapper"
    data-mui-color-scheme="light"
    style="height: 100vh; width: 100%; overflow: auto; position: relative; background-color: var(--mui-palette-background-default, #fafafa);"
  >
    <div
      style="position: relative;"
    >
      <div>
        <div
          class="MuiBox-root css-6l7emy"
        >
          <div>
            <button
              aria-haspopup="true"
              aria-label="Profile"
              class="MuiButtonBase-root MuiIconButton-root MuiIconButton-colorInherit MuiIconButton-sizeMedium css-1hezwcy-MuiButtonBase-root-MuiIconButton-root"
              id="user-button"
              tabindex="0"
              type="button"
            >
              <svg
                aria-hidden="true"
                class="MuiSvgIcon-root MuiSvgIcon-fontSizeMedium css-4uxqju-MuiSvgIcon-root"
                data-testid="AccountCircleIcon"
                focusable="false"
                viewBox="0 0 24 24"
              >
                <path
                  d="M12 2C6.48 2 2 6.48 2 12s4.48 10 10 10 10-4.48 10-10S17.52 2 12 2m0 4c1.93 0 3.5 1.57 3.5 3.5S13.93 13 12 13s-3.5-1.57-3.5-3.5S10.07 6 12 6m0 14c-2.03 0-4.43-.82-6.14-2.88C7.55 15.8 9.68 15 12 15s4.45.8 6.14 2.12C16.43 19.18 14.03 20 12 20"
                />
              </svg>
            </button>
          </div>
        </div>
      </div>
    </div>
  </div>
</div>

Ignored nodes: comments, script, style
<div>
  <div
    class="storybook-wrapper"
    data-mui-color-scheme="light"
    style="height: 100vh; width: 100%; overflow: auto; position: relative; background-color: var(--mui-palette-background-default, #fafafa);"
  >
    <div
      style="position: relative;"
    >
      <div>
        <div
          class="MuiBox-root css-6l7emy"
        >
          <div>
            <button
              aria-haspopup="true"
              aria-label="Profile"
              class="MuiButtonBase-root MuiIconButton-root MuiIconButton-colorInherit MuiIconButton-sizeMedium css-1hezwcy-MuiButtonBase-root-MuiIconButton-root"
              id="user-button"
              tabindex="0"
              type="button"
            >
              <svg
                aria-hidden="true"
                class="MuiSvgIcon-root MuiSvgIcon-fontSizeMedium css-4uxqju-MuiSvgIcon-root"
                data-testid="AccountCircleIcon"
                focusable="false"
                viewBox="0 0 24 24"
              >
                <path
                  d="M12 2C6.48 2 2 6.48 2 12s4.48 10 10 10 10-4.48 10-10S17.52 2 12 2m0 4c1.93 0 3.5 1.57 3.5 3.5S13.93 13 12 13s-3.5-1.57-3.5-3.5S10.07 6 12 6m0 14c-2.03 0-4.43-.82-6.14-2.88C7.55 15.8 9.68 15 12 15s4.45.8 6.14 2.12C16.43 19.18 14.03 20 12 20"
                />
              </svg>
            </button>
          </div>
        </div>
      </div>
    </div>
  </div>
</div>[39m
[90m [2m❯[22m findByRole src/components/MainToolbar.stories.jsx:[2m138:36[22m[39m
[90m [2m❯[22m node_modules/.cache/storybook/10.2.19/f318ae7f61a4128df8bdb5055cec17024d376c5433c4e45bdb2bed2e9a33d137/sb-vitest/deps/@storybook_addon-vitest_internal_test-utils.js?v=d1a9b7a7:[2m128:184[22m[39m

[31m[2m⎯⎯⎯⎯⎯⎯⎯⎯⎯⎯⎯⎯⎯⎯⎯⎯⎯⎯⎯⎯⎯⎯[12/91]⎯[22m[39m

[41m[1m FAIL [22m[49m [30m[45m storybook (chromium) [49m[39m src/components/MainToolbar.stories.jsx[2m > [22mJoin Section Demo
[31m[1mTestingLibraryElementError[22m[39m: 
[34mClick to debug the error directly in Storybook: http://localhost:6006/?path=/story/📚-creating-lessons-main-toolbar--join-section-demo&addonPanel=storybook/interactions/panel[39m

Unable to find role="button" and name `/add user to section/i`

Ignored nodes: comments, script, style
<div>
  <div
    class="storybook-wrapper"
    data-mui-color-scheme="light"
    style="height: 100vh; width: 100%; overflow: auto; position: relative; background-color: var(--mui-palette-background-default, #fafafa);"
  >
    <div
      style="position: relative;"
    >
      <div>
        <div
          class="MuiToolbar-root MuiToolbar-gutters MuiToolbar-dense css-1ias4yg-MuiToolbar-root"
        >
          <button
            aria-label="Menu"
            class="MuiButtonBase-root MuiIconButton-root MuiIconButton-colorInherit MuiIconButton-edgeStart MuiIconButton-sizeMedium css-wouqe7-MuiButtonBase-root-MuiIconButton-root"
            tabindex="0"
            type="button"
          >
            <svg
              aria-hidden="true"
              class="MuiSvgIcon-root MuiSvgIcon-fontSizeMedium css-4uxqju-MuiSvgIcon-root"
              data-testid="MenuIcon"
              focusable="false"
              viewBox="0 0 24 24"
            >
              <path
                d="M3 18h18v-2H3zm0-5h18v-2H3zm0-7v2h18V6z"
              />
            </svg>
          </button>
          <div
            class="MuiBox-root css-1u5ai48"
          >
            <h3
              class="MuiTypography-root MuiTypography-h3 MuiTypography-gutterBottom css-uynfxu-MuiTypography-root"
            >
              Join a Section
            </h3>
            <p
              class="MuiTypography-root MuiTypography-body1 MuiTypography-paragraph css-rn0nqi-MuiTypography-root"
            >
              Click the person-add icon in the toolbar to open the Join Section dialog. Use the demo code 
              <strong>
                DEMO-2026
              </strong>
               to simulate joining a class.
            </p>
          </div>
          <div
            class="MuiBox-root css-i9gxme"
          />
          <button
            aria-label="Add to Section"
            class="MuiButtonBase-root MuiIconButton-root MuiIconButton-colorInherit MuiIconButton-sizeMedium css-1hezwcy-MuiButtonBase-root-MuiIconButton-root"
            data-tour="join-section-button"
            tabindex="0"
            type="button"
          >
            <svg
              aria-hidden="true"
              class="MuiSvgIcon-root MuiSvgIcon-fontSizeMedium css-4uxqju-MuiSvgIcon-root"
              data-testid="PersonAddIcon"
              focusable="false"
              viewBox="0 0 24 24"
            >
              <path
                d="M15 12c2.21 0 4-1.79 4-4s-1.79-4-4-4-4 1.79-4 4 1.79 4 4 4m-9-2V7H4v3H1v2h3v3h2v-3h3v-2zm9 4c-2.67 0-8 1.34-8 4v2h16v-2c0-2.66-5.33-4-8-4"
              />
            </svg>
          </button>
          <div>
            <button
              aria-haspopup="true"
              aria-label="Profile"
              class="MuiButtonBase-root MuiIconButton-root MuiIconButton-colorInherit MuiIconButton-sizeMedium css-1hezwcy-MuiButtonBase-root-MuiIconButton-root"
              id="user-button"
              tabindex="0"
              type="button"
            >
              <svg
                aria-hidden="true"
                class="MuiSvgIcon-root MuiSvgIcon-fontSizeMedium css-4uxqju-MuiSvgIcon-root"
                data-testid="AccountCircleIcon"
                focusable="false"
                viewBox="0 0 24 24"
              >
                <path
                  d="M12 2C6.48 2 2 6.48 2 12s4.48 10 10 10 10-4.48 10-10S17.52 2 12 2m0 4c1.93 0 3.5 1.57 3.5 3.5S13.93 13 12 13s-3.5-1.57-3.5-3.5S10.07 6 12 6m0 14c-2.03 0-4.43-.82-6.14-2.88C7.55 15.8 9.68 15 12 15s4.45.8 6.14 2.12C16.43 19.18 14.03 20 12 20"
                />
              </svg>
            </button>
          </div>
        </div>
        <div
          class="PrivateSwipeArea-root css-1b646n-MuiSwipeArea-root"
          style="width: 20px;"
        />
      </div>
    </div>
  </div>
</div>

Ignored nodes: comments, script, style
<div>
  <div
    class="storybook-wrapper"
    data-mui-color-scheme="light"
    style="height: 100vh; width: 100%; overflow: auto; position: relative; background-color: var(--mui-palette-background-default, #fafafa);"
  >
    <div
      style="position: relative;"
    >
      <div>
        <div
          class="MuiToolbar-root MuiToolbar-gutters MuiToolbar-dense css-1ias4yg-MuiToolbar-root"
        >
          <button
            aria-label="Menu"
            class="MuiButtonBase-root MuiIconButton-root MuiIconButton-colorInherit MuiIconButton-edgeStart MuiIconButton-sizeMedium css-wouqe7-MuiButtonBase-root-MuiIconButton-root"
            tabindex="0"
            type="button"
          >
            <svg
              aria-hidden="true"
              class="MuiSvgIcon-root MuiSvgIcon-fontSizeMedium css-4uxqju-MuiSvgIcon-root"
              data-testid="MenuIcon"
              focusable="false"
              viewBox="0 0 24 24"
            >
              <path
                d="M3 18h18v-2H3zm0-5h18v-2H3zm0-7v2h18V6z"
              />
            </svg>
          </button>
          <div
            class="MuiBox-root css-1u5ai48"
          >
            <h3
              class="MuiTypography-root MuiTypography-h3 MuiTypography-gutterBottom css-uynfxu-MuiTypography-root"
            >
              Join a Section
            </h3>
            <p
              class="MuiTypography-root MuiTypography-body1 MuiTypography-paragraph css-rn0nqi-MuiTypography-root"
            >
              Click the person-add icon in the toolbar to open the Join Section dialog. Use the demo code 
              <strong>
                DEMO-2026
              </strong>
               to simulate joining a class.
            </p>
          </div>
          <div
            class="MuiBox-root css-i9gxme"
          />
          <button
            aria-label="Add to Section"
            class="MuiButtonBase-root MuiIconButton-root MuiIconButton-colorInherit MuiIconButton-sizeMedium css-1hezwcy-MuiButtonBase-root-MuiIconButton-root"
            data-tour="join-section-button"
            tabindex="0"
            type="button"
          >
            <svg
              aria-hidden="true"
              class="MuiSvgIcon-root MuiSvgIcon-fontSizeMedium css-4uxqju-MuiSvgIcon-root"
              data-testid="PersonAddIcon"
              focusable="false"
              viewBox="0 0 24 24"
            >
              <path
                d="M15 12c2.21 0 4-1.79 4-4s-1.79-4-4-4-4 1.79-4 4 1.79 4 4 4m-9-2V7H4v3H1v2h3v3h2v-3h3v-2zm9 4c-2.67 0-8 1.34-8 4v2h16v-2c0-2.66-5.33-4-8-4"
              />
            </svg>
          </button>
          <div>
            <button
              aria-haspopup="true"
              aria-label="Profile"
              class="MuiButtonBase-root MuiIconButton-root MuiIconButton-colorInherit MuiIconButton-sizeMedium css-1hezwcy-MuiButtonBase-root-MuiIconButton-root"
              id="user-button"
              tabindex="0"
              type="button"
            >
              <svg
                aria-hidden="true"
                class="MuiSvgIcon-root MuiSvgIcon-fontSizeMedium css-4uxqju-MuiSvgIcon-root"
                data-testid="AccountCircleIcon"
                focusable="false"
                viewBox="0 0 24 24"
              >
                <path
                  d="M12 2C6.48 2 2 6.48 2 12s4.48 10 10 10 10-4.48 10-10S17.52 2 12 2m0 4c1.93 0 3.5 1.57 3.5 3.5S13.93 13 12 13s-3.5-1.57-3.5-3.5S10.07 6 12 6m0 14c-2.03 0-4.43-.82-6.14-2.88C7.55 15.8 9.68 15 12 15s4.45.8 6.14 2.12C16.43 19.18 14.03 20 12 20"
                />
              </svg>
            </button>
          </div>
        </div>
        <div
          class="PrivateSwipeArea-root css-1b646n-MuiSwipeArea-root"
          style="width: 20px;"
        />
      </div>
    </div>
  </div>
</div>
[90m [2m❯[22m findByRole src/components/MainToolbar.stories.jsx:[2m176:36[22m[39m
[90m [2m❯[22m node_modules/.cache/storybook/10.2.19/f318ae7f61a4128df8bdb5055cec17024d376c5433c4e45bdb2bed2e9a33d137/sb-vitest/deps/@storybook_addon-vitest_internal_test-utils.js?v=d1a9b7a7:[2m128:184[22m[39m

[31m[2m⎯⎯⎯⎯⎯⎯⎯⎯⎯⎯⎯⎯⎯⎯⎯⎯⎯⎯⎯⎯⎯⎯[13/91]⎯[22m[39m

[41m[1m FAIL [22m[49m [30m[42m unit [49m[39m test/performance/datastore-sync.test.ts[2m > [22mDataStore Subscription Performance Tests[2m > [22mQuery Performance[2m > [22mfetches small dataset efficiently
[31m[1mAssertionError[22m: expected 2932.3733589999993 to be less than 200[39m
[36m [2m❯[22m test/performance/datastore-sync.test.ts:[2m117:25[22m[39m
    [90m115|[39m
    [90m116|[39m       [34mexpect[39m([33mArray[39m[33m.[39m[34misArray[39m(data))[33m.[39m[34mtoBe[39m([35mtrue[39m)[33m;[39m
    [90m117|[39m       expect(queryTime).toBeLessThan(PERFORMANCE_THRESHOLDS.QUERY_RESP…
    [90m   |[39m                         [31m^[39m
    [90m118|[39m
    [90m119|[39m       console.info(`✓ Small dataset query completed in ${queryTime.toF…

[31m[2m⎯⎯⎯⎯⎯⎯⎯⎯⎯⎯⎯⎯⎯⎯⎯⎯⎯⎯⎯⎯⎯⎯[14/91]⎯[22m[39m

[41m[1m FAIL [22m[49m [30m[42m unit [49m[39m test/performance/datastore-sync.test.ts[2m > [22mDataStore Subscription Performance Tests[2m > [22mReal-time Update Performance[2m > [22mpropagates updates quickly
[31m[1mAssertionError[22m: expected false to be true // Object.is equality[39m

[32m- Expected[39m
[31m+ Received[39m

[32m- true[39m
[31m+ false[39m

[36m [2m❯[22m test/performance/datastore-sync.test.ts:[2m215:24[22m[39m
    [90m213|[39m       updateLatency [33m=[39m performance[33m.[39m[34mnow[39m() [33m-[39m updateStartTime[33m;[39m
    [90m214|[39m
    [90m215|[39m       [34mexpect[39m(received)[33m.[39m[34mtoBe[39m([35mtrue[39m)[33m;[39m
    [90m   |[39m                        [31m^[39m
    [90m216|[39m       expect(updateLatency).toBeLessThan(PERFORMANCE_THRESHOLDS.UPDATE…
    [90m217|[39m

[31m[2m⎯⎯⎯⎯⎯⎯⎯⎯⎯⎯⎯⎯⎯⎯⎯⎯⎯⎯⎯⎯⎯⎯[15/91]⎯[22m[39m

[41m[1m FAIL [22m[49m [30m[42m unit [49m[39m test/performance/datastore-sync.test.ts[2m > [22mDataStore Subscription Performance Tests[2m > [22mReal-time Update Performance[2m > [22mhandles rapid successive updates
[31m[1mAssertionError[22m: expected 'Initial' to contain 'Update'[39m

Expected: [32m"Update"[39m
Received: [31m"Initial"[39m

[36m [2m❯[22m test/performance/datastore-sync.test.ts:[2m271:59[22m[39m
    [90m269|[39m
    [90m270|[39m       [90m// Should receive final state[39m
    [90m271|[39m       expect(receivedUpdates[receivedUpdates.length - 1]).toContain('U…
    [90m   |[39m                                                           [31m^[39m
    [90m272|[39m
    [90m273|[39m       console.info(`✓ ${updateCount} rapid updates in ${totalTime.toFi…

[31m[2m⎯⎯⎯⎯⎯⎯⎯⎯⎯⎯⎯⎯⎯⎯⎯⎯⎯⎯⎯⎯⎯⎯[16/91]⎯[22m[39m

[41m[1m FAIL [22m[49m [30m[42m unit [49m[39m test/performance/datastore-sync.test.ts[2m > [22mDataStore Subscription Performance Tests[2m > [22mPerformance Benchmark Report[2m > [22mgenerates comprehensive DataStore performance report
[31m[1mAssertionError[22m: expected 477.80250700000033 to be less than 200[39m
[36m [2m❯[22m test/performance/datastore-sync.test.ts:[2m566:35[22m[39m
    [90m564|[39m
    [90m565|[39m       [90m// Verify against thresholds[39m
    [90m566|[39m       expect(metrics.simpleQuery).toBeLessThan(PERFORMANCE_THRESHOLDS.…
    [90m   |[39m                                   [31m^[39m
    [90m567|[39m       expect(metrics.largeQuery).toBeLessThan(PERFORMANCE_THRESHOLDS.L…
    [90m568|[39m       expect(metrics.filteredQuery).toBeLessThan(PERFORMANCE_THRESHOLD…

[31m[2m⎯⎯⎯⎯⎯⎯⎯⎯⎯⎯⎯⎯⎯⎯⎯⎯⎯⎯⎯⎯⎯⎯[17/91]⎯[22m[39m

[41m[1m FAIL [22m[49m [30m[42m unit [49m[39m test/integration/api.test.ts[2m > [22mA. Authentication & Authorization Tests[2m > [22mA2. Authorization & Group Access[2m > [22mInstructor can edit owned units
[31m[1mAssertionError[22m: expected [ { path: [ 'updateUnit' ], …(5) } ] to be undefined[39m

[32m- Expected:[39m
undefined

[31m+ Received:[39m
[
  {
    "data": null,
    "errorInfo": null,
    "errorType": "MappingTemplate",
    "locations": [
      {
        "column": 3,
        "line": 2,
        "sourceName": null,
      },
    ],
    "message": "UpdateItem on versioned data source requires the _version to be provided.",
    "path": [
      "updateUnit",
    ],
  },
]

[36m [2m❯[22m test/integration/api.test.ts:[2m139:22[22m[39m
    [90m137|[39m       })[33m;[39m
    [90m138|[39m
    [90m139|[39m       [34mexpect[39m(errors)[33m.[39m[34mtoBeUndefined[39m()[33m;[39m
    [90m   |[39m                      [31m^[39m
    [90m140|[39m       [34mexpect[39m(updated[33m?.[39mname)[33m.[39m[34mtoBe[39m([32m'Updated Name'[39m)[33m;[39m
    [90m141|[39m

[31m[2m⎯⎯⎯⎯⎯⎯⎯⎯⎯⎯⎯⎯⎯⎯⎯⎯⎯⎯⎯⎯⎯⎯[18/91]⎯[22m[39m

[41m[1m FAIL [22m[49m [30m[42m unit [49m[39m test/integration/api.test.ts[2m > [22mA. Authentication & Authorization Tests[2m > [22mA2. Authorization & Group Access[2m > [22mAdmin has full access to all resources
[31m[1mAssertionError[22m: expected undefined to be 'Admin modified' // Object.is equality[39m

[32m- Expected:[39m
"Admin modified"

[31m+ Received:[39m
undefined

[36m [2m❯[22m test/integration/api.test.ts:[2m190:36[22m[39m
    [90m188|[39m         description[33m:[39m [32m'Admin modified'[39m[33m,[39m
    [90m189|[39m       })[33m;[39m
    [90m190|[39m       [34mexpect[39m(updated[33m?.[39mdescription)[33m.[39m[34mtoBe[39m([32m'Admin modified'[39m)[33m;[39m
    [90m   |[39m                                    [31m^[39m
    [90m191|[39m
    [90m192|[39m       [90m// Admin can delete[39m

[31m[2m⎯⎯⎯⎯⎯⎯⎯⎯⎯⎯⎯⎯⎯⎯⎯⎯⎯⎯⎯⎯⎯⎯[19/91]⎯[22m[39m

[41m[1m FAIL [22m[49m [30m[42m unit [49m[39m test/integration/api.test.ts[2m > [22mB. GraphQL API Tests (Gen 2)[2m > [22mB1. Unit CRUD Operations[2m > [22mUpdate unit content (data field JSON)
[31m[1mAssertionError[22m: expected [ { path: [ 'updateUnit' ], …(5) } ] to be undefined[39m

[32m- Expected:[39m
undefined

[31m+ Received:[39m
[
  {
    "data": null,
    "errorInfo": null,
    "errorType": "MappingTemplate",
    "locations": [
      {
        "column": 3,
        "line": 2,
        "sourceName": null,
      },
    ],
    "message": "UpdateItem on versioned data source requires the _version to be provided.",
    "path": [
      "updateUnit",
    ],
  },
]

[36m [2m❯[22m test/integration/api.test.ts:[2m437:22[22m[39m
    [90m435|[39m       })[33m;[39m
    [90m436|[39m
    [90m437|[39m       [34mexpect[39m(errors)[33m.[39m[34mtoBeUndefined[39m()[33m;[39m
    [90m   |[39m                      [31m^[39m
    [90m438|[39m       [90m// Response comes back as string, parse to compare[39m
    [90m439|[39m       [34mexpect[39m([33mJSON[39m[33m.[39m[34mparse[39m(updated[33m?.[39mdata [35mas[39m string))[33m.[39m[34mtoEqual[39m(updatedData)[33m;[39m

[31m[2m⎯⎯⎯⎯⎯⎯⎯⎯⎯⎯⎯⎯⎯⎯⎯⎯⎯⎯⎯⎯⎯⎯[20/91]⎯[22m[39m

[41m[1m FAIL [22m[49m [30m[42m unit [49m[39m test/integration/api.test.ts[2m > [22mB. GraphQL API Tests (Gen 2)[2m > [22mB1. Unit CRUD Operations[2m > [22mDelete unit
[31m[1mAssertionError[22m: expected [ { path: [ 'deleteUnit' ], …(5) } ] to be undefined[39m

[32m- Expected:[39m
undefined

[31m+ Received:[39m
[
  {
    "data": null,
    "errorInfo": null,
    "errorType": "MappingTemplate",
    "locations": [
      {
        "column": 3,
        "line": 2,
        "sourceName": null,
      },
    ],
    "message": "DeleteItem on versioned data source requires the _version to be provided.",
    "path": [
      "deleteUnit",
    ],
  },
]

[36m [2m❯[22m test/integration/api.test.ts:[2m457:22[22m[39m
    [90m455|[39m       const { data: deleted, errors } = await safeDelete(client.models…
    [90m456|[39m
    [90m457|[39m       [34mexpect[39m(errors)[33m.[39m[34mtoBeUndefined[39m()[33m;[39m
    [90m   |[39m                      [31m^[39m
    [90m458|[39m       [34mexpect[39m(deleted)[33m.[39m[34mtoBeDefined[39m()[33m;[39m
    [90m459|[39m

[31m[2m⎯⎯⎯⎯⎯⎯⎯⎯⎯⎯⎯⎯⎯⎯⎯⎯⎯⎯⎯⎯⎯⎯[21/91]⎯[22m[39m

[41m[1m FAIL [22m[49m [30m[42m unit [49m[39m test/integration/api.test.ts[2m > [22mB. GraphQL API Tests (Gen 2)[2m > [22mB2. Assignment CRUD Operations[2m > [22mUpdate assignment due date
[31m[1mAssertionError[22m: expected [ { …(6) } ] to be undefined[39m

[32m- Expected:[39m
undefined

[31m+ Received:[39m
[
  {
    "data": null,
    "errorInfo": null,
    "errorType": "MappingTemplate",
    "locations": [
      {
        "column": 3,
        "line": 2,
        "sourceName": null,
      },
    ],
    "message": "UpdateItem on versioned data source requires the _version to be provided.",
    "path": [
      "updateAssignment",
    ],
  },
]

[36m [2m❯[22m test/integration/api.test.ts:[2m567:22[22m[39m
    [90m565|[39m       })[33m;[39m
    [90m566|[39m
    [90m567|[39m       [34mexpect[39m(errors)[33m.[39m[34mtoBeUndefined[39m()[33m;[39m
    [90m   |[39m                      [31m^[39m
    [90m568|[39m       [34mexpect[39m(updated[33m?.[39mdueDate)[33m.[39m[34mtoBe[39m(nextWeek[33m.[39m[34mtoISOString[39m())[33m;[39m
    [90m569|[39m

[31m[2m⎯⎯⎯⎯⎯⎯⎯⎯⎯⎯⎯⎯⎯⎯⎯⎯⎯⎯⎯⎯⎯⎯[22/91]⎯[22m[39m

[41m[1m FAIL [22m[49m [30m[42m unit [49m[39m test/integration/api.test.ts[2m > [22mB. GraphQL API Tests (Gen 2)[2m > [22mB2. Assignment CRUD Operations[2m > [22mQuery assignments by section
[31m[1mAssertionError[22m: expected 1 to be greater than or equal to 2[39m
[36m [2m❯[22m test/integration/api.test.ts:[2m596:27[22m[39m
    [90m594|[39m       })[33m;[39m
    [90m595|[39m
    [90m596|[39m       [34mexpect[39m(data[33m.[39mlength)[33m.[39m[34mtoBeGreaterThanOrEqual[39m([34m2[39m)[33m;[39m
    [90m   |[39m                           [31m^[39m
    [90m597|[39m
    [90m598|[39m       [90m// Cleanup[39m

[31m[2m⎯⎯⎯⎯⎯⎯⎯⎯⎯⎯⎯⎯⎯⎯⎯⎯⎯⎯⎯⎯⎯⎯[23/91]⎯[22m[39m

[41m[1m FAIL [22m[49m [30m[42m unit [49m[39m test/integration/api.test.ts[2m > [22mB. GraphQL API Tests (Gen 2)[2m > [22mB2. Assignment CRUD Operations[2m > [22mQuery assignments by learner
[31m[1mAssertionError[22m: expected undefined to be defined[39m
[36m [2m❯[22m test/integration/api.test.ts:[2m624:21[22m[39m
    [90m622|[39m       [34mexpect[39m(data[33m.[39mlength)[33m.[39m[34mtoBeGreaterThanOrEqual[39m([34m1[39m)[33m;[39m
    [90m623|[39m       [35mconst[39m found [33m=[39m data[33m.[39m[34mfind[39m(a [33m=>[39m a[33m.[39mid [33m===[39m assignment[33m![39m[33m.[39mid)[33m;[39m
    [90m624|[39m       [34mexpect[39m(found)[33m.[39m[34mtoBeDefined[39m()[33m;[39m
    [90m   |[39m                     [31m^[39m
    [90m625|[39m
    [90m626|[39m       [90m// Cleanup[39m

[31m[2m⎯⎯⎯⎯⎯⎯⎯⎯⎯⎯⎯⎯⎯⎯⎯⎯⎯⎯⎯⎯⎯⎯[24/91]⎯[22m[39m

[41m[1m FAIL [22m[49m [30m[42m unit [49m[39m test/integration/api.test.ts[2m > [22mB. GraphQL API Tests (Gen 2)[2m > [22mB2. Assignment CRUD Operations[2m > [22mDelete assignment
[31m[1mAssertionError[22m: expected [ { …(6) } ] to be undefined[39m

[32m- Expected:[39m
undefined

[31m+ Received:[39m
[
  {
    "data": null,
    "errorInfo": null,
    "errorType": "MappingTemplate",
    "locations": [
      {
        "column": 3,
        "line": 2,
        "sourceName": null,
      },
    ],
    "message": "DeleteItem on versioned data source requires the _version to be provided.",
    "path": [
      "deleteAssignment",
    ],
  },
]

[36m [2m❯[22m test/integration/api.test.ts:[2m641:22[22m[39m
    [90m639|[39m       const { data: deleted, errors } = await safeDelete(client.models…
    [90m640|[39m
    [90m641|[39m       [34mexpect[39m(errors)[33m.[39m[34mtoBeUndefined[39m()[33m;[39m
    [90m   |[39m                      [31m^[39m
    [90m642|[39m       [34mexpect[39m(deleted)[33m.[39m[34mtoBeDefined[39m()[33m;[39m
    [90m643|[39m

[31m[2m⎯⎯⎯⎯⎯⎯⎯⎯⎯⎯⎯⎯⎯⎯⎯⎯⎯⎯⎯⎯⎯⎯[25/91]⎯[22m[39m

[41m[1m FAIL [22m[49m [30m[42m unit [49m[39m test/integration/api.test.ts[2m > [22mB. GraphQL API Tests (Gen 2)[2m > [22mB3. Grade CRUD Operations[2m > [22mUpdate grade data (student progress)
[31m[1mAssertionError[22m: expected [ { path: [ 'updateGrade' ], …(5) } ] to be undefined[39m

[32m- Expected:[39m
undefined

[31m+ Received:[39m
[
  {
    "data": null,
    "errorInfo": null,
    "errorType": "MappingTemplate",
    "locations": [
      {
        "column": 3,
        "line": 2,
        "sourceName": null,
      },
    ],
    "message": "UpdateItem on versioned data source requires the _version to be provided.",
    "path": [
      "updateGrade",
    ],
  },
]

[36m [2m❯[22m test/integration/api.test.ts:[2m713:22[22m[39m
    [90m711|[39m       })[33m;[39m
    [90m712|[39m
    [90m713|[39m       [34mexpect[39m(errors)[33m.[39m[34mtoBeUndefined[39m()[33m;[39m
    [90m   |[39m                      [31m^[39m
    [90m714|[39m       [34mexpect[39m(updated[33m?.[39mpercentComplete)[33m.[39m[34mtoBe[39m([34m50[39m)[33m;[39m
    [90m715|[39m       [90m// data field is returned as JSON string, need to parse[39m

[31m[2m⎯⎯⎯⎯⎯⎯⎯⎯⎯⎯⎯⎯⎯⎯⎯⎯⎯⎯⎯⎯⎯⎯[26/91]⎯[22m[39m

[41m[1m FAIL [22m[49m [30m[42m unit [49m[39m test/integration/api.test.ts[2m > [22mB. GraphQL API Tests (Gen 2)[2m > [22mB3. Grade CRUD Operations[2m > [22mComplete grade (mark as complete)
[31m[1mAssertionError[22m: expected [ { path: [ 'updateGrade' ], …(5) } ] to be undefined[39m

[32m- Expected:[39m
undefined

[31m+ Received:[39m
[
  {
    "data": null,
    "errorInfo": null,
    "errorType": "MappingTemplate",
    "locations": [
      {
        "column": 3,
        "line": 2,
        "sourceName": null,
      },
    ],
    "message": "UpdateItem on versioned data source requires the _version to be provided.",
    "path": [
      "updateGrade",
    ],
  },
]

[36m [2m❯[22m test/integration/api.test.ts:[2m769:22[22m[39m
    [90m767|[39m       })[33m;[39m
    [90m768|[39m
    [90m769|[39m       [34mexpect[39m(errors)[33m.[39m[34mtoBeUndefined[39m()[33m;[39m
    [90m   |[39m                      [31m^[39m
    [90m770|[39m       [34mexpect[39m(completed[33m?.[39mcomplete)[33m.[39m[34mtoBe[39m([35mtrue[39m)[33m;[39m
    [90m771|[39m       [34mexpect[39m(completed[33m?.[39mpercentComplete)[33m.[39m[34mtoBe[39m([34m100[39m)[33m;[39m

[31m[2m⎯⎯⎯⎯⎯⎯⎯⎯⎯⎯⎯⎯⎯⎯⎯⎯⎯⎯⎯⎯⎯⎯[27/91]⎯[22m[39m

[41m[1m FAIL [22m[49m [30m[42m unit [49m[39m test/integration/api.test.ts[2m > [22mB. GraphQL API Tests (Gen 2)[2m > [22mB4. Section CRUD Operations[2m > [22mUpdate section metadata
[31m[1mAssertionError[22m: expected [ { path: [ 'updateSection' ], …(5) } ] to be undefined[39m

[32m- Expected:[39m
undefined

[31m+ Received:[39m
[
  {
    "data": null,
    "errorInfo": null,
    "errorType": "MappingTemplate",
    "locations": [
      {
        "column": 3,
        "line": 2,
        "sourceName": null,
      },
    ],
    "message": "UpdateItem on versioned data source requires the _version to be provided.",
    "path": [
      "updateSection",
    ],
  },
]

[36m [2m❯[22m test/integration/api.test.ts:[2m906:22[22m[39m
    [90m904|[39m       })[33m;[39m
    [90m905|[39m
    [90m906|[39m       [34mexpect[39m(errors)[33m.[39m[34mtoBeUndefined[39m()[33m;[39m
    [90m   |[39m                      [31m^[39m
    [90m907|[39m       [34mexpect[39m(updated[33m?.[39mname)[33m.[39m[34mtoBe[39m([32m'Updated Section Name'[39m)[33m;[39m
    [90m908|[39m       [34mexpect[39m(updated[33m?.[39mdescription)[33m.[39m[34mtoBe[39m([32m'Updated description'[39m)[33m;[39m

[31m[2m⎯⎯⎯⎯⎯⎯⎯⎯⎯⎯⎯⎯⎯⎯⎯⎯⎯⎯⎯⎯⎯⎯[28/91]⎯[22m[39m

[41m[1m FAIL [22m[49m [30m[42m unit [49m[39m test/integration/api.test.ts[2m > [22mB. GraphQL API Tests (Gen 2)[2m > [22mB4. Section CRUD Operations[2m > [22mDelete section
[31m[1mAssertionError[22m: expected [ { path: [ 'deleteSection' ], …(5) } ] to be undefined[39m

[32m- Expected:[39m
undefined

[31m+ Received:[39m
[
  {
    "data": null,
    "errorInfo": null,
    "errorType": "MappingTemplate",
    "locations": [
      {
        "column": 3,
        "line": 2,
        "sourceName": null,
      },
    ],
    "message": "DeleteItem on versioned data source requires the _version to be provided.",
    "path": [
      "deleteSection",
    ],
  },
]

[36m [2m❯[22m test/integration/api.test.ts:[2m924:22[22m[39m
    [90m922|[39m       const { data: deleted, errors } = await safeDelete(client.models…
    [90m923|[39m
    [90m924|[39m       [34mexpect[39m(errors)[33m.[39m[34mtoBeUndefined[39m()[33m;[39m
    [90m   |[39m                      [31m^[39m
    [90m925|[39m       [34mexpect[39m(deleted)[33m.[39m[34mtoBeDefined[39m()[33m;[39m
    [90m926|[39m

[31m[2m⎯⎯⎯⎯⎯⎯⎯⎯⎯⎯⎯⎯⎯⎯⎯⎯⎯⎯⎯⎯⎯⎯[29/91]⎯[22m[39m

[41m[1m FAIL [22m[49m [30m[42m unit [49m[39m test/integration/api.test.ts[2m > [22mB. GraphQL API Tests (Gen 2)[2m > [22mB5. Word/Question/File CRUD[2m > [22mUpdate word with audio files
[31m[1mAssertionError[22m: expected [ { path: [ 'updateWord' ], …(5) } ] to be undefined[39m

[32m- Expected:[39m
undefined

[31m+ Received:[39m
[
  {
    "data": null,
    "errorInfo": null,
    "errorType": "MappingTemplate",
    "locations": [
      {
        "column": 3,
        "line": 2,
        "sourceName": null,
      },
    ],
    "message": "UpdateItem on versioned data source requires the _version to be provided.",
    "path": [
      "updateWord",
    ],
  },
]

[36m [2m❯[22m test/integration/api.test.ts:[2m1028:22[22m[39m
    [90m1026|[39m       })[33m;[39m
    [90m1027|[39m
    [90m1028|[39m       [34mexpect[39m(errors)[33m.[39m[34mtoBeUndefined[39m()[33m;[39m
    [90m   |[39m                      [31m^[39m
    [90m1029|[39m       expect(updated?.audio).toEqual(['public/audio/hello-1.mp3', 'pub…
    [90m1030|[39m       expect(JSON.parse(updated?.waveformData as string)).toEqual(wave…

[31m[2m⎯⎯⎯⎯⎯⎯⎯⎯⎯⎯⎯⎯⎯⎯⎯⎯⎯⎯⎯⎯⎯⎯[30/91]⎯[22m[39m

[41m[1m FAIL [22m[49m [30m[42m unit [49m[39m test/integration/api.test.ts[2m > [22mB. GraphQL API Tests (Gen 2)[2m > [22mB5. Word/Question/File CRUD[2m > [22mDelete word
[31m[1mAssertionError[22m: expected [ { path: [ 'deleteWord' ], …(5) } ] to be undefined[39m

[32m- Expected:[39m
undefined

[31m+ Received:[39m
[
  {
    "data": null,
    "errorInfo": null,
    "errorType": "MappingTemplate",
    "locations": [
      {
        "column": 3,
        "line": 2,
        "sourceName": null,
      },
    ],
    "message": "DeleteItem on versioned data source requires the _version to be provided.",
    "path": [
      "deleteWord",
    ],
  },
]

[36m [2m❯[22m test/integration/api.test.ts:[2m1044:22[22m[39m
    [90m1042|[39m       const { data: deleted, errors } = await safeDelete(client.models…
    [90m1043|[39m
    [90m1044|[39m       [34mexpect[39m(errors)[33m.[39m[34mtoBeUndefined[39m()[33m;[39m
    [90m   |[39m                      [31m^[39m
    [90m1045|[39m       [34mexpect[39m(deleted)[33m.[39m[34mtoBeDefined[39m()[33m;[39m
    [90m1046|[39m

[31m[2m⎯⎯⎯⎯⎯⎯⎯⎯⎯⎯⎯⎯⎯⎯⎯⎯⎯⎯⎯⎯⎯⎯[31/91]⎯[22m[39m

[41m[1m FAIL [22m[49m [30m[42m unit [49m[39m test/integration/api.test.ts[2m > [22mB. GraphQL API Tests (Gen 2)[2m > [22mB5. Word/Question/File CRUD[2m > [22mUpdate question answers
[31m[1mAssertionError[22m: expected [ Array(1) ] to be undefined[39m

[32m- Expected:[39m
undefined

[31m+ Received:[39m
[
  {
    "data": null,
    "errorInfo": null,
    "errorType": "MappingTemplate",
    "locations": [
      {
        "column": 3,
        "line": 2,
        "sourceName": null,
      },
    ],
    "message": "UpdateItem on versioned data source requires the _version to be provided.",
    "path": [
      "updateQuestion",
    ],
  },
]

[36m [2m❯[22m test/integration/api.test.ts:[2m1088:22[22m[39m
    [90m1086|[39m       })[33m;[39m
    [90m1087|[39m
    [90m1088|[39m       [34mexpect[39m(errors)[33m.[39m[34mtoBeUndefined[39m()[33m;[39m
    [90m   |[39m                      [31m^[39m
    [90m1089|[39m       [34mexpect[39m(updated[33m?.[39manswer)[33m.[39m[34mtoBe[39m([32m'Four (4)'[39m)[33m;[39m
    [90m1090|[39m       expect(JSON.parse(updated?.choices as string)).toEqual(newChoice…

[31m[2m⎯⎯⎯⎯⎯⎯⎯⎯⎯⎯⎯⎯⎯⎯⎯⎯⎯⎯⎯⎯⎯⎯[32/91]⎯[22m[39m

[41m[1m FAIL [22m[49m [30m[42m unit [49m[39m test/integration/api.test.ts[2m > [22mB. GraphQL API Tests (Gen 2)[2m > [22mB5. Word/Question/File CRUD[2m > [22mDelete question
[31m[1mAssertionError[22m: expected [ Array(1) ] to be undefined[39m

[32m- Expected:[39m
undefined

[31m+ Received:[39m
[
  {
    "data": null,
    "errorInfo": null,
    "errorType": "MappingTemplate",
    "locations": [
      {
        "column": 3,
        "line": 2,
        "sourceName": null,
      },
    ],
    "message": "DeleteItem on versioned data source requires the _version to be provided.",
    "path": [
      "deleteQuestion",
    ],
  },
]

[36m [2m❯[22m test/integration/api.test.ts:[2m1104:22[22m[39m
    [90m1102|[39m       const { data: deleted, errors } = await safeDelete(client.models…
    [90m1103|[39m
    [90m1104|[39m       [34mexpect[39m(errors)[33m.[39m[34mtoBeUndefined[39m()[33m;[39m
    [90m   |[39m                      [31m^[39m
    [90m1105|[39m       [34mexpect[39m(deleted)[33m.[39m[34mtoBeDefined[39m()[33m;[39m
    [90m1106|[39m     })[33m;[39m

[31m[2m⎯⎯⎯⎯⎯⎯⎯⎯⎯⎯⎯⎯⎯⎯⎯⎯⎯⎯⎯⎯⎯⎯[33/91]⎯[22m[39m

[41m[1m FAIL [22m[49m [30m[42m unit [49m[39m test/integration/lambda.test.ts[2m > [22mC. Lambda Handler Integration Tests[2m > [22mC1. Chat Stream Handler[2m > [22mSend chat message with streaming response
[31m[1mUnknownError[22m: Unknown error[39m
[90m [2m❯[22m buildRestApiError node_modules/@aws-amplify/api-rest/src/utils/serviceError.ts:[2m86:25[22m[39m
[90m [2m❯[22m parseRestApiServiceError node_modules/@aws-amplify/api-rest/src/utils/serviceError.ts:[2m23:15[22m[39m
[90m [2m❯[22m job node_modules/@aws-amplify/api-rest/src/utils/createCancellableOperation.ts:[2m25:22[22m[39m
[36m [2m❯[22m test/integration/lambda.test.ts:[2m103:26[22m[39m
    [90m101|[39m
    [90m102|[39m       [35mtry[39m {
    [90m103|[39m         [35mconst[39m response [33m=[39m [35mawait[39m restOperation[33m.[39mresponse[33m;[39m
    [90m   |[39m                          [31m^[39m
    [90m104|[39m         console[33m.[39m[34mlog[39m([32m'Chat response status:'[39m[33m,[39m response[33m.[39mstatusCode)[33m;[39m
    [90m105|[39m         console.log('Chat response headers:', JSON.stringify(response.…

[31m[2m⎯⎯⎯⎯⎯⎯⎯⎯⎯⎯⎯⎯⎯⎯⎯⎯⎯⎯⎯⎯⎯⎯[34/91]⎯[22m[39m

[41m[1m FAIL [22m[49m [30m[42m unit [49m[39m test/integration/lambda.test.ts[2m > [22mC. Lambda Handler Integration Tests[2m > [22mC1. Chat Stream Handler[2m > [22mChat with context awareness
[31m[1mUnknownError[22m: Unknown error[39m
[90m [2m❯[22m buildRestApiError node_modules/@aws-amplify/api-rest/src/utils/serviceError.ts:[2m86:25[22m[39m
[90m [2m❯[22m parseRestApiServiceError node_modules/@aws-amplify/api-rest/src/utils/serviceError.ts:[2m23:15[22m[39m
[90m [2m❯[22m job node_modules/@aws-amplify/api-rest/src/utils/createCancellableOperation.ts:[2m25:22[22m[39m
[36m [2m❯[22m test/integration/lambda.test.ts:[2m158:26[22m[39m
    [90m156|[39m
    [90m157|[39m       [35mtry[39m {
    [90m158|[39m         [35mconst[39m response [33m=[39m [35mawait[39m restOperation[33m.[39mresponse[33m;[39m
    [90m   |[39m                          [31m^[39m
    [90m159|[39m         console.log('Context-aware response status:', response.statusC…
    [90m160|[39m

[31m[2m⎯⎯⎯⎯⎯⎯⎯⎯⎯⎯⎯⎯⎯⎯⎯⎯⎯⎯⎯⎯⎯⎯[35/91]⎯[22m[39m

[31m⎯⎯⎯⎯⎯⎯[39m[1m[41m Unhandled Errors [49m[22m[31m⎯⎯⎯⎯⎯⎯[39m
[31m[1m
Vitest caught 4 unhandled errors during the test run.
This might cause false positive tests. Resolve unhandled errors to make sure your tests are not affected.[22m[39m

[31m⎯⎯⎯⎯[39m[1m[41m Unhandled Rejection [49m[22m[31m⎯⎯⎯⎯⎯[39m
[31m[1mReferenceError[22m: indexedDB is not defined[39m
[90m [2m❯[22m node_modules/lib0/indexeddb.js:[2m33:19[22m[39m
[90m [2m❯[22m Module.create node_modules/lib0/promise.js:[2m20:55[22m[39m
[90m [2m❯[22m Module.openDB node_modules/lib0/indexeddb.js:[2m32:49[22m[39m
[90m [2m❯[22m new IndexeddbPersistence node_modules/y-indexeddb/src/y-indexeddb.js:[2m71:20[22m[39m
[90m [2m❯[22m new YjsDocProvider src/yjs/YjsProvider.ts:[2m50:24[22m[39m
[90m [2m❯[22m new WorkbookCollaborationProvider src/yjs/WorkbookCollaborationProvider.ts:[2m131:5[22m[39m
[90m [2m❯[22m src/yjs/workbookHooks.ts:[2m121:22[22m[39m
[90m [2m❯[22m commitHookEffectListMount node_modules/react-dom/cjs/react-dom.development.js:[2m23189:26[22m[39m
[90m [2m❯[22m commitPassiveMountOnFiber node_modules/react-dom/cjs/react-dom.development.js:[2m24970:11[22m[39m

[31mThis error originated in "[1msrc/yjs/__tests__/WorkbookCollaboration.test.ts[22m" test file. It doesn't mean the error was thrown inside the file itself, but while it was running.[39m
[31mThe latest test that might've caused the error is "[1mupdates block data[22m". It might mean one of the following:
- The error was thrown, while Vitest was running this test.
- If the error occurred after the test had been completed, this was the last documented test before it was thrown.[39m

[31m⎯⎯⎯⎯[39m[1m[41m Unhandled Rejection [49m[22m[31m⎯⎯⎯⎯⎯[39m
[31m[1mReferenceError[22m: indexedDB is not defined[39m
[90m [2m❯[22m node_modules/lib0/indexeddb.js:[2m33:19[22m[39m
[90m [2m❯[22m Module.create node_modules/lib0/promise.js:[2m20:55[22m[39m
[90m [2m❯[22m Module.openDB node_modules/lib0/indexeddb.js:[2m32:49[22m[39m
[90m [2m❯[22m new IndexeddbPersistence node_modules/y-indexeddb/src/y-indexeddb.js:[2m71:20[22m[39m
[90m [2m❯[22m new YjsDocProvider src/yjs/YjsProvider.ts:[2m50:24[22m[39m
[90m [2m❯[22m new WorkbookCollaborationProvider src/yjs/WorkbookCollaborationProvider.ts:[2m131:5[22m[39m
[90m [2m❯[22m src/yjs/workbookHooks.ts:[2m121:22[22m[39m
[90m [2m❯[22m commitHookEffectListMount node_modules/react-dom/cjs/react-dom.development.js:[2m23189:26[22m[39m
[90m [2m❯[22m commitPassiveMountOnFiber node_modules/react-dom/cjs/react-dom.development.js:[2m24970:11[22m[39m

[31mThis error originated in "[1msrc/yjs/__tests__/WorkbookCollaboration.test.ts[22m" test file. It doesn't mean the error was thrown inside the file itself, but while it was running.[39m
[31mThe latest test that might've caused the error is "[1mupdates block data[22m". It might mean one of the following:
- The error was thrown, while Vitest was running this test.
- If the error occurred after the test had been completed, this was the last documented test before it was thrown.[39m

[31m⎯⎯⎯⎯[39m[1m[41m Unhandled Rejection [49m[22m[31m⎯⎯⎯⎯⎯[39m
[31m[1mReferenceError[22m: indexedDB is not defined[39m
[90m [2m❯[22m node_modules/lib0/indexeddb.js:[2m33:19[22m[39m
[90m [2m❯[22m Module.create node_modules/lib0/promise.js:[2m20:55[22m[39m
[90m [2m❯[22m Module.openDB node_modules/lib0/indexeddb.js:[2m32:49[22m[39m
[90m [2m❯[22m new IndexeddbPersistence node_modules/y-indexeddb/src/y-indexeddb.js:[2m71:20[22m[39m
[90m [2m❯[22m new YjsDocProvider src/yjs/YjsProvider.ts:[2m50:24[22m[39m
[90m [2m❯[22m new WorkbookCollaborationProvider src/yjs/WorkbookCollaborationProvider.ts:[2m131:5[22m[39m
[90m [2m❯[22m src/yjs/workbookHooks.ts:[2m121:22[22m[39m
[90m [2m❯[22m commitHookEffectListMount node_modules/react-dom/cjs/react-dom.development.js:[2m23189:26[22m[39m
[90m [2m❯[22m commitPassiveMountOnFiber node_modules/react-dom/cjs/react-dom.development.js:[2m24970:11[22m[39m

[31mThis error originated in "[1msrc/yjs/__tests__/WorkbookCollaboration.test.ts[22m" test file. It doesn't mean the error was thrown inside the file itself, but while it was running.[39m
[31mThe latest test that might've caused the error is "[1mtracks tutor presence[22m". It might mean one of the following:
- The error was thrown, while Vitest was running this test.
- If the error occurred after the test had been completed, this was the last documented test before it was thrown.[39m

[31m⎯⎯⎯⎯⎯[39m[1m[41m Uncaught Exception [49m[22m[31m⎯⎯⎯⎯⎯[39m
{
  type: 'Uncaught Exception',
  error: { errors: [ [Object] ] },
  VITEST_TEST_NAME: 'handles multiple concurrent subscriptions efficiently',
  VITEST_TEST_PATH: '/Users/colinbarrett-fox/Projects/new-components/amplify-homework-supply/test/performance/datastore-sync.test.ts',
  stacks: []
}
[31m[2m⎯⎯⎯⎯⎯⎯⎯⎯⎯⎯⎯⎯⎯⎯⎯⎯⎯⎯⎯⎯⎯⎯⎯⎯⎯⎯⎯⎯⎯⎯[22m[39m
[31m[1mSerialized Error:[22m[39m [90m{ error: { errors: [ { message: 'Connection failed: {"errors":[{"message":"subscription exceeds maximum value limit 5 for operator `in`.","errorCode":400}]}' } ] } }[39m
[31mThis error originated in "[1mtest/performance/datastore-sync.test.ts[22m" test file. It doesn't mean the error was thrown inside the file itself, but while it was running.[39m
[31mThe latest test that might've caused the error is "[1mhandles multiple concurrent subscriptions efficiently[22m". It might mean one of the following:
- The error was thrown, while Vitest was running this test.
- If the error occurred after the test had been completed, this was the last documented test before it was thrown.[39m
[31m⎯⎯⎯⎯⎯⎯⎯⎯⎯⎯⎯⎯⎯⎯⎯⎯⎯⎯⎯⎯⎯⎯⎯⎯⎯⎯⎯⎯⎯⎯[39m


[2m Test Files [22m [1m[31m70 failed[39m[22m[2m | [22m[1m[32m61 passed[39m[22m[90m (131)[39m
[2m      Tests [22m [1m[31m25 failed[39m[22m[2m | [22m[1m[32m860 passed[39m[22m[2m | [22m[33m6 skipped[39m[90m (891)[39m
[2m     Errors [22m [1m[31m4 errors[39m[22m
[2m   Start at [22m 03:55:50
[2m   Duration [22m 483.99s[2m (transform 41.00s, setup 62.71s, import 57.76s, tests 874.65s, environment 45.43s)[22m

