[    1853ms] [LOG] [Fast Refresh] rebuilding @ http://localhost:3000/_next/static/chunks/node_modules_next_dist_0bc8q4g._.js:1233
[    4796ms] [INFO] %cDownload the React DevTools for a better development experience: https://reactjs.org/link/react-devtools font-weight:bold @ http://localhost:3000/_next/static/chunks/node_modules_react-dom_cjs_react-dom_development_07i0ttg.js:25055
[    7856ms] [LOG] [HMR] connected @ http://localhost:3000/_next/static/chunks/node_modules_next_dist_0bc8q4g._.js:1233
[    8036ms] [INFO] 🌐 i18next is made possible by our own product, Locize — consider powering your project with managed localization (AI, CDN, integrations): https://locize.com 💙 @ http://localhost:3000/_next/static/chunks/node_modules_next_dist_0bc8q4g._.js:1233
[    8540ms] [LOG] [Fast Refresh] rebuilding @ http://localhost:3000/_next/static/chunks/node_modules_next_dist_0bc8q4g._.js:1233
[    8874ms] [LOG] [Fast Refresh] done in 951ms @ http://localhost:3000/_next/static/chunks/node_modules_next_dist_0bc8q4g._.js:1233
[   10178ms] [LOG] [ChatSidebar] Registered client-side tools: [search_content, create_section, create_unit, create_assignment, add_timer_to_unit, create_vocabulary_word, create_question, list_sections, list_units, get_unit_details, update_unit, delete_assignment, start_practice_drill] @ http://localhost:3000/_next/static/chunks/node_modules_next_dist_0bc8q4g._.js:1233
[   10224ms] [LOG] [ChatSidebar] Registered client-side tools: [search_content, create_section, create_unit, create_assignment, add_timer_to_unit, create_vocabulary_word, create_question, list_sections, list_units, get_unit_details, update_unit, delete_assignment, start_practice_drill] @ http://localhost:3000/_next/static/chunks/node_modules_next_dist_0bc8q4g._.js:1233
[   10813ms] [LOG] [chatTools] Vector store search function registered: true @ http://localhost:3000/_next/static/chunks/node_modules_next_dist_0bc8q4g._.js:1233
[   10825ms] [LOG] [ChatSidebar] Registered vector store search, isReady: false @ http://localhost:3000/_next/static/chunks/node_modules_next_dist_0bc8q4g._.js:1233
[   10826ms] [LOG] [chatTools] Practice drill callback registered: true @ http://localhost:3000/_next/static/chunks/node_modules_next_dist_0bc8q4g._.js:1233
[   10828ms] [LOG] [TourContext] Initializing tour system with 9 tasks @ http://localhost:3000/_next/static/chunks/node_modules_next_dist_0bc8q4g._.js:1233
[   10830ms] [LOG] [chatTools] Tour tasks data registered: 9 tasks @ http://localhost:3000/_next/static/chunks/node_modules_next_dist_0bc8q4g._.js:1233
[   10842ms] [LOG] [TourContext] Exposing tour methods to window for testing @ http://localhost:3000/_next/static/chunks/node_modules_next_dist_0bc8q4g._.js:1233
[   10843ms] [LOG] [ChatContext] Setting up AssistantChat subscriptions @ http://localhost:3000/_next/static/chunks/node_modules_next_dist_0bc8q4g._.js:1233
[   10878ms] [LOG] [ChatContext] Waiting for subscription to initialize @ http://localhost:3000/_next/static/chunks/node_modules_next_dist_0bc8q4g._.js:1233
[   10930ms] [LOG] [SettingsContext] Setting up Settings subscription for user: e408f488-d061-70bc-1ee2-c5de8adf79f5 @ http://localhost:3000/_next/static/chunks/node_modules_next_dist_0bc8q4g._.js:1233
[   10963ms] [LOG] [chatTools] Vector store search function registered: false @ http://localhost:3000/_next/static/chunks/node_modules_next_dist_0bc8q4g._.js:1233
[   10975ms] [LOG] [chatTools] Practice drill callback registered: false @ http://localhost:3000/_next/static/chunks/node_modules_next_dist_0bc8q4g._.js:1233
[   10977ms] [LOG] [ChatContext] Cleaning up subscriptions @ http://localhost:3000/_next/static/chunks/node_modules_next_dist_0bc8q4g._.js:1233
[   10995ms] [LOG] [chatTools] Vector store search function registered: true @ http://localhost:3000/_next/static/chunks/node_modules_next_dist_0bc8q4g._.js:1233
[   10996ms] [LOG] [ChatSidebar] Registered vector store search, isReady: false @ http://localhost:3000/_next/static/chunks/node_modules_next_dist_0bc8q4g._.js:1233
[   11008ms] [LOG] [chatTools] Practice drill callback registered: true @ http://localhost:3000/_next/static/chunks/node_modules_next_dist_0bc8q4g._.js:1233
[   11011ms] [LOG] [TourContext] Initializing tour system with 9 tasks @ http://localhost:3000/_next/static/chunks/node_modules_next_dist_0bc8q4g._.js:1233
[   11013ms] [LOG] [chatTools] Tour tasks data registered: 9 tasks @ http://localhost:3000/_next/static/chunks/node_modules_next_dist_0bc8q4g._.js:1233
[   11014ms] [LOG] [TourContext] Exposing tour methods to window for testing @ http://localhost:3000/_next/static/chunks/node_modules_next_dist_0bc8q4g._.js:1233
[   11026ms] [LOG] [ChatContext] Setting up AssistantChat subscriptions @ http://localhost:3000/_next/static/chunks/node_modules_next_dist_0bc8q4g._.js:1233
[   11027ms] [LOG] [ChatContext] Waiting for subscription to initialize @ http://localhost:3000/_next/static/chunks/node_modules_next_dist_0bc8q4g._.js:1233
[   11028ms] [LOG] [SettingsContext] Setting up Settings subscription for user: e408f488-d061-70bc-1ee2-c5de8adf79f5 @ http://localhost:3000/_next/static/chunks/node_modules_next_dist_0bc8q4g._.js:1233
[   11176ms] [LOG] [sections.jsx] canViewInstructorDashboard: false isInstructor: false ownedSections.length: 0 @ http://localhost:3000/_next/static/chunks/node_modules_next_dist_0bc8q4g._.js:1233
[   11177ms] [LOG] sections [] @ http://localhost:3000/_next/static/chunks/node_modules_next_dist_0bc8q4g._.js:1233
[   11181ms] [LOG] [sections.jsx] canViewInstructorDashboard: false isInstructor: false ownedSections.length: 0 @ http://localhost:3000/_next/static/chunks/node_modules_next_dist_0bc8q4g._.js:1233
[   11192ms] [LOG] sections [] @ http://localhost:3000/_next/static/chunks/node_modules_next_dist_0bc8q4g._.js:1233
[   11712ms] [LOG] [useChatPageContext] Registering page context: {hasUnit: false, filesCount: 0, dictionaryCount: 0, questionsCount: 0, sectionsCount: 0} @ http://localhost:3000/_next/static/chunks/node_modules_next_dist_0bc8q4g._.js:1233
[   11727ms] [LOG] [SectionContext] useEffect triggered {authLoading: false, hasUser: true, userSub: e408f488-d061-70bc-1ee2-c5de8adf79f5} @ http://localhost:3000/_next/static/chunks/node_modules_next_dist_0bc8q4g._.js:1233
[   11731ms] [LOG] [SectionContext] Fetching sections for userId: e408f488-d061-70bc-1ee2-c5de8adf79f5 @ http://localhost:3000/_next/static/chunks/node_modules_next_dist_0bc8q4g._.js:1233
[   11747ms] [LOG] [useChatPageContext] Cleaning up page context @ http://localhost:3000/_next/static/chunks/node_modules_next_dist_0bc8q4g._.js:1233
[   11748ms] [LOG] [SectionContext] Cleaning up subscriptions @ http://localhost:3000/_next/static/chunks/node_modules_next_dist_0bc8q4g._.js:1233
[   11761ms] [LOG] [useChatPageContext] Registering page context: {hasUnit: false, filesCount: 0, dictionaryCount: 0, questionsCount: 0, sectionsCount: 0} @ http://localhost:3000/_next/static/chunks/node_modules_next_dist_0bc8q4g._.js:1233
[   11762ms] [LOG] [SectionContext] useEffect triggered {authLoading: false, hasUser: true, userSub: e408f488-d061-70bc-1ee2-c5de8adf79f5} @ http://localhost:3000/_next/static/chunks/node_modules_next_dist_0bc8q4g._.js:1233
[   11763ms] [LOG] [SectionContext] Fetching sections for userId: e408f488-d061-70bc-1ee2-c5de8adf79f5 @ http://localhost:3000/_next/static/chunks/node_modules_next_dist_0bc8q4g._.js:1233
[   12515ms] [LOG] [sections.jsx] canViewInstructorDashboard: false isInstructor: false ownedSections.length: 0 @ http://localhost:3000/_next/static/chunks/node_modules_next_dist_0bc8q4g._.js:1233
[   12516ms] [LOG] sections [] @ http://localhost:3000/_next/static/chunks/node_modules_next_dist_0bc8q4g._.js:1233
[   12530ms] [LOG] [sections.jsx] canViewInstructorDashboard: false isInstructor: false ownedSections.length: 0 @ http://localhost:3000/_next/static/chunks/node_modules_next_dist_0bc8q4g._.js:1233
[   12532ms] [LOG] sections [] @ http://localhost:3000/_next/static/chunks/node_modules_next_dist_0bc8q4g._.js:1233
[   13981ms] [LOG] [ChatContext] AssistantChat initialized with 7 chats @ http://localhost:3000/_next/static/chunks/node_modules_next_dist_0bc8q4g._.js:1233
[   13982ms] [LOG] [ChatContext] Setting initial chat: ac1ba70f-f4b3-4744-8511-9d99090dc8f4 @ http://localhost:3000/_next/static/chunks/node_modules_next_dist_0bc8q4g._.js:1233
[   14049ms] [LOG] [SectionContext] Initial sections: 100 @ http://localhost:3000/_next/static/chunks/node_modules_next_dist_0bc8q4g._.js:1233
[   14067ms] [LOG] [SectionContext] Cleaning up subscriptions @ http://localhost:3000/_next/static/chunks/node_modules_next_dist_0bc8q4g._.js:1233
[   14068ms] [LOG] [ChatContext] Cleaning up subscriptions @ http://localhost:3000/_next/static/chunks/node_modules_next_dist_0bc8q4g._.js:1233
[   14069ms] [LOG] [SectionContext] useEffect triggered {authLoading: false, hasUser: true, userSub: e408f488-d061-70bc-1ee2-c5de8adf79f5} @ http://localhost:3000/_next/static/chunks/node_modules_next_dist_0bc8q4g._.js:1233
[   14070ms] [LOG] [SectionContext] Fetching sections for userId: e408f488-d061-70bc-1ee2-c5de8adf79f5 @ http://localhost:3000/_next/static/chunks/node_modules_next_dist_0bc8q4g._.js:1233
[   14082ms] [LOG] [ChatContext] Setting up AssistantChat subscriptions @ http://localhost:3000/_next/static/chunks/node_modules_next_dist_0bc8q4g._.js:1233
[   14083ms] [LOG] [ChatContext] No current chat available, will create one @ http://localhost:3000/_next/static/chunks/node_modules_next_dist_0bc8q4g._.js:1233
[   14084ms] [LOG] [ChatContext] Creating AssistantChat with user: undefined @ http://localhost:3000/_next/static/chunks/node_modules_next_dist_0bc8q4g._.js:1233
[   14085ms] [LOG] [SettingsContext] Setting up Settings subscription for user: e408f488-d061-70bc-1ee2-c5de8adf79f5 @ http://localhost:3000/_next/static/chunks/node_modules_next_dist_0bc8q4g._.js:1233
[   14219ms] [LOG] [sections.jsx] canViewInstructorDashboard: false isInstructor: false ownedSections.length: 0 @ http://localhost:3000/_next/static/chunks/node_modules_next_dist_0bc8q4g._.js:1233
[   14254ms] [LOG] sections [Object, Object, Object, Object, Object, Object, Object, Object, Object, Object, Object, Object, Object, Object, Object, Object, Object, Object, Object, Object, Object, Object, Object, Object, Object, Object, Object, Object, Object, Object, Object, Object, Object, Object, Object, Object, Object, Object, Object, Object, Object, Object, Object, Object, Object, Object, Object, Object, Object, Object, Object, Object, Object, Object, Object, Object, Object, Object, Object, Object, Object, Object, Object, Object, Object, Object, Object, Object, Object, Object, Object, Object, Object, Object, Object, Object, Object, Object, Object, Object, Object, Object, Object, Object, Object, Object, Object, Object, Object, Object, Object, Object, Object, Object, Object, Object, Object, Object, Object, Object] @ http://localhost:3000/_next/static/chunks/node_modules_next_dist_0bc8q4g._.js:1233
[   14270ms] [LOG] !!!section {id: 485a1ffa-bd40-45ca-96de-f58bc6fc0894, name: Original Section Name, description: Original description, status: DRAFT, code: ORIG-001} @ http://localhost:3000/_next/static/chunks/node_modules_next_dist_0bc8q4g._.js:1233
[   14283ms] [LOG] !!!section {id: a82ad425-66f4-4ae7-ab72-2de04258ddea, name: Grade Test Section, description: null, status: PUBLISHED, code: GRADE-TEST} @ http://localhost:3000/_next/static/chunks/node_modules_next_dist_0bc8q4g._.js:1233
[   14286ms] [LOG] !!!section {id: 26097bd0-b922-4ada-9b21-83db389944fa, name: Biology 101, description: Intro to Biology, status: PUBLISHED, code: BIO101} @ http://localhost:3000/_next/static/chunks/node_modules_next_dist_0bc8q4g._.js:1233
[   14301ms] [LOG] !!!section {id: 6a041ff4-e7ed-47ca-b2bd-0d35b84614b3, name: Test Section, description: null, status: PUBLISHED, code: TEST-001} @ http://localhost:3000/_next/static/chunks/node_modules_next_dist_0bc8q4g._.js:1233
[   14304ms] [LOG] !!!section {id: 674343a8-ce09-4fee-8772-5e9e5d60482c, name: Biology 101, description: Intro to Biology, status: PUBLISHED, code: BIO101} @ http://localhost:3000/_next/static/chunks/node_modules_next_dist_0bc8q4g._.js:1233
[   14320ms] [LOG] !!!section {id: 2a7ae578-0be1-43dd-ba5e-6e224b3b617b, name: Test Section, description: null, status: PUBLISHED, code: TEST-001} @ http://localhost:3000/_next/static/chunks/node_modules_next_dist_0bc8q4g._.js:1233
[   14336ms] [LOG] !!!section {id: f156b5e2-8491-4935-9990-a4dab652241c, name: Original Section Name, description: Original description, status: DRAFT, code: ORIG-001} @ http://localhost:3000/_next/static/chunks/node_modules_next_dist_0bc8q4g._.js:1233
[   14351ms] [LOG] !!!section {id: e002e526-7c0a-4067-abbf-4e53158c61c4, name: Section 2, description: null, status: PUBLISHED, code: S2} @ http://localhost:3000/_next/static/chunks/node_modules_next_dist_0bc8q4g._.js:1233
[   14353ms] [LOG] !!!section {id: b8cb47e8-35ca-44af-a9d7-3587acd0d179, name: Japanese 101 - Spring 2026, description: Beginner Japanese conversation course, status: PUBLISHED, code: 66CE6L} @ http://localhost:3000/_next/static/chunks/node_modules_next_dist_0bc8q4g._.js:1233
[   14365ms] [LOG] !!!section {id: af3e03f0-54df-4df7-8bd7-efb065f3432e, name: Grade Test Section, description: null, status: PUBLISHED, code: GRADE-TEST} @ http://localhost:3000/_next/static/chunks/node_modules_next_dist_0bc8q4g._.js:1233
[   14367ms] [LOG] !!!section {id: edf9e7cf-c21c-45a0-bc50-a8e508ea2815, name: Test Section, description: null, status: PUBLISHED, code: TEST-001} @ http://localhost:3000/_next/static/chunks/node_modules_next_dist_0bc8q4g._.js:1233
[   14369ms] [LOG] !!!section {id: 64def60a-7fa3-475b-8204-22e46b123b29, name: E2E Test Section 1774369286656, description: Comprehensive E2E test section for complete workflow, status: PUBLISHED, code: I4OX3T} @ http://localhost:3000/_next/static/chunks/node_modules_next_dist_0bc8q4g._.js:1233
[   14371ms] [LOG] !!!section {id: aaf5a906-30aa-4c74-b5d5-5feeed95e612, name: Test Section, description: null, status: PUBLISHED, code: TEST-001} @ http://localhost:3000/_next/static/chunks/node_modules_next_dist_0bc8q4g._.js:1233
[   14383ms] [LOG] !!!section {id: 80d216c8-4dc2-4433-92c4-386ca2a20bff, name: Test Section, description: null, status: PUBLISHED, code: TEST-001} @ http://localhost:3000/_next/static/chunks/node_modules_next_dist_0bc8q4g._.js:1233
[   14385ms] [LOG] !!!section {id: 5fb5cef5-e44b-4ec7-8be4-1d6f341dd780, name: Japanese 101 - Spring 2026, description: Beginner Japanese conversation course, status: PUBLISHED, code: FX28Q4} @ http://localhost:3000/_next/static/chunks/node_modules_next_dist_0bc8q4g._.js:1233
[   14386ms] [LOG] !!!section {id: fe9fc83c-99e9-4aa8-b3d9-21c7f351fe0c, name: Test Section, description: null, status: PUBLISHED, code: TEST-001} @ http://localhost:3000/_next/static/chunks/node_modules_next_dist_0bc8q4g._.js:1233
[   14388ms] [LOG] !!!section {id: 3dfb4edd-69ec-405a-8a05-335329e4e583, name: Temporary Section, description: null, status: DRAFT, code: TEMP-001} @ http://localhost:3000/_next/static/chunks/node_modules_next_dist_0bc8q4g._.js:1233
[   14400ms] [LOG] !!!section {id: b7d6cc52-d89b-4238-8ce3-9bf414f3e740, name: Test Section, description: null, status: PUBLISHED, code: TEST-001} @ http://localhost:3000/_next/static/chunks/node_modules_next_dist_0bc8q4g._.js:1233
[   14402ms] [LOG] !!!section {id: 70cb413e-59e0-4eaf-9dae-06bb2ac40a5d, name: Test Section, description: null, status: PUBLISHED, code: TEST-001} @ http://localhost:3000/_next/static/chunks/node_modules_next_dist_0bc8q4g._.js:1233
[   14404ms] [LOG] !!!section {id: 90f3d548-5fd7-41ff-9014-d281ee585be1, name: Section 1, description: null, status: PUBLISHED, code: S1} @ http://localhost:3000/_next/static/chunks/node_modules_next_dist_0bc8q4g._.js:1233
[   14417ms] [LOG] !!!section {id: 108127c7-99e1-4d27-9235-326438a65ff9, name: Test Section, description: null, status: PUBLISHED, code: TEST-001} @ http://localhost:3000/_next/static/chunks/node_modules_next_dist_0bc8q4g._.js:1233
[   14420ms] [LOG] !!!section {id: 4168c41f-9a2a-416d-98fd-c7c56ed3f16d, name: Test Section, description: null, status: PUBLISHED, code: TEST-001} @ http://localhost:3000/_next/static/chunks/node_modules_next_dist_0bc8q4g._.js:1233
[   14432ms] [LOG] !!!section {id: 4b1d5ed4-2c83-4f7e-b33e-7e39f7e8b582, name: Test Section, description: null, status: PUBLISHED, code: TEST-001} @ http://localhost:3000/_next/static/chunks/node_modules_next_dist_0bc8q4g._.js:1233
[   14434ms] [LOG] !!!section {id: 76aede11-b41a-4679-8272-c4b2d813e242, name: Japanese 101 - Spring 2026, description: Beginner Japanese conversation course, status: PUBLISHED, code: 032DY9} @ http://localhost:3000/_next/static/chunks/node_modules_next_dist_0bc8q4g._.js:1233
[   14451ms] [LOG] !!!section {id: 0e3121d1-22dc-4025-86fe-89d879d0f4b8, name: Biology 101, description: Intro to Biology, status: PUBLISHED, code: BIO101} @ http://localhost:3000/_next/static/chunks/node_modules_next_dist_0bc8q4g._.js:1233
[   14455ms] [LOG] !!!section {id: 7cc60b3d-5141-4ccc-885c-0f761d6aadd2, name: Section 2, description: null, status: PUBLISHED, code: S2} @ http://localhost:3000/_next/static/chunks/node_modules_next_dist_0bc8q4g._.js:1233
[   14470ms] [LOG] !!!section {id: 3866b8a5-0967-46bf-b738-16011e0ee5d2, name: Test Section, description: null, status: PUBLISHED, code: TEST-001} @ http://localhost:3000/_next/static/chunks/node_modules_next_dist_0bc8q4g._.js:1233
[   14484ms] [LOG] !!!section {id: 9f5926eb-7622-421e-85b6-f0240478e0b4, name: Test Section, description: null, status: PUBLISHED, code: TEST-001} @ http://localhost:3000/_next/static/chunks/node_modules_next_dist_0bc8q4g._.js:1233
[   14486ms] [LOG] !!!section {id: 8576ea2e-5918-4016-9e8b-880d4060cce1, name: Section 2, description: null, status: PUBLISHED, code: S2} @ http://localhost:3000/_next/static/chunks/node_modules_next_dist_0bc8q4g._.js:1233
[   14500ms] [LOG] !!!section {id: 029af6d7-18c6-4f03-b1ed-f7c9a18e3797, name: Test Section, description: null, status: PUBLISHED, code: TEST-001} @ http://localhost:3000/_next/static/chunks/node_modules_next_dist_0bc8q4g._.js:1233
[   14502ms] [LOG] !!!section {id: c134f150-7cab-4825-984b-4848d2f8daad, name: Test Section, description: null, status: PUBLISHED, code: TEST-001} @ http://localhost:3000/_next/static/chunks/node_modules_next_dist_0bc8q4g._.js:1233
[   14516ms] [LOG] !!!section {id: 92d79627-e95c-4648-aa46-7ec92087f837, name: Test Section, description: null, status: PUBLISHED, code: TEST-001} @ http://localhost:3000/_next/static/chunks/node_modules_next_dist_0bc8q4g._.js:1233
[   14554ms] [LOG] !!!section {id: f48e984a-3ca4-4cec-8ba4-5a2626b51de3, name: Temporary Section, description: null, status: DRAFT, code: TEMP-001} @ http://localhost:3000/_next/static/chunks/node_modules_next_dist_0bc8q4g._.js:1233
[   14568ms] [LOG] !!!section {id: 120aa2f0-ef90-4315-9fde-d772745cfb2c, name: Test Section, description: null, status: PUBLISHED, code: TEST-001} @ http://localhost:3000/_next/static/chunks/node_modules_next_dist_0bc8q4g._.js:1233
[   14571ms] [LOG] !!!section {id: 7474d4eb-d4f8-4630-adf0-0004b7dcf1fe, name: Grade Test Section, description: null, status: PUBLISHED, code: GRADE-TEST} @ http://localhost:3000/_next/static/chunks/node_modules_next_dist_0bc8q4g._.js:1233
[   14584ms] [LOG] !!!section {id: e9615e0d-44fe-4f01-97a8-1f5c1a58f535, name: Japanese 101 - Spring 2026, description: Beginner Japanese conversation course, status: PUBLISHED, code: ZB0WI7} @ http://localhost:3000/_next/static/chunks/node_modules_next_dist_0bc8q4g._.js:1233
[   14586ms] [LOG] !!!section {id: 5d43d353-6ea4-4d1f-bae8-c5240e6acb69, name: Grade Test Section, description: null, status: PUBLISHED, code: GRADE-TEST} @ http://localhost:3000/_next/static/chunks/node_modules_next_dist_0bc8q4g._.js:1233
[   14600ms] [LOG] !!!section {id: db67195f-f706-4160-9b47-b855b4aa29cd, name: Temporary Section, description: null, status: DRAFT, code: TEMP-001} @ http://localhost:3000/_next/static/chunks/node_modules_next_dist_0bc8q4g._.js:1233
[   14621ms] [LOG] !!!section {id: 47656fed-1826-46b7-b3a1-c9ceb78da9a8, name: Test Section, description: null, status: PUBLISHED, code: TEST-001} @ http://localhost:3000/_next/static/chunks/node_modules_next_dist_0bc8q4g._.js:1233
[   14636ms] [LOG] !!!section {id: 1ee29798-548e-4c98-8047-137a247dcb03, name: Test Section, description: null, status: PUBLISHED, code: TEST-001} @ http://localhost:3000/_next/static/chunks/node_modules_next_dist_0bc8q4g._.js:1233
[   14638ms] [LOG] !!!section {id: d8bb7cb1-9864-4008-a79c-6c9fcced077a, name: Section 2, description: null, status: PUBLISHED, code: S2} @ http://localhost:3000/_next/static/chunks/node_modules_next_dist_0bc8q4g._.js:1233
[   14651ms] [LOG] !!!section {id: 598d0820-d1d0-4e3b-8066-f11240ce4370, name: Japanese 101 - Spring 2026, description: Beginner Japanese conversation course, status: PUBLISHED, code: L2SC9C} @ http://localhost:3000/_next/static/chunks/node_modules_next_dist_0bc8q4g._.js:1233
[   14653ms] [LOG] !!!section {id: b3eba183-eb90-4b3f-a9b6-c7368016155c, name: Section 2, description: null, status: PUBLISHED, code: S2} @ http://localhost:3000/_next/static/chunks/node_modules_next_dist_0bc8q4g._.js:1233
[   14672ms] [LOG] !!!section {id: f73b55ab-be3a-4977-90cd-8695fb4bfb57, name: Original Section Name, description: Original description, status: DRAFT, code: ORIG-001} @ http://localhost:3000/_next/static/chunks/node_modules_next_dist_0bc8q4g._.js:1233
[   14686ms] [LOG] !!!section {id: 3d33ac82-7800-4882-8bf5-8a2c0d1dc7cc, name: Original Section Name, description: Original description, status: DRAFT, code: ORIG-001} @ http://localhost:3000/_next/static/chunks/node_modules_next_dist_0bc8q4g._.js:1233
[   14700ms] [LOG] !!!section {id: d0f1083d-3422-4e21-953a-78c781b7da51, name: Test Section, description: null, status: PUBLISHED, code: TEST-001} @ http://localhost:3000/_next/static/chunks/node_modules_next_dist_0bc8q4g._.js:1233
[   14703ms] [LOG] !!!section {id: cd6c83ff-ca21-4447-a4e2-8cb0f81d93db, name: Test Section, description: null, status: PUBLISHED, code: TEST-001} @ http://localhost:3000/_next/static/chunks/node_modules_next_dist_0bc8q4g._.js:1233
[   14717ms] [LOG] !!!section {id: 0fb98bed-1d11-423f-9165-18f219794312, name: Section 2, description: null, status: PUBLISHED, code: S2} @ http://localhost:3000/_next/static/chunks/node_modules_next_dist_0bc8q4g._.js:1233
[   14735ms] [LOG] !!!section {id: 778ce67d-7595-4b23-bb28-41c4233f443c, name: Japanese 101 - Spring 2026, description: Beginner Japanese conversation course, status: PUBLISHED, code: F4DP9P} @ http://localhost:3000/_next/static/chunks/node_modules_next_dist_0bc8q4g._.js:1233
[   14738ms] [LOG] !!!section {id: 40d10d70-5b8e-4f1d-962a-5b4e23bd7e50, name: Test Section, description: null, status: PUBLISHED, code: TEST-001} @ http://localhost:3000/_next/static/chunks/node_modules_next_dist_0bc8q4g._.js:1233
[   14751ms] [LOG] !!!section {id: 8bd49f0d-f626-4b9e-b4f6-85089ef66536, name: Test Section, description: null, status: PUBLISHED, code: TEST-001} @ http://localhost:3000/_next/static/chunks/node_modules_next_dist_0bc8q4g._.js:1233
[   14755ms] [LOG] !!!section {id: 51ad747f-3f3d-457f-8e63-5e572d94cdee, name: E2E Test Section 1774482736434, description: Comprehensive E2E test section for complete workflow, status: PUBLISHED, code: 641S86} @ http://localhost:3000/_next/static/chunks/node_modules_next_dist_0bc8q4g._.js:1233
[   14784ms] [LOG] !!!section {id: ffcf40b1-bec3-4a3b-abd0-b2f0d7c64c3d, name: Section 2, description: null, status: PUBLISHED, code: S2} @ http://localhost:3000/_next/static/chunks/node_modules_next_dist_0bc8q4g._.js:1233
[   14787ms] [LOG] !!!section {id: f45196f6-e3ac-46ab-a60e-7c6b58d92ec3, name: Section 2, description: null, status: PUBLISHED, code: S2} @ http://localhost:3000/_next/static/chunks/node_modules_next_dist_0bc8q4g._.js:1233
[   14801ms] [LOG] !!!section {id: 5664bef5-8a03-43f7-9fe2-1f5560df38d4, name: Section 2, description: null, status: PUBLISHED, code: S2} @ http://localhost:3000/_next/static/chunks/node_modules_next_dist_0bc8q4g._.js:1233
[   14802ms] [LOG] !!!section {id: 325495e1-910b-4a4d-83e2-b003dd294b85, name: Test Section, description: null, status: PUBLISHED, code: TEST-001} @ http://localhost:3000/_next/static/chunks/node_modules_next_dist_0bc8q4g._.js:1233
[   14805ms] [LOG] !!!section {id: afab77f1-fc64-44cc-98e2-1915399dc1f4, name: Test Section, description: null, status: PUBLISHED, code: TEST-001} @ http://localhost:3000/_next/static/chunks/node_modules_next_dist_0bc8q4g._.js:1233
[   14820ms] [LOG] !!!section {id: cdee8ece-10ee-4f7e-b863-5cbd4ef6de73, name: Japanese 101 - Spring 2026, description: Beginner Japanese conversation course, status: PUBLISHED, code: FQE3UW} @ http://localhost:3000/_next/static/chunks/node_modules_next_dist_0bc8q4g._.js:1233
[   14821ms] [LOG] !!!section {id: 953591de-0167-4311-98bb-99b8204d037b, name: Test Section, description: null, status: PUBLISHED, code: TEST-001} @ http://localhost:3000/_next/static/chunks/node_modules_next_dist_0bc8q4g._.js:1233
[   14837ms] [LOG] !!!section {id: c1be5a84-65ed-4a78-9cd4-b33b25a702b3, name: Test Section, description: null, status: PUBLISHED, code: TEST-001} @ http://localhost:3000/_next/static/chunks/node_modules_next_dist_0bc8q4g._.js:1233
[   14839ms] [LOG] !!!section {id: fab4ea86-7d86-4186-b124-22c0e1188fbe, name: Temporary Section, description: null, status: DRAFT, code: TEMP-001} @ http://localhost:3000/_next/static/chunks/node_modules_next_dist_0bc8q4g._.js:1233
[   14854ms] [LOG] !!!section {id: 272c6fcb-0ed6-4e8c-a66e-96ad9f84afa8, name: Test Section, description: null, status: PUBLISHED, code: TEST-001} @ http://localhost:3000/_next/static/chunks/node_modules_next_dist_0bc8q4g._.js:1233
[   14870ms] [LOG] !!!section {id: 0b1afe2d-5585-4b37-b32f-b7557e38f895, name: Section 2, description: null, status: PUBLISHED, code: S2} @ http://localhost:3000/_next/static/chunks/node_modules_next_dist_0bc8q4g._.js:1233
[   14872ms] [LOG] !!!section {id: 1ad02849-2bc3-41cf-9776-14b68bb96bec, name: Biology 101, description: Intro to Biology, status: PUBLISHED, code: BIO101} @ http://localhost:3000/_next/static/chunks/node_modules_next_dist_0bc8q4g._.js:1233
[   14887ms] [LOG] !!!section {id: 58f0c8e1-6a6d-4962-9a03-b2267d7f1a5e, name: Test Section, description: null, status: PUBLISHED, code: TEST-001} @ http://localhost:3000/_next/static/chunks/node_modules_next_dist_0bc8q4g._.js:1233
[   14889ms] [LOG] !!!section {id: 08e90519-911b-4a10-bacf-2cac91a0c3d1, name: Section 1, description: null, status: PUBLISHED, code: S1} @ http://localhost:3000/_next/static/chunks/node_modules_next_dist_0bc8q4g._.js:1233
[   14903ms] [LOG] !!!section {id: 2fb31ed7-d72c-4517-89f7-a3c99296ade7, name: Test Section, description: null, status: PUBLISHED, code: TEST-001} @ http://localhost:3000/_next/static/chunks/node_modules_next_dist_0bc8q4g._.js:1233
[   14906ms] [LOG] !!!section {id: 4a271b66-8cd6-45d1-a8fc-621a893756b5, name: Test Section, description: null, status: PUBLISHED, code: TEST-001} @ http://localhost:3000/_next/static/chunks/node_modules_next_dist_0bc8q4g._.js:1233
[   14919ms] [LOG] !!!section {id: cdc36b52-eaef-401c-bcb1-9f72c0e176b8, name: Grade Test Section, description: null, status: PUBLISHED, code: GRADE-TEST} @ http://localhost:3000/_next/static/chunks/node_modules_next_dist_0bc8q4g._.js:1233
[   14921ms] [LOG] !!!section {id: 7ab6f9cf-375e-435d-bd2d-66c3eca50250, name: Section 1, description: null, status: PUBLISHED, code: S1} @ http://localhost:3000/_next/static/chunks/node_modules_next_dist_0bc8q4g._.js:1233
[   14934ms] [LOG] !!!section {id: 3b09795f-fa6e-47b2-854f-725efca79cd6, name: Section 2, description: null, status: PUBLISHED, code: S2} @ http://localhost:3000/_next/static/chunks/node_modules_next_dist_0bc8q4g._.js:1233
[   14937ms] [LOG] !!!section {id: 7da11483-c739-4b58-83e8-ba78e5031feb, name: Test Section, description: null, status: PUBLISHED, code: TEST-001} @ http://localhost:3000/_next/static/chunks/node_modules_next_dist_0bc8q4g._.js:1233
[   14953ms] [LOG] !!!section {id: dcc4587b-79f3-477f-b26f-479a094daf43, name: Test Section, description: null, status: PUBLISHED, code: TEST-001} @ http://localhost:3000/_next/static/chunks/node_modules_next_dist_0bc8q4g._.js:1233
[   14956ms] [LOG] !!!section {id: 721ac42d-575d-426f-bde4-aa604647cd9c, name: Test Section, description: null, status: PUBLISHED, code: TEST-001} @ http://localhost:3000/_next/static/chunks/node_modules_next_dist_0bc8q4g._.js:1233
[   14971ms] [LOG] !!!section {id: ce07b087-6fcd-4e1b-8ece-6a9a515e92e3, name: Section 2, description: null, status: PUBLISHED, code: S2} @ http://localhost:3000/_next/static/chunks/node_modules_next_dist_0bc8q4g._.js:1233
[   14986ms] [LOG] !!!section {id: b283d62f-d737-420f-a056-9c58f4479129, name: Original Section Name, description: Original description, status: DRAFT, code: ORIG-001} @ http://localhost:3000/_next/static/chunks/node_modules_next_dist_0bc8q4g._.js:1233
[   14989ms] [LOG] !!!section {id: dfab9461-9053-4a22-94f2-cc948185420e, name: Test Section, description: null, status: PUBLISHED, code: TEST-001} @ http://localhost:3000/_next/static/chunks/node_modules_next_dist_0bc8q4g._.js:1233
[   15003ms] [LOG] !!!section {id: 163c8180-e408-421f-b1de-7fafc01dbb20, name: Test Section, description: null, status: PUBLISHED, code: TEST-001} @ http://localhost:3000/_next/static/chunks/node_modules_next_dist_0bc8q4g._.js:1233
[   15005ms] [LOG] !!!section {id: a5be67ff-933a-45e7-a7fa-2730bdbcd286, name: Test Section, description: null, status: PUBLISHED, code: TEST-001} @ http://localhost:3000/_next/static/chunks/node_modules_next_dist_0bc8q4g._.js:1233
[   15018ms] [LOG] !!!section {id: 31bfc515-2692-49ea-b688-cd1955f53a5c, name: Test Section, description: null, status: PUBLISHED, code: TEST-001} @ http://localhost:3000/_next/static/chunks/node_modules_next_dist_0bc8q4g._.js:1233
[   15037ms] [LOG] !!!section {id: 5ae5a18a-73f8-42d5-8a68-026aab750c41, name: Grade Test Section, description: null, status: PUBLISHED, code: GRADE-TEST} @ http://localhost:3000/_next/static/chunks/node_modules_next_dist_0bc8q4g._.js:1233
[   15039ms] [LOG] !!!section {id: 499fdec3-da8d-4ef4-92d8-291d0cbd2fab, name: Temporary Section, description: null, status: DRAFT, code: TEMP-001} @ http://localhost:3000/_next/static/chunks/node_modules_next_dist_0bc8q4g._.js:1233
[   15052ms] [LOG] !!!section {id: 84427f7a-75f9-474a-b7b1-2839ac657737, name: Original Section Name, description: Original description, status: DRAFT, code: ORIG-001} @ http://localhost:3000/_next/static/chunks/node_modules_next_dist_0bc8q4g._.js:1233
[   15068ms] [LOG] !!!section {id: db7919cc-2bf4-43db-acc9-559aebba73ed, name: Test Section, description: null, status: PUBLISHED, code: TEST-001} @ http://localhost:3000/_next/static/chunks/node_modules_next_dist_0bc8q4g._.js:1233
[   15072ms] [LOG] !!!section {id: 340113f1-94d9-473a-8528-228b8dca613d, name: Original Section Name, description: Original description, status: DRAFT, code: ORIG-001} @ http://localhost:3000/_next/static/chunks/node_modules_next_dist_0bc8q4g._.js:1233
[   15086ms] [LOG] !!!section {id: 36629e2a-d5da-4bf4-85c4-3aa9b27c65c7, name: Biology 101, description: Intro to Biology, status: PUBLISHED, code: BIO101} @ http://localhost:3000/_next/static/chunks/node_modules_next_dist_0bc8q4g._.js:1233
[   15088ms] [LOG] !!!section {id: 6725abf3-d692-40cd-9658-00c68b2f5ba4, name: Test Section, description: null, status: PUBLISHED, code: TEST-001} @ http://localhost:3000/_next/static/chunks/node_modules_next_dist_0bc8q4g._.js:1233
[   15100ms] [LOG] !!!section {id: 76990e7b-682c-44f5-82f5-1de4221deb80, name: Test Section, description: null, status: PUBLISHED, code: TEST-001} @ http://localhost:3000/_next/static/chunks/node_modules_next_dist_0bc8q4g._.js:1233
[   15103ms] [LOG] !!!section {id: fbe39c35-7869-4327-92b8-f250013ca5ec, name: Japanese 101 - Spring 2026, description: Beginner Japanese conversation course, status: PUBLISHED, code: 155E99} @ http://localhost:3000/_next/static/chunks/node_modules_next_dist_0bc8q4g._.js:1233
[   15104ms] [LOG] !!!section {id: 19ec384c-5eb7-4e0e-866b-3337e09d0f9e, name: Grade Test Section, description: null, status: PUBLISHED, code: GRADE-TEST} @ http://localhost:3000/_next/static/chunks/node_modules_next_dist_0bc8q4g._.js:1233
[   15106ms] [LOG] !!!section {id: dd6a79ba-c532-4342-bf2c-796440baadd4, name: Section 2, description: null, status: PUBLISHED, code: S2} @ http://localhost:3000/_next/static/chunks/node_modules_next_dist_0bc8q4g._.js:1233
[   15120ms] [LOG] !!!section {id: e23ab46c-a060-41aa-8e07-a6b4c18cc792, name: Japanese 101 - Spring 2026, description: Beginner Japanese conversation course, status: PUBLISHED, code: MOJKQL} @ http://localhost:3000/_next/static/chunks/node_modules_next_dist_0bc8q4g._.js:1233
[   15123ms] [LOG] !!!section {id: e584b66b-d3a2-4018-a621-040e2c4131c9, name: Test Section, description: null, status: PUBLISHED, code: TEST-001} @ http://localhost:3000/_next/static/chunks/node_modules_next_dist_0bc8q4g._.js:1233
[   15136ms] [LOG] !!!section {id: da00f42c-71b5-44e6-a86e-f56a0d833a5f, name: Test Section, description: null, status: PUBLISHED, code: TEST-001} @ http://localhost:3000/_next/static/chunks/node_modules_next_dist_0bc8q4g._.js:1233
[   15167ms] [LOG] !!!section {id: 4bd499b1-c875-4a07-b7c7-d95bbf5f88e0, name: Biology 101, description: Intro to Biology, status: PUBLISHED, code: BIO101} @ http://localhost:3000/_next/static/chunks/node_modules_next_dist_0bc8q4g._.js:1233
[   15169ms] [LOG] !!!section {id: 863ed865-a2d6-4688-951c-3397eb1e5cd4, name: Test Section, description: null, status: PUBLISHED, code: TEST-001} @ http://localhost:3000/_next/static/chunks/node_modules_next_dist_0bc8q4g._.js:1233
[   15171ms] [LOG] !!!section {id: f5d362dc-7565-45ab-8f8b-30f7da60af74, name: Section 2, description: null, status: PUBLISHED, code: S2} @ http://localhost:3000/_next/static/chunks/node_modules_next_dist_0bc8q4g._.js:1233
[   15172ms] [LOG] !!!section {id: f6ef8547-c14f-4f81-8916-5b3a028131c0, name: Biology 101, description: Intro to Biology, status: PUBLISHED, code: BIO101} @ http://localhost:3000/_next/static/chunks/node_modules_next_dist_0bc8q4g._.js:1233
[   15184ms] [LOG] !!!section {id: 9d18094f-e3b7-4971-8cec-9e4c60ff59ec, name: Test Section, description: null, status: PUBLISHED, code: TEST-001} @ http://localhost:3000/_next/static/chunks/node_modules_next_dist_0bc8q4g._.js:1233
[   15186ms] [LOG] !!!section {id: 2ae9063e-f6a8-469c-9cd0-28cdee36ed26, name: E2E Test Section 1774368275525, description: Comprehensive E2E test section for complete workflow, status: PUBLISHED, code: 6NGKL2} @ http://localhost:3000/_next/static/chunks/node_modules_next_dist_0bc8q4g._.js:1233
[   15187ms] [LOG] [sections.jsx] canViewInstructorDashboard: false isInstructor: false ownedSections.length: 0 @ http://localhost:3000/_next/static/chunks/node_modules_next_dist_0bc8q4g._.js:1233
[   15203ms] [LOG] sections [Object, Object, Object, Object, Object, Object, Object, Object, Object, Object, Object, Object, Object, Object, Object, Object, Object, Object, Object, Object, Object, Object, Object, Object, Object, Object, Object, Object, Object, Object, Object, Object, Object, Object, Object, Object, Object, Object, Object, Object, Object, Object, Object, Object, Object, Object, Object, Object, Object, Object, Object, Object, Object, Object, Object, Object, Object, Object, Object, Object, Object, Object, Object, Object, Object, Object, Object, Object, Object, Object, Object, Object, Object, Object, Object, Object, Object, Object, Object, Object, Object, Object, Object, Object, Object, Object, Object, Object, Object, Object, Object, Object, Object, Object, Object, Object, Object, Object, Object, Object] @ http://localhost:3000/_next/static/chunks/node_modules_next_dist_0bc8q4g._.js:1233
[   15219ms] [LOG] !!!section {id: 485a1ffa-bd40-45ca-96de-f58bc6fc0894, name: Original Section Name, description: Original description, status: DRAFT, code: ORIG-001} @ http://localhost:3000/_next/static/chunks/node_modules_next_dist_0bc8q4g._.js:1233
[   15222ms] [LOG] !!!section {id: a82ad425-66f4-4ae7-ab72-2de04258ddea, name: Grade Test Section, description: null, status: PUBLISHED, code: GRADE-TEST} @ http://localhost:3000/_next/static/chunks/node_modules_next_dist_0bc8q4g._.js:1233
[   15236ms] [LOG] !!!section {id: 26097bd0-b922-4ada-9b21-83db389944fa, name: Biology 101, description: Intro to Biology, status: PUBLISHED, code: BIO101} @ http://localhost:3000/_next/static/chunks/node_modules_next_dist_0bc8q4g._.js:1233
[   15238ms] [LOG] !!!section {id: 6a041ff4-e7ed-47ca-b2bd-0d35b84614b3, name: Test Section, description: null, status: PUBLISHED, code: TEST-001} @ http://localhost:3000/_next/static/chunks/node_modules_next_dist_0bc8q4g._.js:1233
[   15251ms] [LOG] !!!section {id: 674343a8-ce09-4fee-8772-5e9e5d60482c, name: Biology 101, description: Intro to Biology, status: PUBLISHED, code: BIO101} @ http://localhost:3000/_next/static/chunks/node_modules_next_dist_0bc8q4g._.js:1233
[   15253ms] [LOG] !!!section {id: 2a7ae578-0be1-43dd-ba5e-6e224b3b617b, name: Test Section, description: null, status: PUBLISHED, code: TEST-001} @ http://localhost:3000/_next/static/chunks/node_modules_next_dist_0bc8q4g._.js:1233
[   15268ms] [LOG] !!!section {id: f156b5e2-8491-4935-9990-a4dab652241c, name: Original Section Name, description: Original description, status: DRAFT, code: ORIG-001} @ http://localhost:3000/_next/static/chunks/node_modules_next_dist_0bc8q4g._.js:1233
[   15270ms] [LOG] !!!section {id: e002e526-7c0a-4067-abbf-4e53158c61c4, name: Section 2, description: null, status: PUBLISHED, code: S2} @ http://localhost:3000/_next/static/chunks/node_modules_next_dist_0bc8q4g._.js:1233
[   15272ms] [LOG] !!!section {id: b8cb47e8-35ca-44af-a9d7-3587acd0d179, name: Japanese 101 - Spring 2026, description: Beginner Japanese conversation course, status: PUBLISHED, code: 66CE6L} @ http://localhost:3000/_next/static/chunks/node_modules_next_dist_0bc8q4g._.js:1233
[   15285ms] [LOG] !!!section {id: af3e03f0-54df-4df7-8bd7-efb065f3432e, name: Grade Test Section, description: null, status: PUBLISHED, code: GRADE-TEST} @ http://localhost:3000/_next/static/chunks/node_modules_next_dist_0bc8q4g._.js:1233
[   15287ms] [LOG] !!!section {id: edf9e7cf-c21c-45a0-bc50-a8e508ea2815, name: Test Section, description: null, status: PUBLISHED, code: TEST-001} @ http://localhost:3000/_next/static/chunks/node_modules_next_dist_0bc8q4g._.js:1233
[   15289ms] [LOG] !!!section {id: 64def60a-7fa3-475b-8204-22e46b123b29, name: E2E Test Section 1774369286656, description: Comprehensive E2E test section for complete workflow, status: PUBLISHED, code: I4OX3T} @ http://localhost:3000/_next/static/chunks/node_modules_next_dist_0bc8q4g._.js:1233
[   15303ms] [LOG] !!!section {id: aaf5a906-30aa-4c74-b5d5-5feeed95e612, name: Test Section, description: null, status: PUBLISHED, code: TEST-001} @ http://localhost:3000/_next/static/chunks/node_modules_next_dist_0bc8q4g._.js:1233
[   15305ms] [LOG] !!!section {id: 80d216c8-4dc2-4433-92c4-386ca2a20bff, name: Test Section, description: null, status: PUBLISHED, code: TEST-001} @ http://localhost:3000/_next/static/chunks/node_modules_next_dist_0bc8q4g._.js:1233
[   15307ms] [LOG] !!!section {id: 5fb5cef5-e44b-4ec7-8be4-1d6f341dd780, name: Japanese 101 - Spring 2026, description: Beginner Japanese conversation course, status: PUBLISHED, code: FX28Q4} @ http://localhost:3000/_next/static/chunks/node_modules_next_dist_0bc8q4g._.js:1233
[   15319ms] [LOG] !!!section {id: fe9fc83c-99e9-4aa8-b3d9-21c7f351fe0c, name: Test Section, description: null, status: PUBLISHED, code: TEST-001} @ http://localhost:3000/_next/static/chunks/node_modules_next_dist_0bc8q4g._.js:1233
[   15322ms] [LOG] !!!section {id: 3dfb4edd-69ec-405a-8a05-335329e4e583, name: Temporary Section, description: null, status: DRAFT, code: TEMP-001} @ http://localhost:3000/_next/static/chunks/node_modules_next_dist_0bc8q4g._.js:1233
[   15353ms] [LOG] !!!section {id: b7d6cc52-d89b-4238-8ce3-9bf414f3e740, name: Test Section, description: null, status: PUBLISHED, code: TEST-001} @ http://localhost:3000/_next/static/chunks/node_modules_next_dist_0bc8q4g._.js:1233
[   15355ms] [LOG] !!!section {id: 70cb413e-59e0-4eaf-9dae-06bb2ac40a5d, name: Test Section, description: null, status: PUBLISHED, code: TEST-001} @ http://localhost:3000/_next/static/chunks/node_modules_next_dist_0bc8q4g._.js:1233
[   15373ms] [LOG] !!!section {id: 90f3d548-5fd7-41ff-9014-d281ee585be1, name: Section 1, description: null, status: PUBLISHED, code: S1} @ http://localhost:3000/_next/static/chunks/node_modules_next_dist_0bc8q4g._.js:1233
[   15434ms] [LOG] !!!section {id: 108127c7-99e1-4d27-9235-326438a65ff9, name: Test Section, description: null, status: PUBLISHED, code: TEST-001} @ http://localhost:3000/_next/static/chunks/node_modules_next_dist_0bc8q4g._.js:1233
[   15436ms] [LOG] !!!section {id: 4168c41f-9a2a-416d-98fd-c7c56ed3f16d, name: Test Section, description: null, status: PUBLISHED, code: TEST-001} @ http://localhost:3000/_next/static/chunks/node_modules_next_dist_0bc8q4g._.js:1233
[   15438ms] [LOG] !!!section {id: 4b1d5ed4-2c83-4f7e-b33e-7e39f7e8b582, name: Test Section, description: null, status: PUBLISHED, code: TEST-001} @ http://localhost:3000/_next/static/chunks/node_modules_next_dist_0bc8q4g._.js:1233
[   15440ms] [LOG] !!!section {id: 76aede11-b41a-4679-8272-c4b2d813e242, name: Japanese 101 - Spring 2026, description: Beginner Japanese conversation course, status: PUBLISHED, code: 032DY9} @ http://localhost:3000/_next/static/chunks/node_modules_next_dist_0bc8q4g._.js:1233
[   15452ms] [LOG] !!!section {id: 0e3121d1-22dc-4025-86fe-89d879d0f4b8, name: Biology 101, description: Intro to Biology, status: PUBLISHED, code: BIO101} @ http://localhost:3000/_next/static/chunks/node_modules_next_dist_0bc8q4g._.js:1233
[   15454ms] [LOG] !!!section {id: 7cc60b3d-5141-4ccc-885c-0f761d6aadd2, name: Section 2, description: null, status: PUBLISHED, code: S2} @ http://localhost:3000/_next/static/chunks/node_modules_next_dist_0bc8q4g._.js:1233
[   15456ms] [LOG] !!!section {id: 3866b8a5-0967-46bf-b738-16011e0ee5d2, name: Test Section, description: null, status: PUBLISHED, code: TEST-001} @ http://localhost:3000/_next/static/chunks/node_modules_next_dist_0bc8q4g._.js:1233
[   15468ms] [LOG] !!!section {id: 9f5926eb-7622-421e-85b6-f0240478e0b4, name: Test Section, description: null, status: PUBLISHED, code: TEST-001} @ http://localhost:3000/_next/static/chunks/node_modules_next_dist_0bc8q4g._.js:1233
[   15470ms] [LOG] !!!section {id: 8576ea2e-5918-4016-9e8b-880d4060cce1, name: Section 2, description: null, status: PUBLISHED, code: S2} @ http://localhost:3000/_next/static/chunks/node_modules_next_dist_0bc8q4g._.js:1233
[   15472ms] [LOG] !!!section {id: 029af6d7-18c6-4f03-b1ed-f7c9a18e3797, name: Test Section, description: null, status: PUBLISHED, code: TEST-001} @ http://localhost:3000/_next/static/chunks/node_modules_next_dist_0bc8q4g._.js:1233
[   15485ms] [LOG] !!!section {id: c134f150-7cab-4825-984b-4848d2f8daad, name: Test Section, description: null, status: PUBLISHED, code: TEST-001} @ http://localhost:3000/_next/static/chunks/node_modules_next_dist_0bc8q4g._.js:1233
[   15487ms] [LOG] !!!section {id: 92d79627-e95c-4648-aa46-7ec92087f837, name: Test Section, description: null, status: PUBLISHED, code: TEST-001} @ http://localhost:3000/_next/static/chunks/node_modules_next_dist_0bc8q4g._.js:1233
[   15489ms] [LOG] !!!section {id: f48e984a-3ca4-4cec-8ba4-5a2626b51de3, name: Temporary Section, description: null, status: DRAFT, code: TEMP-001} @ http://localhost:3000/_next/static/chunks/node_modules_next_dist_0bc8q4g._.js:1233
[   15502ms] [LOG] !!!section {id: 120aa2f0-ef90-4315-9fde-d772745cfb2c, name: Test Section, description: null, status: PUBLISHED, code: TEST-001} @ http://localhost:3000/_next/static/chunks/node_modules_next_dist_0bc8q4g._.js:1233
[   15504ms] [LOG] !!!section {id: 7474d4eb-d4f8-4630-adf0-0004b7dcf1fe, name: Grade Test Section, description: null, status: PUBLISHED, code: GRADE-TEST} @ http://localhost:3000/_next/static/chunks/node_modules_next_dist_0bc8q4g._.js:1233
[   15505ms] [LOG] !!!section {id: e9615e0d-44fe-4f01-97a8-1f5c1a58f535, name: Japanese 101 - Spring 2026, description: Beginner Japanese conversation course, status: PUBLISHED, code: ZB0WI7} @ http://localhost:3000/_next/static/chunks/node_modules_next_dist_0bc8q4g._.js:1233
[   15507ms] [LOG] !!!section {id: 5d43d353-6ea4-4d1f-bae8-c5240e6acb69, name: Grade Test Section, description: null, status: PUBLISHED, code: GRADE-TEST} @ http://localhost:3000/_next/static/chunks/node_modules_next_dist_0bc8q4g._.js:1233
[   15519ms] [LOG] !!!section {id: db67195f-f706-4160-9b47-b855b4aa29cd, name: Temporary Section, description: null, status: DRAFT, code: TEMP-001} @ http://localhost:3000/_next/static/chunks/node_modules_next_dist_0bc8q4g._.js:1233
[   15521ms] [LOG] !!!section {id: 47656fed-1826-46b7-b3a1-c9ceb78da9a8, name: Test Section, description: null, status: PUBLISHED, code: TEST-001} @ http://localhost:3000/_next/static/chunks/node_modules_next_dist_0bc8q4g._.js:1233
[   15535ms] [LOG] !!!section {id: 1ee29798-548e-4c98-8047-137a247dcb03, name: Test Section, description: null, status: PUBLISHED, code: TEST-001} @ http://localhost:3000/_next/static/chunks/node_modules_next_dist_0bc8q4g._.js:1233
[   15537ms] [LOG] !!!section {id: d8bb7cb1-9864-4008-a79c-6c9fcced077a, name: Section 2, description: null, status: PUBLISHED, code: S2} @ http://localhost:3000/_next/static/chunks/node_modules_next_dist_0bc8q4g._.js:1233
[   15539ms] [LOG] !!!section {id: 598d0820-d1d0-4e3b-8066-f11240ce4370, name: Japanese 101 - Spring 2026, description: Beginner Japanese conversation course, status: PUBLISHED, code: L2SC9C} @ http://localhost:3000/_next/static/chunks/node_modules_next_dist_0bc8q4g._.js:1233
[   15551ms] [LOG] !!!section {id: b3eba183-eb90-4b3f-a9b6-c7368016155c, name: Section 2, description: null, status: PUBLISHED, code: S2} @ http://localhost:3000/_next/static/chunks/node_modules_next_dist_0bc8q4g._.js:1233
[   15553ms] [LOG] !!!section {id: f73b55ab-be3a-4977-90cd-8695fb4bfb57, name: Original Section Name, description: Original description, status: DRAFT, code: ORIG-001} @ http://localhost:3000/_next/static/chunks/node_modules_next_dist_0bc8q4g._.js:1233
[   15556ms] [LOG] !!!section {id: 3d33ac82-7800-4882-8bf5-8a2c0d1dc7cc, name: Original Section Name, description: Original description, status: DRAFT, code: ORIG-001} @ http://localhost:3000/_next/static/chunks/node_modules_next_dist_0bc8q4g._.js:1233
[   15569ms] [LOG] !!!section {id: d0f1083d-3422-4e21-953a-78c781b7da51, name: Test Section, description: null, status: PUBLISHED, code: TEST-001} @ http://localhost:3000/_next/static/chunks/node_modules_next_dist_0bc8q4g._.js:1233
[   15571ms] [LOG] !!!section {id: cd6c83ff-ca21-4447-a4e2-8cb0f81d93db, name: Test Section, description: null, status: PUBLISHED, code: TEST-001} @ http://localhost:3000/_next/static/chunks/node_modules_next_dist_0bc8q4g._.js:1233
[   15573ms] [LOG] !!!section {id: 0fb98bed-1d11-423f-9165-18f219794312, name: Section 2, description: null, status: PUBLISHED, code: S2} @ http://localhost:3000/_next/static/chunks/node_modules_next_dist_0bc8q4g._.js:1233
[   15586ms] [LOG] !!!section {id: 778ce67d-7595-4b23-bb28-41c4233f443c, name: Japanese 101 - Spring 2026, description: Beginner Japanese conversation course, status: PUBLISHED, code: F4DP9P} @ http://localhost:3000/_next/static/chunks/node_modules_next_dist_0bc8q4g._.js:1233
[   15587ms] [LOG] !!!section {id: 40d10d70-5b8e-4f1d-962a-5b4e23bd7e50, name: Test Section, description: null, status: PUBLISHED, code: TEST-001} @ http://localhost:3000/_next/static/chunks/node_modules_next_dist_0bc8q4g._.js:1233
[   15589ms] [LOG] !!!section {id: 8bd49f0d-f626-4b9e-b4f6-85089ef66536, name: Test Section, description: null, status: PUBLISHED, code: TEST-001} @ http://localhost:3000/_next/static/chunks/node_modules_next_dist_0bc8q4g._.js:1233
[   15601ms] [LOG] !!!section {id: 51ad747f-3f3d-457f-8e63-5e572d94cdee, name: E2E Test Section 1774482736434, description: Comprehensive E2E test section for complete workflow, status: PUBLISHED, code: 641S86} @ http://localhost:3000/_next/static/chunks/node_modules_next_dist_0bc8q4g._.js:1233
[   15603ms] [LOG] !!!section {id: ffcf40b1-bec3-4a3b-abd0-b2f0d7c64c3d, name: Section 2, description: null, status: PUBLISHED, code: S2} @ http://localhost:3000/_next/static/chunks/node_modules_next_dist_0bc8q4g._.js:1233
[   15605ms] [LOG] !!!section {id: f45196f6-e3ac-46ab-a60e-7c6b58d92ec3, name: Section 2, description: null, status: PUBLISHED, code: S2} @ http://localhost:3000/_next/static/chunks/node_modules_next_dist_0bc8q4g._.js:1233
[   15607ms] [LOG] !!!section {id: 5664bef5-8a03-43f7-9fe2-1f5560df38d4, name: Section 2, description: null, status: PUBLISHED, code: S2} @ http://localhost:3000/_next/static/chunks/node_modules_next_dist_0bc8q4g._.js:1233
[   15619ms] [LOG] !!!section {id: 325495e1-910b-4a4d-83e2-b003dd294b85, name: Test Section, description: null, status: PUBLISHED, code: TEST-001} @ http://localhost:3000/_next/static/chunks/node_modules_next_dist_0bc8q4g._.js:1233
[   15621ms] [LOG] !!!section {id: afab77f1-fc64-44cc-98e2-1915399dc1f4, name: Test Section, description: null, status: PUBLISHED, code: TEST-001} @ http://localhost:3000/_next/static/chunks/node_modules_next_dist_0bc8q4g._.js:1233
[   15624ms] [LOG] !!!section {id: cdee8ece-10ee-4f7e-b863-5cbd4ef6de73, name: Japanese 101 - Spring 2026, description: Beginner Japanese conversation course, status: PUBLISHED, code: FQE3UW} @ http://localhost:3000/_next/static/chunks/node_modules_next_dist_0bc8q4g._.js:1233
[   15637ms] [LOG] !!!section {id: 953591de-0167-4311-98bb-99b8204d037b, name: Test Section, description: null, status: PUBLISHED, code: TEST-001} @ http://localhost:3000/_next/static/chunks/node_modules_next_dist_0bc8q4g._.js:1233
[   15640ms] [LOG] !!!section {id: c1be5a84-65ed-4a78-9cd4-b33b25a702b3, name: Test Section, description: null, status: PUBLISHED, code: TEST-001} @ http://localhost:3000/_next/static/chunks/node_modules_next_dist_0bc8q4g._.js:1233
[   15653ms] [LOG] !!!section {id: fab4ea86-7d86-4186-b124-22c0e1188fbe, name: Temporary Section, description: null, status: DRAFT, code: TEMP-001} @ http://localhost:3000/_next/static/chunks/node_modules_next_dist_0bc8q4g._.js:1233
[   15656ms] [LOG] !!!section {id: 272c6fcb-0ed6-4e8c-a66e-96ad9f84afa8, name: Test Section, description: null, status: PUBLISHED, code: TEST-001} @ http://localhost:3000/_next/static/chunks/node_modules_next_dist_0bc8q4g._.js:1233
[   15669ms] [LOG] !!!section {id: 0b1afe2d-5585-4b37-b32f-b7557e38f895, name: Section 2, description: null, status: PUBLISHED, code: S2} @ http://localhost:3000/_next/static/chunks/node_modules_next_dist_0bc8q4g._.js:1233
[   15671ms] [LOG] !!!section {id: 1ad02849-2bc3-41cf-9776-14b68bb96bec, name: Biology 101, description: Intro to Biology, status: PUBLISHED, code: BIO101} @ http://localhost:3000/_next/static/chunks/node_modules_next_dist_0bc8q4g._.js:1233
[   15673ms] [LOG] !!!section {id: 58f0c8e1-6a6d-4962-9a03-b2267d7f1a5e, name: Test Section, description: null, status: PUBLISHED, code: TEST-001} @ http://localhost:3000/_next/static/chunks/node_modules_next_dist_0bc8q4g._.js:1233
[   15686ms] [LOG] !!!section {id: 08e90519-911b-4a10-bacf-2cac91a0c3d1, name: Section 1, description: null, status: PUBLISHED, code: S1} @ http://localhost:3000/_next/static/chunks/node_modules_next_dist_0bc8q4g._.js:1233
[   15688ms] [LOG] !!!section {id: 2fb31ed7-d72c-4517-89f7-a3c99296ade7, name: Test Section, description: null, status: PUBLISHED, code: TEST-001} @ http://localhost:3000/_next/static/chunks/node_modules_next_dist_0bc8q4g._.js:1233
[   15690ms] [LOG] !!!section {id: 4a271b66-8cd6-45d1-a8fc-621a893756b5, name: Test Section, description: null, status: PUBLISHED, code: TEST-001} @ http://localhost:3000/_next/static/chunks/node_modules_next_dist_0bc8q4g._.js:1233
[   15719ms] [LOG] !!!section {id: cdc36b52-eaef-401c-bcb1-9f72c0e176b8, name: Grade Test Section, description: null, status: PUBLISHED, code: GRADE-TEST} @ http://localhost:3000/_next/static/chunks/node_modules_next_dist_0bc8q4g._.js:1233
[   15723ms] [LOG] !!!section {id: 7ab6f9cf-375e-435d-bd2d-66c3eca50250, name: Section 1, description: null, status: PUBLISHED, code: S1} @ http://localhost:3000/_next/static/chunks/node_modules_next_dist_0bc8q4g._.js:1233
[   15770ms] [LOG] !!!section {id: 3b09795f-fa6e-47b2-854f-725efca79cd6, name: Section 2, description: null, status: PUBLISHED, code: S2} @ http://localhost:3000/_next/static/chunks/node_modules_next_dist_0bc8q4g._.js:1233
[   15803ms] [LOG] !!!section {id: 7da11483-c739-4b58-83e8-ba78e5031feb, name: Test Section, description: null, status: PUBLISHED, code: TEST-001} @ http://localhost:3000/_next/static/chunks/node_modules_next_dist_0bc8q4g._.js:1233
[   15822ms] [LOG] !!!section {id: dcc4587b-79f3-477f-b26f-479a094daf43, name: Test Section, description: null, status: PUBLISHED, code: TEST-001} @ http://localhost:3000/_next/static/chunks/node_modules_next_dist_0bc8q4g._.js:1233
[   15824ms] [LOG] !!!section {id: 721ac42d-575d-426f-bde4-aa604647cd9c, name: Test Section, description: null, status: PUBLISHED, code: TEST-001} @ http://localhost:3000/_next/static/chunks/node_modules_next_dist_0bc8q4g._.js:1233
[   15837ms] [LOG] !!!section {id: ce07b087-6fcd-4e1b-8ece-6a9a515e92e3, name: Section 2, description: null, status: PUBLISHED, code: S2} @ http://localhost:3000/_next/static/chunks/node_modules_next_dist_0bc8q4g._.js:1233
[   15838ms] [LOG] !!!section {id: b283d62f-d737-420f-a056-9c58f4479129, name: Original Section Name, description: Original description, status: DRAFT, code: ORIG-001} @ http://localhost:3000/_next/static/chunks/node_modules_next_dist_0bc8q4g._.js:1233
[   15839ms] [LOG] !!!section {id: dfab9461-9053-4a22-94f2-cc948185420e, name: Test Section, description: null, status: PUBLISHED, code: TEST-001} @ http://localhost:3000/_next/static/chunks/node_modules_next_dist_0bc8q4g._.js:1233
[   15841ms] [LOG] !!!section {id: 163c8180-e408-421f-b1de-7fafc01dbb20, name: Test Section, description: null, status: PUBLISHED, code: TEST-001} @ http://localhost:3000/_next/static/chunks/node_modules_next_dist_0bc8q4g._.js:1233
[   15853ms] [LOG] !!!section {id: a5be67ff-933a-45e7-a7fa-2730bdbcd286, name: Test Section, description: null, status: PUBLISHED, code: TEST-001} @ http://localhost:3000/_next/static/chunks/node_modules_next_dist_0bc8q4g._.js:1233
[   15855ms] [LOG] !!!section {id: 31bfc515-2692-49ea-b688-cd1955f53a5c, name: Test Section, description: null, status: PUBLISHED, code: TEST-001} @ http://localhost:3000/_next/static/chunks/node_modules_next_dist_0bc8q4g._.js:1233
[   15857ms] [LOG] !!!section {id: 5ae5a18a-73f8-42d5-8a68-026aab750c41, name: Grade Test Section, description: null, status: PUBLISHED, code: GRADE-TEST} @ http://localhost:3000/_next/static/chunks/node_modules_next_dist_0bc8q4g._.js:1233
[   15858ms] [LOG] !!!section {id: 499fdec3-da8d-4ef4-92d8-291d0cbd2fab, name: Temporary Section, description: null, status: DRAFT, code: TEMP-001} @ http://localhost:3000/_next/static/chunks/node_modules_next_dist_0bc8q4g._.js:1233
[   15870ms] [LOG] !!!section {id: 84427f7a-75f9-474a-b7b1-2839ac657737, name: Original Section Name, description: Original description, status: DRAFT, code: ORIG-001} @ http://localhost:3000/_next/static/chunks/node_modules_next_dist_0bc8q4g._.js:1233
[   15871ms] [LOG] !!!section {id: db7919cc-2bf4-43db-acc9-559aebba73ed, name: Test Section, description: null, status: PUBLISHED, code: TEST-001} @ http://localhost:3000/_next/static/chunks/node_modules_next_dist_0bc8q4g._.js:1233
[   15873ms] [LOG] !!!section {id: 340113f1-94d9-473a-8528-228b8dca613d, name: Original Section Name, description: Original description, status: DRAFT, code: ORIG-001} @ http://localhost:3000/_next/static/chunks/node_modules_next_dist_0bc8q4g._.js:1233
[   15886ms] [LOG] !!!section {id: 36629e2a-d5da-4bf4-85c4-3aa9b27c65c7, name: Biology 101, description: Intro to Biology, status: PUBLISHED, code: BIO101} @ http://localhost:3000/_next/static/chunks/node_modules_next_dist_0bc8q4g._.js:1233
[   15888ms] [LOG] !!!section {id: 6725abf3-d692-40cd-9658-00c68b2f5ba4, name: Test Section, description: null, status: PUBLISHED, code: TEST-001} @ http://localhost:3000/_next/static/chunks/node_modules_next_dist_0bc8q4g._.js:1233
[   15889ms] [LOG] !!!section {id: 76990e7b-682c-44f5-82f5-1de4221deb80, name: Test Section, description: null, status: PUBLISHED, code: TEST-001} @ http://localhost:3000/_next/static/chunks/node_modules_next_dist_0bc8q4g._.js:1233
[   15891ms] [LOG] !!!section {id: fbe39c35-7869-4327-92b8-f250013ca5ec, name: Japanese 101 - Spring 2026, description: Beginner Japanese conversation course, status: PUBLISHED, code: 155E99} @ http://localhost:3000/_next/static/chunks/node_modules_next_dist_0bc8q4g._.js:1233
[   15904ms] [LOG] !!!section {id: 19ec384c-5eb7-4e0e-866b-3337e09d0f9e, name: Grade Test Section, description: null, status: PUBLISHED, code: GRADE-TEST} @ http://localhost:3000/_next/static/chunks/node_modules_next_dist_0bc8q4g._.js:1233
[   15906ms] [LOG] !!!section {id: dd6a79ba-c532-4342-bf2c-796440baadd4, name: Section 2, description: null, status: PUBLISHED, code: S2} @ http://localhost:3000/_next/static/chunks/node_modules_next_dist_0bc8q4g._.js:1233
[   15920ms] [LOG] !!!section {id: e23ab46c-a060-41aa-8e07-a6b4c18cc792, name: Japanese 101 - Spring 2026, description: Beginner Japanese conversation course, status: PUBLISHED, code: MOJKQL} @ http://localhost:3000/_next/static/chunks/node_modules_next_dist_0bc8q4g._.js:1233
[   15922ms] [LOG] !!!section {id: e584b66b-d3a2-4018-a621-040e2c4131c9, name: Test Section, description: null, status: PUBLISHED, code: TEST-001} @ http://localhost:3000/_next/static/chunks/node_modules_next_dist_0bc8q4g._.js:1233
[   15924ms] [LOG] !!!section {id: da00f42c-71b5-44e6-a86e-f56a0d833a5f, name: Test Section, description: null, status: PUBLISHED, code: TEST-001} @ http://localhost:3000/_next/static/chunks/node_modules_next_dist_0bc8q4g._.js:1233
[   15937ms] [LOG] !!!section {id: 4bd499b1-c875-4a07-b7c7-d95bbf5f88e0, name: Biology 101, description: Intro to Biology, status: PUBLISHED, code: BIO101} @ http://localhost:3000/_next/static/chunks/node_modules_next_dist_0bc8q4g._.js:1233
[   15939ms] [LOG] !!!section {id: 863ed865-a2d6-4688-951c-3397eb1e5cd4, name: Test Section, description: null, status: PUBLISHED, code: TEST-001} @ http://localhost:3000/_next/static/chunks/node_modules_next_dist_0bc8q4g._.js:1233
[   15953ms] [LOG] !!!section {id: f5d362dc-7565-45ab-8f8b-30f7da60af74, name: Section 2, description: null, status: PUBLISHED, code: S2} @ http://localhost:3000/_next/static/chunks/node_modules_next_dist_0bc8q4g._.js:1233
[   15955ms] [LOG] !!!section {id: f6ef8547-c14f-4f81-8916-5b3a028131c0, name: Biology 101, description: Intro to Biology, status: PUBLISHED, code: BIO101} @ http://localhost:3000/_next/static/chunks/node_modules_next_dist_0bc8q4g._.js:1233
[   15957ms] [LOG] !!!section {id: 9d18094f-e3b7-4971-8cec-9e4c60ff59ec, name: Test Section, description: null, status: PUBLISHED, code: TEST-001} @ http://localhost:3000/_next/static/chunks/node_modules_next_dist_0bc8q4g._.js:1233
[   15990ms] [LOG] !!!section {id: 2ae9063e-f6a8-469c-9cd0-28cdee36ed26, name: E2E Test Section 1774368275525, description: Comprehensive E2E test section for complete workflow, status: PUBLISHED, code: 6NGKL2} @ http://localhost:3000/_next/static/chunks/node_modules_next_dist_0bc8q4g._.js:1233
